[2026-09-25T16:15:48.895+0000] {processor.py:186} INFO - Started process (PID=109) to work on /home/airflow/.local/lib/python3.12/site-packages/airflow/example_dags/example_trigger_controller_dag.py
[2026-09-25T16:15:49.080+0000] {processor.py:914} INFO - Processing file /home/airflow/.local/lib/python3.12/site-packages/airflow/example_dags/example_trigger_controller_dag.py for tasks to queue
[2026-09-25T16:15:49.706+0000] {logging_mixin.py:190} INFO - [2026-09-25T16:15:49.702+0000] {dagbag.py:588} INFO - Filling up the DagBag from /home/airflow/.local/lib/python3.12/site-packages/airflow/example_dags/example_trigger_controller_dag.py
[2026-09-25T16:15:49.899+0000] {processor.py:925} INFO - DAG(s) 'example_trigger_controller_dag' retrieved from /home/airflow/.local/lib/python3.12/site-packages/airflow/example_dags/example_trigger_controller_dag.py
[2026-09-25T16:15:50.174+0000] {logging_mixin.py:190} INFO - [2026-09-25T16:15:50.148+0000] {dag.py:3239} INFO - Sync 1 DAGs
[2026-09-25T16:15:50.556+0000] {logging_mixin.py:190} INFO - [2026-09-25T16:15:50.541+0000] {dag.py:4180} INFO - Setting next_dagrun for example_trigger_controller_dag to 2021-01-01 00:00:00+00:00, run_after=2021-01-01 00:00:00+00:00
[2026-09-25T16:15:51.005+0000] {processor.py:208} INFO - Processing /home/airflow/.local/lib/python3.12/site-packages/airflow/example_dags/example_trigger_controller_dag.py took 2.277 seconds
[2026-09-25T16:18:34.960+0000] {processor.py:186} INFO - Started process (PID=202) to work on /home/airflow/.local/lib/python3.12/site-packages/airflow/example_dags/example_trigger_controller_dag.py
[2026-09-25T16:18:35.026+0000] {processor.py:914} INFO - Processing file /home/airflow/.local/lib/python3.12/site-packages/airflow/example_dags/example_trigger_controller_dag.py for tasks to queue
[2026-09-25T16:18:35.614+0000] {logging_mixin.py:190} INFO - [2026-09-25T16:18:35.613+0000] {dagbag.py:588} INFO - Filling up the DagBag from /home/airflow/.local/lib/python3.12/site-packages/airflow/example_dags/example_trigger_controller_dag.py
[2026-09-25T16:18:36.023+0000] {processor.py:925} INFO - DAG(s) 'example_trigger_controller_dag' retrieved from /home/airflow/.local/lib/python3.12/site-packages/airflow/example_dags/example_trigger_controller_dag.py
[2026-09-25T16:18:37.078+0000] {logging_mixin.py:190} INFO - [2026-09-25T16:18:37.077+0000] {dag.py:3239} INFO - Sync 1 DAGs
[2026-09-25T16:18:37.702+0000] {logging_mixin.py:190} INFO - [2026-09-25T16:18:37.697+0000] {dag.py:4180} INFO - Setting next_dagrun for example_trigger_controller_dag to 2021-01-01 00:00:00+00:00, run_after=2021-01-01 00:00:00+00:00
[2026-09-25T16:18:38.028+0000] {processor.py:208} INFO - Processing /home/airflow/.local/lib/python3.12/site-packages/airflow/example_dags/example_trigger_controller_dag.py took 3.170 seconds
[2026-09-25T16:19:47.547+0000] {processor.py:186} INFO - Started process (PID=259) to work on /home/airflow/.local/lib/python3.12/site-packages/airflow/example_dags/example_trigger_controller_dag.py
[2026-09-25T16:19:47.635+0000] {processor.py:914} INFO - Processing file /home/airflow/.local/lib/python3.12/site-packages/airflow/example_dags/example_trigger_controller_dag.py for tasks to queue
[2026-09-25T16:19:47.692+0000] {logging_mixin.py:190} INFO - [2026-09-25T16:19:47.691+0000] {dagbag.py:588} INFO - Filling up the DagBag from /home/airflow/.local/lib/python3.12/site-packages/airflow/example_dags/example_trigger_controller_dag.py
[2026-09-25T16:19:47.762+0000] {processor.py:925} INFO - DAG(s) 'example_trigger_controller_dag' retrieved from /home/airflow/.local/lib/python3.12/site-packages/airflow/example_dags/example_trigger_controller_dag.py
[2026-09-25T16:19:48.276+0000] {logging_mixin.py:190} INFO - [2026-09-25T16:19:48.275+0000] {dag.py:3239} INFO - Sync 1 DAGs
[2026-09-25T16:19:49.491+0000] {logging_mixin.py:190} INFO - [2026-09-25T16:19:49.490+0000] {dag.py:4180} INFO - Setting next_dagrun for example_trigger_controller_dag to 2021-01-01 00:00:00+00:00, run_after=2021-01-01 00:00:00+00:00
[2026-09-25T16:19:50.417+0000] {processor.py:208} INFO - Processing /home/airflow/.local/lib/python3.12/site-packages/airflow/example_dags/example_trigger_controller_dag.py took 2.889 seconds
[2026-09-25T16:21:28.538+0000] {processor.py:186} INFO - Started process (PID=361) to work on /home/airflow/.local/lib/python3.12/site-packages/airflow/example_dags/example_trigger_controller_dag.py
[2026-09-25T16:21:28.541+0000] {processor.py:914} INFO - Processing file /home/airflow/.local/lib/python3.12/site-packages/airflow/example_dags/example_trigger_controller_dag.py for tasks to queue
[2026-09-25T16:21:28.555+0000] {logging_mixin.py:190} INFO - [2026-09-25T16:21:28.554+0000] {dagbag.py:588} INFO - Filling up the DagBag from /home/airflow/.local/lib/python3.12/site-packages/airflow/example_dags/example_trigger_controller_dag.py
[2026-09-25T16:21:28.604+0000] {processor.py:925} INFO - DAG(s) 'example_trigger_controller_dag' retrieved from /home/airflow/.local/lib/python3.12/site-packages/airflow/example_dags/example_trigger_controller_dag.py
[2026-09-25T16:21:28.767+0000] {logging_mixin.py:190} INFO - [2026-09-25T16:21:28.764+0000] {dag.py:3239} INFO - Sync 1 DAGs
[2026-09-25T16:21:29.122+0000] {logging_mixin.py:190} INFO - [2026-09-25T16:21:29.118+0000] {dag.py:4180} INFO - Setting next_dagrun for example_trigger_controller_dag to 2021-01-01 00:00:00+00:00, run_after=2021-01-01 00:00:00+00:00
[2026-09-25T16:21:29.348+0000] {processor.py:208} INFO - Processing /home/airflow/.local/lib/python3.12/site-packages/airflow/example_dags/example_trigger_controller_dag.py took 0.866 seconds
[2026-09-25T16:22:36.581+0000] {processor.py:186} INFO - Started process (PID=434) to work on /home/airflow/.local/lib/python3.12/site-packages/airflow/example_dags/example_trigger_controller_dag.py
[2026-09-25T16:22:36.588+0000] {processor.py:914} INFO - Processing file /home/airflow/.local/lib/python3.12/site-packages/airflow/example_dags/example_trigger_controller_dag.py for tasks to queue
[2026-09-25T16:22:36.610+0000] {logging_mixin.py:190} INFO - [2026-09-25T16:22:36.610+0000] {dagbag.py:588} INFO - Filling up the DagBag from /home/airflow/.local/lib/python3.12/site-packages/airflow/example_dags/example_trigger_controller_dag.py
[2026-09-25T16:22:36.653+0000] {processor.py:925} INFO - DAG(s) 'example_trigger_controller_dag' retrieved from /home/airflow/.local/lib/python3.12/site-packages/airflow/example_dags/example_trigger_controller_dag.py
[2026-09-25T16:22:36.837+0000] {logging_mixin.py:190} INFO - [2026-09-25T16:22:36.837+0000] {dag.py:3239} INFO - Sync 1 DAGs
[2026-09-25T16:22:37.133+0000] {logging_mixin.py:190} INFO - [2026-09-25T16:22:37.133+0000] {dag.py:4180} INFO - Setting next_dagrun for example_trigger_controller_dag to 2021-01-01 00:00:00+00:00, run_after=2021-01-01 00:00:00+00:00
[2026-09-25T16:22:37.275+0000] {processor.py:208} INFO - Processing /home/airflow/.local/lib/python3.12/site-packages/airflow/example_dags/example_trigger_controller_dag.py took 0.736 seconds
[2026-09-25T16:23:13.225+0000] {processor.py:186} INFO - Started process (PID=498) to work on /home/airflow/.local/lib/python3.12/site-packages/airflow/example_dags/example_trigger_controller_dag.py
[2026-09-25T16:23:13.229+0000] {processor.py:914} INFO - Processing file /home/airflow/.local/lib/python3.12/site-packages/airflow/example_dags/example_trigger_controller_dag.py for tasks to queue
[2026-09-25T16:23:13.240+0000] {logging_mixin.py:190} INFO - [2026-09-25T16:23:13.239+0000] {dagbag.py:588} INFO - Filling up the DagBag from /home/airflow/.local/lib/python3.12/site-packages/airflow/example_dags/example_trigger_controller_dag.py
[2026-09-25T16:23:13.262+0000] {processor.py:925} INFO - DAG(s) 'example_trigger_controller_dag' retrieved from /home/airflow/.local/lib/python3.12/site-packages/airflow/example_dags/example_trigger_controller_dag.py
[2026-09-25T16:23:13.317+0000] {logging_mixin.py:190} INFO - [2026-09-25T16:23:13.317+0000] {dag.py:3239} INFO - Sync 1 DAGs
[2026-09-25T16:23:13.381+0000] {logging_mixin.py:190} INFO - [2026-09-25T16:23:13.381+0000] {dag.py:4180} INFO - Setting next_dagrun for example_trigger_controller_dag to 2021-01-01 00:00:00+00:00, run_after=2021-01-01 00:00:00+00:00
[2026-09-25T16:23:13.429+0000] {processor.py:208} INFO - Processing /home/airflow/.local/lib/python3.12/site-packages/airflow/example_dags/example_trigger_controller_dag.py took 0.238 seconds
[2026-09-25T16:23:54.063+0000] {processor.py:186} INFO - Started process (PID=561) to work on /home/airflow/.local/lib/python3.12/site-packages/airflow/example_dags/example_trigger_controller_dag.py
[2026-09-25T16:23:54.065+0000] {processor.py:914} INFO - Processing file /home/airflow/.local/lib/python3.12/site-packages/airflow/example_dags/example_trigger_controller_dag.py for tasks to queue
[2026-09-25T16:23:54.096+0000] {logging_mixin.py:190} INFO - [2026-09-25T16:23:54.094+0000] {dagbag.py:588} INFO - Filling up the DagBag from /home/airflow/.local/lib/python3.12/site-packages/airflow/example_dags/example_trigger_controller_dag.py
[2026-09-25T16:23:54.174+0000] {processor.py:925} INFO - DAG(s) 'example_trigger_controller_dag' retrieved from /home/airflow/.local/lib/python3.12/site-packages/airflow/example_dags/example_trigger_controller_dag.py
[2026-09-25T16:23:54.265+0000] {logging_mixin.py:190} INFO - [2026-09-25T16:23:54.247+0000] {dag.py:3239} INFO - Sync 1 DAGs
[2026-09-25T16:23:54.362+0000] {logging_mixin.py:190} INFO - [2026-09-25T16:23:54.344+0000] {dag.py:4180} INFO - Setting next_dagrun for example_trigger_controller_dag to 2021-01-01 00:00:00+00:00, run_after=2021-01-01 00:00:00+00:00
[2026-09-25T16:23:54.420+0000] {processor.py:208} INFO - Processing /home/airflow/.local/lib/python3.12/site-packages/airflow/example_dags/example_trigger_controller_dag.py took 0.381 seconds
[2026-09-25T16:24:24.871+0000] {processor.py:186} INFO - Started process (PID=624) to work on /home/airflow/.local/lib/python3.12/site-packages/airflow/example_dags/example_trigger_controller_dag.py
[2026-09-25T16:24:24.873+0000] {processor.py:914} INFO - Processing file /home/airflow/.local/lib/python3.12/site-packages/airflow/example_dags/example_trigger_controller_dag.py for tasks to queue
[2026-09-25T16:24:24.881+0000] {logging_mixin.py:190} INFO - [2026-09-25T16:24:24.881+0000] {dagbag.py:588} INFO - Filling up the DagBag from /home/airflow/.local/lib/python3.12/site-packages/airflow/example_dags/example_trigger_controller_dag.py
[2026-09-25T16:24:24.901+0000] {processor.py:925} INFO - DAG(s) 'example_trigger_controller_dag' retrieved from /home/airflow/.local/lib/python3.12/site-packages/airflow/example_dags/example_trigger_controller_dag.py
[2026-09-25T16:24:24.962+0000] {logging_mixin.py:190} INFO - [2026-09-25T16:24:24.961+0000] {dag.py:3239} INFO - Sync 1 DAGs
[2026-09-25T16:24:25.066+0000] {logging_mixin.py:190} INFO - [2026-09-25T16:24:25.065+0000] {dag.py:4180} INFO - Setting next_dagrun for example_trigger_controller_dag to 2021-01-01 00:00:00+00:00, run_after=2021-01-01 00:00:00+00:00
[2026-09-25T16:24:25.149+0000] {processor.py:208} INFO - Processing /home/airflow/.local/lib/python3.12/site-packages/airflow/example_dags/example_trigger_controller_dag.py took 0.295 seconds
[2026-09-25T16:25:11.735+0000] {processor.py:186} INFO - Started process (PID=685) to work on /home/airflow/.local/lib/python3.12/site-packages/airflow/example_dags/example_trigger_controller_dag.py
[2026-09-25T16:25:11.738+0000] {processor.py:914} INFO - Processing file /home/airflow/.local/lib/python3.12/site-packages/airflow/example_dags/example_trigger_controller_dag.py for tasks to queue
[2026-09-25T16:25:11.749+0000] {logging_mixin.py:190} INFO - [2026-09-25T16:25:11.748+0000] {dagbag.py:588} INFO - Filling up the DagBag from /home/airflow/.local/lib/python3.12/site-packages/airflow/example_dags/example_trigger_controller_dag.py
[2026-09-25T16:25:11.775+0000] {processor.py:925} INFO - DAG(s) 'example_trigger_controller_dag' retrieved from /home/airflow/.local/lib/python3.12/site-packages/airflow/example_dags/example_trigger_controller_dag.py
[2026-09-25T16:25:11.871+0000] {logging_mixin.py:190} INFO - [2026-09-25T16:25:11.870+0000] {dag.py:3239} INFO - Sync 1 DAGs
[2026-09-25T16:25:12.009+0000] {logging_mixin.py:190} INFO - [2026-09-25T16:25:12.002+0000] {dag.py:4180} INFO - Setting next_dagrun for example_trigger_controller_dag to 2021-01-01 00:00:00+00:00, run_after=2021-01-01 00:00:00+00:00
[2026-09-25T16:25:12.142+0000] {processor.py:208} INFO - Processing /home/airflow/.local/lib/python3.12/site-packages/airflow/example_dags/example_trigger_controller_dag.py took 0.426 seconds
[2026-09-25T16:25:52.406+0000] {processor.py:186} INFO - Started process (PID=747) to work on /home/airflow/.local/lib/python3.12/site-packages/airflow/example_dags/example_trigger_controller_dag.py
[2026-09-25T16:25:52.409+0000] {processor.py:914} INFO - Processing file /home/airflow/.local/lib/python3.12/site-packages/airflow/example_dags/example_trigger_controller_dag.py for tasks to queue
[2026-09-25T16:25:52.421+0000] {logging_mixin.py:190} INFO - [2026-09-25T16:25:52.420+0000] {dagbag.py:588} INFO - Filling up the DagBag from /home/airflow/.local/lib/python3.12/site-packages/airflow/example_dags/example_trigger_controller_dag.py
[2026-09-25T16:25:52.445+0000] {processor.py:925} INFO - DAG(s) 'example_trigger_controller_dag' retrieved from /home/airflow/.local/lib/python3.12/site-packages/airflow/example_dags/example_trigger_controller_dag.py
[2026-09-25T16:25:52.591+0000] {logging_mixin.py:190} INFO - [2026-09-25T16:25:52.590+0000] {dag.py:3239} INFO - Sync 1 DAGs
[2026-09-25T16:25:52.735+0000] {logging_mixin.py:190} INFO - [2026-09-25T16:25:52.734+0000] {dag.py:4180} INFO - Setting next_dagrun for example_trigger_controller_dag to 2021-01-01 00:00:00+00:00, run_after=2021-01-01 00:00:00+00:00
[2026-09-25T16:25:52.787+0000] {processor.py:208} INFO - Processing /home/airflow/.local/lib/python3.12/site-packages/airflow/example_dags/example_trigger_controller_dag.py took 0.402 seconds
[2026-09-25T16:26:23.078+0000] {processor.py:186} INFO - Started process (PID=809) to work on /home/airflow/.local/lib/python3.12/site-packages/airflow/example_dags/example_trigger_controller_dag.py
[2026-09-25T16:26:23.080+0000] {processor.py:914} INFO - Processing file /home/airflow/.local/lib/python3.12/site-packages/airflow/example_dags/example_trigger_controller_dag.py for tasks to queue
[2026-09-25T16:26:23.086+0000] {logging_mixin.py:190} INFO - [2026-09-25T16:26:23.085+0000] {dagbag.py:588} INFO - Filling up the DagBag from /home/airflow/.local/lib/python3.12/site-packages/airflow/example_dags/example_trigger_controller_dag.py
[2026-09-25T16:26:23.110+0000] {processor.py:925} INFO - DAG(s) 'example_trigger_controller_dag' retrieved from /home/airflow/.local/lib/python3.12/site-packages/airflow/example_dags/example_trigger_controller_dag.py
[2026-09-25T16:26:23.153+0000] {logging_mixin.py:190} INFO - [2026-09-25T16:26:23.153+0000] {dag.py:3239} INFO - Sync 1 DAGs
[2026-09-25T16:26:23.206+0000] {logging_mixin.py:190} INFO - [2026-09-25T16:26:23.206+0000] {dag.py:4180} INFO - Setting next_dagrun for example_trigger_controller_dag to 2021-01-01 00:00:00+00:00, run_after=2021-01-01 00:00:00+00:00
[2026-09-25T16:26:23.241+0000] {processor.py:208} INFO - Processing /home/airflow/.local/lib/python3.12/site-packages/airflow/example_dags/example_trigger_controller_dag.py took 0.180 seconds
[2026-09-25T16:27:00.411+0000] {processor.py:186} INFO - Started process (PID=874) to work on /home/airflow/.local/lib/python3.12/site-packages/airflow/example_dags/example_trigger_controller_dag.py
[2026-09-25T16:27:00.418+0000] {processor.py:914} INFO - Processing file /home/airflow/.local/lib/python3.12/site-packages/airflow/example_dags/example_trigger_controller_dag.py for tasks to queue
[2026-09-25T16:27:00.428+0000] {logging_mixin.py:190} INFO - [2026-09-25T16:27:00.427+0000] {dagbag.py:588} INFO - Filling up the DagBag from /home/airflow/.local/lib/python3.12/site-packages/airflow/example_dags/example_trigger_controller_dag.py
[2026-09-25T16:27:00.470+0000] {processor.py:925} INFO - DAG(s) 'example_trigger_controller_dag' retrieved from /home/airflow/.local/lib/python3.12/site-packages/airflow/example_dags/example_trigger_controller_dag.py
[2026-09-25T16:27:00.542+0000] {logging_mixin.py:190} INFO - [2026-09-25T16:27:00.541+0000] {dag.py:3239} INFO - Sync 1 DAGs
[2026-09-25T16:27:00.613+0000] {logging_mixin.py:190} INFO - [2026-09-25T16:27:00.613+0000] {dag.py:4180} INFO - Setting next_dagrun for example_trigger_controller_dag to 2021-01-01 00:00:00+00:00, run_after=2021-01-01 00:00:00+00:00
[2026-09-25T16:27:00.664+0000] {processor.py:208} INFO - Processing /home/airflow/.local/lib/python3.12/site-packages/airflow/example_dags/example_trigger_controller_dag.py took 0.270 seconds
[2026-09-25T16:27:32.676+0000] {processor.py:186} INFO - Started process (PID=935) to work on /home/airflow/.local/lib/python3.12/site-packages/airflow/example_dags/example_trigger_controller_dag.py
[2026-09-25T16:27:32.682+0000] {processor.py:914} INFO - Processing file /home/airflow/.local/lib/python3.12/site-packages/airflow/example_dags/example_trigger_controller_dag.py for tasks to queue
[2026-09-25T16:27:32.688+0000] {logging_mixin.py:190} INFO - [2026-09-25T16:27:32.687+0000] {dagbag.py:588} INFO - Filling up the DagBag from /home/airflow/.local/lib/python3.12/site-packages/airflow/example_dags/example_trigger_controller_dag.py
[2026-09-25T16:27:32.725+0000] {processor.py:925} INFO - DAG(s) 'example_trigger_controller_dag' retrieved from /home/airflow/.local/lib/python3.12/site-packages/airflow/example_dags/example_trigger_controller_dag.py
[2026-09-25T16:27:32.776+0000] {logging_mixin.py:190} INFO - [2026-09-25T16:27:32.776+0000] {dag.py:3239} INFO - Sync 1 DAGs
[2026-09-25T16:27:32.947+0000] {logging_mixin.py:190} INFO - [2026-09-25T16:27:32.946+0000] {dag.py:4180} INFO - Setting next_dagrun for example_trigger_controller_dag to 2021-01-01 00:00:00+00:00, run_after=2021-01-01 00:00:00+00:00
[2026-09-25T16:27:33.115+0000] {processor.py:208} INFO - Processing /home/airflow/.local/lib/python3.12/site-packages/airflow/example_dags/example_trigger_controller_dag.py took 0.473 seconds
[2026-09-25T16:28:26.549+0000] {processor.py:186} INFO - Started process (PID=1003) to work on /home/airflow/.local/lib/python3.12/site-packages/airflow/example_dags/example_trigger_controller_dag.py
[2026-09-25T16:28:26.566+0000] {processor.py:914} INFO - Processing file /home/airflow/.local/lib/python3.12/site-packages/airflow/example_dags/example_trigger_controller_dag.py for tasks to queue
[2026-09-25T16:28:26.586+0000] {logging_mixin.py:190} INFO - [2026-09-25T16:28:26.585+0000] {dagbag.py:588} INFO - Filling up the DagBag from /home/airflow/.local/lib/python3.12/site-packages/airflow/example_dags/example_trigger_controller_dag.py
[2026-09-25T16:28:26.631+0000] {processor.py:925} INFO - DAG(s) 'example_trigger_controller_dag' retrieved from /home/airflow/.local/lib/python3.12/site-packages/airflow/example_dags/example_trigger_controller_dag.py
[2026-09-25T16:28:26.689+0000] {logging_mixin.py:190} INFO - [2026-09-25T16:28:26.688+0000] {dag.py:3239} INFO - Sync 1 DAGs
[2026-09-25T16:28:26.771+0000] {logging_mixin.py:190} INFO - [2026-09-25T16:28:26.771+0000] {dag.py:4180} INFO - Setting next_dagrun for example_trigger_controller_dag to 2021-01-01 00:00:00+00:00, run_after=2021-01-01 00:00:00+00:00
[2026-09-25T16:28:26.851+0000] {processor.py:208} INFO - Processing /home/airflow/.local/lib/python3.12/site-packages/airflow/example_dags/example_trigger_controller_dag.py took 0.374 seconds
[2026-09-25T16:29:09.271+0000] {processor.py:186} INFO - Started process (PID=1069) to work on /home/airflow/.local/lib/python3.12/site-packages/airflow/example_dags/example_trigger_controller_dag.py
[2026-09-25T16:29:09.276+0000] {processor.py:914} INFO - Processing file /home/airflow/.local/lib/python3.12/site-packages/airflow/example_dags/example_trigger_controller_dag.py for tasks to queue
[2026-09-25T16:29:09.286+0000] {logging_mixin.py:190} INFO - [2026-09-25T16:29:09.285+0000] {dagbag.py:588} INFO - Filling up the DagBag from /home/airflow/.local/lib/python3.12/site-packages/airflow/example_dags/example_trigger_controller_dag.py
[2026-09-25T16:29:09.320+0000] {processor.py:925} INFO - DAG(s) 'example_trigger_controller_dag' retrieved from /home/airflow/.local/lib/python3.12/site-packages/airflow/example_dags/example_trigger_controller_dag.py
[2026-09-25T16:29:09.470+0000] {logging_mixin.py:190} INFO - [2026-09-25T16:29:09.470+0000] {dag.py:3239} INFO - Sync 1 DAGs
[2026-09-25T16:29:09.670+0000] {logging_mixin.py:190} INFO - [2026-09-25T16:29:09.669+0000] {dag.py:4180} INFO - Setting next_dagrun for example_trigger_controller_dag to 2021-01-01 00:00:00+00:00, run_after=2021-01-01 00:00:00+00:00
[2026-09-25T16:29:09.740+0000] {processor.py:208} INFO - Processing /home/airflow/.local/lib/python3.12/site-packages/airflow/example_dags/example_trigger_controller_dag.py took 0.504 seconds
[2026-09-25T16:43:44.994+0000] {processor.py:186} INFO - Started process (PID=90) to work on /home/airflow/.local/lib/python3.12/site-packages/airflow/example_dags/example_trigger_controller_dag.py
[2026-09-25T16:43:45.106+0000] {processor.py:914} INFO - Processing file /home/airflow/.local/lib/python3.12/site-packages/airflow/example_dags/example_trigger_controller_dag.py for tasks to queue
[2026-09-25T16:43:45.130+0000] {logging_mixin.py:190} INFO - [2026-09-25T16:43:45.129+0000] {dagbag.py:588} INFO - Filling up the DagBag from /home/airflow/.local/lib/python3.12/site-packages/airflow/example_dags/example_trigger_controller_dag.py
[2026-09-25T16:43:45.157+0000] {processor.py:925} INFO - DAG(s) 'example_trigger_controller_dag' retrieved from /home/airflow/.local/lib/python3.12/site-packages/airflow/example_dags/example_trigger_controller_dag.py
[2026-09-25T16:43:45.266+0000] {logging_mixin.py:190} INFO - [2026-09-25T16:43:45.265+0000] {dag.py:3239} INFO - Sync 1 DAGs
[2026-09-25T16:43:45.346+0000] {logging_mixin.py:190} INFO - [2026-09-25T16:43:45.345+0000] {dag.py:4180} INFO - Setting next_dagrun for example_trigger_controller_dag to 2021-01-01 00:00:00+00:00, run_after=2021-01-01 00:00:00+00:00
[2026-09-25T16:43:45.446+0000] {processor.py:208} INFO - Processing /home/airflow/.local/lib/python3.12/site-packages/airflow/example_dags/example_trigger_controller_dag.py took 0.476 seconds
[2026-09-25T16:44:17.106+0000] {processor.py:186} INFO - Started process (PID=152) to work on /home/airflow/.local/lib/python3.12/site-packages/airflow/example_dags/example_trigger_controller_dag.py
[2026-09-25T16:44:17.118+0000] {processor.py:914} INFO - Processing file /home/airflow/.local/lib/python3.12/site-packages/airflow/example_dags/example_trigger_controller_dag.py for tasks to queue
[2026-09-25T16:44:17.143+0000] {logging_mixin.py:190} INFO - [2026-09-25T16:44:17.137+0000] {dagbag.py:588} INFO - Filling up the DagBag from /home/airflow/.local/lib/python3.12/site-packages/airflow/example_dags/example_trigger_controller_dag.py
[2026-09-25T16:44:17.198+0000] {processor.py:925} INFO - DAG(s) 'example_trigger_controller_dag' retrieved from /home/airflow/.local/lib/python3.12/site-packages/airflow/example_dags/example_trigger_controller_dag.py
[2026-09-25T16:44:17.337+0000] {logging_mixin.py:190} INFO - [2026-09-25T16:44:17.336+0000] {dag.py:3239} INFO - Sync 1 DAGs
[2026-09-25T16:44:17.651+0000] {logging_mixin.py:190} INFO - [2026-09-25T16:44:17.651+0000] {dag.py:4180} INFO - Setting next_dagrun for example_trigger_controller_dag to 2021-01-01 00:00:00+00:00, run_after=2021-01-01 00:00:00+00:00
[2026-09-25T16:44:17.778+0000] {processor.py:208} INFO - Processing /home/airflow/.local/lib/python3.12/site-packages/airflow/example_dags/example_trigger_controller_dag.py took 0.784 seconds
[2026-09-25T16:44:50.858+0000] {processor.py:186} INFO - Started process (PID=215) to work on /home/airflow/.local/lib/python3.12/site-packages/airflow/example_dags/example_trigger_controller_dag.py
[2026-09-25T16:44:50.864+0000] {processor.py:914} INFO - Processing file /home/airflow/.local/lib/python3.12/site-packages/airflow/example_dags/example_trigger_controller_dag.py for tasks to queue
[2026-09-25T16:44:50.882+0000] {logging_mixin.py:190} INFO - [2026-09-25T16:44:50.881+0000] {dagbag.py:588} INFO - Filling up the DagBag from /home/airflow/.local/lib/python3.12/site-packages/airflow/example_dags/example_trigger_controller_dag.py
[2026-09-25T16:44:50.935+0000] {processor.py:925} INFO - DAG(s) 'example_trigger_controller_dag' retrieved from /home/airflow/.local/lib/python3.12/site-packages/airflow/example_dags/example_trigger_controller_dag.py
[2026-09-25T16:44:51.021+0000] {logging_mixin.py:190} INFO - [2026-09-25T16:44:51.020+0000] {dag.py:3239} INFO - Sync 1 DAGs
[2026-09-25T16:44:51.133+0000] {logging_mixin.py:190} INFO - [2026-09-25T16:44:51.132+0000] {dag.py:4180} INFO - Setting next_dagrun for example_trigger_controller_dag to 2021-01-01 00:00:00+00:00, run_after=2021-01-01 00:00:00+00:00
[2026-09-25T16:44:51.218+0000] {processor.py:208} INFO - Processing /home/airflow/.local/lib/python3.12/site-packages/airflow/example_dags/example_trigger_controller_dag.py took 0.382 seconds
[2026-09-25T16:45:21.948+0000] {processor.py:186} INFO - Started process (PID=277) to work on /home/airflow/.local/lib/python3.12/site-packages/airflow/example_dags/example_trigger_controller_dag.py
[2026-09-25T16:45:21.951+0000] {processor.py:914} INFO - Processing file /home/airflow/.local/lib/python3.12/site-packages/airflow/example_dags/example_trigger_controller_dag.py for tasks to queue
[2026-09-25T16:45:21.957+0000] {logging_mixin.py:190} INFO - [2026-09-25T16:45:21.956+0000] {dagbag.py:588} INFO - Filling up the DagBag from /home/airflow/.local/lib/python3.12/site-packages/airflow/example_dags/example_trigger_controller_dag.py
[2026-09-25T16:45:21.972+0000] {processor.py:925} INFO - DAG(s) 'example_trigger_controller_dag' retrieved from /home/airflow/.local/lib/python3.12/site-packages/airflow/example_dags/example_trigger_controller_dag.py
[2026-09-25T16:45:22.012+0000] {logging_mixin.py:190} INFO - [2026-09-25T16:45:22.011+0000] {dag.py:3239} INFO - Sync 1 DAGs
[2026-09-25T16:45:22.053+0000] {logging_mixin.py:190} INFO - [2026-09-25T16:45:22.052+0000] {dag.py:4180} INFO - Setting next_dagrun for example_trigger_controller_dag to 2021-01-01 00:00:00+00:00, run_after=2021-01-01 00:00:00+00:00
[2026-09-25T16:45:22.085+0000] {processor.py:208} INFO - Processing /home/airflow/.local/lib/python3.12/site-packages/airflow/example_dags/example_trigger_controller_dag.py took 0.149 seconds
[2026-09-25T16:45:52.231+0000] {processor.py:186} INFO - Started process (PID=339) to work on /home/airflow/.local/lib/python3.12/site-packages/airflow/example_dags/example_trigger_controller_dag.py
[2026-09-25T16:45:52.236+0000] {processor.py:914} INFO - Processing file /home/airflow/.local/lib/python3.12/site-packages/airflow/example_dags/example_trigger_controller_dag.py for tasks to queue
[2026-09-25T16:45:52.326+0000] {logging_mixin.py:190} INFO - [2026-09-25T16:45:52.324+0000] {dagbag.py:588} INFO - Filling up the DagBag from /home/airflow/.local/lib/python3.12/site-packages/airflow/example_dags/example_trigger_controller_dag.py
[2026-09-25T16:45:52.389+0000] {processor.py:925} INFO - DAG(s) 'example_trigger_controller_dag' retrieved from /home/airflow/.local/lib/python3.12/site-packages/airflow/example_dags/example_trigger_controller_dag.py
[2026-09-25T16:45:52.461+0000] {logging_mixin.py:190} INFO - [2026-09-25T16:45:52.460+0000] {dag.py:3239} INFO - Sync 1 DAGs
[2026-09-25T16:45:52.530+0000] {logging_mixin.py:190} INFO - [2026-09-25T16:45:52.529+0000] {dag.py:4180} INFO - Setting next_dagrun for example_trigger_controller_dag to 2021-01-01 00:00:00+00:00, run_after=2021-01-01 00:00:00+00:00
[2026-09-25T16:45:52.586+0000] {processor.py:208} INFO - Processing /home/airflow/.local/lib/python3.12/site-packages/airflow/example_dags/example_trigger_controller_dag.py took 0.402 seconds
[2026-09-25T16:46:25.959+0000] {processor.py:186} INFO - Started process (PID=401) to work on /home/airflow/.local/lib/python3.12/site-packages/airflow/example_dags/example_trigger_controller_dag.py
[2026-09-25T16:46:25.966+0000] {processor.py:914} INFO - Processing file /home/airflow/.local/lib/python3.12/site-packages/airflow/example_dags/example_trigger_controller_dag.py for tasks to queue
[2026-09-25T16:46:25.973+0000] {logging_mixin.py:190} INFO - [2026-09-25T16:46:25.972+0000] {dagbag.py:588} INFO - Filling up the DagBag from /home/airflow/.local/lib/python3.12/site-packages/airflow/example_dags/example_trigger_controller_dag.py
[2026-09-25T16:46:25.989+0000] {processor.py:925} INFO - DAG(s) 'example_trigger_controller_dag' retrieved from /home/airflow/.local/lib/python3.12/site-packages/airflow/example_dags/example_trigger_controller_dag.py
[2026-09-25T16:46:26.050+0000] {logging_mixin.py:190} INFO - [2026-09-25T16:46:26.049+0000] {dag.py:3239} INFO - Sync 1 DAGs
[2026-09-25T16:46:26.114+0000] {logging_mixin.py:190} INFO - [2026-09-25T16:46:26.113+0000] {dag.py:4180} INFO - Setting next_dagrun for example_trigger_controller_dag to 2021-01-01 00:00:00+00:00, run_after=2021-01-01 00:00:00+00:00
[2026-09-25T16:46:26.164+0000] {processor.py:208} INFO - Processing /home/airflow/.local/lib/python3.12/site-packages/airflow/example_dags/example_trigger_controller_dag.py took 0.219 seconds
[2026-09-25T16:46:56.885+0000] {processor.py:186} INFO - Started process (PID=462) to work on /home/airflow/.local/lib/python3.12/site-packages/airflow/example_dags/example_trigger_controller_dag.py
[2026-09-25T16:46:56.890+0000] {processor.py:914} INFO - Processing file /home/airflow/.local/lib/python3.12/site-packages/airflow/example_dags/example_trigger_controller_dag.py for tasks to queue
[2026-09-25T16:46:56.897+0000] {logging_mixin.py:190} INFO - [2026-09-25T16:46:56.896+0000] {dagbag.py:588} INFO - Filling up the DagBag from /home/airflow/.local/lib/python3.12/site-packages/airflow/example_dags/example_trigger_controller_dag.py
[2026-09-25T16:46:56.919+0000] {processor.py:925} INFO - DAG(s) 'example_trigger_controller_dag' retrieved from /home/airflow/.local/lib/python3.12/site-packages/airflow/example_dags/example_trigger_controller_dag.py
[2026-09-25T16:46:56.977+0000] {logging_mixin.py:190} INFO - [2026-09-25T16:46:56.976+0000] {dag.py:3239} INFO - Sync 1 DAGs
[2026-09-25T16:46:57.085+0000] {logging_mixin.py:190} INFO - [2026-09-25T16:46:57.080+0000] {dag.py:4180} INFO - Setting next_dagrun for example_trigger_controller_dag to 2021-01-01 00:00:00+00:00, run_after=2021-01-01 00:00:00+00:00
[2026-09-25T16:46:57.189+0000] {processor.py:208} INFO - Processing /home/airflow/.local/lib/python3.12/site-packages/airflow/example_dags/example_trigger_controller_dag.py took 0.320 seconds
[2026-09-25T16:47:38.099+0000] {processor.py:186} INFO - Started process (PID=524) to work on /home/airflow/.local/lib/python3.12/site-packages/airflow/example_dags/example_trigger_controller_dag.py
[2026-09-25T16:47:38.106+0000] {processor.py:914} INFO - Processing file /home/airflow/.local/lib/python3.12/site-packages/airflow/example_dags/example_trigger_controller_dag.py for tasks to queue
[2026-09-25T16:47:38.147+0000] {logging_mixin.py:190} INFO - [2026-09-25T16:47:38.146+0000] {dagbag.py:588} INFO - Filling up the DagBag from /home/airflow/.local/lib/python3.12/site-packages/airflow/example_dags/example_trigger_controller_dag.py
[2026-09-25T16:47:38.179+0000] {processor.py:925} INFO - DAG(s) 'example_trigger_controller_dag' retrieved from /home/airflow/.local/lib/python3.12/site-packages/airflow/example_dags/example_trigger_controller_dag.py
[2026-09-25T16:47:38.895+0000] {logging_mixin.py:190} INFO - [2026-09-25T16:47:38.892+0000] {dag.py:3239} INFO - Sync 1 DAGs
[2026-09-25T16:47:39.175+0000] {logging_mixin.py:190} INFO - [2026-09-25T16:47:39.173+0000] {dag.py:4180} INFO - Setting next_dagrun for example_trigger_controller_dag to 2021-01-01 00:00:00+00:00, run_after=2021-01-01 00:00:00+00:00
[2026-09-25T16:47:39.258+0000] {processor.py:208} INFO - Processing /home/airflow/.local/lib/python3.12/site-packages/airflow/example_dags/example_trigger_controller_dag.py took 1.193 seconds
[2026-09-25T16:48:17.252+0000] {processor.py:186} INFO - Started process (PID=586) to work on /home/airflow/.local/lib/python3.12/site-packages/airflow/example_dags/example_trigger_controller_dag.py
[2026-09-25T16:48:17.262+0000] {processor.py:914} INFO - Processing file /home/airflow/.local/lib/python3.12/site-packages/airflow/example_dags/example_trigger_controller_dag.py for tasks to queue
[2026-09-25T16:48:17.281+0000] {logging_mixin.py:190} INFO - [2026-09-25T16:48:17.279+0000] {dagbag.py:588} INFO - Filling up the DagBag from /home/airflow/.local/lib/python3.12/site-packages/airflow/example_dags/example_trigger_controller_dag.py
[2026-09-25T16:48:17.477+0000] {processor.py:925} INFO - DAG(s) 'example_trigger_controller_dag' retrieved from /home/airflow/.local/lib/python3.12/site-packages/airflow/example_dags/example_trigger_controller_dag.py
[2026-09-25T16:48:17.593+0000] {logging_mixin.py:190} INFO - [2026-09-25T16:48:17.593+0000] {dag.py:3239} INFO - Sync 1 DAGs
[2026-09-25T16:48:17.847+0000] {logging_mixin.py:190} INFO - [2026-09-25T16:48:17.846+0000] {dag.py:4180} INFO - Setting next_dagrun for example_trigger_controller_dag to 2021-01-01 00:00:00+00:00, run_after=2021-01-01 00:00:00+00:00
[2026-09-25T16:48:18.010+0000] {processor.py:208} INFO - Processing /home/airflow/.local/lib/python3.12/site-packages/airflow/example_dags/example_trigger_controller_dag.py took 0.790 seconds
[2026-09-25T16:48:48.900+0000] {processor.py:186} INFO - Started process (PID=649) to work on /home/airflow/.local/lib/python3.12/site-packages/airflow/example_dags/example_trigger_controller_dag.py
[2026-09-25T16:48:48.904+0000] {processor.py:914} INFO - Processing file /home/airflow/.local/lib/python3.12/site-packages/airflow/example_dags/example_trigger_controller_dag.py for tasks to queue
[2026-09-25T16:48:48.960+0000] {logging_mixin.py:190} INFO - [2026-09-25T16:48:48.913+0000] {dagbag.py:588} INFO - Filling up the DagBag from /home/airflow/.local/lib/python3.12/site-packages/airflow/example_dags/example_trigger_controller_dag.py
[2026-09-25T16:48:49.007+0000] {processor.py:925} INFO - DAG(s) 'example_trigger_controller_dag' retrieved from /home/airflow/.local/lib/python3.12/site-packages/airflow/example_dags/example_trigger_controller_dag.py
[2026-09-25T16:48:49.078+0000] {logging_mixin.py:190} INFO - [2026-09-25T16:48:49.077+0000] {dag.py:3239} INFO - Sync 1 DAGs
[2026-09-25T16:48:49.126+0000] {logging_mixin.py:190} INFO - [2026-09-25T16:48:49.126+0000] {dag.py:4180} INFO - Setting next_dagrun for example_trigger_controller_dag to 2021-01-01 00:00:00+00:00, run_after=2021-01-01 00:00:00+00:00
[2026-09-25T16:48:49.174+0000] {processor.py:208} INFO - Processing /home/airflow/.local/lib/python3.12/site-packages/airflow/example_dags/example_trigger_controller_dag.py took 0.297 seconds
[2026-09-25T16:49:19.667+0000] {processor.py:186} INFO - Started process (PID=711) to work on /home/airflow/.local/lib/python3.12/site-packages/airflow/example_dags/example_trigger_controller_dag.py
[2026-09-25T16:49:19.670+0000] {processor.py:914} INFO - Processing file /home/airflow/.local/lib/python3.12/site-packages/airflow/example_dags/example_trigger_controller_dag.py for tasks to queue
[2026-09-25T16:49:19.676+0000] {logging_mixin.py:190} INFO - [2026-09-25T16:49:19.676+0000] {dagbag.py:588} INFO - Filling up the DagBag from /home/airflow/.local/lib/python3.12/site-packages/airflow/example_dags/example_trigger_controller_dag.py
[2026-09-25T16:49:19.692+0000] {processor.py:925} INFO - DAG(s) 'example_trigger_controller_dag' retrieved from /home/airflow/.local/lib/python3.12/site-packages/airflow/example_dags/example_trigger_controller_dag.py
[2026-09-25T16:49:19.734+0000] {logging_mixin.py:190} INFO - [2026-09-25T16:49:19.734+0000] {dag.py:3239} INFO - Sync 1 DAGs
[2026-09-25T16:49:19.792+0000] {logging_mixin.py:190} INFO - [2026-09-25T16:49:19.791+0000] {dag.py:4180} INFO - Setting next_dagrun for example_trigger_controller_dag to 2021-01-01 00:00:00+00:00, run_after=2021-01-01 00:00:00+00:00
[2026-09-25T16:49:19.840+0000] {processor.py:208} INFO - Processing /home/airflow/.local/lib/python3.12/site-packages/airflow/example_dags/example_trigger_controller_dag.py took 0.188 seconds
