[2026-09-25T16:14:59.350+0000] {processor.py:186} INFO - Started process (PID=78) to work on /home/airflow/.local/lib/python3.12/site-packages/airflow/example_dags/example_latest_only.py
[2026-09-25T16:14:59.355+0000] {processor.py:914} INFO - Processing file /home/airflow/.local/lib/python3.12/site-packages/airflow/example_dags/example_latest_only.py for tasks to queue
[2026-09-25T16:14:59.379+0000] {logging_mixin.py:190} INFO - [2026-09-25T16:14:59.378+0000] {dagbag.py:588} INFO - Filling up the DagBag from /home/airflow/.local/lib/python3.12/site-packages/airflow/example_dags/example_latest_only.py
[2026-09-25T16:14:59.431+0000] {processor.py:925} INFO - DAG(s) 'latest_only' retrieved from /home/airflow/.local/lib/python3.12/site-packages/airflow/example_dags/example_latest_only.py
[2026-09-25T16:15:00.388+0000] {logging_mixin.py:190} INFO - [2026-09-25T16:15:00.377+0000] {dag.py:3239} INFO - Sync 1 DAGs
[2026-09-25T16:15:00.736+0000] {logging_mixin.py:190} INFO - [2026-09-25T16:15:00.736+0000] {dag.py:4180} INFO - Setting next_dagrun for latest_only to 2026-09-25 12:00:00+00:00, run_after=2026-09-25 16:00:00+00:00
[2026-09-25T16:15:01.078+0000] {processor.py:208} INFO - Processing /home/airflow/.local/lib/python3.12/site-packages/airflow/example_dags/example_latest_only.py took 1.804 seconds
[2026-09-25T16:17:19.263+0000] {processor.py:186} INFO - Started process (PID=159) to work on /home/airflow/.local/lib/python3.12/site-packages/airflow/example_dags/example_latest_only.py
[2026-09-25T16:17:19.345+0000] {processor.py:914} INFO - Processing file /home/airflow/.local/lib/python3.12/site-packages/airflow/example_dags/example_latest_only.py for tasks to queue
[2026-09-25T16:17:19.803+0000] {logging_mixin.py:190} INFO - [2026-09-25T16:17:19.802+0000] {dagbag.py:588} INFO - Filling up the DagBag from /home/airflow/.local/lib/python3.12/site-packages/airflow/example_dags/example_latest_only.py
[2026-09-25T16:17:20.441+0000] {processor.py:925} INFO - DAG(s) 'latest_only' retrieved from /home/airflow/.local/lib/python3.12/site-packages/airflow/example_dags/example_latest_only.py
[2026-09-25T16:17:21.671+0000] {logging_mixin.py:190} INFO - [2026-09-25T16:17:21.670+0000] {dag.py:3239} INFO - Sync 1 DAGs
[2026-09-25T16:17:23.254+0000] {logging_mixin.py:190} INFO - [2026-09-25T16:17:23.231+0000] {dag.py:4180} INFO - Setting next_dagrun for latest_only to 2026-09-25 12:00:00+00:00, run_after=2026-09-25 16:00:00+00:00
[2026-09-25T16:17:23.701+0000] {processor.py:208} INFO - Processing /home/airflow/.local/lib/python3.12/site-packages/airflow/example_dags/example_latest_only.py took 4.642 seconds
[2026-09-25T16:19:18.961+0000] {processor.py:186} INFO - Started process (PID=228) to work on /home/airflow/.local/lib/python3.12/site-packages/airflow/example_dags/example_latest_only.py
[2026-09-25T16:19:18.964+0000] {processor.py:914} INFO - Processing file /home/airflow/.local/lib/python3.12/site-packages/airflow/example_dags/example_latest_only.py for tasks to queue
[2026-09-25T16:19:18.983+0000] {logging_mixin.py:190} INFO - [2026-09-25T16:19:18.982+0000] {dagbag.py:588} INFO - Filling up the DagBag from /home/airflow/.local/lib/python3.12/site-packages/airflow/example_dags/example_latest_only.py
[2026-09-25T16:19:19.113+0000] {processor.py:925} INFO - DAG(s) 'latest_only' retrieved from /home/airflow/.local/lib/python3.12/site-packages/airflow/example_dags/example_latest_only.py
[2026-09-25T16:19:19.318+0000] {logging_mixin.py:190} INFO - [2026-09-25T16:19:19.317+0000] {dag.py:3239} INFO - Sync 1 DAGs
[2026-09-25T16:19:19.566+0000] {logging_mixin.py:190} INFO - [2026-09-25T16:19:19.562+0000] {dag.py:4180} INFO - Setting next_dagrun for latest_only to 2026-09-25 12:00:00+00:00, run_after=2026-09-25 16:00:00+00:00
[2026-09-25T16:19:19.767+0000] {processor.py:208} INFO - Processing /home/airflow/.local/lib/python3.12/site-packages/airflow/example_dags/example_latest_only.py took 0.881 seconds
[2026-09-25T16:20:24.612+0000] {processor.py:186} INFO - Started process (PID=285) to work on /home/airflow/.local/lib/python3.12/site-packages/airflow/example_dags/example_latest_only.py
[2026-09-25T16:20:24.616+0000] {processor.py:914} INFO - Processing file /home/airflow/.local/lib/python3.12/site-packages/airflow/example_dags/example_latest_only.py for tasks to queue
[2026-09-25T16:20:24.631+0000] {logging_mixin.py:190} INFO - [2026-09-25T16:20:24.630+0000] {dagbag.py:588} INFO - Filling up the DagBag from /home/airflow/.local/lib/python3.12/site-packages/airflow/example_dags/example_latest_only.py
[2026-09-25T16:20:24.702+0000] {processor.py:925} INFO - DAG(s) 'latest_only' retrieved from /home/airflow/.local/lib/python3.12/site-packages/airflow/example_dags/example_latest_only.py
[2026-09-25T16:20:24.762+0000] {logging_mixin.py:190} INFO - [2026-09-25T16:20:24.761+0000] {dag.py:3239} INFO - Sync 1 DAGs
[2026-09-25T16:20:24.825+0000] {logging_mixin.py:190} INFO - [2026-09-25T16:20:24.824+0000] {dag.py:4180} INFO - Setting next_dagrun for latest_only to 2026-09-25 12:00:00+00:00, run_after=2026-09-25 16:00:00+00:00
[2026-09-25T16:20:24.909+0000] {processor.py:208} INFO - Processing /home/airflow/.local/lib/python3.12/site-packages/airflow/example_dags/example_latest_only.py took 0.335 seconds
[2026-09-25T16:21:14.440+0000] {processor.py:186} INFO - Started process (PID=339) to work on /home/airflow/.local/lib/python3.12/site-packages/airflow/example_dags/example_latest_only.py
[2026-09-25T16:21:14.445+0000] {processor.py:914} INFO - Processing file /home/airflow/.local/lib/python3.12/site-packages/airflow/example_dags/example_latest_only.py for tasks to queue
[2026-09-25T16:21:14.464+0000] {logging_mixin.py:190} INFO - [2026-09-25T16:21:14.464+0000] {dagbag.py:588} INFO - Filling up the DagBag from /home/airflow/.local/lib/python3.12/site-packages/airflow/example_dags/example_latest_only.py
[2026-09-25T16:21:14.512+0000] {processor.py:925} INFO - DAG(s) 'latest_only' retrieved from /home/airflow/.local/lib/python3.12/site-packages/airflow/example_dags/example_latest_only.py
[2026-09-25T16:21:14.736+0000] {logging_mixin.py:190} INFO - [2026-09-25T16:21:14.736+0000] {dag.py:3239} INFO - Sync 1 DAGs
[2026-09-25T16:21:15.125+0000] {logging_mixin.py:190} INFO - [2026-09-25T16:21:15.124+0000] {dag.py:4180} INFO - Setting next_dagrun for latest_only to 2026-09-25 12:00:00+00:00, run_after=2026-09-25 16:00:00+00:00
[2026-09-25T16:21:15.662+0000] {processor.py:208} INFO - Processing /home/airflow/.local/lib/python3.12/site-packages/airflow/example_dags/example_latest_only.py took 1.292 seconds
[2026-09-25T16:22:20.621+0000] {processor.py:186} INFO - Started process (PID=406) to work on /home/airflow/.local/lib/python3.12/site-packages/airflow/example_dags/example_latest_only.py
[2026-09-25T16:22:20.627+0000] {processor.py:914} INFO - Processing file /home/airflow/.local/lib/python3.12/site-packages/airflow/example_dags/example_latest_only.py for tasks to queue
[2026-09-25T16:22:20.642+0000] {logging_mixin.py:190} INFO - [2026-09-25T16:22:20.641+0000] {dagbag.py:588} INFO - Filling up the DagBag from /home/airflow/.local/lib/python3.12/site-packages/airflow/example_dags/example_latest_only.py
[2026-09-25T16:22:20.692+0000] {processor.py:925} INFO - DAG(s) 'latest_only' retrieved from /home/airflow/.local/lib/python3.12/site-packages/airflow/example_dags/example_latest_only.py
[2026-09-25T16:22:21.177+0000] {logging_mixin.py:190} INFO - [2026-09-25T16:22:21.176+0000] {dag.py:3239} INFO - Sync 1 DAGs
[2026-09-25T16:22:21.878+0000] {logging_mixin.py:190} INFO - [2026-09-25T16:22:21.877+0000] {dag.py:4180} INFO - Setting next_dagrun for latest_only to 2026-09-25 12:00:00+00:00, run_after=2026-09-25 16:00:00+00:00
[2026-09-25T16:22:21.972+0000] {processor.py:208} INFO - Processing /home/airflow/.local/lib/python3.12/site-packages/airflow/example_dags/example_latest_only.py took 1.492 seconds
[2026-09-25T16:23:05.591+0000] {processor.py:186} INFO - Started process (PID=469) to work on /home/airflow/.local/lib/python3.12/site-packages/airflow/example_dags/example_latest_only.py
[2026-09-25T16:23:05.593+0000] {processor.py:914} INFO - Processing file /home/airflow/.local/lib/python3.12/site-packages/airflow/example_dags/example_latest_only.py for tasks to queue
[2026-09-25T16:23:05.606+0000] {logging_mixin.py:190} INFO - [2026-09-25T16:23:05.605+0000] {dagbag.py:588} INFO - Filling up the DagBag from /home/airflow/.local/lib/python3.12/site-packages/airflow/example_dags/example_latest_only.py
[2026-09-25T16:23:05.625+0000] {processor.py:925} INFO - DAG(s) 'latest_only' retrieved from /home/airflow/.local/lib/python3.12/site-packages/airflow/example_dags/example_latest_only.py
[2026-09-25T16:23:05.727+0000] {logging_mixin.py:190} INFO - [2026-09-25T16:23:05.727+0000] {dag.py:3239} INFO - Sync 1 DAGs
[2026-09-25T16:23:05.844+0000] {logging_mixin.py:190} INFO - [2026-09-25T16:23:05.843+0000] {dag.py:4180} INFO - Setting next_dagrun for latest_only to 2026-09-25 12:00:00+00:00, run_after=2026-09-25 16:00:00+00:00
[2026-09-25T16:23:05.931+0000] {processor.py:208} INFO - Processing /home/airflow/.local/lib/python3.12/site-packages/airflow/example_dags/example_latest_only.py took 0.358 seconds
[2026-09-25T16:23:45.237+0000] {processor.py:186} INFO - Started process (PID=530) to work on /home/airflow/.local/lib/python3.12/site-packages/airflow/example_dags/example_latest_only.py
[2026-09-25T16:23:45.273+0000] {processor.py:914} INFO - Processing file /home/airflow/.local/lib/python3.12/site-packages/airflow/example_dags/example_latest_only.py for tasks to queue
[2026-09-25T16:23:45.285+0000] {logging_mixin.py:190} INFO - [2026-09-25T16:23:45.283+0000] {dagbag.py:588} INFO - Filling up the DagBag from /home/airflow/.local/lib/python3.12/site-packages/airflow/example_dags/example_latest_only.py
[2026-09-25T16:23:45.449+0000] {processor.py:925} INFO - DAG(s) 'latest_only' retrieved from /home/airflow/.local/lib/python3.12/site-packages/airflow/example_dags/example_latest_only.py
[2026-09-25T16:23:45.632+0000] {logging_mixin.py:190} INFO - [2026-09-25T16:23:45.627+0000] {dag.py:3239} INFO - Sync 1 DAGs
[2026-09-25T16:23:45.786+0000] {logging_mixin.py:190} INFO - [2026-09-25T16:23:45.786+0000] {dag.py:4180} INFO - Setting next_dagrun for latest_only to 2026-09-25 12:00:00+00:00, run_after=2026-09-25 16:00:00+00:00
[2026-09-25T16:23:45.830+0000] {processor.py:208} INFO - Processing /home/airflow/.local/lib/python3.12/site-packages/airflow/example_dags/example_latest_only.py took 0.615 seconds
[2026-09-25T16:24:16.054+0000] {processor.py:186} INFO - Started process (PID=592) to work on /home/airflow/.local/lib/python3.12/site-packages/airflow/example_dags/example_latest_only.py
[2026-09-25T16:24:16.060+0000] {processor.py:914} INFO - Processing file /home/airflow/.local/lib/python3.12/site-packages/airflow/example_dags/example_latest_only.py for tasks to queue
[2026-09-25T16:24:16.071+0000] {logging_mixin.py:190} INFO - [2026-09-25T16:24:16.067+0000] {dagbag.py:588} INFO - Filling up the DagBag from /home/airflow/.local/lib/python3.12/site-packages/airflow/example_dags/example_latest_only.py
[2026-09-25T16:24:16.123+0000] {processor.py:925} INFO - DAG(s) 'latest_only' retrieved from /home/airflow/.local/lib/python3.12/site-packages/airflow/example_dags/example_latest_only.py
[2026-09-25T16:24:16.227+0000] {logging_mixin.py:190} INFO - [2026-09-25T16:24:16.226+0000] {dag.py:3239} INFO - Sync 1 DAGs
[2026-09-25T16:24:16.291+0000] {logging_mixin.py:190} INFO - [2026-09-25T16:24:16.290+0000] {dag.py:4180} INFO - Setting next_dagrun for latest_only to 2026-09-25 12:00:00+00:00, run_after=2026-09-25 16:00:00+00:00
[2026-09-25T16:24:16.334+0000] {processor.py:208} INFO - Processing /home/airflow/.local/lib/python3.12/site-packages/airflow/example_dags/example_latest_only.py took 0.336 seconds
[2026-09-25T16:24:53.231+0000] {processor.py:186} INFO - Started process (PID=652) to work on /home/airflow/.local/lib/python3.12/site-packages/airflow/example_dags/example_latest_only.py
[2026-09-25T16:24:53.233+0000] {processor.py:914} INFO - Processing file /home/airflow/.local/lib/python3.12/site-packages/airflow/example_dags/example_latest_only.py for tasks to queue
[2026-09-25T16:24:53.243+0000] {logging_mixin.py:190} INFO - [2026-09-25T16:24:53.240+0000] {dagbag.py:588} INFO - Filling up the DagBag from /home/airflow/.local/lib/python3.12/site-packages/airflow/example_dags/example_latest_only.py
[2026-09-25T16:24:53.261+0000] {processor.py:925} INFO - DAG(s) 'latest_only' retrieved from /home/airflow/.local/lib/python3.12/site-packages/airflow/example_dags/example_latest_only.py
[2026-09-25T16:24:53.362+0000] {logging_mixin.py:190} INFO - [2026-09-25T16:24:53.361+0000] {dag.py:3239} INFO - Sync 1 DAGs
[2026-09-25T16:24:53.453+0000] {logging_mixin.py:190} INFO - [2026-09-25T16:24:53.452+0000] {dag.py:4180} INFO - Setting next_dagrun for latest_only to 2026-09-25 12:00:00+00:00, run_after=2026-09-25 16:00:00+00:00
[2026-09-25T16:24:53.509+0000] {processor.py:208} INFO - Processing /home/airflow/.local/lib/python3.12/site-packages/airflow/example_dags/example_latest_only.py took 0.297 seconds
[2026-09-25T16:25:24.252+0000] {processor.py:186} INFO - Started process (PID=714) to work on /home/airflow/.local/lib/python3.12/site-packages/airflow/example_dags/example_latest_only.py
[2026-09-25T16:25:24.263+0000] {processor.py:914} INFO - Processing file /home/airflow/.local/lib/python3.12/site-packages/airflow/example_dags/example_latest_only.py for tasks to queue
[2026-09-25T16:25:24.273+0000] {logging_mixin.py:190} INFO - [2026-09-25T16:25:24.272+0000] {dagbag.py:588} INFO - Filling up the DagBag from /home/airflow/.local/lib/python3.12/site-packages/airflow/example_dags/example_latest_only.py
[2026-09-25T16:25:24.310+0000] {processor.py:925} INFO - DAG(s) 'latest_only' retrieved from /home/airflow/.local/lib/python3.12/site-packages/airflow/example_dags/example_latest_only.py
[2026-09-25T16:25:24.426+0000] {logging_mixin.py:190} INFO - [2026-09-25T16:25:24.426+0000] {dag.py:3239} INFO - Sync 1 DAGs
[2026-09-25T16:25:24.570+0000] {logging_mixin.py:190} INFO - [2026-09-25T16:25:24.569+0000] {dag.py:4180} INFO - Setting next_dagrun for latest_only to 2026-09-25 12:00:00+00:00, run_after=2026-09-25 16:00:00+00:00
[2026-09-25T16:25:24.708+0000] {processor.py:208} INFO - Processing /home/airflow/.local/lib/python3.12/site-packages/airflow/example_dags/example_latest_only.py took 0.492 seconds
[2026-09-25T16:26:03.715+0000] {processor.py:186} INFO - Started process (PID=776) to work on /home/airflow/.local/lib/python3.12/site-packages/airflow/example_dags/example_latest_only.py
[2026-09-25T16:26:03.720+0000] {processor.py:914} INFO - Processing file /home/airflow/.local/lib/python3.12/site-packages/airflow/example_dags/example_latest_only.py for tasks to queue
[2026-09-25T16:26:03.778+0000] {logging_mixin.py:190} INFO - [2026-09-25T16:26:03.741+0000] {dagbag.py:588} INFO - Filling up the DagBag from /home/airflow/.local/lib/python3.12/site-packages/airflow/example_dags/example_latest_only.py
[2026-09-25T16:26:03.830+0000] {processor.py:925} INFO - DAG(s) 'latest_only' retrieved from /home/airflow/.local/lib/python3.12/site-packages/airflow/example_dags/example_latest_only.py
[2026-09-25T16:26:04.065+0000] {logging_mixin.py:190} INFO - [2026-09-25T16:26:04.065+0000] {dag.py:3239} INFO - Sync 1 DAGs
[2026-09-25T16:26:04.268+0000] {logging_mixin.py:190} INFO - [2026-09-25T16:26:04.267+0000] {dag.py:4180} INFO - Setting next_dagrun for latest_only to 2026-09-25 12:00:00+00:00, run_after=2026-09-25 16:00:00+00:00
[2026-09-25T16:26:04.330+0000] {processor.py:208} INFO - Processing /home/airflow/.local/lib/python3.12/site-packages/airflow/example_dags/example_latest_only.py took 0.653 seconds
[2026-09-25T16:26:34.908+0000] {processor.py:186} INFO - Started process (PID=837) to work on /home/airflow/.local/lib/python3.12/site-packages/airflow/example_dags/example_latest_only.py
[2026-09-25T16:26:34.913+0000] {processor.py:914} INFO - Processing file /home/airflow/.local/lib/python3.12/site-packages/airflow/example_dags/example_latest_only.py for tasks to queue
[2026-09-25T16:26:34.918+0000] {logging_mixin.py:190} INFO - [2026-09-25T16:26:34.917+0000] {dagbag.py:588} INFO - Filling up the DagBag from /home/airflow/.local/lib/python3.12/site-packages/airflow/example_dags/example_latest_only.py
[2026-09-25T16:26:34.931+0000] {processor.py:925} INFO - DAG(s) 'latest_only' retrieved from /home/airflow/.local/lib/python3.12/site-packages/airflow/example_dags/example_latest_only.py
[2026-09-25T16:26:34.973+0000] {logging_mixin.py:190} INFO - [2026-09-25T16:26:34.973+0000] {dag.py:3239} INFO - Sync 1 DAGs
[2026-09-25T16:26:35.080+0000] {logging_mixin.py:190} INFO - [2026-09-25T16:26:35.079+0000] {dag.py:4180} INFO - Setting next_dagrun for latest_only to 2026-09-25 12:00:00+00:00, run_after=2026-09-25 16:00:00+00:00
[2026-09-25T16:26:35.131+0000] {processor.py:208} INFO - Processing /home/airflow/.local/lib/python3.12/site-packages/airflow/example_dags/example_latest_only.py took 0.238 seconds
[2026-09-25T16:27:14.467+0000] {processor.py:186} INFO - Started process (PID=907) to work on /home/airflow/.local/lib/python3.12/site-packages/airflow/example_dags/example_latest_only.py
[2026-09-25T16:27:14.470+0000] {processor.py:914} INFO - Processing file /home/airflow/.local/lib/python3.12/site-packages/airflow/example_dags/example_latest_only.py for tasks to queue
[2026-09-25T16:27:14.476+0000] {logging_mixin.py:190} INFO - [2026-09-25T16:27:14.475+0000] {dagbag.py:588} INFO - Filling up the DagBag from /home/airflow/.local/lib/python3.12/site-packages/airflow/example_dags/example_latest_only.py
[2026-09-25T16:27:14.499+0000] {processor.py:925} INFO - DAG(s) 'latest_only' retrieved from /home/airflow/.local/lib/python3.12/site-packages/airflow/example_dags/example_latest_only.py
[2026-09-25T16:27:14.596+0000] {logging_mixin.py:190} INFO - [2026-09-25T16:27:14.596+0000] {dag.py:3239} INFO - Sync 1 DAGs
[2026-09-25T16:27:14.677+0000] {logging_mixin.py:190} INFO - [2026-09-25T16:27:14.676+0000] {dag.py:4180} INFO - Setting next_dagrun for latest_only to 2026-09-25 12:00:00+00:00, run_after=2026-09-25 16:00:00+00:00
[2026-09-25T16:27:14.771+0000] {processor.py:208} INFO - Processing /home/airflow/.local/lib/python3.12/site-packages/airflow/example_dags/example_latest_only.py took 0.332 seconds
[2026-09-25T16:27:55.524+0000] {processor.py:186} INFO - Started process (PID=962) to work on /home/airflow/.local/lib/python3.12/site-packages/airflow/example_dags/example_latest_only.py
[2026-09-25T16:27:55.526+0000] {processor.py:914} INFO - Processing file /home/airflow/.local/lib/python3.12/site-packages/airflow/example_dags/example_latest_only.py for tasks to queue
[2026-09-25T16:27:55.535+0000] {logging_mixin.py:190} INFO - [2026-09-25T16:27:55.533+0000] {dagbag.py:588} INFO - Filling up the DagBag from /home/airflow/.local/lib/python3.12/site-packages/airflow/example_dags/example_latest_only.py
[2026-09-25T16:27:55.592+0000] {processor.py:925} INFO - DAG(s) 'latest_only' retrieved from /home/airflow/.local/lib/python3.12/site-packages/airflow/example_dags/example_latest_only.py
[2026-09-25T16:27:55.710+0000] {logging_mixin.py:190} INFO - [2026-09-25T16:27:55.695+0000] {dag.py:3239} INFO - Sync 1 DAGs
[2026-09-25T16:27:55.942+0000] {logging_mixin.py:190} INFO - [2026-09-25T16:27:55.942+0000] {dag.py:4180} INFO - Setting next_dagrun for latest_only to 2026-09-25 12:00:00+00:00, run_after=2026-09-25 16:00:00+00:00
[2026-09-25T16:27:56.135+0000] {processor.py:208} INFO - Processing /home/airflow/.local/lib/python3.12/site-packages/airflow/example_dags/example_latest_only.py took 0.647 seconds
[2026-09-25T16:28:39.334+0000] {processor.py:186} INFO - Started process (PID=1020) to work on /home/airflow/.local/lib/python3.12/site-packages/airflow/example_dags/example_latest_only.py
[2026-09-25T16:28:39.348+0000] {processor.py:914} INFO - Processing file /home/airflow/.local/lib/python3.12/site-packages/airflow/example_dags/example_latest_only.py for tasks to queue
[2026-09-25T16:28:39.354+0000] {logging_mixin.py:190} INFO - [2026-09-25T16:28:39.354+0000] {dagbag.py:588} INFO - Filling up the DagBag from /home/airflow/.local/lib/python3.12/site-packages/airflow/example_dags/example_latest_only.py
[2026-09-25T16:28:39.388+0000] {processor.py:925} INFO - DAG(s) 'latest_only' retrieved from /home/airflow/.local/lib/python3.12/site-packages/airflow/example_dags/example_latest_only.py
[2026-09-25T16:28:39.775+0000] {logging_mixin.py:190} INFO - [2026-09-25T16:28:39.775+0000] {dag.py:3239} INFO - Sync 1 DAGs
[2026-09-25T16:28:40.282+0000] {logging_mixin.py:190} INFO - [2026-09-25T16:28:40.281+0000] {dag.py:4180} INFO - Setting next_dagrun for latest_only to 2026-09-25 12:00:00+00:00, run_after=2026-09-25 16:00:00+00:00
[2026-09-25T16:28:40.412+0000] {processor.py:208} INFO - Processing /home/airflow/.local/lib/python3.12/site-packages/airflow/example_dags/example_latest_only.py took 1.137 seconds
[2026-09-25T16:43:02.687+0000] {processor.py:186} INFO - Started process (PID=60) to work on /home/airflow/.local/lib/python3.12/site-packages/airflow/example_dags/example_latest_only.py
[2026-09-25T16:43:02.694+0000] {processor.py:914} INFO - Processing file /home/airflow/.local/lib/python3.12/site-packages/airflow/example_dags/example_latest_only.py for tasks to queue
[2026-09-25T16:43:02.713+0000] {logging_mixin.py:190} INFO - [2026-09-25T16:43:02.711+0000] {dagbag.py:588} INFO - Filling up the DagBag from /home/airflow/.local/lib/python3.12/site-packages/airflow/example_dags/example_latest_only.py
[2026-09-25T16:43:02.866+0000] {processor.py:925} INFO - DAG(s) 'latest_only' retrieved from /home/airflow/.local/lib/python3.12/site-packages/airflow/example_dags/example_latest_only.py
[2026-09-25T16:43:03.070+0000] {logging_mixin.py:190} INFO - [2026-09-25T16:43:03.069+0000] {dag.py:3239} INFO - Sync 1 DAGs
[2026-09-25T16:43:03.318+0000] {logging_mixin.py:190} INFO - [2026-09-25T16:43:03.311+0000] {dag.py:4180} INFO - Setting next_dagrun for latest_only to 2026-09-25 12:00:00+00:00, run_after=2026-09-25 16:00:00+00:00
[2026-09-25T16:43:03.464+0000] {processor.py:208} INFO - Processing /home/airflow/.local/lib/python3.12/site-packages/airflow/example_dags/example_latest_only.py took 0.796 seconds
[2026-09-25T16:44:01.335+0000] {processor.py:186} INFO - Started process (PID=122) to work on /home/airflow/.local/lib/python3.12/site-packages/airflow/example_dags/example_latest_only.py
[2026-09-25T16:44:01.339+0000] {processor.py:914} INFO - Processing file /home/airflow/.local/lib/python3.12/site-packages/airflow/example_dags/example_latest_only.py for tasks to queue
[2026-09-25T16:44:01.346+0000] {logging_mixin.py:190} INFO - [2026-09-25T16:44:01.345+0000] {dagbag.py:588} INFO - Filling up the DagBag from /home/airflow/.local/lib/python3.12/site-packages/airflow/example_dags/example_latest_only.py
[2026-09-25T16:44:01.373+0000] {processor.py:925} INFO - DAG(s) 'latest_only' retrieved from /home/airflow/.local/lib/python3.12/site-packages/airflow/example_dags/example_latest_only.py
[2026-09-25T16:44:01.488+0000] {logging_mixin.py:190} INFO - [2026-09-25T16:44:01.485+0000] {dag.py:3239} INFO - Sync 1 DAGs
[2026-09-25T16:44:01.665+0000] {logging_mixin.py:190} INFO - [2026-09-25T16:44:01.664+0000] {dag.py:4180} INFO - Setting next_dagrun for latest_only to 2026-09-25 12:00:00+00:00, run_after=2026-09-25 16:00:00+00:00
[2026-09-25T16:44:01.801+0000] {processor.py:208} INFO - Processing /home/airflow/.local/lib/python3.12/site-packages/airflow/example_dags/example_latest_only.py took 0.481 seconds
[2026-09-25T16:44:32.308+0000] {processor.py:186} INFO - Started process (PID=190) to work on /home/airflow/.local/lib/python3.12/site-packages/airflow/example_dags/example_latest_only.py
[2026-09-25T16:44:32.311+0000] {processor.py:914} INFO - Processing file /home/airflow/.local/lib/python3.12/site-packages/airflow/example_dags/example_latest_only.py for tasks to queue
[2026-09-25T16:44:32.330+0000] {logging_mixin.py:190} INFO - [2026-09-25T16:44:32.320+0000] {dagbag.py:588} INFO - Filling up the DagBag from /home/airflow/.local/lib/python3.12/site-packages/airflow/example_dags/example_latest_only.py
[2026-09-25T16:44:32.360+0000] {processor.py:925} INFO - DAG(s) 'latest_only' retrieved from /home/airflow/.local/lib/python3.12/site-packages/airflow/example_dags/example_latest_only.py
[2026-09-25T16:44:32.413+0000] {logging_mixin.py:190} INFO - [2026-09-25T16:44:32.412+0000] {dag.py:3239} INFO - Sync 1 DAGs
[2026-09-25T16:44:32.483+0000] {logging_mixin.py:190} INFO - [2026-09-25T16:44:32.483+0000] {dag.py:4180} INFO - Setting next_dagrun for latest_only to 2026-09-25 12:00:00+00:00, run_after=2026-09-25 16:00:00+00:00
[2026-09-25T16:44:32.536+0000] {processor.py:208} INFO - Processing /home/airflow/.local/lib/python3.12/site-packages/airflow/example_dags/example_latest_only.py took 0.244 seconds
[2026-09-25T16:45:10.749+0000] {processor.py:186} INFO - Started process (PID=247) to work on /home/airflow/.local/lib/python3.12/site-packages/airflow/example_dags/example_latest_only.py
[2026-09-25T16:45:10.763+0000] {processor.py:914} INFO - Processing file /home/airflow/.local/lib/python3.12/site-packages/airflow/example_dags/example_latest_only.py for tasks to queue
[2026-09-25T16:45:10.775+0000] {logging_mixin.py:190} INFO - [2026-09-25T16:45:10.773+0000] {dagbag.py:588} INFO - Filling up the DagBag from /home/airflow/.local/lib/python3.12/site-packages/airflow/example_dags/example_latest_only.py
[2026-09-25T16:45:10.865+0000] {processor.py:925} INFO - DAG(s) 'latest_only' retrieved from /home/airflow/.local/lib/python3.12/site-packages/airflow/example_dags/example_latest_only.py
[2026-09-25T16:45:11.152+0000] {logging_mixin.py:190} INFO - [2026-09-25T16:45:11.151+0000] {dag.py:3239} INFO - Sync 1 DAGs
[2026-09-25T16:45:11.286+0000] {logging_mixin.py:190} INFO - [2026-09-25T16:45:11.284+0000] {dag.py:4180} INFO - Setting next_dagrun for latest_only to 2026-09-25 12:00:00+00:00, run_after=2026-09-25 16:00:00+00:00
[2026-09-25T16:45:11.349+0000] {processor.py:208} INFO - Processing /home/airflow/.local/lib/python3.12/site-packages/airflow/example_dags/example_latest_only.py took 0.629 seconds
[2026-09-25T16:45:44.390+0000] {processor.py:186} INFO - Started process (PID=309) to work on /home/airflow/.local/lib/python3.12/site-packages/airflow/example_dags/example_latest_only.py
[2026-09-25T16:45:44.396+0000] {processor.py:914} INFO - Processing file /home/airflow/.local/lib/python3.12/site-packages/airflow/example_dags/example_latest_only.py for tasks to queue
[2026-09-25T16:45:44.415+0000] {logging_mixin.py:190} INFO - [2026-09-25T16:45:44.414+0000] {dagbag.py:588} INFO - Filling up the DagBag from /home/airflow/.local/lib/python3.12/site-packages/airflow/example_dags/example_latest_only.py
[2026-09-25T16:45:44.433+0000] {processor.py:925} INFO - DAG(s) 'latest_only' retrieved from /home/airflow/.local/lib/python3.12/site-packages/airflow/example_dags/example_latest_only.py
[2026-09-25T16:45:44.522+0000] {logging_mixin.py:190} INFO - [2026-09-25T16:45:44.522+0000] {dag.py:3239} INFO - Sync 1 DAGs
[2026-09-25T16:45:44.991+0000] {logging_mixin.py:190} INFO - [2026-09-25T16:45:44.991+0000] {dag.py:4180} INFO - Setting next_dagrun for latest_only to 2026-09-25 12:00:00+00:00, run_after=2026-09-25 16:00:00+00:00
[2026-09-25T16:45:45.132+0000] {processor.py:208} INFO - Processing /home/airflow/.local/lib/python3.12/site-packages/airflow/example_dags/example_latest_only.py took 0.766 seconds
[2026-09-25T16:46:15.376+0000] {processor.py:186} INFO - Started process (PID=370) to work on /home/airflow/.local/lib/python3.12/site-packages/airflow/example_dags/example_latest_only.py
[2026-09-25T16:46:15.379+0000] {processor.py:914} INFO - Processing file /home/airflow/.local/lib/python3.12/site-packages/airflow/example_dags/example_latest_only.py for tasks to queue
[2026-09-25T16:46:15.386+0000] {logging_mixin.py:190} INFO - [2026-09-25T16:46:15.384+0000] {dagbag.py:588} INFO - Filling up the DagBag from /home/airflow/.local/lib/python3.12/site-packages/airflow/example_dags/example_latest_only.py
[2026-09-25T16:46:15.418+0000] {processor.py:925} INFO - DAG(s) 'latest_only' retrieved from /home/airflow/.local/lib/python3.12/site-packages/airflow/example_dags/example_latest_only.py
[2026-09-25T16:46:15.515+0000] {logging_mixin.py:190} INFO - [2026-09-25T16:46:15.514+0000] {dag.py:3239} INFO - Sync 1 DAGs
[2026-09-25T16:46:15.620+0000] {logging_mixin.py:190} INFO - [2026-09-25T16:46:15.620+0000] {dag.py:4180} INFO - Setting next_dagrun for latest_only to 2026-09-25 12:00:00+00:00, run_after=2026-09-25 16:00:00+00:00
[2026-09-25T16:46:15.674+0000] {processor.py:208} INFO - Processing /home/airflow/.local/lib/python3.12/site-packages/airflow/example_dags/example_latest_only.py took 0.342 seconds
[2026-09-25T16:46:45.838+0000] {processor.py:186} INFO - Started process (PID=432) to work on /home/airflow/.local/lib/python3.12/site-packages/airflow/example_dags/example_latest_only.py
[2026-09-25T16:46:45.840+0000] {processor.py:914} INFO - Processing file /home/airflow/.local/lib/python3.12/site-packages/airflow/example_dags/example_latest_only.py for tasks to queue
[2026-09-25T16:46:45.846+0000] {logging_mixin.py:190} INFO - [2026-09-25T16:46:45.845+0000] {dagbag.py:588} INFO - Filling up the DagBag from /home/airflow/.local/lib/python3.12/site-packages/airflow/example_dags/example_latest_only.py
[2026-09-25T16:46:45.866+0000] {processor.py:925} INFO - DAG(s) 'latest_only' retrieved from /home/airflow/.local/lib/python3.12/site-packages/airflow/example_dags/example_latest_only.py
[2026-09-25T16:46:45.909+0000] {logging_mixin.py:190} INFO - [2026-09-25T16:46:45.909+0000] {dag.py:3239} INFO - Sync 1 DAGs
[2026-09-25T16:46:45.963+0000] {logging_mixin.py:190} INFO - [2026-09-25T16:46:45.962+0000] {dag.py:4180} INFO - Setting next_dagrun for latest_only to 2026-09-25 12:00:00+00:00, run_after=2026-09-25 16:00:00+00:00
[2026-09-25T16:46:46.015+0000] {processor.py:208} INFO - Processing /home/airflow/.local/lib/python3.12/site-packages/airflow/example_dags/example_latest_only.py took 0.191 seconds
[2026-09-25T16:47:16.126+0000] {processor.py:186} INFO - Started process (PID=494) to work on /home/airflow/.local/lib/python3.12/site-packages/airflow/example_dags/example_latest_only.py
[2026-09-25T16:47:16.128+0000] {processor.py:914} INFO - Processing file /home/airflow/.local/lib/python3.12/site-packages/airflow/example_dags/example_latest_only.py for tasks to queue
[2026-09-25T16:47:16.134+0000] {logging_mixin.py:190} INFO - [2026-09-25T16:47:16.133+0000] {dagbag.py:588} INFO - Filling up the DagBag from /home/airflow/.local/lib/python3.12/site-packages/airflow/example_dags/example_latest_only.py
[2026-09-25T16:47:16.148+0000] {processor.py:925} INFO - DAG(s) 'latest_only' retrieved from /home/airflow/.local/lib/python3.12/site-packages/airflow/example_dags/example_latest_only.py
[2026-09-25T16:47:16.198+0000] {logging_mixin.py:190} INFO - [2026-09-25T16:47:16.198+0000] {dag.py:3239} INFO - Sync 1 DAGs
[2026-09-25T16:47:16.241+0000] {logging_mixin.py:190} INFO - [2026-09-25T16:47:16.240+0000] {dag.py:4180} INFO - Setting next_dagrun for latest_only to 2026-09-25 12:00:00+00:00, run_after=2026-09-25 16:00:00+00:00
[2026-09-25T16:47:16.285+0000] {processor.py:208} INFO - Processing /home/airflow/.local/lib/python3.12/site-packages/airflow/example_dags/example_latest_only.py took 0.173 seconds
[2026-09-25T16:48:03.410+0000] {processor.py:186} INFO - Started process (PID=557) to work on /home/airflow/.local/lib/python3.12/site-packages/airflow/example_dags/example_latest_only.py
[2026-09-25T16:48:03.413+0000] {processor.py:914} INFO - Processing file /home/airflow/.local/lib/python3.12/site-packages/airflow/example_dags/example_latest_only.py for tasks to queue
[2026-09-25T16:48:03.422+0000] {logging_mixin.py:190} INFO - [2026-09-25T16:48:03.421+0000] {dagbag.py:588} INFO - Filling up the DagBag from /home/airflow/.local/lib/python3.12/site-packages/airflow/example_dags/example_latest_only.py
[2026-09-25T16:48:03.450+0000] {processor.py:925} INFO - DAG(s) 'latest_only' retrieved from /home/airflow/.local/lib/python3.12/site-packages/airflow/example_dags/example_latest_only.py
[2026-09-25T16:48:03.526+0000] {logging_mixin.py:190} INFO - [2026-09-25T16:48:03.526+0000] {dag.py:3239} INFO - Sync 1 DAGs
[2026-09-25T16:48:03.612+0000] {logging_mixin.py:190} INFO - [2026-09-25T16:48:03.611+0000] {dag.py:4180} INFO - Setting next_dagrun for latest_only to 2026-09-25 12:00:00+00:00, run_after=2026-09-25 16:00:00+00:00
[2026-09-25T16:48:03.662+0000] {processor.py:208} INFO - Processing /home/airflow/.local/lib/python3.12/site-packages/airflow/example_dags/example_latest_only.py took 0.270 seconds
[2026-09-25T16:48:33.867+0000] {processor.py:186} INFO - Started process (PID=612) to work on /home/airflow/.local/lib/python3.12/site-packages/airflow/example_dags/example_latest_only.py
[2026-09-25T16:48:33.872+0000] {processor.py:914} INFO - Processing file /home/airflow/.local/lib/python3.12/site-packages/airflow/example_dags/example_latest_only.py for tasks to queue
[2026-09-25T16:48:33.882+0000] {logging_mixin.py:190} INFO - [2026-09-25T16:48:33.881+0000] {dagbag.py:588} INFO - Filling up the DagBag from /home/airflow/.local/lib/python3.12/site-packages/airflow/example_dags/example_latest_only.py
[2026-09-25T16:48:33.906+0000] {processor.py:925} INFO - DAG(s) 'latest_only' retrieved from /home/airflow/.local/lib/python3.12/site-packages/airflow/example_dags/example_latest_only.py
[2026-09-25T16:48:33.955+0000] {logging_mixin.py:190} INFO - [2026-09-25T16:48:33.955+0000] {dag.py:3239} INFO - Sync 1 DAGs
[2026-09-25T16:48:34.167+0000] {logging_mixin.py:190} INFO - [2026-09-25T16:48:34.166+0000] {dag.py:4180} INFO - Setting next_dagrun for latest_only to 2026-09-25 12:00:00+00:00, run_after=2026-09-25 16:00:00+00:00
[2026-09-25T16:48:34.220+0000] {processor.py:208} INFO - Processing /home/airflow/.local/lib/python3.12/site-packages/airflow/example_dags/example_latest_only.py took 0.366 seconds
[2026-09-25T16:49:07.359+0000] {processor.py:186} INFO - Started process (PID=679) to work on /home/airflow/.local/lib/python3.12/site-packages/airflow/example_dags/example_latest_only.py
[2026-09-25T16:49:07.367+0000] {processor.py:914} INFO - Processing file /home/airflow/.local/lib/python3.12/site-packages/airflow/example_dags/example_latest_only.py for tasks to queue
[2026-09-25T16:49:07.373+0000] {logging_mixin.py:190} INFO - [2026-09-25T16:49:07.372+0000] {dagbag.py:588} INFO - Filling up the DagBag from /home/airflow/.local/lib/python3.12/site-packages/airflow/example_dags/example_latest_only.py
[2026-09-25T16:49:07.396+0000] {processor.py:925} INFO - DAG(s) 'latest_only' retrieved from /home/airflow/.local/lib/python3.12/site-packages/airflow/example_dags/example_latest_only.py
[2026-09-25T16:49:07.461+0000] {logging_mixin.py:190} INFO - [2026-09-25T16:49:07.461+0000] {dag.py:3239} INFO - Sync 1 DAGs
[2026-09-25T16:49:07.535+0000] {logging_mixin.py:190} INFO - [2026-09-25T16:49:07.534+0000] {dag.py:4180} INFO - Setting next_dagrun for latest_only to 2026-09-25 12:00:00+00:00, run_after=2026-09-25 16:00:00+00:00
[2026-09-25T16:49:07.598+0000] {processor.py:208} INFO - Processing /home/airflow/.local/lib/python3.12/site-packages/airflow/example_dags/example_latest_only.py took 0.269 seconds
[2026-09-25T16:49:38.130+0000] {processor.py:186} INFO - Started process (PID=739) to work on /home/airflow/.local/lib/python3.12/site-packages/airflow/example_dags/example_latest_only.py
[2026-09-25T16:49:38.139+0000] {processor.py:914} INFO - Processing file /home/airflow/.local/lib/python3.12/site-packages/airflow/example_dags/example_latest_only.py for tasks to queue
[2026-09-25T16:49:38.152+0000] {logging_mixin.py:190} INFO - [2026-09-25T16:49:38.151+0000] {dagbag.py:588} INFO - Filling up the DagBag from /home/airflow/.local/lib/python3.12/site-packages/airflow/example_dags/example_latest_only.py
[2026-09-25T16:49:38.188+0000] {processor.py:925} INFO - DAG(s) 'latest_only' retrieved from /home/airflow/.local/lib/python3.12/site-packages/airflow/example_dags/example_latest_only.py
[2026-09-25T16:49:38.250+0000] {logging_mixin.py:190} INFO - [2026-09-25T16:49:38.249+0000] {dag.py:3239} INFO - Sync 1 DAGs
[2026-09-25T16:49:38.521+0000] {logging_mixin.py:190} INFO - [2026-09-25T16:49:38.520+0000] {dag.py:4180} INFO - Setting next_dagrun for latest_only to 2026-09-25 12:00:00+00:00, run_after=2026-09-25 16:00:00+00:00
[2026-09-25T16:49:38.693+0000] {processor.py:208} INFO - Processing /home/airflow/.local/lib/python3.12/site-packages/airflow/example_dags/example_latest_only.py took 0.657 seconds
[2026-09-25T16:55:47.177+0000] {processor.py:186} INFO - Started process (PID=60) to work on /home/airflow/.local/lib/python3.12/site-packages/airflow/example_dags/example_latest_only.py
[2026-09-25T16:55:47.180+0000] {processor.py:914} INFO - Processing file /home/airflow/.local/lib/python3.12/site-packages/airflow/example_dags/example_latest_only.py for tasks to queue
[2026-09-25T16:55:47.186+0000] {logging_mixin.py:190} INFO - [2026-09-25T16:55:47.185+0000] {dagbag.py:588} INFO - Filling up the DagBag from /home/airflow/.local/lib/python3.12/site-packages/airflow/example_dags/example_latest_only.py
[2026-09-25T16:55:47.214+0000] {processor.py:925} INFO - DAG(s) 'latest_only' retrieved from /home/airflow/.local/lib/python3.12/site-packages/airflow/example_dags/example_latest_only.py
[2026-09-25T16:55:47.336+0000] {logging_mixin.py:190} INFO - [2026-09-25T16:55:47.336+0000] {dag.py:3239} INFO - Sync 1 DAGs
[2026-09-25T16:55:47.436+0000] {logging_mixin.py:190} INFO - [2026-09-25T16:55:47.435+0000] {dag.py:4180} INFO - Setting next_dagrun for latest_only to 2026-09-25 12:00:00+00:00, run_after=2026-09-25 16:00:00+00:00
[2026-09-25T16:55:47.506+0000] {processor.py:208} INFO - Processing /home/airflow/.local/lib/python3.12/site-packages/airflow/example_dags/example_latest_only.py took 0.339 seconds
[2026-09-25T16:58:23.401+0000] {processor.py:186} INFO - Started process (PID=145) to work on /home/airflow/.local/lib/python3.12/site-packages/airflow/example_dags/example_latest_only.py
[2026-09-25T16:58:23.406+0000] {processor.py:914} INFO - Processing file /home/airflow/.local/lib/python3.12/site-packages/airflow/example_dags/example_latest_only.py for tasks to queue
[2026-09-25T16:58:23.423+0000] {logging_mixin.py:190} INFO - [2026-09-25T16:58:23.422+0000] {dagbag.py:588} INFO - Filling up the DagBag from /home/airflow/.local/lib/python3.12/site-packages/airflow/example_dags/example_latest_only.py
[2026-09-25T16:58:23.455+0000] {processor.py:925} INFO - DAG(s) 'latest_only' retrieved from /home/airflow/.local/lib/python3.12/site-packages/airflow/example_dags/example_latest_only.py
[2026-09-25T16:58:23.528+0000] {logging_mixin.py:190} INFO - [2026-09-25T16:58:23.527+0000] {dag.py:3239} INFO - Sync 1 DAGs
[2026-09-25T16:58:23.654+0000] {logging_mixin.py:190} INFO - [2026-09-25T16:58:23.654+0000] {dag.py:4180} INFO - Setting next_dagrun for latest_only to 2026-09-25 12:00:00+00:00, run_after=2026-09-25 16:00:00+00:00
[2026-09-25T16:58:23.767+0000] {processor.py:208} INFO - Processing /home/airflow/.local/lib/python3.12/site-packages/airflow/example_dags/example_latest_only.py took 0.402 seconds
[2026-09-25T16:58:56.044+0000] {processor.py:186} INFO - Started process (PID=208) to work on /home/airflow/.local/lib/python3.12/site-packages/airflow/example_dags/example_latest_only.py
[2026-09-25T16:58:56.058+0000] {processor.py:914} INFO - Processing file /home/airflow/.local/lib/python3.12/site-packages/airflow/example_dags/example_latest_only.py for tasks to queue
[2026-09-25T16:58:56.075+0000] {logging_mixin.py:190} INFO - [2026-09-25T16:58:56.075+0000] {dagbag.py:588} INFO - Filling up the DagBag from /home/airflow/.local/lib/python3.12/site-packages/airflow/example_dags/example_latest_only.py
[2026-09-25T16:58:56.132+0000] {processor.py:925} INFO - DAG(s) 'latest_only' retrieved from /home/airflow/.local/lib/python3.12/site-packages/airflow/example_dags/example_latest_only.py
[2026-09-25T16:58:56.257+0000] {logging_mixin.py:190} INFO - [2026-09-25T16:58:56.257+0000] {dag.py:3239} INFO - Sync 1 DAGs
[2026-09-25T16:58:56.403+0000] {logging_mixin.py:190} INFO - [2026-09-25T16:58:56.398+0000] {dag.py:4180} INFO - Setting next_dagrun for latest_only to 2026-09-25 12:00:00+00:00, run_after=2026-09-25 16:00:00+00:00
[2026-09-25T16:58:56.594+0000] {processor.py:208} INFO - Processing /home/airflow/.local/lib/python3.12/site-packages/airflow/example_dags/example_latest_only.py took 0.569 seconds
[2026-09-25T16:59:27.152+0000] {processor.py:186} INFO - Started process (PID=270) to work on /home/airflow/.local/lib/python3.12/site-packages/airflow/example_dags/example_latest_only.py
[2026-09-25T16:59:27.160+0000] {processor.py:914} INFO - Processing file /home/airflow/.local/lib/python3.12/site-packages/airflow/example_dags/example_latest_only.py for tasks to queue
[2026-09-25T16:59:27.168+0000] {logging_mixin.py:190} INFO - [2026-09-25T16:59:27.168+0000] {dagbag.py:588} INFO - Filling up the DagBag from /home/airflow/.local/lib/python3.12/site-packages/airflow/example_dags/example_latest_only.py
[2026-09-25T16:59:27.194+0000] {processor.py:925} INFO - DAG(s) 'latest_only' retrieved from /home/airflow/.local/lib/python3.12/site-packages/airflow/example_dags/example_latest_only.py
[2026-09-25T16:59:27.300+0000] {logging_mixin.py:190} INFO - [2026-09-25T16:59:27.300+0000] {dag.py:3239} INFO - Sync 1 DAGs
[2026-09-25T16:59:27.385+0000] {logging_mixin.py:190} INFO - [2026-09-25T16:59:27.384+0000] {dag.py:4180} INFO - Setting next_dagrun for latest_only to 2026-09-25 12:00:00+00:00, run_after=2026-09-25 16:00:00+00:00
[2026-09-25T16:59:27.470+0000] {processor.py:208} INFO - Processing /home/airflow/.local/lib/python3.12/site-packages/airflow/example_dags/example_latest_only.py took 0.342 seconds
[2026-09-25T16:59:59.036+0000] {processor.py:186} INFO - Started process (PID=326) to work on /home/airflow/.local/lib/python3.12/site-packages/airflow/example_dags/example_latest_only.py
[2026-09-25T16:59:59.040+0000] {processor.py:914} INFO - Processing file /home/airflow/.local/lib/python3.12/site-packages/airflow/example_dags/example_latest_only.py for tasks to queue
[2026-09-25T16:59:59.054+0000] {logging_mixin.py:190} INFO - [2026-09-25T16:59:59.053+0000] {dagbag.py:588} INFO - Filling up the DagBag from /home/airflow/.local/lib/python3.12/site-packages/airflow/example_dags/example_latest_only.py
[2026-09-25T16:59:59.072+0000] {processor.py:925} INFO - DAG(s) 'latest_only' retrieved from /home/airflow/.local/lib/python3.12/site-packages/airflow/example_dags/example_latest_only.py
[2026-09-25T16:59:59.125+0000] {logging_mixin.py:190} INFO - [2026-09-25T16:59:59.125+0000] {dag.py:3239} INFO - Sync 1 DAGs
[2026-09-25T16:59:59.184+0000] {logging_mixin.py:190} INFO - [2026-09-25T16:59:59.184+0000] {dag.py:4180} INFO - Setting next_dagrun for latest_only to 2026-09-25 12:00:00+00:00, run_after=2026-09-25 16:00:00+00:00
[2026-09-25T16:59:59.234+0000] {processor.py:208} INFO - Processing /home/airflow/.local/lib/python3.12/site-packages/airflow/example_dags/example_latest_only.py took 0.251 seconds
[2026-09-25T17:00:33.222+0000] {processor.py:186} INFO - Started process (PID=395) to work on /home/airflow/.local/lib/python3.12/site-packages/airflow/example_dags/example_latest_only.py
[2026-09-25T17:00:33.224+0000] {processor.py:914} INFO - Processing file /home/airflow/.local/lib/python3.12/site-packages/airflow/example_dags/example_latest_only.py for tasks to queue
[2026-09-25T17:00:33.228+0000] {logging_mixin.py:190} INFO - [2026-09-25T17:00:33.228+0000] {dagbag.py:588} INFO - Filling up the DagBag from /home/airflow/.local/lib/python3.12/site-packages/airflow/example_dags/example_latest_only.py
[2026-09-25T17:00:33.240+0000] {processor.py:925} INFO - DAG(s) 'latest_only' retrieved from /home/airflow/.local/lib/python3.12/site-packages/airflow/example_dags/example_latest_only.py
[2026-09-25T17:00:33.290+0000] {logging_mixin.py:190} INFO - [2026-09-25T17:00:33.290+0000] {dag.py:3239} INFO - Sync 1 DAGs
[2026-09-25T17:00:33.333+0000] {logging_mixin.py:190} INFO - [2026-09-25T17:00:33.333+0000] {dag.py:4180} INFO - Setting next_dagrun for latest_only to 2026-09-25 12:00:00+00:00, run_after=2026-09-25 16:00:00+00:00
[2026-09-25T17:00:33.369+0000] {processor.py:208} INFO - Processing /home/airflow/.local/lib/python3.12/site-packages/airflow/example_dags/example_latest_only.py took 0.158 seconds
[2026-09-25T17:01:07.907+0000] {processor.py:186} INFO - Started process (PID=457) to work on /home/airflow/.local/lib/python3.12/site-packages/airflow/example_dags/example_latest_only.py
[2026-09-25T17:01:07.911+0000] {processor.py:914} INFO - Processing file /home/airflow/.local/lib/python3.12/site-packages/airflow/example_dags/example_latest_only.py for tasks to queue
[2026-09-25T17:01:07.917+0000] {logging_mixin.py:190} INFO - [2026-09-25T17:01:07.916+0000] {dagbag.py:588} INFO - Filling up the DagBag from /home/airflow/.local/lib/python3.12/site-packages/airflow/example_dags/example_latest_only.py
[2026-09-25T17:01:07.931+0000] {processor.py:925} INFO - DAG(s) 'latest_only' retrieved from /home/airflow/.local/lib/python3.12/site-packages/airflow/example_dags/example_latest_only.py
[2026-09-25T17:01:07.977+0000] {logging_mixin.py:190} INFO - [2026-09-25T17:01:07.977+0000] {dag.py:3239} INFO - Sync 1 DAGs
[2026-09-25T17:01:08.035+0000] {logging_mixin.py:190} INFO - [2026-09-25T17:01:08.034+0000] {dag.py:4180} INFO - Setting next_dagrun for latest_only to 2026-09-25 12:00:00+00:00, run_after=2026-09-25 16:00:00+00:00
[2026-09-25T17:01:08.077+0000] {processor.py:208} INFO - Processing /home/airflow/.local/lib/python3.12/site-packages/airflow/example_dags/example_latest_only.py took 0.186 seconds
[2026-09-25T17:01:40.586+0000] {processor.py:186} INFO - Started process (PID=519) to work on /home/airflow/.local/lib/python3.12/site-packages/airflow/example_dags/example_latest_only.py
[2026-09-25T17:01:40.589+0000] {processor.py:914} INFO - Processing file /home/airflow/.local/lib/python3.12/site-packages/airflow/example_dags/example_latest_only.py for tasks to queue
[2026-09-25T17:01:40.604+0000] {logging_mixin.py:190} INFO - [2026-09-25T17:01:40.603+0000] {dagbag.py:588} INFO - Filling up the DagBag from /home/airflow/.local/lib/python3.12/site-packages/airflow/example_dags/example_latest_only.py
[2026-09-25T17:01:40.653+0000] {processor.py:925} INFO - DAG(s) 'latest_only' retrieved from /home/airflow/.local/lib/python3.12/site-packages/airflow/example_dags/example_latest_only.py
[2026-09-25T17:01:40.754+0000] {logging_mixin.py:190} INFO - [2026-09-25T17:01:40.751+0000] {dag.py:3239} INFO - Sync 1 DAGs
[2026-09-25T17:01:40.843+0000] {logging_mixin.py:190} INFO - [2026-09-25T17:01:40.843+0000] {dag.py:4180} INFO - Setting next_dagrun for latest_only to 2026-09-25 12:00:00+00:00, run_after=2026-09-25 16:00:00+00:00
[2026-09-25T17:01:40.934+0000] {processor.py:208} INFO - Processing /home/airflow/.local/lib/python3.12/site-packages/airflow/example_dags/example_latest_only.py took 0.375 seconds
[2026-09-25T17:02:16.013+0000] {processor.py:186} INFO - Started process (PID=566) to work on /home/airflow/.local/lib/python3.12/site-packages/airflow/example_dags/example_latest_only.py
[2026-09-25T17:02:16.053+0000] {processor.py:914} INFO - Processing file /home/airflow/.local/lib/python3.12/site-packages/airflow/example_dags/example_latest_only.py for tasks to queue
[2026-09-25T17:02:16.122+0000] {logging_mixin.py:190} INFO - [2026-09-25T17:02:16.121+0000] {dagbag.py:588} INFO - Filling up the DagBag from /home/airflow/.local/lib/python3.12/site-packages/airflow/example_dags/example_latest_only.py
[2026-09-25T17:02:16.309+0000] {processor.py:925} INFO - DAG(s) 'latest_only' retrieved from /home/airflow/.local/lib/python3.12/site-packages/airflow/example_dags/example_latest_only.py
[2026-09-25T17:02:16.542+0000] {logging_mixin.py:190} INFO - [2026-09-25T17:02:16.541+0000] {dag.py:3239} INFO - Sync 1 DAGs
[2026-09-25T17:02:16.657+0000] {logging_mixin.py:190} INFO - [2026-09-25T17:02:16.657+0000] {dag.py:4180} INFO - Setting next_dagrun for latest_only to 2026-09-25 12:00:00+00:00, run_after=2026-09-25 16:00:00+00:00
[2026-09-25T17:02:16.715+0000] {processor.py:208} INFO - Processing /home/airflow/.local/lib/python3.12/site-packages/airflow/example_dags/example_latest_only.py took 0.858 seconds
[2026-09-25T17:02:47.511+0000] {processor.py:186} INFO - Started process (PID=629) to work on /home/airflow/.local/lib/python3.12/site-packages/airflow/example_dags/example_latest_only.py
[2026-09-25T17:02:47.518+0000] {processor.py:914} INFO - Processing file /home/airflow/.local/lib/python3.12/site-packages/airflow/example_dags/example_latest_only.py for tasks to queue
[2026-09-25T17:02:47.569+0000] {logging_mixin.py:190} INFO - [2026-09-25T17:02:47.568+0000] {dagbag.py:588} INFO - Filling up the DagBag from /home/airflow/.local/lib/python3.12/site-packages/airflow/example_dags/example_latest_only.py
[2026-09-25T17:02:47.617+0000] {processor.py:925} INFO - DAG(s) 'latest_only' retrieved from /home/airflow/.local/lib/python3.12/site-packages/airflow/example_dags/example_latest_only.py
[2026-09-25T17:02:47.932+0000] {logging_mixin.py:190} INFO - [2026-09-25T17:02:47.929+0000] {dag.py:3239} INFO - Sync 1 DAGs
[2026-09-25T17:02:48.133+0000] {logging_mixin.py:190} INFO - [2026-09-25T17:02:48.133+0000] {dag.py:4180} INFO - Setting next_dagrun for latest_only to 2026-09-25 12:00:00+00:00, run_after=2026-09-25 16:00:00+00:00
[2026-09-25T17:02:48.387+0000] {processor.py:208} INFO - Processing /home/airflow/.local/lib/python3.12/site-packages/airflow/example_dags/example_latest_only.py took 0.910 seconds
[2026-09-25T17:03:19.010+0000] {processor.py:186} INFO - Started process (PID=692) to work on /home/airflow/.local/lib/python3.12/site-packages/airflow/example_dags/example_latest_only.py
[2026-09-25T17:03:19.021+0000] {processor.py:914} INFO - Processing file /home/airflow/.local/lib/python3.12/site-packages/airflow/example_dags/example_latest_only.py for tasks to queue
[2026-09-25T17:03:19.025+0000] {logging_mixin.py:190} INFO - [2026-09-25T17:03:19.025+0000] {dagbag.py:588} INFO - Filling up the DagBag from /home/airflow/.local/lib/python3.12/site-packages/airflow/example_dags/example_latest_only.py
[2026-09-25T17:03:19.041+0000] {processor.py:925} INFO - DAG(s) 'latest_only' retrieved from /home/airflow/.local/lib/python3.12/site-packages/airflow/example_dags/example_latest_only.py
[2026-09-25T17:03:19.079+0000] {logging_mixin.py:190} INFO - [2026-09-25T17:03:19.079+0000] {dag.py:3239} INFO - Sync 1 DAGs
[2026-09-25T17:03:19.127+0000] {logging_mixin.py:190} INFO - [2026-09-25T17:03:19.126+0000] {dag.py:4180} INFO - Setting next_dagrun for latest_only to 2026-09-25 12:00:00+00:00, run_after=2026-09-25 16:00:00+00:00
[2026-09-25T17:03:19.169+0000] {processor.py:208} INFO - Processing /home/airflow/.local/lib/python3.12/site-packages/airflow/example_dags/example_latest_only.py took 0.176 seconds
[2026-09-25T17:03:51.387+0000] {processor.py:186} INFO - Started process (PID=753) to work on /home/airflow/.local/lib/python3.12/site-packages/airflow/example_dags/example_latest_only.py
[2026-09-25T17:03:51.392+0000] {processor.py:914} INFO - Processing file /home/airflow/.local/lib/python3.12/site-packages/airflow/example_dags/example_latest_only.py for tasks to queue
[2026-09-25T17:03:51.397+0000] {logging_mixin.py:190} INFO - [2026-09-25T17:03:51.396+0000] {dagbag.py:588} INFO - Filling up the DagBag from /home/airflow/.local/lib/python3.12/site-packages/airflow/example_dags/example_latest_only.py
[2026-09-25T17:03:51.411+0000] {processor.py:925} INFO - DAG(s) 'latest_only' retrieved from /home/airflow/.local/lib/python3.12/site-packages/airflow/example_dags/example_latest_only.py
[2026-09-25T17:03:51.447+0000] {logging_mixin.py:190} INFO - [2026-09-25T17:03:51.446+0000] {dag.py:3239} INFO - Sync 1 DAGs
[2026-09-25T17:03:51.495+0000] {logging_mixin.py:190} INFO - [2026-09-25T17:03:51.495+0000] {dag.py:4180} INFO - Setting next_dagrun for latest_only to 2026-09-25 12:00:00+00:00, run_after=2026-09-25 16:00:00+00:00
[2026-09-25T17:03:51.533+0000] {processor.py:208} INFO - Processing /home/airflow/.local/lib/python3.12/site-packages/airflow/example_dags/example_latest_only.py took 0.159 seconds
[2026-09-25T17:04:22.608+0000] {processor.py:186} INFO - Started process (PID=815) to work on /home/airflow/.local/lib/python3.12/site-packages/airflow/example_dags/example_latest_only.py
[2026-09-25T17:04:22.612+0000] {processor.py:914} INFO - Processing file /home/airflow/.local/lib/python3.12/site-packages/airflow/example_dags/example_latest_only.py for tasks to queue
[2026-09-25T17:04:22.616+0000] {logging_mixin.py:190} INFO - [2026-09-25T17:04:22.616+0000] {dagbag.py:588} INFO - Filling up the DagBag from /home/airflow/.local/lib/python3.12/site-packages/airflow/example_dags/example_latest_only.py
[2026-09-25T17:04:22.630+0000] {processor.py:925} INFO - DAG(s) 'latest_only' retrieved from /home/airflow/.local/lib/python3.12/site-packages/airflow/example_dags/example_latest_only.py
[2026-09-25T17:04:22.678+0000] {logging_mixin.py:190} INFO - [2026-09-25T17:04:22.678+0000] {dag.py:3239} INFO - Sync 1 DAGs
[2026-09-25T17:04:22.722+0000] {logging_mixin.py:190} INFO - [2026-09-25T17:04:22.721+0000] {dag.py:4180} INFO - Setting next_dagrun for latest_only to 2026-09-25 12:00:00+00:00, run_after=2026-09-25 16:00:00+00:00
[2026-09-25T17:04:22.763+0000] {processor.py:208} INFO - Processing /home/airflow/.local/lib/python3.12/site-packages/airflow/example_dags/example_latest_only.py took 0.165 seconds
[2026-09-25T17:04:56.879+0000] {processor.py:186} INFO - Started process (PID=875) to work on /home/airflow/.local/lib/python3.12/site-packages/airflow/example_dags/example_latest_only.py
[2026-09-25T17:04:56.894+0000] {processor.py:914} INFO - Processing file /home/airflow/.local/lib/python3.12/site-packages/airflow/example_dags/example_latest_only.py for tasks to queue
[2026-09-25T17:04:56.917+0000] {logging_mixin.py:190} INFO - [2026-09-25T17:04:56.917+0000] {dagbag.py:588} INFO - Filling up the DagBag from /home/airflow/.local/lib/python3.12/site-packages/airflow/example_dags/example_latest_only.py
[2026-09-25T17:04:56.956+0000] {processor.py:925} INFO - DAG(s) 'latest_only' retrieved from /home/airflow/.local/lib/python3.12/site-packages/airflow/example_dags/example_latest_only.py
[2026-09-25T17:04:57.085+0000] {logging_mixin.py:190} INFO - [2026-09-25T17:04:57.084+0000] {dag.py:3239} INFO - Sync 1 DAGs
[2026-09-25T17:04:57.177+0000] {logging_mixin.py:190} INFO - [2026-09-25T17:04:57.176+0000] {dag.py:4180} INFO - Setting next_dagrun for latest_only to 2026-09-25 12:00:00+00:00, run_after=2026-09-25 16:00:00+00:00
[2026-09-25T17:04:57.226+0000] {processor.py:208} INFO - Processing /home/airflow/.local/lib/python3.12/site-packages/airflow/example_dags/example_latest_only.py took 0.406 seconds
[2026-09-25T17:05:32.986+0000] {processor.py:186} INFO - Started process (PID=936) to work on /home/airflow/.local/lib/python3.12/site-packages/airflow/example_dags/example_latest_only.py
[2026-09-25T17:05:32.989+0000] {processor.py:914} INFO - Processing file /home/airflow/.local/lib/python3.12/site-packages/airflow/example_dags/example_latest_only.py for tasks to queue
[2026-09-25T17:05:32.996+0000] {logging_mixin.py:190} INFO - [2026-09-25T17:05:32.994+0000] {dagbag.py:588} INFO - Filling up the DagBag from /home/airflow/.local/lib/python3.12/site-packages/airflow/example_dags/example_latest_only.py
[2026-09-25T17:05:33.021+0000] {processor.py:925} INFO - DAG(s) 'latest_only' retrieved from /home/airflow/.local/lib/python3.12/site-packages/airflow/example_dags/example_latest_only.py
[2026-09-25T17:05:33.071+0000] {logging_mixin.py:190} INFO - [2026-09-25T17:05:33.071+0000] {dag.py:3239} INFO - Sync 1 DAGs
[2026-09-25T17:05:33.134+0000] {logging_mixin.py:190} INFO - [2026-09-25T17:05:33.133+0000] {dag.py:4180} INFO - Setting next_dagrun for latest_only to 2026-09-25 12:00:00+00:00, run_after=2026-09-25 16:00:00+00:00
[2026-09-25T17:05:33.184+0000] {processor.py:208} INFO - Processing /home/airflow/.local/lib/python3.12/site-packages/airflow/example_dags/example_latest_only.py took 0.209 seconds
[2026-09-25T17:06:03.738+0000] {processor.py:186} INFO - Started process (PID=989) to work on /home/airflow/.local/lib/python3.12/site-packages/airflow/example_dags/example_latest_only.py
[2026-09-25T17:06:03.741+0000] {processor.py:914} INFO - Processing file /home/airflow/.local/lib/python3.12/site-packages/airflow/example_dags/example_latest_only.py for tasks to queue
[2026-09-25T17:06:03.747+0000] {logging_mixin.py:190} INFO - [2026-09-25T17:06:03.746+0000] {dagbag.py:588} INFO - Filling up the DagBag from /home/airflow/.local/lib/python3.12/site-packages/airflow/example_dags/example_latest_only.py
[2026-09-25T17:06:03.764+0000] {processor.py:925} INFO - DAG(s) 'latest_only' retrieved from /home/airflow/.local/lib/python3.12/site-packages/airflow/example_dags/example_latest_only.py
[2026-09-25T17:06:03.817+0000] {logging_mixin.py:190} INFO - [2026-09-25T17:06:03.816+0000] {dag.py:3239} INFO - Sync 1 DAGs
[2026-09-25T17:06:03.876+0000] {logging_mixin.py:190} INFO - [2026-09-25T17:06:03.876+0000] {dag.py:4180} INFO - Setting next_dagrun for latest_only to 2026-09-25 12:00:00+00:00, run_after=2026-09-25 16:00:00+00:00
[2026-09-25T17:06:03.936+0000] {processor.py:208} INFO - Processing /home/airflow/.local/lib/python3.12/site-packages/airflow/example_dags/example_latest_only.py took 0.212 seconds
[2026-09-25T17:06:35.088+0000] {processor.py:186} INFO - Started process (PID=1048) to work on /home/airflow/.local/lib/python3.12/site-packages/airflow/example_dags/example_latest_only.py
[2026-09-25T17:06:35.091+0000] {processor.py:914} INFO - Processing file /home/airflow/.local/lib/python3.12/site-packages/airflow/example_dags/example_latest_only.py for tasks to queue
[2026-09-25T17:06:35.101+0000] {logging_mixin.py:190} INFO - [2026-09-25T17:06:35.100+0000] {dagbag.py:588} INFO - Filling up the DagBag from /home/airflow/.local/lib/python3.12/site-packages/airflow/example_dags/example_latest_only.py
[2026-09-25T17:06:35.125+0000] {processor.py:925} INFO - DAG(s) 'latest_only' retrieved from /home/airflow/.local/lib/python3.12/site-packages/airflow/example_dags/example_latest_only.py
[2026-09-25T17:06:35.370+0000] {logging_mixin.py:190} INFO - [2026-09-25T17:06:35.366+0000] {dag.py:3239} INFO - Sync 1 DAGs
[2026-09-25T17:06:36.488+0000] {logging_mixin.py:190} INFO - [2026-09-25T17:06:36.487+0000] {dag.py:4180} INFO - Setting next_dagrun for latest_only to 2026-09-25 12:00:00+00:00, run_after=2026-09-25 16:00:00+00:00
[2026-09-25T17:06:36.835+0000] {processor.py:208} INFO - Processing /home/airflow/.local/lib/python3.12/site-packages/airflow/example_dags/example_latest_only.py took 1.769 seconds
[2026-09-25T17:07:08.874+0000] {processor.py:186} INFO - Started process (PID=1113) to work on /home/airflow/.local/lib/python3.12/site-packages/airflow/example_dags/example_latest_only.py
[2026-09-25T17:07:08.876+0000] {processor.py:914} INFO - Processing file /home/airflow/.local/lib/python3.12/site-packages/airflow/example_dags/example_latest_only.py for tasks to queue
[2026-09-25T17:07:08.880+0000] {logging_mixin.py:190} INFO - [2026-09-25T17:07:08.880+0000] {dagbag.py:588} INFO - Filling up the DagBag from /home/airflow/.local/lib/python3.12/site-packages/airflow/example_dags/example_latest_only.py
[2026-09-25T17:07:08.896+0000] {processor.py:925} INFO - DAG(s) 'latest_only' retrieved from /home/airflow/.local/lib/python3.12/site-packages/airflow/example_dags/example_latest_only.py
[2026-09-25T17:07:08.960+0000] {logging_mixin.py:190} INFO - [2026-09-25T17:07:08.960+0000] {dag.py:3239} INFO - Sync 1 DAGs
[2026-09-25T17:07:09.040+0000] {logging_mixin.py:190} INFO - [2026-09-25T17:07:09.040+0000] {dag.py:4180} INFO - Setting next_dagrun for latest_only to 2026-09-25 12:00:00+00:00, run_after=2026-09-25 16:00:00+00:00
[2026-09-25T17:07:09.091+0000] {processor.py:208} INFO - Processing /home/airflow/.local/lib/python3.12/site-packages/airflow/example_dags/example_latest_only.py took 0.228 seconds
[2026-09-25T17:07:39.715+0000] {processor.py:186} INFO - Started process (PID=1173) to work on /home/airflow/.local/lib/python3.12/site-packages/airflow/example_dags/example_latest_only.py
[2026-09-25T17:07:39.747+0000] {processor.py:914} INFO - Processing file /home/airflow/.local/lib/python3.12/site-packages/airflow/example_dags/example_latest_only.py for tasks to queue
[2026-09-25T17:07:39.760+0000] {logging_mixin.py:190} INFO - [2026-09-25T17:07:39.760+0000] {dagbag.py:588} INFO - Filling up the DagBag from /home/airflow/.local/lib/python3.12/site-packages/airflow/example_dags/example_latest_only.py
[2026-09-25T17:07:39.794+0000] {processor.py:925} INFO - DAG(s) 'latest_only' retrieved from /home/airflow/.local/lib/python3.12/site-packages/airflow/example_dags/example_latest_only.py
[2026-09-25T17:07:39.886+0000] {logging_mixin.py:190} INFO - [2026-09-25T17:07:39.885+0000] {dag.py:3239} INFO - Sync 1 DAGs
[2026-09-25T17:07:40.042+0000] {logging_mixin.py:190} INFO - [2026-09-25T17:07:40.036+0000] {dag.py:4180} INFO - Setting next_dagrun for latest_only to 2026-09-25 12:00:00+00:00, run_after=2026-09-25 16:00:00+00:00
[2026-09-25T17:07:40.109+0000] {processor.py:208} INFO - Processing /home/airflow/.local/lib/python3.12/site-packages/airflow/example_dags/example_latest_only.py took 0.458 seconds
[2026-09-25T17:08:10.926+0000] {processor.py:186} INFO - Started process (PID=1235) to work on /home/airflow/.local/lib/python3.12/site-packages/airflow/example_dags/example_latest_only.py
[2026-09-25T17:08:10.929+0000] {processor.py:914} INFO - Processing file /home/airflow/.local/lib/python3.12/site-packages/airflow/example_dags/example_latest_only.py for tasks to queue
[2026-09-25T17:08:10.938+0000] {logging_mixin.py:190} INFO - [2026-09-25T17:08:10.935+0000] {dagbag.py:588} INFO - Filling up the DagBag from /home/airflow/.local/lib/python3.12/site-packages/airflow/example_dags/example_latest_only.py
[2026-09-25T17:08:10.967+0000] {processor.py:925} INFO - DAG(s) 'latest_only' retrieved from /home/airflow/.local/lib/python3.12/site-packages/airflow/example_dags/example_latest_only.py
[2026-09-25T17:08:11.019+0000] {logging_mixin.py:190} INFO - [2026-09-25T17:08:11.018+0000] {dag.py:3239} INFO - Sync 1 DAGs
[2026-09-25T17:08:11.056+0000] {logging_mixin.py:190} INFO - [2026-09-25T17:08:11.056+0000] {dag.py:4180} INFO - Setting next_dagrun for latest_only to 2026-09-25 12:00:00+00:00, run_after=2026-09-25 16:00:00+00:00
[2026-09-25T17:08:11.087+0000] {processor.py:208} INFO - Processing /home/airflow/.local/lib/python3.12/site-packages/airflow/example_dags/example_latest_only.py took 0.176 seconds
[2026-09-25T17:08:41.869+0000] {processor.py:186} INFO - Started process (PID=1299) to work on /home/airflow/.local/lib/python3.12/site-packages/airflow/example_dags/example_latest_only.py
[2026-09-25T17:08:41.874+0000] {processor.py:914} INFO - Processing file /home/airflow/.local/lib/python3.12/site-packages/airflow/example_dags/example_latest_only.py for tasks to queue
[2026-09-25T17:08:41.883+0000] {logging_mixin.py:190} INFO - [2026-09-25T17:08:41.881+0000] {dagbag.py:588} INFO - Filling up the DagBag from /home/airflow/.local/lib/python3.12/site-packages/airflow/example_dags/example_latest_only.py
[2026-09-25T17:08:41.917+0000] {processor.py:925} INFO - DAG(s) 'latest_only' retrieved from /home/airflow/.local/lib/python3.12/site-packages/airflow/example_dags/example_latest_only.py
[2026-09-25T17:08:42.630+0000] {logging_mixin.py:190} INFO - [2026-09-25T17:08:42.630+0000] {dag.py:3239} INFO - Sync 1 DAGs
[2026-09-25T17:08:43.136+0000] {logging_mixin.py:190} INFO - [2026-09-25T17:08:43.134+0000] {dag.py:4180} INFO - Setting next_dagrun for latest_only to 2026-09-25 12:00:00+00:00, run_after=2026-09-25 16:00:00+00:00
[2026-09-25T17:08:43.258+0000] {processor.py:208} INFO - Processing /home/airflow/.local/lib/python3.12/site-packages/airflow/example_dags/example_latest_only.py took 1.438 seconds
[2026-09-25T17:09:13.871+0000] {processor.py:186} INFO - Started process (PID=1362) to work on /home/airflow/.local/lib/python3.12/site-packages/airflow/example_dags/example_latest_only.py
[2026-09-25T17:09:13.873+0000] {processor.py:914} INFO - Processing file /home/airflow/.local/lib/python3.12/site-packages/airflow/example_dags/example_latest_only.py for tasks to queue
[2026-09-25T17:09:13.881+0000] {logging_mixin.py:190} INFO - [2026-09-25T17:09:13.880+0000] {dagbag.py:588} INFO - Filling up the DagBag from /home/airflow/.local/lib/python3.12/site-packages/airflow/example_dags/example_latest_only.py
[2026-09-25T17:09:13.896+0000] {processor.py:925} INFO - DAG(s) 'latest_only' retrieved from /home/airflow/.local/lib/python3.12/site-packages/airflow/example_dags/example_latest_only.py
[2026-09-25T17:09:13.951+0000] {logging_mixin.py:190} INFO - [2026-09-25T17:09:13.950+0000] {dag.py:3239} INFO - Sync 1 DAGs
[2026-09-25T17:09:14.010+0000] {logging_mixin.py:190} INFO - [2026-09-25T17:09:14.010+0000] {dag.py:4180} INFO - Setting next_dagrun for latest_only to 2026-09-25 12:00:00+00:00, run_after=2026-09-25 16:00:00+00:00
[2026-09-25T17:09:14.053+0000] {processor.py:208} INFO - Processing /home/airflow/.local/lib/python3.12/site-packages/airflow/example_dags/example_latest_only.py took 0.196 seconds
[2026-09-25T17:09:50.914+0000] {processor.py:186} INFO - Started process (PID=1396) to work on /home/airflow/.local/lib/python3.12/site-packages/airflow/example_dags/example_latest_only.py
[2026-09-25T17:09:50.919+0000] {processor.py:914} INFO - Processing file /home/airflow/.local/lib/python3.12/site-packages/airflow/example_dags/example_latest_only.py for tasks to queue
[2026-09-25T17:09:50.938+0000] {logging_mixin.py:190} INFO - [2026-09-25T17:09:50.931+0000] {dagbag.py:588} INFO - Filling up the DagBag from /home/airflow/.local/lib/python3.12/site-packages/airflow/example_dags/example_latest_only.py
[2026-09-25T17:09:50.978+0000] {processor.py:925} INFO - DAG(s) 'latest_only' retrieved from /home/airflow/.local/lib/python3.12/site-packages/airflow/example_dags/example_latest_only.py
[2026-09-25T17:09:51.083+0000] {logging_mixin.py:190} INFO - [2026-09-25T17:09:51.083+0000] {dag.py:3239} INFO - Sync 1 DAGs
[2026-09-25T17:09:51.198+0000] {logging_mixin.py:190} INFO - [2026-09-25T17:09:51.198+0000] {dag.py:4180} INFO - Setting next_dagrun for latest_only to 2026-09-25 12:00:00+00:00, run_after=2026-09-25 16:00:00+00:00
[2026-09-25T17:09:51.272+0000] {processor.py:208} INFO - Processing /home/airflow/.local/lib/python3.12/site-packages/airflow/example_dags/example_latest_only.py took 0.398 seconds
[2026-09-25T17:10:54.787+0000] {processor.py:186} INFO - Started process (PID=1445) to work on /home/airflow/.local/lib/python3.12/site-packages/airflow/example_dags/example_latest_only.py
[2026-09-25T17:10:54.805+0000] {processor.py:914} INFO - Processing file /home/airflow/.local/lib/python3.12/site-packages/airflow/example_dags/example_latest_only.py for tasks to queue
[2026-09-25T17:10:54.888+0000] {logging_mixin.py:190} INFO - [2026-09-25T17:10:54.879+0000] {dagbag.py:588} INFO - Filling up the DagBag from /home/airflow/.local/lib/python3.12/site-packages/airflow/example_dags/example_latest_only.py
[2026-09-25T17:10:55.045+0000] {processor.py:925} INFO - DAG(s) 'latest_only' retrieved from /home/airflow/.local/lib/python3.12/site-packages/airflow/example_dags/example_latest_only.py
[2026-09-25T17:10:55.877+0000] {logging_mixin.py:190} INFO - [2026-09-25T17:10:55.877+0000] {dag.py:3239} INFO - Sync 1 DAGs
[2026-09-25T17:10:57.675+0000] {logging_mixin.py:190} INFO - [2026-09-25T17:10:57.674+0000] {dag.py:4180} INFO - Setting next_dagrun for latest_only to 2026-09-25 12:00:00+00:00, run_after=2026-09-25 16:00:00+00:00
[2026-09-25T17:10:58.202+0000] {processor.py:208} INFO - Processing /home/airflow/.local/lib/python3.12/site-packages/airflow/example_dags/example_latest_only.py took 3.648 seconds
[2026-09-25T17:12:58.746+0000] {processor.py:186} INFO - Started process (PID=1503) to work on /home/airflow/.local/lib/python3.12/site-packages/airflow/example_dags/example_latest_only.py
[2026-09-25T17:12:58.775+0000] {processor.py:914} INFO - Processing file /home/airflow/.local/lib/python3.12/site-packages/airflow/example_dags/example_latest_only.py for tasks to queue
[2026-09-25T17:12:58.883+0000] {logging_mixin.py:190} INFO - [2026-09-25T17:12:58.819+0000] {dagbag.py:588} INFO - Filling up the DagBag from /home/airflow/.local/lib/python3.12/site-packages/airflow/example_dags/example_latest_only.py
[2026-09-25T17:12:58.943+0000] {processor.py:925} INFO - DAG(s) 'latest_only' retrieved from /home/airflow/.local/lib/python3.12/site-packages/airflow/example_dags/example_latest_only.py
[2026-09-25T17:12:59.302+0000] {logging_mixin.py:190} INFO - [2026-09-25T17:12:59.302+0000] {dag.py:3239} INFO - Sync 1 DAGs
[2026-09-25T17:12:59.748+0000] {logging_mixin.py:190} INFO - [2026-09-25T17:12:59.735+0000] {dag.py:4180} INFO - Setting next_dagrun for latest_only to 2026-09-25 12:00:00+00:00, run_after=2026-09-25 16:00:00+00:00
[2026-09-25T17:13:00.142+0000] {processor.py:208} INFO - Processing /home/airflow/.local/lib/python3.12/site-packages/airflow/example_dags/example_latest_only.py took 1.583 seconds
[2026-09-25T17:14:31.108+0000] {processor.py:186} INFO - Started process (PID=1560) to work on /home/airflow/.local/lib/python3.12/site-packages/airflow/example_dags/example_latest_only.py
[2026-09-25T17:14:31.120+0000] {processor.py:914} INFO - Processing file /home/airflow/.local/lib/python3.12/site-packages/airflow/example_dags/example_latest_only.py for tasks to queue
[2026-09-25T17:14:31.143+0000] {logging_mixin.py:190} INFO - [2026-09-25T17:14:31.142+0000] {dagbag.py:588} INFO - Filling up the DagBag from /home/airflow/.local/lib/python3.12/site-packages/airflow/example_dags/example_latest_only.py
[2026-09-25T17:14:31.354+0000] {processor.py:925} INFO - DAG(s) 'latest_only' retrieved from /home/airflow/.local/lib/python3.12/site-packages/airflow/example_dags/example_latest_only.py
[2026-09-25T17:14:31.727+0000] {logging_mixin.py:190} INFO - [2026-09-25T17:14:31.726+0000] {dag.py:3239} INFO - Sync 1 DAGs
[2026-09-25T17:14:31.985+0000] {logging_mixin.py:190} INFO - [2026-09-25T17:14:31.984+0000] {dag.py:4180} INFO - Setting next_dagrun for latest_only to 2026-09-25 12:00:00+00:00, run_after=2026-09-25 16:00:00+00:00
[2026-09-25T17:14:32.105+0000] {processor.py:208} INFO - Processing /home/airflow/.local/lib/python3.12/site-packages/airflow/example_dags/example_latest_only.py took 1.201 seconds
[2026-09-25T17:15:14.515+0000] {processor.py:186} INFO - Started process (PID=1607) to work on /home/airflow/.local/lib/python3.12/site-packages/airflow/example_dags/example_latest_only.py
[2026-09-25T17:15:14.520+0000] {processor.py:914} INFO - Processing file /home/airflow/.local/lib/python3.12/site-packages/airflow/example_dags/example_latest_only.py for tasks to queue
[2026-09-25T17:15:14.573+0000] {logging_mixin.py:190} INFO - [2026-09-25T17:15:14.572+0000] {dagbag.py:588} INFO - Filling up the DagBag from /home/airflow/.local/lib/python3.12/site-packages/airflow/example_dags/example_latest_only.py
[2026-09-25T17:15:14.695+0000] {processor.py:925} INFO - DAG(s) 'latest_only' retrieved from /home/airflow/.local/lib/python3.12/site-packages/airflow/example_dags/example_latest_only.py
[2026-09-25T17:15:14.795+0000] {logging_mixin.py:190} INFO - [2026-09-25T17:15:14.794+0000] {dag.py:3239} INFO - Sync 1 DAGs
[2026-09-25T17:15:14.917+0000] {logging_mixin.py:190} INFO - [2026-09-25T17:15:14.916+0000] {dag.py:4180} INFO - Setting next_dagrun for latest_only to 2026-09-25 12:00:00+00:00, run_after=2026-09-25 16:00:00+00:00
[2026-09-25T17:15:15.051+0000] {processor.py:208} INFO - Processing /home/airflow/.local/lib/python3.12/site-packages/airflow/example_dags/example_latest_only.py took 0.641 seconds
[2026-09-25T17:15:49.625+0000] {processor.py:186} INFO - Started process (PID=1670) to work on /home/airflow/.local/lib/python3.12/site-packages/airflow/example_dags/example_latest_only.py
[2026-09-25T17:15:49.728+0000] {processor.py:914} INFO - Processing file /home/airflow/.local/lib/python3.12/site-packages/airflow/example_dags/example_latest_only.py for tasks to queue
[2026-09-25T17:15:49.762+0000] {logging_mixin.py:190} INFO - [2026-09-25T17:15:49.762+0000] {dagbag.py:588} INFO - Filling up the DagBag from /home/airflow/.local/lib/python3.12/site-packages/airflow/example_dags/example_latest_only.py
[2026-09-25T17:15:49.793+0000] {processor.py:925} INFO - DAG(s) 'latest_only' retrieved from /home/airflow/.local/lib/python3.12/site-packages/airflow/example_dags/example_latest_only.py
[2026-09-25T17:15:49.869+0000] {logging_mixin.py:190} INFO - [2026-09-25T17:15:49.869+0000] {dag.py:3239} INFO - Sync 1 DAGs
[2026-09-25T17:15:49.961+0000] {logging_mixin.py:190} INFO - [2026-09-25T17:15:49.961+0000] {dag.py:4180} INFO - Setting next_dagrun for latest_only to 2026-09-25 12:00:00+00:00, run_after=2026-09-25 16:00:00+00:00
[2026-09-25T17:15:50.105+0000] {processor.py:208} INFO - Processing /home/airflow/.local/lib/python3.12/site-packages/airflow/example_dags/example_latest_only.py took 0.503 seconds
[2026-09-25T17:16:35.526+0000] {processor.py:186} INFO - Started process (PID=1738) to work on /home/airflow/.local/lib/python3.12/site-packages/airflow/example_dags/example_latest_only.py
[2026-09-25T17:16:35.598+0000] {processor.py:914} INFO - Processing file /home/airflow/.local/lib/python3.12/site-packages/airflow/example_dags/example_latest_only.py for tasks to queue
[2026-09-25T17:16:36.005+0000] {logging_mixin.py:190} INFO - [2026-09-25T17:16:35.985+0000] {dagbag.py:588} INFO - Filling up the DagBag from /home/airflow/.local/lib/python3.12/site-packages/airflow/example_dags/example_latest_only.py
[2026-09-25T17:16:36.152+0000] {processor.py:925} INFO - DAG(s) 'latest_only' retrieved from /home/airflow/.local/lib/python3.12/site-packages/airflow/example_dags/example_latest_only.py
[2026-09-25T17:16:36.338+0000] {logging_mixin.py:190} INFO - [2026-09-25T17:16:36.323+0000] {dag.py:3239} INFO - Sync 1 DAGs
[2026-09-25T17:16:36.683+0000] {logging_mixin.py:190} INFO - [2026-09-25T17:16:36.683+0000] {dag.py:4180} INFO - Setting next_dagrun for latest_only to 2026-09-25 12:00:00+00:00, run_after=2026-09-25 16:00:00+00:00
[2026-09-25T17:16:36.907+0000] {processor.py:208} INFO - Processing /home/airflow/.local/lib/python3.12/site-packages/airflow/example_dags/example_latest_only.py took 3.423 seconds
[2026-09-25T17:17:10.774+0000] {processor.py:186} INFO - Started process (PID=1800) to work on /home/airflow/.local/lib/python3.12/site-packages/airflow/example_dags/example_latest_only.py
[2026-09-25T17:17:10.780+0000] {processor.py:914} INFO - Processing file /home/airflow/.local/lib/python3.12/site-packages/airflow/example_dags/example_latest_only.py for tasks to queue
[2026-09-25T17:17:10.789+0000] {logging_mixin.py:190} INFO - [2026-09-25T17:17:10.788+0000] {dagbag.py:588} INFO - Filling up the DagBag from /home/airflow/.local/lib/python3.12/site-packages/airflow/example_dags/example_latest_only.py
[2026-09-25T17:17:10.863+0000] {processor.py:925} INFO - DAG(s) 'latest_only' retrieved from /home/airflow/.local/lib/python3.12/site-packages/airflow/example_dags/example_latest_only.py
[2026-09-25T17:17:10.921+0000] {logging_mixin.py:190} INFO - [2026-09-25T17:17:10.921+0000] {dag.py:3239} INFO - Sync 1 DAGs
[2026-09-25T17:17:10.990+0000] {logging_mixin.py:190} INFO - [2026-09-25T17:17:10.990+0000] {dag.py:4180} INFO - Setting next_dagrun for latest_only to 2026-09-25 12:00:00+00:00, run_after=2026-09-25 16:00:00+00:00
[2026-09-25T17:17:11.069+0000] {processor.py:208} INFO - Processing /home/airflow/.local/lib/python3.12/site-packages/airflow/example_dags/example_latest_only.py took 0.312 seconds
[2026-09-25T17:17:50.582+0000] {processor.py:186} INFO - Started process (PID=1863) to work on /home/airflow/.local/lib/python3.12/site-packages/airflow/example_dags/example_latest_only.py
[2026-09-25T17:17:50.585+0000] {processor.py:914} INFO - Processing file /home/airflow/.local/lib/python3.12/site-packages/airflow/example_dags/example_latest_only.py for tasks to queue
[2026-09-25T17:17:50.596+0000] {logging_mixin.py:190} INFO - [2026-09-25T17:17:50.596+0000] {dagbag.py:588} INFO - Filling up the DagBag from /home/airflow/.local/lib/python3.12/site-packages/airflow/example_dags/example_latest_only.py
[2026-09-25T17:17:50.620+0000] {processor.py:925} INFO - DAG(s) 'latest_only' retrieved from /home/airflow/.local/lib/python3.12/site-packages/airflow/example_dags/example_latest_only.py
[2026-09-25T17:17:50.702+0000] {logging_mixin.py:190} INFO - [2026-09-25T17:17:50.701+0000] {dag.py:3239} INFO - Sync 1 DAGs
[2026-09-25T17:17:50.793+0000] {logging_mixin.py:190} INFO - [2026-09-25T17:17:50.793+0000] {dag.py:4180} INFO - Setting next_dagrun for latest_only to 2026-09-25 12:00:00+00:00, run_after=2026-09-25 16:00:00+00:00
[2026-09-25T17:17:50.860+0000] {processor.py:208} INFO - Processing /home/airflow/.local/lib/python3.12/site-packages/airflow/example_dags/example_latest_only.py took 0.298 seconds
[2026-09-25T17:18:21.563+0000] {processor.py:186} INFO - Started process (PID=1923) to work on /home/airflow/.local/lib/python3.12/site-packages/airflow/example_dags/example_latest_only.py
[2026-09-25T17:18:21.569+0000] {processor.py:914} INFO - Processing file /home/airflow/.local/lib/python3.12/site-packages/airflow/example_dags/example_latest_only.py for tasks to queue
[2026-09-25T17:18:21.593+0000] {logging_mixin.py:190} INFO - [2026-09-25T17:18:21.591+0000] {dagbag.py:588} INFO - Filling up the DagBag from /home/airflow/.local/lib/python3.12/site-packages/airflow/example_dags/example_latest_only.py
[2026-09-25T17:18:21.631+0000] {processor.py:925} INFO - DAG(s) 'latest_only' retrieved from /home/airflow/.local/lib/python3.12/site-packages/airflow/example_dags/example_latest_only.py
[2026-09-25T17:18:21.780+0000] {logging_mixin.py:190} INFO - [2026-09-25T17:18:21.766+0000] {dag.py:3239} INFO - Sync 1 DAGs
[2026-09-25T17:18:21.905+0000] {logging_mixin.py:190} INFO - [2026-09-25T17:18:21.904+0000] {dag.py:4180} INFO - Setting next_dagrun for latest_only to 2026-09-25 12:00:00+00:00, run_after=2026-09-25 16:00:00+00:00
[2026-09-25T17:18:21.983+0000] {processor.py:208} INFO - Processing /home/airflow/.local/lib/python3.12/site-packages/airflow/example_dags/example_latest_only.py took 0.460 seconds
[2026-09-25T17:18:52.858+0000] {processor.py:186} INFO - Started process (PID=1986) to work on /home/airflow/.local/lib/python3.12/site-packages/airflow/example_dags/example_latest_only.py
[2026-09-25T17:18:52.863+0000] {processor.py:914} INFO - Processing file /home/airflow/.local/lib/python3.12/site-packages/airflow/example_dags/example_latest_only.py for tasks to queue
[2026-09-25T17:18:52.886+0000] {logging_mixin.py:190} INFO - [2026-09-25T17:18:52.885+0000] {dagbag.py:588} INFO - Filling up the DagBag from /home/airflow/.local/lib/python3.12/site-packages/airflow/example_dags/example_latest_only.py
[2026-09-25T17:18:52.945+0000] {processor.py:925} INFO - DAG(s) 'latest_only' retrieved from /home/airflow/.local/lib/python3.12/site-packages/airflow/example_dags/example_latest_only.py
[2026-09-25T17:18:53.061+0000] {logging_mixin.py:190} INFO - [2026-09-25T17:18:53.060+0000] {dag.py:3239} INFO - Sync 1 DAGs
[2026-09-25T17:18:53.309+0000] {logging_mixin.py:190} INFO - [2026-09-25T17:18:53.309+0000] {dag.py:4180} INFO - Setting next_dagrun for latest_only to 2026-09-25 12:00:00+00:00, run_after=2026-09-25 16:00:00+00:00
[2026-09-25T17:18:53.373+0000] {processor.py:208} INFO - Processing /home/airflow/.local/lib/python3.12/site-packages/airflow/example_dags/example_latest_only.py took 0.608 seconds
[2026-09-25T17:19:23.557+0000] {processor.py:186} INFO - Started process (PID=2049) to work on /home/airflow/.local/lib/python3.12/site-packages/airflow/example_dags/example_latest_only.py
[2026-09-25T17:19:23.560+0000] {processor.py:914} INFO - Processing file /home/airflow/.local/lib/python3.12/site-packages/airflow/example_dags/example_latest_only.py for tasks to queue
[2026-09-25T17:19:23.565+0000] {logging_mixin.py:190} INFO - [2026-09-25T17:19:23.564+0000] {dagbag.py:588} INFO - Filling up the DagBag from /home/airflow/.local/lib/python3.12/site-packages/airflow/example_dags/example_latest_only.py
[2026-09-25T17:19:23.586+0000] {processor.py:925} INFO - DAG(s) 'latest_only' retrieved from /home/airflow/.local/lib/python3.12/site-packages/airflow/example_dags/example_latest_only.py
[2026-09-25T17:19:23.661+0000] {logging_mixin.py:190} INFO - [2026-09-25T17:19:23.660+0000] {dag.py:3239} INFO - Sync 1 DAGs
[2026-09-25T17:19:23.728+0000] {logging_mixin.py:190} INFO - [2026-09-25T17:19:23.728+0000] {dag.py:4180} INFO - Setting next_dagrun for latest_only to 2026-09-25 12:00:00+00:00, run_after=2026-09-25 16:00:00+00:00
[2026-09-25T17:19:23.792+0000] {processor.py:208} INFO - Processing /home/airflow/.local/lib/python3.12/site-packages/airflow/example_dags/example_latest_only.py took 0.262 seconds
[2026-09-25T17:19:58.485+0000] {processor.py:186} INFO - Started process (PID=2112) to work on /home/airflow/.local/lib/python3.12/site-packages/airflow/example_dags/example_latest_only.py
[2026-09-25T17:19:58.513+0000] {processor.py:914} INFO - Processing file /home/airflow/.local/lib/python3.12/site-packages/airflow/example_dags/example_latest_only.py for tasks to queue
[2026-09-25T17:19:58.523+0000] {logging_mixin.py:190} INFO - [2026-09-25T17:19:58.520+0000] {dagbag.py:588} INFO - Filling up the DagBag from /home/airflow/.local/lib/python3.12/site-packages/airflow/example_dags/example_latest_only.py
[2026-09-25T17:19:58.565+0000] {processor.py:925} INFO - DAG(s) 'latest_only' retrieved from /home/airflow/.local/lib/python3.12/site-packages/airflow/example_dags/example_latest_only.py
[2026-09-25T17:19:58.662+0000] {logging_mixin.py:190} INFO - [2026-09-25T17:19:58.661+0000] {dag.py:3239} INFO - Sync 1 DAGs
[2026-09-25T17:19:58.774+0000] {logging_mixin.py:190} INFO - [2026-09-25T17:19:58.771+0000] {dag.py:4180} INFO - Setting next_dagrun for latest_only to 2026-09-25 12:00:00+00:00, run_after=2026-09-25 16:00:00+00:00
[2026-09-25T17:19:58.858+0000] {processor.py:208} INFO - Processing /home/airflow/.local/lib/python3.12/site-packages/airflow/example_dags/example_latest_only.py took 0.403 seconds
[2026-09-25T17:20:38.810+0000] {processor.py:186} INFO - Started process (PID=2166) to work on /home/airflow/.local/lib/python3.12/site-packages/airflow/example_dags/example_latest_only.py
[2026-09-25T17:20:38.830+0000] {processor.py:914} INFO - Processing file /home/airflow/.local/lib/python3.12/site-packages/airflow/example_dags/example_latest_only.py for tasks to queue
[2026-09-25T17:20:38.840+0000] {logging_mixin.py:190} INFO - [2026-09-25T17:20:38.839+0000] {dagbag.py:588} INFO - Filling up the DagBag from /home/airflow/.local/lib/python3.12/site-packages/airflow/example_dags/example_latest_only.py
[2026-09-25T17:20:38.870+0000] {processor.py:925} INFO - DAG(s) 'latest_only' retrieved from /home/airflow/.local/lib/python3.12/site-packages/airflow/example_dags/example_latest_only.py
[2026-09-25T17:20:39.014+0000] {logging_mixin.py:190} INFO - [2026-09-25T17:20:39.013+0000] {dag.py:3239} INFO - Sync 1 DAGs
[2026-09-25T17:20:39.185+0000] {logging_mixin.py:190} INFO - [2026-09-25T17:20:39.185+0000] {dag.py:4180} INFO - Setting next_dagrun for latest_only to 2026-09-25 12:00:00+00:00, run_after=2026-09-25 16:00:00+00:00
[2026-09-25T17:20:39.264+0000] {processor.py:208} INFO - Processing /home/airflow/.local/lib/python3.12/site-packages/airflow/example_dags/example_latest_only.py took 0.470 seconds
[2026-09-25T17:21:17.095+0000] {processor.py:186} INFO - Started process (PID=2221) to work on /home/airflow/.local/lib/python3.12/site-packages/airflow/example_dags/example_latest_only.py
[2026-09-25T17:21:17.098+0000] {processor.py:914} INFO - Processing file /home/airflow/.local/lib/python3.12/site-packages/airflow/example_dags/example_latest_only.py for tasks to queue
[2026-09-25T17:21:17.105+0000] {logging_mixin.py:190} INFO - [2026-09-25T17:21:17.105+0000] {dagbag.py:588} INFO - Filling up the DagBag from /home/airflow/.local/lib/python3.12/site-packages/airflow/example_dags/example_latest_only.py
[2026-09-25T17:21:17.126+0000] {processor.py:925} INFO - DAG(s) 'latest_only' retrieved from /home/airflow/.local/lib/python3.12/site-packages/airflow/example_dags/example_latest_only.py
[2026-09-25T17:21:17.194+0000] {logging_mixin.py:190} INFO - [2026-09-25T17:21:17.193+0000] {dag.py:3239} INFO - Sync 1 DAGs
[2026-09-25T17:21:17.293+0000] {logging_mixin.py:190} INFO - [2026-09-25T17:21:17.292+0000] {dag.py:4180} INFO - Setting next_dagrun for latest_only to 2026-09-25 12:00:00+00:00, run_after=2026-09-25 16:00:00+00:00
[2026-09-25T17:21:17.361+0000] {processor.py:208} INFO - Processing /home/airflow/.local/lib/python3.12/site-packages/airflow/example_dags/example_latest_only.py took 0.286 seconds
[2026-09-25T17:22:17.469+0000] {processor.py:186} INFO - Started process (PID=2288) to work on /home/airflow/.local/lib/python3.12/site-packages/airflow/example_dags/example_latest_only.py
[2026-09-25T17:22:17.484+0000] {processor.py:914} INFO - Processing file /home/airflow/.local/lib/python3.12/site-packages/airflow/example_dags/example_latest_only.py for tasks to queue
[2026-09-25T17:22:17.510+0000] {logging_mixin.py:190} INFO - [2026-09-25T17:22:17.510+0000] {dagbag.py:588} INFO - Filling up the DagBag from /home/airflow/.local/lib/python3.12/site-packages/airflow/example_dags/example_latest_only.py
[2026-09-25T17:22:17.533+0000] {processor.py:925} INFO - DAG(s) 'latest_only' retrieved from /home/airflow/.local/lib/python3.12/site-packages/airflow/example_dags/example_latest_only.py
[2026-09-25T17:22:17.614+0000] {logging_mixin.py:190} INFO - [2026-09-25T17:22:17.613+0000] {dag.py:3239} INFO - Sync 1 DAGs
[2026-09-25T17:22:17.708+0000] {logging_mixin.py:190} INFO - [2026-09-25T17:22:17.707+0000] {dag.py:4180} INFO - Setting next_dagrun for latest_only to 2026-09-25 12:00:00+00:00, run_after=2026-09-25 16:00:00+00:00
[2026-09-25T17:22:17.788+0000] {processor.py:208} INFO - Processing /home/airflow/.local/lib/python3.12/site-packages/airflow/example_dags/example_latest_only.py took 0.367 seconds
[2026-09-25T17:22:49.424+0000] {processor.py:186} INFO - Started process (PID=2341) to work on /home/airflow/.local/lib/python3.12/site-packages/airflow/example_dags/example_latest_only.py
[2026-09-25T17:22:49.441+0000] {processor.py:914} INFO - Processing file /home/airflow/.local/lib/python3.12/site-packages/airflow/example_dags/example_latest_only.py for tasks to queue
[2026-09-25T17:22:49.459+0000] {logging_mixin.py:190} INFO - [2026-09-25T17:22:49.458+0000] {dagbag.py:588} INFO - Filling up the DagBag from /home/airflow/.local/lib/python3.12/site-packages/airflow/example_dags/example_latest_only.py
[2026-09-25T17:22:49.487+0000] {processor.py:925} INFO - DAG(s) 'latest_only' retrieved from /home/airflow/.local/lib/python3.12/site-packages/airflow/example_dags/example_latest_only.py
[2026-09-25T17:22:49.582+0000] {logging_mixin.py:190} INFO - [2026-09-25T17:22:49.582+0000] {dag.py:3239} INFO - Sync 1 DAGs
[2026-09-25T17:22:49.693+0000] {logging_mixin.py:190} INFO - [2026-09-25T17:22:49.693+0000] {dag.py:4180} INFO - Setting next_dagrun for latest_only to 2026-09-25 12:00:00+00:00, run_after=2026-09-25 16:00:00+00:00
[2026-09-25T17:22:49.783+0000] {processor.py:208} INFO - Processing /home/airflow/.local/lib/python3.12/site-packages/airflow/example_dags/example_latest_only.py took 0.381 seconds
[2026-09-25T17:23:28.688+0000] {processor.py:186} INFO - Started process (PID=2404) to work on /home/airflow/.local/lib/python3.12/site-packages/airflow/example_dags/example_latest_only.py
[2026-09-25T17:23:28.691+0000] {processor.py:914} INFO - Processing file /home/airflow/.local/lib/python3.12/site-packages/airflow/example_dags/example_latest_only.py for tasks to queue
[2026-09-25T17:23:28.701+0000] {logging_mixin.py:190} INFO - [2026-09-25T17:23:28.700+0000] {dagbag.py:588} INFO - Filling up the DagBag from /home/airflow/.local/lib/python3.12/site-packages/airflow/example_dags/example_latest_only.py
[2026-09-25T17:23:28.724+0000] {processor.py:925} INFO - DAG(s) 'latest_only' retrieved from /home/airflow/.local/lib/python3.12/site-packages/airflow/example_dags/example_latest_only.py
[2026-09-25T17:23:28.802+0000] {logging_mixin.py:190} INFO - [2026-09-25T17:23:28.801+0000] {dag.py:3239} INFO - Sync 1 DAGs
[2026-09-25T17:23:28.945+0000] {logging_mixin.py:190} INFO - [2026-09-25T17:23:28.932+0000] {dag.py:4180} INFO - Setting next_dagrun for latest_only to 2026-09-25 12:00:00+00:00, run_after=2026-09-25 16:00:00+00:00
[2026-09-25T17:23:29.069+0000] {processor.py:208} INFO - Processing /home/airflow/.local/lib/python3.12/site-packages/airflow/example_dags/example_latest_only.py took 0.399 seconds
[2026-09-25T17:24:01.373+0000] {processor.py:186} INFO - Started process (PID=2460) to work on /home/airflow/.local/lib/python3.12/site-packages/airflow/example_dags/example_latest_only.py
[2026-09-25T17:24:01.379+0000] {processor.py:914} INFO - Processing file /home/airflow/.local/lib/python3.12/site-packages/airflow/example_dags/example_latest_only.py for tasks to queue
[2026-09-25T17:24:01.386+0000] {logging_mixin.py:190} INFO - [2026-09-25T17:24:01.385+0000] {dagbag.py:588} INFO - Filling up the DagBag from /home/airflow/.local/lib/python3.12/site-packages/airflow/example_dags/example_latest_only.py
[2026-09-25T17:24:01.405+0000] {processor.py:925} INFO - DAG(s) 'latest_only' retrieved from /home/airflow/.local/lib/python3.12/site-packages/airflow/example_dags/example_latest_only.py
[2026-09-25T17:24:01.480+0000] {logging_mixin.py:190} INFO - [2026-09-25T17:24:01.479+0000] {dag.py:3239} INFO - Sync 1 DAGs
[2026-09-25T17:24:01.628+0000] {logging_mixin.py:190} INFO - [2026-09-25T17:24:01.627+0000] {dag.py:4180} INFO - Setting next_dagrun for latest_only to 2026-09-25 12:00:00+00:00, run_after=2026-09-25 16:00:00+00:00
[2026-09-25T17:24:02.721+0000] {processor.py:208} INFO - Processing /home/airflow/.local/lib/python3.12/site-packages/airflow/example_dags/example_latest_only.py took 1.369 seconds
[2026-09-25T17:24:39.581+0000] {processor.py:186} INFO - Started process (PID=2529) to work on /home/airflow/.local/lib/python3.12/site-packages/airflow/example_dags/example_latest_only.py
[2026-09-25T17:24:39.584+0000] {processor.py:914} INFO - Processing file /home/airflow/.local/lib/python3.12/site-packages/airflow/example_dags/example_latest_only.py for tasks to queue
[2026-09-25T17:24:39.590+0000] {logging_mixin.py:190} INFO - [2026-09-25T17:24:39.589+0000] {dagbag.py:588} INFO - Filling up the DagBag from /home/airflow/.local/lib/python3.12/site-packages/airflow/example_dags/example_latest_only.py
[2026-09-25T17:24:39.614+0000] {processor.py:925} INFO - DAG(s) 'latest_only' retrieved from /home/airflow/.local/lib/python3.12/site-packages/airflow/example_dags/example_latest_only.py
[2026-09-25T17:24:39.675+0000] {logging_mixin.py:190} INFO - [2026-09-25T17:24:39.674+0000] {dag.py:3239} INFO - Sync 1 DAGs
[2026-09-25T17:24:39.790+0000] {logging_mixin.py:190} INFO - [2026-09-25T17:24:39.789+0000] {dag.py:4180} INFO - Setting next_dagrun for latest_only to 2026-09-25 12:00:00+00:00, run_after=2026-09-25 16:00:00+00:00
[2026-09-25T17:24:39.867+0000] {processor.py:208} INFO - Processing /home/airflow/.local/lib/python3.12/site-packages/airflow/example_dags/example_latest_only.py took 0.306 seconds
[2026-09-25T17:25:11.558+0000] {processor.py:186} INFO - Started process (PID=2587) to work on /home/airflow/.local/lib/python3.12/site-packages/airflow/example_dags/example_latest_only.py
[2026-09-25T17:25:11.560+0000] {processor.py:914} INFO - Processing file /home/airflow/.local/lib/python3.12/site-packages/airflow/example_dags/example_latest_only.py for tasks to queue
[2026-09-25T17:25:11.567+0000] {logging_mixin.py:190} INFO - [2026-09-25T17:25:11.566+0000] {dagbag.py:588} INFO - Filling up the DagBag from /home/airflow/.local/lib/python3.12/site-packages/airflow/example_dags/example_latest_only.py
[2026-09-25T17:25:11.592+0000] {processor.py:925} INFO - DAG(s) 'latest_only' retrieved from /home/airflow/.local/lib/python3.12/site-packages/airflow/example_dags/example_latest_only.py
[2026-09-25T17:25:11.699+0000] {logging_mixin.py:190} INFO - [2026-09-25T17:25:11.699+0000] {dag.py:3239} INFO - Sync 1 DAGs
[2026-09-25T17:25:11.777+0000] {logging_mixin.py:190} INFO - [2026-09-25T17:25:11.776+0000] {dag.py:4180} INFO - Setting next_dagrun for latest_only to 2026-09-25 12:00:00+00:00, run_after=2026-09-25 16:00:00+00:00
[2026-09-25T17:25:11.849+0000] {processor.py:208} INFO - Processing /home/airflow/.local/lib/python3.12/site-packages/airflow/example_dags/example_latest_only.py took 0.327 seconds
