[2026-09-25T16:16:01.441+0000] {processor.py:186} INFO - Started process (PID=122) to work on /home/airflow/.local/lib/python3.12/site-packages/airflow/example_dags/example_complex.py
[2026-09-25T16:16:01.470+0000] {processor.py:914} INFO - Processing file /home/airflow/.local/lib/python3.12/site-packages/airflow/example_dags/example_complex.py for tasks to queue
[2026-09-25T16:16:01.519+0000] {logging_mixin.py:190} INFO - [2026-09-25T16:16:01.518+0000] {dagbag.py:588} INFO - Filling up the DagBag from /home/airflow/.local/lib/python3.12/site-packages/airflow/example_dags/example_complex.py
[2026-09-25T16:16:01.901+0000] {processor.py:925} INFO - DAG(s) 'example_complex' retrieved from /home/airflow/.local/lib/python3.12/site-packages/airflow/example_dags/example_complex.py
[2026-09-25T16:16:02.304+0000] {logging_mixin.py:190} INFO - [2026-09-25T16:16:02.302+0000] {dag.py:3239} INFO - Sync 1 DAGs
[2026-09-25T16:16:02.384+0000] {logging_mixin.py:190} INFO - [2026-09-25T16:16:02.383+0000] {dag.py:4180} INFO - Setting next_dagrun for example_complex to None, run_after=None
[2026-09-25T16:16:02.775+0000] {processor.py:208} INFO - Processing /home/airflow/.local/lib/python3.12/site-packages/airflow/example_dags/example_complex.py took 1.456 seconds
[2026-09-25T16:18:55.050+0000] {processor.py:186} INFO - Started process (PID=209) to work on /home/airflow/.local/lib/python3.12/site-packages/airflow/example_dags/example_complex.py
[2026-09-25T16:18:55.052+0000] {processor.py:914} INFO - Processing file /home/airflow/.local/lib/python3.12/site-packages/airflow/example_dags/example_complex.py for tasks to queue
[2026-09-25T16:18:55.108+0000] {logging_mixin.py:190} INFO - [2026-09-25T16:18:55.086+0000] {dagbag.py:588} INFO - Filling up the DagBag from /home/airflow/.local/lib/python3.12/site-packages/airflow/example_dags/example_complex.py
[2026-09-25T16:18:55.428+0000] {processor.py:925} INFO - DAG(s) 'example_complex' retrieved from /home/airflow/.local/lib/python3.12/site-packages/airflow/example_dags/example_complex.py
[2026-09-25T16:18:56.717+0000] {logging_mixin.py:190} INFO - [2026-09-25T16:18:56.716+0000] {dag.py:3239} INFO - Sync 1 DAGs
[2026-09-25T16:18:57.321+0000] {logging_mixin.py:190} INFO - [2026-09-25T16:18:57.320+0000] {dag.py:4180} INFO - Setting next_dagrun for example_complex to None, run_after=None
[2026-09-25T16:18:58.687+0000] {processor.py:208} INFO - Processing /home/airflow/.local/lib/python3.12/site-packages/airflow/example_dags/example_complex.py took 3.891 seconds
[2026-09-25T16:20:56.958+0000] {processor.py:186} INFO - Started process (PID=321) to work on /home/airflow/.local/lib/python3.12/site-packages/airflow/example_dags/example_complex.py
[2026-09-25T16:20:56.962+0000] {processor.py:914} INFO - Processing file /home/airflow/.local/lib/python3.12/site-packages/airflow/example_dags/example_complex.py for tasks to queue
[2026-09-25T16:20:57.279+0000] {logging_mixin.py:190} INFO - [2026-09-25T16:20:57.277+0000] {dagbag.py:588} INFO - Filling up the DagBag from /home/airflow/.local/lib/python3.12/site-packages/airflow/example_dags/example_complex.py
[2026-09-25T16:21:01.030+0000] {processor.py:925} INFO - DAG(s) 'example_complex' retrieved from /home/airflow/.local/lib/python3.12/site-packages/airflow/example_dags/example_complex.py
[2026-09-25T16:21:02.110+0000] {logging_mixin.py:190} INFO - [2026-09-25T16:21:02.093+0000] {dag.py:3239} INFO - Sync 1 DAGs
[2026-09-25T16:21:02.508+0000] {logging_mixin.py:190} INFO - [2026-09-25T16:21:02.507+0000] {dag.py:4180} INFO - Setting next_dagrun for example_complex to None, run_after=None
[2026-09-25T16:21:03.146+0000] {processor.py:208} INFO - Processing /home/airflow/.local/lib/python3.12/site-packages/airflow/example_dags/example_complex.py took 6.287 seconds
[2026-09-25T16:21:40.645+0000] {processor.py:186} INFO - Started process (PID=389) to work on /home/airflow/.local/lib/python3.12/site-packages/airflow/example_dags/example_complex.py
[2026-09-25T16:21:40.648+0000] {processor.py:914} INFO - Processing file /home/airflow/.local/lib/python3.12/site-packages/airflow/example_dags/example_complex.py for tasks to queue
[2026-09-25T16:21:40.654+0000] {logging_mixin.py:190} INFO - [2026-09-25T16:21:40.653+0000] {dagbag.py:588} INFO - Filling up the DagBag from /home/airflow/.local/lib/python3.12/site-packages/airflow/example_dags/example_complex.py
[2026-09-25T16:21:40.695+0000] {processor.py:925} INFO - DAG(s) 'example_complex' retrieved from /home/airflow/.local/lib/python3.12/site-packages/airflow/example_dags/example_complex.py
[2026-09-25T16:21:42.509+0000] {logging_mixin.py:190} INFO - [2026-09-25T16:21:42.507+0000] {dag.py:3239} INFO - Sync 1 DAGs
[2026-09-25T16:21:42.872+0000] {logging_mixin.py:190} INFO - [2026-09-25T16:21:42.871+0000] {dag.py:4180} INFO - Setting next_dagrun for example_complex to None, run_after=None
[2026-09-25T16:21:47.186+0000] {processor.py:208} INFO - Processing /home/airflow/.local/lib/python3.12/site-packages/airflow/example_dags/example_complex.py took 6.558 seconds
[2026-09-25T16:22:54.563+0000] {processor.py:186} INFO - Started process (PID=447) to work on /home/airflow/.local/lib/python3.12/site-packages/airflow/example_dags/example_complex.py
[2026-09-25T16:22:54.578+0000] {processor.py:914} INFO - Processing file /home/airflow/.local/lib/python3.12/site-packages/airflow/example_dags/example_complex.py for tasks to queue
[2026-09-25T16:22:54.661+0000] {logging_mixin.py:190} INFO - [2026-09-25T16:22:54.642+0000] {dagbag.py:588} INFO - Filling up the DagBag from /home/airflow/.local/lib/python3.12/site-packages/airflow/example_dags/example_complex.py
[2026-09-25T16:22:54.870+0000] {processor.py:925} INFO - DAG(s) 'example_complex' retrieved from /home/airflow/.local/lib/python3.12/site-packages/airflow/example_dags/example_complex.py
[2026-09-25T16:22:55.123+0000] {logging_mixin.py:190} INFO - [2026-09-25T16:22:55.123+0000] {dag.py:3239} INFO - Sync 1 DAGs
[2026-09-25T16:22:55.277+0000] {logging_mixin.py:190} INFO - [2026-09-25T16:22:55.277+0000] {dag.py:4180} INFO - Setting next_dagrun for example_complex to None, run_after=None
[2026-09-25T16:22:55.543+0000] {processor.py:208} INFO - Processing /home/airflow/.local/lib/python3.12/site-packages/airflow/example_dags/example_complex.py took 1.032 seconds
[2026-09-25T16:23:26.902+0000] {processor.py:186} INFO - Started process (PID=510) to work on /home/airflow/.local/lib/python3.12/site-packages/airflow/example_dags/example_complex.py
[2026-09-25T16:23:26.908+0000] {processor.py:914} INFO - Processing file /home/airflow/.local/lib/python3.12/site-packages/airflow/example_dags/example_complex.py for tasks to queue
[2026-09-25T16:23:26.915+0000] {logging_mixin.py:190} INFO - [2026-09-25T16:23:26.915+0000] {dagbag.py:588} INFO - Filling up the DagBag from /home/airflow/.local/lib/python3.12/site-packages/airflow/example_dags/example_complex.py
[2026-09-25T16:23:26.995+0000] {processor.py:925} INFO - DAG(s) 'example_complex' retrieved from /home/airflow/.local/lib/python3.12/site-packages/airflow/example_dags/example_complex.py
[2026-09-25T16:23:27.279+0000] {logging_mixin.py:190} INFO - [2026-09-25T16:23:27.269+0000] {dag.py:3239} INFO - Sync 1 DAGs
[2026-09-25T16:23:27.402+0000] {logging_mixin.py:190} INFO - [2026-09-25T16:23:27.397+0000] {dag.py:4180} INFO - Setting next_dagrun for example_complex to None, run_after=None
[2026-09-25T16:23:27.573+0000] {processor.py:208} INFO - Processing /home/airflow/.local/lib/python3.12/site-packages/airflow/example_dags/example_complex.py took 0.696 seconds
[2026-09-25T16:24:05.040+0000] {processor.py:186} INFO - Started process (PID=573) to work on /home/airflow/.local/lib/python3.12/site-packages/airflow/example_dags/example_complex.py
[2026-09-25T16:24:05.044+0000] {processor.py:914} INFO - Processing file /home/airflow/.local/lib/python3.12/site-packages/airflow/example_dags/example_complex.py for tasks to queue
[2026-09-25T16:24:05.074+0000] {logging_mixin.py:190} INFO - [2026-09-25T16:24:05.071+0000] {dagbag.py:588} INFO - Filling up the DagBag from /home/airflow/.local/lib/python3.12/site-packages/airflow/example_dags/example_complex.py
[2026-09-25T16:24:05.164+0000] {processor.py:925} INFO - DAG(s) 'example_complex' retrieved from /home/airflow/.local/lib/python3.12/site-packages/airflow/example_dags/example_complex.py
[2026-09-25T16:24:05.420+0000] {logging_mixin.py:190} INFO - [2026-09-25T16:24:05.420+0000] {dag.py:3239} INFO - Sync 1 DAGs
[2026-09-25T16:24:05.499+0000] {logging_mixin.py:190} INFO - [2026-09-25T16:24:05.499+0000] {dag.py:4180} INFO - Setting next_dagrun for example_complex to None, run_after=None
[2026-09-25T16:24:05.594+0000] {processor.py:208} INFO - Processing /home/airflow/.local/lib/python3.12/site-packages/airflow/example_dags/example_complex.py took 0.608 seconds
[2026-09-25T16:24:49.179+0000] {processor.py:186} INFO - Started process (PID=641) to work on /home/airflow/.local/lib/python3.12/site-packages/airflow/example_dags/example_complex.py
[2026-09-25T16:24:49.185+0000] {processor.py:914} INFO - Processing file /home/airflow/.local/lib/python3.12/site-packages/airflow/example_dags/example_complex.py for tasks to queue
[2026-09-25T16:24:49.193+0000] {logging_mixin.py:190} INFO - [2026-09-25T16:24:49.192+0000] {dagbag.py:588} INFO - Filling up the DagBag from /home/airflow/.local/lib/python3.12/site-packages/airflow/example_dags/example_complex.py
[2026-09-25T16:24:49.265+0000] {processor.py:925} INFO - DAG(s) 'example_complex' retrieved from /home/airflow/.local/lib/python3.12/site-packages/airflow/example_dags/example_complex.py
[2026-09-25T16:24:49.425+0000] {logging_mixin.py:190} INFO - [2026-09-25T16:24:49.424+0000] {dag.py:3239} INFO - Sync 1 DAGs
[2026-09-25T16:24:49.479+0000] {logging_mixin.py:190} INFO - [2026-09-25T16:24:49.478+0000] {dag.py:4180} INFO - Setting next_dagrun for example_complex to None, run_after=None
[2026-09-25T16:24:49.539+0000] {processor.py:208} INFO - Processing /home/airflow/.local/lib/python3.12/site-packages/airflow/example_dags/example_complex.py took 0.377 seconds
[2026-09-25T16:25:21.021+0000] {processor.py:186} INFO - Started process (PID=704) to work on /home/airflow/.local/lib/python3.12/site-packages/airflow/example_dags/example_complex.py
[2026-09-25T16:25:21.025+0000] {processor.py:914} INFO - Processing file /home/airflow/.local/lib/python3.12/site-packages/airflow/example_dags/example_complex.py for tasks to queue
[2026-09-25T16:25:21.038+0000] {logging_mixin.py:190} INFO - [2026-09-25T16:25:21.038+0000] {dagbag.py:588} INFO - Filling up the DagBag from /home/airflow/.local/lib/python3.12/site-packages/airflow/example_dags/example_complex.py
[2026-09-25T16:25:21.130+0000] {processor.py:925} INFO - DAG(s) 'example_complex' retrieved from /home/airflow/.local/lib/python3.12/site-packages/airflow/example_dags/example_complex.py
[2026-09-25T16:25:21.523+0000] {logging_mixin.py:190} INFO - [2026-09-25T16:25:21.523+0000] {dag.py:3239} INFO - Sync 1 DAGs
[2026-09-25T16:25:21.608+0000] {logging_mixin.py:190} INFO - [2026-09-25T16:25:21.603+0000] {dag.py:4180} INFO - Setting next_dagrun for example_complex to None, run_after=None
[2026-09-25T16:25:21.668+0000] {processor.py:208} INFO - Processing /home/airflow/.local/lib/python3.12/site-packages/airflow/example_dags/example_complex.py took 0.694 seconds
[2026-09-25T16:25:59.832+0000] {processor.py:186} INFO - Started process (PID=768) to work on /home/airflow/.local/lib/python3.12/site-packages/airflow/example_dags/example_complex.py
[2026-09-25T16:25:59.835+0000] {processor.py:914} INFO - Processing file /home/airflow/.local/lib/python3.12/site-packages/airflow/example_dags/example_complex.py for tasks to queue
[2026-09-25T16:25:59.858+0000] {logging_mixin.py:190} INFO - [2026-09-25T16:25:59.857+0000] {dagbag.py:588} INFO - Filling up the DagBag from /home/airflow/.local/lib/python3.12/site-packages/airflow/example_dags/example_complex.py
[2026-09-25T16:25:59.904+0000] {processor.py:925} INFO - DAG(s) 'example_complex' retrieved from /home/airflow/.local/lib/python3.12/site-packages/airflow/example_dags/example_complex.py
[2026-09-25T16:26:00.030+0000] {logging_mixin.py:190} INFO - [2026-09-25T16:26:00.030+0000] {dag.py:3239} INFO - Sync 1 DAGs
[2026-09-25T16:26:00.126+0000] {logging_mixin.py:190} INFO - [2026-09-25T16:26:00.125+0000] {dag.py:4180} INFO - Setting next_dagrun for example_complex to None, run_after=None
[2026-09-25T16:26:00.266+0000] {processor.py:208} INFO - Processing /home/airflow/.local/lib/python3.12/site-packages/airflow/example_dags/example_complex.py took 0.450 seconds
[2026-09-25T16:26:30.823+0000] {processor.py:186} INFO - Started process (PID=830) to work on /home/airflow/.local/lib/python3.12/site-packages/airflow/example_dags/example_complex.py
[2026-09-25T16:26:30.826+0000] {processor.py:914} INFO - Processing file /home/airflow/.local/lib/python3.12/site-packages/airflow/example_dags/example_complex.py for tasks to queue
[2026-09-25T16:26:30.831+0000] {logging_mixin.py:190} INFO - [2026-09-25T16:26:30.830+0000] {dagbag.py:588} INFO - Filling up the DagBag from /home/airflow/.local/lib/python3.12/site-packages/airflow/example_dags/example_complex.py
[2026-09-25T16:26:30.859+0000] {processor.py:925} INFO - DAG(s) 'example_complex' retrieved from /home/airflow/.local/lib/python3.12/site-packages/airflow/example_dags/example_complex.py
[2026-09-25T16:26:30.926+0000] {logging_mixin.py:190} INFO - [2026-09-25T16:26:30.926+0000] {dag.py:3239} INFO - Sync 1 DAGs
[2026-09-25T16:26:30.972+0000] {logging_mixin.py:190} INFO - [2026-09-25T16:26:30.971+0000] {dag.py:4180} INFO - Setting next_dagrun for example_complex to None, run_after=None
[2026-09-25T16:26:31.021+0000] {processor.py:208} INFO - Processing /home/airflow/.local/lib/python3.12/site-packages/airflow/example_dags/example_complex.py took 0.209 seconds
[2026-09-25T16:27:11.453+0000] {processor.py:186} INFO - Started process (PID=898) to work on /home/airflow/.local/lib/python3.12/site-packages/airflow/example_dags/example_complex.py
[2026-09-25T16:27:11.457+0000] {processor.py:914} INFO - Processing file /home/airflow/.local/lib/python3.12/site-packages/airflow/example_dags/example_complex.py for tasks to queue
[2026-09-25T16:27:11.496+0000] {logging_mixin.py:190} INFO - [2026-09-25T16:27:11.495+0000] {dagbag.py:588} INFO - Filling up the DagBag from /home/airflow/.local/lib/python3.12/site-packages/airflow/example_dags/example_complex.py
[2026-09-25T16:27:11.625+0000] {processor.py:925} INFO - DAG(s) 'example_complex' retrieved from /home/airflow/.local/lib/python3.12/site-packages/airflow/example_dags/example_complex.py
[2026-09-25T16:27:12.105+0000] {logging_mixin.py:190} INFO - [2026-09-25T16:27:12.104+0000] {dag.py:3239} INFO - Sync 1 DAGs
[2026-09-25T16:27:12.202+0000] {logging_mixin.py:190} INFO - [2026-09-25T16:27:12.201+0000] {dag.py:4180} INFO - Setting next_dagrun for example_complex to None, run_after=None
[2026-09-25T16:27:12.280+0000] {processor.py:208} INFO - Processing /home/airflow/.local/lib/python3.12/site-packages/airflow/example_dags/example_complex.py took 0.881 seconds
[2026-09-25T16:28:15.418+0000] {processor.py:186} INFO - Started process (PID=986) to work on /home/airflow/.local/lib/python3.12/site-packages/airflow/example_dags/example_complex.py
[2026-09-25T16:28:15.422+0000] {processor.py:914} INFO - Processing file /home/airflow/.local/lib/python3.12/site-packages/airflow/example_dags/example_complex.py for tasks to queue
[2026-09-25T16:28:15.454+0000] {logging_mixin.py:190} INFO - [2026-09-25T16:28:15.439+0000] {dagbag.py:588} INFO - Filling up the DagBag from /home/airflow/.local/lib/python3.12/site-packages/airflow/example_dags/example_complex.py
[2026-09-25T16:28:15.617+0000] {processor.py:925} INFO - DAG(s) 'example_complex' retrieved from /home/airflow/.local/lib/python3.12/site-packages/airflow/example_dags/example_complex.py
[2026-09-25T16:28:15.905+0000] {logging_mixin.py:190} INFO - [2026-09-25T16:28:15.905+0000] {dag.py:3239} INFO - Sync 1 DAGs
[2026-09-25T16:28:16.132+0000] {logging_mixin.py:190} INFO - [2026-09-25T16:28:16.132+0000] {dag.py:4180} INFO - Setting next_dagrun for example_complex to None, run_after=None
[2026-09-25T16:28:16.477+0000] {processor.py:208} INFO - Processing /home/airflow/.local/lib/python3.12/site-packages/airflow/example_dags/example_complex.py took 1.131 seconds
[2026-09-25T16:29:03.987+0000] {processor.py:186} INFO - Started process (PID=1058) to work on /home/airflow/.local/lib/python3.12/site-packages/airflow/example_dags/example_complex.py
[2026-09-25T16:29:03.992+0000] {processor.py:914} INFO - Processing file /home/airflow/.local/lib/python3.12/site-packages/airflow/example_dags/example_complex.py for tasks to queue
[2026-09-25T16:29:03.998+0000] {logging_mixin.py:190} INFO - [2026-09-25T16:29:03.997+0000] {dagbag.py:588} INFO - Filling up the DagBag from /home/airflow/.local/lib/python3.12/site-packages/airflow/example_dags/example_complex.py
[2026-09-25T16:29:04.046+0000] {processor.py:925} INFO - DAG(s) 'example_complex' retrieved from /home/airflow/.local/lib/python3.12/site-packages/airflow/example_dags/example_complex.py
[2026-09-25T16:29:04.403+0000] {logging_mixin.py:190} INFO - [2026-09-25T16:29:04.402+0000] {dag.py:3239} INFO - Sync 1 DAGs
[2026-09-25T16:29:04.512+0000] {logging_mixin.py:190} INFO - [2026-09-25T16:29:04.511+0000] {dag.py:4180} INFO - Setting next_dagrun for example_complex to None, run_after=None
[2026-09-25T16:29:04.588+0000] {processor.py:208} INFO - Processing /home/airflow/.local/lib/python3.12/site-packages/airflow/example_dags/example_complex.py took 0.617 seconds
[2026-09-25T16:43:49.885+0000] {processor.py:186} INFO - Started process (PID=97) to work on /home/airflow/.local/lib/python3.12/site-packages/airflow/example_dags/example_complex.py
[2026-09-25T16:43:49.887+0000] {processor.py:914} INFO - Processing file /home/airflow/.local/lib/python3.12/site-packages/airflow/example_dags/example_complex.py for tasks to queue
[2026-09-25T16:43:49.894+0000] {logging_mixin.py:190} INFO - [2026-09-25T16:43:49.893+0000] {dagbag.py:588} INFO - Filling up the DagBag from /home/airflow/.local/lib/python3.12/site-packages/airflow/example_dags/example_complex.py
[2026-09-25T16:43:50.063+0000] {processor.py:925} INFO - DAG(s) 'example_complex' retrieved from /home/airflow/.local/lib/python3.12/site-packages/airflow/example_dags/example_complex.py
[2026-09-25T16:43:50.332+0000] {logging_mixin.py:190} INFO - [2026-09-25T16:43:50.331+0000] {dag.py:3239} INFO - Sync 1 DAGs
[2026-09-25T16:43:50.483+0000] {logging_mixin.py:190} INFO - [2026-09-25T16:43:50.482+0000] {dag.py:4180} INFO - Setting next_dagrun for example_complex to None, run_after=None
[2026-09-25T16:43:50.666+0000] {processor.py:208} INFO - Processing /home/airflow/.local/lib/python3.12/site-packages/airflow/example_dags/example_complex.py took 0.806 seconds
[2026-09-25T16:44:23.575+0000] {processor.py:186} INFO - Started process (PID=160) to work on /home/airflow/.local/lib/python3.12/site-packages/airflow/example_dags/example_complex.py
[2026-09-25T16:44:23.578+0000] {processor.py:914} INFO - Processing file /home/airflow/.local/lib/python3.12/site-packages/airflow/example_dags/example_complex.py for tasks to queue
[2026-09-25T16:44:23.585+0000] {logging_mixin.py:190} INFO - [2026-09-25T16:44:23.584+0000] {dagbag.py:588} INFO - Filling up the DagBag from /home/airflow/.local/lib/python3.12/site-packages/airflow/example_dags/example_complex.py
[2026-09-25T16:44:23.641+0000] {processor.py:925} INFO - DAG(s) 'example_complex' retrieved from /home/airflow/.local/lib/python3.12/site-packages/airflow/example_dags/example_complex.py
[2026-09-25T16:44:23.788+0000] {logging_mixin.py:190} INFO - [2026-09-25T16:44:23.785+0000] {dag.py:3239} INFO - Sync 1 DAGs
[2026-09-25T16:44:23.831+0000] {logging_mixin.py:190} INFO - [2026-09-25T16:44:23.829+0000] {dag.py:4180} INFO - Setting next_dagrun for example_complex to None, run_after=None
[2026-09-25T16:44:23.955+0000] {processor.py:208} INFO - Processing /home/airflow/.local/lib/python3.12/site-packages/airflow/example_dags/example_complex.py took 0.404 seconds
[2026-09-25T16:44:56.493+0000] {processor.py:186} INFO - Started process (PID=223) to work on /home/airflow/.local/lib/python3.12/site-packages/airflow/example_dags/example_complex.py
[2026-09-25T16:44:56.511+0000] {processor.py:914} INFO - Processing file /home/airflow/.local/lib/python3.12/site-packages/airflow/example_dags/example_complex.py for tasks to queue
[2026-09-25T16:44:56.525+0000] {logging_mixin.py:190} INFO - [2026-09-25T16:44:56.525+0000] {dagbag.py:588} INFO - Filling up the DagBag from /home/airflow/.local/lib/python3.12/site-packages/airflow/example_dags/example_complex.py
[2026-09-25T16:44:56.732+0000] {processor.py:925} INFO - DAG(s) 'example_complex' retrieved from /home/airflow/.local/lib/python3.12/site-packages/airflow/example_dags/example_complex.py
[2026-09-25T16:44:57.220+0000] {logging_mixin.py:190} INFO - [2026-09-25T16:44:57.220+0000] {dag.py:3239} INFO - Sync 1 DAGs
[2026-09-25T16:44:57.291+0000] {logging_mixin.py:190} INFO - [2026-09-25T16:44:57.290+0000] {dag.py:4180} INFO - Setting next_dagrun for example_complex to None, run_after=None
[2026-09-25T16:44:57.367+0000] {processor.py:208} INFO - Processing /home/airflow/.local/lib/python3.12/site-packages/airflow/example_dags/example_complex.py took 0.932 seconds
[2026-09-25T16:45:28.015+0000] {processor.py:186} INFO - Started process (PID=285) to work on /home/airflow/.local/lib/python3.12/site-packages/airflow/example_dags/example_complex.py
[2026-09-25T16:45:28.017+0000] {processor.py:914} INFO - Processing file /home/airflow/.local/lib/python3.12/site-packages/airflow/example_dags/example_complex.py for tasks to queue
[2026-09-25T16:45:28.021+0000] {logging_mixin.py:190} INFO - [2026-09-25T16:45:28.020+0000] {dagbag.py:588} INFO - Filling up the DagBag from /home/airflow/.local/lib/python3.12/site-packages/airflow/example_dags/example_complex.py
[2026-09-25T16:45:28.043+0000] {processor.py:925} INFO - DAG(s) 'example_complex' retrieved from /home/airflow/.local/lib/python3.12/site-packages/airflow/example_dags/example_complex.py
[2026-09-25T16:45:28.100+0000] {logging_mixin.py:190} INFO - [2026-09-25T16:45:28.099+0000] {dag.py:3239} INFO - Sync 1 DAGs
[2026-09-25T16:45:28.128+0000] {logging_mixin.py:190} INFO - [2026-09-25T16:45:28.128+0000] {dag.py:4180} INFO - Setting next_dagrun for example_complex to None, run_after=None
[2026-09-25T16:45:28.168+0000] {processor.py:208} INFO - Processing /home/airflow/.local/lib/python3.12/site-packages/airflow/example_dags/example_complex.py took 0.178 seconds
[2026-09-25T16:45:58.390+0000] {processor.py:186} INFO - Started process (PID=347) to work on /home/airflow/.local/lib/python3.12/site-packages/airflow/example_dags/example_complex.py
[2026-09-25T16:45:58.405+0000] {processor.py:914} INFO - Processing file /home/airflow/.local/lib/python3.12/site-packages/airflow/example_dags/example_complex.py for tasks to queue
[2026-09-25T16:45:58.423+0000] {logging_mixin.py:190} INFO - [2026-09-25T16:45:58.421+0000] {dagbag.py:588} INFO - Filling up the DagBag from /home/airflow/.local/lib/python3.12/site-packages/airflow/example_dags/example_complex.py
[2026-09-25T16:45:58.475+0000] {processor.py:925} INFO - DAG(s) 'example_complex' retrieved from /home/airflow/.local/lib/python3.12/site-packages/airflow/example_dags/example_complex.py
[2026-09-25T16:45:58.923+0000] {logging_mixin.py:190} INFO - [2026-09-25T16:45:58.871+0000] {dag.py:3239} INFO - Sync 1 DAGs
[2026-09-25T16:45:59.088+0000] {logging_mixin.py:190} INFO - [2026-09-25T16:45:59.088+0000] {dag.py:4180} INFO - Setting next_dagrun for example_complex to None, run_after=None
[2026-09-25T16:45:59.222+0000] {processor.py:208} INFO - Processing /home/airflow/.local/lib/python3.12/site-packages/airflow/example_dags/example_complex.py took 0.864 seconds
[2026-09-25T16:46:30.061+0000] {processor.py:186} INFO - Started process (PID=408) to work on /home/airflow/.local/lib/python3.12/site-packages/airflow/example_dags/example_complex.py
[2026-09-25T16:46:30.063+0000] {processor.py:914} INFO - Processing file /home/airflow/.local/lib/python3.12/site-packages/airflow/example_dags/example_complex.py for tasks to queue
[2026-09-25T16:46:30.068+0000] {logging_mixin.py:190} INFO - [2026-09-25T16:46:30.067+0000] {dagbag.py:588} INFO - Filling up the DagBag from /home/airflow/.local/lib/python3.12/site-packages/airflow/example_dags/example_complex.py
[2026-09-25T16:46:30.091+0000] {processor.py:925} INFO - DAG(s) 'example_complex' retrieved from /home/airflow/.local/lib/python3.12/site-packages/airflow/example_dags/example_complex.py
[2026-09-25T16:46:30.156+0000] {logging_mixin.py:190} INFO - [2026-09-25T16:46:30.155+0000] {dag.py:3239} INFO - Sync 1 DAGs
[2026-09-25T16:46:30.181+0000] {logging_mixin.py:190} INFO - [2026-09-25T16:46:30.181+0000] {dag.py:4180} INFO - Setting next_dagrun for example_complex to None, run_after=None
[2026-09-25T16:46:30.226+0000] {processor.py:208} INFO - Processing /home/airflow/.local/lib/python3.12/site-packages/airflow/example_dags/example_complex.py took 0.175 seconds
[2026-09-25T16:47:00.900+0000] {processor.py:186} INFO - Started process (PID=471) to work on /home/airflow/.local/lib/python3.12/site-packages/airflow/example_dags/example_complex.py
[2026-09-25T16:47:00.922+0000] {processor.py:914} INFO - Processing file /home/airflow/.local/lib/python3.12/site-packages/airflow/example_dags/example_complex.py for tasks to queue
[2026-09-25T16:47:00.954+0000] {logging_mixin.py:190} INFO - [2026-09-25T16:47:00.945+0000] {dagbag.py:588} INFO - Filling up the DagBag from /home/airflow/.local/lib/python3.12/site-packages/airflow/example_dags/example_complex.py
[2026-09-25T16:47:01.137+0000] {processor.py:925} INFO - DAG(s) 'example_complex' retrieved from /home/airflow/.local/lib/python3.12/site-packages/airflow/example_dags/example_complex.py
[2026-09-25T16:47:01.453+0000] {logging_mixin.py:190} INFO - [2026-09-25T16:47:01.452+0000] {dag.py:3239} INFO - Sync 1 DAGs
[2026-09-25T16:47:01.559+0000] {logging_mixin.py:190} INFO - [2026-09-25T16:47:01.559+0000] {dag.py:4180} INFO - Setting next_dagrun for example_complex to None, run_after=None
[2026-09-25T16:47:01.742+0000] {processor.py:208} INFO - Processing /home/airflow/.local/lib/python3.12/site-packages/airflow/example_dags/example_complex.py took 0.898 seconds
[2026-09-25T16:47:42.652+0000] {processor.py:186} INFO - Started process (PID=531) to work on /home/airflow/.local/lib/python3.12/site-packages/airflow/example_dags/example_complex.py
[2026-09-25T16:47:42.669+0000] {processor.py:914} INFO - Processing file /home/airflow/.local/lib/python3.12/site-packages/airflow/example_dags/example_complex.py for tasks to queue
[2026-09-25T16:47:42.690+0000] {logging_mixin.py:190} INFO - [2026-09-25T16:47:42.690+0000] {dagbag.py:588} INFO - Filling up the DagBag from /home/airflow/.local/lib/python3.12/site-packages/airflow/example_dags/example_complex.py
[2026-09-25T16:47:42.737+0000] {processor.py:925} INFO - DAG(s) 'example_complex' retrieved from /home/airflow/.local/lib/python3.12/site-packages/airflow/example_dags/example_complex.py
[2026-09-25T16:47:42.858+0000] {logging_mixin.py:190} INFO - [2026-09-25T16:47:42.856+0000] {dag.py:3239} INFO - Sync 1 DAGs
[2026-09-25T16:47:42.902+0000] {logging_mixin.py:190} INFO - [2026-09-25T16:47:42.902+0000] {dag.py:4180} INFO - Setting next_dagrun for example_complex to None, run_after=None
[2026-09-25T16:47:42.956+0000] {processor.py:208} INFO - Processing /home/airflow/.local/lib/python3.12/site-packages/airflow/example_dags/example_complex.py took 0.327 seconds
[2026-09-25T16:48:21.637+0000] {processor.py:186} INFO - Started process (PID=598) to work on /home/airflow/.local/lib/python3.12/site-packages/airflow/example_dags/example_complex.py
[2026-09-25T16:48:21.643+0000] {processor.py:914} INFO - Processing file /home/airflow/.local/lib/python3.12/site-packages/airflow/example_dags/example_complex.py for tasks to queue
[2026-09-25T16:48:21.650+0000] {logging_mixin.py:190} INFO - [2026-09-25T16:48:21.649+0000] {dagbag.py:588} INFO - Filling up the DagBag from /home/airflow/.local/lib/python3.12/site-packages/airflow/example_dags/example_complex.py
[2026-09-25T16:48:21.744+0000] {processor.py:925} INFO - DAG(s) 'example_complex' retrieved from /home/airflow/.local/lib/python3.12/site-packages/airflow/example_dags/example_complex.py
[2026-09-25T16:48:21.962+0000] {logging_mixin.py:190} INFO - [2026-09-25T16:48:21.962+0000] {dag.py:3239} INFO - Sync 1 DAGs
[2026-09-25T16:48:22.040+0000] {logging_mixin.py:190} INFO - [2026-09-25T16:48:22.039+0000] {dag.py:4180} INFO - Setting next_dagrun for example_complex to None, run_after=None
[2026-09-25T16:48:22.100+0000] {processor.py:208} INFO - Processing /home/airflow/.local/lib/python3.12/site-packages/airflow/example_dags/example_complex.py took 0.477 seconds
[2026-09-25T16:48:52.408+0000] {processor.py:186} INFO - Started process (PID=661) to work on /home/airflow/.local/lib/python3.12/site-packages/airflow/example_dags/example_complex.py
[2026-09-25T16:48:52.412+0000] {processor.py:914} INFO - Processing file /home/airflow/.local/lib/python3.12/site-packages/airflow/example_dags/example_complex.py for tasks to queue
[2026-09-25T16:48:52.417+0000] {logging_mixin.py:190} INFO - [2026-09-25T16:48:52.416+0000] {dagbag.py:588} INFO - Filling up the DagBag from /home/airflow/.local/lib/python3.12/site-packages/airflow/example_dags/example_complex.py
[2026-09-25T16:48:52.494+0000] {processor.py:925} INFO - DAG(s) 'example_complex' retrieved from /home/airflow/.local/lib/python3.12/site-packages/airflow/example_dags/example_complex.py
[2026-09-25T16:48:52.586+0000] {logging_mixin.py:190} INFO - [2026-09-25T16:48:52.585+0000] {dag.py:3239} INFO - Sync 1 DAGs
[2026-09-25T16:48:52.663+0000] {logging_mixin.py:190} INFO - [2026-09-25T16:48:52.663+0000] {dag.py:4180} INFO - Setting next_dagrun for example_complex to None, run_after=None
[2026-09-25T16:48:52.820+0000] {processor.py:208} INFO - Processing /home/airflow/.local/lib/python3.12/site-packages/airflow/example_dags/example_complex.py took 0.446 seconds
[2026-09-25T16:49:23.040+0000] {processor.py:186} INFO - Started process (PID=724) to work on /home/airflow/.local/lib/python3.12/site-packages/airflow/example_dags/example_complex.py
[2026-09-25T16:49:23.048+0000] {processor.py:914} INFO - Processing file /home/airflow/.local/lib/python3.12/site-packages/airflow/example_dags/example_complex.py for tasks to queue
[2026-09-25T16:49:23.057+0000] {logging_mixin.py:190} INFO - [2026-09-25T16:49:23.056+0000] {dagbag.py:588} INFO - Filling up the DagBag from /home/airflow/.local/lib/python3.12/site-packages/airflow/example_dags/example_complex.py
[2026-09-25T16:49:23.102+0000] {processor.py:925} INFO - DAG(s) 'example_complex' retrieved from /home/airflow/.local/lib/python3.12/site-packages/airflow/example_dags/example_complex.py
[2026-09-25T16:49:23.183+0000] {logging_mixin.py:190} INFO - [2026-09-25T16:49:23.182+0000] {dag.py:3239} INFO - Sync 1 DAGs
[2026-09-25T16:49:23.214+0000] {logging_mixin.py:190} INFO - [2026-09-25T16:49:23.214+0000] {dag.py:4180} INFO - Setting next_dagrun for example_complex to None, run_after=None
[2026-09-25T16:49:23.253+0000] {processor.py:208} INFO - Processing /home/airflow/.local/lib/python3.12/site-packages/airflow/example_dags/example_complex.py took 0.234 seconds
