[2026-09-25T16:16:43.241+0000] {processor.py:186} INFO - Started process (PID=137) to work on /home/airflow/.local/lib/python3.12/site-packages/airflow/example_dags/example_dataset_alias_with_no_taskflow.py
[2026-09-25T16:16:43.249+0000] {processor.py:914} INFO - Processing file /home/airflow/.local/lib/python3.12/site-packages/airflow/example_dags/example_dataset_alias_with_no_taskflow.py for tasks to queue
[2026-09-25T16:16:43.263+0000] {logging_mixin.py:190} INFO - [2026-09-25T16:16:43.261+0000] {dagbag.py:588} INFO - Filling up the DagBag from /home/airflow/.local/lib/python3.12/site-packages/airflow/example_dags/example_dataset_alias_with_no_taskflow.py
[2026-09-25T16:16:55.413+0000] {processor.py:925} INFO - DAG(s) 'dataset_alias_example_alias_producer_with_no_taskflow', 'dataset_s3_bucket_consumer_with_no_taskflow', 'dataset_s3_bucket_producer_with_no_taskflow', 'dataset_alias_example_alias_consumer_with_no_taskflow' retrieved from /home/airflow/.local/lib/python3.12/site-packages/airflow/example_dags/example_dataset_alias_with_no_taskflow.py
[2026-09-25T16:16:56.424+0000] {logging_mixin.py:190} INFO - [2026-09-25T16:16:56.423+0000] {override.py:1912} INFO - Created Permission View: can read on DAG:dataset_alias_example_alias_producer_with_no_taskflow
[2026-09-25T16:16:56.636+0000] {logging_mixin.py:190} INFO - [2026-09-25T16:16:56.633+0000] {override.py:1912} INFO - Created Permission View: can delete on DAG:dataset_alias_example_alias_producer_with_no_taskflow
[2026-09-25T16:16:57.758+0000] {logging_mixin.py:190} INFO - [2026-09-25T16:16:57.754+0000] {override.py:1912} INFO - Created Permission View: can edit on DAG:dataset_alias_example_alias_producer_with_no_taskflow
[2026-09-25T16:16:57.930+0000] {logging_mixin.py:190} INFO - [2026-09-25T16:16:57.929+0000] {override.py:1912} INFO - Created Permission View: can read on DAG Run:dataset_alias_example_alias_producer_with_no_taskflow
[2026-09-25T16:16:57.993+0000] {logging_mixin.py:190} INFO - [2026-09-25T16:16:57.992+0000] {override.py:1912} INFO - Created Permission View: can delete on DAG Run:dataset_alias_example_alias_producer_with_no_taskflow
[2026-09-25T16:16:58.188+0000] {logging_mixin.py:190} INFO - [2026-09-25T16:16:58.186+0000] {override.py:1912} INFO - Created Permission View: menu access on DAG Run:dataset_alias_example_alias_producer_with_no_taskflow
[2026-09-25T16:16:58.244+0000] {logging_mixin.py:190} INFO - [2026-09-25T16:16:58.244+0000] {override.py:1912} INFO - Created Permission View: can create on DAG Run:dataset_alias_example_alias_producer_with_no_taskflow
[2026-09-25T16:16:58.364+0000] {logging_mixin.py:190} INFO - [2026-09-25T16:16:58.361+0000] {override.py:1912} INFO - Created Permission View: can read on DAG:dataset_s3_bucket_consumer_with_no_taskflow
[2026-09-25T16:16:58.483+0000] {logging_mixin.py:190} INFO - [2026-09-25T16:16:58.482+0000] {override.py:1912} INFO - Created Permission View: can delete on DAG:dataset_s3_bucket_consumer_with_no_taskflow
[2026-09-25T16:16:58.574+0000] {logging_mixin.py:190} INFO - [2026-09-25T16:16:58.573+0000] {override.py:1912} INFO - Created Permission View: can edit on DAG:dataset_s3_bucket_consumer_with_no_taskflow
[2026-09-25T16:16:58.648+0000] {logging_mixin.py:190} INFO - [2026-09-25T16:16:58.647+0000] {override.py:1912} INFO - Created Permission View: can read on DAG Run:dataset_s3_bucket_consumer_with_no_taskflow
[2026-09-25T16:16:58.782+0000] {logging_mixin.py:190} INFO - [2026-09-25T16:16:58.781+0000] {override.py:1912} INFO - Created Permission View: can delete on DAG Run:dataset_s3_bucket_consumer_with_no_taskflow
[2026-09-25T16:16:58.885+0000] {logging_mixin.py:190} INFO - [2026-09-25T16:16:58.884+0000] {override.py:1912} INFO - Created Permission View: menu access on DAG Run:dataset_s3_bucket_consumer_with_no_taskflow
[2026-09-25T16:16:58.971+0000] {logging_mixin.py:190} INFO - [2026-09-25T16:16:58.942+0000] {override.py:1912} INFO - Created Permission View: can create on DAG Run:dataset_s3_bucket_consumer_with_no_taskflow
[2026-09-25T16:16:59.394+0000] {logging_mixin.py:190} INFO - [2026-09-25T16:16:59.393+0000] {override.py:1912} INFO - Created Permission View: can read on DAG:dataset_s3_bucket_producer_with_no_taskflow
[2026-09-25T16:16:59.447+0000] {logging_mixin.py:190} INFO - [2026-09-25T16:16:59.446+0000] {override.py:1912} INFO - Created Permission View: can delete on DAG:dataset_s3_bucket_producer_with_no_taskflow
[2026-09-25T16:16:59.492+0000] {logging_mixin.py:190} INFO - [2026-09-25T16:16:59.492+0000] {override.py:1912} INFO - Created Permission View: can edit on DAG:dataset_s3_bucket_producer_with_no_taskflow
[2026-09-25T16:16:59.558+0000] {logging_mixin.py:190} INFO - [2026-09-25T16:16:59.557+0000] {override.py:1912} INFO - Created Permission View: can read on DAG Run:dataset_s3_bucket_producer_with_no_taskflow
[2026-09-25T16:16:59.622+0000] {logging_mixin.py:190} INFO - [2026-09-25T16:16:59.621+0000] {override.py:1912} INFO - Created Permission View: can delete on DAG Run:dataset_s3_bucket_producer_with_no_taskflow
[2026-09-25T16:16:59.672+0000] {logging_mixin.py:190} INFO - [2026-09-25T16:16:59.671+0000] {override.py:1912} INFO - Created Permission View: menu access on DAG Run:dataset_s3_bucket_producer_with_no_taskflow
[2026-09-25T16:16:59.754+0000] {logging_mixin.py:190} INFO - [2026-09-25T16:16:59.753+0000] {override.py:1912} INFO - Created Permission View: can create on DAG Run:dataset_s3_bucket_producer_with_no_taskflow
[2026-09-25T16:16:59.949+0000] {logging_mixin.py:190} INFO - [2026-09-25T16:16:59.948+0000] {override.py:1912} INFO - Created Permission View: can read on DAG:dataset_alias_example_alias_consumer_with_no_taskflow
[2026-09-25T16:16:59.998+0000] {logging_mixin.py:190} INFO - [2026-09-25T16:16:59.997+0000] {override.py:1912} INFO - Created Permission View: can delete on DAG:dataset_alias_example_alias_consumer_with_no_taskflow
[2026-09-25T16:17:00.133+0000] {logging_mixin.py:190} INFO - [2026-09-25T16:17:00.132+0000] {override.py:1912} INFO - Created Permission View: can edit on DAG:dataset_alias_example_alias_consumer_with_no_taskflow
[2026-09-25T16:17:00.222+0000] {logging_mixin.py:190} INFO - [2026-09-25T16:17:00.221+0000] {override.py:1912} INFO - Created Permission View: can read on DAG Run:dataset_alias_example_alias_consumer_with_no_taskflow
[2026-09-25T16:17:00.285+0000] {logging_mixin.py:190} INFO - [2026-09-25T16:17:00.284+0000] {override.py:1912} INFO - Created Permission View: can delete on DAG Run:dataset_alias_example_alias_consumer_with_no_taskflow
[2026-09-25T16:17:00.334+0000] {logging_mixin.py:190} INFO - [2026-09-25T16:17:00.333+0000] {override.py:1912} INFO - Created Permission View: menu access on DAG Run:dataset_alias_example_alias_consumer_with_no_taskflow
[2026-09-25T16:17:00.359+0000] {logging_mixin.py:190} INFO - [2026-09-25T16:17:00.359+0000] {override.py:1912} INFO - Created Permission View: can create on DAG Run:dataset_alias_example_alias_consumer_with_no_taskflow
[2026-09-25T16:17:00.365+0000] {logging_mixin.py:190} INFO - [2026-09-25T16:17:00.364+0000] {dag.py:3239} INFO - Sync 4 DAGs
[2026-09-25T16:17:00.502+0000] {logging_mixin.py:190} INFO - [2026-09-25T16:17:00.483+0000] {dag.py:3262} INFO - Creating ORM DAG for dataset_alias_example_alias_producer_with_no_taskflow
[2026-09-25T16:17:00.510+0000] {logging_mixin.py:190} INFO - [2026-09-25T16:17:00.509+0000] {dag.py:3262} INFO - Creating ORM DAG for dataset_s3_bucket_consumer_with_no_taskflow
[2026-09-25T16:17:00.567+0000] {logging_mixin.py:190} INFO - [2026-09-25T16:17:00.558+0000] {dag.py:3262} INFO - Creating ORM DAG for dataset_s3_bucket_producer_with_no_taskflow
[2026-09-25T16:17:00.585+0000] {logging_mixin.py:190} INFO - [2026-09-25T16:17:00.584+0000] {dag.py:3262} INFO - Creating ORM DAG for dataset_alias_example_alias_consumer_with_no_taskflow
[2026-09-25T16:17:00.716+0000] {logging_mixin.py:190} INFO - [2026-09-25T16:17:00.716+0000] {dag.py:4180} INFO - Setting next_dagrun for dataset_alias_example_alias_consumer_with_no_taskflow to None, run_after=None
[2026-09-25T16:17:00.724+0000] {logging_mixin.py:190} INFO - [2026-09-25T16:17:00.723+0000] {dag.py:4180} INFO - Setting next_dagrun for dataset_alias_example_alias_producer_with_no_taskflow to None, run_after=None
[2026-09-25T16:17:00.757+0000] {logging_mixin.py:190} INFO - [2026-09-25T16:17:00.756+0000] {dag.py:4180} INFO - Setting next_dagrun for dataset_s3_bucket_consumer_with_no_taskflow to None, run_after=None
[2026-09-25T16:17:00.777+0000] {logging_mixin.py:190} INFO - [2026-09-25T16:17:00.777+0000] {dag.py:4180} INFO - Setting next_dagrun for dataset_s3_bucket_producer_with_no_taskflow to None, run_after=None
[2026-09-25T16:17:00.978+0000] {processor.py:208} INFO - Processing /home/airflow/.local/lib/python3.12/site-packages/airflow/example_dags/example_dataset_alias_with_no_taskflow.py took 17.778 seconds
[2026-09-25T16:19:56.771+0000] {processor.py:186} INFO - Started process (PID=263) to work on /home/airflow/.local/lib/python3.12/site-packages/airflow/example_dags/example_dataset_alias_with_no_taskflow.py
[2026-09-25T16:19:56.826+0000] {processor.py:914} INFO - Processing file /home/airflow/.local/lib/python3.12/site-packages/airflow/example_dags/example_dataset_alias_with_no_taskflow.py for tasks to queue
[2026-09-25T16:19:56.885+0000] {logging_mixin.py:190} INFO - [2026-09-25T16:19:56.882+0000] {dagbag.py:588} INFO - Filling up the DagBag from /home/airflow/.local/lib/python3.12/site-packages/airflow/example_dags/example_dataset_alias_with_no_taskflow.py
[2026-09-25T16:20:10.261+0000] {processor.py:925} INFO - DAG(s) 'dataset_alias_example_alias_producer_with_no_taskflow', 'dataset_s3_bucket_consumer_with_no_taskflow', 'dataset_alias_example_alias_consumer_with_no_taskflow', 'dataset_s3_bucket_producer_with_no_taskflow' retrieved from /home/airflow/.local/lib/python3.12/site-packages/airflow/example_dags/example_dataset_alias_with_no_taskflow.py
[2026-09-25T16:20:10.875+0000] {logging_mixin.py:190} INFO - [2026-09-25T16:20:10.871+0000] {dag.py:3239} INFO - Sync 4 DAGs
[2026-09-25T16:20:12.617+0000] {logging_mixin.py:190} INFO - [2026-09-25T16:20:12.530+0000] {dag.py:4180} INFO - Setting next_dagrun for dataset_alias_example_alias_consumer_with_no_taskflow to None, run_after=None
[2026-09-25T16:20:12.679+0000] {logging_mixin.py:190} INFO - [2026-09-25T16:20:12.676+0000] {dag.py:4180} INFO - Setting next_dagrun for dataset_alias_example_alias_producer_with_no_taskflow to None, run_after=None
[2026-09-25T16:20:12.758+0000] {logging_mixin.py:190} INFO - [2026-09-25T16:20:12.757+0000] {dag.py:4180} INFO - Setting next_dagrun for dataset_s3_bucket_consumer_with_no_taskflow to None, run_after=None
[2026-09-25T16:20:12.884+0000] {logging_mixin.py:190} INFO - [2026-09-25T16:20:12.842+0000] {dag.py:4180} INFO - Setting next_dagrun for dataset_s3_bucket_producer_with_no_taskflow to None, run_after=None
[2026-09-25T16:20:13.923+0000] {processor.py:208} INFO - Processing /home/airflow/.local/lib/python3.12/site-packages/airflow/example_dags/example_dataset_alias_with_no_taskflow.py took 17.408 seconds
[2026-09-25T16:21:31.780+0000] {processor.py:186} INFO - Started process (PID=365) to work on /home/airflow/.local/lib/python3.12/site-packages/airflow/example_dags/example_dataset_alias_with_no_taskflow.py
[2026-09-25T16:21:31.800+0000] {processor.py:914} INFO - Processing file /home/airflow/.local/lib/python3.12/site-packages/airflow/example_dags/example_dataset_alias_with_no_taskflow.py for tasks to queue
[2026-09-25T16:21:31.834+0000] {logging_mixin.py:190} INFO - [2026-09-25T16:21:31.832+0000] {dagbag.py:588} INFO - Filling up the DagBag from /home/airflow/.local/lib/python3.12/site-packages/airflow/example_dags/example_dataset_alias_with_no_taskflow.py
[2026-09-25T16:21:36.426+0000] {processor.py:925} INFO - DAG(s) 'dataset_alias_example_alias_producer_with_no_taskflow', 'dataset_s3_bucket_consumer_with_no_taskflow', 'dataset_s3_bucket_producer_with_no_taskflow', 'dataset_alias_example_alias_consumer_with_no_taskflow' retrieved from /home/airflow/.local/lib/python3.12/site-packages/airflow/example_dags/example_dataset_alias_with_no_taskflow.py
[2026-09-25T16:21:36.486+0000] {logging_mixin.py:190} INFO - [2026-09-25T16:21:36.485+0000] {dag.py:3239} INFO - Sync 4 DAGs
[2026-09-25T16:21:36.553+0000] {logging_mixin.py:190} INFO - [2026-09-25T16:21:36.552+0000] {dag.py:4180} INFO - Setting next_dagrun for dataset_alias_example_alias_consumer_with_no_taskflow to None, run_after=None
[2026-09-25T16:21:36.560+0000] {logging_mixin.py:190} INFO - [2026-09-25T16:21:36.559+0000] {dag.py:4180} INFO - Setting next_dagrun for dataset_alias_example_alias_producer_with_no_taskflow to None, run_after=None
[2026-09-25T16:21:36.564+0000] {logging_mixin.py:190} INFO - [2026-09-25T16:21:36.564+0000] {dag.py:4180} INFO - Setting next_dagrun for dataset_s3_bucket_consumer_with_no_taskflow to None, run_after=None
[2026-09-25T16:21:36.567+0000] {logging_mixin.py:190} INFO - [2026-09-25T16:21:36.567+0000] {dag.py:4180} INFO - Setting next_dagrun for dataset_s3_bucket_producer_with_no_taskflow to None, run_after=None
[2026-09-25T16:21:36.620+0000] {processor.py:208} INFO - Processing /home/airflow/.local/lib/python3.12/site-packages/airflow/example_dags/example_dataset_alias_with_no_taskflow.py took 4.878 seconds
[2026-09-25T16:22:58.058+0000] {processor.py:186} INFO - Started process (PID=454) to work on /home/airflow/.local/lib/python3.12/site-packages/airflow/example_dags/example_dataset_alias_with_no_taskflow.py
[2026-09-25T16:22:58.064+0000] {processor.py:914} INFO - Processing file /home/airflow/.local/lib/python3.12/site-packages/airflow/example_dags/example_dataset_alias_with_no_taskflow.py for tasks to queue
[2026-09-25T16:22:58.077+0000] {logging_mixin.py:190} INFO - [2026-09-25T16:22:58.074+0000] {dagbag.py:588} INFO - Filling up the DagBag from /home/airflow/.local/lib/python3.12/site-packages/airflow/example_dags/example_dataset_alias_with_no_taskflow.py
[2026-09-25T16:23:01.928+0000] {processor.py:925} INFO - DAG(s) 'dataset_s3_bucket_producer_with_no_taskflow', 'dataset_alias_example_alias_consumer_with_no_taskflow', 'dataset_alias_example_alias_producer_with_no_taskflow', 'dataset_s3_bucket_consumer_with_no_taskflow' retrieved from /home/airflow/.local/lib/python3.12/site-packages/airflow/example_dags/example_dataset_alias_with_no_taskflow.py
[2026-09-25T16:23:01.994+0000] {logging_mixin.py:190} INFO - [2026-09-25T16:23:01.993+0000] {dag.py:3239} INFO - Sync 4 DAGs
[2026-09-25T16:23:02.064+0000] {logging_mixin.py:190} INFO - [2026-09-25T16:23:02.064+0000] {dag.py:4180} INFO - Setting next_dagrun for dataset_alias_example_alias_consumer_with_no_taskflow to None, run_after=None
[2026-09-25T16:23:02.072+0000] {logging_mixin.py:190} INFO - [2026-09-25T16:23:02.071+0000] {dag.py:4180} INFO - Setting next_dagrun for dataset_alias_example_alias_producer_with_no_taskflow to None, run_after=None
[2026-09-25T16:23:02.077+0000] {logging_mixin.py:190} INFO - [2026-09-25T16:23:02.076+0000] {dag.py:4180} INFO - Setting next_dagrun for dataset_s3_bucket_consumer_with_no_taskflow to None, run_after=None
[2026-09-25T16:23:02.081+0000] {logging_mixin.py:190} INFO - [2026-09-25T16:23:02.080+0000] {dag.py:4180} INFO - Setting next_dagrun for dataset_s3_bucket_producer_with_no_taskflow to None, run_after=None
[2026-09-25T16:23:02.143+0000] {processor.py:208} INFO - Processing /home/airflow/.local/lib/python3.12/site-packages/airflow/example_dags/example_dataset_alias_with_no_taskflow.py took 4.168 seconds
[2026-09-25T16:23:32.803+0000] {processor.py:186} INFO - Started process (PID=517) to work on /home/airflow/.local/lib/python3.12/site-packages/airflow/example_dags/example_dataset_alias_with_no_taskflow.py
[2026-09-25T16:23:32.806+0000] {processor.py:914} INFO - Processing file /home/airflow/.local/lib/python3.12/site-packages/airflow/example_dags/example_dataset_alias_with_no_taskflow.py for tasks to queue
[2026-09-25T16:23:32.857+0000] {logging_mixin.py:190} INFO - [2026-09-25T16:23:32.856+0000] {dagbag.py:588} INFO - Filling up the DagBag from /home/airflow/.local/lib/python3.12/site-packages/airflow/example_dags/example_dataset_alias_with_no_taskflow.py
[2026-09-25T16:23:38.178+0000] {processor.py:925} INFO - DAG(s) 'dataset_s3_bucket_consumer_with_no_taskflow', 'dataset_s3_bucket_producer_with_no_taskflow', 'dataset_alias_example_alias_consumer_with_no_taskflow', 'dataset_alias_example_alias_producer_with_no_taskflow' retrieved from /home/airflow/.local/lib/python3.12/site-packages/airflow/example_dags/example_dataset_alias_with_no_taskflow.py
[2026-09-25T16:23:38.344+0000] {logging_mixin.py:190} INFO - [2026-09-25T16:23:38.343+0000] {dag.py:3239} INFO - Sync 4 DAGs
[2026-09-25T16:23:38.531+0000] {logging_mixin.py:190} INFO - [2026-09-25T16:23:38.531+0000] {dag.py:4180} INFO - Setting next_dagrun for dataset_alias_example_alias_consumer_with_no_taskflow to None, run_after=None
[2026-09-25T16:23:38.569+0000] {logging_mixin.py:190} INFO - [2026-09-25T16:23:38.568+0000] {dag.py:4180} INFO - Setting next_dagrun for dataset_alias_example_alias_producer_with_no_taskflow to None, run_after=None
[2026-09-25T16:23:38.579+0000] {logging_mixin.py:190} INFO - [2026-09-25T16:23:38.579+0000] {dag.py:4180} INFO - Setting next_dagrun for dataset_s3_bucket_consumer_with_no_taskflow to None, run_after=None
[2026-09-25T16:23:38.593+0000] {logging_mixin.py:190} INFO - [2026-09-25T16:23:38.584+0000] {dag.py:4180} INFO - Setting next_dagrun for dataset_s3_bucket_producer_with_no_taskflow to None, run_after=None
[2026-09-25T16:23:38.977+0000] {processor.py:208} INFO - Processing /home/airflow/.local/lib/python3.12/site-packages/airflow/example_dags/example_dataset_alias_with_no_taskflow.py took 6.223 seconds
[2026-09-25T16:24:09.276+0000] {processor.py:186} INFO - Started process (PID=585) to work on /home/airflow/.local/lib/python3.12/site-packages/airflow/example_dags/example_dataset_alias_with_no_taskflow.py
[2026-09-25T16:24:09.280+0000] {processor.py:914} INFO - Processing file /home/airflow/.local/lib/python3.12/site-packages/airflow/example_dags/example_dataset_alias_with_no_taskflow.py for tasks to queue
[2026-09-25T16:24:09.294+0000] {logging_mixin.py:190} INFO - [2026-09-25T16:24:09.293+0000] {dagbag.py:588} INFO - Filling up the DagBag from /home/airflow/.local/lib/python3.12/site-packages/airflow/example_dags/example_dataset_alias_with_no_taskflow.py
[2026-09-25T16:24:11.741+0000] {processor.py:925} INFO - DAG(s) 'dataset_s3_bucket_producer_with_no_taskflow', 'dataset_alias_example_alias_producer_with_no_taskflow', 'dataset_alias_example_alias_consumer_with_no_taskflow', 'dataset_s3_bucket_consumer_with_no_taskflow' retrieved from /home/airflow/.local/lib/python3.12/site-packages/airflow/example_dags/example_dataset_alias_with_no_taskflow.py
[2026-09-25T16:24:11.830+0000] {logging_mixin.py:190} INFO - [2026-09-25T16:24:11.829+0000] {dag.py:3239} INFO - Sync 4 DAGs
[2026-09-25T16:24:11.981+0000] {logging_mixin.py:190} INFO - [2026-09-25T16:24:11.980+0000] {dag.py:4180} INFO - Setting next_dagrun for dataset_alias_example_alias_consumer_with_no_taskflow to None, run_after=None
[2026-09-25T16:24:11.990+0000] {logging_mixin.py:190} INFO - [2026-09-25T16:24:11.989+0000] {dag.py:4180} INFO - Setting next_dagrun for dataset_alias_example_alias_producer_with_no_taskflow to None, run_after=None
[2026-09-25T16:24:11.994+0000] {logging_mixin.py:190} INFO - [2026-09-25T16:24:11.994+0000] {dag.py:4180} INFO - Setting next_dagrun for dataset_s3_bucket_consumer_with_no_taskflow to None, run_after=None
[2026-09-25T16:24:11.998+0000] {logging_mixin.py:190} INFO - [2026-09-25T16:24:11.997+0000] {dag.py:4180} INFO - Setting next_dagrun for dataset_s3_bucket_producer_with_no_taskflow to None, run_after=None
[2026-09-25T16:24:12.070+0000] {processor.py:208} INFO - Processing /home/airflow/.local/lib/python3.12/site-packages/airflow/example_dags/example_dataset_alias_with_no_taskflow.py took 2.836 seconds
[2026-09-25T16:25:03.686+0000] {processor.py:186} INFO - Started process (PID=666) to work on /home/airflow/.local/lib/python3.12/site-packages/airflow/example_dags/example_dataset_alias_with_no_taskflow.py
[2026-09-25T16:25:03.689+0000] {processor.py:914} INFO - Processing file /home/airflow/.local/lib/python3.12/site-packages/airflow/example_dags/example_dataset_alias_with_no_taskflow.py for tasks to queue
[2026-09-25T16:25:03.714+0000] {logging_mixin.py:190} INFO - [2026-09-25T16:25:03.707+0000] {dagbag.py:588} INFO - Filling up the DagBag from /home/airflow/.local/lib/python3.12/site-packages/airflow/example_dags/example_dataset_alias_with_no_taskflow.py
[2026-09-25T16:25:07.189+0000] {processor.py:925} INFO - DAG(s) 'dataset_alias_example_alias_producer_with_no_taskflow', 'dataset_s3_bucket_consumer_with_no_taskflow', 'dataset_s3_bucket_producer_with_no_taskflow', 'dataset_alias_example_alias_consumer_with_no_taskflow' retrieved from /home/airflow/.local/lib/python3.12/site-packages/airflow/example_dags/example_dataset_alias_with_no_taskflow.py
[2026-09-25T16:25:07.283+0000] {logging_mixin.py:190} INFO - [2026-09-25T16:25:07.281+0000] {dag.py:3239} INFO - Sync 4 DAGs
[2026-09-25T16:25:07.385+0000] {logging_mixin.py:190} INFO - [2026-09-25T16:25:07.384+0000] {dag.py:4180} INFO - Setting next_dagrun for dataset_alias_example_alias_consumer_with_no_taskflow to None, run_after=None
[2026-09-25T16:25:07.414+0000] {logging_mixin.py:190} INFO - [2026-09-25T16:25:07.413+0000] {dag.py:4180} INFO - Setting next_dagrun for dataset_alias_example_alias_producer_with_no_taskflow to None, run_after=None
[2026-09-25T16:25:07.420+0000] {logging_mixin.py:190} INFO - [2026-09-25T16:25:07.419+0000] {dag.py:4180} INFO - Setting next_dagrun for dataset_s3_bucket_consumer_with_no_taskflow to None, run_after=None
[2026-09-25T16:25:07.426+0000] {logging_mixin.py:190} INFO - [2026-09-25T16:25:07.425+0000] {dag.py:4180} INFO - Setting next_dagrun for dataset_s3_bucket_producer_with_no_taskflow to None, run_after=None
[2026-09-25T16:25:07.495+0000] {processor.py:208} INFO - Processing /home/airflow/.local/lib/python3.12/site-packages/airflow/example_dags/example_dataset_alias_with_no_taskflow.py took 3.838 seconds
[2026-09-25T16:25:39.934+0000] {processor.py:186} INFO - Started process (PID=735) to work on /home/airflow/.local/lib/python3.12/site-packages/airflow/example_dags/example_dataset_alias_with_no_taskflow.py
[2026-09-25T16:25:39.939+0000] {processor.py:914} INFO - Processing file /home/airflow/.local/lib/python3.12/site-packages/airflow/example_dags/example_dataset_alias_with_no_taskflow.py for tasks to queue
[2026-09-25T16:25:39.946+0000] {logging_mixin.py:190} INFO - [2026-09-25T16:25:39.945+0000] {dagbag.py:588} INFO - Filling up the DagBag from /home/airflow/.local/lib/python3.12/site-packages/airflow/example_dags/example_dataset_alias_with_no_taskflow.py
[2026-09-25T16:25:47.128+0000] {processor.py:925} INFO - DAG(s) 'dataset_alias_example_alias_consumer_with_no_taskflow', 'dataset_s3_bucket_consumer_with_no_taskflow', 'dataset_s3_bucket_producer_with_no_taskflow', 'dataset_alias_example_alias_producer_with_no_taskflow' retrieved from /home/airflow/.local/lib/python3.12/site-packages/airflow/example_dags/example_dataset_alias_with_no_taskflow.py
[2026-09-25T16:25:47.239+0000] {logging_mixin.py:190} INFO - [2026-09-25T16:25:47.237+0000] {dag.py:3239} INFO - Sync 4 DAGs
[2026-09-25T16:25:47.488+0000] {logging_mixin.py:190} INFO - [2026-09-25T16:25:47.487+0000] {dag.py:4180} INFO - Setting next_dagrun for dataset_alias_example_alias_consumer_with_no_taskflow to None, run_after=None
[2026-09-25T16:25:47.588+0000] {logging_mixin.py:190} INFO - [2026-09-25T16:25:47.586+0000] {dag.py:4180} INFO - Setting next_dagrun for dataset_alias_example_alias_producer_with_no_taskflow to None, run_after=None
[2026-09-25T16:25:47.617+0000] {logging_mixin.py:190} INFO - [2026-09-25T16:25:47.616+0000] {dag.py:4180} INFO - Setting next_dagrun for dataset_s3_bucket_consumer_with_no_taskflow to None, run_after=None
[2026-09-25T16:25:47.633+0000] {logging_mixin.py:190} INFO - [2026-09-25T16:25:47.630+0000] {dag.py:4180} INFO - Setting next_dagrun for dataset_s3_bucket_producer_with_no_taskflow to None, run_after=None
[2026-09-25T16:25:47.819+0000] {processor.py:208} INFO - Processing /home/airflow/.local/lib/python3.12/site-packages/airflow/example_dags/example_dataset_alias_with_no_taskflow.py took 7.899 seconds
[2026-09-25T16:26:18.076+0000] {processor.py:186} INFO - Started process (PID=798) to work on /home/airflow/.local/lib/python3.12/site-packages/airflow/example_dags/example_dataset_alias_with_no_taskflow.py
[2026-09-25T16:26:18.079+0000] {processor.py:914} INFO - Processing file /home/airflow/.local/lib/python3.12/site-packages/airflow/example_dags/example_dataset_alias_with_no_taskflow.py for tasks to queue
[2026-09-25T16:26:18.083+0000] {logging_mixin.py:190} INFO - [2026-09-25T16:26:18.082+0000] {dagbag.py:588} INFO - Filling up the DagBag from /home/airflow/.local/lib/python3.12/site-packages/airflow/example_dags/example_dataset_alias_with_no_taskflow.py
[2026-09-25T16:26:20.098+0000] {processor.py:925} INFO - DAG(s) 'dataset_alias_example_alias_consumer_with_no_taskflow', 'dataset_s3_bucket_consumer_with_no_taskflow', 'dataset_alias_example_alias_producer_with_no_taskflow', 'dataset_s3_bucket_producer_with_no_taskflow' retrieved from /home/airflow/.local/lib/python3.12/site-packages/airflow/example_dags/example_dataset_alias_with_no_taskflow.py
[2026-09-25T16:26:20.150+0000] {logging_mixin.py:190} INFO - [2026-09-25T16:26:20.149+0000] {dag.py:3239} INFO - Sync 4 DAGs
[2026-09-25T16:26:20.209+0000] {logging_mixin.py:190} INFO - [2026-09-25T16:26:20.209+0000] {dag.py:4180} INFO - Setting next_dagrun for dataset_alias_example_alias_consumer_with_no_taskflow to None, run_after=None
[2026-09-25T16:26:20.216+0000] {logging_mixin.py:190} INFO - [2026-09-25T16:26:20.216+0000] {dag.py:4180} INFO - Setting next_dagrun for dataset_alias_example_alias_producer_with_no_taskflow to None, run_after=None
[2026-09-25T16:26:20.222+0000] {logging_mixin.py:190} INFO - [2026-09-25T16:26:20.222+0000] {dag.py:4180} INFO - Setting next_dagrun for dataset_s3_bucket_consumer_with_no_taskflow to None, run_after=None
[2026-09-25T16:26:20.225+0000] {logging_mixin.py:190} INFO - [2026-09-25T16:26:20.225+0000] {dag.py:4180} INFO - Setting next_dagrun for dataset_s3_bucket_producer_with_no_taskflow to None, run_after=None
[2026-09-25T16:26:20.270+0000] {processor.py:208} INFO - Processing /home/airflow/.local/lib/python3.12/site-packages/airflow/example_dags/example_dataset_alias_with_no_taskflow.py took 2.206 seconds
[2026-09-25T16:26:55.923+0000] {processor.py:186} INFO - Started process (PID=867) to work on /home/airflow/.local/lib/python3.12/site-packages/airflow/example_dags/example_dataset_alias_with_no_taskflow.py
[2026-09-25T16:26:55.929+0000] {processor.py:914} INFO - Processing file /home/airflow/.local/lib/python3.12/site-packages/airflow/example_dags/example_dataset_alias_with_no_taskflow.py for tasks to queue
[2026-09-25T16:26:55.959+0000] {logging_mixin.py:190} INFO - [2026-09-25T16:26:55.958+0000] {dagbag.py:588} INFO - Filling up the DagBag from /home/airflow/.local/lib/python3.12/site-packages/airflow/example_dags/example_dataset_alias_with_no_taskflow.py
[2026-09-25T16:26:59.279+0000] {processor.py:925} INFO - DAG(s) 'dataset_alias_example_alias_producer_with_no_taskflow', 'dataset_s3_bucket_producer_with_no_taskflow', 'dataset_s3_bucket_consumer_with_no_taskflow', 'dataset_alias_example_alias_consumer_with_no_taskflow' retrieved from /home/airflow/.local/lib/python3.12/site-packages/airflow/example_dags/example_dataset_alias_with_no_taskflow.py
[2026-09-25T16:26:59.565+0000] {logging_mixin.py:190} INFO - [2026-09-25T16:26:59.564+0000] {dag.py:3239} INFO - Sync 4 DAGs
[2026-09-25T16:26:59.894+0000] {logging_mixin.py:190} INFO - [2026-09-25T16:26:59.894+0000] {dag.py:4180} INFO - Setting next_dagrun for dataset_alias_example_alias_consumer_with_no_taskflow to None, run_after=None
[2026-09-25T16:26:59.912+0000] {logging_mixin.py:190} INFO - [2026-09-25T16:26:59.912+0000] {dag.py:4180} INFO - Setting next_dagrun for dataset_alias_example_alias_producer_with_no_taskflow to None, run_after=None
[2026-09-25T16:26:59.921+0000] {logging_mixin.py:190} INFO - [2026-09-25T16:26:59.918+0000] {dag.py:4180} INFO - Setting next_dagrun for dataset_s3_bucket_consumer_with_no_taskflow to None, run_after=None
[2026-09-25T16:26:59.950+0000] {logging_mixin.py:190} INFO - [2026-09-25T16:26:59.949+0000] {dag.py:4180} INFO - Setting next_dagrun for dataset_s3_bucket_producer_with_no_taskflow to None, run_after=None
[2026-09-25T16:27:00.058+0000] {processor.py:208} INFO - Processing /home/airflow/.local/lib/python3.12/site-packages/airflow/example_dags/example_dataset_alias_with_no_taskflow.py took 4.309 seconds
[2026-09-25T16:27:32.689+0000] {processor.py:186} INFO - Started process (PID=936) to work on /home/airflow/.local/lib/python3.12/site-packages/airflow/example_dags/example_dataset_alias_with_no_taskflow.py
[2026-09-25T16:27:32.692+0000] {processor.py:914} INFO - Processing file /home/airflow/.local/lib/python3.12/site-packages/airflow/example_dags/example_dataset_alias_with_no_taskflow.py for tasks to queue
[2026-09-25T16:27:32.709+0000] {logging_mixin.py:190} INFO - [2026-09-25T16:27:32.709+0000] {dagbag.py:588} INFO - Filling up the DagBag from /home/airflow/.local/lib/python3.12/site-packages/airflow/example_dags/example_dataset_alias_with_no_taskflow.py
[2026-09-25T16:27:37.845+0000] {processor.py:925} INFO - DAG(s) 'dataset_s3_bucket_producer_with_no_taskflow', 'dataset_alias_example_alias_producer_with_no_taskflow', 'dataset_s3_bucket_consumer_with_no_taskflow', 'dataset_alias_example_alias_consumer_with_no_taskflow' retrieved from /home/airflow/.local/lib/python3.12/site-packages/airflow/example_dags/example_dataset_alias_with_no_taskflow.py
[2026-09-25T16:27:37.937+0000] {logging_mixin.py:190} INFO - [2026-09-25T16:27:37.936+0000] {dag.py:3239} INFO - Sync 4 DAGs
[2026-09-25T16:27:38.116+0000] {logging_mixin.py:190} INFO - [2026-09-25T16:27:38.116+0000] {dag.py:4180} INFO - Setting next_dagrun for dataset_alias_example_alias_consumer_with_no_taskflow to None, run_after=None
[2026-09-25T16:27:38.132+0000] {logging_mixin.py:190} INFO - [2026-09-25T16:27:38.131+0000] {dag.py:4180} INFO - Setting next_dagrun for dataset_alias_example_alias_producer_with_no_taskflow to None, run_after=None
[2026-09-25T16:27:38.143+0000] {logging_mixin.py:190} INFO - [2026-09-25T16:27:38.142+0000] {dag.py:4180} INFO - Setting next_dagrun for dataset_s3_bucket_consumer_with_no_taskflow to None, run_after=None
[2026-09-25T16:27:38.161+0000] {logging_mixin.py:190} INFO - [2026-09-25T16:27:38.160+0000] {dag.py:4180} INFO - Setting next_dagrun for dataset_s3_bucket_producer_with_no_taskflow to None, run_after=None
[2026-09-25T16:27:38.237+0000] {processor.py:208} INFO - Processing /home/airflow/.local/lib/python3.12/site-packages/airflow/example_dags/example_dataset_alias_with_no_taskflow.py took 5.565 seconds
[2026-09-25T16:28:28.681+0000] {processor.py:186} INFO - Started process (PID=1008) to work on /home/airflow/.local/lib/python3.12/site-packages/airflow/example_dags/example_dataset_alias_with_no_taskflow.py
[2026-09-25T16:28:28.684+0000] {processor.py:914} INFO - Processing file /home/airflow/.local/lib/python3.12/site-packages/airflow/example_dags/example_dataset_alias_with_no_taskflow.py for tasks to queue
[2026-09-25T16:28:28.699+0000] {logging_mixin.py:190} INFO - [2026-09-25T16:28:28.698+0000] {dagbag.py:588} INFO - Filling up the DagBag from /home/airflow/.local/lib/python3.12/site-packages/airflow/example_dags/example_dataset_alias_with_no_taskflow.py
[2026-09-25T16:28:31.998+0000] {processor.py:925} INFO - DAG(s) 'dataset_alias_example_alias_consumer_with_no_taskflow', 'dataset_alias_example_alias_producer_with_no_taskflow', 'dataset_s3_bucket_producer_with_no_taskflow', 'dataset_s3_bucket_consumer_with_no_taskflow' retrieved from /home/airflow/.local/lib/python3.12/site-packages/airflow/example_dags/example_dataset_alias_with_no_taskflow.py
[2026-09-25T16:28:32.120+0000] {logging_mixin.py:190} INFO - [2026-09-25T16:28:32.119+0000] {dag.py:3239} INFO - Sync 4 DAGs
[2026-09-25T16:28:32.318+0000] {logging_mixin.py:190} INFO - [2026-09-25T16:28:32.317+0000] {dag.py:4180} INFO - Setting next_dagrun for dataset_alias_example_alias_consumer_with_no_taskflow to None, run_after=None
[2026-09-25T16:28:32.368+0000] {logging_mixin.py:190} INFO - [2026-09-25T16:28:32.367+0000] {dag.py:4180} INFO - Setting next_dagrun for dataset_alias_example_alias_producer_with_no_taskflow to None, run_after=None
[2026-09-25T16:28:32.386+0000] {logging_mixin.py:190} INFO - [2026-09-25T16:28:32.385+0000] {dag.py:4180} INFO - Setting next_dagrun for dataset_s3_bucket_consumer_with_no_taskflow to None, run_after=None
[2026-09-25T16:28:32.406+0000] {logging_mixin.py:190} INFO - [2026-09-25T16:28:32.405+0000] {dag.py:4180} INFO - Setting next_dagrun for dataset_s3_bucket_producer_with_no_taskflow to None, run_after=None
[2026-09-25T16:28:32.633+0000] {processor.py:208} INFO - Processing /home/airflow/.local/lib/python3.12/site-packages/airflow/example_dags/example_dataset_alias_with_no_taskflow.py took 4.050 seconds
[2026-09-25T16:43:55.321+0000] {processor.py:186} INFO - Started process (PID=106) to work on /home/airflow/.local/lib/python3.12/site-packages/airflow/example_dags/example_dataset_alias_with_no_taskflow.py
[2026-09-25T16:43:55.323+0000] {processor.py:914} INFO - Processing file /home/airflow/.local/lib/python3.12/site-packages/airflow/example_dags/example_dataset_alias_with_no_taskflow.py for tasks to queue
[2026-09-25T16:43:55.328+0000] {logging_mixin.py:190} INFO - [2026-09-25T16:43:55.327+0000] {dagbag.py:588} INFO - Filling up the DagBag from /home/airflow/.local/lib/python3.12/site-packages/airflow/example_dags/example_dataset_alias_with_no_taskflow.py
[2026-09-25T16:43:58.459+0000] {processor.py:925} INFO - DAG(s) 'dataset_alias_example_alias_producer_with_no_taskflow', 'dataset_alias_example_alias_consumer_with_no_taskflow', 'dataset_s3_bucket_producer_with_no_taskflow', 'dataset_s3_bucket_consumer_with_no_taskflow' retrieved from /home/airflow/.local/lib/python3.12/site-packages/airflow/example_dags/example_dataset_alias_with_no_taskflow.py
[2026-09-25T16:43:58.532+0000] {logging_mixin.py:190} INFO - [2026-09-25T16:43:58.531+0000] {dag.py:3239} INFO - Sync 4 DAGs
[2026-09-25T16:43:58.608+0000] {logging_mixin.py:190} INFO - [2026-09-25T16:43:58.608+0000] {dag.py:4180} INFO - Setting next_dagrun for dataset_alias_example_alias_consumer_with_no_taskflow to None, run_after=None
[2026-09-25T16:43:58.616+0000] {logging_mixin.py:190} INFO - [2026-09-25T16:43:58.616+0000] {dag.py:4180} INFO - Setting next_dagrun for dataset_alias_example_alias_producer_with_no_taskflow to None, run_after=None
[2026-09-25T16:43:58.620+0000] {logging_mixin.py:190} INFO - [2026-09-25T16:43:58.620+0000] {dag.py:4180} INFO - Setting next_dagrun for dataset_s3_bucket_consumer_with_no_taskflow to None, run_after=None
[2026-09-25T16:43:58.624+0000] {logging_mixin.py:190} INFO - [2026-09-25T16:43:58.623+0000] {dag.py:4180} INFO - Setting next_dagrun for dataset_s3_bucket_producer_with_no_taskflow to None, run_after=None
[2026-09-25T16:43:58.786+0000] {processor.py:208} INFO - Processing /home/airflow/.local/lib/python3.12/site-packages/airflow/example_dags/example_dataset_alias_with_no_taskflow.py took 3.485 seconds
[2026-09-25T16:44:29.204+0000] {processor.py:186} INFO - Started process (PID=171) to work on /home/airflow/.local/lib/python3.12/site-packages/airflow/example_dags/example_dataset_alias_with_no_taskflow.py
[2026-09-25T16:44:29.206+0000] {processor.py:914} INFO - Processing file /home/airflow/.local/lib/python3.12/site-packages/airflow/example_dags/example_dataset_alias_with_no_taskflow.py for tasks to queue
[2026-09-25T16:44:29.212+0000] {logging_mixin.py:190} INFO - [2026-09-25T16:44:29.211+0000] {dagbag.py:588} INFO - Filling up the DagBag from /home/airflow/.local/lib/python3.12/site-packages/airflow/example_dags/example_dataset_alias_with_no_taskflow.py
[2026-09-25T16:44:30.931+0000] {processor.py:925} INFO - DAG(s) 'dataset_s3_bucket_producer_with_no_taskflow', 'dataset_s3_bucket_consumer_with_no_taskflow', 'dataset_alias_example_alias_consumer_with_no_taskflow', 'dataset_alias_example_alias_producer_with_no_taskflow' retrieved from /home/airflow/.local/lib/python3.12/site-packages/airflow/example_dags/example_dataset_alias_with_no_taskflow.py
[2026-09-25T16:44:30.999+0000] {logging_mixin.py:190} INFO - [2026-09-25T16:44:30.998+0000] {dag.py:3239} INFO - Sync 4 DAGs
[2026-09-25T16:44:31.151+0000] {logging_mixin.py:190} INFO - [2026-09-25T16:44:31.151+0000] {dag.py:4180} INFO - Setting next_dagrun for dataset_alias_example_alias_consumer_with_no_taskflow to None, run_after=None
[2026-09-25T16:44:31.165+0000] {logging_mixin.py:190} INFO - [2026-09-25T16:44:31.164+0000] {dag.py:4180} INFO - Setting next_dagrun for dataset_alias_example_alias_producer_with_no_taskflow to None, run_after=None
[2026-09-25T16:44:31.171+0000] {logging_mixin.py:190} INFO - [2026-09-25T16:44:31.170+0000] {dag.py:4180} INFO - Setting next_dagrun for dataset_s3_bucket_consumer_with_no_taskflow to None, run_after=None
[2026-09-25T16:44:31.176+0000] {logging_mixin.py:190} INFO - [2026-09-25T16:44:31.176+0000] {dag.py:4180} INFO - Setting next_dagrun for dataset_s3_bucket_producer_with_no_taskflow to None, run_after=None
[2026-09-25T16:44:31.249+0000] {processor.py:208} INFO - Processing /home/airflow/.local/lib/python3.12/site-packages/airflow/example_dags/example_dataset_alias_with_no_taskflow.py took 2.056 seconds
[2026-09-25T16:45:12.640+0000] {processor.py:186} INFO - Started process (PID=254) to work on /home/airflow/.local/lib/python3.12/site-packages/airflow/example_dags/example_dataset_alias_with_no_taskflow.py
[2026-09-25T16:45:12.643+0000] {processor.py:914} INFO - Processing file /home/airflow/.local/lib/python3.12/site-packages/airflow/example_dags/example_dataset_alias_with_no_taskflow.py for tasks to queue
[2026-09-25T16:45:12.651+0000] {logging_mixin.py:190} INFO - [2026-09-25T16:45:12.649+0000] {dagbag.py:588} INFO - Filling up the DagBag from /home/airflow/.local/lib/python3.12/site-packages/airflow/example_dags/example_dataset_alias_with_no_taskflow.py
[2026-09-25T16:45:14.106+0000] {processor.py:925} INFO - DAG(s) 'dataset_s3_bucket_producer_with_no_taskflow', 'dataset_s3_bucket_consumer_with_no_taskflow', 'dataset_alias_example_alias_producer_with_no_taskflow', 'dataset_alias_example_alias_consumer_with_no_taskflow' retrieved from /home/airflow/.local/lib/python3.12/site-packages/airflow/example_dags/example_dataset_alias_with_no_taskflow.py
[2026-09-25T16:45:14.169+0000] {logging_mixin.py:190} INFO - [2026-09-25T16:45:14.168+0000] {dag.py:3239} INFO - Sync 4 DAGs
[2026-09-25T16:45:14.222+0000] {logging_mixin.py:190} INFO - [2026-09-25T16:45:14.222+0000] {dag.py:4180} INFO - Setting next_dagrun for dataset_alias_example_alias_consumer_with_no_taskflow to None, run_after=None
[2026-09-25T16:45:14.229+0000] {logging_mixin.py:190} INFO - [2026-09-25T16:45:14.228+0000] {dag.py:4180} INFO - Setting next_dagrun for dataset_alias_example_alias_producer_with_no_taskflow to None, run_after=None
[2026-09-25T16:45:14.233+0000] {logging_mixin.py:190} INFO - [2026-09-25T16:45:14.233+0000] {dag.py:4180} INFO - Setting next_dagrun for dataset_s3_bucket_consumer_with_no_taskflow to None, run_after=None
[2026-09-25T16:45:14.237+0000] {logging_mixin.py:190} INFO - [2026-09-25T16:45:14.236+0000] {dag.py:4180} INFO - Setting next_dagrun for dataset_s3_bucket_producer_with_no_taskflow to None, run_after=None
[2026-09-25T16:45:14.284+0000] {processor.py:208} INFO - Processing /home/airflow/.local/lib/python3.12/site-packages/airflow/example_dags/example_dataset_alias_with_no_taskflow.py took 1.660 seconds
[2026-09-25T16:45:49.565+0000] {processor.py:186} INFO - Started process (PID=328) to work on /home/airflow/.local/lib/python3.12/site-packages/airflow/example_dags/example_dataset_alias_with_no_taskflow.py
[2026-09-25T16:45:49.568+0000] {processor.py:914} INFO - Processing file /home/airflow/.local/lib/python3.12/site-packages/airflow/example_dags/example_dataset_alias_with_no_taskflow.py for tasks to queue
[2026-09-25T16:45:49.574+0000] {logging_mixin.py:190} INFO - [2026-09-25T16:45:49.573+0000] {dagbag.py:588} INFO - Filling up the DagBag from /home/airflow/.local/lib/python3.12/site-packages/airflow/example_dags/example_dataset_alias_with_no_taskflow.py
[2026-09-25T16:45:51.184+0000] {processor.py:925} INFO - DAG(s) 'dataset_s3_bucket_producer_with_no_taskflow', 'dataset_s3_bucket_consumer_with_no_taskflow', 'dataset_alias_example_alias_producer_with_no_taskflow', 'dataset_alias_example_alias_consumer_with_no_taskflow' retrieved from /home/airflow/.local/lib/python3.12/site-packages/airflow/example_dags/example_dataset_alias_with_no_taskflow.py
[2026-09-25T16:45:51.385+0000] {logging_mixin.py:190} INFO - [2026-09-25T16:45:51.380+0000] {dag.py:3239} INFO - Sync 4 DAGs
[2026-09-25T16:45:51.798+0000] {logging_mixin.py:190} INFO - [2026-09-25T16:45:51.795+0000] {dag.py:4180} INFO - Setting next_dagrun for dataset_alias_example_alias_consumer_with_no_taskflow to None, run_after=None
[2026-09-25T16:45:51.817+0000] {logging_mixin.py:190} INFO - [2026-09-25T16:45:51.816+0000] {dag.py:4180} INFO - Setting next_dagrun for dataset_alias_example_alias_producer_with_no_taskflow to None, run_after=None
[2026-09-25T16:45:51.821+0000] {logging_mixin.py:190} INFO - [2026-09-25T16:45:51.821+0000] {dag.py:4180} INFO - Setting next_dagrun for dataset_s3_bucket_consumer_with_no_taskflow to None, run_after=None
[2026-09-25T16:45:51.825+0000] {logging_mixin.py:190} INFO - [2026-09-25T16:45:51.824+0000] {dag.py:4180} INFO - Setting next_dagrun for dataset_s3_bucket_producer_with_no_taskflow to None, run_after=None
[2026-09-25T16:45:51.884+0000] {processor.py:208} INFO - Processing /home/airflow/.local/lib/python3.12/site-packages/airflow/example_dags/example_dataset_alias_with_no_taskflow.py took 2.335 seconds
[2026-09-25T16:46:23.727+0000] {processor.py:186} INFO - Started process (PID=392) to work on /home/airflow/.local/lib/python3.12/site-packages/airflow/example_dags/example_dataset_alias_with_no_taskflow.py
[2026-09-25T16:46:23.741+0000] {processor.py:914} INFO - Processing file /home/airflow/.local/lib/python3.12/site-packages/airflow/example_dags/example_dataset_alias_with_no_taskflow.py for tasks to queue
[2026-09-25T16:46:23.753+0000] {logging_mixin.py:190} INFO - [2026-09-25T16:46:23.752+0000] {dagbag.py:588} INFO - Filling up the DagBag from /home/airflow/.local/lib/python3.12/site-packages/airflow/example_dags/example_dataset_alias_with_no_taskflow.py
[2026-09-25T16:46:26.133+0000] {processor.py:925} INFO - DAG(s) 'dataset_alias_example_alias_consumer_with_no_taskflow', 'dataset_s3_bucket_consumer_with_no_taskflow', 'dataset_s3_bucket_producer_with_no_taskflow', 'dataset_alias_example_alias_producer_with_no_taskflow' retrieved from /home/airflow/.local/lib/python3.12/site-packages/airflow/example_dags/example_dataset_alias_with_no_taskflow.py
[2026-09-25T16:46:26.200+0000] {logging_mixin.py:190} INFO - [2026-09-25T16:46:26.199+0000] {dag.py:3239} INFO - Sync 4 DAGs
[2026-09-25T16:46:26.267+0000] {logging_mixin.py:190} INFO - [2026-09-25T16:46:26.267+0000] {dag.py:4180} INFO - Setting next_dagrun for dataset_alias_example_alias_consumer_with_no_taskflow to None, run_after=None
[2026-09-25T16:46:26.275+0000] {logging_mixin.py:190} INFO - [2026-09-25T16:46:26.275+0000] {dag.py:4180} INFO - Setting next_dagrun for dataset_alias_example_alias_producer_with_no_taskflow to None, run_after=None
[2026-09-25T16:46:26.282+0000] {logging_mixin.py:190} INFO - [2026-09-25T16:46:26.281+0000] {dag.py:4180} INFO - Setting next_dagrun for dataset_s3_bucket_consumer_with_no_taskflow to None, run_after=None
[2026-09-25T16:46:26.286+0000] {logging_mixin.py:190} INFO - [2026-09-25T16:46:26.286+0000] {dag.py:4180} INFO - Setting next_dagrun for dataset_s3_bucket_producer_with_no_taskflow to None, run_after=None
[2026-09-25T16:46:26.338+0000] {processor.py:208} INFO - Processing /home/airflow/.local/lib/python3.12/site-packages/airflow/example_dags/example_dataset_alias_with_no_taskflow.py took 2.649 seconds
[2026-09-25T16:46:58.800+0000] {processor.py:186} INFO - Started process (PID=469) to work on /home/airflow/.local/lib/python3.12/site-packages/airflow/example_dags/example_dataset_alias_with_no_taskflow.py
[2026-09-25T16:46:58.803+0000] {processor.py:914} INFO - Processing file /home/airflow/.local/lib/python3.12/site-packages/airflow/example_dags/example_dataset_alias_with_no_taskflow.py for tasks to queue
[2026-09-25T16:46:58.810+0000] {logging_mixin.py:190} INFO - [2026-09-25T16:46:58.809+0000] {dagbag.py:588} INFO - Filling up the DagBag from /home/airflow/.local/lib/python3.12/site-packages/airflow/example_dags/example_dataset_alias_with_no_taskflow.py
[2026-09-25T16:47:01.515+0000] {processor.py:925} INFO - DAG(s) 'dataset_s3_bucket_consumer_with_no_taskflow', 'dataset_s3_bucket_producer_with_no_taskflow', 'dataset_alias_example_alias_producer_with_no_taskflow', 'dataset_alias_example_alias_consumer_with_no_taskflow' retrieved from /home/airflow/.local/lib/python3.12/site-packages/airflow/example_dags/example_dataset_alias_with_no_taskflow.py
[2026-09-25T16:47:01.630+0000] {logging_mixin.py:190} INFO - [2026-09-25T16:47:01.629+0000] {dag.py:3239} INFO - Sync 4 DAGs
[2026-09-25T16:47:01.846+0000] {logging_mixin.py:190} INFO - [2026-09-25T16:47:01.845+0000] {dag.py:4180} INFO - Setting next_dagrun for dataset_alias_example_alias_consumer_with_no_taskflow to None, run_after=None
[2026-09-25T16:47:01.854+0000] {logging_mixin.py:190} INFO - [2026-09-25T16:47:01.853+0000] {dag.py:4180} INFO - Setting next_dagrun for dataset_alias_example_alias_producer_with_no_taskflow to None, run_after=None
[2026-09-25T16:47:01.859+0000] {logging_mixin.py:190} INFO - [2026-09-25T16:47:01.859+0000] {dag.py:4180} INFO - Setting next_dagrun for dataset_s3_bucket_consumer_with_no_taskflow to None, run_after=None
[2026-09-25T16:47:01.864+0000] {logging_mixin.py:190} INFO - [2026-09-25T16:47:01.863+0000] {dag.py:4180} INFO - Setting next_dagrun for dataset_s3_bucket_producer_with_no_taskflow to None, run_after=None
[2026-09-25T16:47:01.936+0000] {processor.py:208} INFO - Processing /home/airflow/.local/lib/python3.12/site-packages/airflow/example_dags/example_dataset_alias_with_no_taskflow.py took 3.160 seconds
[2026-09-25T16:47:43.055+0000] {processor.py:186} INFO - Started process (PID=533) to work on /home/airflow/.local/lib/python3.12/site-packages/airflow/example_dags/example_dataset_alias_with_no_taskflow.py
[2026-09-25T16:47:43.057+0000] {processor.py:914} INFO - Processing file /home/airflow/.local/lib/python3.12/site-packages/airflow/example_dags/example_dataset_alias_with_no_taskflow.py for tasks to queue
[2026-09-25T16:47:43.071+0000] {logging_mixin.py:190} INFO - [2026-09-25T16:47:43.065+0000] {dagbag.py:588} INFO - Filling up the DagBag from /home/airflow/.local/lib/python3.12/site-packages/airflow/example_dags/example_dataset_alias_with_no_taskflow.py
[2026-09-25T16:47:46.000+0000] {processor.py:925} INFO - DAG(s) 'dataset_alias_example_alias_producer_with_no_taskflow', 'dataset_s3_bucket_consumer_with_no_taskflow', 'dataset_s3_bucket_producer_with_no_taskflow', 'dataset_alias_example_alias_consumer_with_no_taskflow' retrieved from /home/airflow/.local/lib/python3.12/site-packages/airflow/example_dags/example_dataset_alias_with_no_taskflow.py
[2026-09-25T16:47:46.117+0000] {logging_mixin.py:190} INFO - [2026-09-25T16:47:46.115+0000] {dag.py:3239} INFO - Sync 4 DAGs
[2026-09-25T16:47:46.201+0000] {logging_mixin.py:190} INFO - [2026-09-25T16:47:46.201+0000] {dag.py:4180} INFO - Setting next_dagrun for dataset_alias_example_alias_consumer_with_no_taskflow to None, run_after=None
[2026-09-25T16:47:46.212+0000] {logging_mixin.py:190} INFO - [2026-09-25T16:47:46.212+0000] {dag.py:4180} INFO - Setting next_dagrun for dataset_alias_example_alias_producer_with_no_taskflow to None, run_after=None
[2026-09-25T16:47:46.217+0000] {logging_mixin.py:190} INFO - [2026-09-25T16:47:46.217+0000] {dag.py:4180} INFO - Setting next_dagrun for dataset_s3_bucket_consumer_with_no_taskflow to None, run_after=None
[2026-09-25T16:47:46.222+0000] {logging_mixin.py:190} INFO - [2026-09-25T16:47:46.221+0000] {dag.py:4180} INFO - Setting next_dagrun for dataset_s3_bucket_producer_with_no_taskflow to None, run_after=None
[2026-09-25T16:47:46.299+0000] {processor.py:208} INFO - Processing /home/airflow/.local/lib/python3.12/site-packages/airflow/example_dags/example_dataset_alias_with_no_taskflow.py took 3.264 seconds
[2026-09-25T16:48:22.176+0000] {processor.py:186} INFO - Started process (PID=600) to work on /home/airflow/.local/lib/python3.12/site-packages/airflow/example_dags/example_dataset_alias_with_no_taskflow.py
[2026-09-25T16:48:22.179+0000] {processor.py:914} INFO - Processing file /home/airflow/.local/lib/python3.12/site-packages/airflow/example_dags/example_dataset_alias_with_no_taskflow.py for tasks to queue
[2026-09-25T16:48:22.185+0000] {logging_mixin.py:190} INFO - [2026-09-25T16:48:22.184+0000] {dagbag.py:588} INFO - Filling up the DagBag from /home/airflow/.local/lib/python3.12/site-packages/airflow/example_dags/example_dataset_alias_with_no_taskflow.py
[2026-09-25T16:48:24.606+0000] {processor.py:925} INFO - DAG(s) 'dataset_s3_bucket_consumer_with_no_taskflow', 'dataset_alias_example_alias_consumer_with_no_taskflow', 'dataset_s3_bucket_producer_with_no_taskflow', 'dataset_alias_example_alias_producer_with_no_taskflow' retrieved from /home/airflow/.local/lib/python3.12/site-packages/airflow/example_dags/example_dataset_alias_with_no_taskflow.py
[2026-09-25T16:48:24.944+0000] {logging_mixin.py:190} INFO - [2026-09-25T16:48:24.943+0000] {dag.py:3239} INFO - Sync 4 DAGs
[2026-09-25T16:48:25.226+0000] {logging_mixin.py:190} INFO - [2026-09-25T16:48:25.226+0000] {dag.py:4180} INFO - Setting next_dagrun for dataset_alias_example_alias_consumer_with_no_taskflow to None, run_after=None
[2026-09-25T16:48:25.245+0000] {logging_mixin.py:190} INFO - [2026-09-25T16:48:25.244+0000] {dag.py:4180} INFO - Setting next_dagrun for dataset_alias_example_alias_producer_with_no_taskflow to None, run_after=None
[2026-09-25T16:48:25.252+0000] {logging_mixin.py:190} INFO - [2026-09-25T16:48:25.252+0000] {dag.py:4180} INFO - Setting next_dagrun for dataset_s3_bucket_consumer_with_no_taskflow to None, run_after=None
[2026-09-25T16:48:25.260+0000] {logging_mixin.py:190} INFO - [2026-09-25T16:48:25.259+0000] {dag.py:4180} INFO - Setting next_dagrun for dataset_s3_bucket_producer_with_no_taskflow to None, run_after=None
[2026-09-25T16:48:25.368+0000] {processor.py:208} INFO - Processing /home/airflow/.local/lib/python3.12/site-packages/airflow/example_dags/example_dataset_alias_with_no_taskflow.py took 3.207 seconds
[2026-09-25T16:48:55.889+0000] {processor.py:186} INFO - Started process (PID=669) to work on /home/airflow/.local/lib/python3.12/site-packages/airflow/example_dags/example_dataset_alias_with_no_taskflow.py
[2026-09-25T16:48:55.893+0000] {processor.py:914} INFO - Processing file /home/airflow/.local/lib/python3.12/site-packages/airflow/example_dags/example_dataset_alias_with_no_taskflow.py for tasks to queue
[2026-09-25T16:48:55.901+0000] {logging_mixin.py:190} INFO - [2026-09-25T16:48:55.900+0000] {dagbag.py:588} INFO - Filling up the DagBag from /home/airflow/.local/lib/python3.12/site-packages/airflow/example_dags/example_dataset_alias_with_no_taskflow.py
[2026-09-25T16:49:00.290+0000] {processor.py:925} INFO - DAG(s) 'dataset_s3_bucket_producer_with_no_taskflow', 'dataset_alias_example_alias_consumer_with_no_taskflow', 'dataset_alias_example_alias_producer_with_no_taskflow', 'dataset_s3_bucket_consumer_with_no_taskflow' retrieved from /home/airflow/.local/lib/python3.12/site-packages/airflow/example_dags/example_dataset_alias_with_no_taskflow.py
[2026-09-25T16:49:00.468+0000] {logging_mixin.py:190} INFO - [2026-09-25T16:49:00.464+0000] {dag.py:3239} INFO - Sync 4 DAGs
[2026-09-25T16:49:00.646+0000] {logging_mixin.py:190} INFO - [2026-09-25T16:49:00.646+0000] {dag.py:4180} INFO - Setting next_dagrun for dataset_alias_example_alias_consumer_with_no_taskflow to None, run_after=None
[2026-09-25T16:49:00.658+0000] {logging_mixin.py:190} INFO - [2026-09-25T16:49:00.657+0000] {dag.py:4180} INFO - Setting next_dagrun for dataset_alias_example_alias_producer_with_no_taskflow to None, run_after=None
[2026-09-25T16:49:00.663+0000] {logging_mixin.py:190} INFO - [2026-09-25T16:49:00.662+0000] {dag.py:4180} INFO - Setting next_dagrun for dataset_s3_bucket_consumer_with_no_taskflow to None, run_after=None
[2026-09-25T16:49:00.667+0000] {logging_mixin.py:190} INFO - [2026-09-25T16:49:00.666+0000] {dag.py:4180} INFO - Setting next_dagrun for dataset_s3_bucket_producer_with_no_taskflow to None, run_after=None
[2026-09-25T16:49:00.732+0000] {processor.py:208} INFO - Processing /home/airflow/.local/lib/python3.12/site-packages/airflow/example_dags/example_dataset_alias_with_no_taskflow.py took 4.871 seconds
[2026-09-25T16:49:30.982+0000] {processor.py:186} INFO - Started process (PID=732) to work on /home/airflow/.local/lib/python3.12/site-packages/airflow/example_dags/example_dataset_alias_with_no_taskflow.py
[2026-09-25T16:49:30.984+0000] {processor.py:914} INFO - Processing file /home/airflow/.local/lib/python3.12/site-packages/airflow/example_dags/example_dataset_alias_with_no_taskflow.py for tasks to queue
[2026-09-25T16:49:30.989+0000] {logging_mixin.py:190} INFO - [2026-09-25T16:49:30.988+0000] {dagbag.py:588} INFO - Filling up the DagBag from /home/airflow/.local/lib/python3.12/site-packages/airflow/example_dags/example_dataset_alias_with_no_taskflow.py
[2026-09-25T16:49:33.244+0000] {processor.py:925} INFO - DAG(s) 'dataset_s3_bucket_producer_with_no_taskflow', 'dataset_s3_bucket_consumer_with_no_taskflow', 'dataset_alias_example_alias_producer_with_no_taskflow', 'dataset_alias_example_alias_consumer_with_no_taskflow' retrieved from /home/airflow/.local/lib/python3.12/site-packages/airflow/example_dags/example_dataset_alias_with_no_taskflow.py
[2026-09-25T16:49:34.634+0000] {logging_mixin.py:190} INFO - [2026-09-25T16:49:34.632+0000] {dag.py:3239} INFO - Sync 4 DAGs
[2026-09-25T16:49:34.910+0000] {logging_mixin.py:190} INFO - [2026-09-25T16:49:34.906+0000] {dag.py:4180} INFO - Setting next_dagrun for dataset_alias_example_alias_consumer_with_no_taskflow to None, run_after=None
[2026-09-25T16:49:34.945+0000] {logging_mixin.py:190} INFO - [2026-09-25T16:49:34.943+0000] {dag.py:4180} INFO - Setting next_dagrun for dataset_alias_example_alias_producer_with_no_taskflow to None, run_after=None
[2026-09-25T16:49:34.960+0000] {logging_mixin.py:190} INFO - [2026-09-25T16:49:34.959+0000] {dag.py:4180} INFO - Setting next_dagrun for dataset_s3_bucket_consumer_with_no_taskflow to None, run_after=None
[2026-09-25T16:49:34.965+0000] {logging_mixin.py:190} INFO - [2026-09-25T16:49:34.965+0000] {dag.py:4180} INFO - Setting next_dagrun for dataset_s3_bucket_producer_with_no_taskflow to None, run_after=None
[2026-09-25T16:49:35.067+0000] {processor.py:208} INFO - Processing /home/airflow/.local/lib/python3.12/site-packages/airflow/example_dags/example_dataset_alias_with_no_taskflow.py took 4.097 seconds
