[2026-09-25T16:16:02.255+0000] {processor.py:186} INFO - Started process (PID=123) to work on /home/airflow/.local/lib/python3.12/site-packages/airflow/example_dags/example_branch_operator.py
[2026-09-25T16:16:02.273+0000] {processor.py:914} INFO - Processing file /home/airflow/.local/lib/python3.12/site-packages/airflow/example_dags/example_branch_operator.py for tasks to queue
[2026-09-25T16:16:02.301+0000] {logging_mixin.py:190} INFO - [2026-09-25T16:16:02.294+0000] {dagbag.py:588} INFO - Filling up the DagBag from /home/airflow/.local/lib/python3.12/site-packages/airflow/example_dags/example_branch_operator.py
[2026-09-25T16:16:02.521+0000] {processor.py:925} INFO - DAG(s) 'example_branch_operator' retrieved from /home/airflow/.local/lib/python3.12/site-packages/airflow/example_dags/example_branch_operator.py
[2026-09-25T16:16:05.305+0000] {logging_mixin.py:190} INFO - [2026-09-25T16:16:05.303+0000] {dag.py:3239} INFO - Sync 1 DAGs
[2026-09-25T16:16:06.306+0000] {logging_mixin.py:190} INFO - [2026-09-25T16:16:06.306+0000] {dag.py:4180} INFO - Setting next_dagrun for example_branch_operator to 2026-09-24 00:00:00+00:00, run_after=2026-09-25 00:00:00+00:00
[2026-09-25T16:16:07.265+0000] {processor.py:208} INFO - Processing /home/airflow/.local/lib/python3.12/site-packages/airflow/example_dags/example_branch_operator.py took 5.081 seconds
[2026-09-25T16:18:55.278+0000] {processor.py:186} INFO - Started process (PID=210) to work on /home/airflow/.local/lib/python3.12/site-packages/airflow/example_dags/example_branch_operator.py
[2026-09-25T16:18:55.305+0000] {processor.py:914} INFO - Processing file /home/airflow/.local/lib/python3.12/site-packages/airflow/example_dags/example_branch_operator.py for tasks to queue
[2026-09-25T16:18:55.395+0000] {logging_mixin.py:190} INFO - [2026-09-25T16:18:55.394+0000] {dagbag.py:588} INFO - Filling up the DagBag from /home/airflow/.local/lib/python3.12/site-packages/airflow/example_dags/example_branch_operator.py
[2026-09-25T16:18:56.322+0000] {processor.py:925} INFO - DAG(s) 'example_branch_operator' retrieved from /home/airflow/.local/lib/python3.12/site-packages/airflow/example_dags/example_branch_operator.py
[2026-09-25T16:18:56.747+0000] {logging_mixin.py:190} INFO - [2026-09-25T16:18:56.747+0000] {dag.py:3239} INFO - Sync 1 DAGs
[2026-09-25T16:18:58.216+0000] {logging_mixin.py:190} INFO - [2026-09-25T16:18:58.216+0000] {dag.py:4180} INFO - Setting next_dagrun for example_branch_operator to 2026-09-24 00:00:00+00:00, run_after=2026-09-25 00:00:00+00:00
[2026-09-25T16:18:58.902+0000] {processor.py:208} INFO - Processing /home/airflow/.local/lib/python3.12/site-packages/airflow/example_dags/example_branch_operator.py took 3.728 seconds
[2026-09-25T16:21:02.312+0000] {processor.py:186} INFO - Started process (PID=322) to work on /home/airflow/.local/lib/python3.12/site-packages/airflow/example_dags/example_branch_operator.py
[2026-09-25T16:21:02.342+0000] {processor.py:914} INFO - Processing file /home/airflow/.local/lib/python3.12/site-packages/airflow/example_dags/example_branch_operator.py for tasks to queue
[2026-09-25T16:21:02.415+0000] {logging_mixin.py:190} INFO - [2026-09-25T16:21:02.406+0000] {dagbag.py:588} INFO - Filling up the DagBag from /home/airflow/.local/lib/python3.12/site-packages/airflow/example_dags/example_branch_operator.py
[2026-09-25T16:21:02.544+0000] {processor.py:925} INFO - DAG(s) 'example_branch_operator' retrieved from /home/airflow/.local/lib/python3.12/site-packages/airflow/example_dags/example_branch_operator.py
[2026-09-25T16:21:03.294+0000] {logging_mixin.py:190} INFO - [2026-09-25T16:21:03.293+0000] {dag.py:3239} INFO - Sync 1 DAGs
[2026-09-25T16:21:03.595+0000] {logging_mixin.py:190} INFO - [2026-09-25T16:21:03.593+0000] {dag.py:4180} INFO - Setting next_dagrun for example_branch_operator to 2026-09-24 00:00:00+00:00, run_after=2026-09-25 00:00:00+00:00
[2026-09-25T16:21:03.787+0000] {processor.py:208} INFO - Processing /home/airflow/.local/lib/python3.12/site-packages/airflow/example_dags/example_branch_operator.py took 1.790 seconds
[2026-09-25T16:21:40.865+0000] {processor.py:186} INFO - Started process (PID=390) to work on /home/airflow/.local/lib/python3.12/site-packages/airflow/example_dags/example_branch_operator.py
[2026-09-25T16:21:40.871+0000] {processor.py:914} INFO - Processing file /home/airflow/.local/lib/python3.12/site-packages/airflow/example_dags/example_branch_operator.py for tasks to queue
[2026-09-25T16:21:40.891+0000] {logging_mixin.py:190} INFO - [2026-09-25T16:21:40.890+0000] {dagbag.py:588} INFO - Filling up the DagBag from /home/airflow/.local/lib/python3.12/site-packages/airflow/example_dags/example_branch_operator.py
[2026-09-25T16:21:42.774+0000] {processor.py:925} INFO - DAG(s) 'example_branch_operator' retrieved from /home/airflow/.local/lib/python3.12/site-packages/airflow/example_dags/example_branch_operator.py
[2026-09-25T16:21:44.519+0000] {logging_mixin.py:190} INFO - [2026-09-25T16:21:44.139+0000] {dag.py:3239} INFO - Sync 1 DAGs
[2026-09-25T16:21:47.951+0000] {logging_mixin.py:190} INFO - [2026-09-25T16:21:47.950+0000] {dag.py:4180} INFO - Setting next_dagrun for example_branch_operator to 2026-09-24 00:00:00+00:00, run_after=2026-09-25 00:00:00+00:00
[2026-09-25T16:21:51.502+0000] {processor.py:208} INFO - Processing /home/airflow/.local/lib/python3.12/site-packages/airflow/example_dags/example_branch_operator.py took 10.668 seconds
[2026-09-25T16:22:55.173+0000] {processor.py:186} INFO - Started process (PID=448) to work on /home/airflow/.local/lib/python3.12/site-packages/airflow/example_dags/example_branch_operator.py
[2026-09-25T16:22:55.176+0000] {processor.py:914} INFO - Processing file /home/airflow/.local/lib/python3.12/site-packages/airflow/example_dags/example_branch_operator.py for tasks to queue
[2026-09-25T16:22:55.186+0000] {logging_mixin.py:190} INFO - [2026-09-25T16:22:55.186+0000] {dagbag.py:588} INFO - Filling up the DagBag from /home/airflow/.local/lib/python3.12/site-packages/airflow/example_dags/example_branch_operator.py
[2026-09-25T16:22:55.262+0000] {processor.py:925} INFO - DAG(s) 'example_branch_operator' retrieved from /home/airflow/.local/lib/python3.12/site-packages/airflow/example_dags/example_branch_operator.py
[2026-09-25T16:22:55.387+0000] {logging_mixin.py:190} INFO - [2026-09-25T16:22:55.386+0000] {dag.py:3239} INFO - Sync 1 DAGs
[2026-09-25T16:22:55.514+0000] {logging_mixin.py:190} INFO - [2026-09-25T16:22:55.513+0000] {dag.py:4180} INFO - Setting next_dagrun for example_branch_operator to 2026-09-24 00:00:00+00:00, run_after=2026-09-25 00:00:00+00:00
[2026-09-25T16:22:55.596+0000] {processor.py:208} INFO - Processing /home/airflow/.local/lib/python3.12/site-packages/airflow/example_dags/example_branch_operator.py took 0.453 seconds
[2026-09-25T16:23:27.359+0000] {processor.py:186} INFO - Started process (PID=511) to work on /home/airflow/.local/lib/python3.12/site-packages/airflow/example_dags/example_branch_operator.py
[2026-09-25T16:23:27.364+0000] {processor.py:914} INFO - Processing file /home/airflow/.local/lib/python3.12/site-packages/airflow/example_dags/example_branch_operator.py for tasks to queue
[2026-09-25T16:23:27.375+0000] {logging_mixin.py:190} INFO - [2026-09-25T16:23:27.375+0000] {dagbag.py:588} INFO - Filling up the DagBag from /home/airflow/.local/lib/python3.12/site-packages/airflow/example_dags/example_branch_operator.py
[2026-09-25T16:23:27.495+0000] {processor.py:925} INFO - DAG(s) 'example_branch_operator' retrieved from /home/airflow/.local/lib/python3.12/site-packages/airflow/example_dags/example_branch_operator.py
[2026-09-25T16:23:27.826+0000] {logging_mixin.py:190} INFO - [2026-09-25T16:23:27.822+0000] {dag.py:3239} INFO - Sync 1 DAGs
[2026-09-25T16:23:28.030+0000] {logging_mixin.py:190} INFO - [2026-09-25T16:23:28.030+0000] {dag.py:4180} INFO - Setting next_dagrun for example_branch_operator to 2026-09-24 00:00:00+00:00, run_after=2026-09-25 00:00:00+00:00
[2026-09-25T16:23:28.157+0000] {processor.py:208} INFO - Processing /home/airflow/.local/lib/python3.12/site-packages/airflow/example_dags/example_branch_operator.py took 0.847 seconds
[2026-09-25T16:24:05.393+0000] {processor.py:186} INFO - Started process (PID=574) to work on /home/airflow/.local/lib/python3.12/site-packages/airflow/example_dags/example_branch_operator.py
[2026-09-25T16:24:05.412+0000] {processor.py:914} INFO - Processing file /home/airflow/.local/lib/python3.12/site-packages/airflow/example_dags/example_branch_operator.py for tasks to queue
[2026-09-25T16:24:05.417+0000] {logging_mixin.py:190} INFO - [2026-09-25T16:24:05.417+0000] {dagbag.py:588} INFO - Filling up the DagBag from /home/airflow/.local/lib/python3.12/site-packages/airflow/example_dags/example_branch_operator.py
[2026-09-25T16:24:05.513+0000] {processor.py:925} INFO - DAG(s) 'example_branch_operator' retrieved from /home/airflow/.local/lib/python3.12/site-packages/airflow/example_dags/example_branch_operator.py
[2026-09-25T16:24:05.634+0000] {logging_mixin.py:190} INFO - [2026-09-25T16:24:05.633+0000] {dag.py:3239} INFO - Sync 1 DAGs
[2026-09-25T16:24:05.761+0000] {logging_mixin.py:190} INFO - [2026-09-25T16:24:05.758+0000] {dag.py:4180} INFO - Setting next_dagrun for example_branch_operator to 2026-09-24 00:00:00+00:00, run_after=2026-09-25 00:00:00+00:00
[2026-09-25T16:24:05.831+0000] {processor.py:208} INFO - Processing /home/airflow/.local/lib/python3.12/site-packages/airflow/example_dags/example_branch_operator.py took 0.452 seconds
[2026-09-25T16:24:49.179+0000] {processor.py:186} INFO - Started process (PID=642) to work on /home/airflow/.local/lib/python3.12/site-packages/airflow/example_dags/example_branch_operator.py
[2026-09-25T16:24:49.181+0000] {processor.py:914} INFO - Processing file /home/airflow/.local/lib/python3.12/site-packages/airflow/example_dags/example_branch_operator.py for tasks to queue
[2026-09-25T16:24:49.187+0000] {logging_mixin.py:190} INFO - [2026-09-25T16:24:49.186+0000] {dagbag.py:588} INFO - Filling up the DagBag from /home/airflow/.local/lib/python3.12/site-packages/airflow/example_dags/example_branch_operator.py
[2026-09-25T16:24:49.245+0000] {processor.py:925} INFO - DAG(s) 'example_branch_operator' retrieved from /home/airflow/.local/lib/python3.12/site-packages/airflow/example_dags/example_branch_operator.py
[2026-09-25T16:24:49.342+0000] {logging_mixin.py:190} INFO - [2026-09-25T16:24:49.341+0000] {dag.py:3239} INFO - Sync 1 DAGs
[2026-09-25T16:24:49.442+0000] {logging_mixin.py:190} INFO - [2026-09-25T16:24:49.439+0000] {dag.py:4180} INFO - Setting next_dagrun for example_branch_operator to 2026-09-24 00:00:00+00:00, run_after=2026-09-25 00:00:00+00:00
[2026-09-25T16:24:49.525+0000] {processor.py:208} INFO - Processing /home/airflow/.local/lib/python3.12/site-packages/airflow/example_dags/example_branch_operator.py took 0.362 seconds
[2026-09-25T16:25:21.262+0000] {processor.py:186} INFO - Started process (PID=705) to work on /home/airflow/.local/lib/python3.12/site-packages/airflow/example_dags/example_branch_operator.py
[2026-09-25T16:25:21.269+0000] {processor.py:914} INFO - Processing file /home/airflow/.local/lib/python3.12/site-packages/airflow/example_dags/example_branch_operator.py for tasks to queue
[2026-09-25T16:25:21.278+0000] {logging_mixin.py:190} INFO - [2026-09-25T16:25:21.276+0000] {dagbag.py:588} INFO - Filling up the DagBag from /home/airflow/.local/lib/python3.12/site-packages/airflow/example_dags/example_branch_operator.py
[2026-09-25T16:25:21.337+0000] {processor.py:925} INFO - DAG(s) 'example_branch_operator' retrieved from /home/airflow/.local/lib/python3.12/site-packages/airflow/example_dags/example_branch_operator.py
[2026-09-25T16:25:21.458+0000] {logging_mixin.py:190} INFO - [2026-09-25T16:25:21.457+0000] {dag.py:3239} INFO - Sync 1 DAGs
[2026-09-25T16:25:21.547+0000] {logging_mixin.py:190} INFO - [2026-09-25T16:25:21.546+0000] {dag.py:4180} INFO - Setting next_dagrun for example_branch_operator to 2026-09-24 00:00:00+00:00, run_after=2026-09-25 00:00:00+00:00
[2026-09-25T16:25:21.692+0000] {processor.py:208} INFO - Processing /home/airflow/.local/lib/python3.12/site-packages/airflow/example_dags/example_branch_operator.py took 0.457 seconds
[2026-09-25T16:26:00.381+0000] {processor.py:186} INFO - Started process (PID=769) to work on /home/airflow/.local/lib/python3.12/site-packages/airflow/example_dags/example_branch_operator.py
[2026-09-25T16:26:00.398+0000] {processor.py:914} INFO - Processing file /home/airflow/.local/lib/python3.12/site-packages/airflow/example_dags/example_branch_operator.py for tasks to queue
[2026-09-25T16:26:00.410+0000] {logging_mixin.py:190} INFO - [2026-09-25T16:26:00.409+0000] {dagbag.py:588} INFO - Filling up the DagBag from /home/airflow/.local/lib/python3.12/site-packages/airflow/example_dags/example_branch_operator.py
[2026-09-25T16:26:00.479+0000] {processor.py:925} INFO - DAG(s) 'example_branch_operator' retrieved from /home/airflow/.local/lib/python3.12/site-packages/airflow/example_dags/example_branch_operator.py
[2026-09-25T16:26:00.671+0000] {logging_mixin.py:190} INFO - [2026-09-25T16:26:00.666+0000] {dag.py:3239} INFO - Sync 1 DAGs
[2026-09-25T16:26:00.783+0000] {logging_mixin.py:190} INFO - [2026-09-25T16:26:00.782+0000] {dag.py:4180} INFO - Setting next_dagrun for example_branch_operator to 2026-09-24 00:00:00+00:00, run_after=2026-09-25 00:00:00+00:00
[2026-09-25T16:26:00.916+0000] {processor.py:208} INFO - Processing /home/airflow/.local/lib/python3.12/site-packages/airflow/example_dags/example_branch_operator.py took 0.550 seconds
[2026-09-25T16:26:31.076+0000] {processor.py:186} INFO - Started process (PID=831) to work on /home/airflow/.local/lib/python3.12/site-packages/airflow/example_dags/example_branch_operator.py
[2026-09-25T16:26:31.079+0000] {processor.py:914} INFO - Processing file /home/airflow/.local/lib/python3.12/site-packages/airflow/example_dags/example_branch_operator.py for tasks to queue
[2026-09-25T16:26:31.084+0000] {logging_mixin.py:190} INFO - [2026-09-25T16:26:31.083+0000] {dagbag.py:588} INFO - Filling up the DagBag from /home/airflow/.local/lib/python3.12/site-packages/airflow/example_dags/example_branch_operator.py
[2026-09-25T16:26:31.137+0000] {processor.py:925} INFO - DAG(s) 'example_branch_operator' retrieved from /home/airflow/.local/lib/python3.12/site-packages/airflow/example_dags/example_branch_operator.py
[2026-09-25T16:26:31.191+0000] {logging_mixin.py:190} INFO - [2026-09-25T16:26:31.191+0000] {dag.py:3239} INFO - Sync 1 DAGs
[2026-09-25T16:26:31.252+0000] {logging_mixin.py:190} INFO - [2026-09-25T16:26:31.252+0000] {dag.py:4180} INFO - Setting next_dagrun for example_branch_operator to 2026-09-24 00:00:00+00:00, run_after=2026-09-25 00:00:00+00:00
[2026-09-25T16:26:31.293+0000] {processor.py:208} INFO - Processing /home/airflow/.local/lib/python3.12/site-packages/airflow/example_dags/example_branch_operator.py took 0.229 seconds
[2026-09-25T16:27:11.809+0000] {processor.py:186} INFO - Started process (PID=899) to work on /home/airflow/.local/lib/python3.12/site-packages/airflow/example_dags/example_branch_operator.py
[2026-09-25T16:27:11.817+0000] {processor.py:914} INFO - Processing file /home/airflow/.local/lib/python3.12/site-packages/airflow/example_dags/example_branch_operator.py for tasks to queue
[2026-09-25T16:27:11.839+0000] {logging_mixin.py:190} INFO - [2026-09-25T16:27:11.824+0000] {dagbag.py:588} INFO - Filling up the DagBag from /home/airflow/.local/lib/python3.12/site-packages/airflow/example_dags/example_branch_operator.py
[2026-09-25T16:27:12.160+0000] {processor.py:925} INFO - DAG(s) 'example_branch_operator' retrieved from /home/airflow/.local/lib/python3.12/site-packages/airflow/example_dags/example_branch_operator.py
[2026-09-25T16:27:12.301+0000] {logging_mixin.py:190} INFO - [2026-09-25T16:27:12.300+0000] {dag.py:3239} INFO - Sync 1 DAGs
[2026-09-25T16:27:12.375+0000] {logging_mixin.py:190} INFO - [2026-09-25T16:27:12.375+0000] {dag.py:4180} INFO - Setting next_dagrun for example_branch_operator to 2026-09-24 00:00:00+00:00, run_after=2026-09-25 00:00:00+00:00
[2026-09-25T16:27:12.424+0000] {processor.py:208} INFO - Processing /home/airflow/.local/lib/python3.12/site-packages/airflow/example_dags/example_branch_operator.py took 0.697 seconds
[2026-09-25T16:28:16.674+0000] {processor.py:186} INFO - Started process (PID=987) to work on /home/airflow/.local/lib/python3.12/site-packages/airflow/example_dags/example_branch_operator.py
[2026-09-25T16:28:16.679+0000] {processor.py:914} INFO - Processing file /home/airflow/.local/lib/python3.12/site-packages/airflow/example_dags/example_branch_operator.py for tasks to queue
[2026-09-25T16:28:16.700+0000] {logging_mixin.py:190} INFO - [2026-09-25T16:28:16.699+0000] {dagbag.py:588} INFO - Filling up the DagBag from /home/airflow/.local/lib/python3.12/site-packages/airflow/example_dags/example_branch_operator.py
[2026-09-25T16:28:16.805+0000] {processor.py:925} INFO - DAG(s) 'example_branch_operator' retrieved from /home/airflow/.local/lib/python3.12/site-packages/airflow/example_dags/example_branch_operator.py
[2026-09-25T16:28:17.059+0000] {logging_mixin.py:190} INFO - [2026-09-25T16:28:17.059+0000] {dag.py:3239} INFO - Sync 1 DAGs
[2026-09-25T16:28:17.213+0000] {logging_mixin.py:190} INFO - [2026-09-25T16:28:17.212+0000] {dag.py:4180} INFO - Setting next_dagrun for example_branch_operator to 2026-09-24 00:00:00+00:00, run_after=2026-09-25 00:00:00+00:00
[2026-09-25T16:28:17.275+0000] {processor.py:208} INFO - Processing /home/airflow/.local/lib/python3.12/site-packages/airflow/example_dags/example_branch_operator.py took 0.647 seconds
[2026-09-25T16:29:04.558+0000] {processor.py:186} INFO - Started process (PID=1059) to work on /home/airflow/.local/lib/python3.12/site-packages/airflow/example_dags/example_branch_operator.py
[2026-09-25T16:29:04.566+0000] {processor.py:914} INFO - Processing file /home/airflow/.local/lib/python3.12/site-packages/airflow/example_dags/example_branch_operator.py for tasks to queue
[2026-09-25T16:29:04.573+0000] {logging_mixin.py:190} INFO - [2026-09-25T16:29:04.572+0000] {dagbag.py:588} INFO - Filling up the DagBag from /home/airflow/.local/lib/python3.12/site-packages/airflow/example_dags/example_branch_operator.py
[2026-09-25T16:29:05.338+0000] {processor.py:925} INFO - DAG(s) 'example_branch_operator' retrieved from /home/airflow/.local/lib/python3.12/site-packages/airflow/example_dags/example_branch_operator.py
[2026-09-25T16:29:06.131+0000] {logging_mixin.py:190} INFO - [2026-09-25T16:29:06.130+0000] {dag.py:3239} INFO - Sync 1 DAGs
[2026-09-25T16:29:06.526+0000] {logging_mixin.py:190} INFO - [2026-09-25T16:29:06.525+0000] {dag.py:4180} INFO - Setting next_dagrun for example_branch_operator to 2026-09-24 00:00:00+00:00, run_after=2026-09-25 00:00:00+00:00
[2026-09-25T16:29:06.639+0000] {processor.py:208} INFO - Processing /home/airflow/.local/lib/python3.12/site-packages/airflow/example_dags/example_branch_operator.py took 2.107 seconds
[2026-09-25T16:43:50.298+0000] {processor.py:186} INFO - Started process (PID=98) to work on /home/airflow/.local/lib/python3.12/site-packages/airflow/example_dags/example_branch_operator.py
[2026-09-25T16:43:50.309+0000] {processor.py:914} INFO - Processing file /home/airflow/.local/lib/python3.12/site-packages/airflow/example_dags/example_branch_operator.py for tasks to queue
[2026-09-25T16:43:50.317+0000] {logging_mixin.py:190} INFO - [2026-09-25T16:43:50.316+0000] {dagbag.py:588} INFO - Filling up the DagBag from /home/airflow/.local/lib/python3.12/site-packages/airflow/example_dags/example_branch_operator.py
[2026-09-25T16:43:50.524+0000] {processor.py:925} INFO - DAG(s) 'example_branch_operator' retrieved from /home/airflow/.local/lib/python3.12/site-packages/airflow/example_dags/example_branch_operator.py
[2026-09-25T16:43:51.164+0000] {logging_mixin.py:190} INFO - [2026-09-25T16:43:51.164+0000] {dag.py:3239} INFO - Sync 1 DAGs
[2026-09-25T16:43:51.278+0000] {logging_mixin.py:190} INFO - [2026-09-25T16:43:51.277+0000] {dag.py:4180} INFO - Setting next_dagrun for example_branch_operator to 2026-09-24 00:00:00+00:00, run_after=2026-09-25 00:00:00+00:00
[2026-09-25T16:43:51.410+0000] {processor.py:208} INFO - Processing /home/airflow/.local/lib/python3.12/site-packages/airflow/example_dags/example_branch_operator.py took 1.262 seconds
[2026-09-25T16:44:23.881+0000] {processor.py:186} INFO - Started process (PID=161) to work on /home/airflow/.local/lib/python3.12/site-packages/airflow/example_dags/example_branch_operator.py
[2026-09-25T16:44:23.925+0000] {processor.py:914} INFO - Processing file /home/airflow/.local/lib/python3.12/site-packages/airflow/example_dags/example_branch_operator.py for tasks to queue
[2026-09-25T16:44:23.949+0000] {logging_mixin.py:190} INFO - [2026-09-25T16:44:23.940+0000] {dagbag.py:588} INFO - Filling up the DagBag from /home/airflow/.local/lib/python3.12/site-packages/airflow/example_dags/example_branch_operator.py
[2026-09-25T16:44:24.050+0000] {processor.py:925} INFO - DAG(s) 'example_branch_operator' retrieved from /home/airflow/.local/lib/python3.12/site-packages/airflow/example_dags/example_branch_operator.py
[2026-09-25T16:44:24.692+0000] {logging_mixin.py:190} INFO - [2026-09-25T16:44:24.692+0000] {dag.py:3239} INFO - Sync 1 DAGs
[2026-09-25T16:44:25.048+0000] {logging_mixin.py:190} INFO - [2026-09-25T16:44:25.048+0000] {dag.py:4180} INFO - Setting next_dagrun for example_branch_operator to 2026-09-24 00:00:00+00:00, run_after=2026-09-25 00:00:00+00:00
[2026-09-25T16:44:25.128+0000] {processor.py:208} INFO - Processing /home/airflow/.local/lib/python3.12/site-packages/airflow/example_dags/example_branch_operator.py took 1.306 seconds
[2026-09-25T16:44:57.584+0000] {processor.py:186} INFO - Started process (PID=224) to work on /home/airflow/.local/lib/python3.12/site-packages/airflow/example_dags/example_branch_operator.py
[2026-09-25T16:44:57.592+0000] {processor.py:914} INFO - Processing file /home/airflow/.local/lib/python3.12/site-packages/airflow/example_dags/example_branch_operator.py for tasks to queue
[2026-09-25T16:44:57.618+0000] {logging_mixin.py:190} INFO - [2026-09-25T16:44:57.615+0000] {dagbag.py:588} INFO - Filling up the DagBag from /home/airflow/.local/lib/python3.12/site-packages/airflow/example_dags/example_branch_operator.py
[2026-09-25T16:44:57.820+0000] {processor.py:925} INFO - DAG(s) 'example_branch_operator' retrieved from /home/airflow/.local/lib/python3.12/site-packages/airflow/example_dags/example_branch_operator.py
[2026-09-25T16:44:58.057+0000] {logging_mixin.py:190} INFO - [2026-09-25T16:44:58.056+0000] {dag.py:3239} INFO - Sync 1 DAGs
[2026-09-25T16:44:58.317+0000] {logging_mixin.py:190} INFO - [2026-09-25T16:44:58.317+0000] {dag.py:4180} INFO - Setting next_dagrun for example_branch_operator to 2026-09-24 00:00:00+00:00, run_after=2026-09-25 00:00:00+00:00
[2026-09-25T16:44:58.480+0000] {processor.py:208} INFO - Processing /home/airflow/.local/lib/python3.12/site-packages/airflow/example_dags/example_branch_operator.py took 0.953 seconds
[2026-09-25T16:45:29.047+0000] {processor.py:186} INFO - Started process (PID=286) to work on /home/airflow/.local/lib/python3.12/site-packages/airflow/example_dags/example_branch_operator.py
[2026-09-25T16:45:29.049+0000] {processor.py:914} INFO - Processing file /home/airflow/.local/lib/python3.12/site-packages/airflow/example_dags/example_branch_operator.py for tasks to queue
[2026-09-25T16:45:29.053+0000] {logging_mixin.py:190} INFO - [2026-09-25T16:45:29.053+0000] {dagbag.py:588} INFO - Filling up the DagBag from /home/airflow/.local/lib/python3.12/site-packages/airflow/example_dags/example_branch_operator.py
[2026-09-25T16:45:29.086+0000] {processor.py:925} INFO - DAG(s) 'example_branch_operator' retrieved from /home/airflow/.local/lib/python3.12/site-packages/airflow/example_dags/example_branch_operator.py
[2026-09-25T16:45:29.147+0000] {logging_mixin.py:190} INFO - [2026-09-25T16:45:29.146+0000] {dag.py:3239} INFO - Sync 1 DAGs
[2026-09-25T16:45:29.191+0000] {logging_mixin.py:190} INFO - [2026-09-25T16:45:29.190+0000] {dag.py:4180} INFO - Setting next_dagrun for example_branch_operator to 2026-09-24 00:00:00+00:00, run_after=2026-09-25 00:00:00+00:00
[2026-09-25T16:45:29.232+0000] {processor.py:208} INFO - Processing /home/airflow/.local/lib/python3.12/site-packages/airflow/example_dags/example_branch_operator.py took 0.196 seconds
[2026-09-25T16:45:59.528+0000] {processor.py:186} INFO - Started process (PID=348) to work on /home/airflow/.local/lib/python3.12/site-packages/airflow/example_dags/example_branch_operator.py
[2026-09-25T16:45:59.536+0000] {processor.py:914} INFO - Processing file /home/airflow/.local/lib/python3.12/site-packages/airflow/example_dags/example_branch_operator.py for tasks to queue
[2026-09-25T16:45:59.579+0000] {logging_mixin.py:190} INFO - [2026-09-25T16:45:59.578+0000] {dagbag.py:588} INFO - Filling up the DagBag from /home/airflow/.local/lib/python3.12/site-packages/airflow/example_dags/example_branch_operator.py
[2026-09-25T16:45:59.694+0000] {processor.py:925} INFO - DAG(s) 'example_branch_operator' retrieved from /home/airflow/.local/lib/python3.12/site-packages/airflow/example_dags/example_branch_operator.py
[2026-09-25T16:46:01.059+0000] {logging_mixin.py:190} INFO - [2026-09-25T16:46:00.808+0000] {dag.py:3239} INFO - Sync 1 DAGs
[2026-09-25T16:46:02.589+0000] {logging_mixin.py:190} INFO - [2026-09-25T16:46:02.553+0000] {dag.py:4180} INFO - Setting next_dagrun for example_branch_operator to 2026-09-24 00:00:00+00:00, run_after=2026-09-25 00:00:00+00:00
[2026-09-25T16:46:02.919+0000] {processor.py:208} INFO - Processing /home/airflow/.local/lib/python3.12/site-packages/airflow/example_dags/example_branch_operator.py took 3.428 seconds
[2026-09-25T16:46:33.317+0000] {processor.py:186} INFO - Started process (PID=410) to work on /home/airflow/.local/lib/python3.12/site-packages/airflow/example_dags/example_branch_operator.py
[2026-09-25T16:46:33.319+0000] {processor.py:914} INFO - Processing file /home/airflow/.local/lib/python3.12/site-packages/airflow/example_dags/example_branch_operator.py for tasks to queue
[2026-09-25T16:46:33.324+0000] {logging_mixin.py:190} INFO - [2026-09-25T16:46:33.324+0000] {dagbag.py:588} INFO - Filling up the DagBag from /home/airflow/.local/lib/python3.12/site-packages/airflow/example_dags/example_branch_operator.py
[2026-09-25T16:46:33.363+0000] {processor.py:925} INFO - DAG(s) 'example_branch_operator' retrieved from /home/airflow/.local/lib/python3.12/site-packages/airflow/example_dags/example_branch_operator.py
[2026-09-25T16:46:33.422+0000] {logging_mixin.py:190} INFO - [2026-09-25T16:46:33.422+0000] {dag.py:3239} INFO - Sync 1 DAGs
[2026-09-25T16:46:33.498+0000] {logging_mixin.py:190} INFO - [2026-09-25T16:46:33.497+0000] {dag.py:4180} INFO - Setting next_dagrun for example_branch_operator to 2026-09-24 00:00:00+00:00, run_after=2026-09-25 00:00:00+00:00
[2026-09-25T16:46:33.573+0000] {processor.py:208} INFO - Processing /home/airflow/.local/lib/python3.12/site-packages/airflow/example_dags/example_branch_operator.py took 0.272 seconds
[2026-09-25T16:47:03.931+0000] {processor.py:186} INFO - Started process (PID=472) to work on /home/airflow/.local/lib/python3.12/site-packages/airflow/example_dags/example_branch_operator.py
[2026-09-25T16:47:03.935+0000] {processor.py:914} INFO - Processing file /home/airflow/.local/lib/python3.12/site-packages/airflow/example_dags/example_branch_operator.py for tasks to queue
[2026-09-25T16:47:03.947+0000] {logging_mixin.py:190} INFO - [2026-09-25T16:47:03.946+0000] {dagbag.py:588} INFO - Filling up the DagBag from /home/airflow/.local/lib/python3.12/site-packages/airflow/example_dags/example_branch_operator.py
[2026-09-25T16:47:04.057+0000] {processor.py:925} INFO - DAG(s) 'example_branch_operator' retrieved from /home/airflow/.local/lib/python3.12/site-packages/airflow/example_dags/example_branch_operator.py
[2026-09-25T16:47:04.164+0000] {logging_mixin.py:190} INFO - [2026-09-25T16:47:04.164+0000] {dag.py:3239} INFO - Sync 1 DAGs
[2026-09-25T16:47:04.226+0000] {logging_mixin.py:190} INFO - [2026-09-25T16:47:04.226+0000] {dag.py:4180} INFO - Setting next_dagrun for example_branch_operator to 2026-09-24 00:00:00+00:00, run_after=2026-09-25 00:00:00+00:00
[2026-09-25T16:47:04.268+0000] {processor.py:208} INFO - Processing /home/airflow/.local/lib/python3.12/site-packages/airflow/example_dags/example_branch_operator.py took 0.352 seconds
[2026-09-25T16:47:42.708+0000] {processor.py:186} INFO - Started process (PID=532) to work on /home/airflow/.local/lib/python3.12/site-packages/airflow/example_dags/example_branch_operator.py
[2026-09-25T16:47:42.711+0000] {processor.py:914} INFO - Processing file /home/airflow/.local/lib/python3.12/site-packages/airflow/example_dags/example_branch_operator.py for tasks to queue
[2026-09-25T16:47:42.717+0000] {logging_mixin.py:190} INFO - [2026-09-25T16:47:42.716+0000] {dagbag.py:588} INFO - Filling up the DagBag from /home/airflow/.local/lib/python3.12/site-packages/airflow/example_dags/example_branch_operator.py
[2026-09-25T16:47:42.777+0000] {processor.py:925} INFO - DAG(s) 'example_branch_operator' retrieved from /home/airflow/.local/lib/python3.12/site-packages/airflow/example_dags/example_branch_operator.py
[2026-09-25T16:47:42.884+0000] {logging_mixin.py:190} INFO - [2026-09-25T16:47:42.884+0000] {dag.py:3239} INFO - Sync 1 DAGs
[2026-09-25T16:47:42.959+0000] {logging_mixin.py:190} INFO - [2026-09-25T16:47:42.959+0000] {dag.py:4180} INFO - Setting next_dagrun for example_branch_operator to 2026-09-24 00:00:00+00:00, run_after=2026-09-25 00:00:00+00:00
[2026-09-25T16:47:43.024+0000] {processor.py:208} INFO - Processing /home/airflow/.local/lib/python3.12/site-packages/airflow/example_dags/example_branch_operator.py took 0.341 seconds
[2026-09-25T16:48:21.926+0000] {processor.py:186} INFO - Started process (PID=599) to work on /home/airflow/.local/lib/python3.12/site-packages/airflow/example_dags/example_branch_operator.py
[2026-09-25T16:48:21.929+0000] {processor.py:914} INFO - Processing file /home/airflow/.local/lib/python3.12/site-packages/airflow/example_dags/example_branch_operator.py for tasks to queue
[2026-09-25T16:48:21.937+0000] {logging_mixin.py:190} INFO - [2026-09-25T16:48:21.936+0000] {dagbag.py:588} INFO - Filling up the DagBag from /home/airflow/.local/lib/python3.12/site-packages/airflow/example_dags/example_branch_operator.py
[2026-09-25T16:48:22.007+0000] {processor.py:925} INFO - DAG(s) 'example_branch_operator' retrieved from /home/airflow/.local/lib/python3.12/site-packages/airflow/example_dags/example_branch_operator.py
[2026-09-25T16:48:22.097+0000] {logging_mixin.py:190} INFO - [2026-09-25T16:48:22.097+0000] {dag.py:3239} INFO - Sync 1 DAGs
[2026-09-25T16:48:22.185+0000] {logging_mixin.py:190} INFO - [2026-09-25T16:48:22.184+0000] {dag.py:4180} INFO - Setting next_dagrun for example_branch_operator to 2026-09-24 00:00:00+00:00, run_after=2026-09-25 00:00:00+00:00
[2026-09-25T16:48:22.236+0000] {processor.py:208} INFO - Processing /home/airflow/.local/lib/python3.12/site-packages/airflow/example_dags/example_branch_operator.py took 0.325 seconds
[2026-09-25T16:48:52.526+0000] {processor.py:186} INFO - Started process (PID=662) to work on /home/airflow/.local/lib/python3.12/site-packages/airflow/example_dags/example_branch_operator.py
[2026-09-25T16:48:52.528+0000] {processor.py:914} INFO - Processing file /home/airflow/.local/lib/python3.12/site-packages/airflow/example_dags/example_branch_operator.py for tasks to queue
[2026-09-25T16:48:52.538+0000] {logging_mixin.py:190} INFO - [2026-09-25T16:48:52.538+0000] {dagbag.py:588} INFO - Filling up the DagBag from /home/airflow/.local/lib/python3.12/site-packages/airflow/example_dags/example_branch_operator.py
[2026-09-25T16:48:52.581+0000] {processor.py:925} INFO - DAG(s) 'example_branch_operator' retrieved from /home/airflow/.local/lib/python3.12/site-packages/airflow/example_dags/example_branch_operator.py
[2026-09-25T16:48:52.725+0000] {logging_mixin.py:190} INFO - [2026-09-25T16:48:52.724+0000] {dag.py:3239} INFO - Sync 1 DAGs
[2026-09-25T16:48:53.105+0000] {logging_mixin.py:190} INFO - [2026-09-25T16:48:53.104+0000] {dag.py:4180} INFO - Setting next_dagrun for example_branch_operator to 2026-09-24 00:00:00+00:00, run_after=2026-09-25 00:00:00+00:00
[2026-09-25T16:48:53.263+0000] {processor.py:208} INFO - Processing /home/airflow/.local/lib/python3.12/site-packages/airflow/example_dags/example_branch_operator.py took 0.752 seconds
[2026-09-25T16:49:24.042+0000] {processor.py:186} INFO - Started process (PID=725) to work on /home/airflow/.local/lib/python3.12/site-packages/airflow/example_dags/example_branch_operator.py
[2026-09-25T16:49:24.045+0000] {processor.py:914} INFO - Processing file /home/airflow/.local/lib/python3.12/site-packages/airflow/example_dags/example_branch_operator.py for tasks to queue
[2026-09-25T16:49:24.052+0000] {logging_mixin.py:190} INFO - [2026-09-25T16:49:24.051+0000] {dagbag.py:588} INFO - Filling up the DagBag from /home/airflow/.local/lib/python3.12/site-packages/airflow/example_dags/example_branch_operator.py
[2026-09-25T16:49:24.102+0000] {processor.py:925} INFO - DAG(s) 'example_branch_operator' retrieved from /home/airflow/.local/lib/python3.12/site-packages/airflow/example_dags/example_branch_operator.py
[2026-09-25T16:49:24.181+0000] {logging_mixin.py:190} INFO - [2026-09-25T16:49:24.181+0000] {dag.py:3239} INFO - Sync 1 DAGs
[2026-09-25T16:49:24.246+0000] {logging_mixin.py:190} INFO - [2026-09-25T16:49:24.245+0000] {dag.py:4180} INFO - Setting next_dagrun for example_branch_operator to 2026-09-24 00:00:00+00:00, run_after=2026-09-25 00:00:00+00:00
[2026-09-25T16:49:24.294+0000] {processor.py:208} INFO - Processing /home/airflow/.local/lib/python3.12/site-packages/airflow/example_dags/example_branch_operator.py took 0.268 seconds
