[2026-09-25T16:15:41.611+0000] {processor.py:186} INFO - Started process (PID=106) to work on /home/airflow/.local/lib/python3.12/site-packages/airflow/example_dags/example_setup_teardown_taskflow.py
[2026-09-25T16:15:41.624+0000] {processor.py:914} INFO - Processing file /home/airflow/.local/lib/python3.12/site-packages/airflow/example_dags/example_setup_teardown_taskflow.py for tasks to queue
[2026-09-25T16:15:41.658+0000] {logging_mixin.py:190} INFO - [2026-09-25T16:15:41.639+0000] {dagbag.py:588} INFO - Filling up the DagBag from /home/airflow/.local/lib/python3.12/site-packages/airflow/example_dags/example_setup_teardown_taskflow.py
[2026-09-25T16:15:41.750+0000] {processor.py:925} INFO - DAG(s) 'example_setup_teardown_taskflow' retrieved from /home/airflow/.local/lib/python3.12/site-packages/airflow/example_dags/example_setup_teardown_taskflow.py
[2026-09-25T16:15:41.954+0000] {logging_mixin.py:190} INFO - [2026-09-25T16:15:41.953+0000] {dag.py:3239} INFO - Sync 1 DAGs
[2026-09-25T16:15:42.117+0000] {logging_mixin.py:190} INFO - [2026-09-25T16:15:42.115+0000] {dag.py:4180} INFO - Setting next_dagrun for example_setup_teardown_taskflow to None, run_after=None
[2026-09-25T16:15:42.299+0000] {processor.py:208} INFO - Processing /home/airflow/.local/lib/python3.12/site-packages/airflow/example_dags/example_setup_teardown_taskflow.py took 0.733 seconds
[2026-09-25T16:18:29.649+0000] {processor.py:186} INFO - Started process (PID=199) to work on /home/airflow/.local/lib/python3.12/site-packages/airflow/example_dags/example_setup_teardown_taskflow.py
[2026-09-25T16:18:29.654+0000] {processor.py:914} INFO - Processing file /home/airflow/.local/lib/python3.12/site-packages/airflow/example_dags/example_setup_teardown_taskflow.py for tasks to queue
[2026-09-25T16:18:29.667+0000] {logging_mixin.py:190} INFO - [2026-09-25T16:18:29.667+0000] {dagbag.py:588} INFO - Filling up the DagBag from /home/airflow/.local/lib/python3.12/site-packages/airflow/example_dags/example_setup_teardown_taskflow.py
[2026-09-25T16:18:29.807+0000] {processor.py:925} INFO - DAG(s) 'example_setup_teardown_taskflow' retrieved from /home/airflow/.local/lib/python3.12/site-packages/airflow/example_dags/example_setup_teardown_taskflow.py
[2026-09-25T16:18:30.416+0000] {logging_mixin.py:190} INFO - [2026-09-25T16:18:30.415+0000] {dag.py:3239} INFO - Sync 1 DAGs
[2026-09-25T16:18:31.060+0000] {logging_mixin.py:190} INFO - [2026-09-25T16:18:31.055+0000] {dag.py:4180} INFO - Setting next_dagrun for example_setup_teardown_taskflow to None, run_after=None
[2026-09-25T16:18:31.581+0000] {processor.py:208} INFO - Processing /home/airflow/.local/lib/python3.12/site-packages/airflow/example_dags/example_setup_teardown_taskflow.py took 1.976 seconds
[2026-09-25T16:19:44.974+0000] {processor.py:186} INFO - Started process (PID=257) to work on /home/airflow/.local/lib/python3.12/site-packages/airflow/example_dags/example_setup_teardown_taskflow.py
[2026-09-25T16:19:45.008+0000] {processor.py:914} INFO - Processing file /home/airflow/.local/lib/python3.12/site-packages/airflow/example_dags/example_setup_teardown_taskflow.py for tasks to queue
[2026-09-25T16:19:45.053+0000] {logging_mixin.py:190} INFO - [2026-09-25T16:19:45.051+0000] {dagbag.py:588} INFO - Filling up the DagBag from /home/airflow/.local/lib/python3.12/site-packages/airflow/example_dags/example_setup_teardown_taskflow.py
[2026-09-25T16:19:45.267+0000] {processor.py:925} INFO - DAG(s) 'example_setup_teardown_taskflow' retrieved from /home/airflow/.local/lib/python3.12/site-packages/airflow/example_dags/example_setup_teardown_taskflow.py
[2026-09-25T16:19:45.889+0000] {logging_mixin.py:190} INFO - [2026-09-25T16:19:45.878+0000] {dag.py:3239} INFO - Sync 1 DAGs
[2026-09-25T16:19:46.534+0000] {logging_mixin.py:190} INFO - [2026-09-25T16:19:46.533+0000] {dag.py:4180} INFO - Setting next_dagrun for example_setup_teardown_taskflow to None, run_after=None
[2026-09-25T16:19:46.784+0000] {processor.py:208} INFO - Processing /home/airflow/.local/lib/python3.12/site-packages/airflow/example_dags/example_setup_teardown_taskflow.py took 1.961 seconds
[2026-09-25T16:20:32.053+0000] {processor.py:186} INFO - Started process (PID=313) to work on /home/airflow/.local/lib/python3.12/site-packages/airflow/example_dags/example_setup_teardown_taskflow.py
[2026-09-25T16:20:32.055+0000] {processor.py:914} INFO - Processing file /home/airflow/.local/lib/python3.12/site-packages/airflow/example_dags/example_setup_teardown_taskflow.py for tasks to queue
[2026-09-25T16:20:32.075+0000] {logging_mixin.py:190} INFO - [2026-09-25T16:20:32.062+0000] {dagbag.py:588} INFO - Filling up the DagBag from /home/airflow/.local/lib/python3.12/site-packages/airflow/example_dags/example_setup_teardown_taskflow.py
[2026-09-25T16:20:32.211+0000] {processor.py:925} INFO - DAG(s) 'example_setup_teardown_taskflow' retrieved from /home/airflow/.local/lib/python3.12/site-packages/airflow/example_dags/example_setup_teardown_taskflow.py
[2026-09-25T16:20:33.730+0000] {logging_mixin.py:190} INFO - [2026-09-25T16:20:33.729+0000] {dag.py:3239} INFO - Sync 1 DAGs
[2026-09-25T16:20:33.823+0000] {logging_mixin.py:190} INFO - [2026-09-25T16:20:33.823+0000] {dag.py:4180} INFO - Setting next_dagrun for example_setup_teardown_taskflow to None, run_after=None
[2026-09-25T16:20:34.295+0000] {processor.py:208} INFO - Processing /home/airflow/.local/lib/python3.12/site-packages/airflow/example_dags/example_setup_teardown_taskflow.py took 2.261 seconds
[2026-09-25T16:21:27.801+0000] {processor.py:186} INFO - Started process (PID=360) to work on /home/airflow/.local/lib/python3.12/site-packages/airflow/example_dags/example_setup_teardown_taskflow.py
[2026-09-25T16:21:27.807+0000] {processor.py:914} INFO - Processing file /home/airflow/.local/lib/python3.12/site-packages/airflow/example_dags/example_setup_teardown_taskflow.py for tasks to queue
[2026-09-25T16:21:27.821+0000] {logging_mixin.py:190} INFO - [2026-09-25T16:21:27.820+0000] {dagbag.py:588} INFO - Filling up the DagBag from /home/airflow/.local/lib/python3.12/site-packages/airflow/example_dags/example_setup_teardown_taskflow.py
[2026-09-25T16:21:27.891+0000] {processor.py:925} INFO - DAG(s) 'example_setup_teardown_taskflow' retrieved from /home/airflow/.local/lib/python3.12/site-packages/airflow/example_dags/example_setup_teardown_taskflow.py
[2026-09-25T16:21:28.137+0000] {logging_mixin.py:190} INFO - [2026-09-25T16:21:28.132+0000] {dag.py:3239} INFO - Sync 1 DAGs
[2026-09-25T16:21:28.283+0000] {logging_mixin.py:190} INFO - [2026-09-25T16:21:28.282+0000] {dag.py:4180} INFO - Setting next_dagrun for example_setup_teardown_taskflow to None, run_after=None
[2026-09-25T16:21:28.438+0000] {processor.py:208} INFO - Processing /home/airflow/.local/lib/python3.12/site-packages/airflow/example_dags/example_setup_teardown_taskflow.py took 0.744 seconds
[2026-09-25T16:22:35.734+0000] {processor.py:186} INFO - Started process (PID=433) to work on /home/airflow/.local/lib/python3.12/site-packages/airflow/example_dags/example_setup_teardown_taskflow.py
[2026-09-25T16:22:35.755+0000] {processor.py:914} INFO - Processing file /home/airflow/.local/lib/python3.12/site-packages/airflow/example_dags/example_setup_teardown_taskflow.py for tasks to queue
[2026-09-25T16:22:35.785+0000] {logging_mixin.py:190} INFO - [2026-09-25T16:22:35.784+0000] {dagbag.py:588} INFO - Filling up the DagBag from /home/airflow/.local/lib/python3.12/site-packages/airflow/example_dags/example_setup_teardown_taskflow.py
[2026-09-25T16:22:36.079+0000] {processor.py:925} INFO - DAG(s) 'example_setup_teardown_taskflow' retrieved from /home/airflow/.local/lib/python3.12/site-packages/airflow/example_dags/example_setup_teardown_taskflow.py
[2026-09-25T16:22:36.223+0000] {logging_mixin.py:190} INFO - [2026-09-25T16:22:36.222+0000] {dag.py:3239} INFO - Sync 1 DAGs
[2026-09-25T16:22:36.325+0000] {logging_mixin.py:190} INFO - [2026-09-25T16:22:36.325+0000] {dag.py:4180} INFO - Setting next_dagrun for example_setup_teardown_taskflow to None, run_after=None
[2026-09-25T16:22:36.468+0000] {processor.py:208} INFO - Processing /home/airflow/.local/lib/python3.12/site-packages/airflow/example_dags/example_setup_teardown_taskflow.py took 0.826 seconds
[2026-09-25T16:23:13.092+0000] {processor.py:186} INFO - Started process (PID=497) to work on /home/airflow/.local/lib/python3.12/site-packages/airflow/example_dags/example_setup_teardown_taskflow.py
[2026-09-25T16:23:13.095+0000] {processor.py:914} INFO - Processing file /home/airflow/.local/lib/python3.12/site-packages/airflow/example_dags/example_setup_teardown_taskflow.py for tasks to queue
[2026-09-25T16:23:13.108+0000] {logging_mixin.py:190} INFO - [2026-09-25T16:23:13.108+0000] {dagbag.py:588} INFO - Filling up the DagBag from /home/airflow/.local/lib/python3.12/site-packages/airflow/example_dags/example_setup_teardown_taskflow.py
[2026-09-25T16:23:13.154+0000] {processor.py:925} INFO - DAG(s) 'example_setup_teardown_taskflow' retrieved from /home/airflow/.local/lib/python3.12/site-packages/airflow/example_dags/example_setup_teardown_taskflow.py
[2026-09-25T16:23:13.269+0000] {logging_mixin.py:190} INFO - [2026-09-25T16:23:13.268+0000] {dag.py:3239} INFO - Sync 1 DAGs
[2026-09-25T16:23:13.312+0000] {logging_mixin.py:190} INFO - [2026-09-25T16:23:13.311+0000] {dag.py:4180} INFO - Setting next_dagrun for example_setup_teardown_taskflow to None, run_after=None
[2026-09-25T16:23:13.366+0000] {processor.py:208} INFO - Processing /home/airflow/.local/lib/python3.12/site-packages/airflow/example_dags/example_setup_teardown_taskflow.py took 0.289 seconds
[2026-09-25T16:23:53.726+0000] {processor.py:186} INFO - Started process (PID=560) to work on /home/airflow/.local/lib/python3.12/site-packages/airflow/example_dags/example_setup_teardown_taskflow.py
[2026-09-25T16:23:53.751+0000] {processor.py:914} INFO - Processing file /home/airflow/.local/lib/python3.12/site-packages/airflow/example_dags/example_setup_teardown_taskflow.py for tasks to queue
[2026-09-25T16:23:53.767+0000] {logging_mixin.py:190} INFO - [2026-09-25T16:23:53.766+0000] {dagbag.py:588} INFO - Filling up the DagBag from /home/airflow/.local/lib/python3.12/site-packages/airflow/example_dags/example_setup_teardown_taskflow.py
[2026-09-25T16:23:53.824+0000] {processor.py:925} INFO - DAG(s) 'example_setup_teardown_taskflow' retrieved from /home/airflow/.local/lib/python3.12/site-packages/airflow/example_dags/example_setup_teardown_taskflow.py
[2026-09-25T16:23:54.039+0000] {logging_mixin.py:190} INFO - [2026-09-25T16:23:54.038+0000] {dag.py:3239} INFO - Sync 1 DAGs
[2026-09-25T16:23:54.187+0000] {logging_mixin.py:190} INFO - [2026-09-25T16:23:54.186+0000] {dag.py:4180} INFO - Setting next_dagrun for example_setup_teardown_taskflow to None, run_after=None
[2026-09-25T16:23:54.318+0000] {processor.py:208} INFO - Processing /home/airflow/.local/lib/python3.12/site-packages/airflow/example_dags/example_setup_teardown_taskflow.py took 0.624 seconds
[2026-09-25T16:24:24.422+0000] {processor.py:186} INFO - Started process (PID=623) to work on /home/airflow/.local/lib/python3.12/site-packages/airflow/example_dags/example_setup_teardown_taskflow.py
[2026-09-25T16:24:24.425+0000] {processor.py:914} INFO - Processing file /home/airflow/.local/lib/python3.12/site-packages/airflow/example_dags/example_setup_teardown_taskflow.py for tasks to queue
[2026-09-25T16:24:24.430+0000] {logging_mixin.py:190} INFO - [2026-09-25T16:24:24.429+0000] {dagbag.py:588} INFO - Filling up the DagBag from /home/airflow/.local/lib/python3.12/site-packages/airflow/example_dags/example_setup_teardown_taskflow.py
[2026-09-25T16:24:24.459+0000] {processor.py:925} INFO - DAG(s) 'example_setup_teardown_taskflow' retrieved from /home/airflow/.local/lib/python3.12/site-packages/airflow/example_dags/example_setup_teardown_taskflow.py
[2026-09-25T16:24:24.570+0000] {logging_mixin.py:190} INFO - [2026-09-25T16:24:24.569+0000] {dag.py:3239} INFO - Sync 1 DAGs
[2026-09-25T16:24:24.719+0000] {logging_mixin.py:190} INFO - [2026-09-25T16:24:24.718+0000] {dag.py:4180} INFO - Setting next_dagrun for example_setup_teardown_taskflow to None, run_after=None
[2026-09-25T16:24:24.804+0000] {processor.py:208} INFO - Processing /home/airflow/.local/lib/python3.12/site-packages/airflow/example_dags/example_setup_teardown_taskflow.py took 0.407 seconds
[2026-09-25T16:25:11.562+0000] {processor.py:186} INFO - Started process (PID=684) to work on /home/airflow/.local/lib/python3.12/site-packages/airflow/example_dags/example_setup_teardown_taskflow.py
[2026-09-25T16:25:11.566+0000] {processor.py:914} INFO - Processing file /home/airflow/.local/lib/python3.12/site-packages/airflow/example_dags/example_setup_teardown_taskflow.py for tasks to queue
[2026-09-25T16:25:11.572+0000] {logging_mixin.py:190} INFO - [2026-09-25T16:25:11.571+0000] {dagbag.py:588} INFO - Filling up the DagBag from /home/airflow/.local/lib/python3.12/site-packages/airflow/example_dags/example_setup_teardown_taskflow.py
[2026-09-25T16:25:11.614+0000] {processor.py:925} INFO - DAG(s) 'example_setup_teardown_taskflow' retrieved from /home/airflow/.local/lib/python3.12/site-packages/airflow/example_dags/example_setup_teardown_taskflow.py
[2026-09-25T16:25:11.680+0000] {logging_mixin.py:190} INFO - [2026-09-25T16:25:11.680+0000] {dag.py:3239} INFO - Sync 1 DAGs
[2026-09-25T16:25:11.744+0000] {logging_mixin.py:190} INFO - [2026-09-25T16:25:11.743+0000] {dag.py:4180} INFO - Setting next_dagrun for example_setup_teardown_taskflow to None, run_after=None
[2026-09-25T16:25:11.833+0000] {processor.py:208} INFO - Processing /home/airflow/.local/lib/python3.12/site-packages/airflow/example_dags/example_setup_teardown_taskflow.py took 0.298 seconds
[2026-09-25T16:25:52.169+0000] {processor.py:186} INFO - Started process (PID=746) to work on /home/airflow/.local/lib/python3.12/site-packages/airflow/example_dags/example_setup_teardown_taskflow.py
[2026-09-25T16:25:52.173+0000] {processor.py:914} INFO - Processing file /home/airflow/.local/lib/python3.12/site-packages/airflow/example_dags/example_setup_teardown_taskflow.py for tasks to queue
[2026-09-25T16:25:52.180+0000] {logging_mixin.py:190} INFO - [2026-09-25T16:25:52.179+0000] {dagbag.py:588} INFO - Filling up the DagBag from /home/airflow/.local/lib/python3.12/site-packages/airflow/example_dags/example_setup_teardown_taskflow.py
[2026-09-25T16:25:52.225+0000] {processor.py:925} INFO - DAG(s) 'example_setup_teardown_taskflow' retrieved from /home/airflow/.local/lib/python3.12/site-packages/airflow/example_dags/example_setup_teardown_taskflow.py
[2026-09-25T16:25:52.354+0000] {logging_mixin.py:190} INFO - [2026-09-25T16:25:52.354+0000] {dag.py:3239} INFO - Sync 1 DAGs
[2026-09-25T16:25:52.439+0000] {logging_mixin.py:190} INFO - [2026-09-25T16:25:52.438+0000] {dag.py:4180} INFO - Setting next_dagrun for example_setup_teardown_taskflow to None, run_after=None
[2026-09-25T16:25:52.576+0000] {processor.py:208} INFO - Processing /home/airflow/.local/lib/python3.12/site-packages/airflow/example_dags/example_setup_teardown_taskflow.py took 0.438 seconds
[2026-09-25T16:26:22.906+0000] {processor.py:186} INFO - Started process (PID=808) to work on /home/airflow/.local/lib/python3.12/site-packages/airflow/example_dags/example_setup_teardown_taskflow.py
[2026-09-25T16:26:22.908+0000] {processor.py:914} INFO - Processing file /home/airflow/.local/lib/python3.12/site-packages/airflow/example_dags/example_setup_teardown_taskflow.py for tasks to queue
[2026-09-25T16:26:22.912+0000] {logging_mixin.py:190} INFO - [2026-09-25T16:26:22.912+0000] {dagbag.py:588} INFO - Filling up the DagBag from /home/airflow/.local/lib/python3.12/site-packages/airflow/example_dags/example_setup_teardown_taskflow.py
[2026-09-25T16:26:22.935+0000] {processor.py:925} INFO - DAG(s) 'example_setup_teardown_taskflow' retrieved from /home/airflow/.local/lib/python3.12/site-packages/airflow/example_dags/example_setup_teardown_taskflow.py
[2026-09-25T16:26:23.016+0000] {logging_mixin.py:190} INFO - [2026-09-25T16:26:23.016+0000] {dag.py:3239} INFO - Sync 1 DAGs
[2026-09-25T16:26:23.075+0000] {logging_mixin.py:190} INFO - [2026-09-25T16:26:23.075+0000] {dag.py:4180} INFO - Setting next_dagrun for example_setup_teardown_taskflow to None, run_after=None
[2026-09-25T16:26:23.140+0000] {processor.py:208} INFO - Processing /home/airflow/.local/lib/python3.12/site-packages/airflow/example_dags/example_setup_teardown_taskflow.py took 0.246 seconds
[2026-09-25T16:27:00.225+0000] {processor.py:186} INFO - Started process (PID=873) to work on /home/airflow/.local/lib/python3.12/site-packages/airflow/example_dags/example_setup_teardown_taskflow.py
[2026-09-25T16:27:00.240+0000] {processor.py:914} INFO - Processing file /home/airflow/.local/lib/python3.12/site-packages/airflow/example_dags/example_setup_teardown_taskflow.py for tasks to queue
[2026-09-25T16:27:00.247+0000] {logging_mixin.py:190} INFO - [2026-09-25T16:27:00.247+0000] {dagbag.py:588} INFO - Filling up the DagBag from /home/airflow/.local/lib/python3.12/site-packages/airflow/example_dags/example_setup_teardown_taskflow.py
[2026-09-25T16:27:00.319+0000] {processor.py:925} INFO - DAG(s) 'example_setup_teardown_taskflow' retrieved from /home/airflow/.local/lib/python3.12/site-packages/airflow/example_dags/example_setup_teardown_taskflow.py
[2026-09-25T16:27:00.416+0000] {logging_mixin.py:190} INFO - [2026-09-25T16:27:00.415+0000] {dag.py:3239} INFO - Sync 1 DAGs
[2026-09-25T16:27:00.516+0000] {logging_mixin.py:190} INFO - [2026-09-25T16:27:00.516+0000] {dag.py:4180} INFO - Setting next_dagrun for example_setup_teardown_taskflow to None, run_after=None
[2026-09-25T16:27:00.565+0000] {processor.py:208} INFO - Processing /home/airflow/.local/lib/python3.12/site-packages/airflow/example_dags/example_setup_teardown_taskflow.py took 0.393 seconds
[2026-09-25T16:27:32.298+0000] {processor.py:186} INFO - Started process (PID=934) to work on /home/airflow/.local/lib/python3.12/site-packages/airflow/example_dags/example_setup_teardown_taskflow.py
[2026-09-25T16:27:32.300+0000] {processor.py:914} INFO - Processing file /home/airflow/.local/lib/python3.12/site-packages/airflow/example_dags/example_setup_teardown_taskflow.py for tasks to queue
[2026-09-25T16:27:32.305+0000] {logging_mixin.py:190} INFO - [2026-09-25T16:27:32.305+0000] {dagbag.py:588} INFO - Filling up the DagBag from /home/airflow/.local/lib/python3.12/site-packages/airflow/example_dags/example_setup_teardown_taskflow.py
[2026-09-25T16:27:32.339+0000] {processor.py:925} INFO - DAG(s) 'example_setup_teardown_taskflow' retrieved from /home/airflow/.local/lib/python3.12/site-packages/airflow/example_dags/example_setup_teardown_taskflow.py
[2026-09-25T16:27:32.410+0000] {logging_mixin.py:190} INFO - [2026-09-25T16:27:32.409+0000] {dag.py:3239} INFO - Sync 1 DAGs
[2026-09-25T16:27:32.471+0000] {logging_mixin.py:190} INFO - [2026-09-25T16:27:32.468+0000] {dag.py:4180} INFO - Setting next_dagrun for example_setup_teardown_taskflow to None, run_after=None
[2026-09-25T16:27:32.533+0000] {processor.py:208} INFO - Processing /home/airflow/.local/lib/python3.12/site-packages/airflow/example_dags/example_setup_teardown_taskflow.py took 0.252 seconds
[2026-09-25T16:28:26.409+0000] {processor.py:186} INFO - Started process (PID=1002) to work on /home/airflow/.local/lib/python3.12/site-packages/airflow/example_dags/example_setup_teardown_taskflow.py
[2026-09-25T16:28:26.421+0000] {processor.py:914} INFO - Processing file /home/airflow/.local/lib/python3.12/site-packages/airflow/example_dags/example_setup_teardown_taskflow.py for tasks to queue
[2026-09-25T16:28:26.524+0000] {logging_mixin.py:190} INFO - [2026-09-25T16:28:26.500+0000] {dagbag.py:588} INFO - Filling up the DagBag from /home/airflow/.local/lib/python3.12/site-packages/airflow/example_dags/example_setup_teardown_taskflow.py
[2026-09-25T16:28:26.596+0000] {processor.py:925} INFO - DAG(s) 'example_setup_teardown_taskflow' retrieved from /home/airflow/.local/lib/python3.12/site-packages/airflow/example_dags/example_setup_teardown_taskflow.py
[2026-09-25T16:28:26.681+0000] {logging_mixin.py:190} INFO - [2026-09-25T16:28:26.681+0000] {dag.py:3239} INFO - Sync 1 DAGs
[2026-09-25T16:28:26.732+0000] {logging_mixin.py:190} INFO - [2026-09-25T16:28:26.732+0000] {dag.py:4180} INFO - Setting next_dagrun for example_setup_teardown_taskflow to None, run_after=None
[2026-09-25T16:28:26.817+0000] {processor.py:208} INFO - Processing /home/airflow/.local/lib/python3.12/site-packages/airflow/example_dags/example_setup_teardown_taskflow.py took 0.504 seconds
[2026-09-25T16:29:08.767+0000] {processor.py:186} INFO - Started process (PID=1068) to work on /home/airflow/.local/lib/python3.12/site-packages/airflow/example_dags/example_setup_teardown_taskflow.py
[2026-09-25T16:29:08.771+0000] {processor.py:914} INFO - Processing file /home/airflow/.local/lib/python3.12/site-packages/airflow/example_dags/example_setup_teardown_taskflow.py for tasks to queue
[2026-09-25T16:29:08.780+0000] {logging_mixin.py:190} INFO - [2026-09-25T16:29:08.779+0000] {dagbag.py:588} INFO - Filling up the DagBag from /home/airflow/.local/lib/python3.12/site-packages/airflow/example_dags/example_setup_teardown_taskflow.py
[2026-09-25T16:29:08.847+0000] {processor.py:925} INFO - DAG(s) 'example_setup_teardown_taskflow' retrieved from /home/airflow/.local/lib/python3.12/site-packages/airflow/example_dags/example_setup_teardown_taskflow.py
[2026-09-25T16:29:09.140+0000] {logging_mixin.py:190} INFO - [2026-09-25T16:29:09.139+0000] {dag.py:3239} INFO - Sync 1 DAGs
[2026-09-25T16:29:09.278+0000] {logging_mixin.py:190} INFO - [2026-09-25T16:29:09.276+0000] {dag.py:4180} INFO - Setting next_dagrun for example_setup_teardown_taskflow to None, run_after=None
[2026-09-25T16:29:09.426+0000] {processor.py:208} INFO - Processing /home/airflow/.local/lib/python3.12/site-packages/airflow/example_dags/example_setup_teardown_taskflow.py took 0.677 seconds
[2026-09-25T16:43:43.576+0000] {processor.py:186} INFO - Started process (PID=87) to work on /home/airflow/.local/lib/python3.12/site-packages/airflow/example_dags/example_setup_teardown_taskflow.py
[2026-09-25T16:43:43.580+0000] {processor.py:914} INFO - Processing file /home/airflow/.local/lib/python3.12/site-packages/airflow/example_dags/example_setup_teardown_taskflow.py for tasks to queue
[2026-09-25T16:43:43.589+0000] {logging_mixin.py:190} INFO - [2026-09-25T16:43:43.589+0000] {dagbag.py:588} INFO - Filling up the DagBag from /home/airflow/.local/lib/python3.12/site-packages/airflow/example_dags/example_setup_teardown_taskflow.py
[2026-09-25T16:43:43.674+0000] {processor.py:925} INFO - DAG(s) 'example_setup_teardown_taskflow' retrieved from /home/airflow/.local/lib/python3.12/site-packages/airflow/example_dags/example_setup_teardown_taskflow.py
[2026-09-25T16:43:43.774+0000] {logging_mixin.py:190} INFO - [2026-09-25T16:43:43.773+0000] {dag.py:3239} INFO - Sync 1 DAGs
[2026-09-25T16:43:43.871+0000] {logging_mixin.py:190} INFO - [2026-09-25T16:43:43.844+0000] {dag.py:4180} INFO - Setting next_dagrun for example_setup_teardown_taskflow to None, run_after=None
[2026-09-25T16:43:44.035+0000] {processor.py:208} INFO - Processing /home/airflow/.local/lib/python3.12/site-packages/airflow/example_dags/example_setup_teardown_taskflow.py took 0.483 seconds
[2026-09-25T16:44:14.937+0000] {processor.py:186} INFO - Started process (PID=150) to work on /home/airflow/.local/lib/python3.12/site-packages/airflow/example_dags/example_setup_teardown_taskflow.py
[2026-09-25T16:44:14.952+0000] {processor.py:914} INFO - Processing file /home/airflow/.local/lib/python3.12/site-packages/airflow/example_dags/example_setup_teardown_taskflow.py for tasks to queue
[2026-09-25T16:44:14.990+0000] {logging_mixin.py:190} INFO - [2026-09-25T16:44:14.975+0000] {dagbag.py:588} INFO - Filling up the DagBag from /home/airflow/.local/lib/python3.12/site-packages/airflow/example_dags/example_setup_teardown_taskflow.py
[2026-09-25T16:44:15.169+0000] {processor.py:925} INFO - DAG(s) 'example_setup_teardown_taskflow' retrieved from /home/airflow/.local/lib/python3.12/site-packages/airflow/example_dags/example_setup_teardown_taskflow.py
[2026-09-25T16:44:15.416+0000] {logging_mixin.py:190} INFO - [2026-09-25T16:44:15.416+0000] {dag.py:3239} INFO - Sync 1 DAGs
[2026-09-25T16:44:15.537+0000] {logging_mixin.py:190} INFO - [2026-09-25T16:44:15.537+0000] {dag.py:4180} INFO - Setting next_dagrun for example_setup_teardown_taskflow to None, run_after=None
[2026-09-25T16:44:15.640+0000] {processor.py:208} INFO - Processing /home/airflow/.local/lib/python3.12/site-packages/airflow/example_dags/example_setup_teardown_taskflow.py took 0.804 seconds
[2026-09-25T16:44:49.099+0000] {processor.py:186} INFO - Started process (PID=212) to work on /home/airflow/.local/lib/python3.12/site-packages/airflow/example_dags/example_setup_teardown_taskflow.py
[2026-09-25T16:44:49.128+0000] {processor.py:914} INFO - Processing file /home/airflow/.local/lib/python3.12/site-packages/airflow/example_dags/example_setup_teardown_taskflow.py for tasks to queue
[2026-09-25T16:44:49.216+0000] {logging_mixin.py:190} INFO - [2026-09-25T16:44:49.215+0000] {dagbag.py:588} INFO - Filling up the DagBag from /home/airflow/.local/lib/python3.12/site-packages/airflow/example_dags/example_setup_teardown_taskflow.py
[2026-09-25T16:44:49.342+0000] {processor.py:925} INFO - DAG(s) 'example_setup_teardown_taskflow' retrieved from /home/airflow/.local/lib/python3.12/site-packages/airflow/example_dags/example_setup_teardown_taskflow.py
[2026-09-25T16:44:49.768+0000] {logging_mixin.py:190} INFO - [2026-09-25T16:44:49.766+0000] {dag.py:3239} INFO - Sync 1 DAGs
[2026-09-25T16:44:50.184+0000] {logging_mixin.py:190} INFO - [2026-09-25T16:44:50.183+0000] {dag.py:4180} INFO - Setting next_dagrun for example_setup_teardown_taskflow to None, run_after=None
[2026-09-25T16:44:50.452+0000] {processor.py:208} INFO - Processing /home/airflow/.local/lib/python3.12/site-packages/airflow/example_dags/example_setup_teardown_taskflow.py took 1.502 seconds
[2026-09-25T16:45:20.674+0000] {processor.py:186} INFO - Started process (PID=275) to work on /home/airflow/.local/lib/python3.12/site-packages/airflow/example_dags/example_setup_teardown_taskflow.py
[2026-09-25T16:45:20.677+0000] {processor.py:914} INFO - Processing file /home/airflow/.local/lib/python3.12/site-packages/airflow/example_dags/example_setup_teardown_taskflow.py for tasks to queue
[2026-09-25T16:45:20.682+0000] {logging_mixin.py:190} INFO - [2026-09-25T16:45:20.681+0000] {dagbag.py:588} INFO - Filling up the DagBag from /home/airflow/.local/lib/python3.12/site-packages/airflow/example_dags/example_setup_teardown_taskflow.py
[2026-09-25T16:45:20.700+0000] {processor.py:925} INFO - DAG(s) 'example_setup_teardown_taskflow' retrieved from /home/airflow/.local/lib/python3.12/site-packages/airflow/example_dags/example_setup_teardown_taskflow.py
[2026-09-25T16:45:20.767+0000] {logging_mixin.py:190} INFO - [2026-09-25T16:45:20.766+0000] {dag.py:3239} INFO - Sync 1 DAGs
[2026-09-25T16:45:20.824+0000] {logging_mixin.py:190} INFO - [2026-09-25T16:45:20.822+0000] {dag.py:4180} INFO - Setting next_dagrun for example_setup_teardown_taskflow to None, run_after=None
[2026-09-25T16:45:20.878+0000] {processor.py:208} INFO - Processing /home/airflow/.local/lib/python3.12/site-packages/airflow/example_dags/example_setup_teardown_taskflow.py took 0.214 seconds
[2026-09-25T16:45:51.884+0000] {processor.py:186} INFO - Started process (PID=337) to work on /home/airflow/.local/lib/python3.12/site-packages/airflow/example_dags/example_setup_teardown_taskflow.py
[2026-09-25T16:45:51.888+0000] {processor.py:914} INFO - Processing file /home/airflow/.local/lib/python3.12/site-packages/airflow/example_dags/example_setup_teardown_taskflow.py for tasks to queue
[2026-09-25T16:45:51.893+0000] {logging_mixin.py:190} INFO - [2026-09-25T16:45:51.892+0000] {dagbag.py:588} INFO - Filling up the DagBag from /home/airflow/.local/lib/python3.12/site-packages/airflow/example_dags/example_setup_teardown_taskflow.py
[2026-09-25T16:45:51.922+0000] {processor.py:925} INFO - DAG(s) 'example_setup_teardown_taskflow' retrieved from /home/airflow/.local/lib/python3.12/site-packages/airflow/example_dags/example_setup_teardown_taskflow.py
[2026-09-25T16:45:51.967+0000] {logging_mixin.py:190} INFO - [2026-09-25T16:45:51.966+0000] {dag.py:3239} INFO - Sync 1 DAGs
[2026-09-25T16:45:52.001+0000] {logging_mixin.py:190} INFO - [2026-09-25T16:45:52.000+0000] {dag.py:4180} INFO - Setting next_dagrun for example_setup_teardown_taskflow to None, run_after=None
[2026-09-25T16:45:52.118+0000] {processor.py:208} INFO - Processing /home/airflow/.local/lib/python3.12/site-packages/airflow/example_dags/example_setup_teardown_taskflow.py took 0.248 seconds
[2026-09-25T16:46:25.438+0000] {processor.py:186} INFO - Started process (PID=399) to work on /home/airflow/.local/lib/python3.12/site-packages/airflow/example_dags/example_setup_teardown_taskflow.py
[2026-09-25T16:46:25.444+0000] {processor.py:914} INFO - Processing file /home/airflow/.local/lib/python3.12/site-packages/airflow/example_dags/example_setup_teardown_taskflow.py for tasks to queue
[2026-09-25T16:46:25.452+0000] {logging_mixin.py:190} INFO - [2026-09-25T16:46:25.451+0000] {dagbag.py:588} INFO - Filling up the DagBag from /home/airflow/.local/lib/python3.12/site-packages/airflow/example_dags/example_setup_teardown_taskflow.py
[2026-09-25T16:46:25.482+0000] {processor.py:925} INFO - DAG(s) 'example_setup_teardown_taskflow' retrieved from /home/airflow/.local/lib/python3.12/site-packages/airflow/example_dags/example_setup_teardown_taskflow.py
[2026-09-25T16:46:25.546+0000] {logging_mixin.py:190} INFO - [2026-09-25T16:46:25.545+0000] {dag.py:3239} INFO - Sync 1 DAGs
[2026-09-25T16:46:25.592+0000] {logging_mixin.py:190} INFO - [2026-09-25T16:46:25.592+0000] {dag.py:4180} INFO - Setting next_dagrun for example_setup_teardown_taskflow to None, run_after=None
[2026-09-25T16:46:25.654+0000] {processor.py:208} INFO - Processing /home/airflow/.local/lib/python3.12/site-packages/airflow/example_dags/example_setup_teardown_taskflow.py took 0.236 seconds
[2026-09-25T16:46:56.390+0000] {processor.py:186} INFO - Started process (PID=460) to work on /home/airflow/.local/lib/python3.12/site-packages/airflow/example_dags/example_setup_teardown_taskflow.py
[2026-09-25T16:46:56.394+0000] {processor.py:914} INFO - Processing file /home/airflow/.local/lib/python3.12/site-packages/airflow/example_dags/example_setup_teardown_taskflow.py for tasks to queue
[2026-09-25T16:46:56.409+0000] {logging_mixin.py:190} INFO - [2026-09-25T16:46:56.408+0000] {dagbag.py:588} INFO - Filling up the DagBag from /home/airflow/.local/lib/python3.12/site-packages/airflow/example_dags/example_setup_teardown_taskflow.py
[2026-09-25T16:46:56.449+0000] {processor.py:925} INFO - DAG(s) 'example_setup_teardown_taskflow' retrieved from /home/airflow/.local/lib/python3.12/site-packages/airflow/example_dags/example_setup_teardown_taskflow.py
[2026-09-25T16:46:56.544+0000] {logging_mixin.py:190} INFO - [2026-09-25T16:46:56.544+0000] {dag.py:3239} INFO - Sync 1 DAGs
[2026-09-25T16:46:56.630+0000] {logging_mixin.py:190} INFO - [2026-09-25T16:46:56.629+0000] {dag.py:4180} INFO - Setting next_dagrun for example_setup_teardown_taskflow to None, run_after=None
[2026-09-25T16:46:56.779+0000] {processor.py:208} INFO - Processing /home/airflow/.local/lib/python3.12/site-packages/airflow/example_dags/example_setup_teardown_taskflow.py took 0.406 seconds
[2026-09-25T16:47:36.459+0000] {processor.py:186} INFO - Started process (PID=522) to work on /home/airflow/.local/lib/python3.12/site-packages/airflow/example_dags/example_setup_teardown_taskflow.py
[2026-09-25T16:47:36.462+0000] {processor.py:914} INFO - Processing file /home/airflow/.local/lib/python3.12/site-packages/airflow/example_dags/example_setup_teardown_taskflow.py for tasks to queue
[2026-09-25T16:47:36.469+0000] {logging_mixin.py:190} INFO - [2026-09-25T16:47:36.468+0000] {dagbag.py:588} INFO - Filling up the DagBag from /home/airflow/.local/lib/python3.12/site-packages/airflow/example_dags/example_setup_teardown_taskflow.py
[2026-09-25T16:47:36.535+0000] {processor.py:925} INFO - DAG(s) 'example_setup_teardown_taskflow' retrieved from /home/airflow/.local/lib/python3.12/site-packages/airflow/example_dags/example_setup_teardown_taskflow.py
[2026-09-25T16:47:37.395+0000] {logging_mixin.py:190} INFO - [2026-09-25T16:47:37.370+0000] {dag.py:3239} INFO - Sync 1 DAGs
[2026-09-25T16:47:37.655+0000] {logging_mixin.py:190} INFO - [2026-09-25T16:47:37.654+0000] {dag.py:4180} INFO - Setting next_dagrun for example_setup_teardown_taskflow to None, run_after=None
[2026-09-25T16:47:37.992+0000] {processor.py:208} INFO - Processing /home/airflow/.local/lib/python3.12/site-packages/airflow/example_dags/example_setup_teardown_taskflow.py took 1.550 seconds
[2026-09-25T16:48:15.642+0000] {processor.py:186} INFO - Started process (PID=584) to work on /home/airflow/.local/lib/python3.12/site-packages/airflow/example_dags/example_setup_teardown_taskflow.py
[2026-09-25T16:48:15.645+0000] {processor.py:914} INFO - Processing file /home/airflow/.local/lib/python3.12/site-packages/airflow/example_dags/example_setup_teardown_taskflow.py for tasks to queue
[2026-09-25T16:48:15.654+0000] {logging_mixin.py:190} INFO - [2026-09-25T16:48:15.652+0000] {dagbag.py:588} INFO - Filling up the DagBag from /home/airflow/.local/lib/python3.12/site-packages/airflow/example_dags/example_setup_teardown_taskflow.py
[2026-09-25T16:48:15.687+0000] {processor.py:925} INFO - DAG(s) 'example_setup_teardown_taskflow' retrieved from /home/airflow/.local/lib/python3.12/site-packages/airflow/example_dags/example_setup_teardown_taskflow.py
[2026-09-25T16:48:15.764+0000] {logging_mixin.py:190} INFO - [2026-09-25T16:48:15.763+0000] {dag.py:3239} INFO - Sync 1 DAGs
[2026-09-25T16:48:15.825+0000] {logging_mixin.py:190} INFO - [2026-09-25T16:48:15.825+0000] {dag.py:4180} INFO - Setting next_dagrun for example_setup_teardown_taskflow to None, run_after=None
[2026-09-25T16:48:15.874+0000] {processor.py:208} INFO - Processing /home/airflow/.local/lib/python3.12/site-packages/airflow/example_dags/example_setup_teardown_taskflow.py took 0.250 seconds
[2026-09-25T16:48:46.685+0000] {processor.py:186} INFO - Started process (PID=646) to work on /home/airflow/.local/lib/python3.12/site-packages/airflow/example_dags/example_setup_teardown_taskflow.py
[2026-09-25T16:48:46.690+0000] {processor.py:914} INFO - Processing file /home/airflow/.local/lib/python3.12/site-packages/airflow/example_dags/example_setup_teardown_taskflow.py for tasks to queue
[2026-09-25T16:48:46.703+0000] {logging_mixin.py:190} INFO - [2026-09-25T16:48:46.700+0000] {dagbag.py:588} INFO - Filling up the DagBag from /home/airflow/.local/lib/python3.12/site-packages/airflow/example_dags/example_setup_teardown_taskflow.py
[2026-09-25T16:48:46.781+0000] {processor.py:925} INFO - DAG(s) 'example_setup_teardown_taskflow' retrieved from /home/airflow/.local/lib/python3.12/site-packages/airflow/example_dags/example_setup_teardown_taskflow.py
[2026-09-25T16:48:46.874+0000] {logging_mixin.py:190} INFO - [2026-09-25T16:48:46.874+0000] {dag.py:3239} INFO - Sync 1 DAGs
[2026-09-25T16:48:46.941+0000] {logging_mixin.py:190} INFO - [2026-09-25T16:48:46.941+0000] {dag.py:4180} INFO - Setting next_dagrun for example_setup_teardown_taskflow to None, run_after=None
[2026-09-25T16:48:46.996+0000] {processor.py:208} INFO - Processing /home/airflow/.local/lib/python3.12/site-packages/airflow/example_dags/example_setup_teardown_taskflow.py took 0.344 seconds
[2026-09-25T16:49:17.545+0000] {processor.py:186} INFO - Started process (PID=709) to work on /home/airflow/.local/lib/python3.12/site-packages/airflow/example_dags/example_setup_teardown_taskflow.py
[2026-09-25T16:49:17.547+0000] {processor.py:914} INFO - Processing file /home/airflow/.local/lib/python3.12/site-packages/airflow/example_dags/example_setup_teardown_taskflow.py for tasks to queue
[2026-09-25T16:49:17.555+0000] {logging_mixin.py:190} INFO - [2026-09-25T16:49:17.554+0000] {dagbag.py:588} INFO - Filling up the DagBag from /home/airflow/.local/lib/python3.12/site-packages/airflow/example_dags/example_setup_teardown_taskflow.py
[2026-09-25T16:49:17.595+0000] {processor.py:925} INFO - DAG(s) 'example_setup_teardown_taskflow' retrieved from /home/airflow/.local/lib/python3.12/site-packages/airflow/example_dags/example_setup_teardown_taskflow.py
[2026-09-25T16:49:17.641+0000] {logging_mixin.py:190} INFO - [2026-09-25T16:49:17.641+0000] {dag.py:3239} INFO - Sync 1 DAGs
[2026-09-25T16:49:17.681+0000] {logging_mixin.py:190} INFO - [2026-09-25T16:49:17.681+0000] {dag.py:4180} INFO - Setting next_dagrun for example_setup_teardown_taskflow to None, run_after=None
[2026-09-25T16:49:17.719+0000] {processor.py:208} INFO - Processing /home/airflow/.local/lib/python3.12/site-packages/airflow/example_dags/example_setup_teardown_taskflow.py took 0.188 seconds
[2026-09-25T16:56:50.551+0000] {processor.py:186} INFO - Started process (PID=94) to work on /home/airflow/.local/lib/python3.12/site-packages/airflow/example_dags/example_setup_teardown_taskflow.py
[2026-09-25T16:56:50.570+0000] {processor.py:914} INFO - Processing file /home/airflow/.local/lib/python3.12/site-packages/airflow/example_dags/example_setup_teardown_taskflow.py for tasks to queue
[2026-09-25T16:56:50.615+0000] {logging_mixin.py:190} INFO - [2026-09-25T16:56:50.614+0000] {dagbag.py:588} INFO - Filling up the DagBag from /home/airflow/.local/lib/python3.12/site-packages/airflow/example_dags/example_setup_teardown_taskflow.py
[2026-09-25T16:56:50.888+0000] {processor.py:925} INFO - DAG(s) 'example_setup_teardown_taskflow' retrieved from /home/airflow/.local/lib/python3.12/site-packages/airflow/example_dags/example_setup_teardown_taskflow.py
[2026-09-25T16:56:51.400+0000] {logging_mixin.py:190} INFO - [2026-09-25T16:56:51.399+0000] {dag.py:3239} INFO - Sync 1 DAGs
[2026-09-25T16:56:51.613+0000] {logging_mixin.py:190} INFO - [2026-09-25T16:56:51.613+0000] {dag.py:4180} INFO - Setting next_dagrun for example_setup_teardown_taskflow to None, run_after=None
[2026-09-25T16:56:52.633+0000] {processor.py:208} INFO - Processing /home/airflow/.local/lib/python3.12/site-packages/airflow/example_dags/example_setup_teardown_taskflow.py took 2.227 seconds
[2026-09-25T16:58:33.684+0000] {processor.py:186} INFO - Started process (PID=173) to work on /home/airflow/.local/lib/python3.12/site-packages/airflow/example_dags/example_setup_teardown_taskflow.py
[2026-09-25T16:58:33.686+0000] {processor.py:914} INFO - Processing file /home/airflow/.local/lib/python3.12/site-packages/airflow/example_dags/example_setup_teardown_taskflow.py for tasks to queue
[2026-09-25T16:58:33.691+0000] {logging_mixin.py:190} INFO - [2026-09-25T16:58:33.690+0000] {dagbag.py:588} INFO - Filling up the DagBag from /home/airflow/.local/lib/python3.12/site-packages/airflow/example_dags/example_setup_teardown_taskflow.py
[2026-09-25T16:58:33.718+0000] {processor.py:925} INFO - DAG(s) 'example_setup_teardown_taskflow' retrieved from /home/airflow/.local/lib/python3.12/site-packages/airflow/example_dags/example_setup_teardown_taskflow.py
[2026-09-25T16:58:33.775+0000] {logging_mixin.py:190} INFO - [2026-09-25T16:58:33.774+0000] {dag.py:3239} INFO - Sync 1 DAGs
[2026-09-25T16:58:33.811+0000] {logging_mixin.py:190} INFO - [2026-09-25T16:58:33.810+0000] {dag.py:4180} INFO - Setting next_dagrun for example_setup_teardown_taskflow to None, run_after=None
[2026-09-25T16:58:33.856+0000] {processor.py:208} INFO - Processing /home/airflow/.local/lib/python3.12/site-packages/airflow/example_dags/example_setup_teardown_taskflow.py took 0.186 seconds
[2026-09-25T16:59:04.673+0000] {processor.py:186} INFO - Started process (PID=236) to work on /home/airflow/.local/lib/python3.12/site-packages/airflow/example_dags/example_setup_teardown_taskflow.py
[2026-09-25T16:59:04.676+0000] {processor.py:914} INFO - Processing file /home/airflow/.local/lib/python3.12/site-packages/airflow/example_dags/example_setup_teardown_taskflow.py for tasks to queue
[2026-09-25T16:59:04.681+0000] {logging_mixin.py:190} INFO - [2026-09-25T16:59:04.681+0000] {dagbag.py:588} INFO - Filling up the DagBag from /home/airflow/.local/lib/python3.12/site-packages/airflow/example_dags/example_setup_teardown_taskflow.py
[2026-09-25T16:59:04.713+0000] {processor.py:925} INFO - DAG(s) 'example_setup_teardown_taskflow' retrieved from /home/airflow/.local/lib/python3.12/site-packages/airflow/example_dags/example_setup_teardown_taskflow.py
[2026-09-25T16:59:04.768+0000] {logging_mixin.py:190} INFO - [2026-09-25T16:59:04.768+0000] {dag.py:3239} INFO - Sync 1 DAGs
[2026-09-25T16:59:04.820+0000] {logging_mixin.py:190} INFO - [2026-09-25T16:59:04.820+0000] {dag.py:4180} INFO - Setting next_dagrun for example_setup_teardown_taskflow to None, run_after=None
[2026-09-25T16:59:04.864+0000] {processor.py:208} INFO - Processing /home/airflow/.local/lib/python3.12/site-packages/airflow/example_dags/example_setup_teardown_taskflow.py took 0.206 seconds
[2026-09-25T16:59:50.826+0000] {processor.py:186} INFO - Started process (PID=298) to work on /home/airflow/.local/lib/python3.12/site-packages/airflow/example_dags/example_setup_teardown_taskflow.py
[2026-09-25T16:59:50.829+0000] {processor.py:914} INFO - Processing file /home/airflow/.local/lib/python3.12/site-packages/airflow/example_dags/example_setup_teardown_taskflow.py for tasks to queue
[2026-09-25T16:59:50.833+0000] {logging_mixin.py:190} INFO - [2026-09-25T16:59:50.833+0000] {dagbag.py:588} INFO - Filling up the DagBag from /home/airflow/.local/lib/python3.12/site-packages/airflow/example_dags/example_setup_teardown_taskflow.py
[2026-09-25T16:59:50.852+0000] {processor.py:925} INFO - DAG(s) 'example_setup_teardown_taskflow' retrieved from /home/airflow/.local/lib/python3.12/site-packages/airflow/example_dags/example_setup_teardown_taskflow.py
[2026-09-25T16:59:50.889+0000] {logging_mixin.py:190} INFO - [2026-09-25T16:59:50.889+0000] {dag.py:3239} INFO - Sync 1 DAGs
[2026-09-25T16:59:50.913+0000] {logging_mixin.py:190} INFO - [2026-09-25T16:59:50.912+0000] {dag.py:4180} INFO - Setting next_dagrun for example_setup_teardown_taskflow to None, run_after=None
[2026-09-25T16:59:50.950+0000] {processor.py:208} INFO - Processing /home/airflow/.local/lib/python3.12/site-packages/airflow/example_dags/example_setup_teardown_taskflow.py took 0.137 seconds
[2026-09-25T17:00:21.533+0000] {processor.py:186} INFO - Started process (PID=362) to work on /home/airflow/.local/lib/python3.12/site-packages/airflow/example_dags/example_setup_teardown_taskflow.py
[2026-09-25T17:00:21.561+0000] {processor.py:914} INFO - Processing file /home/airflow/.local/lib/python3.12/site-packages/airflow/example_dags/example_setup_teardown_taskflow.py for tasks to queue
[2026-09-25T17:00:21.594+0000] {logging_mixin.py:190} INFO - [2026-09-25T17:00:21.593+0000] {dagbag.py:588} INFO - Filling up the DagBag from /home/airflow/.local/lib/python3.12/site-packages/airflow/example_dags/example_setup_teardown_taskflow.py
[2026-09-25T17:00:21.873+0000] {processor.py:925} INFO - DAG(s) 'example_setup_teardown_taskflow' retrieved from /home/airflow/.local/lib/python3.12/site-packages/airflow/example_dags/example_setup_teardown_taskflow.py
[2026-09-25T17:00:22.150+0000] {logging_mixin.py:190} INFO - [2026-09-25T17:00:22.149+0000] {dag.py:3239} INFO - Sync 1 DAGs
[2026-09-25T17:00:22.321+0000] {logging_mixin.py:190} INFO - [2026-09-25T17:00:22.321+0000] {dag.py:4180} INFO - Setting next_dagrun for example_setup_teardown_taskflow to None, run_after=None
[2026-09-25T17:00:22.463+0000] {processor.py:208} INFO - Processing /home/airflow/.local/lib/python3.12/site-packages/airflow/example_dags/example_setup_teardown_taskflow.py took 0.999 seconds
[2026-09-25T17:00:55.154+0000] {processor.py:186} INFO - Started process (PID=425) to work on /home/airflow/.local/lib/python3.12/site-packages/airflow/example_dags/example_setup_teardown_taskflow.py
[2026-09-25T17:00:55.157+0000] {processor.py:914} INFO - Processing file /home/airflow/.local/lib/python3.12/site-packages/airflow/example_dags/example_setup_teardown_taskflow.py for tasks to queue
[2026-09-25T17:00:55.162+0000] {logging_mixin.py:190} INFO - [2026-09-25T17:00:55.161+0000] {dagbag.py:588} INFO - Filling up the DagBag from /home/airflow/.local/lib/python3.12/site-packages/airflow/example_dags/example_setup_teardown_taskflow.py
[2026-09-25T17:00:55.191+0000] {processor.py:925} INFO - DAG(s) 'example_setup_teardown_taskflow' retrieved from /home/airflow/.local/lib/python3.12/site-packages/airflow/example_dags/example_setup_teardown_taskflow.py
[2026-09-25T17:00:55.272+0000] {logging_mixin.py:190} INFO - [2026-09-25T17:00:55.271+0000] {dag.py:3239} INFO - Sync 1 DAGs
[2026-09-25T17:00:55.294+0000] {logging_mixin.py:190} INFO - [2026-09-25T17:00:55.294+0000] {dag.py:4180} INFO - Setting next_dagrun for example_setup_teardown_taskflow to None, run_after=None
[2026-09-25T17:00:55.329+0000] {processor.py:208} INFO - Processing /home/airflow/.local/lib/python3.12/site-packages/airflow/example_dags/example_setup_teardown_taskflow.py took 0.267 seconds
[2026-09-25T17:01:27.555+0000] {processor.py:186} INFO - Started process (PID=487) to work on /home/airflow/.local/lib/python3.12/site-packages/airflow/example_dags/example_setup_teardown_taskflow.py
[2026-09-25T17:01:27.558+0000] {processor.py:914} INFO - Processing file /home/airflow/.local/lib/python3.12/site-packages/airflow/example_dags/example_setup_teardown_taskflow.py for tasks to queue
[2026-09-25T17:01:27.563+0000] {logging_mixin.py:190} INFO - [2026-09-25T17:01:27.562+0000] {dagbag.py:588} INFO - Filling up the DagBag from /home/airflow/.local/lib/python3.12/site-packages/airflow/example_dags/example_setup_teardown_taskflow.py
[2026-09-25T17:01:27.593+0000] {processor.py:925} INFO - DAG(s) 'example_setup_teardown_taskflow' retrieved from /home/airflow/.local/lib/python3.12/site-packages/airflow/example_dags/example_setup_teardown_taskflow.py
[2026-09-25T17:01:27.661+0000] {logging_mixin.py:190} INFO - [2026-09-25T17:01:27.660+0000] {dag.py:3239} INFO - Sync 1 DAGs
[2026-09-25T17:01:27.700+0000] {logging_mixin.py:190} INFO - [2026-09-25T17:01:27.699+0000] {dag.py:4180} INFO - Setting next_dagrun for example_setup_teardown_taskflow to None, run_after=None
[2026-09-25T17:01:27.741+0000] {processor.py:208} INFO - Processing /home/airflow/.local/lib/python3.12/site-packages/airflow/example_dags/example_setup_teardown_taskflow.py took 0.203 seconds
[2026-09-25T17:02:00.338+0000] {processor.py:186} INFO - Started process (PID=550) to work on /home/airflow/.local/lib/python3.12/site-packages/airflow/example_dags/example_setup_teardown_taskflow.py
[2026-09-25T17:02:00.342+0000] {processor.py:914} INFO - Processing file /home/airflow/.local/lib/python3.12/site-packages/airflow/example_dags/example_setup_teardown_taskflow.py for tasks to queue
[2026-09-25T17:02:00.349+0000] {logging_mixin.py:190} INFO - [2026-09-25T17:02:00.348+0000] {dagbag.py:588} INFO - Filling up the DagBag from /home/airflow/.local/lib/python3.12/site-packages/airflow/example_dags/example_setup_teardown_taskflow.py
[2026-09-25T17:02:00.369+0000] {processor.py:925} INFO - DAG(s) 'example_setup_teardown_taskflow' retrieved from /home/airflow/.local/lib/python3.12/site-packages/airflow/example_dags/example_setup_teardown_taskflow.py
[2026-09-25T17:02:00.421+0000] {logging_mixin.py:190} INFO - [2026-09-25T17:02:00.421+0000] {dag.py:3239} INFO - Sync 1 DAGs
[2026-09-25T17:02:00.450+0000] {logging_mixin.py:190} INFO - [2026-09-25T17:02:00.450+0000] {dag.py:4180} INFO - Setting next_dagrun for example_setup_teardown_taskflow to None, run_after=None
[2026-09-25T17:02:00.519+0000] {processor.py:208} INFO - Processing /home/airflow/.local/lib/python3.12/site-packages/airflow/example_dags/example_setup_teardown_taskflow.py took 0.199 seconds
[2026-09-25T17:02:38.361+0000] {processor.py:186} INFO - Started process (PID=619) to work on /home/airflow/.local/lib/python3.12/site-packages/airflow/example_dags/example_setup_teardown_taskflow.py
[2026-09-25T17:02:38.365+0000] {processor.py:914} INFO - Processing file /home/airflow/.local/lib/python3.12/site-packages/airflow/example_dags/example_setup_teardown_taskflow.py for tasks to queue
[2026-09-25T17:02:38.372+0000] {logging_mixin.py:190} INFO - [2026-09-25T17:02:38.371+0000] {dagbag.py:588} INFO - Filling up the DagBag from /home/airflow/.local/lib/python3.12/site-packages/airflow/example_dags/example_setup_teardown_taskflow.py
[2026-09-25T17:02:38.400+0000] {processor.py:925} INFO - DAG(s) 'example_setup_teardown_taskflow' retrieved from /home/airflow/.local/lib/python3.12/site-packages/airflow/example_dags/example_setup_teardown_taskflow.py
[2026-09-25T17:02:38.463+0000] {logging_mixin.py:190} INFO - [2026-09-25T17:02:38.463+0000] {dag.py:3239} INFO - Sync 1 DAGs
[2026-09-25T17:02:38.500+0000] {logging_mixin.py:190} INFO - [2026-09-25T17:02:38.500+0000] {dag.py:4180} INFO - Setting next_dagrun for example_setup_teardown_taskflow to None, run_after=None
[2026-09-25T17:02:38.558+0000] {processor.py:208} INFO - Processing /home/airflow/.local/lib/python3.12/site-packages/airflow/example_dags/example_setup_teardown_taskflow.py took 0.224 seconds
[2026-09-25T17:03:09.235+0000] {processor.py:186} INFO - Started process (PID=682) to work on /home/airflow/.local/lib/python3.12/site-packages/airflow/example_dags/example_setup_teardown_taskflow.py
[2026-09-25T17:03:09.240+0000] {processor.py:914} INFO - Processing file /home/airflow/.local/lib/python3.12/site-packages/airflow/example_dags/example_setup_teardown_taskflow.py for tasks to queue
[2026-09-25T17:03:09.251+0000] {logging_mixin.py:190} INFO - [2026-09-25T17:03:09.249+0000] {dagbag.py:588} INFO - Filling up the DagBag from /home/airflow/.local/lib/python3.12/site-packages/airflow/example_dags/example_setup_teardown_taskflow.py
[2026-09-25T17:03:09.278+0000] {processor.py:925} INFO - DAG(s) 'example_setup_teardown_taskflow' retrieved from /home/airflow/.local/lib/python3.12/site-packages/airflow/example_dags/example_setup_teardown_taskflow.py
[2026-09-25T17:03:09.347+0000] {logging_mixin.py:190} INFO - [2026-09-25T17:03:09.346+0000] {dag.py:3239} INFO - Sync 1 DAGs
[2026-09-25T17:03:09.375+0000] {logging_mixin.py:190} INFO - [2026-09-25T17:03:09.375+0000] {dag.py:4180} INFO - Setting next_dagrun for example_setup_teardown_taskflow to None, run_after=None
[2026-09-25T17:03:09.417+0000] {processor.py:208} INFO - Processing /home/airflow/.local/lib/python3.12/site-packages/airflow/example_dags/example_setup_teardown_taskflow.py took 0.232 seconds
[2026-09-25T17:03:41.896+0000] {processor.py:186} INFO - Started process (PID=745) to work on /home/airflow/.local/lib/python3.12/site-packages/airflow/example_dags/example_setup_teardown_taskflow.py
[2026-09-25T17:03:41.913+0000] {processor.py:914} INFO - Processing file /home/airflow/.local/lib/python3.12/site-packages/airflow/example_dags/example_setup_teardown_taskflow.py for tasks to queue
[2026-09-25T17:03:41.923+0000] {logging_mixin.py:190} INFO - [2026-09-25T17:03:41.922+0000] {dagbag.py:588} INFO - Filling up the DagBag from /home/airflow/.local/lib/python3.12/site-packages/airflow/example_dags/example_setup_teardown_taskflow.py
[2026-09-25T17:03:42.189+0000] {processor.py:925} INFO - DAG(s) 'example_setup_teardown_taskflow' retrieved from /home/airflow/.local/lib/python3.12/site-packages/airflow/example_dags/example_setup_teardown_taskflow.py
[2026-09-25T17:03:42.293+0000] {logging_mixin.py:190} INFO - [2026-09-25T17:03:42.293+0000] {dag.py:3239} INFO - Sync 1 DAGs
[2026-09-25T17:03:42.319+0000] {logging_mixin.py:190} INFO - [2026-09-25T17:03:42.319+0000] {dag.py:4180} INFO - Setting next_dagrun for example_setup_teardown_taskflow to None, run_after=None
[2026-09-25T17:03:42.352+0000] {processor.py:208} INFO - Processing /home/airflow/.local/lib/python3.12/site-packages/airflow/example_dags/example_setup_teardown_taskflow.py took 0.490 seconds
[2026-09-25T17:04:13.455+0000] {processor.py:186} INFO - Started process (PID=808) to work on /home/airflow/.local/lib/python3.12/site-packages/airflow/example_dags/example_setup_teardown_taskflow.py
[2026-09-25T17:04:13.457+0000] {processor.py:914} INFO - Processing file /home/airflow/.local/lib/python3.12/site-packages/airflow/example_dags/example_setup_teardown_taskflow.py for tasks to queue
[2026-09-25T17:04:13.462+0000] {logging_mixin.py:190} INFO - [2026-09-25T17:04:13.462+0000] {dagbag.py:588} INFO - Filling up the DagBag from /home/airflow/.local/lib/python3.12/site-packages/airflow/example_dags/example_setup_teardown_taskflow.py
[2026-09-25T17:04:13.482+0000] {processor.py:925} INFO - DAG(s) 'example_setup_teardown_taskflow' retrieved from /home/airflow/.local/lib/python3.12/site-packages/airflow/example_dags/example_setup_teardown_taskflow.py
[2026-09-25T17:04:13.527+0000] {logging_mixin.py:190} INFO - [2026-09-25T17:04:13.527+0000] {dag.py:3239} INFO - Sync 1 DAGs
[2026-09-25T17:04:13.595+0000] {logging_mixin.py:190} INFO - [2026-09-25T17:04:13.595+0000] {dag.py:4180} INFO - Setting next_dagrun for example_setup_teardown_taskflow to None, run_after=None
[2026-09-25T17:04:13.658+0000] {processor.py:208} INFO - Processing /home/airflow/.local/lib/python3.12/site-packages/airflow/example_dags/example_setup_teardown_taskflow.py took 0.217 seconds
[2026-09-25T17:04:56.279+0000] {processor.py:186} INFO - Started process (PID=869) to work on /home/airflow/.local/lib/python3.12/site-packages/airflow/example_dags/example_setup_teardown_taskflow.py
[2026-09-25T17:04:56.282+0000] {processor.py:914} INFO - Processing file /home/airflow/.local/lib/python3.12/site-packages/airflow/example_dags/example_setup_teardown_taskflow.py for tasks to queue
[2026-09-25T17:04:56.289+0000] {logging_mixin.py:190} INFO - [2026-09-25T17:04:56.287+0000] {dagbag.py:588} INFO - Filling up the DagBag from /home/airflow/.local/lib/python3.12/site-packages/airflow/example_dags/example_setup_teardown_taskflow.py
[2026-09-25T17:04:56.319+0000] {processor.py:925} INFO - DAG(s) 'example_setup_teardown_taskflow' retrieved from /home/airflow/.local/lib/python3.12/site-packages/airflow/example_dags/example_setup_teardown_taskflow.py
[2026-09-25T17:04:56.387+0000] {logging_mixin.py:190} INFO - [2026-09-25T17:04:56.386+0000] {dag.py:3239} INFO - Sync 1 DAGs
[2026-09-25T17:04:56.436+0000] {logging_mixin.py:190} INFO - [2026-09-25T17:04:56.433+0000] {dag.py:4180} INFO - Setting next_dagrun for example_setup_teardown_taskflow to None, run_after=None
[2026-09-25T17:04:56.491+0000] {processor.py:208} INFO - Processing /home/airflow/.local/lib/python3.12/site-packages/airflow/example_dags/example_setup_teardown_taskflow.py took 0.226 seconds
[2026-09-25T17:05:32.468+0000] {processor.py:186} INFO - Started process (PID=931) to work on /home/airflow/.local/lib/python3.12/site-packages/airflow/example_dags/example_setup_teardown_taskflow.py
[2026-09-25T17:05:32.478+0000] {processor.py:914} INFO - Processing file /home/airflow/.local/lib/python3.12/site-packages/airflow/example_dags/example_setup_teardown_taskflow.py for tasks to queue
[2026-09-25T17:05:32.483+0000] {logging_mixin.py:190} INFO - [2026-09-25T17:05:32.482+0000] {dagbag.py:588} INFO - Filling up the DagBag from /home/airflow/.local/lib/python3.12/site-packages/airflow/example_dags/example_setup_teardown_taskflow.py
[2026-09-25T17:05:32.519+0000] {processor.py:925} INFO - DAG(s) 'example_setup_teardown_taskflow' retrieved from /home/airflow/.local/lib/python3.12/site-packages/airflow/example_dags/example_setup_teardown_taskflow.py
[2026-09-25T17:05:32.583+0000] {logging_mixin.py:190} INFO - [2026-09-25T17:05:32.583+0000] {dag.py:3239} INFO - Sync 1 DAGs
[2026-09-25T17:05:32.631+0000] {logging_mixin.py:190} INFO - [2026-09-25T17:05:32.630+0000] {dag.py:4180} INFO - Setting next_dagrun for example_setup_teardown_taskflow to None, run_after=None
[2026-09-25T17:05:32.712+0000] {processor.py:208} INFO - Processing /home/airflow/.local/lib/python3.12/site-packages/airflow/example_dags/example_setup_teardown_taskflow.py took 0.263 seconds
[2026-09-25T17:06:05.813+0000] {processor.py:186} INFO - Started process (PID=1004) to work on /home/airflow/.local/lib/python3.12/site-packages/airflow/example_dags/example_setup_teardown_taskflow.py
[2026-09-25T17:06:05.816+0000] {processor.py:914} INFO - Processing file /home/airflow/.local/lib/python3.12/site-packages/airflow/example_dags/example_setup_teardown_taskflow.py for tasks to queue
[2026-09-25T17:06:05.823+0000] {logging_mixin.py:190} INFO - [2026-09-25T17:06:05.822+0000] {dagbag.py:588} INFO - Filling up the DagBag from /home/airflow/.local/lib/python3.12/site-packages/airflow/example_dags/example_setup_teardown_taskflow.py
[2026-09-25T17:06:05.849+0000] {processor.py:925} INFO - DAG(s) 'example_setup_teardown_taskflow' retrieved from /home/airflow/.local/lib/python3.12/site-packages/airflow/example_dags/example_setup_teardown_taskflow.py
[2026-09-25T17:06:05.904+0000] {logging_mixin.py:190} INFO - [2026-09-25T17:06:05.903+0000] {dag.py:3239} INFO - Sync 1 DAGs
[2026-09-25T17:06:05.943+0000] {logging_mixin.py:190} INFO - [2026-09-25T17:06:05.943+0000] {dag.py:4180} INFO - Setting next_dagrun for example_setup_teardown_taskflow to None, run_after=None
[2026-09-25T17:06:06.019+0000] {processor.py:208} INFO - Processing /home/airflow/.local/lib/python3.12/site-packages/airflow/example_dags/example_setup_teardown_taskflow.py took 0.220 seconds
[2026-09-25T17:06:47.444+0000] {processor.py:186} INFO - Started process (PID=1070) to work on /home/airflow/.local/lib/python3.12/site-packages/airflow/example_dags/example_setup_teardown_taskflow.py
[2026-09-25T17:06:47.448+0000] {processor.py:914} INFO - Processing file /home/airflow/.local/lib/python3.12/site-packages/airflow/example_dags/example_setup_teardown_taskflow.py for tasks to queue
[2026-09-25T17:06:47.453+0000] {logging_mixin.py:190} INFO - [2026-09-25T17:06:47.453+0000] {dagbag.py:588} INFO - Filling up the DagBag from /home/airflow/.local/lib/python3.12/site-packages/airflow/example_dags/example_setup_teardown_taskflow.py
[2026-09-25T17:06:47.481+0000] {processor.py:925} INFO - DAG(s) 'example_setup_teardown_taskflow' retrieved from /home/airflow/.local/lib/python3.12/site-packages/airflow/example_dags/example_setup_teardown_taskflow.py
[2026-09-25T17:06:47.534+0000] {logging_mixin.py:190} INFO - [2026-09-25T17:06:47.533+0000] {dag.py:3239} INFO - Sync 1 DAGs
[2026-09-25T17:06:47.579+0000] {logging_mixin.py:190} INFO - [2026-09-25T17:06:47.579+0000] {dag.py:4180} INFO - Setting next_dagrun for example_setup_teardown_taskflow to None, run_after=None
[2026-09-25T17:06:47.626+0000] {processor.py:208} INFO - Processing /home/airflow/.local/lib/python3.12/site-packages/airflow/example_dags/example_setup_teardown_taskflow.py took 0.197 seconds
[2026-09-25T17:07:18.240+0000] {processor.py:186} INFO - Started process (PID=1131) to work on /home/airflow/.local/lib/python3.12/site-packages/airflow/example_dags/example_setup_teardown_taskflow.py
[2026-09-25T17:07:18.243+0000] {processor.py:914} INFO - Processing file /home/airflow/.local/lib/python3.12/site-packages/airflow/example_dags/example_setup_teardown_taskflow.py for tasks to queue
[2026-09-25T17:07:18.256+0000] {logging_mixin.py:190} INFO - [2026-09-25T17:07:18.255+0000] {dagbag.py:588} INFO - Filling up the DagBag from /home/airflow/.local/lib/python3.12/site-packages/airflow/example_dags/example_setup_teardown_taskflow.py
[2026-09-25T17:07:18.302+0000] {processor.py:925} INFO - DAG(s) 'example_setup_teardown_taskflow' retrieved from /home/airflow/.local/lib/python3.12/site-packages/airflow/example_dags/example_setup_teardown_taskflow.py
[2026-09-25T17:07:18.346+0000] {logging_mixin.py:190} INFO - [2026-09-25T17:07:18.345+0000] {dag.py:3239} INFO - Sync 1 DAGs
[2026-09-25T17:07:18.377+0000] {logging_mixin.py:190} INFO - [2026-09-25T17:07:18.376+0000] {dag.py:4180} INFO - Setting next_dagrun for example_setup_teardown_taskflow to None, run_after=None
[2026-09-25T17:07:18.412+0000] {processor.py:208} INFO - Processing /home/airflow/.local/lib/python3.12/site-packages/airflow/example_dags/example_setup_teardown_taskflow.py took 0.187 seconds
[2026-09-25T17:07:48.645+0000] {processor.py:186} INFO - Started process (PID=1194) to work on /home/airflow/.local/lib/python3.12/site-packages/airflow/example_dags/example_setup_teardown_taskflow.py
[2026-09-25T17:07:48.648+0000] {processor.py:914} INFO - Processing file /home/airflow/.local/lib/python3.12/site-packages/airflow/example_dags/example_setup_teardown_taskflow.py for tasks to queue
[2026-09-25T17:07:48.653+0000] {logging_mixin.py:190} INFO - [2026-09-25T17:07:48.652+0000] {dagbag.py:588} INFO - Filling up the DagBag from /home/airflow/.local/lib/python3.12/site-packages/airflow/example_dags/example_setup_teardown_taskflow.py
[2026-09-25T17:07:48.687+0000] {processor.py:925} INFO - DAG(s) 'example_setup_teardown_taskflow' retrieved from /home/airflow/.local/lib/python3.12/site-packages/airflow/example_dags/example_setup_teardown_taskflow.py
[2026-09-25T17:07:49.114+0000] {logging_mixin.py:190} INFO - [2026-09-25T17:07:49.114+0000] {dag.py:3239} INFO - Sync 1 DAGs
[2026-09-25T17:07:49.196+0000] {logging_mixin.py:190} INFO - [2026-09-25T17:07:49.196+0000] {dag.py:4180} INFO - Setting next_dagrun for example_setup_teardown_taskflow to None, run_after=None
[2026-09-25T17:07:49.334+0000] {processor.py:208} INFO - Processing /home/airflow/.local/lib/python3.12/site-packages/airflow/example_dags/example_setup_teardown_taskflow.py took 0.701 seconds
[2026-09-25T17:08:19.409+0000] {processor.py:186} INFO - Started process (PID=1256) to work on /home/airflow/.local/lib/python3.12/site-packages/airflow/example_dags/example_setup_teardown_taskflow.py
[2026-09-25T17:08:19.412+0000] {processor.py:914} INFO - Processing file /home/airflow/.local/lib/python3.12/site-packages/airflow/example_dags/example_setup_teardown_taskflow.py for tasks to queue
[2026-09-25T17:08:19.416+0000] {logging_mixin.py:190} INFO - [2026-09-25T17:08:19.416+0000] {dagbag.py:588} INFO - Filling up the DagBag from /home/airflow/.local/lib/python3.12/site-packages/airflow/example_dags/example_setup_teardown_taskflow.py
[2026-09-25T17:08:19.438+0000] {processor.py:925} INFO - DAG(s) 'example_setup_teardown_taskflow' retrieved from /home/airflow/.local/lib/python3.12/site-packages/airflow/example_dags/example_setup_teardown_taskflow.py
[2026-09-25T17:08:19.484+0000] {logging_mixin.py:190} INFO - [2026-09-25T17:08:19.484+0000] {dag.py:3239} INFO - Sync 1 DAGs
[2026-09-25T17:08:19.514+0000] {logging_mixin.py:190} INFO - [2026-09-25T17:08:19.513+0000] {dag.py:4180} INFO - Setting next_dagrun for example_setup_teardown_taskflow to None, run_after=None
[2026-09-25T17:08:19.550+0000] {processor.py:208} INFO - Processing /home/airflow/.local/lib/python3.12/site-packages/airflow/example_dags/example_setup_teardown_taskflow.py took 0.156 seconds
[2026-09-25T17:08:57.772+0000] {processor.py:186} INFO - Started process (PID=1325) to work on /home/airflow/.local/lib/python3.12/site-packages/airflow/example_dags/example_setup_teardown_taskflow.py
[2026-09-25T17:08:57.774+0000] {processor.py:914} INFO - Processing file /home/airflow/.local/lib/python3.12/site-packages/airflow/example_dags/example_setup_teardown_taskflow.py for tasks to queue
[2026-09-25T17:08:57.780+0000] {logging_mixin.py:190} INFO - [2026-09-25T17:08:57.779+0000] {dagbag.py:588} INFO - Filling up the DagBag from /home/airflow/.local/lib/python3.12/site-packages/airflow/example_dags/example_setup_teardown_taskflow.py
[2026-09-25T17:08:57.819+0000] {processor.py:925} INFO - DAG(s) 'example_setup_teardown_taskflow' retrieved from /home/airflow/.local/lib/python3.12/site-packages/airflow/example_dags/example_setup_teardown_taskflow.py
[2026-09-25T17:08:57.894+0000] {logging_mixin.py:190} INFO - [2026-09-25T17:08:57.893+0000] {dag.py:3239} INFO - Sync 1 DAGs
[2026-09-25T17:08:57.942+0000] {logging_mixin.py:190} INFO - [2026-09-25T17:08:57.942+0000] {dag.py:4180} INFO - Setting next_dagrun for example_setup_teardown_taskflow to None, run_after=None
[2026-09-25T17:08:57.990+0000] {processor.py:208} INFO - Processing /home/airflow/.local/lib/python3.12/site-packages/airflow/example_dags/example_setup_teardown_taskflow.py took 0.229 seconds
[2026-09-25T17:09:52.258+0000] {processor.py:186} INFO - Started process (PID=1400) to work on /home/airflow/.local/lib/python3.12/site-packages/airflow/example_dags/example_setup_teardown_taskflow.py
[2026-09-25T17:09:52.261+0000] {processor.py:914} INFO - Processing file /home/airflow/.local/lib/python3.12/site-packages/airflow/example_dags/example_setup_teardown_taskflow.py for tasks to queue
[2026-09-25T17:09:52.267+0000] {logging_mixin.py:190} INFO - [2026-09-25T17:09:52.267+0000] {dagbag.py:588} INFO - Filling up the DagBag from /home/airflow/.local/lib/python3.12/site-packages/airflow/example_dags/example_setup_teardown_taskflow.py
[2026-09-25T17:09:52.312+0000] {processor.py:925} INFO - DAG(s) 'example_setup_teardown_taskflow' retrieved from /home/airflow/.local/lib/python3.12/site-packages/airflow/example_dags/example_setup_teardown_taskflow.py
[2026-09-25T17:09:52.425+0000] {logging_mixin.py:190} INFO - [2026-09-25T17:09:52.425+0000] {dag.py:3239} INFO - Sync 1 DAGs
[2026-09-25T17:09:52.531+0000] {logging_mixin.py:190} INFO - [2026-09-25T17:09:52.529+0000] {dag.py:4180} INFO - Setting next_dagrun for example_setup_teardown_taskflow to None, run_after=None
[2026-09-25T17:09:52.614+0000] {processor.py:208} INFO - Processing /home/airflow/.local/lib/python3.12/site-packages/airflow/example_dags/example_setup_teardown_taskflow.py took 0.387 seconds
[2026-09-25T17:12:00.089+0000] {processor.py:186} INFO - Started process (PID=1479) to work on /home/airflow/.local/lib/python3.12/site-packages/airflow/example_dags/example_setup_teardown_taskflow.py
[2026-09-25T17:12:00.119+0000] {processor.py:914} INFO - Processing file /home/airflow/.local/lib/python3.12/site-packages/airflow/example_dags/example_setup_teardown_taskflow.py for tasks to queue
[2026-09-25T17:12:00.354+0000] {logging_mixin.py:190} INFO - [2026-09-25T17:12:00.322+0000] {dagbag.py:588} INFO - Filling up the DagBag from /home/airflow/.local/lib/python3.12/site-packages/airflow/example_dags/example_setup_teardown_taskflow.py
[2026-09-25T17:12:01.353+0000] {processor.py:925} INFO - DAG(s) 'example_setup_teardown_taskflow' retrieved from /home/airflow/.local/lib/python3.12/site-packages/airflow/example_dags/example_setup_teardown_taskflow.py
[2026-09-25T17:12:01.701+0000] {logging_mixin.py:190} INFO - [2026-09-25T17:12:01.696+0000] {dag.py:3239} INFO - Sync 1 DAGs
[2026-09-25T17:12:02.137+0000] {logging_mixin.py:190} INFO - [2026-09-25T17:12:02.136+0000] {dag.py:4180} INFO - Setting next_dagrun for example_setup_teardown_taskflow to None, run_after=None
[2026-09-25T17:12:02.595+0000] {processor.py:208} INFO - Processing /home/airflow/.local/lib/python3.12/site-packages/airflow/example_dags/example_setup_teardown_taskflow.py took 2.820 seconds
[2026-09-25T17:14:54.379+0000] {processor.py:186} INFO - Started process (PID=1582) to work on /home/airflow/.local/lib/python3.12/site-packages/airflow/example_dags/example_setup_teardown_taskflow.py
[2026-09-25T17:14:54.381+0000] {processor.py:914} INFO - Processing file /home/airflow/.local/lib/python3.12/site-packages/airflow/example_dags/example_setup_teardown_taskflow.py for tasks to queue
[2026-09-25T17:14:54.391+0000] {logging_mixin.py:190} INFO - [2026-09-25T17:14:54.389+0000] {dagbag.py:588} INFO - Filling up the DagBag from /home/airflow/.local/lib/python3.12/site-packages/airflow/example_dags/example_setup_teardown_taskflow.py
[2026-09-25T17:14:54.425+0000] {processor.py:925} INFO - DAG(s) 'example_setup_teardown_taskflow' retrieved from /home/airflow/.local/lib/python3.12/site-packages/airflow/example_dags/example_setup_teardown_taskflow.py
[2026-09-25T17:14:54.713+0000] {logging_mixin.py:190} INFO - [2026-09-25T17:14:54.711+0000] {dag.py:3239} INFO - Sync 1 DAGs
[2026-09-25T17:14:55.222+0000] {logging_mixin.py:190} INFO - [2026-09-25T17:14:55.222+0000] {dag.py:4180} INFO - Setting next_dagrun for example_setup_teardown_taskflow to None, run_after=None
[2026-09-25T17:14:55.799+0000] {processor.py:208} INFO - Processing /home/airflow/.local/lib/python3.12/site-packages/airflow/example_dags/example_setup_teardown_taskflow.py took 1.452 seconds
[2026-09-25T17:15:32.890+0000] {processor.py:186} INFO - Started process (PID=1651) to work on /home/airflow/.local/lib/python3.12/site-packages/airflow/example_dags/example_setup_teardown_taskflow.py
[2026-09-25T17:15:32.909+0000] {processor.py:914} INFO - Processing file /home/airflow/.local/lib/python3.12/site-packages/airflow/example_dags/example_setup_teardown_taskflow.py for tasks to queue
[2026-09-25T17:15:32.927+0000] {logging_mixin.py:190} INFO - [2026-09-25T17:15:32.926+0000] {dagbag.py:588} INFO - Filling up the DagBag from /home/airflow/.local/lib/python3.12/site-packages/airflow/example_dags/example_setup_teardown_taskflow.py
[2026-09-25T17:15:33.138+0000] {processor.py:925} INFO - DAG(s) 'example_setup_teardown_taskflow' retrieved from /home/airflow/.local/lib/python3.12/site-packages/airflow/example_dags/example_setup_teardown_taskflow.py
[2026-09-25T17:15:33.414+0000] {logging_mixin.py:190} INFO - [2026-09-25T17:15:33.414+0000] {dag.py:3239} INFO - Sync 1 DAGs
[2026-09-25T17:15:33.538+0000] {logging_mixin.py:190} INFO - [2026-09-25T17:15:33.537+0000] {dag.py:4180} INFO - Setting next_dagrun for example_setup_teardown_taskflow to None, run_after=None
[2026-09-25T17:15:33.625+0000] {processor.py:208} INFO - Processing /home/airflow/.local/lib/python3.12/site-packages/airflow/example_dags/example_setup_teardown_taskflow.py took 0.835 seconds
[2026-09-25T17:16:04.496+0000] {processor.py:186} INFO - Started process (PID=1714) to work on /home/airflow/.local/lib/python3.12/site-packages/airflow/example_dags/example_setup_teardown_taskflow.py
[2026-09-25T17:16:04.499+0000] {processor.py:914} INFO - Processing file /home/airflow/.local/lib/python3.12/site-packages/airflow/example_dags/example_setup_teardown_taskflow.py for tasks to queue
[2026-09-25T17:16:04.508+0000] {logging_mixin.py:190} INFO - [2026-09-25T17:16:04.507+0000] {dagbag.py:588} INFO - Filling up the DagBag from /home/airflow/.local/lib/python3.12/site-packages/airflow/example_dags/example_setup_teardown_taskflow.py
[2026-09-25T17:16:04.540+0000] {processor.py:925} INFO - DAG(s) 'example_setup_teardown_taskflow' retrieved from /home/airflow/.local/lib/python3.12/site-packages/airflow/example_dags/example_setup_teardown_taskflow.py
[2026-09-25T17:16:04.597+0000] {logging_mixin.py:190} INFO - [2026-09-25T17:16:04.596+0000] {dag.py:3239} INFO - Sync 1 DAGs
[2026-09-25T17:16:04.628+0000] {logging_mixin.py:190} INFO - [2026-09-25T17:16:04.628+0000] {dag.py:4180} INFO - Setting next_dagrun for example_setup_teardown_taskflow to None, run_after=None
[2026-09-25T17:16:04.679+0000] {processor.py:208} INFO - Processing /home/airflow/.local/lib/python3.12/site-packages/airflow/example_dags/example_setup_teardown_taskflow.py took 0.200 seconds
[2026-09-25T17:16:49.465+0000] {processor.py:186} INFO - Started process (PID=1760) to work on /home/airflow/.local/lib/python3.12/site-packages/airflow/example_dags/example_setup_teardown_taskflow.py
[2026-09-25T17:16:49.468+0000] {processor.py:914} INFO - Processing file /home/airflow/.local/lib/python3.12/site-packages/airflow/example_dags/example_setup_teardown_taskflow.py for tasks to queue
[2026-09-25T17:16:49.478+0000] {logging_mixin.py:190} INFO - [2026-09-25T17:16:49.476+0000] {dagbag.py:588} INFO - Filling up the DagBag from /home/airflow/.local/lib/python3.12/site-packages/airflow/example_dags/example_setup_teardown_taskflow.py
[2026-09-25T17:16:49.522+0000] {processor.py:925} INFO - DAG(s) 'example_setup_teardown_taskflow' retrieved from /home/airflow/.local/lib/python3.12/site-packages/airflow/example_dags/example_setup_teardown_taskflow.py
[2026-09-25T17:16:49.583+0000] {logging_mixin.py:190} INFO - [2026-09-25T17:16:49.583+0000] {dag.py:3239} INFO - Sync 1 DAGs
[2026-09-25T17:16:49.628+0000] {logging_mixin.py:190} INFO - [2026-09-25T17:16:49.627+0000] {dag.py:4180} INFO - Setting next_dagrun for example_setup_teardown_taskflow to None, run_after=None
[2026-09-25T17:16:49.684+0000] {processor.py:208} INFO - Processing /home/airflow/.local/lib/python3.12/site-packages/airflow/example_dags/example_setup_teardown_taskflow.py took 0.232 seconds
[2026-09-25T17:17:21.172+0000] {processor.py:186} INFO - Started process (PID=1822) to work on /home/airflow/.local/lib/python3.12/site-packages/airflow/example_dags/example_setup_teardown_taskflow.py
[2026-09-25T17:17:21.176+0000] {processor.py:914} INFO - Processing file /home/airflow/.local/lib/python3.12/site-packages/airflow/example_dags/example_setup_teardown_taskflow.py for tasks to queue
[2026-09-25T17:17:21.184+0000] {logging_mixin.py:190} INFO - [2026-09-25T17:17:21.183+0000] {dagbag.py:588} INFO - Filling up the DagBag from /home/airflow/.local/lib/python3.12/site-packages/airflow/example_dags/example_setup_teardown_taskflow.py
[2026-09-25T17:17:21.237+0000] {processor.py:925} INFO - DAG(s) 'example_setup_teardown_taskflow' retrieved from /home/airflow/.local/lib/python3.12/site-packages/airflow/example_dags/example_setup_teardown_taskflow.py
[2026-09-25T17:17:21.302+0000] {logging_mixin.py:190} INFO - [2026-09-25T17:17:21.302+0000] {dag.py:3239} INFO - Sync 1 DAGs
[2026-09-25T17:17:21.339+0000] {logging_mixin.py:190} INFO - [2026-09-25T17:17:21.339+0000] {dag.py:4180} INFO - Setting next_dagrun for example_setup_teardown_taskflow to None, run_after=None
[2026-09-25T17:17:21.392+0000] {processor.py:208} INFO - Processing /home/airflow/.local/lib/python3.12/site-packages/airflow/example_dags/example_setup_teardown_taskflow.py took 0.231 seconds
[2026-09-25T17:17:57.709+0000] {processor.py:186} INFO - Started process (PID=1889) to work on /home/airflow/.local/lib/python3.12/site-packages/airflow/example_dags/example_setup_teardown_taskflow.py
[2026-09-25T17:17:57.711+0000] {processor.py:914} INFO - Processing file /home/airflow/.local/lib/python3.12/site-packages/airflow/example_dags/example_setup_teardown_taskflow.py for tasks to queue
[2026-09-25T17:17:57.717+0000] {logging_mixin.py:190} INFO - [2026-09-25T17:17:57.716+0000] {dagbag.py:588} INFO - Filling up the DagBag from /home/airflow/.local/lib/python3.12/site-packages/airflow/example_dags/example_setup_teardown_taskflow.py
[2026-09-25T17:17:57.758+0000] {processor.py:925} INFO - DAG(s) 'example_setup_teardown_taskflow' retrieved from /home/airflow/.local/lib/python3.12/site-packages/airflow/example_dags/example_setup_teardown_taskflow.py
[2026-09-25T17:17:57.820+0000] {logging_mixin.py:190} INFO - [2026-09-25T17:17:57.820+0000] {dag.py:3239} INFO - Sync 1 DAGs
[2026-09-25T17:17:57.865+0000] {logging_mixin.py:190} INFO - [2026-09-25T17:17:57.864+0000] {dag.py:4180} INFO - Setting next_dagrun for example_setup_teardown_taskflow to None, run_after=None
[2026-09-25T17:17:57.920+0000] {processor.py:208} INFO - Processing /home/airflow/.local/lib/python3.12/site-packages/airflow/example_dags/example_setup_teardown_taskflow.py took 0.227 seconds
[2026-09-25T17:18:34.271+0000] {processor.py:186} INFO - Started process (PID=1957) to work on /home/airflow/.local/lib/python3.12/site-packages/airflow/example_dags/example_setup_teardown_taskflow.py
[2026-09-25T17:18:34.305+0000] {processor.py:914} INFO - Processing file /home/airflow/.local/lib/python3.12/site-packages/airflow/example_dags/example_setup_teardown_taskflow.py for tasks to queue
[2026-09-25T17:18:34.327+0000] {logging_mixin.py:190} INFO - [2026-09-25T17:18:34.326+0000] {dagbag.py:588} INFO - Filling up the DagBag from /home/airflow/.local/lib/python3.12/site-packages/airflow/example_dags/example_setup_teardown_taskflow.py
[2026-09-25T17:18:34.365+0000] {processor.py:925} INFO - DAG(s) 'example_setup_teardown_taskflow' retrieved from /home/airflow/.local/lib/python3.12/site-packages/airflow/example_dags/example_setup_teardown_taskflow.py
[2026-09-25T17:18:34.421+0000] {logging_mixin.py:190} INFO - [2026-09-25T17:18:34.421+0000] {dag.py:3239} INFO - Sync 1 DAGs
[2026-09-25T17:18:34.467+0000] {logging_mixin.py:190} INFO - [2026-09-25T17:18:34.467+0000] {dag.py:4180} INFO - Setting next_dagrun for example_setup_teardown_taskflow to None, run_after=None
[2026-09-25T17:18:34.516+0000] {processor.py:208} INFO - Processing /home/airflow/.local/lib/python3.12/site-packages/airflow/example_dags/example_setup_teardown_taskflow.py took 0.316 seconds
[2026-09-25T17:19:08.475+0000] {processor.py:186} INFO - Started process (PID=2020) to work on /home/airflow/.local/lib/python3.12/site-packages/airflow/example_dags/example_setup_teardown_taskflow.py
[2026-09-25T17:19:08.478+0000] {processor.py:914} INFO - Processing file /home/airflow/.local/lib/python3.12/site-packages/airflow/example_dags/example_setup_teardown_taskflow.py for tasks to queue
[2026-09-25T17:19:08.484+0000] {logging_mixin.py:190} INFO - [2026-09-25T17:19:08.484+0000] {dagbag.py:588} INFO - Filling up the DagBag from /home/airflow/.local/lib/python3.12/site-packages/airflow/example_dags/example_setup_teardown_taskflow.py
[2026-09-25T17:19:08.508+0000] {processor.py:925} INFO - DAG(s) 'example_setup_teardown_taskflow' retrieved from /home/airflow/.local/lib/python3.12/site-packages/airflow/example_dags/example_setup_teardown_taskflow.py
[2026-09-25T17:19:08.574+0000] {logging_mixin.py:190} INFO - [2026-09-25T17:19:08.573+0000] {dag.py:3239} INFO - Sync 1 DAGs
[2026-09-25T17:19:08.616+0000] {logging_mixin.py:190} INFO - [2026-09-25T17:19:08.616+0000] {dag.py:4180} INFO - Setting next_dagrun for example_setup_teardown_taskflow to None, run_after=None
[2026-09-25T17:19:08.675+0000] {processor.py:208} INFO - Processing /home/airflow/.local/lib/python3.12/site-packages/airflow/example_dags/example_setup_teardown_taskflow.py took 0.214 seconds
[2026-09-25T17:19:45.671+0000] {processor.py:186} INFO - Started process (PID=2083) to work on /home/airflow/.local/lib/python3.12/site-packages/airflow/example_dags/example_setup_teardown_taskflow.py
[2026-09-25T17:19:45.674+0000] {processor.py:914} INFO - Processing file /home/airflow/.local/lib/python3.12/site-packages/airflow/example_dags/example_setup_teardown_taskflow.py for tasks to queue
[2026-09-25T17:19:45.684+0000] {logging_mixin.py:190} INFO - [2026-09-25T17:19:45.683+0000] {dagbag.py:588} INFO - Filling up the DagBag from /home/airflow/.local/lib/python3.12/site-packages/airflow/example_dags/example_setup_teardown_taskflow.py
[2026-09-25T17:19:45.744+0000] {processor.py:925} INFO - DAG(s) 'example_setup_teardown_taskflow' retrieved from /home/airflow/.local/lib/python3.12/site-packages/airflow/example_dags/example_setup_teardown_taskflow.py
[2026-09-25T17:19:46.252+0000] {logging_mixin.py:190} INFO - [2026-09-25T17:19:46.250+0000] {dag.py:3239} INFO - Sync 1 DAGs
[2026-09-25T17:19:46.537+0000] {logging_mixin.py:190} INFO - [2026-09-25T17:19:46.536+0000] {dag.py:4180} INFO - Setting next_dagrun for example_setup_teardown_taskflow to None, run_after=None
[2026-09-25T17:19:46.683+0000] {processor.py:208} INFO - Processing /home/airflow/.local/lib/python3.12/site-packages/airflow/example_dags/example_setup_teardown_taskflow.py took 1.038 seconds
[2026-09-25T17:20:28.619+0000] {processor.py:186} INFO - Started process (PID=2146) to work on /home/airflow/.local/lib/python3.12/site-packages/airflow/example_dags/example_setup_teardown_taskflow.py
[2026-09-25T17:20:28.662+0000] {processor.py:914} INFO - Processing file /home/airflow/.local/lib/python3.12/site-packages/airflow/example_dags/example_setup_teardown_taskflow.py for tasks to queue
[2026-09-25T17:20:28.679+0000] {logging_mixin.py:190} INFO - [2026-09-25T17:20:28.678+0000] {dagbag.py:588} INFO - Filling up the DagBag from /home/airflow/.local/lib/python3.12/site-packages/airflow/example_dags/example_setup_teardown_taskflow.py
[2026-09-25T17:20:28.894+0000] {processor.py:925} INFO - DAG(s) 'example_setup_teardown_taskflow' retrieved from /home/airflow/.local/lib/python3.12/site-packages/airflow/example_dags/example_setup_teardown_taskflow.py
[2026-09-25T17:20:29.266+0000] {logging_mixin.py:190} INFO - [2026-09-25T17:20:29.266+0000] {dag.py:3239} INFO - Sync 1 DAGs
[2026-09-25T17:20:29.364+0000] {logging_mixin.py:190} INFO - [2026-09-25T17:20:29.363+0000] {dag.py:4180} INFO - Setting next_dagrun for example_setup_teardown_taskflow to None, run_after=None
[2026-09-25T17:20:29.474+0000] {processor.py:208} INFO - Processing /home/airflow/.local/lib/python3.12/site-packages/airflow/example_dags/example_setup_teardown_taskflow.py took 0.915 seconds
[2026-09-25T17:21:14.589+0000] {processor.py:186} INFO - Started process (PID=2214) to work on /home/airflow/.local/lib/python3.12/site-packages/airflow/example_dags/example_setup_teardown_taskflow.py
[2026-09-25T17:21:14.596+0000] {processor.py:914} INFO - Processing file /home/airflow/.local/lib/python3.12/site-packages/airflow/example_dags/example_setup_teardown_taskflow.py for tasks to queue
[2026-09-25T17:21:14.608+0000] {logging_mixin.py:190} INFO - [2026-09-25T17:21:14.607+0000] {dagbag.py:588} INFO - Filling up the DagBag from /home/airflow/.local/lib/python3.12/site-packages/airflow/example_dags/example_setup_teardown_taskflow.py
[2026-09-25T17:21:14.756+0000] {processor.py:925} INFO - DAG(s) 'example_setup_teardown_taskflow' retrieved from /home/airflow/.local/lib/python3.12/site-packages/airflow/example_dags/example_setup_teardown_taskflow.py
[2026-09-25T17:21:14.893+0000] {logging_mixin.py:190} INFO - [2026-09-25T17:21:14.893+0000] {dag.py:3239} INFO - Sync 1 DAGs
[2026-09-25T17:21:15.013+0000] {logging_mixin.py:190} INFO - [2026-09-25T17:21:15.013+0000] {dag.py:4180} INFO - Setting next_dagrun for example_setup_teardown_taskflow to None, run_after=None
[2026-09-25T17:21:15.168+0000] {processor.py:208} INFO - Processing /home/airflow/.local/lib/python3.12/site-packages/airflow/example_dags/example_setup_teardown_taskflow.py took 0.623 seconds
[2026-09-25T17:22:31.247+0000] {processor.py:186} INFO - Started process (PID=2303) to work on /home/airflow/.local/lib/python3.12/site-packages/airflow/example_dags/example_setup_teardown_taskflow.py
[2026-09-25T17:22:31.252+0000] {processor.py:914} INFO - Processing file /home/airflow/.local/lib/python3.12/site-packages/airflow/example_dags/example_setup_teardown_taskflow.py for tasks to queue
[2026-09-25T17:22:31.258+0000] {logging_mixin.py:190} INFO - [2026-09-25T17:22:31.257+0000] {dagbag.py:588} INFO - Filling up the DagBag from /home/airflow/.local/lib/python3.12/site-packages/airflow/example_dags/example_setup_teardown_taskflow.py
[2026-09-25T17:22:31.294+0000] {processor.py:925} INFO - DAG(s) 'example_setup_teardown_taskflow' retrieved from /home/airflow/.local/lib/python3.12/site-packages/airflow/example_dags/example_setup_teardown_taskflow.py
[2026-09-25T17:22:31.814+0000] {logging_mixin.py:190} INFO - [2026-09-25T17:22:31.812+0000] {dag.py:3239} INFO - Sync 1 DAGs
[2026-09-25T17:22:32.289+0000] {logging_mixin.py:190} INFO - [2026-09-25T17:22:32.288+0000] {dag.py:4180} INFO - Setting next_dagrun for example_setup_teardown_taskflow to None, run_after=None
[2026-09-25T17:22:32.417+0000] {processor.py:208} INFO - Processing /home/airflow/.local/lib/python3.12/site-packages/airflow/example_dags/example_setup_teardown_taskflow.py took 1.199 seconds
[2026-09-25T17:23:11.513+0000] {processor.py:186} INFO - Started process (PID=2372) to work on /home/airflow/.local/lib/python3.12/site-packages/airflow/example_dags/example_setup_teardown_taskflow.py
[2026-09-25T17:23:11.520+0000] {processor.py:914} INFO - Processing file /home/airflow/.local/lib/python3.12/site-packages/airflow/example_dags/example_setup_teardown_taskflow.py for tasks to queue
[2026-09-25T17:23:11.556+0000] {logging_mixin.py:190} INFO - [2026-09-25T17:23:11.555+0000] {dagbag.py:588} INFO - Filling up the DagBag from /home/airflow/.local/lib/python3.12/site-packages/airflow/example_dags/example_setup_teardown_taskflow.py
[2026-09-25T17:23:11.658+0000] {processor.py:925} INFO - DAG(s) 'example_setup_teardown_taskflow' retrieved from /home/airflow/.local/lib/python3.12/site-packages/airflow/example_dags/example_setup_teardown_taskflow.py
[2026-09-25T17:23:11.862+0000] {logging_mixin.py:190} INFO - [2026-09-25T17:23:11.862+0000] {dag.py:3239} INFO - Sync 1 DAGs
[2026-09-25T17:23:11.963+0000] {logging_mixin.py:190} INFO - [2026-09-25T17:23:11.962+0000] {dag.py:4180} INFO - Setting next_dagrun for example_setup_teardown_taskflow to None, run_after=None
[2026-09-25T17:23:12.050+0000] {processor.py:208} INFO - Processing /home/airflow/.local/lib/python3.12/site-packages/airflow/example_dags/example_setup_teardown_taskflow.py took 0.598 seconds
[2026-09-25T17:23:48.026+0000] {processor.py:186} INFO - Started process (PID=2433) to work on /home/airflow/.local/lib/python3.12/site-packages/airflow/example_dags/example_setup_teardown_taskflow.py
[2026-09-25T17:23:48.031+0000] {processor.py:914} INFO - Processing file /home/airflow/.local/lib/python3.12/site-packages/airflow/example_dags/example_setup_teardown_taskflow.py for tasks to queue
[2026-09-25T17:23:48.043+0000] {logging_mixin.py:190} INFO - [2026-09-25T17:23:48.042+0000] {dagbag.py:588} INFO - Filling up the DagBag from /home/airflow/.local/lib/python3.12/site-packages/airflow/example_dags/example_setup_teardown_taskflow.py
[2026-09-25T17:23:48.109+0000] {processor.py:925} INFO - DAG(s) 'example_setup_teardown_taskflow' retrieved from /home/airflow/.local/lib/python3.12/site-packages/airflow/example_dags/example_setup_teardown_taskflow.py
[2026-09-25T17:23:48.206+0000] {logging_mixin.py:190} INFO - [2026-09-25T17:23:48.204+0000] {dag.py:3239} INFO - Sync 1 DAGs
[2026-09-25T17:23:48.265+0000] {logging_mixin.py:190} INFO - [2026-09-25T17:23:48.264+0000] {dag.py:4180} INFO - Setting next_dagrun for example_setup_teardown_taskflow to None, run_after=None
[2026-09-25T17:23:48.540+0000] {processor.py:208} INFO - Processing /home/airflow/.local/lib/python3.12/site-packages/airflow/example_dags/example_setup_teardown_taskflow.py took 0.555 seconds
[2026-09-25T17:24:23.367+0000] {processor.py:186} INFO - Started process (PID=2498) to work on /home/airflow/.local/lib/python3.12/site-packages/airflow/example_dags/example_setup_teardown_taskflow.py
[2026-09-25T17:24:23.390+0000] {processor.py:914} INFO - Processing file /home/airflow/.local/lib/python3.12/site-packages/airflow/example_dags/example_setup_teardown_taskflow.py for tasks to queue
[2026-09-25T17:24:23.405+0000] {logging_mixin.py:190} INFO - [2026-09-25T17:24:23.403+0000] {dagbag.py:588} INFO - Filling up the DagBag from /home/airflow/.local/lib/python3.12/site-packages/airflow/example_dags/example_setup_teardown_taskflow.py
[2026-09-25T17:24:23.515+0000] {processor.py:925} INFO - DAG(s) 'example_setup_teardown_taskflow' retrieved from /home/airflow/.local/lib/python3.12/site-packages/airflow/example_dags/example_setup_teardown_taskflow.py
[2026-09-25T17:24:23.763+0000] {logging_mixin.py:190} INFO - [2026-09-25T17:24:23.762+0000] {dag.py:3239} INFO - Sync 1 DAGs
[2026-09-25T17:24:23.863+0000] {logging_mixin.py:190} INFO - [2026-09-25T17:24:23.862+0000] {dag.py:4180} INFO - Setting next_dagrun for example_setup_teardown_taskflow to None, run_after=None
[2026-09-25T17:24:24.054+0000] {processor.py:208} INFO - Processing /home/airflow/.local/lib/python3.12/site-packages/airflow/example_dags/example_setup_teardown_taskflow.py took 0.754 seconds
[2026-09-25T17:24:54.790+0000] {processor.py:186} INFO - Started process (PID=2561) to work on /home/airflow/.local/lib/python3.12/site-packages/airflow/example_dags/example_setup_teardown_taskflow.py
[2026-09-25T17:24:54.793+0000] {processor.py:914} INFO - Processing file /home/airflow/.local/lib/python3.12/site-packages/airflow/example_dags/example_setup_teardown_taskflow.py for tasks to queue
[2026-09-25T17:24:54.802+0000] {logging_mixin.py:190} INFO - [2026-09-25T17:24:54.801+0000] {dagbag.py:588} INFO - Filling up the DagBag from /home/airflow/.local/lib/python3.12/site-packages/airflow/example_dags/example_setup_teardown_taskflow.py
[2026-09-25T17:24:54.835+0000] {processor.py:925} INFO - DAG(s) 'example_setup_teardown_taskflow' retrieved from /home/airflow/.local/lib/python3.12/site-packages/airflow/example_dags/example_setup_teardown_taskflow.py
[2026-09-25T17:24:54.902+0000] {logging_mixin.py:190} INFO - [2026-09-25T17:24:54.902+0000] {dag.py:3239} INFO - Sync 1 DAGs
[2026-09-25T17:24:54.946+0000] {logging_mixin.py:190} INFO - [2026-09-25T17:24:54.946+0000] {dag.py:4180} INFO - Setting next_dagrun for example_setup_teardown_taskflow to None, run_after=None
[2026-09-25T17:24:55.178+0000] {processor.py:208} INFO - Processing /home/airflow/.local/lib/python3.12/site-packages/airflow/example_dags/example_setup_teardown_taskflow.py took 0.408 seconds
