[2026-09-25T16:15:34.634+0000] {processor.py:186} INFO - Started process (PID=102) to work on /home/airflow/.local/lib/python3.12/site-packages/airflow/example_dags/example_kubernetes_executor.py
[2026-09-25T16:15:34.637+0000] {processor.py:914} INFO - Processing file /home/airflow/.local/lib/python3.12/site-packages/airflow/example_dags/example_kubernetes_executor.py for tasks to queue
[2026-09-25T16:15:34.646+0000] {logging_mixin.py:190} INFO - [2026-09-25T16:15:34.645+0000] {dagbag.py:588} INFO - Filling up the DagBag from /home/airflow/.local/lib/python3.12/site-packages/airflow/example_dags/example_kubernetes_executor.py
[2026-09-25T16:15:34.719+0000] {processor.py:925} INFO - DAG(s) 'example_kubernetes_executor' retrieved from /home/airflow/.local/lib/python3.12/site-packages/airflow/example_dags/example_kubernetes_executor.py
[2026-09-25T16:15:34.867+0000] {logging_mixin.py:190} INFO - [2026-09-25T16:15:34.867+0000] {dag.py:3239} INFO - Sync 1 DAGs
[2026-09-25T16:15:34.944+0000] {logging_mixin.py:190} INFO - [2026-09-25T16:15:34.941+0000] {dag.py:4180} INFO - Setting next_dagrun for example_kubernetes_executor to None, run_after=None
[2026-09-25T16:15:35.076+0000] {processor.py:208} INFO - Processing /home/airflow/.local/lib/python3.12/site-packages/airflow/example_dags/example_kubernetes_executor.py took 0.466 seconds
[2026-09-25T16:18:04.502+0000] {processor.py:186} INFO - Started process (PID=189) to work on /home/airflow/.local/lib/python3.12/site-packages/airflow/example_dags/example_kubernetes_executor.py
[2026-09-25T16:18:04.509+0000] {processor.py:914} INFO - Processing file /home/airflow/.local/lib/python3.12/site-packages/airflow/example_dags/example_kubernetes_executor.py for tasks to queue
[2026-09-25T16:18:05.680+0000] {logging_mixin.py:190} INFO - [2026-09-25T16:18:05.678+0000] {dagbag.py:588} INFO - Filling up the DagBag from /home/airflow/.local/lib/python3.12/site-packages/airflow/example_dags/example_kubernetes_executor.py
[2026-09-25T16:18:10.295+0000] {processor.py:925} INFO - DAG(s) 'example_kubernetes_executor' retrieved from /home/airflow/.local/lib/python3.12/site-packages/airflow/example_dags/example_kubernetes_executor.py
[2026-09-25T16:18:14.921+0000] {logging_mixin.py:190} INFO - [2026-09-25T16:18:14.919+0000] {dag.py:3239} INFO - Sync 1 DAGs
[2026-09-25T16:18:18.220+0000] {logging_mixin.py:190} INFO - [2026-09-25T16:18:18.220+0000] {dag.py:4180} INFO - Setting next_dagrun for example_kubernetes_executor to None, run_after=None
[2026-09-25T16:18:19.830+0000] {processor.py:208} INFO - Processing /home/airflow/.local/lib/python3.12/site-packages/airflow/example_dags/example_kubernetes_executor.py took 15.466 seconds
[2026-09-25T16:19:35.196+0000] {processor.py:186} INFO - Started process (PID=253) to work on /home/airflow/.local/lib/python3.12/site-packages/airflow/example_dags/example_kubernetes_executor.py
[2026-09-25T16:19:35.223+0000] {processor.py:914} INFO - Processing file /home/airflow/.local/lib/python3.12/site-packages/airflow/example_dags/example_kubernetes_executor.py for tasks to queue
[2026-09-25T16:19:35.271+0000] {logging_mixin.py:190} INFO - [2026-09-25T16:19:35.228+0000] {dagbag.py:588} INFO - Filling up the DagBag from /home/airflow/.local/lib/python3.12/site-packages/airflow/example_dags/example_kubernetes_executor.py
[2026-09-25T16:19:35.612+0000] {processor.py:925} INFO - DAG(s) 'example_kubernetes_executor' retrieved from /home/airflow/.local/lib/python3.12/site-packages/airflow/example_dags/example_kubernetes_executor.py
[2026-09-25T16:19:36.088+0000] {logging_mixin.py:190} INFO - [2026-09-25T16:19:36.088+0000] {dag.py:3239} INFO - Sync 1 DAGs
[2026-09-25T16:19:36.313+0000] {logging_mixin.py:190} INFO - [2026-09-25T16:19:36.312+0000] {dag.py:4180} INFO - Setting next_dagrun for example_kubernetes_executor to None, run_after=None
[2026-09-25T16:19:36.867+0000] {processor.py:208} INFO - Processing /home/airflow/.local/lib/python3.12/site-packages/airflow/example_dags/example_kubernetes_executor.py took 1.778 seconds
[2026-09-25T16:20:29.414+0000] {processor.py:186} INFO - Started process (PID=303) to work on /home/airflow/.local/lib/python3.12/site-packages/airflow/example_dags/example_kubernetes_executor.py
[2026-09-25T16:20:29.417+0000] {processor.py:914} INFO - Processing file /home/airflow/.local/lib/python3.12/site-packages/airflow/example_dags/example_kubernetes_executor.py for tasks to queue
[2026-09-25T16:20:29.424+0000] {logging_mixin.py:190} INFO - [2026-09-25T16:20:29.423+0000] {dagbag.py:588} INFO - Filling up the DagBag from /home/airflow/.local/lib/python3.12/site-packages/airflow/example_dags/example_kubernetes_executor.py
[2026-09-25T16:20:29.469+0000] {processor.py:925} INFO - DAG(s) 'example_kubernetes_executor' retrieved from /home/airflow/.local/lib/python3.12/site-packages/airflow/example_dags/example_kubernetes_executor.py
[2026-09-25T16:20:29.547+0000] {logging_mixin.py:190} INFO - [2026-09-25T16:20:29.542+0000] {dag.py:3239} INFO - Sync 1 DAGs
[2026-09-25T16:20:29.593+0000] {logging_mixin.py:190} INFO - [2026-09-25T16:20:29.592+0000] {dag.py:4180} INFO - Setting next_dagrun for example_kubernetes_executor to None, run_after=None
[2026-09-25T16:20:29.637+0000] {processor.py:208} INFO - Processing /home/airflow/.local/lib/python3.12/site-packages/airflow/example_dags/example_kubernetes_executor.py took 0.249 seconds
[2026-09-25T16:21:25.384+0000] {processor.py:186} INFO - Started process (PID=356) to work on /home/airflow/.local/lib/python3.12/site-packages/airflow/example_dags/example_kubernetes_executor.py
[2026-09-25T16:21:25.387+0000] {processor.py:914} INFO - Processing file /home/airflow/.local/lib/python3.12/site-packages/airflow/example_dags/example_kubernetes_executor.py for tasks to queue
[2026-09-25T16:21:25.394+0000] {logging_mixin.py:190} INFO - [2026-09-25T16:21:25.393+0000] {dagbag.py:588} INFO - Filling up the DagBag from /home/airflow/.local/lib/python3.12/site-packages/airflow/example_dags/example_kubernetes_executor.py
[2026-09-25T16:21:25.592+0000] {processor.py:925} INFO - DAG(s) 'example_kubernetes_executor' retrieved from /home/airflow/.local/lib/python3.12/site-packages/airflow/example_dags/example_kubernetes_executor.py
[2026-09-25T16:21:25.759+0000] {logging_mixin.py:190} INFO - [2026-09-25T16:21:25.758+0000] {dag.py:3239} INFO - Sync 1 DAGs
[2026-09-25T16:21:25.855+0000] {logging_mixin.py:190} INFO - [2026-09-25T16:21:25.855+0000] {dag.py:4180} INFO - Setting next_dagrun for example_kubernetes_executor to None, run_after=None
[2026-09-25T16:21:26.053+0000] {processor.py:208} INFO - Processing /home/airflow/.local/lib/python3.12/site-packages/airflow/example_dags/example_kubernetes_executor.py took 0.665 seconds
[2026-09-25T16:22:32.689+0000] {processor.py:186} INFO - Started process (PID=423) to work on /home/airflow/.local/lib/python3.12/site-packages/airflow/example_dags/example_kubernetes_executor.py
[2026-09-25T16:22:32.692+0000] {processor.py:914} INFO - Processing file /home/airflow/.local/lib/python3.12/site-packages/airflow/example_dags/example_kubernetes_executor.py for tasks to queue
[2026-09-25T16:22:32.713+0000] {logging_mixin.py:190} INFO - [2026-09-25T16:22:32.711+0000] {dagbag.py:588} INFO - Filling up the DagBag from /home/airflow/.local/lib/python3.12/site-packages/airflow/example_dags/example_kubernetes_executor.py
[2026-09-25T16:22:32.922+0000] {processor.py:925} INFO - DAG(s) 'example_kubernetes_executor' retrieved from /home/airflow/.local/lib/python3.12/site-packages/airflow/example_dags/example_kubernetes_executor.py
[2026-09-25T16:22:33.847+0000] {logging_mixin.py:190} INFO - [2026-09-25T16:22:33.847+0000] {dag.py:3239} INFO - Sync 1 DAGs
[2026-09-25T16:22:34.270+0000] {logging_mixin.py:190} INFO - [2026-09-25T16:22:34.269+0000] {dag.py:4180} INFO - Setting next_dagrun for example_kubernetes_executor to None, run_after=None
[2026-09-25T16:22:34.535+0000] {processor.py:208} INFO - Processing /home/airflow/.local/lib/python3.12/site-packages/airflow/example_dags/example_kubernetes_executor.py took 1.886 seconds
[2026-09-25T16:23:11.196+0000] {processor.py:186} INFO - Started process (PID=493) to work on /home/airflow/.local/lib/python3.12/site-packages/airflow/example_dags/example_kubernetes_executor.py
[2026-09-25T16:23:11.204+0000] {processor.py:914} INFO - Processing file /home/airflow/.local/lib/python3.12/site-packages/airflow/example_dags/example_kubernetes_executor.py for tasks to queue
[2026-09-25T16:23:11.250+0000] {logging_mixin.py:190} INFO - [2026-09-25T16:23:11.237+0000] {dagbag.py:588} INFO - Filling up the DagBag from /home/airflow/.local/lib/python3.12/site-packages/airflow/example_dags/example_kubernetes_executor.py
[2026-09-25T16:23:11.401+0000] {processor.py:925} INFO - DAG(s) 'example_kubernetes_executor' retrieved from /home/airflow/.local/lib/python3.12/site-packages/airflow/example_dags/example_kubernetes_executor.py
[2026-09-25T16:23:11.558+0000] {logging_mixin.py:190} INFO - [2026-09-25T16:23:11.557+0000] {dag.py:3239} INFO - Sync 1 DAGs
[2026-09-25T16:23:11.666+0000] {logging_mixin.py:190} INFO - [2026-09-25T16:23:11.663+0000] {dag.py:4180} INFO - Setting next_dagrun for example_kubernetes_executor to None, run_after=None
[2026-09-25T16:23:11.827+0000] {processor.py:208} INFO - Processing /home/airflow/.local/lib/python3.12/site-packages/airflow/example_dags/example_kubernetes_executor.py took 0.718 seconds
[2026-09-25T16:23:52.573+0000] {processor.py:186} INFO - Started process (PID=556) to work on /home/airflow/.local/lib/python3.12/site-packages/airflow/example_dags/example_kubernetes_executor.py
[2026-09-25T16:23:52.577+0000] {processor.py:914} INFO - Processing file /home/airflow/.local/lib/python3.12/site-packages/airflow/example_dags/example_kubernetes_executor.py for tasks to queue
[2026-09-25T16:23:52.582+0000] {logging_mixin.py:190} INFO - [2026-09-25T16:23:52.582+0000] {dagbag.py:588} INFO - Filling up the DagBag from /home/airflow/.local/lib/python3.12/site-packages/airflow/example_dags/example_kubernetes_executor.py
[2026-09-25T16:23:52.655+0000] {processor.py:925} INFO - DAG(s) 'example_kubernetes_executor' retrieved from /home/airflow/.local/lib/python3.12/site-packages/airflow/example_dags/example_kubernetes_executor.py
[2026-09-25T16:23:52.732+0000] {logging_mixin.py:190} INFO - [2026-09-25T16:23:52.732+0000] {dag.py:3239} INFO - Sync 1 DAGs
[2026-09-25T16:23:52.783+0000] {logging_mixin.py:190} INFO - [2026-09-25T16:23:52.783+0000] {dag.py:4180} INFO - Setting next_dagrun for example_kubernetes_executor to None, run_after=None
[2026-09-25T16:23:52.883+0000] {processor.py:208} INFO - Processing /home/airflow/.local/lib/python3.12/site-packages/airflow/example_dags/example_kubernetes_executor.py took 0.340 seconds
[2026-09-25T16:24:23.450+0000] {processor.py:186} INFO - Started process (PID=619) to work on /home/airflow/.local/lib/python3.12/site-packages/airflow/example_dags/example_kubernetes_executor.py
[2026-09-25T16:24:23.452+0000] {processor.py:914} INFO - Processing file /home/airflow/.local/lib/python3.12/site-packages/airflow/example_dags/example_kubernetes_executor.py for tasks to queue
[2026-09-25T16:24:23.457+0000] {logging_mixin.py:190} INFO - [2026-09-25T16:24:23.456+0000] {dagbag.py:588} INFO - Filling up the DagBag from /home/airflow/.local/lib/python3.12/site-packages/airflow/example_dags/example_kubernetes_executor.py
[2026-09-25T16:24:23.488+0000] {processor.py:925} INFO - DAG(s) 'example_kubernetes_executor' retrieved from /home/airflow/.local/lib/python3.12/site-packages/airflow/example_dags/example_kubernetes_executor.py
[2026-09-25T16:24:23.535+0000] {logging_mixin.py:190} INFO - [2026-09-25T16:24:23.535+0000] {dag.py:3239} INFO - Sync 1 DAGs
[2026-09-25T16:24:23.594+0000] {logging_mixin.py:190} INFO - [2026-09-25T16:24:23.593+0000] {dag.py:4180} INFO - Setting next_dagrun for example_kubernetes_executor to None, run_after=None
[2026-09-25T16:24:23.673+0000] {processor.py:208} INFO - Processing /home/airflow/.local/lib/python3.12/site-packages/airflow/example_dags/example_kubernetes_executor.py took 0.237 seconds
[2026-09-25T16:25:10.597+0000] {processor.py:186} INFO - Started process (PID=680) to work on /home/airflow/.local/lib/python3.12/site-packages/airflow/example_dags/example_kubernetes_executor.py
[2026-09-25T16:25:10.613+0000] {processor.py:914} INFO - Processing file /home/airflow/.local/lib/python3.12/site-packages/airflow/example_dags/example_kubernetes_executor.py for tasks to queue
[2026-09-25T16:25:10.619+0000] {logging_mixin.py:190} INFO - [2026-09-25T16:25:10.618+0000] {dagbag.py:588} INFO - Filling up the DagBag from /home/airflow/.local/lib/python3.12/site-packages/airflow/example_dags/example_kubernetes_executor.py
[2026-09-25T16:25:10.674+0000] {processor.py:925} INFO - DAG(s) 'example_kubernetes_executor' retrieved from /home/airflow/.local/lib/python3.12/site-packages/airflow/example_dags/example_kubernetes_executor.py
[2026-09-25T16:25:10.768+0000] {logging_mixin.py:190} INFO - [2026-09-25T16:25:10.767+0000] {dag.py:3239} INFO - Sync 1 DAGs
[2026-09-25T16:25:10.820+0000] {logging_mixin.py:190} INFO - [2026-09-25T16:25:10.819+0000] {dag.py:4180} INFO - Setting next_dagrun for example_kubernetes_executor to None, run_after=None
[2026-09-25T16:25:10.894+0000] {processor.py:208} INFO - Processing /home/airflow/.local/lib/python3.12/site-packages/airflow/example_dags/example_kubernetes_executor.py took 0.314 seconds
[2026-09-25T16:25:50.160+0000] {processor.py:186} INFO - Started process (PID=742) to work on /home/airflow/.local/lib/python3.12/site-packages/airflow/example_dags/example_kubernetes_executor.py
[2026-09-25T16:25:50.167+0000] {processor.py:914} INFO - Processing file /home/airflow/.local/lib/python3.12/site-packages/airflow/example_dags/example_kubernetes_executor.py for tasks to queue
[2026-09-25T16:25:50.241+0000] {logging_mixin.py:190} INFO - [2026-09-25T16:25:50.240+0000] {dagbag.py:588} INFO - Filling up the DagBag from /home/airflow/.local/lib/python3.12/site-packages/airflow/example_dags/example_kubernetes_executor.py
[2026-09-25T16:25:50.469+0000] {processor.py:925} INFO - DAG(s) 'example_kubernetes_executor' retrieved from /home/airflow/.local/lib/python3.12/site-packages/airflow/example_dags/example_kubernetes_executor.py
[2026-09-25T16:25:50.658+0000] {logging_mixin.py:190} INFO - [2026-09-25T16:25:50.658+0000] {dag.py:3239} INFO - Sync 1 DAGs
[2026-09-25T16:25:50.756+0000] {logging_mixin.py:190} INFO - [2026-09-25T16:25:50.755+0000] {dag.py:4180} INFO - Setting next_dagrun for example_kubernetes_executor to None, run_after=None
[2026-09-25T16:25:50.970+0000] {processor.py:208} INFO - Processing /home/airflow/.local/lib/python3.12/site-packages/airflow/example_dags/example_kubernetes_executor.py took 0.860 seconds
[2026-09-25T16:26:21.360+0000] {processor.py:186} INFO - Started process (PID=804) to work on /home/airflow/.local/lib/python3.12/site-packages/airflow/example_dags/example_kubernetes_executor.py
[2026-09-25T16:26:21.362+0000] {processor.py:914} INFO - Processing file /home/airflow/.local/lib/python3.12/site-packages/airflow/example_dags/example_kubernetes_executor.py for tasks to queue
[2026-09-25T16:26:21.366+0000] {logging_mixin.py:190} INFO - [2026-09-25T16:26:21.366+0000] {dagbag.py:588} INFO - Filling up the DagBag from /home/airflow/.local/lib/python3.12/site-packages/airflow/example_dags/example_kubernetes_executor.py
[2026-09-25T16:26:21.401+0000] {processor.py:925} INFO - DAG(s) 'example_kubernetes_executor' retrieved from /home/airflow/.local/lib/python3.12/site-packages/airflow/example_dags/example_kubernetes_executor.py
[2026-09-25T16:26:21.459+0000] {logging_mixin.py:190} INFO - [2026-09-25T16:26:21.458+0000] {dag.py:3239} INFO - Sync 1 DAGs
[2026-09-25T16:26:21.507+0000] {logging_mixin.py:190} INFO - [2026-09-25T16:26:21.506+0000] {dag.py:4180} INFO - Setting next_dagrun for example_kubernetes_executor to None, run_after=None
[2026-09-25T16:26:21.550+0000] {processor.py:208} INFO - Processing /home/airflow/.local/lib/python3.12/site-packages/airflow/example_dags/example_kubernetes_executor.py took 0.204 seconds
[2026-09-25T16:26:55.464+0000] {processor.py:186} INFO - Started process (PID=866) to work on /home/airflow/.local/lib/python3.12/site-packages/airflow/example_dags/example_kubernetes_executor.py
[2026-09-25T16:26:55.473+0000] {processor.py:914} INFO - Processing file /home/airflow/.local/lib/python3.12/site-packages/airflow/example_dags/example_kubernetes_executor.py for tasks to queue
[2026-09-25T16:26:55.504+0000] {logging_mixin.py:190} INFO - [2026-09-25T16:26:55.503+0000] {dagbag.py:588} INFO - Filling up the DagBag from /home/airflow/.local/lib/python3.12/site-packages/airflow/example_dags/example_kubernetes_executor.py
[2026-09-25T16:26:55.640+0000] {processor.py:925} INFO - DAG(s) 'example_kubernetes_executor' retrieved from /home/airflow/.local/lib/python3.12/site-packages/airflow/example_dags/example_kubernetes_executor.py
[2026-09-25T16:26:56.025+0000] {logging_mixin.py:190} INFO - [2026-09-25T16:26:56.025+0000] {dag.py:3239} INFO - Sync 1 DAGs
[2026-09-25T16:26:56.095+0000] {logging_mixin.py:190} INFO - [2026-09-25T16:26:56.095+0000] {dag.py:4180} INFO - Setting next_dagrun for example_kubernetes_executor to None, run_after=None
[2026-09-25T16:26:56.197+0000] {processor.py:208} INFO - Processing /home/airflow/.local/lib/python3.12/site-packages/airflow/example_dags/example_kubernetes_executor.py took 0.804 seconds
[2026-09-25T16:27:28.556+0000] {processor.py:186} INFO - Started process (PID=929) to work on /home/airflow/.local/lib/python3.12/site-packages/airflow/example_dags/example_kubernetes_executor.py
[2026-09-25T16:27:28.565+0000] {processor.py:914} INFO - Processing file /home/airflow/.local/lib/python3.12/site-packages/airflow/example_dags/example_kubernetes_executor.py for tasks to queue
[2026-09-25T16:27:28.619+0000] {logging_mixin.py:190} INFO - [2026-09-25T16:27:28.619+0000] {dagbag.py:588} INFO - Filling up the DagBag from /home/airflow/.local/lib/python3.12/site-packages/airflow/example_dags/example_kubernetes_executor.py
[2026-09-25T16:27:28.778+0000] {processor.py:925} INFO - DAG(s) 'example_kubernetes_executor' retrieved from /home/airflow/.local/lib/python3.12/site-packages/airflow/example_dags/example_kubernetes_executor.py
[2026-09-25T16:27:29.101+0000] {logging_mixin.py:190} INFO - [2026-09-25T16:27:29.086+0000] {dag.py:3239} INFO - Sync 1 DAGs
[2026-09-25T16:27:29.386+0000] {logging_mixin.py:190} INFO - [2026-09-25T16:27:29.386+0000] {dag.py:4180} INFO - Setting next_dagrun for example_kubernetes_executor to None, run_after=None
[2026-09-25T16:27:29.681+0000] {processor.py:208} INFO - Processing /home/airflow/.local/lib/python3.12/site-packages/airflow/example_dags/example_kubernetes_executor.py took 1.166 seconds
[2026-09-25T16:28:24.389+0000] {processor.py:186} INFO - Started process (PID=998) to work on /home/airflow/.local/lib/python3.12/site-packages/airflow/example_dags/example_kubernetes_executor.py
[2026-09-25T16:28:24.405+0000] {processor.py:914} INFO - Processing file /home/airflow/.local/lib/python3.12/site-packages/airflow/example_dags/example_kubernetes_executor.py for tasks to queue
[2026-09-25T16:28:24.413+0000] {logging_mixin.py:190} INFO - [2026-09-25T16:28:24.411+0000] {dagbag.py:588} INFO - Filling up the DagBag from /home/airflow/.local/lib/python3.12/site-packages/airflow/example_dags/example_kubernetes_executor.py
[2026-09-25T16:28:24.569+0000] {processor.py:925} INFO - DAG(s) 'example_kubernetes_executor' retrieved from /home/airflow/.local/lib/python3.12/site-packages/airflow/example_dags/example_kubernetes_executor.py
[2026-09-25T16:28:24.714+0000] {logging_mixin.py:190} INFO - [2026-09-25T16:28:24.713+0000] {dag.py:3239} INFO - Sync 1 DAGs
[2026-09-25T16:28:24.829+0000] {logging_mixin.py:190} INFO - [2026-09-25T16:28:24.828+0000] {dag.py:4180} INFO - Setting next_dagrun for example_kubernetes_executor to None, run_after=None
[2026-09-25T16:28:24.904+0000] {processor.py:208} INFO - Processing /home/airflow/.local/lib/python3.12/site-packages/airflow/example_dags/example_kubernetes_executor.py took 0.533 seconds
[2026-09-25T16:29:02.347+0000] {processor.py:186} INFO - Started process (PID=1051) to work on /home/airflow/.local/lib/python3.12/site-packages/airflow/example_dags/example_kubernetes_executor.py
[2026-09-25T16:29:02.353+0000] {processor.py:914} INFO - Processing file /home/airflow/.local/lib/python3.12/site-packages/airflow/example_dags/example_kubernetes_executor.py for tasks to queue
[2026-09-25T16:29:02.365+0000] {logging_mixin.py:190} INFO - [2026-09-25T16:29:02.363+0000] {dagbag.py:588} INFO - Filling up the DagBag from /home/airflow/.local/lib/python3.12/site-packages/airflow/example_dags/example_kubernetes_executor.py
[2026-09-25T16:29:02.421+0000] {processor.py:925} INFO - DAG(s) 'example_kubernetes_executor' retrieved from /home/airflow/.local/lib/python3.12/site-packages/airflow/example_dags/example_kubernetes_executor.py
[2026-09-25T16:29:02.515+0000] {logging_mixin.py:190} INFO - [2026-09-25T16:29:02.515+0000] {dag.py:3239} INFO - Sync 1 DAGs
[2026-09-25T16:29:02.568+0000] {logging_mixin.py:190} INFO - [2026-09-25T16:29:02.566+0000] {dag.py:4180} INFO - Setting next_dagrun for example_kubernetes_executor to None, run_after=None
[2026-09-25T16:29:02.630+0000] {processor.py:208} INFO - Processing /home/airflow/.local/lib/python3.12/site-packages/airflow/example_dags/example_kubernetes_executor.py took 0.311 seconds
[2026-09-25T16:43:32.205+0000] {processor.py:186} INFO - Started process (PID=83) to work on /home/airflow/.local/lib/python3.12/site-packages/airflow/example_dags/example_kubernetes_executor.py
[2026-09-25T16:43:32.228+0000] {processor.py:914} INFO - Processing file /home/airflow/.local/lib/python3.12/site-packages/airflow/example_dags/example_kubernetes_executor.py for tasks to queue
[2026-09-25T16:43:32.274+0000] {logging_mixin.py:190} INFO - [2026-09-25T16:43:32.273+0000] {dagbag.py:588} INFO - Filling up the DagBag from /home/airflow/.local/lib/python3.12/site-packages/airflow/example_dags/example_kubernetes_executor.py
[2026-09-25T16:43:32.462+0000] {processor.py:925} INFO - DAG(s) 'example_kubernetes_executor' retrieved from /home/airflow/.local/lib/python3.12/site-packages/airflow/example_dags/example_kubernetes_executor.py
[2026-09-25T16:43:34.248+0000] {logging_mixin.py:190} INFO - [2026-09-25T16:43:34.244+0000] {dag.py:3239} INFO - Sync 1 DAGs
[2026-09-25T16:43:35.229+0000] {logging_mixin.py:190} INFO - [2026-09-25T16:43:35.228+0000] {dag.py:4180} INFO - Setting next_dagrun for example_kubernetes_executor to None, run_after=None
[2026-09-25T16:43:35.641+0000] {processor.py:208} INFO - Processing /home/airflow/.local/lib/python3.12/site-packages/airflow/example_dags/example_kubernetes_executor.py took 3.479 seconds
[2026-09-25T16:44:06.429+0000] {processor.py:186} INFO - Started process (PID=145) to work on /home/airflow/.local/lib/python3.12/site-packages/airflow/example_dags/example_kubernetes_executor.py
[2026-09-25T16:44:06.435+0000] {processor.py:914} INFO - Processing file /home/airflow/.local/lib/python3.12/site-packages/airflow/example_dags/example_kubernetes_executor.py for tasks to queue
[2026-09-25T16:44:06.443+0000] {logging_mixin.py:190} INFO - [2026-09-25T16:44:06.442+0000] {dagbag.py:588} INFO - Filling up the DagBag from /home/airflow/.local/lib/python3.12/site-packages/airflow/example_dags/example_kubernetes_executor.py
[2026-09-25T16:44:06.492+0000] {processor.py:925} INFO - DAG(s) 'example_kubernetes_executor' retrieved from /home/airflow/.local/lib/python3.12/site-packages/airflow/example_dags/example_kubernetes_executor.py
[2026-09-25T16:44:06.571+0000] {logging_mixin.py:190} INFO - [2026-09-25T16:44:06.570+0000] {dag.py:3239} INFO - Sync 1 DAGs
[2026-09-25T16:44:06.622+0000] {logging_mixin.py:190} INFO - [2026-09-25T16:44:06.622+0000] {dag.py:4180} INFO - Setting next_dagrun for example_kubernetes_executor to None, run_after=None
[2026-09-25T16:44:06.674+0000] {processor.py:208} INFO - Processing /home/airflow/.local/lib/python3.12/site-packages/airflow/example_dags/example_kubernetes_executor.py took 0.263 seconds
[2026-09-25T16:44:37.519+0000] {processor.py:186} INFO - Started process (PID=208) to work on /home/airflow/.local/lib/python3.12/site-packages/airflow/example_dags/example_kubernetes_executor.py
[2026-09-25T16:44:37.521+0000] {processor.py:914} INFO - Processing file /home/airflow/.local/lib/python3.12/site-packages/airflow/example_dags/example_kubernetes_executor.py for tasks to queue
[2026-09-25T16:44:37.528+0000] {logging_mixin.py:190} INFO - [2026-09-25T16:44:37.527+0000] {dagbag.py:588} INFO - Filling up the DagBag from /home/airflow/.local/lib/python3.12/site-packages/airflow/example_dags/example_kubernetes_executor.py
[2026-09-25T16:44:37.558+0000] {processor.py:925} INFO - DAG(s) 'example_kubernetes_executor' retrieved from /home/airflow/.local/lib/python3.12/site-packages/airflow/example_dags/example_kubernetes_executor.py
[2026-09-25T16:44:37.610+0000] {logging_mixin.py:190} INFO - [2026-09-25T16:44:37.610+0000] {dag.py:3239} INFO - Sync 1 DAGs
[2026-09-25T16:44:37.644+0000] {logging_mixin.py:190} INFO - [2026-09-25T16:44:37.643+0000] {dag.py:4180} INFO - Setting next_dagrun for example_kubernetes_executor to None, run_after=None
[2026-09-25T16:44:37.688+0000] {processor.py:208} INFO - Processing /home/airflow/.local/lib/python3.12/site-packages/airflow/example_dags/example_kubernetes_executor.py took 0.180 seconds
[2026-09-25T16:45:15.988+0000] {processor.py:186} INFO - Started process (PID=271) to work on /home/airflow/.local/lib/python3.12/site-packages/airflow/example_dags/example_kubernetes_executor.py
[2026-09-25T16:45:15.991+0000] {processor.py:914} INFO - Processing file /home/airflow/.local/lib/python3.12/site-packages/airflow/example_dags/example_kubernetes_executor.py for tasks to queue
[2026-09-25T16:45:15.996+0000] {logging_mixin.py:190} INFO - [2026-09-25T16:45:15.995+0000] {dagbag.py:588} INFO - Filling up the DagBag from /home/airflow/.local/lib/python3.12/site-packages/airflow/example_dags/example_kubernetes_executor.py
[2026-09-25T16:45:16.033+0000] {processor.py:925} INFO - DAG(s) 'example_kubernetes_executor' retrieved from /home/airflow/.local/lib/python3.12/site-packages/airflow/example_dags/example_kubernetes_executor.py
[2026-09-25T16:45:16.101+0000] {logging_mixin.py:190} INFO - [2026-09-25T16:45:16.100+0000] {dag.py:3239} INFO - Sync 1 DAGs
[2026-09-25T16:45:16.135+0000] {logging_mixin.py:190} INFO - [2026-09-25T16:45:16.135+0000] {dag.py:4180} INFO - Setting next_dagrun for example_kubernetes_executor to None, run_after=None
[2026-09-25T16:45:16.169+0000] {processor.py:208} INFO - Processing /home/airflow/.local/lib/python3.12/site-packages/airflow/example_dags/example_kubernetes_executor.py took 0.193 seconds
[2026-09-25T16:45:49.164+0000] {processor.py:186} INFO - Started process (PID=326) to work on /home/airflow/.local/lib/python3.12/site-packages/airflow/example_dags/example_kubernetes_executor.py
[2026-09-25T16:45:49.169+0000] {processor.py:914} INFO - Processing file /home/airflow/.local/lib/python3.12/site-packages/airflow/example_dags/example_kubernetes_executor.py for tasks to queue
[2026-09-25T16:45:49.178+0000] {logging_mixin.py:190} INFO - [2026-09-25T16:45:49.176+0000] {dagbag.py:588} INFO - Filling up the DagBag from /home/airflow/.local/lib/python3.12/site-packages/airflow/example_dags/example_kubernetes_executor.py
[2026-09-25T16:45:49.241+0000] {processor.py:925} INFO - DAG(s) 'example_kubernetes_executor' retrieved from /home/airflow/.local/lib/python3.12/site-packages/airflow/example_dags/example_kubernetes_executor.py
[2026-09-25T16:45:49.391+0000] {logging_mixin.py:190} INFO - [2026-09-25T16:45:49.391+0000] {dag.py:3239} INFO - Sync 1 DAGs
[2026-09-25T16:45:49.451+0000] {logging_mixin.py:190} INFO - [2026-09-25T16:45:49.450+0000] {dag.py:4180} INFO - Setting next_dagrun for example_kubernetes_executor to None, run_after=None
[2026-09-25T16:45:49.494+0000] {processor.py:208} INFO - Processing /home/airflow/.local/lib/python3.12/site-packages/airflow/example_dags/example_kubernetes_executor.py took 0.363 seconds
[2026-09-25T16:46:22.419+0000] {processor.py:186} INFO - Started process (PID=388) to work on /home/airflow/.local/lib/python3.12/site-packages/airflow/example_dags/example_kubernetes_executor.py
[2026-09-25T16:46:22.422+0000] {processor.py:914} INFO - Processing file /home/airflow/.local/lib/python3.12/site-packages/airflow/example_dags/example_kubernetes_executor.py for tasks to queue
[2026-09-25T16:46:22.428+0000] {logging_mixin.py:190} INFO - [2026-09-25T16:46:22.427+0000] {dagbag.py:588} INFO - Filling up the DagBag from /home/airflow/.local/lib/python3.12/site-packages/airflow/example_dags/example_kubernetes_executor.py
[2026-09-25T16:46:22.479+0000] {processor.py:925} INFO - DAG(s) 'example_kubernetes_executor' retrieved from /home/airflow/.local/lib/python3.12/site-packages/airflow/example_dags/example_kubernetes_executor.py
[2026-09-25T16:46:22.567+0000] {logging_mixin.py:190} INFO - [2026-09-25T16:46:22.566+0000] {dag.py:3239} INFO - Sync 1 DAGs
[2026-09-25T16:46:22.630+0000] {logging_mixin.py:190} INFO - [2026-09-25T16:46:22.629+0000] {dag.py:4180} INFO - Setting next_dagrun for example_kubernetes_executor to None, run_after=None
[2026-09-25T16:46:22.712+0000] {processor.py:208} INFO - Processing /home/airflow/.local/lib/python3.12/site-packages/airflow/example_dags/example_kubernetes_executor.py took 0.308 seconds
[2026-09-25T16:46:54.137+0000] {processor.py:186} INFO - Started process (PID=451) to work on /home/airflow/.local/lib/python3.12/site-packages/airflow/example_dags/example_kubernetes_executor.py
[2026-09-25T16:46:54.142+0000] {processor.py:914} INFO - Processing file /home/airflow/.local/lib/python3.12/site-packages/airflow/example_dags/example_kubernetes_executor.py for tasks to queue
[2026-09-25T16:46:54.158+0000] {logging_mixin.py:190} INFO - [2026-09-25T16:46:54.157+0000] {dagbag.py:588} INFO - Filling up the DagBag from /home/airflow/.local/lib/python3.12/site-packages/airflow/example_dags/example_kubernetes_executor.py
[2026-09-25T16:46:54.210+0000] {processor.py:925} INFO - DAG(s) 'example_kubernetes_executor' retrieved from /home/airflow/.local/lib/python3.12/site-packages/airflow/example_dags/example_kubernetes_executor.py
[2026-09-25T16:46:54.310+0000] {logging_mixin.py:190} INFO - [2026-09-25T16:46:54.309+0000] {dag.py:3239} INFO - Sync 1 DAGs
[2026-09-25T16:46:54.357+0000] {logging_mixin.py:190} INFO - [2026-09-25T16:46:54.356+0000] {dag.py:4180} INFO - Setting next_dagrun for example_kubernetes_executor to None, run_after=None
[2026-09-25T16:46:54.470+0000] {processor.py:208} INFO - Processing /home/airflow/.local/lib/python3.12/site-packages/airflow/example_dags/example_kubernetes_executor.py took 0.371 seconds
[2026-09-25T16:47:32.538+0000] {processor.py:186} INFO - Started process (PID=513) to work on /home/airflow/.local/lib/python3.12/site-packages/airflow/example_dags/example_kubernetes_executor.py
[2026-09-25T16:47:32.565+0000] {processor.py:914} INFO - Processing file /home/airflow/.local/lib/python3.12/site-packages/airflow/example_dags/example_kubernetes_executor.py for tasks to queue
[2026-09-25T16:47:32.617+0000] {logging_mixin.py:190} INFO - [2026-09-25T16:47:32.613+0000] {dagbag.py:588} INFO - Filling up the DagBag from /home/airflow/.local/lib/python3.12/site-packages/airflow/example_dags/example_kubernetes_executor.py
[2026-09-25T16:47:32.779+0000] {processor.py:925} INFO - DAG(s) 'example_kubernetes_executor' retrieved from /home/airflow/.local/lib/python3.12/site-packages/airflow/example_dags/example_kubernetes_executor.py
[2026-09-25T16:47:33.091+0000] {logging_mixin.py:190} INFO - [2026-09-25T16:47:33.086+0000] {dag.py:3239} INFO - Sync 1 DAGs
[2026-09-25T16:47:33.601+0000] {logging_mixin.py:190} INFO - [2026-09-25T16:47:33.598+0000] {dag.py:4180} INFO - Setting next_dagrun for example_kubernetes_executor to None, run_after=None
[2026-09-25T16:47:33.927+0000] {processor.py:208} INFO - Processing /home/airflow/.local/lib/python3.12/site-packages/airflow/example_dags/example_kubernetes_executor.py took 1.472 seconds
[2026-09-25T16:48:12.773+0000] {processor.py:186} INFO - Started process (PID=580) to work on /home/airflow/.local/lib/python3.12/site-packages/airflow/example_dags/example_kubernetes_executor.py
[2026-09-25T16:48:12.776+0000] {processor.py:914} INFO - Processing file /home/airflow/.local/lib/python3.12/site-packages/airflow/example_dags/example_kubernetes_executor.py for tasks to queue
[2026-09-25T16:48:12.783+0000] {logging_mixin.py:190} INFO - [2026-09-25T16:48:12.782+0000] {dagbag.py:588} INFO - Filling up the DagBag from /home/airflow/.local/lib/python3.12/site-packages/airflow/example_dags/example_kubernetes_executor.py
[2026-09-25T16:48:12.840+0000] {processor.py:925} INFO - DAG(s) 'example_kubernetes_executor' retrieved from /home/airflow/.local/lib/python3.12/site-packages/airflow/example_dags/example_kubernetes_executor.py
[2026-09-25T16:48:12.929+0000] {logging_mixin.py:190} INFO - [2026-09-25T16:48:12.928+0000] {dag.py:3239} INFO - Sync 1 DAGs
[2026-09-25T16:48:13.097+0000] {logging_mixin.py:190} INFO - [2026-09-25T16:48:13.096+0000] {dag.py:4180} INFO - Setting next_dagrun for example_kubernetes_executor to None, run_after=None
[2026-09-25T16:48:13.384+0000] {processor.py:208} INFO - Processing /home/airflow/.local/lib/python3.12/site-packages/airflow/example_dags/example_kubernetes_executor.py took 0.627 seconds
[2026-09-25T16:48:45.846+0000] {processor.py:186} INFO - Started process (PID=642) to work on /home/airflow/.local/lib/python3.12/site-packages/airflow/example_dags/example_kubernetes_executor.py
[2026-09-25T16:48:45.850+0000] {processor.py:914} INFO - Processing file /home/airflow/.local/lib/python3.12/site-packages/airflow/example_dags/example_kubernetes_executor.py for tasks to queue
[2026-09-25T16:48:45.859+0000] {logging_mixin.py:190} INFO - [2026-09-25T16:48:45.858+0000] {dagbag.py:588} INFO - Filling up the DagBag from /home/airflow/.local/lib/python3.12/site-packages/airflow/example_dags/example_kubernetes_executor.py
[2026-09-25T16:48:45.921+0000] {processor.py:925} INFO - DAG(s) 'example_kubernetes_executor' retrieved from /home/airflow/.local/lib/python3.12/site-packages/airflow/example_dags/example_kubernetes_executor.py
[2026-09-25T16:48:46.075+0000] {logging_mixin.py:190} INFO - [2026-09-25T16:48:46.074+0000] {dag.py:3239} INFO - Sync 1 DAGs
[2026-09-25T16:48:46.201+0000] {logging_mixin.py:190} INFO - [2026-09-25T16:48:46.200+0000] {dag.py:4180} INFO - Setting next_dagrun for example_kubernetes_executor to None, run_after=None
[2026-09-25T16:48:46.241+0000] {processor.py:208} INFO - Processing /home/airflow/.local/lib/python3.12/site-packages/airflow/example_dags/example_kubernetes_executor.py took 0.420 seconds
[2026-09-25T16:49:16.782+0000] {processor.py:186} INFO - Started process (PID=705) to work on /home/airflow/.local/lib/python3.12/site-packages/airflow/example_dags/example_kubernetes_executor.py
[2026-09-25T16:49:16.784+0000] {processor.py:914} INFO - Processing file /home/airflow/.local/lib/python3.12/site-packages/airflow/example_dags/example_kubernetes_executor.py for tasks to queue
[2026-09-25T16:49:16.790+0000] {logging_mixin.py:190} INFO - [2026-09-25T16:49:16.789+0000] {dagbag.py:588} INFO - Filling up the DagBag from /home/airflow/.local/lib/python3.12/site-packages/airflow/example_dags/example_kubernetes_executor.py
[2026-09-25T16:49:16.818+0000] {processor.py:925} INFO - DAG(s) 'example_kubernetes_executor' retrieved from /home/airflow/.local/lib/python3.12/site-packages/airflow/example_dags/example_kubernetes_executor.py
[2026-09-25T16:49:16.875+0000] {logging_mixin.py:190} INFO - [2026-09-25T16:49:16.874+0000] {dag.py:3239} INFO - Sync 1 DAGs
[2026-09-25T16:49:16.908+0000] {logging_mixin.py:190} INFO - [2026-09-25T16:49:16.908+0000] {dag.py:4180} INFO - Setting next_dagrun for example_kubernetes_executor to None, run_after=None
[2026-09-25T16:49:16.947+0000] {processor.py:208} INFO - Processing /home/airflow/.local/lib/python3.12/site-packages/airflow/example_dags/example_kubernetes_executor.py took 0.174 seconds
