[2026-09-25T16:15:51.936+0000] {processor.py:186} INFO - Started process (PID=110) to work on /home/airflow/.local/lib/python3.12/site-packages/airflow/example_dags/example_branch_labels.py
[2026-09-25T16:15:51.948+0000] {processor.py:914} INFO - Processing file /home/airflow/.local/lib/python3.12/site-packages/airflow/example_dags/example_branch_labels.py for tasks to queue
[2026-09-25T16:15:52.016+0000] {logging_mixin.py:190} INFO - [2026-09-25T16:15:52.015+0000] {dagbag.py:588} INFO - Filling up the DagBag from /home/airflow/.local/lib/python3.12/site-packages/airflow/example_dags/example_branch_labels.py
[2026-09-25T16:15:52.287+0000] {processor.py:925} INFO - DAG(s) 'example_branch_labels' retrieved from /home/airflow/.local/lib/python3.12/site-packages/airflow/example_dags/example_branch_labels.py
[2026-09-25T16:15:52.354+0000] {logging_mixin.py:190} INFO - [2026-09-25T16:15:52.354+0000] {dag.py:3239} INFO - Sync 1 DAGs
[2026-09-25T16:15:52.553+0000] {logging_mixin.py:190} INFO - [2026-09-25T16:15:52.553+0000] {dag.py:4180} INFO - Setting next_dagrun for example_branch_labels to 2026-09-24 00:00:00+00:00, run_after=2026-09-25 00:00:00+00:00
[2026-09-25T16:15:52.816+0000] {processor.py:208} INFO - Processing /home/airflow/.local/lib/python3.12/site-packages/airflow/example_dags/example_branch_labels.py took 1.050 seconds
[2026-09-25T16:18:38.356+0000] {processor.py:186} INFO - Started process (PID=203) to work on /home/airflow/.local/lib/python3.12/site-packages/airflow/example_dags/example_branch_labels.py
[2026-09-25T16:18:38.367+0000] {processor.py:914} INFO - Processing file /home/airflow/.local/lib/python3.12/site-packages/airflow/example_dags/example_branch_labels.py for tasks to queue
[2026-09-25T16:18:38.383+0000] {logging_mixin.py:190} INFO - [2026-09-25T16:18:38.381+0000] {dagbag.py:588} INFO - Filling up the DagBag from /home/airflow/.local/lib/python3.12/site-packages/airflow/example_dags/example_branch_labels.py
[2026-09-25T16:18:38.509+0000] {processor.py:925} INFO - DAG(s) 'example_branch_labels' retrieved from /home/airflow/.local/lib/python3.12/site-packages/airflow/example_dags/example_branch_labels.py
[2026-09-25T16:18:39.363+0000] {logging_mixin.py:190} INFO - [2026-09-25T16:18:39.363+0000] {dag.py:3239} INFO - Sync 1 DAGs
[2026-09-25T16:18:39.913+0000] {logging_mixin.py:190} INFO - [2026-09-25T16:18:39.913+0000] {dag.py:4180} INFO - Setting next_dagrun for example_branch_labels to 2026-09-24 00:00:00+00:00, run_after=2026-09-25 00:00:00+00:00
[2026-09-25T16:18:40.093+0000] {processor.py:208} INFO - Processing /home/airflow/.local/lib/python3.12/site-packages/airflow/example_dags/example_branch_labels.py took 1.797 seconds
[2026-09-25T16:19:50.368+0000] {processor.py:186} INFO - Started process (PID=260) to work on /home/airflow/.local/lib/python3.12/site-packages/airflow/example_dags/example_branch_labels.py
[2026-09-25T16:19:50.426+0000] {processor.py:914} INFO - Processing file /home/airflow/.local/lib/python3.12/site-packages/airflow/example_dags/example_branch_labels.py for tasks to queue
[2026-09-25T16:19:50.505+0000] {logging_mixin.py:190} INFO - [2026-09-25T16:19:50.504+0000] {dagbag.py:588} INFO - Filling up the DagBag from /home/airflow/.local/lib/python3.12/site-packages/airflow/example_dags/example_branch_labels.py
[2026-09-25T16:19:50.706+0000] {processor.py:925} INFO - DAG(s) 'example_branch_labels' retrieved from /home/airflow/.local/lib/python3.12/site-packages/airflow/example_dags/example_branch_labels.py
[2026-09-25T16:19:51.325+0000] {logging_mixin.py:190} INFO - [2026-09-25T16:19:51.324+0000] {dag.py:3239} INFO - Sync 1 DAGs
[2026-09-25T16:19:51.981+0000] {logging_mixin.py:190} INFO - [2026-09-25T16:19:51.977+0000] {dag.py:4180} INFO - Setting next_dagrun for example_branch_labels to 2026-09-24 00:00:00+00:00, run_after=2026-09-25 00:00:00+00:00
[2026-09-25T16:19:52.668+0000] {processor.py:208} INFO - Processing /home/airflow/.local/lib/python3.12/site-packages/airflow/example_dags/example_branch_labels.py took 2.495 seconds
[2026-09-25T16:21:28.654+0000] {processor.py:186} INFO - Started process (PID=362) to work on /home/airflow/.local/lib/python3.12/site-packages/airflow/example_dags/example_branch_labels.py
[2026-09-25T16:21:28.661+0000] {processor.py:914} INFO - Processing file /home/airflow/.local/lib/python3.12/site-packages/airflow/example_dags/example_branch_labels.py for tasks to queue
[2026-09-25T16:21:28.674+0000] {logging_mixin.py:190} INFO - [2026-09-25T16:21:28.670+0000] {dagbag.py:588} INFO - Filling up the DagBag from /home/airflow/.local/lib/python3.12/site-packages/airflow/example_dags/example_branch_labels.py
[2026-09-25T16:21:28.833+0000] {processor.py:925} INFO - DAG(s) 'example_branch_labels' retrieved from /home/airflow/.local/lib/python3.12/site-packages/airflow/example_dags/example_branch_labels.py
[2026-09-25T16:21:29.296+0000] {logging_mixin.py:190} INFO - [2026-09-25T16:21:29.295+0000] {dag.py:3239} INFO - Sync 1 DAGs
[2026-09-25T16:21:29.787+0000] {logging_mixin.py:190} INFO - [2026-09-25T16:21:29.786+0000] {dag.py:4180} INFO - Setting next_dagrun for example_branch_labels to 2026-09-24 00:00:00+00:00, run_after=2026-09-25 00:00:00+00:00
[2026-09-25T16:21:29.943+0000] {processor.py:208} INFO - Processing /home/airflow/.local/lib/python3.12/site-packages/airflow/example_dags/example_branch_labels.py took 1.338 seconds
[2026-09-25T16:22:36.715+0000] {processor.py:186} INFO - Started process (PID=435) to work on /home/airflow/.local/lib/python3.12/site-packages/airflow/example_dags/example_branch_labels.py
[2026-09-25T16:22:36.719+0000] {processor.py:914} INFO - Processing file /home/airflow/.local/lib/python3.12/site-packages/airflow/example_dags/example_branch_labels.py for tasks to queue
[2026-09-25T16:22:36.728+0000] {logging_mixin.py:190} INFO - [2026-09-25T16:22:36.727+0000] {dagbag.py:588} INFO - Filling up the DagBag from /home/airflow/.local/lib/python3.12/site-packages/airflow/example_dags/example_branch_labels.py
[2026-09-25T16:22:36.838+0000] {processor.py:925} INFO - DAG(s) 'example_branch_labels' retrieved from /home/airflow/.local/lib/python3.12/site-packages/airflow/example_dags/example_branch_labels.py
[2026-09-25T16:22:37.125+0000] {logging_mixin.py:190} INFO - [2026-09-25T16:22:37.125+0000] {dag.py:3239} INFO - Sync 1 DAGs
[2026-09-25T16:22:37.249+0000] {logging_mixin.py:190} INFO - [2026-09-25T16:22:37.249+0000] {dag.py:4180} INFO - Setting next_dagrun for example_branch_labels to 2026-09-24 00:00:00+00:00, run_after=2026-09-25 00:00:00+00:00
[2026-09-25T16:22:37.301+0000] {processor.py:208} INFO - Processing /home/airflow/.local/lib/python3.12/site-packages/airflow/example_dags/example_branch_labels.py took 0.622 seconds
[2026-09-25T16:23:13.433+0000] {processor.py:186} INFO - Started process (PID=499) to work on /home/airflow/.local/lib/python3.12/site-packages/airflow/example_dags/example_branch_labels.py
[2026-09-25T16:23:13.437+0000] {processor.py:914} INFO - Processing file /home/airflow/.local/lib/python3.12/site-packages/airflow/example_dags/example_branch_labels.py for tasks to queue
[2026-09-25T16:23:13.443+0000] {logging_mixin.py:190} INFO - [2026-09-25T16:23:13.442+0000] {dagbag.py:588} INFO - Filling up the DagBag from /home/airflow/.local/lib/python3.12/site-packages/airflow/example_dags/example_branch_labels.py
[2026-09-25T16:23:13.477+0000] {processor.py:925} INFO - DAG(s) 'example_branch_labels' retrieved from /home/airflow/.local/lib/python3.12/site-packages/airflow/example_dags/example_branch_labels.py
[2026-09-25T16:23:13.528+0000] {logging_mixin.py:190} INFO - [2026-09-25T16:23:13.527+0000] {dag.py:3239} INFO - Sync 1 DAGs
[2026-09-25T16:23:13.606+0000] {logging_mixin.py:190} INFO - [2026-09-25T16:23:13.605+0000] {dag.py:4180} INFO - Setting next_dagrun for example_branch_labels to 2026-09-24 00:00:00+00:00, run_after=2026-09-25 00:00:00+00:00
[2026-09-25T16:23:13.654+0000] {processor.py:208} INFO - Processing /home/airflow/.local/lib/python3.12/site-packages/airflow/example_dags/example_branch_labels.py took 0.237 seconds
[2026-09-25T16:23:54.385+0000] {processor.py:186} INFO - Started process (PID=562) to work on /home/airflow/.local/lib/python3.12/site-packages/airflow/example_dags/example_branch_labels.py
[2026-09-25T16:23:54.388+0000] {processor.py:914} INFO - Processing file /home/airflow/.local/lib/python3.12/site-packages/airflow/example_dags/example_branch_labels.py for tasks to queue
[2026-09-25T16:23:54.394+0000] {logging_mixin.py:190} INFO - [2026-09-25T16:23:54.392+0000] {dagbag.py:588} INFO - Filling up the DagBag from /home/airflow/.local/lib/python3.12/site-packages/airflow/example_dags/example_branch_labels.py
[2026-09-25T16:23:54.433+0000] {processor.py:925} INFO - DAG(s) 'example_branch_labels' retrieved from /home/airflow/.local/lib/python3.12/site-packages/airflow/example_dags/example_branch_labels.py
[2026-09-25T16:23:54.511+0000] {logging_mixin.py:190} INFO - [2026-09-25T16:23:54.510+0000] {dag.py:3239} INFO - Sync 1 DAGs
[2026-09-25T16:23:54.582+0000] {logging_mixin.py:190} INFO - [2026-09-25T16:23:54.582+0000] {dag.py:4180} INFO - Setting next_dagrun for example_branch_labels to 2026-09-24 00:00:00+00:00, run_after=2026-09-25 00:00:00+00:00
[2026-09-25T16:23:54.631+0000] {processor.py:208} INFO - Processing /home/airflow/.local/lib/python3.12/site-packages/airflow/example_dags/example_branch_labels.py took 0.257 seconds
[2026-09-25T16:24:24.883+0000] {processor.py:186} INFO - Started process (PID=625) to work on /home/airflow/.local/lib/python3.12/site-packages/airflow/example_dags/example_branch_labels.py
[2026-09-25T16:24:24.885+0000] {processor.py:914} INFO - Processing file /home/airflow/.local/lib/python3.12/site-packages/airflow/example_dags/example_branch_labels.py for tasks to queue
[2026-09-25T16:24:24.892+0000] {logging_mixin.py:190} INFO - [2026-09-25T16:24:24.891+0000] {dagbag.py:588} INFO - Filling up the DagBag from /home/airflow/.local/lib/python3.12/site-packages/airflow/example_dags/example_branch_labels.py
[2026-09-25T16:24:24.921+0000] {processor.py:925} INFO - DAG(s) 'example_branch_labels' retrieved from /home/airflow/.local/lib/python3.12/site-packages/airflow/example_dags/example_branch_labels.py
[2026-09-25T16:24:25.016+0000] {logging_mixin.py:190} INFO - [2026-09-25T16:24:25.015+0000] {dag.py:3239} INFO - Sync 1 DAGs
[2026-09-25T16:24:25.129+0000] {logging_mixin.py:190} INFO - [2026-09-25T16:24:25.128+0000] {dag.py:4180} INFO - Setting next_dagrun for example_branch_labels to 2026-09-24 00:00:00+00:00, run_after=2026-09-25 00:00:00+00:00
[2026-09-25T16:24:25.197+0000] {processor.py:208} INFO - Processing /home/airflow/.local/lib/python3.12/site-packages/airflow/example_dags/example_branch_labels.py took 0.330 seconds
[2026-09-25T16:25:11.940+0000] {processor.py:186} INFO - Started process (PID=686) to work on /home/airflow/.local/lib/python3.12/site-packages/airflow/example_dags/example_branch_labels.py
[2026-09-25T16:25:11.945+0000] {processor.py:914} INFO - Processing file /home/airflow/.local/lib/python3.12/site-packages/airflow/example_dags/example_branch_labels.py for tasks to queue
[2026-09-25T16:25:11.969+0000] {logging_mixin.py:190} INFO - [2026-09-25T16:25:11.968+0000] {dagbag.py:588} INFO - Filling up the DagBag from /home/airflow/.local/lib/python3.12/site-packages/airflow/example_dags/example_branch_labels.py
[2026-09-25T16:25:12.057+0000] {processor.py:925} INFO - DAG(s) 'example_branch_labels' retrieved from /home/airflow/.local/lib/python3.12/site-packages/airflow/example_dags/example_branch_labels.py
[2026-09-25T16:25:12.171+0000] {logging_mixin.py:190} INFO - [2026-09-25T16:25:12.170+0000] {dag.py:3239} INFO - Sync 1 DAGs
[2026-09-25T16:25:12.278+0000] {logging_mixin.py:190} INFO - [2026-09-25T16:25:12.278+0000] {dag.py:4180} INFO - Setting next_dagrun for example_branch_labels to 2026-09-24 00:00:00+00:00, run_after=2026-09-25 00:00:00+00:00
[2026-09-25T16:25:12.367+0000] {processor.py:208} INFO - Processing /home/airflow/.local/lib/python3.12/site-packages/airflow/example_dags/example_branch_labels.py took 0.445 seconds
[2026-09-25T16:25:52.728+0000] {processor.py:186} INFO - Started process (PID=748) to work on /home/airflow/.local/lib/python3.12/site-packages/airflow/example_dags/example_branch_labels.py
[2026-09-25T16:25:52.732+0000] {processor.py:914} INFO - Processing file /home/airflow/.local/lib/python3.12/site-packages/airflow/example_dags/example_branch_labels.py for tasks to queue
[2026-09-25T16:25:52.737+0000] {logging_mixin.py:190} INFO - [2026-09-25T16:25:52.736+0000] {dagbag.py:588} INFO - Filling up the DagBag from /home/airflow/.local/lib/python3.12/site-packages/airflow/example_dags/example_branch_labels.py
[2026-09-25T16:25:52.765+0000] {processor.py:925} INFO - DAG(s) 'example_branch_labels' retrieved from /home/airflow/.local/lib/python3.12/site-packages/airflow/example_dags/example_branch_labels.py
[2026-09-25T16:25:52.830+0000] {logging_mixin.py:190} INFO - [2026-09-25T16:25:52.830+0000] {dag.py:3239} INFO - Sync 1 DAGs
[2026-09-25T16:25:52.900+0000] {logging_mixin.py:190} INFO - [2026-09-25T16:25:52.899+0000] {dag.py:4180} INFO - Setting next_dagrun for example_branch_labels to 2026-09-24 00:00:00+00:00, run_after=2026-09-25 00:00:00+00:00
[2026-09-25T16:25:52.950+0000] {processor.py:208} INFO - Processing /home/airflow/.local/lib/python3.12/site-packages/airflow/example_dags/example_branch_labels.py took 0.236 seconds
[2026-09-25T16:26:23.195+0000] {processor.py:186} INFO - Started process (PID=810) to work on /home/airflow/.local/lib/python3.12/site-packages/airflow/example_dags/example_branch_labels.py
[2026-09-25T16:26:23.196+0000] {processor.py:914} INFO - Processing file /home/airflow/.local/lib/python3.12/site-packages/airflow/example_dags/example_branch_labels.py for tasks to queue
[2026-09-25T16:26:23.201+0000] {logging_mixin.py:190} INFO - [2026-09-25T16:26:23.200+0000] {dagbag.py:588} INFO - Filling up the DagBag from /home/airflow/.local/lib/python3.12/site-packages/airflow/example_dags/example_branch_labels.py
[2026-09-25T16:26:23.219+0000] {processor.py:925} INFO - DAG(s) 'example_branch_labels' retrieved from /home/airflow/.local/lib/python3.12/site-packages/airflow/example_dags/example_branch_labels.py
[2026-09-25T16:26:23.262+0000] {logging_mixin.py:190} INFO - [2026-09-25T16:26:23.262+0000] {dag.py:3239} INFO - Sync 1 DAGs
[2026-09-25T16:26:23.320+0000] {logging_mixin.py:190} INFO - [2026-09-25T16:26:23.319+0000] {dag.py:4180} INFO - Setting next_dagrun for example_branch_labels to 2026-09-24 00:00:00+00:00, run_after=2026-09-25 00:00:00+00:00
[2026-09-25T16:26:23.367+0000] {processor.py:208} INFO - Processing /home/airflow/.local/lib/python3.12/site-packages/airflow/example_dags/example_branch_labels.py took 0.186 seconds
[2026-09-25T16:27:00.638+0000] {processor.py:186} INFO - Started process (PID=875) to work on /home/airflow/.local/lib/python3.12/site-packages/airflow/example_dags/example_branch_labels.py
[2026-09-25T16:27:00.641+0000] {processor.py:914} INFO - Processing file /home/airflow/.local/lib/python3.12/site-packages/airflow/example_dags/example_branch_labels.py for tasks to queue
[2026-09-25T16:27:00.649+0000] {logging_mixin.py:190} INFO - [2026-09-25T16:27:00.648+0000] {dagbag.py:588} INFO - Filling up the DagBag from /home/airflow/.local/lib/python3.12/site-packages/airflow/example_dags/example_branch_labels.py
[2026-09-25T16:27:00.676+0000] {processor.py:925} INFO - DAG(s) 'example_branch_labels' retrieved from /home/airflow/.local/lib/python3.12/site-packages/airflow/example_dags/example_branch_labels.py
[2026-09-25T16:27:00.921+0000] {logging_mixin.py:190} INFO - [2026-09-25T16:27:00.920+0000] {dag.py:3239} INFO - Sync 1 DAGs
[2026-09-25T16:27:01.331+0000] {logging_mixin.py:190} INFO - [2026-09-25T16:27:01.331+0000] {dag.py:4180} INFO - Setting next_dagrun for example_branch_labels to 2026-09-24 00:00:00+00:00, run_after=2026-09-25 00:00:00+00:00
[2026-09-25T16:27:01.411+0000] {processor.py:208} INFO - Processing /home/airflow/.local/lib/python3.12/site-packages/airflow/example_dags/example_branch_labels.py took 0.788 seconds
[2026-09-25T16:27:33.428+0000] {processor.py:186} INFO - Started process (PID=937) to work on /home/airflow/.local/lib/python3.12/site-packages/airflow/example_dags/example_branch_labels.py
[2026-09-25T16:27:33.439+0000] {processor.py:914} INFO - Processing file /home/airflow/.local/lib/python3.12/site-packages/airflow/example_dags/example_branch_labels.py for tasks to queue
[2026-09-25T16:27:33.484+0000] {logging_mixin.py:190} INFO - [2026-09-25T16:27:33.476+0000] {dagbag.py:588} INFO - Filling up the DagBag from /home/airflow/.local/lib/python3.12/site-packages/airflow/example_dags/example_branch_labels.py
[2026-09-25T16:27:33.689+0000] {processor.py:925} INFO - DAG(s) 'example_branch_labels' retrieved from /home/airflow/.local/lib/python3.12/site-packages/airflow/example_dags/example_branch_labels.py
[2026-09-25T16:27:33.810+0000] {logging_mixin.py:190} INFO - [2026-09-25T16:27:33.808+0000] {dag.py:3239} INFO - Sync 1 DAGs
[2026-09-25T16:27:33.996+0000] {logging_mixin.py:190} INFO - [2026-09-25T16:27:33.996+0000] {dag.py:4180} INFO - Setting next_dagrun for example_branch_labels to 2026-09-24 00:00:00+00:00, run_after=2026-09-25 00:00:00+00:00
[2026-09-25T16:27:34.330+0000] {processor.py:208} INFO - Processing /home/airflow/.local/lib/python3.12/site-packages/airflow/example_dags/example_branch_labels.py took 1.101 seconds
[2026-09-25T16:28:26.928+0000] {processor.py:186} INFO - Started process (PID=1004) to work on /home/airflow/.local/lib/python3.12/site-packages/airflow/example_dags/example_branch_labels.py
[2026-09-25T16:28:26.931+0000] {processor.py:914} INFO - Processing file /home/airflow/.local/lib/python3.12/site-packages/airflow/example_dags/example_branch_labels.py for tasks to queue
[2026-09-25T16:28:26.937+0000] {logging_mixin.py:190} INFO - [2026-09-25T16:28:26.936+0000] {dagbag.py:588} INFO - Filling up the DagBag from /home/airflow/.local/lib/python3.12/site-packages/airflow/example_dags/example_branch_labels.py
[2026-09-25T16:28:26.982+0000] {processor.py:925} INFO - DAG(s) 'example_branch_labels' retrieved from /home/airflow/.local/lib/python3.12/site-packages/airflow/example_dags/example_branch_labels.py
[2026-09-25T16:28:27.077+0000] {logging_mixin.py:190} INFO - [2026-09-25T16:28:27.076+0000] {dag.py:3239} INFO - Sync 1 DAGs
[2026-09-25T16:28:27.251+0000] {logging_mixin.py:190} INFO - [2026-09-25T16:28:27.250+0000] {dag.py:4180} INFO - Setting next_dagrun for example_branch_labels to 2026-09-24 00:00:00+00:00, run_after=2026-09-25 00:00:00+00:00
[2026-09-25T16:28:27.334+0000] {processor.py:208} INFO - Processing /home/airflow/.local/lib/python3.12/site-packages/airflow/example_dags/example_branch_labels.py took 0.423 seconds
[2026-09-25T16:29:09.627+0000] {processor.py:186} INFO - Started process (PID=1070) to work on /home/airflow/.local/lib/python3.12/site-packages/airflow/example_dags/example_branch_labels.py
[2026-09-25T16:29:09.638+0000] {processor.py:914} INFO - Processing file /home/airflow/.local/lib/python3.12/site-packages/airflow/example_dags/example_branch_labels.py for tasks to queue
[2026-09-25T16:29:09.652+0000] {logging_mixin.py:190} INFO - [2026-09-25T16:29:09.649+0000] {dagbag.py:588} INFO - Filling up the DagBag from /home/airflow/.local/lib/python3.12/site-packages/airflow/example_dags/example_branch_labels.py
[2026-09-25T16:29:09.696+0000] {processor.py:925} INFO - DAG(s) 'example_branch_labels' retrieved from /home/airflow/.local/lib/python3.12/site-packages/airflow/example_dags/example_branch_labels.py
[2026-09-25T16:29:09.784+0000] {logging_mixin.py:190} INFO - [2026-09-25T16:29:09.783+0000] {dag.py:3239} INFO - Sync 1 DAGs
[2026-09-25T16:29:09.906+0000] {logging_mixin.py:190} INFO - [2026-09-25T16:29:09.905+0000] {dag.py:4180} INFO - Setting next_dagrun for example_branch_labels to 2026-09-24 00:00:00+00:00, run_after=2026-09-25 00:00:00+00:00
[2026-09-25T16:29:10.063+0000] {processor.py:208} INFO - Processing /home/airflow/.local/lib/python3.12/site-packages/airflow/example_dags/example_branch_labels.py took 0.469 seconds
[2026-09-25T16:43:45.640+0000] {processor.py:186} INFO - Started process (PID=91) to work on /home/airflow/.local/lib/python3.12/site-packages/airflow/example_dags/example_branch_labels.py
[2026-09-25T16:43:45.645+0000] {processor.py:914} INFO - Processing file /home/airflow/.local/lib/python3.12/site-packages/airflow/example_dags/example_branch_labels.py for tasks to queue
[2026-09-25T16:43:45.678+0000] {logging_mixin.py:190} INFO - [2026-09-25T16:43:45.677+0000] {dagbag.py:588} INFO - Filling up the DagBag from /home/airflow/.local/lib/python3.12/site-packages/airflow/example_dags/example_branch_labels.py
[2026-09-25T16:43:45.746+0000] {processor.py:925} INFO - DAG(s) 'example_branch_labels' retrieved from /home/airflow/.local/lib/python3.12/site-packages/airflow/example_dags/example_branch_labels.py
[2026-09-25T16:43:45.837+0000] {logging_mixin.py:190} INFO - [2026-09-25T16:43:45.835+0000] {dag.py:3239} INFO - Sync 1 DAGs
[2026-09-25T16:43:46.158+0000] {logging_mixin.py:190} INFO - [2026-09-25T16:43:46.156+0000] {dag.py:4180} INFO - Setting next_dagrun for example_branch_labels to 2026-09-24 00:00:00+00:00, run_after=2026-09-25 00:00:00+00:00
[2026-09-25T16:43:46.538+0000] {processor.py:208} INFO - Processing /home/airflow/.local/lib/python3.12/site-packages/airflow/example_dags/example_branch_labels.py took 0.969 seconds
[2026-09-25T16:44:17.985+0000] {processor.py:186} INFO - Started process (PID=153) to work on /home/airflow/.local/lib/python3.12/site-packages/airflow/example_dags/example_branch_labels.py
[2026-09-25T16:44:17.997+0000] {processor.py:914} INFO - Processing file /home/airflow/.local/lib/python3.12/site-packages/airflow/example_dags/example_branch_labels.py for tasks to queue
[2026-09-25T16:44:18.009+0000] {logging_mixin.py:190} INFO - [2026-09-25T16:44:18.008+0000] {dagbag.py:588} INFO - Filling up the DagBag from /home/airflow/.local/lib/python3.12/site-packages/airflow/example_dags/example_branch_labels.py
[2026-09-25T16:44:18.141+0000] {processor.py:925} INFO - DAG(s) 'example_branch_labels' retrieved from /home/airflow/.local/lib/python3.12/site-packages/airflow/example_dags/example_branch_labels.py
[2026-09-25T16:44:18.279+0000] {logging_mixin.py:190} INFO - [2026-09-25T16:44:18.278+0000] {dag.py:3239} INFO - Sync 1 DAGs
[2026-09-25T16:44:18.418+0000] {logging_mixin.py:190} INFO - [2026-09-25T16:44:18.418+0000] {dag.py:4180} INFO - Setting next_dagrun for example_branch_labels to 2026-09-24 00:00:00+00:00, run_after=2026-09-25 00:00:00+00:00
[2026-09-25T16:44:18.566+0000] {processor.py:208} INFO - Processing /home/airflow/.local/lib/python3.12/site-packages/airflow/example_dags/example_branch_labels.py took 0.658 seconds
[2026-09-25T16:44:51.684+0000] {processor.py:186} INFO - Started process (PID=216) to work on /home/airflow/.local/lib/python3.12/site-packages/airflow/example_dags/example_branch_labels.py
[2026-09-25T16:44:51.710+0000] {processor.py:914} INFO - Processing file /home/airflow/.local/lib/python3.12/site-packages/airflow/example_dags/example_branch_labels.py for tasks to queue
[2026-09-25T16:44:51.737+0000] {logging_mixin.py:190} INFO - [2026-09-25T16:44:51.728+0000] {dagbag.py:588} INFO - Filling up the DagBag from /home/airflow/.local/lib/python3.12/site-packages/airflow/example_dags/example_branch_labels.py
[2026-09-25T16:44:51.805+0000] {processor.py:925} INFO - DAG(s) 'example_branch_labels' retrieved from /home/airflow/.local/lib/python3.12/site-packages/airflow/example_dags/example_branch_labels.py
[2026-09-25T16:44:51.906+0000] {logging_mixin.py:190} INFO - [2026-09-25T16:44:51.904+0000] {dag.py:3239} INFO - Sync 1 DAGs
[2026-09-25T16:44:52.069+0000] {logging_mixin.py:190} INFO - [2026-09-25T16:44:52.068+0000] {dag.py:4180} INFO - Setting next_dagrun for example_branch_labels to 2026-09-24 00:00:00+00:00, run_after=2026-09-25 00:00:00+00:00
[2026-09-25T16:44:52.143+0000] {processor.py:208} INFO - Processing /home/airflow/.local/lib/python3.12/site-packages/airflow/example_dags/example_branch_labels.py took 0.723 seconds
[2026-09-25T16:45:22.984+0000] {processor.py:186} INFO - Started process (PID=278) to work on /home/airflow/.local/lib/python3.12/site-packages/airflow/example_dags/example_branch_labels.py
[2026-09-25T16:45:22.987+0000] {processor.py:914} INFO - Processing file /home/airflow/.local/lib/python3.12/site-packages/airflow/example_dags/example_branch_labels.py for tasks to queue
[2026-09-25T16:45:22.998+0000] {logging_mixin.py:190} INFO - [2026-09-25T16:45:22.997+0000] {dagbag.py:588} INFO - Filling up the DagBag from /home/airflow/.local/lib/python3.12/site-packages/airflow/example_dags/example_branch_labels.py
[2026-09-25T16:45:23.032+0000] {processor.py:925} INFO - DAG(s) 'example_branch_labels' retrieved from /home/airflow/.local/lib/python3.12/site-packages/airflow/example_dags/example_branch_labels.py
[2026-09-25T16:45:23.077+0000] {logging_mixin.py:190} INFO - [2026-09-25T16:45:23.076+0000] {dag.py:3239} INFO - Sync 1 DAGs
[2026-09-25T16:45:23.200+0000] {logging_mixin.py:190} INFO - [2026-09-25T16:45:23.199+0000] {dag.py:4180} INFO - Setting next_dagrun for example_branch_labels to 2026-09-24 00:00:00+00:00, run_after=2026-09-25 00:00:00+00:00
[2026-09-25T16:45:23.253+0000] {processor.py:208} INFO - Processing /home/airflow/.local/lib/python3.12/site-packages/airflow/example_dags/example_branch_labels.py took 0.288 seconds
[2026-09-25T16:45:53.437+0000] {processor.py:186} INFO - Started process (PID=340) to work on /home/airflow/.local/lib/python3.12/site-packages/airflow/example_dags/example_branch_labels.py
[2026-09-25T16:45:53.443+0000] {processor.py:914} INFO - Processing file /home/airflow/.local/lib/python3.12/site-packages/airflow/example_dags/example_branch_labels.py for tasks to queue
[2026-09-25T16:45:53.456+0000] {logging_mixin.py:190} INFO - [2026-09-25T16:45:53.455+0000] {dagbag.py:588} INFO - Filling up the DagBag from /home/airflow/.local/lib/python3.12/site-packages/airflow/example_dags/example_branch_labels.py
[2026-09-25T16:45:53.477+0000] {processor.py:925} INFO - DAG(s) 'example_branch_labels' retrieved from /home/airflow/.local/lib/python3.12/site-packages/airflow/example_dags/example_branch_labels.py
[2026-09-25T16:45:53.534+0000] {logging_mixin.py:190} INFO - [2026-09-25T16:45:53.533+0000] {dag.py:3239} INFO - Sync 1 DAGs
[2026-09-25T16:45:53.594+0000] {logging_mixin.py:190} INFO - [2026-09-25T16:45:53.592+0000] {dag.py:4180} INFO - Setting next_dagrun for example_branch_labels to 2026-09-24 00:00:00+00:00, run_after=2026-09-25 00:00:00+00:00
[2026-09-25T16:45:53.647+0000] {processor.py:208} INFO - Processing /home/airflow/.local/lib/python3.12/site-packages/airflow/example_dags/example_branch_labels.py took 0.221 seconds
[2026-09-25T16:46:26.225+0000] {processor.py:186} INFO - Started process (PID=402) to work on /home/airflow/.local/lib/python3.12/site-packages/airflow/example_dags/example_branch_labels.py
[2026-09-25T16:46:26.228+0000] {processor.py:914} INFO - Processing file /home/airflow/.local/lib/python3.12/site-packages/airflow/example_dags/example_branch_labels.py for tasks to queue
[2026-09-25T16:46:26.234+0000] {logging_mixin.py:190} INFO - [2026-09-25T16:46:26.233+0000] {dagbag.py:588} INFO - Filling up the DagBag from /home/airflow/.local/lib/python3.12/site-packages/airflow/example_dags/example_branch_labels.py
[2026-09-25T16:46:26.261+0000] {processor.py:925} INFO - DAG(s) 'example_branch_labels' retrieved from /home/airflow/.local/lib/python3.12/site-packages/airflow/example_dags/example_branch_labels.py
[2026-09-25T16:46:26.315+0000] {logging_mixin.py:190} INFO - [2026-09-25T16:46:26.314+0000] {dag.py:3239} INFO - Sync 1 DAGs
[2026-09-25T16:46:26.380+0000] {logging_mixin.py:190} INFO - [2026-09-25T16:46:26.380+0000] {dag.py:4180} INFO - Setting next_dagrun for example_branch_labels to 2026-09-24 00:00:00+00:00, run_after=2026-09-25 00:00:00+00:00
[2026-09-25T16:46:26.431+0000] {processor.py:208} INFO - Processing /home/airflow/.local/lib/python3.12/site-packages/airflow/example_dags/example_branch_labels.py took 0.220 seconds
[2026-09-25T16:46:57.438+0000] {processor.py:186} INFO - Started process (PID=464) to work on /home/airflow/.local/lib/python3.12/site-packages/airflow/example_dags/example_branch_labels.py
[2026-09-25T16:46:57.441+0000] {processor.py:914} INFO - Processing file /home/airflow/.local/lib/python3.12/site-packages/airflow/example_dags/example_branch_labels.py for tasks to queue
[2026-09-25T16:46:57.454+0000] {logging_mixin.py:190} INFO - [2026-09-25T16:46:57.453+0000] {dagbag.py:588} INFO - Filling up the DagBag from /home/airflow/.local/lib/python3.12/site-packages/airflow/example_dags/example_branch_labels.py
[2026-09-25T16:46:57.515+0000] {processor.py:925} INFO - DAG(s) 'example_branch_labels' retrieved from /home/airflow/.local/lib/python3.12/site-packages/airflow/example_dags/example_branch_labels.py
[2026-09-25T16:46:57.615+0000] {logging_mixin.py:190} INFO - [2026-09-25T16:46:57.614+0000] {dag.py:3239} INFO - Sync 1 DAGs
[2026-09-25T16:46:57.786+0000] {logging_mixin.py:190} INFO - [2026-09-25T16:46:57.786+0000] {dag.py:4180} INFO - Setting next_dagrun for example_branch_labels to 2026-09-24 00:00:00+00:00, run_after=2026-09-25 00:00:00+00:00
[2026-09-25T16:46:57.870+0000] {processor.py:208} INFO - Processing /home/airflow/.local/lib/python3.12/site-packages/airflow/example_dags/example_branch_labels.py took 0.449 seconds
[2026-09-25T16:47:38.166+0000] {processor.py:186} INFO - Started process (PID=525) to work on /home/airflow/.local/lib/python3.12/site-packages/airflow/example_dags/example_branch_labels.py
[2026-09-25T16:47:38.178+0000] {processor.py:914} INFO - Processing file /home/airflow/.local/lib/python3.12/site-packages/airflow/example_dags/example_branch_labels.py for tasks to queue
[2026-09-25T16:47:38.190+0000] {logging_mixin.py:190} INFO - [2026-09-25T16:47:38.189+0000] {dagbag.py:588} INFO - Filling up the DagBag from /home/airflow/.local/lib/python3.12/site-packages/airflow/example_dags/example_branch_labels.py
[2026-09-25T16:47:38.625+0000] {processor.py:925} INFO - DAG(s) 'example_branch_labels' retrieved from /home/airflow/.local/lib/python3.12/site-packages/airflow/example_dags/example_branch_labels.py
[2026-09-25T16:47:39.109+0000] {logging_mixin.py:190} INFO - [2026-09-25T16:47:39.108+0000] {dag.py:3239} INFO - Sync 1 DAGs
[2026-09-25T16:47:39.253+0000] {logging_mixin.py:190} INFO - [2026-09-25T16:47:39.252+0000] {dag.py:4180} INFO - Setting next_dagrun for example_branch_labels to 2026-09-24 00:00:00+00:00, run_after=2026-09-25 00:00:00+00:00
[2026-09-25T16:47:39.583+0000] {processor.py:208} INFO - Processing /home/airflow/.local/lib/python3.12/site-packages/airflow/example_dags/example_branch_labels.py took 1.454 seconds
[2026-09-25T16:48:17.574+0000] {processor.py:186} INFO - Started process (PID=587) to work on /home/airflow/.local/lib/python3.12/site-packages/airflow/example_dags/example_branch_labels.py
[2026-09-25T16:48:17.583+0000] {processor.py:914} INFO - Processing file /home/airflow/.local/lib/python3.12/site-packages/airflow/example_dags/example_branch_labels.py for tasks to queue
[2026-09-25T16:48:17.595+0000] {logging_mixin.py:190} INFO - [2026-09-25T16:48:17.593+0000] {dagbag.py:588} INFO - Filling up the DagBag from /home/airflow/.local/lib/python3.12/site-packages/airflow/example_dags/example_branch_labels.py
[2026-09-25T16:48:17.752+0000] {processor.py:925} INFO - DAG(s) 'example_branch_labels' retrieved from /home/airflow/.local/lib/python3.12/site-packages/airflow/example_dags/example_branch_labels.py
[2026-09-25T16:48:17.847+0000] {logging_mixin.py:190} INFO - [2026-09-25T16:48:17.846+0000] {dag.py:3239} INFO - Sync 1 DAGs
[2026-09-25T16:48:18.040+0000] {logging_mixin.py:190} INFO - [2026-09-25T16:48:18.039+0000] {dag.py:4180} INFO - Setting next_dagrun for example_branch_labels to 2026-09-24 00:00:00+00:00, run_after=2026-09-25 00:00:00+00:00
[2026-09-25T16:48:18.146+0000] {processor.py:208} INFO - Processing /home/airflow/.local/lib/python3.12/site-packages/airflow/example_dags/example_branch_labels.py took 0.655 seconds
[2026-09-25T16:48:49.281+0000] {processor.py:186} INFO - Started process (PID=650) to work on /home/airflow/.local/lib/python3.12/site-packages/airflow/example_dags/example_branch_labels.py
[2026-09-25T16:48:49.289+0000] {processor.py:914} INFO - Processing file /home/airflow/.local/lib/python3.12/site-packages/airflow/example_dags/example_branch_labels.py for tasks to queue
[2026-09-25T16:48:49.305+0000] {logging_mixin.py:190} INFO - [2026-09-25T16:48:49.304+0000] {dagbag.py:588} INFO - Filling up the DagBag from /home/airflow/.local/lib/python3.12/site-packages/airflow/example_dags/example_branch_labels.py
[2026-09-25T16:48:49.369+0000] {processor.py:925} INFO - DAG(s) 'example_branch_labels' retrieved from /home/airflow/.local/lib/python3.12/site-packages/airflow/example_dags/example_branch_labels.py
[2026-09-25T16:48:49.442+0000] {logging_mixin.py:190} INFO - [2026-09-25T16:48:49.441+0000] {dag.py:3239} INFO - Sync 1 DAGs
[2026-09-25T16:48:49.563+0000] {logging_mixin.py:190} INFO - [2026-09-25T16:48:49.562+0000] {dag.py:4180} INFO - Setting next_dagrun for example_branch_labels to 2026-09-24 00:00:00+00:00, run_after=2026-09-25 00:00:00+00:00
[2026-09-25T16:48:49.614+0000] {processor.py:208} INFO - Processing /home/airflow/.local/lib/python3.12/site-packages/airflow/example_dags/example_branch_labels.py took 0.358 seconds
[2026-09-25T16:49:20.846+0000] {processor.py:186} INFO - Started process (PID=713) to work on /home/airflow/.local/lib/python3.12/site-packages/airflow/example_dags/example_branch_labels.py
[2026-09-25T16:49:20.849+0000] {processor.py:914} INFO - Processing file /home/airflow/.local/lib/python3.12/site-packages/airflow/example_dags/example_branch_labels.py for tasks to queue
[2026-09-25T16:49:20.858+0000] {logging_mixin.py:190} INFO - [2026-09-25T16:49:20.856+0000] {dagbag.py:588} INFO - Filling up the DagBag from /home/airflow/.local/lib/python3.12/site-packages/airflow/example_dags/example_branch_labels.py
[2026-09-25T16:49:20.910+0000] {processor.py:925} INFO - DAG(s) 'example_branch_labels' retrieved from /home/airflow/.local/lib/python3.12/site-packages/airflow/example_dags/example_branch_labels.py
[2026-09-25T16:49:20.969+0000] {logging_mixin.py:190} INFO - [2026-09-25T16:49:20.968+0000] {dag.py:3239} INFO - Sync 1 DAGs
[2026-09-25T16:49:21.041+0000] {logging_mixin.py:190} INFO - [2026-09-25T16:49:21.041+0000] {dag.py:4180} INFO - Setting next_dagrun for example_branch_labels to 2026-09-24 00:00:00+00:00, run_after=2026-09-25 00:00:00+00:00
[2026-09-25T16:49:21.090+0000] {processor.py:208} INFO - Processing /home/airflow/.local/lib/python3.12/site-packages/airflow/example_dags/example_branch_labels.py took 0.261 seconds
[2026-09-25T16:57:03.910+0000] {processor.py:186} INFO - Started process (PID=104) to work on /home/airflow/.local/lib/python3.12/site-packages/airflow/example_dags/example_branch_labels.py
[2026-09-25T16:57:03.915+0000] {processor.py:914} INFO - Processing file /home/airflow/.local/lib/python3.12/site-packages/airflow/example_dags/example_branch_labels.py for tasks to queue
[2026-09-25T16:57:04.028+0000] {logging_mixin.py:190} INFO - [2026-09-25T16:57:03.944+0000] {dagbag.py:588} INFO - Filling up the DagBag from /home/airflow/.local/lib/python3.12/site-packages/airflow/example_dags/example_branch_labels.py
[2026-09-25T16:57:04.331+0000] {processor.py:925} INFO - DAG(s) 'example_branch_labels' retrieved from /home/airflow/.local/lib/python3.12/site-packages/airflow/example_dags/example_branch_labels.py
[2026-09-25T16:57:05.524+0000] {logging_mixin.py:190} INFO - [2026-09-25T16:57:05.519+0000] {dag.py:3239} INFO - Sync 1 DAGs
[2026-09-25T16:57:05.956+0000] {logging_mixin.py:190} INFO - [2026-09-25T16:57:05.955+0000] {dag.py:4180} INFO - Setting next_dagrun for example_branch_labels to 2026-09-24 00:00:00+00:00, run_after=2026-09-25 00:00:00+00:00
[2026-09-25T16:57:06.384+0000] {processor.py:208} INFO - Processing /home/airflow/.local/lib/python3.12/site-packages/airflow/example_dags/example_branch_labels.py took 2.498 seconds
[2026-09-25T16:58:34.939+0000] {processor.py:186} INFO - Started process (PID=177) to work on /home/airflow/.local/lib/python3.12/site-packages/airflow/example_dags/example_branch_labels.py
[2026-09-25T16:58:34.944+0000] {processor.py:914} INFO - Processing file /home/airflow/.local/lib/python3.12/site-packages/airflow/example_dags/example_branch_labels.py for tasks to queue
[2026-09-25T16:58:34.962+0000] {logging_mixin.py:190} INFO - [2026-09-25T16:58:34.961+0000] {dagbag.py:588} INFO - Filling up the DagBag from /home/airflow/.local/lib/python3.12/site-packages/airflow/example_dags/example_branch_labels.py
[2026-09-25T16:58:34.985+0000] {processor.py:925} INFO - DAG(s) 'example_branch_labels' retrieved from /home/airflow/.local/lib/python3.12/site-packages/airflow/example_dags/example_branch_labels.py
[2026-09-25T16:58:35.062+0000] {logging_mixin.py:190} INFO - [2026-09-25T16:58:35.062+0000] {dag.py:3239} INFO - Sync 1 DAGs
[2026-09-25T16:58:35.139+0000] {logging_mixin.py:190} INFO - [2026-09-25T16:58:35.139+0000] {dag.py:4180} INFO - Setting next_dagrun for example_branch_labels to 2026-09-24 00:00:00+00:00, run_after=2026-09-25 00:00:00+00:00
[2026-09-25T16:58:35.215+0000] {processor.py:208} INFO - Processing /home/airflow/.local/lib/python3.12/site-packages/airflow/example_dags/example_branch_labels.py took 0.304 seconds
[2026-09-25T16:59:06.273+0000] {processor.py:186} INFO - Started process (PID=239) to work on /home/airflow/.local/lib/python3.12/site-packages/airflow/example_dags/example_branch_labels.py
[2026-09-25T16:59:06.283+0000] {processor.py:914} INFO - Processing file /home/airflow/.local/lib/python3.12/site-packages/airflow/example_dags/example_branch_labels.py for tasks to queue
[2026-09-25T16:59:06.293+0000] {logging_mixin.py:190} INFO - [2026-09-25T16:59:06.292+0000] {dagbag.py:588} INFO - Filling up the DagBag from /home/airflow/.local/lib/python3.12/site-packages/airflow/example_dags/example_branch_labels.py
[2026-09-25T16:59:06.374+0000] {processor.py:925} INFO - DAG(s) 'example_branch_labels' retrieved from /home/airflow/.local/lib/python3.12/site-packages/airflow/example_dags/example_branch_labels.py
[2026-09-25T16:59:06.580+0000] {logging_mixin.py:190} INFO - [2026-09-25T16:59:06.580+0000] {dag.py:3239} INFO - Sync 1 DAGs
[2026-09-25T16:59:06.744+0000] {logging_mixin.py:190} INFO - [2026-09-25T16:59:06.744+0000] {dag.py:4180} INFO - Setting next_dagrun for example_branch_labels to 2026-09-24 00:00:00+00:00, run_after=2026-09-25 00:00:00+00:00
[2026-09-25T16:59:06.807+0000] {processor.py:208} INFO - Processing /home/airflow/.local/lib/python3.12/site-packages/airflow/example_dags/example_branch_labels.py took 0.559 seconds
[2026-09-25T16:59:52.861+0000] {processor.py:186} INFO - Started process (PID=304) to work on /home/airflow/.local/lib/python3.12/site-packages/airflow/example_dags/example_branch_labels.py
[2026-09-25T16:59:52.864+0000] {processor.py:914} INFO - Processing file /home/airflow/.local/lib/python3.12/site-packages/airflow/example_dags/example_branch_labels.py for tasks to queue
[2026-09-25T16:59:52.869+0000] {logging_mixin.py:190} INFO - [2026-09-25T16:59:52.868+0000] {dagbag.py:588} INFO - Filling up the DagBag from /home/airflow/.local/lib/python3.12/site-packages/airflow/example_dags/example_branch_labels.py
[2026-09-25T16:59:52.887+0000] {processor.py:925} INFO - DAG(s) 'example_branch_labels' retrieved from /home/airflow/.local/lib/python3.12/site-packages/airflow/example_dags/example_branch_labels.py
[2026-09-25T16:59:52.928+0000] {logging_mixin.py:190} INFO - [2026-09-25T16:59:52.928+0000] {dag.py:3239} INFO - Sync 1 DAGs
[2026-09-25T16:59:52.996+0000] {logging_mixin.py:190} INFO - [2026-09-25T16:59:52.995+0000] {dag.py:4180} INFO - Setting next_dagrun for example_branch_labels to 2026-09-24 00:00:00+00:00, run_after=2026-09-25 00:00:00+00:00
[2026-09-25T16:59:53.047+0000] {processor.py:208} INFO - Processing /home/airflow/.local/lib/python3.12/site-packages/airflow/example_dags/example_branch_labels.py took 0.197 seconds
[2026-09-25T17:00:26.235+0000] {processor.py:186} INFO - Started process (PID=367) to work on /home/airflow/.local/lib/python3.12/site-packages/airflow/example_dags/example_branch_labels.py
[2026-09-25T17:00:26.244+0000] {processor.py:914} INFO - Processing file /home/airflow/.local/lib/python3.12/site-packages/airflow/example_dags/example_branch_labels.py for tasks to queue
[2026-09-25T17:00:26.268+0000] {logging_mixin.py:190} INFO - [2026-09-25T17:00:26.267+0000] {dagbag.py:588} INFO - Filling up the DagBag from /home/airflow/.local/lib/python3.12/site-packages/airflow/example_dags/example_branch_labels.py
[2026-09-25T17:00:26.333+0000] {processor.py:925} INFO - DAG(s) 'example_branch_labels' retrieved from /home/airflow/.local/lib/python3.12/site-packages/airflow/example_dags/example_branch_labels.py
[2026-09-25T17:00:26.457+0000] {logging_mixin.py:190} INFO - [2026-09-25T17:00:26.452+0000] {dag.py:3239} INFO - Sync 1 DAGs
[2026-09-25T17:00:26.609+0000] {logging_mixin.py:190} INFO - [2026-09-25T17:00:26.608+0000] {dag.py:4180} INFO - Setting next_dagrun for example_branch_labels to 2026-09-24 00:00:00+00:00, run_after=2026-09-25 00:00:00+00:00
[2026-09-25T17:00:26.703+0000] {processor.py:208} INFO - Processing /home/airflow/.local/lib/python3.12/site-packages/airflow/example_dags/example_branch_labels.py took 0.487 seconds
[2026-09-25T17:00:58.892+0000] {processor.py:186} INFO - Started process (PID=430) to work on /home/airflow/.local/lib/python3.12/site-packages/airflow/example_dags/example_branch_labels.py
[2026-09-25T17:00:58.904+0000] {processor.py:914} INFO - Processing file /home/airflow/.local/lib/python3.12/site-packages/airflow/example_dags/example_branch_labels.py for tasks to queue
[2026-09-25T17:00:58.913+0000] {logging_mixin.py:190} INFO - [2026-09-25T17:00:58.913+0000] {dagbag.py:588} INFO - Filling up the DagBag from /home/airflow/.local/lib/python3.12/site-packages/airflow/example_dags/example_branch_labels.py
[2026-09-25T17:00:58.938+0000] {processor.py:925} INFO - DAG(s) 'example_branch_labels' retrieved from /home/airflow/.local/lib/python3.12/site-packages/airflow/example_dags/example_branch_labels.py
[2026-09-25T17:00:58.995+0000] {logging_mixin.py:190} INFO - [2026-09-25T17:00:58.995+0000] {dag.py:3239} INFO - Sync 1 DAGs
[2026-09-25T17:00:59.078+0000] {logging_mixin.py:190} INFO - [2026-09-25T17:00:59.078+0000] {dag.py:4180} INFO - Setting next_dagrun for example_branch_labels to 2026-09-24 00:00:00+00:00, run_after=2026-09-25 00:00:00+00:00
[2026-09-25T17:00:59.117+0000] {processor.py:208} INFO - Processing /home/airflow/.local/lib/python3.12/site-packages/airflow/example_dags/example_branch_labels.py took 0.245 seconds
[2026-09-25T17:01:32.410+0000] {processor.py:186} INFO - Started process (PID=498) to work on /home/airflow/.local/lib/python3.12/site-packages/airflow/example_dags/example_branch_labels.py
[2026-09-25T17:01:32.413+0000] {processor.py:914} INFO - Processing file /home/airflow/.local/lib/python3.12/site-packages/airflow/example_dags/example_branch_labels.py for tasks to queue
[2026-09-25T17:01:32.419+0000] {logging_mixin.py:190} INFO - [2026-09-25T17:01:32.418+0000] {dagbag.py:588} INFO - Filling up the DagBag from /home/airflow/.local/lib/python3.12/site-packages/airflow/example_dags/example_branch_labels.py
[2026-09-25T17:01:32.436+0000] {processor.py:925} INFO - DAG(s) 'example_branch_labels' retrieved from /home/airflow/.local/lib/python3.12/site-packages/airflow/example_dags/example_branch_labels.py
[2026-09-25T17:01:32.489+0000] {logging_mixin.py:190} INFO - [2026-09-25T17:01:32.488+0000] {dag.py:3239} INFO - Sync 1 DAGs
[2026-09-25T17:01:32.563+0000] {logging_mixin.py:190} INFO - [2026-09-25T17:01:32.562+0000] {dag.py:4180} INFO - Setting next_dagrun for example_branch_labels to 2026-09-24 00:00:00+00:00, run_after=2026-09-25 00:00:00+00:00
[2026-09-25T17:01:32.621+0000] {processor.py:208} INFO - Processing /home/airflow/.local/lib/python3.12/site-packages/airflow/example_dags/example_branch_labels.py took 0.229 seconds
[2026-09-25T17:02:12.977+0000] {processor.py:186} INFO - Started process (PID=561) to work on /home/airflow/.local/lib/python3.12/site-packages/airflow/example_dags/example_branch_labels.py
[2026-09-25T17:02:12.988+0000] {processor.py:914} INFO - Processing file /home/airflow/.local/lib/python3.12/site-packages/airflow/example_dags/example_branch_labels.py for tasks to queue
[2026-09-25T17:02:13.022+0000] {logging_mixin.py:190} INFO - [2026-09-25T17:02:13.021+0000] {dagbag.py:588} INFO - Filling up the DagBag from /home/airflow/.local/lib/python3.12/site-packages/airflow/example_dags/example_branch_labels.py
[2026-09-25T17:02:13.161+0000] {processor.py:925} INFO - DAG(s) 'example_branch_labels' retrieved from /home/airflow/.local/lib/python3.12/site-packages/airflow/example_dags/example_branch_labels.py
[2026-09-25T17:02:13.442+0000] {logging_mixin.py:190} INFO - [2026-09-25T17:02:13.439+0000] {dag.py:3239} INFO - Sync 1 DAGs
[2026-09-25T17:02:13.567+0000] {logging_mixin.py:190} INFO - [2026-09-25T17:02:13.566+0000] {dag.py:4180} INFO - Setting next_dagrun for example_branch_labels to 2026-09-24 00:00:00+00:00, run_after=2026-09-25 00:00:00+00:00
[2026-09-25T17:02:13.663+0000] {processor.py:208} INFO - Processing /home/airflow/.local/lib/python3.12/site-packages/airflow/example_dags/example_branch_labels.py took 0.743 seconds
[2026-09-25T17:02:46.312+0000] {processor.py:186} INFO - Started process (PID=626) to work on /home/airflow/.local/lib/python3.12/site-packages/airflow/example_dags/example_branch_labels.py
[2026-09-25T17:02:46.321+0000] {processor.py:914} INFO - Processing file /home/airflow/.local/lib/python3.12/site-packages/airflow/example_dags/example_branch_labels.py for tasks to queue
[2026-09-25T17:02:46.365+0000] {logging_mixin.py:190} INFO - [2026-09-25T17:02:46.364+0000] {dagbag.py:588} INFO - Filling up the DagBag from /home/airflow/.local/lib/python3.12/site-packages/airflow/example_dags/example_branch_labels.py
[2026-09-25T17:02:46.467+0000] {processor.py:925} INFO - DAG(s) 'example_branch_labels' retrieved from /home/airflow/.local/lib/python3.12/site-packages/airflow/example_dags/example_branch_labels.py
[2026-09-25T17:02:46.658+0000] {logging_mixin.py:190} INFO - [2026-09-25T17:02:46.657+0000] {dag.py:3239} INFO - Sync 1 DAGs
[2026-09-25T17:02:46.832+0000] {logging_mixin.py:190} INFO - [2026-09-25T17:02:46.832+0000] {dag.py:4180} INFO - Setting next_dagrun for example_branch_labels to 2026-09-24 00:00:00+00:00, run_after=2026-09-25 00:00:00+00:00
[2026-09-25T17:02:46.980+0000] {processor.py:208} INFO - Processing /home/airflow/.local/lib/python3.12/site-packages/airflow/example_dags/example_branch_labels.py took 0.718 seconds
[2026-09-25T17:03:18.756+0000] {processor.py:186} INFO - Started process (PID=690) to work on /home/airflow/.local/lib/python3.12/site-packages/airflow/example_dags/example_branch_labels.py
[2026-09-25T17:03:18.758+0000] {processor.py:914} INFO - Processing file /home/airflow/.local/lib/python3.12/site-packages/airflow/example_dags/example_branch_labels.py for tasks to queue
[2026-09-25T17:03:18.764+0000] {logging_mixin.py:190} INFO - [2026-09-25T17:03:18.763+0000] {dagbag.py:588} INFO - Filling up the DagBag from /home/airflow/.local/lib/python3.12/site-packages/airflow/example_dags/example_branch_labels.py
[2026-09-25T17:03:18.789+0000] {processor.py:925} INFO - DAG(s) 'example_branch_labels' retrieved from /home/airflow/.local/lib/python3.12/site-packages/airflow/example_dags/example_branch_labels.py
[2026-09-25T17:03:18.845+0000] {logging_mixin.py:190} INFO - [2026-09-25T17:03:18.844+0000] {dag.py:3239} INFO - Sync 1 DAGs
[2026-09-25T17:03:18.909+0000] {logging_mixin.py:190} INFO - [2026-09-25T17:03:18.909+0000] {dag.py:4180} INFO - Setting next_dagrun for example_branch_labels to 2026-09-24 00:00:00+00:00, run_after=2026-09-25 00:00:00+00:00
[2026-09-25T17:03:18.943+0000] {processor.py:208} INFO - Processing /home/airflow/.local/lib/python3.12/site-packages/airflow/example_dags/example_branch_labels.py took 0.209 seconds
[2026-09-25T17:03:52.574+0000] {processor.py:186} INFO - Started process (PID=759) to work on /home/airflow/.local/lib/python3.12/site-packages/airflow/example_dags/example_branch_labels.py
[2026-09-25T17:03:52.577+0000] {processor.py:914} INFO - Processing file /home/airflow/.local/lib/python3.12/site-packages/airflow/example_dags/example_branch_labels.py for tasks to queue
[2026-09-25T17:03:52.582+0000] {logging_mixin.py:190} INFO - [2026-09-25T17:03:52.582+0000] {dagbag.py:588} INFO - Filling up the DagBag from /home/airflow/.local/lib/python3.12/site-packages/airflow/example_dags/example_branch_labels.py
[2026-09-25T17:03:52.604+0000] {processor.py:925} INFO - DAG(s) 'example_branch_labels' retrieved from /home/airflow/.local/lib/python3.12/site-packages/airflow/example_dags/example_branch_labels.py
[2026-09-25T17:03:52.653+0000] {logging_mixin.py:190} INFO - [2026-09-25T17:03:52.653+0000] {dag.py:3239} INFO - Sync 1 DAGs
[2026-09-25T17:03:52.701+0000] {logging_mixin.py:190} INFO - [2026-09-25T17:03:52.700+0000] {dag.py:4180} INFO - Setting next_dagrun for example_branch_labels to 2026-09-24 00:00:00+00:00, run_after=2026-09-25 00:00:00+00:00
[2026-09-25T17:03:52.739+0000] {processor.py:208} INFO - Processing /home/airflow/.local/lib/python3.12/site-packages/airflow/example_dags/example_branch_labels.py took 0.177 seconds
[2026-09-25T17:04:23.410+0000] {processor.py:186} INFO - Started process (PID=822) to work on /home/airflow/.local/lib/python3.12/site-packages/airflow/example_dags/example_branch_labels.py
[2026-09-25T17:04:23.413+0000] {processor.py:914} INFO - Processing file /home/airflow/.local/lib/python3.12/site-packages/airflow/example_dags/example_branch_labels.py for tasks to queue
[2026-09-25T17:04:23.417+0000] {logging_mixin.py:190} INFO - [2026-09-25T17:04:23.416+0000] {dagbag.py:588} INFO - Filling up the DagBag from /home/airflow/.local/lib/python3.12/site-packages/airflow/example_dags/example_branch_labels.py
[2026-09-25T17:04:23.435+0000] {processor.py:925} INFO - DAG(s) 'example_branch_labels' retrieved from /home/airflow/.local/lib/python3.12/site-packages/airflow/example_dags/example_branch_labels.py
[2026-09-25T17:04:23.477+0000] {logging_mixin.py:190} INFO - [2026-09-25T17:04:23.476+0000] {dag.py:3239} INFO - Sync 1 DAGs
[2026-09-25T17:04:23.530+0000] {logging_mixin.py:190} INFO - [2026-09-25T17:04:23.530+0000] {dag.py:4180} INFO - Setting next_dagrun for example_branch_labels to 2026-09-24 00:00:00+00:00, run_after=2026-09-25 00:00:00+00:00
[2026-09-25T17:04:23.565+0000] {processor.py:208} INFO - Processing /home/airflow/.local/lib/python3.12/site-packages/airflow/example_dags/example_branch_labels.py took 0.165 seconds
[2026-09-25T17:05:02.580+0000] {processor.py:186} INFO - Started process (PID=884) to work on /home/airflow/.local/lib/python3.12/site-packages/airflow/example_dags/example_branch_labels.py
[2026-09-25T17:05:02.583+0000] {processor.py:914} INFO - Processing file /home/airflow/.local/lib/python3.12/site-packages/airflow/example_dags/example_branch_labels.py for tasks to queue
[2026-09-25T17:05:02.591+0000] {logging_mixin.py:190} INFO - [2026-09-25T17:05:02.590+0000] {dagbag.py:588} INFO - Filling up the DagBag from /home/airflow/.local/lib/python3.12/site-packages/airflow/example_dags/example_branch_labels.py
[2026-09-25T17:05:02.641+0000] {processor.py:925} INFO - DAG(s) 'example_branch_labels' retrieved from /home/airflow/.local/lib/python3.12/site-packages/airflow/example_dags/example_branch_labels.py
[2026-09-25T17:05:02.745+0000] {logging_mixin.py:190} INFO - [2026-09-25T17:05:02.744+0000] {dag.py:3239} INFO - Sync 1 DAGs
[2026-09-25T17:05:02.933+0000] {logging_mixin.py:190} INFO - [2026-09-25T17:05:02.932+0000] {dag.py:4180} INFO - Setting next_dagrun for example_branch_labels to 2026-09-24 00:00:00+00:00, run_after=2026-09-25 00:00:00+00:00
[2026-09-25T17:05:03.118+0000] {processor.py:208} INFO - Processing /home/airflow/.local/lib/python3.12/site-packages/airflow/example_dags/example_branch_labels.py took 0.552 seconds
[2026-09-25T17:05:36.794+0000] {processor.py:186} INFO - Started process (PID=952) to work on /home/airflow/.local/lib/python3.12/site-packages/airflow/example_dags/example_branch_labels.py
[2026-09-25T17:05:36.809+0000] {processor.py:914} INFO - Processing file /home/airflow/.local/lib/python3.12/site-packages/airflow/example_dags/example_branch_labels.py for tasks to queue
[2026-09-25T17:05:36.822+0000] {logging_mixin.py:190} INFO - [2026-09-25T17:05:36.821+0000] {dagbag.py:588} INFO - Filling up the DagBag from /home/airflow/.local/lib/python3.12/site-packages/airflow/example_dags/example_branch_labels.py
[2026-09-25T17:05:36.865+0000] {processor.py:925} INFO - DAG(s) 'example_branch_labels' retrieved from /home/airflow/.local/lib/python3.12/site-packages/airflow/example_dags/example_branch_labels.py
[2026-09-25T17:05:36.959+0000] {logging_mixin.py:190} INFO - [2026-09-25T17:05:36.958+0000] {dag.py:3239} INFO - Sync 1 DAGs
[2026-09-25T17:05:37.081+0000] {logging_mixin.py:190} INFO - [2026-09-25T17:05:37.079+0000] {dag.py:4180} INFO - Setting next_dagrun for example_branch_labels to 2026-09-24 00:00:00+00:00, run_after=2026-09-25 00:00:00+00:00
[2026-09-25T17:05:37.145+0000] {processor.py:208} INFO - Processing /home/airflow/.local/lib/python3.12/site-packages/airflow/example_dags/example_branch_labels.py took 0.375 seconds
[2026-09-25T17:06:09.830+0000] {processor.py:186} INFO - Started process (PID=1014) to work on /home/airflow/.local/lib/python3.12/site-packages/airflow/example_dags/example_branch_labels.py
[2026-09-25T17:06:09.833+0000] {processor.py:914} INFO - Processing file /home/airflow/.local/lib/python3.12/site-packages/airflow/example_dags/example_branch_labels.py for tasks to queue
[2026-09-25T17:06:09.839+0000] {logging_mixin.py:190} INFO - [2026-09-25T17:06:09.839+0000] {dagbag.py:588} INFO - Filling up the DagBag from /home/airflow/.local/lib/python3.12/site-packages/airflow/example_dags/example_branch_labels.py
[2026-09-25T17:06:09.867+0000] {processor.py:925} INFO - DAG(s) 'example_branch_labels' retrieved from /home/airflow/.local/lib/python3.12/site-packages/airflow/example_dags/example_branch_labels.py
[2026-09-25T17:06:09.937+0000] {logging_mixin.py:190} INFO - [2026-09-25T17:06:09.937+0000] {dag.py:3239} INFO - Sync 1 DAGs
[2026-09-25T17:06:10.030+0000] {logging_mixin.py:190} INFO - [2026-09-25T17:06:10.030+0000] {dag.py:4180} INFO - Setting next_dagrun for example_branch_labels to 2026-09-24 00:00:00+00:00, run_after=2026-09-25 00:00:00+00:00
[2026-09-25T17:06:10.184+0000] {processor.py:208} INFO - Processing /home/airflow/.local/lib/python3.12/site-packages/airflow/example_dags/example_branch_labels.py took 0.368 seconds
[2026-09-25T17:06:49.412+0000] {processor.py:186} INFO - Started process (PID=1081) to work on /home/airflow/.local/lib/python3.12/site-packages/airflow/example_dags/example_branch_labels.py
[2026-09-25T17:06:49.415+0000] {processor.py:914} INFO - Processing file /home/airflow/.local/lib/python3.12/site-packages/airflow/example_dags/example_branch_labels.py for tasks to queue
[2026-09-25T17:06:49.420+0000] {logging_mixin.py:190} INFO - [2026-09-25T17:06:49.419+0000] {dagbag.py:588} INFO - Filling up the DagBag from /home/airflow/.local/lib/python3.12/site-packages/airflow/example_dags/example_branch_labels.py
[2026-09-25T17:06:49.444+0000] {processor.py:925} INFO - DAG(s) 'example_branch_labels' retrieved from /home/airflow/.local/lib/python3.12/site-packages/airflow/example_dags/example_branch_labels.py
[2026-09-25T17:06:49.516+0000] {logging_mixin.py:190} INFO - [2026-09-25T17:06:49.516+0000] {dag.py:3239} INFO - Sync 1 DAGs
[2026-09-25T17:06:49.617+0000] {logging_mixin.py:190} INFO - [2026-09-25T17:06:49.582+0000] {dag.py:4180} INFO - Setting next_dagrun for example_branch_labels to 2026-09-24 00:00:00+00:00, run_after=2026-09-25 00:00:00+00:00
[2026-09-25T17:06:49.877+0000] {processor.py:208} INFO - Processing /home/airflow/.local/lib/python3.12/site-packages/airflow/example_dags/example_branch_labels.py took 0.480 seconds
[2026-09-25T17:07:21.603+0000] {processor.py:186} INFO - Started process (PID=1142) to work on /home/airflow/.local/lib/python3.12/site-packages/airflow/example_dags/example_branch_labels.py
[2026-09-25T17:07:21.605+0000] {processor.py:914} INFO - Processing file /home/airflow/.local/lib/python3.12/site-packages/airflow/example_dags/example_branch_labels.py for tasks to queue
[2026-09-25T17:07:21.610+0000] {logging_mixin.py:190} INFO - [2026-09-25T17:07:21.610+0000] {dagbag.py:588} INFO - Filling up the DagBag from /home/airflow/.local/lib/python3.12/site-packages/airflow/example_dags/example_branch_labels.py
[2026-09-25T17:07:21.634+0000] {processor.py:925} INFO - DAG(s) 'example_branch_labels' retrieved from /home/airflow/.local/lib/python3.12/site-packages/airflow/example_dags/example_branch_labels.py
[2026-09-25T17:07:21.690+0000] {logging_mixin.py:190} INFO - [2026-09-25T17:07:21.690+0000] {dag.py:3239} INFO - Sync 1 DAGs
[2026-09-25T17:07:21.780+0000] {logging_mixin.py:190} INFO - [2026-09-25T17:07:21.779+0000] {dag.py:4180} INFO - Setting next_dagrun for example_branch_labels to 2026-09-24 00:00:00+00:00, run_after=2026-09-25 00:00:00+00:00
[2026-09-25T17:07:21.943+0000] {processor.py:208} INFO - Processing /home/airflow/.local/lib/python3.12/site-packages/airflow/example_dags/example_branch_labels.py took 0.355 seconds
[2026-09-25T17:07:52.667+0000] {processor.py:186} INFO - Started process (PID=1205) to work on /home/airflow/.local/lib/python3.12/site-packages/airflow/example_dags/example_branch_labels.py
[2026-09-25T17:07:52.669+0000] {processor.py:914} INFO - Processing file /home/airflow/.local/lib/python3.12/site-packages/airflow/example_dags/example_branch_labels.py for tasks to queue
[2026-09-25T17:07:52.677+0000] {logging_mixin.py:190} INFO - [2026-09-25T17:07:52.676+0000] {dagbag.py:588} INFO - Filling up the DagBag from /home/airflow/.local/lib/python3.12/site-packages/airflow/example_dags/example_branch_labels.py
[2026-09-25T17:07:52.715+0000] {processor.py:925} INFO - DAG(s) 'example_branch_labels' retrieved from /home/airflow/.local/lib/python3.12/site-packages/airflow/example_dags/example_branch_labels.py
[2026-09-25T17:07:52.763+0000] {logging_mixin.py:190} INFO - [2026-09-25T17:07:52.762+0000] {dag.py:3239} INFO - Sync 1 DAGs
[2026-09-25T17:07:52.809+0000] {logging_mixin.py:190} INFO - [2026-09-25T17:07:52.809+0000] {dag.py:4180} INFO - Setting next_dagrun for example_branch_labels to 2026-09-24 00:00:00+00:00, run_after=2026-09-25 00:00:00+00:00
[2026-09-25T17:07:52.846+0000] {processor.py:208} INFO - Processing /home/airflow/.local/lib/python3.12/site-packages/airflow/example_dags/example_branch_labels.py took 0.198 seconds
[2026-09-25T17:08:22.925+0000] {processor.py:186} INFO - Started process (PID=1267) to work on /home/airflow/.local/lib/python3.12/site-packages/airflow/example_dags/example_branch_labels.py
[2026-09-25T17:08:22.928+0000] {processor.py:914} INFO - Processing file /home/airflow/.local/lib/python3.12/site-packages/airflow/example_dags/example_branch_labels.py for tasks to queue
[2026-09-25T17:08:22.932+0000] {logging_mixin.py:190} INFO - [2026-09-25T17:08:22.931+0000] {dagbag.py:588} INFO - Filling up the DagBag from /home/airflow/.local/lib/python3.12/site-packages/airflow/example_dags/example_branch_labels.py
[2026-09-25T17:08:22.948+0000] {processor.py:925} INFO - DAG(s) 'example_branch_labels' retrieved from /home/airflow/.local/lib/python3.12/site-packages/airflow/example_dags/example_branch_labels.py
[2026-09-25T17:08:22.983+0000] {logging_mixin.py:190} INFO - [2026-09-25T17:08:22.983+0000] {dag.py:3239} INFO - Sync 1 DAGs
[2026-09-25T17:08:23.033+0000] {logging_mixin.py:190} INFO - [2026-09-25T17:08:23.032+0000] {dag.py:4180} INFO - Setting next_dagrun for example_branch_labels to 2026-09-24 00:00:00+00:00, run_after=2026-09-25 00:00:00+00:00
[2026-09-25T17:08:23.071+0000] {processor.py:208} INFO - Processing /home/airflow/.local/lib/python3.12/site-packages/airflow/example_dags/example_branch_labels.py took 0.159 seconds
[2026-09-25T17:08:58.165+0000] {processor.py:186} INFO - Started process (PID=1328) to work on /home/airflow/.local/lib/python3.12/site-packages/airflow/example_dags/example_branch_labels.py
[2026-09-25T17:08:58.169+0000] {processor.py:914} INFO - Processing file /home/airflow/.local/lib/python3.12/site-packages/airflow/example_dags/example_branch_labels.py for tasks to queue
[2026-09-25T17:08:58.174+0000] {logging_mixin.py:190} INFO - [2026-09-25T17:08:58.174+0000] {dagbag.py:588} INFO - Filling up the DagBag from /home/airflow/.local/lib/python3.12/site-packages/airflow/example_dags/example_branch_labels.py
[2026-09-25T17:08:58.199+0000] {processor.py:925} INFO - DAG(s) 'example_branch_labels' retrieved from /home/airflow/.local/lib/python3.12/site-packages/airflow/example_dags/example_branch_labels.py
[2026-09-25T17:08:58.263+0000] {logging_mixin.py:190} INFO - [2026-09-25T17:08:58.262+0000] {dag.py:3239} INFO - Sync 1 DAGs
[2026-09-25T17:08:58.314+0000] {logging_mixin.py:190} INFO - [2026-09-25T17:08:58.314+0000] {dag.py:4180} INFO - Setting next_dagrun for example_branch_labels to 2026-09-24 00:00:00+00:00, run_after=2026-09-25 00:00:00+00:00
[2026-09-25T17:08:58.361+0000] {processor.py:208} INFO - Processing /home/airflow/.local/lib/python3.12/site-packages/airflow/example_dags/example_branch_labels.py took 0.225 seconds
[2026-09-25T17:09:57.676+0000] {processor.py:186} INFO - Started process (PID=1404) to work on /home/airflow/.local/lib/python3.12/site-packages/airflow/example_dags/example_branch_labels.py
[2026-09-25T17:09:57.774+0000] {processor.py:914} INFO - Processing file /home/airflow/.local/lib/python3.12/site-packages/airflow/example_dags/example_branch_labels.py for tasks to queue
[2026-09-25T17:09:57.813+0000] {logging_mixin.py:190} INFO - [2026-09-25T17:09:57.797+0000] {dagbag.py:588} INFO - Filling up the DagBag from /home/airflow/.local/lib/python3.12/site-packages/airflow/example_dags/example_branch_labels.py
[2026-09-25T17:09:57.864+0000] {processor.py:925} INFO - DAG(s) 'example_branch_labels' retrieved from /home/airflow/.local/lib/python3.12/site-packages/airflow/example_dags/example_branch_labels.py
[2026-09-25T17:09:57.964+0000] {logging_mixin.py:190} INFO - [2026-09-25T17:09:57.963+0000] {dag.py:3239} INFO - Sync 1 DAGs
[2026-09-25T17:09:58.694+0000] {logging_mixin.py:190} INFO - [2026-09-25T17:09:58.693+0000] {dag.py:4180} INFO - Setting next_dagrun for example_branch_labels to 2026-09-24 00:00:00+00:00, run_after=2026-09-25 00:00:00+00:00
[2026-09-25T17:10:01.682+0000] {processor.py:208} INFO - Processing /home/airflow/.local/lib/python3.12/site-packages/airflow/example_dags/example_branch_labels.py took 4.106 seconds
[2026-09-25T17:12:05.975+0000] {processor.py:186} INFO - Started process (PID=1482) to work on /home/airflow/.local/lib/python3.12/site-packages/airflow/example_dags/example_branch_labels.py
[2026-09-25T17:12:05.982+0000] {processor.py:914} INFO - Processing file /home/airflow/.local/lib/python3.12/site-packages/airflow/example_dags/example_branch_labels.py for tasks to queue
[2026-09-25T17:12:06.035+0000] {logging_mixin.py:190} INFO - [2026-09-25T17:12:06.030+0000] {dagbag.py:588} INFO - Filling up the DagBag from /home/airflow/.local/lib/python3.12/site-packages/airflow/example_dags/example_branch_labels.py
[2026-09-25T17:12:06.324+0000] {processor.py:925} INFO - DAG(s) 'example_branch_labels' retrieved from /home/airflow/.local/lib/python3.12/site-packages/airflow/example_dags/example_branch_labels.py
[2026-09-25T17:12:06.762+0000] {logging_mixin.py:190} INFO - [2026-09-25T17:12:06.734+0000] {dag.py:3239} INFO - Sync 1 DAGs
[2026-09-25T17:12:07.404+0000] {logging_mixin.py:190} INFO - [2026-09-25T17:12:07.393+0000] {dag.py:4180} INFO - Setting next_dagrun for example_branch_labels to 2026-09-24 00:00:00+00:00, run_after=2026-09-25 00:00:00+00:00
[2026-09-25T17:12:07.928+0000] {processor.py:208} INFO - Processing /home/airflow/.local/lib/python3.12/site-packages/airflow/example_dags/example_branch_labels.py took 2.026 seconds
[2026-09-25T17:14:58.492+0000] {processor.py:186} INFO - Started process (PID=1592) to work on /home/airflow/.local/lib/python3.12/site-packages/airflow/example_dags/example_branch_labels.py
[2026-09-25T17:14:58.495+0000] {processor.py:914} INFO - Processing file /home/airflow/.local/lib/python3.12/site-packages/airflow/example_dags/example_branch_labels.py for tasks to queue
[2026-09-25T17:14:58.514+0000] {logging_mixin.py:190} INFO - [2026-09-25T17:14:58.512+0000] {dagbag.py:588} INFO - Filling up the DagBag from /home/airflow/.local/lib/python3.12/site-packages/airflow/example_dags/example_branch_labels.py
[2026-09-25T17:14:58.554+0000] {processor.py:925} INFO - DAG(s) 'example_branch_labels' retrieved from /home/airflow/.local/lib/python3.12/site-packages/airflow/example_dags/example_branch_labels.py
[2026-09-25T17:14:58.628+0000] {logging_mixin.py:190} INFO - [2026-09-25T17:14:58.628+0000] {dag.py:3239} INFO - Sync 1 DAGs
[2026-09-25T17:14:58.776+0000] {logging_mixin.py:190} INFO - [2026-09-25T17:14:58.771+0000] {dag.py:4180} INFO - Setting next_dagrun for example_branch_labels to 2026-09-24 00:00:00+00:00, run_after=2026-09-25 00:00:00+00:00
[2026-09-25T17:14:58.850+0000] {processor.py:208} INFO - Processing /home/airflow/.local/lib/python3.12/site-packages/airflow/example_dags/example_branch_labels.py took 0.393 seconds
[2026-09-25T17:15:34.523+0000] {processor.py:186} INFO - Started process (PID=1654) to work on /home/airflow/.local/lib/python3.12/site-packages/airflow/example_dags/example_branch_labels.py
[2026-09-25T17:15:34.581+0000] {processor.py:914} INFO - Processing file /home/airflow/.local/lib/python3.12/site-packages/airflow/example_dags/example_branch_labels.py for tasks to queue
[2026-09-25T17:15:34.623+0000] {logging_mixin.py:190} INFO - [2026-09-25T17:15:34.620+0000] {dagbag.py:588} INFO - Filling up the DagBag from /home/airflow/.local/lib/python3.12/site-packages/airflow/example_dags/example_branch_labels.py
[2026-09-25T17:15:35.085+0000] {processor.py:925} INFO - DAG(s) 'example_branch_labels' retrieved from /home/airflow/.local/lib/python3.12/site-packages/airflow/example_dags/example_branch_labels.py
[2026-09-25T17:15:35.302+0000] {logging_mixin.py:190} INFO - [2026-09-25T17:15:35.301+0000] {dag.py:3239} INFO - Sync 1 DAGs
[2026-09-25T17:15:35.561+0000] {logging_mixin.py:190} INFO - [2026-09-25T17:15:35.560+0000] {dag.py:4180} INFO - Setting next_dagrun for example_branch_labels to 2026-09-24 00:00:00+00:00, run_after=2026-09-25 00:00:00+00:00
[2026-09-25T17:15:35.661+0000] {processor.py:208} INFO - Processing /home/airflow/.local/lib/python3.12/site-packages/airflow/example_dags/example_branch_labels.py took 1.207 seconds
[2026-09-25T17:16:06.651+0000] {processor.py:186} INFO - Started process (PID=1717) to work on /home/airflow/.local/lib/python3.12/site-packages/airflow/example_dags/example_branch_labels.py
[2026-09-25T17:16:06.654+0000] {processor.py:914} INFO - Processing file /home/airflow/.local/lib/python3.12/site-packages/airflow/example_dags/example_branch_labels.py for tasks to queue
[2026-09-25T17:16:06.668+0000] {logging_mixin.py:190} INFO - [2026-09-25T17:16:06.668+0000] {dagbag.py:588} INFO - Filling up the DagBag from /home/airflow/.local/lib/python3.12/site-packages/airflow/example_dags/example_branch_labels.py
[2026-09-25T17:16:06.710+0000] {processor.py:925} INFO - DAG(s) 'example_branch_labels' retrieved from /home/airflow/.local/lib/python3.12/site-packages/airflow/example_dags/example_branch_labels.py
[2026-09-25T17:16:07.050+0000] {logging_mixin.py:190} INFO - [2026-09-25T17:16:07.049+0000] {dag.py:3239} INFO - Sync 1 DAGs
[2026-09-25T17:16:07.179+0000] {logging_mixin.py:190} INFO - [2026-09-25T17:16:07.177+0000] {dag.py:4180} INFO - Setting next_dagrun for example_branch_labels to 2026-09-24 00:00:00+00:00, run_after=2026-09-25 00:00:00+00:00
[2026-09-25T17:16:07.274+0000] {processor.py:208} INFO - Processing /home/airflow/.local/lib/python3.12/site-packages/airflow/example_dags/example_branch_labels.py took 0.656 seconds
[2026-09-25T17:17:01.201+0000] {processor.py:186} INFO - Started process (PID=1790) to work on /home/airflow/.local/lib/python3.12/site-packages/airflow/example_dags/example_branch_labels.py
[2026-09-25T17:17:01.206+0000] {processor.py:914} INFO - Processing file /home/airflow/.local/lib/python3.12/site-packages/airflow/example_dags/example_branch_labels.py for tasks to queue
[2026-09-25T17:17:01.218+0000] {logging_mixin.py:190} INFO - [2026-09-25T17:17:01.216+0000] {dagbag.py:588} INFO - Filling up the DagBag from /home/airflow/.local/lib/python3.12/site-packages/airflow/example_dags/example_branch_labels.py
[2026-09-25T17:17:01.281+0000] {processor.py:925} INFO - DAG(s) 'example_branch_labels' retrieved from /home/airflow/.local/lib/python3.12/site-packages/airflow/example_dags/example_branch_labels.py
[2026-09-25T17:17:01.389+0000] {logging_mixin.py:190} INFO - [2026-09-25T17:17:01.387+0000] {dag.py:3239} INFO - Sync 1 DAGs
[2026-09-25T17:17:01.514+0000] {logging_mixin.py:190} INFO - [2026-09-25T17:17:01.513+0000] {dag.py:4180} INFO - Setting next_dagrun for example_branch_labels to 2026-09-24 00:00:00+00:00, run_after=2026-09-25 00:00:00+00:00
[2026-09-25T17:17:01.603+0000] {processor.py:208} INFO - Processing /home/airflow/.local/lib/python3.12/site-packages/airflow/example_dags/example_branch_labels.py took 0.421 seconds
[2026-09-25T17:17:36.034+0000] {processor.py:186} INFO - Started process (PID=1853) to work on /home/airflow/.local/lib/python3.12/site-packages/airflow/example_dags/example_branch_labels.py
[2026-09-25T17:17:36.056+0000] {processor.py:914} INFO - Processing file /home/airflow/.local/lib/python3.12/site-packages/airflow/example_dags/example_branch_labels.py for tasks to queue
[2026-09-25T17:17:36.087+0000] {logging_mixin.py:190} INFO - [2026-09-25T17:17:36.087+0000] {dagbag.py:588} INFO - Filling up the DagBag from /home/airflow/.local/lib/python3.12/site-packages/airflow/example_dags/example_branch_labels.py
[2026-09-25T17:17:36.224+0000] {processor.py:925} INFO - DAG(s) 'example_branch_labels' retrieved from /home/airflow/.local/lib/python3.12/site-packages/airflow/example_dags/example_branch_labels.py
[2026-09-25T17:17:36.333+0000] {logging_mixin.py:190} INFO - [2026-09-25T17:17:36.333+0000] {dag.py:3239} INFO - Sync 1 DAGs
[2026-09-25T17:17:36.448+0000] {logging_mixin.py:190} INFO - [2026-09-25T17:17:36.446+0000] {dag.py:4180} INFO - Setting next_dagrun for example_branch_labels to 2026-09-24 00:00:00+00:00, run_after=2026-09-25 00:00:00+00:00
[2026-09-25T17:17:36.508+0000] {processor.py:208} INFO - Processing /home/airflow/.local/lib/python3.12/site-packages/airflow/example_dags/example_branch_labels.py took 0.549 seconds
[2026-09-25T17:18:12.036+0000] {processor.py:186} INFO - Started process (PID=1916) to work on /home/airflow/.local/lib/python3.12/site-packages/airflow/example_dags/example_branch_labels.py
[2026-09-25T17:18:12.038+0000] {processor.py:914} INFO - Processing file /home/airflow/.local/lib/python3.12/site-packages/airflow/example_dags/example_branch_labels.py for tasks to queue
[2026-09-25T17:18:12.052+0000] {logging_mixin.py:190} INFO - [2026-09-25T17:18:12.050+0000] {dagbag.py:588} INFO - Filling up the DagBag from /home/airflow/.local/lib/python3.12/site-packages/airflow/example_dags/example_branch_labels.py
[2026-09-25T17:18:12.123+0000] {processor.py:925} INFO - DAG(s) 'example_branch_labels' retrieved from /home/airflow/.local/lib/python3.12/site-packages/airflow/example_dags/example_branch_labels.py
[2026-09-25T17:18:12.204+0000] {logging_mixin.py:190} INFO - [2026-09-25T17:18:12.204+0000] {dag.py:3239} INFO - Sync 1 DAGs
[2026-09-25T17:18:12.347+0000] {logging_mixin.py:190} INFO - [2026-09-25T17:18:12.346+0000] {dag.py:4180} INFO - Setting next_dagrun for example_branch_labels to 2026-09-24 00:00:00+00:00, run_after=2026-09-25 00:00:00+00:00
[2026-09-25T17:18:12.439+0000] {processor.py:208} INFO - Processing /home/airflow/.local/lib/python3.12/site-packages/airflow/example_dags/example_branch_labels.py took 0.466 seconds
[2026-09-25T17:18:43.793+0000] {processor.py:186} INFO - Started process (PID=1979) to work on /home/airflow/.local/lib/python3.12/site-packages/airflow/example_dags/example_branch_labels.py
[2026-09-25T17:18:43.795+0000] {processor.py:914} INFO - Processing file /home/airflow/.local/lib/python3.12/site-packages/airflow/example_dags/example_branch_labels.py for tasks to queue
[2026-09-25T17:18:43.802+0000] {logging_mixin.py:190} INFO - [2026-09-25T17:18:43.801+0000] {dagbag.py:588} INFO - Filling up the DagBag from /home/airflow/.local/lib/python3.12/site-packages/airflow/example_dags/example_branch_labels.py
[2026-09-25T17:18:43.821+0000] {processor.py:925} INFO - DAG(s) 'example_branch_labels' retrieved from /home/airflow/.local/lib/python3.12/site-packages/airflow/example_dags/example_branch_labels.py
[2026-09-25T17:18:43.890+0000] {logging_mixin.py:190} INFO - [2026-09-25T17:18:43.889+0000] {dag.py:3239} INFO - Sync 1 DAGs
[2026-09-25T17:18:43.957+0000] {logging_mixin.py:190} INFO - [2026-09-25T17:18:43.957+0000] {dag.py:4180} INFO - Setting next_dagrun for example_branch_labels to 2026-09-24 00:00:00+00:00, run_after=2026-09-25 00:00:00+00:00
[2026-09-25T17:18:43.996+0000] {processor.py:208} INFO - Processing /home/airflow/.local/lib/python3.12/site-packages/airflow/example_dags/example_branch_labels.py took 0.216 seconds
[2026-09-25T17:19:14.243+0000] {processor.py:186} INFO - Started process (PID=2041) to work on /home/airflow/.local/lib/python3.12/site-packages/airflow/example_dags/example_branch_labels.py
[2026-09-25T17:19:14.247+0000] {processor.py:914} INFO - Processing file /home/airflow/.local/lib/python3.12/site-packages/airflow/example_dags/example_branch_labels.py for tasks to queue
[2026-09-25T17:19:14.255+0000] {logging_mixin.py:190} INFO - [2026-09-25T17:19:14.254+0000] {dagbag.py:588} INFO - Filling up the DagBag from /home/airflow/.local/lib/python3.12/site-packages/airflow/example_dags/example_branch_labels.py
[2026-09-25T17:19:14.278+0000] {processor.py:925} INFO - DAG(s) 'example_branch_labels' retrieved from /home/airflow/.local/lib/python3.12/site-packages/airflow/example_dags/example_branch_labels.py
[2026-09-25T17:19:14.344+0000] {logging_mixin.py:190} INFO - [2026-09-25T17:19:14.344+0000] {dag.py:3239} INFO - Sync 1 DAGs
[2026-09-25T17:19:14.409+0000] {logging_mixin.py:190} INFO - [2026-09-25T17:19:14.408+0000] {dag.py:4180} INFO - Setting next_dagrun for example_branch_labels to 2026-09-24 00:00:00+00:00, run_after=2026-09-25 00:00:00+00:00
[2026-09-25T17:19:14.484+0000] {processor.py:208} INFO - Processing /home/airflow/.local/lib/python3.12/site-packages/airflow/example_dags/example_branch_labels.py took 0.276 seconds
[2026-09-25T17:19:56.726+0000] {processor.py:186} INFO - Started process (PID=2105) to work on /home/airflow/.local/lib/python3.12/site-packages/airflow/example_dags/example_branch_labels.py
[2026-09-25T17:19:56.729+0000] {processor.py:914} INFO - Processing file /home/airflow/.local/lib/python3.12/site-packages/airflow/example_dags/example_branch_labels.py for tasks to queue
[2026-09-25T17:19:56.757+0000] {logging_mixin.py:190} INFO - [2026-09-25T17:19:56.755+0000] {dagbag.py:588} INFO - Filling up the DagBag from /home/airflow/.local/lib/python3.12/site-packages/airflow/example_dags/example_branch_labels.py
[2026-09-25T17:19:56.837+0000] {processor.py:925} INFO - DAG(s) 'example_branch_labels' retrieved from /home/airflow/.local/lib/python3.12/site-packages/airflow/example_dags/example_branch_labels.py
[2026-09-25T17:19:56.936+0000] {logging_mixin.py:190} INFO - [2026-09-25T17:19:56.936+0000] {dag.py:3239} INFO - Sync 1 DAGs
[2026-09-25T17:19:57.053+0000] {logging_mixin.py:190} INFO - [2026-09-25T17:19:57.052+0000] {dag.py:4180} INFO - Setting next_dagrun for example_branch_labels to 2026-09-24 00:00:00+00:00, run_after=2026-09-25 00:00:00+00:00
[2026-09-25T17:19:57.110+0000] {processor.py:208} INFO - Processing /home/airflow/.local/lib/python3.12/site-packages/airflow/example_dags/example_branch_labels.py took 0.480 seconds
[2026-09-25T17:20:47.143+0000] {processor.py:186} INFO - Started process (PID=2175) to work on /home/airflow/.local/lib/python3.12/site-packages/airflow/example_dags/example_branch_labels.py
[2026-09-25T17:20:47.150+0000] {processor.py:914} INFO - Processing file /home/airflow/.local/lib/python3.12/site-packages/airflow/example_dags/example_branch_labels.py for tasks to queue
[2026-09-25T17:20:47.159+0000] {logging_mixin.py:190} INFO - [2026-09-25T17:20:47.158+0000] {dagbag.py:588} INFO - Filling up the DagBag from /home/airflow/.local/lib/python3.12/site-packages/airflow/example_dags/example_branch_labels.py
[2026-09-25T17:20:47.191+0000] {processor.py:925} INFO - DAG(s) 'example_branch_labels' retrieved from /home/airflow/.local/lib/python3.12/site-packages/airflow/example_dags/example_branch_labels.py
[2026-09-25T17:20:47.287+0000] {logging_mixin.py:190} INFO - [2026-09-25T17:20:47.286+0000] {dag.py:3239} INFO - Sync 1 DAGs
[2026-09-25T17:20:47.380+0000] {logging_mixin.py:190} INFO - [2026-09-25T17:20:47.379+0000] {dag.py:4180} INFO - Setting next_dagrun for example_branch_labels to 2026-09-24 00:00:00+00:00, run_after=2026-09-25 00:00:00+00:00
[2026-09-25T17:20:47.456+0000] {processor.py:208} INFO - Processing /home/airflow/.local/lib/python3.12/site-packages/airflow/example_dags/example_branch_labels.py took 0.343 seconds
[2026-09-25T17:21:24.105+0000] {processor.py:186} INFO - Started process (PID=2238) to work on /home/airflow/.local/lib/python3.12/site-packages/airflow/example_dags/example_branch_labels.py
[2026-09-25T17:21:24.109+0000] {processor.py:914} INFO - Processing file /home/airflow/.local/lib/python3.12/site-packages/airflow/example_dags/example_branch_labels.py for tasks to queue
[2026-09-25T17:21:24.116+0000] {logging_mixin.py:190} INFO - [2026-09-25T17:21:24.116+0000] {dagbag.py:588} INFO - Filling up the DagBag from /home/airflow/.local/lib/python3.12/site-packages/airflow/example_dags/example_branch_labels.py
[2026-09-25T17:21:24.159+0000] {processor.py:925} INFO - DAG(s) 'example_branch_labels' retrieved from /home/airflow/.local/lib/python3.12/site-packages/airflow/example_dags/example_branch_labels.py
[2026-09-25T17:21:24.242+0000] {logging_mixin.py:190} INFO - [2026-09-25T17:21:24.241+0000] {dag.py:3239} INFO - Sync 1 DAGs
[2026-09-25T17:21:24.469+0000] {logging_mixin.py:190} INFO - [2026-09-25T17:21:24.468+0000] {dag.py:4180} INFO - Setting next_dagrun for example_branch_labels to 2026-09-24 00:00:00+00:00, run_after=2026-09-25 00:00:00+00:00
[2026-09-25T17:21:24.546+0000] {processor.py:208} INFO - Processing /home/airflow/.local/lib/python3.12/site-packages/airflow/example_dags/example_branch_labels.py took 0.459 seconds
[2026-09-25T17:22:38.326+0000] {processor.py:186} INFO - Started process (PID=2313) to work on /home/airflow/.local/lib/python3.12/site-packages/airflow/example_dags/example_branch_labels.py
[2026-09-25T17:22:38.348+0000] {processor.py:914} INFO - Processing file /home/airflow/.local/lib/python3.12/site-packages/airflow/example_dags/example_branch_labels.py for tasks to queue
[2026-09-25T17:22:38.367+0000] {logging_mixin.py:190} INFO - [2026-09-25T17:22:38.362+0000] {dagbag.py:588} INFO - Filling up the DagBag from /home/airflow/.local/lib/python3.12/site-packages/airflow/example_dags/example_branch_labels.py
[2026-09-25T17:22:38.469+0000] {processor.py:925} INFO - DAG(s) 'example_branch_labels' retrieved from /home/airflow/.local/lib/python3.12/site-packages/airflow/example_dags/example_branch_labels.py
[2026-09-25T17:22:38.551+0000] {logging_mixin.py:190} INFO - [2026-09-25T17:22:38.550+0000] {dag.py:3239} INFO - Sync 1 DAGs
[2026-09-25T17:22:38.692+0000] {logging_mixin.py:190} INFO - [2026-09-25T17:22:38.691+0000] {dag.py:4180} INFO - Setting next_dagrun for example_branch_labels to 2026-09-24 00:00:00+00:00, run_after=2026-09-25 00:00:00+00:00
[2026-09-25T17:22:38.800+0000] {processor.py:208} INFO - Processing /home/airflow/.local/lib/python3.12/site-packages/airflow/example_dags/example_branch_labels.py took 0.495 seconds
[2026-09-25T17:23:15.685+0000] {processor.py:186} INFO - Started process (PID=2375) to work on /home/airflow/.local/lib/python3.12/site-packages/airflow/example_dags/example_branch_labels.py
[2026-09-25T17:23:15.696+0000] {processor.py:914} INFO - Processing file /home/airflow/.local/lib/python3.12/site-packages/airflow/example_dags/example_branch_labels.py for tasks to queue
[2026-09-25T17:23:15.755+0000] {logging_mixin.py:190} INFO - [2026-09-25T17:23:15.753+0000] {dagbag.py:588} INFO - Filling up the DagBag from /home/airflow/.local/lib/python3.12/site-packages/airflow/example_dags/example_branch_labels.py
[2026-09-25T17:23:15.855+0000] {processor.py:925} INFO - DAG(s) 'example_branch_labels' retrieved from /home/airflow/.local/lib/python3.12/site-packages/airflow/example_dags/example_branch_labels.py
[2026-09-25T17:23:16.059+0000] {logging_mixin.py:190} INFO - [2026-09-25T17:23:16.059+0000] {dag.py:3239} INFO - Sync 1 DAGs
[2026-09-25T17:23:16.177+0000] {logging_mixin.py:190} INFO - [2026-09-25T17:23:16.175+0000] {dag.py:4180} INFO - Setting next_dagrun for example_branch_labels to 2026-09-24 00:00:00+00:00, run_after=2026-09-25 00:00:00+00:00
[2026-09-25T17:23:16.613+0000] {processor.py:208} INFO - Processing /home/airflow/.local/lib/python3.12/site-packages/airflow/example_dags/example_branch_labels.py took 1.058 seconds
[2026-09-25T17:23:49.254+0000] {processor.py:186} INFO - Started process (PID=2436) to work on /home/airflow/.local/lib/python3.12/site-packages/airflow/example_dags/example_branch_labels.py
[2026-09-25T17:23:49.257+0000] {processor.py:914} INFO - Processing file /home/airflow/.local/lib/python3.12/site-packages/airflow/example_dags/example_branch_labels.py for tasks to queue
[2026-09-25T17:23:49.266+0000] {logging_mixin.py:190} INFO - [2026-09-25T17:23:49.265+0000] {dagbag.py:588} INFO - Filling up the DagBag from /home/airflow/.local/lib/python3.12/site-packages/airflow/example_dags/example_branch_labels.py
[2026-09-25T17:23:49.305+0000] {processor.py:925} INFO - DAG(s) 'example_branch_labels' retrieved from /home/airflow/.local/lib/python3.12/site-packages/airflow/example_dags/example_branch_labels.py
[2026-09-25T17:23:49.399+0000] {logging_mixin.py:190} INFO - [2026-09-25T17:23:49.397+0000] {dag.py:3239} INFO - Sync 1 DAGs
[2026-09-25T17:23:49.617+0000] {logging_mixin.py:190} INFO - [2026-09-25T17:23:49.614+0000] {dag.py:4180} INFO - Setting next_dagrun for example_branch_labels to 2026-09-24 00:00:00+00:00, run_after=2026-09-25 00:00:00+00:00
[2026-09-25T17:23:49.769+0000] {processor.py:208} INFO - Processing /home/airflow/.local/lib/python3.12/site-packages/airflow/example_dags/example_branch_labels.py took 0.532 seconds
[2026-09-25T17:24:25.378+0000] {processor.py:186} INFO - Started process (PID=2501) to work on /home/airflow/.local/lib/python3.12/site-packages/airflow/example_dags/example_branch_labels.py
[2026-09-25T17:24:25.386+0000] {processor.py:914} INFO - Processing file /home/airflow/.local/lib/python3.12/site-packages/airflow/example_dags/example_branch_labels.py for tasks to queue
[2026-09-25T17:24:25.398+0000] {logging_mixin.py:190} INFO - [2026-09-25T17:24:25.397+0000] {dagbag.py:588} INFO - Filling up the DagBag from /home/airflow/.local/lib/python3.12/site-packages/airflow/example_dags/example_branch_labels.py
[2026-09-25T17:24:25.483+0000] {processor.py:925} INFO - DAG(s) 'example_branch_labels' retrieved from /home/airflow/.local/lib/python3.12/site-packages/airflow/example_dags/example_branch_labels.py
[2026-09-25T17:24:25.743+0000] {logging_mixin.py:190} INFO - [2026-09-25T17:24:25.742+0000] {dag.py:3239} INFO - Sync 1 DAGs
[2026-09-25T17:24:26.090+0000] {logging_mixin.py:190} INFO - [2026-09-25T17:24:26.089+0000] {dag.py:4180} INFO - Setting next_dagrun for example_branch_labels to 2026-09-24 00:00:00+00:00, run_after=2026-09-25 00:00:00+00:00
[2026-09-25T17:24:26.208+0000] {processor.py:208} INFO - Processing /home/airflow/.local/lib/python3.12/site-packages/airflow/example_dags/example_branch_labels.py took 0.958 seconds
[2026-09-25T17:24:56.897+0000] {processor.py:186} INFO - Started process (PID=2564) to work on /home/airflow/.local/lib/python3.12/site-packages/airflow/example_dags/example_branch_labels.py
[2026-09-25T17:24:56.910+0000] {processor.py:914} INFO - Processing file /home/airflow/.local/lib/python3.12/site-packages/airflow/example_dags/example_branch_labels.py for tasks to queue
[2026-09-25T17:24:56.929+0000] {logging_mixin.py:190} INFO - [2026-09-25T17:24:56.925+0000] {dagbag.py:588} INFO - Filling up the DagBag from /home/airflow/.local/lib/python3.12/site-packages/airflow/example_dags/example_branch_labels.py
[2026-09-25T17:24:57.001+0000] {processor.py:925} INFO - DAG(s) 'example_branch_labels' retrieved from /home/airflow/.local/lib/python3.12/site-packages/airflow/example_dags/example_branch_labels.py
[2026-09-25T17:24:57.121+0000] {logging_mixin.py:190} INFO - [2026-09-25T17:24:57.121+0000] {dag.py:3239} INFO - Sync 1 DAGs
[2026-09-25T17:24:57.482+0000] {logging_mixin.py:190} INFO - [2026-09-25T17:24:57.482+0000] {dag.py:4180} INFO - Setting next_dagrun for example_branch_labels to 2026-09-24 00:00:00+00:00, run_after=2026-09-25 00:00:00+00:00
[2026-09-25T17:24:57.543+0000] {processor.py:208} INFO - Processing /home/airflow/.local/lib/python3.12/site-packages/airflow/example_dags/example_branch_labels.py took 0.720 seconds
