[2026-09-25T16:15:57.896+0000] {processor.py:186} INFO - Started process (PID=119) to work on /home/airflow/.local/lib/python3.12/site-packages/airflow/example_dags/example_branch_python_dop_operator_3.py
[2026-09-25T16:15:57.899+0000] {processor.py:914} INFO - Processing file /home/airflow/.local/lib/python3.12/site-packages/airflow/example_dags/example_branch_python_dop_operator_3.py for tasks to queue
[2026-09-25T16:15:57.941+0000] {logging_mixin.py:190} INFO - [2026-09-25T16:15:57.939+0000] {dagbag.py:588} INFO - Filling up the DagBag from /home/airflow/.local/lib/python3.12/site-packages/airflow/example_dags/example_branch_python_dop_operator_3.py
[2026-09-25T16:15:58.023+0000] {processor.py:925} INFO - DAG(s) 'example_branch_dop_operator_v3' retrieved from /home/airflow/.local/lib/python3.12/site-packages/airflow/example_dags/example_branch_python_dop_operator_3.py
[2026-09-25T16:15:58.314+0000] {logging_mixin.py:190} INFO - [2026-09-25T16:15:58.308+0000] {dag.py:3239} INFO - Sync 1 DAGs
[2026-09-25T16:15:58.951+0000] {logging_mixin.py:190} INFO - [2026-09-25T16:15:58.951+0000] {dag.py:4180} INFO - Setting next_dagrun for example_branch_dop_operator_v3 to 2026-09-25 16:14:00+00:00, run_after=2026-09-25 16:15:00+00:00
[2026-09-25T16:15:59.353+0000] {processor.py:208} INFO - Processing /home/airflow/.local/lib/python3.12/site-packages/airflow/example_dags/example_branch_python_dop_operator_3.py took 1.521 seconds
[2026-09-25T16:18:47.541+0000] {processor.py:186} INFO - Started process (PID=206) to work on /home/airflow/.local/lib/python3.12/site-packages/airflow/example_dags/example_branch_python_dop_operator_3.py
[2026-09-25T16:18:47.551+0000] {processor.py:914} INFO - Processing file /home/airflow/.local/lib/python3.12/site-packages/airflow/example_dags/example_branch_python_dop_operator_3.py for tasks to queue
[2026-09-25T16:18:47.565+0000] {logging_mixin.py:190} INFO - [2026-09-25T16:18:47.564+0000] {dagbag.py:588} INFO - Filling up the DagBag from /home/airflow/.local/lib/python3.12/site-packages/airflow/example_dags/example_branch_python_dop_operator_3.py
[2026-09-25T16:18:47.690+0000] {processor.py:925} INFO - DAG(s) 'example_branch_dop_operator_v3' retrieved from /home/airflow/.local/lib/python3.12/site-packages/airflow/example_dags/example_branch_python_dop_operator_3.py
[2026-09-25T16:18:48.915+0000] {logging_mixin.py:190} INFO - [2026-09-25T16:18:48.915+0000] {dag.py:3239} INFO - Sync 1 DAGs
[2026-09-25T16:18:50.504+0000] {logging_mixin.py:190} INFO - [2026-09-25T16:18:50.503+0000] {dag.py:4180} INFO - Setting next_dagrun for example_branch_dop_operator_v3 to 2026-09-25 16:17:00+00:00, run_after=2026-09-25 16:18:00+00:00
[2026-09-25T16:18:51.999+0000] {processor.py:208} INFO - Processing /home/airflow/.local/lib/python3.12/site-packages/airflow/example_dags/example_branch_python_dop_operator_3.py took 4.521 seconds
[2026-09-25T16:20:50.204+0000] {processor.py:186} INFO - Started process (PID=318) to work on /home/airflow/.local/lib/python3.12/site-packages/airflow/example_dags/example_branch_python_dop_operator_3.py
[2026-09-25T16:20:50.279+0000] {processor.py:914} INFO - Processing file /home/airflow/.local/lib/python3.12/site-packages/airflow/example_dags/example_branch_python_dop_operator_3.py for tasks to queue
[2026-09-25T16:20:50.577+0000] {logging_mixin.py:190} INFO - [2026-09-25T16:20:50.574+0000] {dagbag.py:588} INFO - Filling up the DagBag from /home/airflow/.local/lib/python3.12/site-packages/airflow/example_dags/example_branch_python_dop_operator_3.py
[2026-09-25T16:20:50.833+0000] {processor.py:925} INFO - DAG(s) 'example_branch_dop_operator_v3' retrieved from /home/airflow/.local/lib/python3.12/site-packages/airflow/example_dags/example_branch_python_dop_operator_3.py
[2026-09-25T16:20:51.430+0000] {logging_mixin.py:190} INFO - [2026-09-25T16:20:51.430+0000] {dag.py:3239} INFO - Sync 1 DAGs
[2026-09-25T16:20:52.828+0000] {logging_mixin.py:190} INFO - [2026-09-25T16:20:52.827+0000] {dag.py:4180} INFO - Setting next_dagrun for example_branch_dop_operator_v3 to 2026-09-25 16:19:00+00:00, run_after=2026-09-25 16:20:00+00:00
[2026-09-25T16:20:53.463+0000] {processor.py:208} INFO - Processing /home/airflow/.local/lib/python3.12/site-packages/airflow/example_dags/example_branch_python_dop_operator_3.py took 3.436 seconds
[2026-09-25T16:21:40.098+0000] {processor.py:186} INFO - Started process (PID=386) to work on /home/airflow/.local/lib/python3.12/site-packages/airflow/example_dags/example_branch_python_dop_operator_3.py
[2026-09-25T16:21:40.101+0000] {processor.py:914} INFO - Processing file /home/airflow/.local/lib/python3.12/site-packages/airflow/example_dags/example_branch_python_dop_operator_3.py for tasks to queue
[2026-09-25T16:21:40.108+0000] {logging_mixin.py:190} INFO - [2026-09-25T16:21:40.107+0000] {dagbag.py:588} INFO - Filling up the DagBag from /home/airflow/.local/lib/python3.12/site-packages/airflow/example_dags/example_branch_python_dop_operator_3.py
[2026-09-25T16:21:40.151+0000] {processor.py:925} INFO - DAG(s) 'example_branch_dop_operator_v3' retrieved from /home/airflow/.local/lib/python3.12/site-packages/airflow/example_dags/example_branch_python_dop_operator_3.py
[2026-09-25T16:21:40.203+0000] {logging_mixin.py:190} INFO - [2026-09-25T16:21:40.202+0000] {dag.py:3239} INFO - Sync 1 DAGs
[2026-09-25T16:21:40.286+0000] {logging_mixin.py:190} INFO - [2026-09-25T16:21:40.285+0000] {dag.py:4180} INFO - Setting next_dagrun for example_branch_dop_operator_v3 to 2026-09-25 16:20:00+00:00, run_after=2026-09-25 16:21:00+00:00
[2026-09-25T16:21:40.335+0000] {processor.py:208} INFO - Processing /home/airflow/.local/lib/python3.12/site-packages/airflow/example_dags/example_branch_python_dop_operator_3.py took 0.254 seconds
[2026-09-25T16:22:52.391+0000] {processor.py:186} INFO - Started process (PID=444) to work on /home/airflow/.local/lib/python3.12/site-packages/airflow/example_dags/example_branch_python_dop_operator_3.py
[2026-09-25T16:22:52.397+0000] {processor.py:914} INFO - Processing file /home/airflow/.local/lib/python3.12/site-packages/airflow/example_dags/example_branch_python_dop_operator_3.py for tasks to queue
[2026-09-25T16:22:52.414+0000] {logging_mixin.py:190} INFO - [2026-09-25T16:22:52.413+0000] {dagbag.py:588} INFO - Filling up the DagBag from /home/airflow/.local/lib/python3.12/site-packages/airflow/example_dags/example_branch_python_dop_operator_3.py
[2026-09-25T16:22:52.512+0000] {processor.py:925} INFO - DAG(s) 'example_branch_dop_operator_v3' retrieved from /home/airflow/.local/lib/python3.12/site-packages/airflow/example_dags/example_branch_python_dop_operator_3.py
[2026-09-25T16:22:52.688+0000] {logging_mixin.py:190} INFO - [2026-09-25T16:22:52.685+0000] {dag.py:3239} INFO - Sync 1 DAGs
[2026-09-25T16:22:52.829+0000] {logging_mixin.py:190} INFO - [2026-09-25T16:22:52.828+0000] {dag.py:4180} INFO - Setting next_dagrun for example_branch_dop_operator_v3 to 2026-09-25 16:21:00+00:00, run_after=2026-09-25 16:22:00+00:00
[2026-09-25T16:22:53.282+0000] {processor.py:208} INFO - Processing /home/airflow/.local/lib/python3.12/site-packages/airflow/example_dags/example_branch_python_dop_operator_3.py took 0.971 seconds
[2026-09-25T16:23:26.091+0000] {processor.py:186} INFO - Started process (PID=507) to work on /home/airflow/.local/lib/python3.12/site-packages/airflow/example_dags/example_branch_python_dop_operator_3.py
[2026-09-25T16:23:26.098+0000] {processor.py:914} INFO - Processing file /home/airflow/.local/lib/python3.12/site-packages/airflow/example_dags/example_branch_python_dop_operator_3.py for tasks to queue
[2026-09-25T16:23:26.115+0000] {logging_mixin.py:190} INFO - [2026-09-25T16:23:26.114+0000] {dagbag.py:588} INFO - Filling up the DagBag from /home/airflow/.local/lib/python3.12/site-packages/airflow/example_dags/example_branch_python_dop_operator_3.py
[2026-09-25T16:23:26.190+0000] {processor.py:925} INFO - DAG(s) 'example_branch_dop_operator_v3' retrieved from /home/airflow/.local/lib/python3.12/site-packages/airflow/example_dags/example_branch_python_dop_operator_3.py
[2026-09-25T16:23:26.323+0000] {logging_mixin.py:190} INFO - [2026-09-25T16:23:26.322+0000] {dag.py:3239} INFO - Sync 1 DAGs
[2026-09-25T16:23:26.436+0000] {logging_mixin.py:190} INFO - [2026-09-25T16:23:26.435+0000] {dag.py:4180} INFO - Setting next_dagrun for example_branch_dop_operator_v3 to 2026-09-25 16:22:00+00:00, run_after=2026-09-25 16:23:00+00:00
[2026-09-25T16:23:26.491+0000] {processor.py:208} INFO - Processing /home/airflow/.local/lib/python3.12/site-packages/airflow/example_dags/example_branch_python_dop_operator_3.py took 0.437 seconds
[2026-09-25T16:24:03.645+0000] {processor.py:186} INFO - Started process (PID=570) to work on /home/airflow/.local/lib/python3.12/site-packages/airflow/example_dags/example_branch_python_dop_operator_3.py
[2026-09-25T16:24:03.661+0000] {processor.py:914} INFO - Processing file /home/airflow/.local/lib/python3.12/site-packages/airflow/example_dags/example_branch_python_dop_operator_3.py for tasks to queue
[2026-09-25T16:24:03.717+0000] {logging_mixin.py:190} INFO - [2026-09-25T16:24:03.704+0000] {dagbag.py:588} INFO - Filling up the DagBag from /home/airflow/.local/lib/python3.12/site-packages/airflow/example_dags/example_branch_python_dop_operator_3.py
[2026-09-25T16:24:03.773+0000] {processor.py:925} INFO - DAG(s) 'example_branch_dop_operator_v3' retrieved from /home/airflow/.local/lib/python3.12/site-packages/airflow/example_dags/example_branch_python_dop_operator_3.py
[2026-09-25T16:24:03.875+0000] {logging_mixin.py:190} INFO - [2026-09-25T16:24:03.874+0000] {dag.py:3239} INFO - Sync 1 DAGs
[2026-09-25T16:24:04.054+0000] {logging_mixin.py:190} INFO - [2026-09-25T16:24:04.052+0000] {dag.py:4180} INFO - Setting next_dagrun for example_branch_dop_operator_v3 to 2026-09-25 16:23:00+00:00, run_after=2026-09-25 16:24:00+00:00
[2026-09-25T16:24:04.137+0000] {processor.py:208} INFO - Processing /home/airflow/.local/lib/python3.12/site-packages/airflow/example_dags/example_branch_python_dop_operator_3.py took 0.517 seconds
[2026-09-25T16:24:45.593+0000] {processor.py:186} INFO - Started process (PID=638) to work on /home/airflow/.local/lib/python3.12/site-packages/airflow/example_dags/example_branch_python_dop_operator_3.py
[2026-09-25T16:24:45.621+0000] {processor.py:914} INFO - Processing file /home/airflow/.local/lib/python3.12/site-packages/airflow/example_dags/example_branch_python_dop_operator_3.py for tasks to queue
[2026-09-25T16:24:45.663+0000] {logging_mixin.py:190} INFO - [2026-09-25T16:24:45.661+0000] {dagbag.py:588} INFO - Filling up the DagBag from /home/airflow/.local/lib/python3.12/site-packages/airflow/example_dags/example_branch_python_dop_operator_3.py
[2026-09-25T16:24:45.817+0000] {processor.py:925} INFO - DAG(s) 'example_branch_dop_operator_v3' retrieved from /home/airflow/.local/lib/python3.12/site-packages/airflow/example_dags/example_branch_python_dop_operator_3.py
[2026-09-25T16:24:46.302+0000] {logging_mixin.py:190} INFO - [2026-09-25T16:24:46.302+0000] {dag.py:3239} INFO - Sync 1 DAGs
[2026-09-25T16:24:47.459+0000] {logging_mixin.py:190} INFO - [2026-09-25T16:24:47.425+0000] {dag.py:4180} INFO - Setting next_dagrun for example_branch_dop_operator_v3 to 2026-09-25 16:23:00+00:00, run_after=2026-09-25 16:24:00+00:00
[2026-09-25T16:24:47.917+0000] {processor.py:208} INFO - Processing /home/airflow/.local/lib/python3.12/site-packages/airflow/example_dags/example_branch_python_dop_operator_3.py took 2.379 seconds
[2026-09-25T16:25:20.022+0000] {processor.py:186} INFO - Started process (PID=701) to work on /home/airflow/.local/lib/python3.12/site-packages/airflow/example_dags/example_branch_python_dop_operator_3.py
[2026-09-25T16:25:20.090+0000] {processor.py:914} INFO - Processing file /home/airflow/.local/lib/python3.12/site-packages/airflow/example_dags/example_branch_python_dop_operator_3.py for tasks to queue
[2026-09-25T16:25:20.116+0000] {logging_mixin.py:190} INFO - [2026-09-25T16:25:20.112+0000] {dagbag.py:588} INFO - Filling up the DagBag from /home/airflow/.local/lib/python3.12/site-packages/airflow/example_dags/example_branch_python_dop_operator_3.py
[2026-09-25T16:25:20.217+0000] {processor.py:925} INFO - DAG(s) 'example_branch_dop_operator_v3' retrieved from /home/airflow/.local/lib/python3.12/site-packages/airflow/example_dags/example_branch_python_dop_operator_3.py
[2026-09-25T16:25:20.355+0000] {logging_mixin.py:190} INFO - [2026-09-25T16:25:20.355+0000] {dag.py:3239} INFO - Sync 1 DAGs
[2026-09-25T16:25:20.565+0000] {logging_mixin.py:190} INFO - [2026-09-25T16:25:20.565+0000] {dag.py:4180} INFO - Setting next_dagrun for example_branch_dop_operator_v3 to 2026-09-25 16:24:00+00:00, run_after=2026-09-25 16:25:00+00:00
[2026-09-25T16:25:20.777+0000] {processor.py:208} INFO - Processing /home/airflow/.local/lib/python3.12/site-packages/airflow/example_dags/example_branch_python_dop_operator_3.py took 0.886 seconds
[2026-09-25T16:25:58.109+0000] {processor.py:186} INFO - Started process (PID=765) to work on /home/airflow/.local/lib/python3.12/site-packages/airflow/example_dags/example_branch_python_dop_operator_3.py
[2026-09-25T16:25:58.113+0000] {processor.py:914} INFO - Processing file /home/airflow/.local/lib/python3.12/site-packages/airflow/example_dags/example_branch_python_dop_operator_3.py for tasks to queue
[2026-09-25T16:25:58.121+0000] {logging_mixin.py:190} INFO - [2026-09-25T16:25:58.120+0000] {dagbag.py:588} INFO - Filling up the DagBag from /home/airflow/.local/lib/python3.12/site-packages/airflow/example_dags/example_branch_python_dop_operator_3.py
[2026-09-25T16:25:58.164+0000] {processor.py:925} INFO - DAG(s) 'example_branch_dop_operator_v3' retrieved from /home/airflow/.local/lib/python3.12/site-packages/airflow/example_dags/example_branch_python_dop_operator_3.py
[2026-09-25T16:25:58.236+0000] {logging_mixin.py:190} INFO - [2026-09-25T16:25:58.234+0000] {dag.py:3239} INFO - Sync 1 DAGs
[2026-09-25T16:25:58.524+0000] {logging_mixin.py:190} INFO - [2026-09-25T16:25:58.524+0000] {dag.py:4180} INFO - Setting next_dagrun for example_branch_dop_operator_v3 to 2026-09-25 16:24:00+00:00, run_after=2026-09-25 16:25:00+00:00
[2026-09-25T16:25:58.774+0000] {processor.py:208} INFO - Processing /home/airflow/.local/lib/python3.12/site-packages/airflow/example_dags/example_branch_python_dop_operator_3.py took 0.705 seconds
[2026-09-25T16:26:29.212+0000] {processor.py:186} INFO - Started process (PID=827) to work on /home/airflow/.local/lib/python3.12/site-packages/airflow/example_dags/example_branch_python_dop_operator_3.py
[2026-09-25T16:26:29.214+0000] {processor.py:914} INFO - Processing file /home/airflow/.local/lib/python3.12/site-packages/airflow/example_dags/example_branch_python_dop_operator_3.py for tasks to queue
[2026-09-25T16:26:29.234+0000] {logging_mixin.py:190} INFO - [2026-09-25T16:26:29.232+0000] {dagbag.py:588} INFO - Filling up the DagBag from /home/airflow/.local/lib/python3.12/site-packages/airflow/example_dags/example_branch_python_dop_operator_3.py
[2026-09-25T16:26:29.281+0000] {processor.py:925} INFO - DAG(s) 'example_branch_dop_operator_v3' retrieved from /home/airflow/.local/lib/python3.12/site-packages/airflow/example_dags/example_branch_python_dop_operator_3.py
[2026-09-25T16:26:29.340+0000] {logging_mixin.py:190} INFO - [2026-09-25T16:26:29.339+0000] {dag.py:3239} INFO - Sync 1 DAGs
[2026-09-25T16:26:29.429+0000] {logging_mixin.py:190} INFO - [2026-09-25T16:26:29.428+0000] {dag.py:4180} INFO - Setting next_dagrun for example_branch_dop_operator_v3 to 2026-09-25 16:25:00+00:00, run_after=2026-09-25 16:26:00+00:00
[2026-09-25T16:26:29.484+0000] {processor.py:208} INFO - Processing /home/airflow/.local/lib/python3.12/site-packages/airflow/example_dags/example_branch_python_dop_operator_3.py took 0.292 seconds
[2026-09-25T16:27:08.148+0000] {processor.py:186} INFO - Started process (PID=890) to work on /home/airflow/.local/lib/python3.12/site-packages/airflow/example_dags/example_branch_python_dop_operator_3.py
[2026-09-25T16:27:08.159+0000] {processor.py:914} INFO - Processing file /home/airflow/.local/lib/python3.12/site-packages/airflow/example_dags/example_branch_python_dop_operator_3.py for tasks to queue
[2026-09-25T16:27:08.201+0000] {logging_mixin.py:190} INFO - [2026-09-25T16:27:08.200+0000] {dagbag.py:588} INFO - Filling up the DagBag from /home/airflow/.local/lib/python3.12/site-packages/airflow/example_dags/example_branch_python_dop_operator_3.py
[2026-09-25T16:27:08.265+0000] {processor.py:925} INFO - DAG(s) 'example_branch_dop_operator_v3' retrieved from /home/airflow/.local/lib/python3.12/site-packages/airflow/example_dags/example_branch_python_dop_operator_3.py
[2026-09-25T16:27:08.422+0000] {logging_mixin.py:190} INFO - [2026-09-25T16:27:08.421+0000] {dag.py:3239} INFO - Sync 1 DAGs
[2026-09-25T16:27:08.775+0000] {logging_mixin.py:190} INFO - [2026-09-25T16:27:08.773+0000] {dag.py:4180} INFO - Setting next_dagrun for example_branch_dop_operator_v3 to 2026-09-25 16:26:00+00:00, run_after=2026-09-25 16:27:00+00:00
[2026-09-25T16:27:09.835+0000] {processor.py:208} INFO - Processing /home/airflow/.local/lib/python3.12/site-packages/airflow/example_dags/example_branch_python_dop_operator_3.py took 1.754 seconds
[2026-09-25T16:28:12.105+0000] {processor.py:186} INFO - Started process (PID=983) to work on /home/airflow/.local/lib/python3.12/site-packages/airflow/example_dags/example_branch_python_dop_operator_3.py
[2026-09-25T16:28:12.110+0000] {processor.py:914} INFO - Processing file /home/airflow/.local/lib/python3.12/site-packages/airflow/example_dags/example_branch_python_dop_operator_3.py for tasks to queue
[2026-09-25T16:28:12.220+0000] {logging_mixin.py:190} INFO - [2026-09-25T16:28:12.218+0000] {dagbag.py:588} INFO - Filling up the DagBag from /home/airflow/.local/lib/python3.12/site-packages/airflow/example_dags/example_branch_python_dop_operator_3.py
[2026-09-25T16:28:12.563+0000] {processor.py:925} INFO - DAG(s) 'example_branch_dop_operator_v3' retrieved from /home/airflow/.local/lib/python3.12/site-packages/airflow/example_dags/example_branch_python_dop_operator_3.py
[2026-09-25T16:28:13.210+0000] {logging_mixin.py:190} INFO - [2026-09-25T16:28:13.198+0000] {dag.py:3239} INFO - Sync 1 DAGs
[2026-09-25T16:28:13.521+0000] {logging_mixin.py:190} INFO - [2026-09-25T16:28:13.521+0000] {dag.py:4180} INFO - Setting next_dagrun for example_branch_dop_operator_v3 to 2026-09-25 16:27:00+00:00, run_after=2026-09-25 16:28:00+00:00
[2026-09-25T16:28:13.721+0000] {processor.py:208} INFO - Processing /home/airflow/.local/lib/python3.12/site-packages/airflow/example_dags/example_branch_python_dop_operator_3.py took 1.779 seconds
[2026-09-25T16:29:03.429+0000] {processor.py:186} INFO - Started process (PID=1055) to work on /home/airflow/.local/lib/python3.12/site-packages/airflow/example_dags/example_branch_python_dop_operator_3.py
[2026-09-25T16:29:03.432+0000] {processor.py:914} INFO - Processing file /home/airflow/.local/lib/python3.12/site-packages/airflow/example_dags/example_branch_python_dop_operator_3.py for tasks to queue
[2026-09-25T16:29:03.438+0000] {logging_mixin.py:190} INFO - [2026-09-25T16:29:03.437+0000] {dagbag.py:588} INFO - Filling up the DagBag from /home/airflow/.local/lib/python3.12/site-packages/airflow/example_dags/example_branch_python_dop_operator_3.py
[2026-09-25T16:29:03.480+0000] {processor.py:925} INFO - DAG(s) 'example_branch_dop_operator_v3' retrieved from /home/airflow/.local/lib/python3.12/site-packages/airflow/example_dags/example_branch_python_dop_operator_3.py
[2026-09-25T16:29:03.610+0000] {logging_mixin.py:190} INFO - [2026-09-25T16:29:03.608+0000] {dag.py:3239} INFO - Sync 1 DAGs
[2026-09-25T16:29:03.698+0000] {logging_mixin.py:190} INFO - [2026-09-25T16:29:03.695+0000] {dag.py:4180} INFO - Setting next_dagrun for example_branch_dop_operator_v3 to 2026-09-25 16:28:00+00:00, run_after=2026-09-25 16:29:00+00:00
[2026-09-25T16:29:03.753+0000] {processor.py:208} INFO - Processing /home/airflow/.local/lib/python3.12/site-packages/airflow/example_dags/example_branch_python_dop_operator_3.py took 0.338 seconds
[2026-09-25T16:43:48.841+0000] {processor.py:186} INFO - Started process (PID=94) to work on /home/airflow/.local/lib/python3.12/site-packages/airflow/example_dags/example_branch_python_dop_operator_3.py
[2026-09-25T16:43:48.846+0000] {processor.py:914} INFO - Processing file /home/airflow/.local/lib/python3.12/site-packages/airflow/example_dags/example_branch_python_dop_operator_3.py for tasks to queue
[2026-09-25T16:43:48.863+0000] {logging_mixin.py:190} INFO - [2026-09-25T16:43:48.862+0000] {dagbag.py:588} INFO - Filling up the DagBag from /home/airflow/.local/lib/python3.12/site-packages/airflow/example_dags/example_branch_python_dop_operator_3.py
[2026-09-25T16:43:48.915+0000] {processor.py:925} INFO - DAG(s) 'example_branch_dop_operator_v3' retrieved from /home/airflow/.local/lib/python3.12/site-packages/airflow/example_dags/example_branch_python_dop_operator_3.py
[2026-09-25T16:43:49.003+0000] {logging_mixin.py:190} INFO - [2026-09-25T16:43:49.002+0000] {dag.py:3239} INFO - Sync 1 DAGs
[2026-09-25T16:43:49.283+0000] {logging_mixin.py:190} INFO - [2026-09-25T16:43:49.282+0000] {dag.py:4180} INFO - Setting next_dagrun for example_branch_dop_operator_v3 to 2026-09-25 16:42:00+00:00, run_after=2026-09-25 16:43:00+00:00
[2026-09-25T16:43:49.377+0000] {processor.py:208} INFO - Processing /home/airflow/.local/lib/python3.12/site-packages/airflow/example_dags/example_branch_python_dop_operator_3.py took 0.559 seconds
[2026-09-25T16:44:20.513+0000] {processor.py:186} INFO - Started process (PID=157) to work on /home/airflow/.local/lib/python3.12/site-packages/airflow/example_dags/example_branch_python_dop_operator_3.py
[2026-09-25T16:44:20.529+0000] {processor.py:914} INFO - Processing file /home/airflow/.local/lib/python3.12/site-packages/airflow/example_dags/example_branch_python_dop_operator_3.py for tasks to queue
[2026-09-25T16:44:20.549+0000] {logging_mixin.py:190} INFO - [2026-09-25T16:44:20.548+0000] {dagbag.py:588} INFO - Filling up the DagBag from /home/airflow/.local/lib/python3.12/site-packages/airflow/example_dags/example_branch_python_dop_operator_3.py
[2026-09-25T16:44:20.661+0000] {processor.py:925} INFO - DAG(s) 'example_branch_dop_operator_v3' retrieved from /home/airflow/.local/lib/python3.12/site-packages/airflow/example_dags/example_branch_python_dop_operator_3.py
[2026-09-25T16:44:20.982+0000] {logging_mixin.py:190} INFO - [2026-09-25T16:44:20.979+0000] {dag.py:3239} INFO - Sync 1 DAGs
[2026-09-25T16:44:21.459+0000] {logging_mixin.py:190} INFO - [2026-09-25T16:44:21.428+0000] {dag.py:4180} INFO - Setting next_dagrun for example_branch_dop_operator_v3 to 2026-09-25 16:43:00+00:00, run_after=2026-09-25 16:44:00+00:00
[2026-09-25T16:44:21.768+0000] {processor.py:208} INFO - Processing /home/airflow/.local/lib/python3.12/site-packages/airflow/example_dags/example_branch_python_dop_operator_3.py took 1.336 seconds
[2026-09-25T16:44:53.016+0000] {processor.py:186} INFO - Started process (PID=219) to work on /home/airflow/.local/lib/python3.12/site-packages/airflow/example_dags/example_branch_python_dop_operator_3.py
[2026-09-25T16:44:53.022+0000] {processor.py:914} INFO - Processing file /home/airflow/.local/lib/python3.12/site-packages/airflow/example_dags/example_branch_python_dop_operator_3.py for tasks to queue
[2026-09-25T16:44:53.045+0000] {logging_mixin.py:190} INFO - [2026-09-25T16:44:53.036+0000] {dagbag.py:588} INFO - Filling up the DagBag from /home/airflow/.local/lib/python3.12/site-packages/airflow/example_dags/example_branch_python_dop_operator_3.py
[2026-09-25T16:44:53.077+0000] {processor.py:925} INFO - DAG(s) 'example_branch_dop_operator_v3' retrieved from /home/airflow/.local/lib/python3.12/site-packages/airflow/example_dags/example_branch_python_dop_operator_3.py
[2026-09-25T16:44:53.178+0000] {logging_mixin.py:190} INFO - [2026-09-25T16:44:53.178+0000] {dag.py:3239} INFO - Sync 1 DAGs
[2026-09-25T16:44:53.362+0000] {logging_mixin.py:190} INFO - [2026-09-25T16:44:53.361+0000] {dag.py:4180} INFO - Setting next_dagrun for example_branch_dop_operator_v3 to 2026-09-25 16:43:00+00:00, run_after=2026-09-25 16:44:00+00:00
[2026-09-25T16:44:53.465+0000] {processor.py:208} INFO - Processing /home/airflow/.local/lib/python3.12/site-packages/airflow/example_dags/example_branch_python_dop_operator_3.py took 0.481 seconds
[2026-09-25T16:45:24.348+0000] {processor.py:186} INFO - Started process (PID=281) to work on /home/airflow/.local/lib/python3.12/site-packages/airflow/example_dags/example_branch_python_dop_operator_3.py
[2026-09-25T16:45:24.354+0000] {processor.py:914} INFO - Processing file /home/airflow/.local/lib/python3.12/site-packages/airflow/example_dags/example_branch_python_dop_operator_3.py for tasks to queue
[2026-09-25T16:45:24.363+0000] {logging_mixin.py:190} INFO - [2026-09-25T16:45:24.363+0000] {dagbag.py:588} INFO - Filling up the DagBag from /home/airflow/.local/lib/python3.12/site-packages/airflow/example_dags/example_branch_python_dop_operator_3.py
[2026-09-25T16:45:24.390+0000] {processor.py:925} INFO - DAG(s) 'example_branch_dop_operator_v3' retrieved from /home/airflow/.local/lib/python3.12/site-packages/airflow/example_dags/example_branch_python_dop_operator_3.py
[2026-09-25T16:45:24.451+0000] {logging_mixin.py:190} INFO - [2026-09-25T16:45:24.451+0000] {dag.py:3239} INFO - Sync 1 DAGs
[2026-09-25T16:45:24.593+0000] {logging_mixin.py:190} INFO - [2026-09-25T16:45:24.592+0000] {dag.py:4180} INFO - Setting next_dagrun for example_branch_dop_operator_v3 to 2026-09-25 16:44:00+00:00, run_after=2026-09-25 16:45:00+00:00
[2026-09-25T16:45:24.652+0000] {processor.py:208} INFO - Processing /home/airflow/.local/lib/python3.12/site-packages/airflow/example_dags/example_branch_python_dop_operator_3.py took 0.322 seconds
[2026-09-25T16:45:54.817+0000] {processor.py:186} INFO - Started process (PID=343) to work on /home/airflow/.local/lib/python3.12/site-packages/airflow/example_dags/example_branch_python_dop_operator_3.py
[2026-09-25T16:45:54.822+0000] {processor.py:914} INFO - Processing file /home/airflow/.local/lib/python3.12/site-packages/airflow/example_dags/example_branch_python_dop_operator_3.py for tasks to queue
[2026-09-25T16:45:54.828+0000] {logging_mixin.py:190} INFO - [2026-09-25T16:45:54.827+0000] {dagbag.py:588} INFO - Filling up the DagBag from /home/airflow/.local/lib/python3.12/site-packages/airflow/example_dags/example_branch_python_dop_operator_3.py
[2026-09-25T16:45:54.847+0000] {processor.py:925} INFO - DAG(s) 'example_branch_dop_operator_v3' retrieved from /home/airflow/.local/lib/python3.12/site-packages/airflow/example_dags/example_branch_python_dop_operator_3.py
[2026-09-25T16:45:54.885+0000] {logging_mixin.py:190} INFO - [2026-09-25T16:45:54.885+0000] {dag.py:3239} INFO - Sync 1 DAGs
[2026-09-25T16:45:54.936+0000] {logging_mixin.py:190} INFO - [2026-09-25T16:45:54.936+0000] {dag.py:4180} INFO - Setting next_dagrun for example_branch_dop_operator_v3 to 2026-09-25 16:44:00+00:00, run_after=2026-09-25 16:45:00+00:00
[2026-09-25T16:45:54.977+0000] {processor.py:208} INFO - Processing /home/airflow/.local/lib/python3.12/site-packages/airflow/example_dags/example_branch_python_dop_operator_3.py took 0.177 seconds
[2026-09-25T16:46:26.681+0000] {processor.py:186} INFO - Started process (PID=405) to work on /home/airflow/.local/lib/python3.12/site-packages/airflow/example_dags/example_branch_python_dop_operator_3.py
[2026-09-25T16:46:26.684+0000] {processor.py:914} INFO - Processing file /home/airflow/.local/lib/python3.12/site-packages/airflow/example_dags/example_branch_python_dop_operator_3.py for tasks to queue
[2026-09-25T16:46:26.691+0000] {logging_mixin.py:190} INFO - [2026-09-25T16:46:26.689+0000] {dagbag.py:588} INFO - Filling up the DagBag from /home/airflow/.local/lib/python3.12/site-packages/airflow/example_dags/example_branch_python_dop_operator_3.py
[2026-09-25T16:46:26.724+0000] {processor.py:925} INFO - DAG(s) 'example_branch_dop_operator_v3' retrieved from /home/airflow/.local/lib/python3.12/site-packages/airflow/example_dags/example_branch_python_dop_operator_3.py
[2026-09-25T16:46:26.771+0000] {logging_mixin.py:190} INFO - [2026-09-25T16:46:26.770+0000] {dag.py:3239} INFO - Sync 1 DAGs
[2026-09-25T16:46:26.853+0000] {logging_mixin.py:190} INFO - [2026-09-25T16:46:26.852+0000] {dag.py:4180} INFO - Setting next_dagrun for example_branch_dop_operator_v3 to 2026-09-25 16:45:00+00:00, run_after=2026-09-25 16:46:00+00:00
[2026-09-25T16:46:26.911+0000] {processor.py:208} INFO - Processing /home/airflow/.local/lib/python3.12/site-packages/airflow/example_dags/example_branch_python_dop_operator_3.py took 0.246 seconds
[2026-09-25T16:46:58.369+0000] {processor.py:186} INFO - Started process (PID=467) to work on /home/airflow/.local/lib/python3.12/site-packages/airflow/example_dags/example_branch_python_dop_operator_3.py
[2026-09-25T16:46:58.372+0000] {processor.py:914} INFO - Processing file /home/airflow/.local/lib/python3.12/site-packages/airflow/example_dags/example_branch_python_dop_operator_3.py for tasks to queue
[2026-09-25T16:46:58.378+0000] {logging_mixin.py:190} INFO - [2026-09-25T16:46:58.378+0000] {dagbag.py:588} INFO - Filling up the DagBag from /home/airflow/.local/lib/python3.12/site-packages/airflow/example_dags/example_branch_python_dop_operator_3.py
[2026-09-25T16:46:58.410+0000] {processor.py:925} INFO - DAG(s) 'example_branch_dop_operator_v3' retrieved from /home/airflow/.local/lib/python3.12/site-packages/airflow/example_dags/example_branch_python_dop_operator_3.py
[2026-09-25T16:46:58.483+0000] {logging_mixin.py:190} INFO - [2026-09-25T16:46:58.482+0000] {dag.py:3239} INFO - Sync 1 DAGs
[2026-09-25T16:46:58.591+0000] {logging_mixin.py:190} INFO - [2026-09-25T16:46:58.591+0000] {dag.py:4180} INFO - Setting next_dagrun for example_branch_dop_operator_v3 to 2026-09-25 16:45:00+00:00, run_after=2026-09-25 16:46:00+00:00
[2026-09-25T16:46:58.658+0000] {processor.py:208} INFO - Processing /home/airflow/.local/lib/python3.12/site-packages/airflow/example_dags/example_branch_python_dop_operator_3.py took 0.313 seconds
[2026-09-25T16:47:41.846+0000] {processor.py:186} INFO - Started process (PID=528) to work on /home/airflow/.local/lib/python3.12/site-packages/airflow/example_dags/example_branch_python_dop_operator_3.py
[2026-09-25T16:47:41.852+0000] {processor.py:914} INFO - Processing file /home/airflow/.local/lib/python3.12/site-packages/airflow/example_dags/example_branch_python_dop_operator_3.py for tasks to queue
[2026-09-25T16:47:41.859+0000] {logging_mixin.py:190} INFO - [2026-09-25T16:47:41.858+0000] {dagbag.py:588} INFO - Filling up the DagBag from /home/airflow/.local/lib/python3.12/site-packages/airflow/example_dags/example_branch_python_dop_operator_3.py
[2026-09-25T16:47:41.893+0000] {processor.py:925} INFO - DAG(s) 'example_branch_dop_operator_v3' retrieved from /home/airflow/.local/lib/python3.12/site-packages/airflow/example_dags/example_branch_python_dop_operator_3.py
[2026-09-25T16:47:41.956+0000] {logging_mixin.py:190} INFO - [2026-09-25T16:47:41.956+0000] {dag.py:3239} INFO - Sync 1 DAGs
[2026-09-25T16:47:42.095+0000] {logging_mixin.py:190} INFO - [2026-09-25T16:47:42.094+0000] {dag.py:4180} INFO - Setting next_dagrun for example_branch_dop_operator_v3 to 2026-09-25 16:46:00+00:00, run_after=2026-09-25 16:47:00+00:00
[2026-09-25T16:47:42.264+0000] {processor.py:208} INFO - Processing /home/airflow/.local/lib/python3.12/site-packages/airflow/example_dags/example_branch_python_dop_operator_3.py took 0.452 seconds
[2026-09-25T16:48:18.598+0000] {processor.py:186} INFO - Started process (PID=590) to work on /home/airflow/.local/lib/python3.12/site-packages/airflow/example_dags/example_branch_python_dop_operator_3.py
[2026-09-25T16:48:18.795+0000] {processor.py:914} INFO - Processing file /home/airflow/.local/lib/python3.12/site-packages/airflow/example_dags/example_branch_python_dop_operator_3.py for tasks to queue
[2026-09-25T16:48:18.851+0000] {logging_mixin.py:190} INFO - [2026-09-25T16:48:18.847+0000] {dagbag.py:588} INFO - Filling up the DagBag from /home/airflow/.local/lib/python3.12/site-packages/airflow/example_dags/example_branch_python_dop_operator_3.py
[2026-09-25T16:48:19.050+0000] {processor.py:925} INFO - DAG(s) 'example_branch_dop_operator_v3' retrieved from /home/airflow/.local/lib/python3.12/site-packages/airflow/example_dags/example_branch_python_dop_operator_3.py
[2026-09-25T16:48:19.557+0000] {logging_mixin.py:190} INFO - [2026-09-25T16:48:19.552+0000] {dag.py:3239} INFO - Sync 1 DAGs
[2026-09-25T16:48:19.767+0000] {logging_mixin.py:190} INFO - [2026-09-25T16:48:19.766+0000] {dag.py:4180} INFO - Setting next_dagrun for example_branch_dop_operator_v3 to 2026-09-25 16:47:00+00:00, run_after=2026-09-25 16:48:00+00:00
[2026-09-25T16:48:19.865+0000] {processor.py:208} INFO - Processing /home/airflow/.local/lib/python3.12/site-packages/airflow/example_dags/example_branch_python_dop_operator_3.py took 1.368 seconds
[2026-09-25T16:48:50.247+0000] {processor.py:186} INFO - Started process (PID=653) to work on /home/airflow/.local/lib/python3.12/site-packages/airflow/example_dags/example_branch_python_dop_operator_3.py
[2026-09-25T16:48:50.250+0000] {processor.py:914} INFO - Processing file /home/airflow/.local/lib/python3.12/site-packages/airflow/example_dags/example_branch_python_dop_operator_3.py for tasks to queue
[2026-09-25T16:48:50.259+0000] {logging_mixin.py:190} INFO - [2026-09-25T16:48:50.258+0000] {dagbag.py:588} INFO - Filling up the DagBag from /home/airflow/.local/lib/python3.12/site-packages/airflow/example_dags/example_branch_python_dop_operator_3.py
[2026-09-25T16:48:50.291+0000] {processor.py:925} INFO - DAG(s) 'example_branch_dop_operator_v3' retrieved from /home/airflow/.local/lib/python3.12/site-packages/airflow/example_dags/example_branch_python_dop_operator_3.py
[2026-09-25T16:48:50.340+0000] {logging_mixin.py:190} INFO - [2026-09-25T16:48:50.340+0000] {dag.py:3239} INFO - Sync 1 DAGs
[2026-09-25T16:48:50.399+0000] {logging_mixin.py:190} INFO - [2026-09-25T16:48:50.399+0000] {dag.py:4180} INFO - Setting next_dagrun for example_branch_dop_operator_v3 to 2026-09-25 16:47:00+00:00, run_after=2026-09-25 16:48:00+00:00
[2026-09-25T16:48:50.440+0000] {processor.py:208} INFO - Processing /home/airflow/.local/lib/python3.12/site-packages/airflow/example_dags/example_branch_python_dop_operator_3.py took 0.217 seconds
[2026-09-25T16:49:21.631+0000] {processor.py:186} INFO - Started process (PID=716) to work on /home/airflow/.local/lib/python3.12/site-packages/airflow/example_dags/example_branch_python_dop_operator_3.py
[2026-09-25T16:49:21.633+0000] {processor.py:914} INFO - Processing file /home/airflow/.local/lib/python3.12/site-packages/airflow/example_dags/example_branch_python_dop_operator_3.py for tasks to queue
[2026-09-25T16:49:21.639+0000] {logging_mixin.py:190} INFO - [2026-09-25T16:49:21.637+0000] {dagbag.py:588} INFO - Filling up the DagBag from /home/airflow/.local/lib/python3.12/site-packages/airflow/example_dags/example_branch_python_dop_operator_3.py
[2026-09-25T16:49:21.661+0000] {processor.py:925} INFO - DAG(s) 'example_branch_dop_operator_v3' retrieved from /home/airflow/.local/lib/python3.12/site-packages/airflow/example_dags/example_branch_python_dop_operator_3.py
[2026-09-25T16:49:21.705+0000] {logging_mixin.py:190} INFO - [2026-09-25T16:49:21.704+0000] {dag.py:3239} INFO - Sync 1 DAGs
[2026-09-25T16:49:21.813+0000] {logging_mixin.py:190} INFO - [2026-09-25T16:49:21.812+0000] {dag.py:4180} INFO - Setting next_dagrun for example_branch_dop_operator_v3 to 2026-09-25 16:48:00+00:00, run_after=2026-09-25 16:49:00+00:00
[2026-09-25T16:49:21.880+0000] {processor.py:208} INFO - Processing /home/airflow/.local/lib/python3.12/site-packages/airflow/example_dags/example_branch_python_dop_operator_3.py took 0.262 seconds
