[2026-09-25T16:15:14.610+0000] {processor.py:186} INFO - Started process (PID=83) to work on /home/airflow/.local/lib/python3.12/site-packages/airflow/example_dags/example_xcom.py
[2026-09-25T16:15:14.622+0000] {processor.py:914} INFO - Processing file /home/airflow/.local/lib/python3.12/site-packages/airflow/example_dags/example_xcom.py for tasks to queue
[2026-09-25T16:15:14.661+0000] {logging_mixin.py:190} INFO - [2026-09-25T16:15:14.660+0000] {dagbag.py:588} INFO - Filling up the DagBag from /home/airflow/.local/lib/python3.12/site-packages/airflow/example_dags/example_xcom.py
[2026-09-25T16:15:14.776+0000] {processor.py:925} INFO - DAG(s) 'example_xcom' retrieved from /home/airflow/.local/lib/python3.12/site-packages/airflow/example_dags/example_xcom.py
[2026-09-25T16:15:15.133+0000] {logging_mixin.py:190} INFO - [2026-09-25T16:15:15.132+0000] {dag.py:3239} INFO - Sync 1 DAGs
[2026-09-25T16:15:15.816+0000] {logging_mixin.py:190} INFO - [2026-09-25T16:15:15.812+0000] {dag.py:4180} INFO - Setting next_dagrun for example_xcom to 2021-01-01 00:00:00+00:00, run_after=2021-01-01 00:00:00+00:00
[2026-09-25T16:15:16.227+0000] {processor.py:208} INFO - Processing /home/airflow/.local/lib/python3.12/site-packages/airflow/example_dags/example_xcom.py took 1.698 seconds
[2026-09-25T16:17:32.517+0000] {processor.py:186} INFO - Started process (PID=170) to work on /home/airflow/.local/lib/python3.12/site-packages/airflow/example_dags/example_xcom.py
[2026-09-25T16:17:32.556+0000] {processor.py:914} INFO - Processing file /home/airflow/.local/lib/python3.12/site-packages/airflow/example_dags/example_xcom.py for tasks to queue
[2026-09-25T16:17:32.594+0000] {logging_mixin.py:190} INFO - [2026-09-25T16:17:32.593+0000] {dagbag.py:588} INFO - Filling up the DagBag from /home/airflow/.local/lib/python3.12/site-packages/airflow/example_dags/example_xcom.py
[2026-09-25T16:17:32.836+0000] {processor.py:925} INFO - DAG(s) 'example_xcom' retrieved from /home/airflow/.local/lib/python3.12/site-packages/airflow/example_dags/example_xcom.py
[2026-09-25T16:17:34.983+0000] {logging_mixin.py:190} INFO - [2026-09-25T16:17:34.982+0000] {dag.py:3239} INFO - Sync 1 DAGs
[2026-09-25T16:17:35.838+0000] {logging_mixin.py:190} INFO - [2026-09-25T16:17:35.836+0000] {dag.py:4180} INFO - Setting next_dagrun for example_xcom to 2021-01-01 00:00:00+00:00, run_after=2021-01-01 00:00:00+00:00
[2026-09-25T16:17:36.275+0000] {processor.py:208} INFO - Processing /home/airflow/.local/lib/python3.12/site-packages/airflow/example_dags/example_xcom.py took 3.826 seconds
[2026-09-25T16:19:23.911+0000] {processor.py:186} INFO - Started process (PID=233) to work on /home/airflow/.local/lib/python3.12/site-packages/airflow/example_dags/example_xcom.py
[2026-09-25T16:19:23.920+0000] {processor.py:914} INFO - Processing file /home/airflow/.local/lib/python3.12/site-packages/airflow/example_dags/example_xcom.py for tasks to queue
[2026-09-25T16:19:24.001+0000] {logging_mixin.py:190} INFO - [2026-09-25T16:19:23.974+0000] {dagbag.py:588} INFO - Filling up the DagBag from /home/airflow/.local/lib/python3.12/site-packages/airflow/example_dags/example_xcom.py
[2026-09-25T16:19:24.113+0000] {processor.py:925} INFO - DAG(s) 'example_xcom' retrieved from /home/airflow/.local/lib/python3.12/site-packages/airflow/example_dags/example_xcom.py
[2026-09-25T16:19:24.400+0000] {logging_mixin.py:190} INFO - [2026-09-25T16:19:24.400+0000] {dag.py:3239} INFO - Sync 1 DAGs
[2026-09-25T16:19:24.700+0000] {logging_mixin.py:190} INFO - [2026-09-25T16:19:24.699+0000] {dag.py:4180} INFO - Setting next_dagrun for example_xcom to 2021-01-01 00:00:00+00:00, run_after=2021-01-01 00:00:00+00:00
[2026-09-25T16:19:24.968+0000] {processor.py:208} INFO - Processing /home/airflow/.local/lib/python3.12/site-packages/airflow/example_dags/example_xcom.py took 1.191 seconds
[2026-09-25T16:20:25.818+0000] {processor.py:186} INFO - Started process (PID=290) to work on /home/airflow/.local/lib/python3.12/site-packages/airflow/example_dags/example_xcom.py
[2026-09-25T16:20:25.821+0000] {processor.py:914} INFO - Processing file /home/airflow/.local/lib/python3.12/site-packages/airflow/example_dags/example_xcom.py for tasks to queue
[2026-09-25T16:20:25.827+0000] {logging_mixin.py:190} INFO - [2026-09-25T16:20:25.826+0000] {dagbag.py:588} INFO - Filling up the DagBag from /home/airflow/.local/lib/python3.12/site-packages/airflow/example_dags/example_xcom.py
[2026-09-25T16:20:25.848+0000] {processor.py:925} INFO - DAG(s) 'example_xcom' retrieved from /home/airflow/.local/lib/python3.12/site-packages/airflow/example_dags/example_xcom.py
[2026-09-25T16:20:25.918+0000] {logging_mixin.py:190} INFO - [2026-09-25T16:20:25.917+0000] {dag.py:3239} INFO - Sync 1 DAGs
[2026-09-25T16:20:25.989+0000] {logging_mixin.py:190} INFO - [2026-09-25T16:20:25.988+0000] {dag.py:4180} INFO - Setting next_dagrun for example_xcom to 2021-01-01 00:00:00+00:00, run_after=2021-01-01 00:00:00+00:00
[2026-09-25T16:20:26.063+0000] {processor.py:208} INFO - Processing /home/airflow/.local/lib/python3.12/site-packages/airflow/example_dags/example_xcom.py took 0.250 seconds
[2026-09-25T16:21:17.685+0000] {processor.py:186} INFO - Started process (PID=344) to work on /home/airflow/.local/lib/python3.12/site-packages/airflow/example_dags/example_xcom.py
[2026-09-25T16:21:17.690+0000] {processor.py:914} INFO - Processing file /home/airflow/.local/lib/python3.12/site-packages/airflow/example_dags/example_xcom.py for tasks to queue
[2026-09-25T16:21:17.712+0000] {logging_mixin.py:190} INFO - [2026-09-25T16:21:17.711+0000] {dagbag.py:588} INFO - Filling up the DagBag from /home/airflow/.local/lib/python3.12/site-packages/airflow/example_dags/example_xcom.py
[2026-09-25T16:21:17.789+0000] {processor.py:925} INFO - DAG(s) 'example_xcom' retrieved from /home/airflow/.local/lib/python3.12/site-packages/airflow/example_dags/example_xcom.py
[2026-09-25T16:21:18.056+0000] {logging_mixin.py:190} INFO - [2026-09-25T16:21:18.055+0000] {dag.py:3239} INFO - Sync 1 DAGs
[2026-09-25T16:21:18.411+0000] {logging_mixin.py:190} INFO - [2026-09-25T16:21:18.411+0000] {dag.py:4180} INFO - Setting next_dagrun for example_xcom to 2021-01-01 00:00:00+00:00, run_after=2021-01-01 00:00:00+00:00
[2026-09-25T16:21:18.709+0000] {processor.py:208} INFO - Processing /home/airflow/.local/lib/python3.12/site-packages/airflow/example_dags/example_xcom.py took 1.128 seconds
[2026-09-25T16:22:25.180+0000] {processor.py:186} INFO - Started process (PID=411) to work on /home/airflow/.local/lib/python3.12/site-packages/airflow/example_dags/example_xcom.py
[2026-09-25T16:22:25.256+0000] {processor.py:914} INFO - Processing file /home/airflow/.local/lib/python3.12/site-packages/airflow/example_dags/example_xcom.py for tasks to queue
[2026-09-25T16:22:25.297+0000] {logging_mixin.py:190} INFO - [2026-09-25T16:22:25.295+0000] {dagbag.py:588} INFO - Filling up the DagBag from /home/airflow/.local/lib/python3.12/site-packages/airflow/example_dags/example_xcom.py
[2026-09-25T16:22:25.419+0000] {processor.py:925} INFO - DAG(s) 'example_xcom' retrieved from /home/airflow/.local/lib/python3.12/site-packages/airflow/example_dags/example_xcom.py
[2026-09-25T16:22:25.660+0000] {logging_mixin.py:190} INFO - [2026-09-25T16:22:25.659+0000] {dag.py:3239} INFO - Sync 1 DAGs
[2026-09-25T16:22:26.039+0000] {logging_mixin.py:190} INFO - [2026-09-25T16:22:26.039+0000] {dag.py:4180} INFO - Setting next_dagrun for example_xcom to 2021-01-01 00:00:00+00:00, run_after=2021-01-01 00:00:00+00:00
[2026-09-25T16:22:26.478+0000] {processor.py:208} INFO - Processing /home/airflow/.local/lib/python3.12/site-packages/airflow/example_dags/example_xcom.py took 1.459 seconds
[2026-09-25T16:23:07.351+0000] {processor.py:186} INFO - Started process (PID=480) to work on /home/airflow/.local/lib/python3.12/site-packages/airflow/example_dags/example_xcom.py
[2026-09-25T16:23:07.410+0000] {processor.py:914} INFO - Processing file /home/airflow/.local/lib/python3.12/site-packages/airflow/example_dags/example_xcom.py for tasks to queue
[2026-09-25T16:23:07.462+0000] {logging_mixin.py:190} INFO - [2026-09-25T16:23:07.442+0000] {dagbag.py:588} INFO - Filling up the DagBag from /home/airflow/.local/lib/python3.12/site-packages/airflow/example_dags/example_xcom.py
[2026-09-25T16:23:07.544+0000] {processor.py:925} INFO - DAG(s) 'example_xcom' retrieved from /home/airflow/.local/lib/python3.12/site-packages/airflow/example_dags/example_xcom.py
[2026-09-25T16:23:07.757+0000] {logging_mixin.py:190} INFO - [2026-09-25T16:23:07.757+0000] {dag.py:3239} INFO - Sync 1 DAGs
[2026-09-25T16:23:07.820+0000] {logging_mixin.py:190} INFO - [2026-09-25T16:23:07.819+0000] {dag.py:4180} INFO - Setting next_dagrun for example_xcom to 2021-01-01 00:00:00+00:00, run_after=2021-01-01 00:00:00+00:00
[2026-09-25T16:23:07.875+0000] {processor.py:208} INFO - Processing /home/airflow/.local/lib/python3.12/site-packages/airflow/example_dags/example_xcom.py took 0.602 seconds
[2026-09-25T16:23:47.719+0000] {processor.py:186} INFO - Started process (PID=535) to work on /home/airflow/.local/lib/python3.12/site-packages/airflow/example_dags/example_xcom.py
[2026-09-25T16:23:47.728+0000] {processor.py:914} INFO - Processing file /home/airflow/.local/lib/python3.12/site-packages/airflow/example_dags/example_xcom.py for tasks to queue
[2026-09-25T16:23:47.733+0000] {logging_mixin.py:190} INFO - [2026-09-25T16:23:47.733+0000] {dagbag.py:588} INFO - Filling up the DagBag from /home/airflow/.local/lib/python3.12/site-packages/airflow/example_dags/example_xcom.py
[2026-09-25T16:23:47.782+0000] {processor.py:925} INFO - DAG(s) 'example_xcom' retrieved from /home/airflow/.local/lib/python3.12/site-packages/airflow/example_dags/example_xcom.py
[2026-09-25T16:23:47.902+0000] {logging_mixin.py:190} INFO - [2026-09-25T16:23:47.901+0000] {dag.py:3239} INFO - Sync 1 DAGs
[2026-09-25T16:23:48.182+0000] {logging_mixin.py:190} INFO - [2026-09-25T16:23:48.181+0000] {dag.py:4180} INFO - Setting next_dagrun for example_xcom to 2021-01-01 00:00:00+00:00, run_after=2021-01-01 00:00:00+00:00
[2026-09-25T16:23:48.356+0000] {processor.py:208} INFO - Processing /home/airflow/.local/lib/python3.12/site-packages/airflow/example_dags/example_xcom.py took 0.674 seconds
[2026-09-25T16:24:19.135+0000] {processor.py:186} INFO - Started process (PID=598) to work on /home/airflow/.local/lib/python3.12/site-packages/airflow/example_dags/example_xcom.py
[2026-09-25T16:24:19.138+0000] {processor.py:914} INFO - Processing file /home/airflow/.local/lib/python3.12/site-packages/airflow/example_dags/example_xcom.py for tasks to queue
[2026-09-25T16:24:19.152+0000] {logging_mixin.py:190} INFO - [2026-09-25T16:24:19.151+0000] {dagbag.py:588} INFO - Filling up the DagBag from /home/airflow/.local/lib/python3.12/site-packages/airflow/example_dags/example_xcom.py
[2026-09-25T16:24:19.185+0000] {processor.py:925} INFO - DAG(s) 'example_xcom' retrieved from /home/airflow/.local/lib/python3.12/site-packages/airflow/example_dags/example_xcom.py
[2026-09-25T16:24:19.287+0000] {logging_mixin.py:190} INFO - [2026-09-25T16:24:19.286+0000] {dag.py:3239} INFO - Sync 1 DAGs
[2026-09-25T16:24:19.386+0000] {logging_mixin.py:190} INFO - [2026-09-25T16:24:19.383+0000] {dag.py:4180} INFO - Setting next_dagrun for example_xcom to 2021-01-01 00:00:00+00:00, run_after=2021-01-01 00:00:00+00:00
[2026-09-25T16:24:19.439+0000] {processor.py:208} INFO - Processing /home/airflow/.local/lib/python3.12/site-packages/airflow/example_dags/example_xcom.py took 0.322 seconds
[2026-09-25T16:24:58.176+0000] {processor.py:186} INFO - Started process (PID=657) to work on /home/airflow/.local/lib/python3.12/site-packages/airflow/example_dags/example_xcom.py
[2026-09-25T16:24:58.197+0000] {processor.py:914} INFO - Processing file /home/airflow/.local/lib/python3.12/site-packages/airflow/example_dags/example_xcom.py for tasks to queue
[2026-09-25T16:24:58.214+0000] {logging_mixin.py:190} INFO - [2026-09-25T16:24:58.213+0000] {dagbag.py:588} INFO - Filling up the DagBag from /home/airflow/.local/lib/python3.12/site-packages/airflow/example_dags/example_xcom.py
[2026-09-25T16:24:58.286+0000] {processor.py:925} INFO - DAG(s) 'example_xcom' retrieved from /home/airflow/.local/lib/python3.12/site-packages/airflow/example_dags/example_xcom.py
[2026-09-25T16:24:58.506+0000] {logging_mixin.py:190} INFO - [2026-09-25T16:24:58.505+0000] {dag.py:3239} INFO - Sync 1 DAGs
[2026-09-25T16:24:58.884+0000] {logging_mixin.py:190} INFO - [2026-09-25T16:24:58.884+0000] {dag.py:4180} INFO - Setting next_dagrun for example_xcom to 2021-01-01 00:00:00+00:00, run_after=2021-01-01 00:00:00+00:00
[2026-09-25T16:24:59.164+0000] {processor.py:208} INFO - Processing /home/airflow/.local/lib/python3.12/site-packages/airflow/example_dags/example_xcom.py took 1.061 seconds
[2026-09-25T16:25:29.799+0000] {processor.py:186} INFO - Started process (PID=720) to work on /home/airflow/.local/lib/python3.12/site-packages/airflow/example_dags/example_xcom.py
[2026-09-25T16:25:29.814+0000] {processor.py:914} INFO - Processing file /home/airflow/.local/lib/python3.12/site-packages/airflow/example_dags/example_xcom.py for tasks to queue
[2026-09-25T16:25:29.827+0000] {logging_mixin.py:190} INFO - [2026-09-25T16:25:29.821+0000] {dagbag.py:588} INFO - Filling up the DagBag from /home/airflow/.local/lib/python3.12/site-packages/airflow/example_dags/example_xcom.py
[2026-09-25T16:25:29.948+0000] {processor.py:925} INFO - DAG(s) 'example_xcom' retrieved from /home/airflow/.local/lib/python3.12/site-packages/airflow/example_dags/example_xcom.py
[2026-09-25T16:25:30.215+0000] {logging_mixin.py:190} INFO - [2026-09-25T16:25:30.215+0000] {dag.py:3239} INFO - Sync 1 DAGs
[2026-09-25T16:25:30.429+0000] {logging_mixin.py:190} INFO - [2026-09-25T16:25:30.428+0000] {dag.py:4180} INFO - Setting next_dagrun for example_xcom to 2021-01-01 00:00:00+00:00, run_after=2021-01-01 00:00:00+00:00
[2026-09-25T16:25:30.491+0000] {processor.py:208} INFO - Processing /home/airflow/.local/lib/python3.12/site-packages/airflow/example_dags/example_xcom.py took 0.758 seconds
[2026-09-25T16:26:06.209+0000] {processor.py:186} INFO - Started process (PID=781) to work on /home/airflow/.local/lib/python3.12/site-packages/airflow/example_dags/example_xcom.py
[2026-09-25T16:26:06.222+0000] {processor.py:914} INFO - Processing file /home/airflow/.local/lib/python3.12/site-packages/airflow/example_dags/example_xcom.py for tasks to queue
[2026-09-25T16:26:06.229+0000] {logging_mixin.py:190} INFO - [2026-09-25T16:26:06.228+0000] {dagbag.py:588} INFO - Filling up the DagBag from /home/airflow/.local/lib/python3.12/site-packages/airflow/example_dags/example_xcom.py
[2026-09-25T16:26:06.316+0000] {processor.py:925} INFO - DAG(s) 'example_xcom' retrieved from /home/airflow/.local/lib/python3.12/site-packages/airflow/example_dags/example_xcom.py
[2026-09-25T16:26:06.422+0000] {logging_mixin.py:190} INFO - [2026-09-25T16:26:06.422+0000] {dag.py:3239} INFO - Sync 1 DAGs
[2026-09-25T16:26:06.529+0000] {logging_mixin.py:190} INFO - [2026-09-25T16:26:06.529+0000] {dag.py:4180} INFO - Setting next_dagrun for example_xcom to 2021-01-01 00:00:00+00:00, run_after=2021-01-01 00:00:00+00:00
[2026-09-25T16:26:06.623+0000] {processor.py:208} INFO - Processing /home/airflow/.local/lib/python3.12/site-packages/airflow/example_dags/example_xcom.py took 0.448 seconds
[2026-09-25T16:26:37.276+0000] {processor.py:186} INFO - Started process (PID=843) to work on /home/airflow/.local/lib/python3.12/site-packages/airflow/example_dags/example_xcom.py
[2026-09-25T16:26:37.279+0000] {processor.py:914} INFO - Processing file /home/airflow/.local/lib/python3.12/site-packages/airflow/example_dags/example_xcom.py for tasks to queue
[2026-09-25T16:26:37.285+0000] {logging_mixin.py:190} INFO - [2026-09-25T16:26:37.284+0000] {dagbag.py:588} INFO - Filling up the DagBag from /home/airflow/.local/lib/python3.12/site-packages/airflow/example_dags/example_xcom.py
[2026-09-25T16:26:37.314+0000] {processor.py:925} INFO - DAG(s) 'example_xcom' retrieved from /home/airflow/.local/lib/python3.12/site-packages/airflow/example_dags/example_xcom.py
[2026-09-25T16:26:37.385+0000] {logging_mixin.py:190} INFO - [2026-09-25T16:26:37.384+0000] {dag.py:3239} INFO - Sync 1 DAGs
[2026-09-25T16:26:37.454+0000] {logging_mixin.py:190} INFO - [2026-09-25T16:26:37.453+0000] {dag.py:4180} INFO - Setting next_dagrun for example_xcom to 2021-01-01 00:00:00+00:00, run_after=2021-01-01 00:00:00+00:00
[2026-09-25T16:26:37.503+0000] {processor.py:208} INFO - Processing /home/airflow/.local/lib/python3.12/site-packages/airflow/example_dags/example_xcom.py took 0.244 seconds
[2026-09-25T16:27:16.892+0000] {processor.py:186} INFO - Started process (PID=912) to work on /home/airflow/.local/lib/python3.12/site-packages/airflow/example_dags/example_xcom.py
[2026-09-25T16:27:16.915+0000] {processor.py:914} INFO - Processing file /home/airflow/.local/lib/python3.12/site-packages/airflow/example_dags/example_xcom.py for tasks to queue
[2026-09-25T16:27:16.927+0000] {logging_mixin.py:190} INFO - [2026-09-25T16:27:16.926+0000] {dagbag.py:588} INFO - Filling up the DagBag from /home/airflow/.local/lib/python3.12/site-packages/airflow/example_dags/example_xcom.py
[2026-09-25T16:27:16.983+0000] {processor.py:925} INFO - DAG(s) 'example_xcom' retrieved from /home/airflow/.local/lib/python3.12/site-packages/airflow/example_dags/example_xcom.py
[2026-09-25T16:27:17.127+0000] {logging_mixin.py:190} INFO - [2026-09-25T16:27:17.126+0000] {dag.py:3239} INFO - Sync 1 DAGs
[2026-09-25T16:27:17.302+0000] {logging_mixin.py:190} INFO - [2026-09-25T16:27:17.302+0000] {dag.py:4180} INFO - Setting next_dagrun for example_xcom to 2021-01-01 00:00:00+00:00, run_after=2021-01-01 00:00:00+00:00
[2026-09-25T16:27:17.361+0000] {processor.py:208} INFO - Processing /home/airflow/.local/lib/python3.12/site-packages/airflow/example_dags/example_xcom.py took 0.524 seconds
[2026-09-25T16:28:03.559+0000] {processor.py:186} INFO - Started process (PID=967) to work on /home/airflow/.local/lib/python3.12/site-packages/airflow/example_dags/example_xcom.py
[2026-09-25T16:28:03.572+0000] {processor.py:914} INFO - Processing file /home/airflow/.local/lib/python3.12/site-packages/airflow/example_dags/example_xcom.py for tasks to queue
[2026-09-25T16:28:03.586+0000] {logging_mixin.py:190} INFO - [2026-09-25T16:28:03.584+0000] {dagbag.py:588} INFO - Filling up the DagBag from /home/airflow/.local/lib/python3.12/site-packages/airflow/example_dags/example_xcom.py
[2026-09-25T16:28:03.676+0000] {processor.py:925} INFO - DAG(s) 'example_xcom' retrieved from /home/airflow/.local/lib/python3.12/site-packages/airflow/example_dags/example_xcom.py
[2026-09-25T16:28:04.061+0000] {logging_mixin.py:190} INFO - [2026-09-25T16:28:04.061+0000] {dag.py:3239} INFO - Sync 1 DAGs
[2026-09-25T16:28:04.207+0000] {logging_mixin.py:190} INFO - [2026-09-25T16:28:04.206+0000] {dag.py:4180} INFO - Setting next_dagrun for example_xcom to 2021-01-01 00:00:00+00:00, run_after=2021-01-01 00:00:00+00:00
[2026-09-25T16:28:04.304+0000] {processor.py:208} INFO - Processing /home/airflow/.local/lib/python3.12/site-packages/airflow/example_dags/example_xcom.py took 0.772 seconds
[2026-09-25T16:28:57.369+0000] {processor.py:186} INFO - Started process (PID=1039) to work on /home/airflow/.local/lib/python3.12/site-packages/airflow/example_dags/example_xcom.py
[2026-09-25T16:28:57.375+0000] {processor.py:914} INFO - Processing file /home/airflow/.local/lib/python3.12/site-packages/airflow/example_dags/example_xcom.py for tasks to queue
[2026-09-25T16:28:57.392+0000] {logging_mixin.py:190} INFO - [2026-09-25T16:28:57.391+0000] {dagbag.py:588} INFO - Filling up the DagBag from /home/airflow/.local/lib/python3.12/site-packages/airflow/example_dags/example_xcom.py
[2026-09-25T16:28:57.481+0000] {processor.py:925} INFO - DAG(s) 'example_xcom' retrieved from /home/airflow/.local/lib/python3.12/site-packages/airflow/example_dags/example_xcom.py
[2026-09-25T16:28:57.684+0000] {logging_mixin.py:190} INFO - [2026-09-25T16:28:57.684+0000] {dag.py:3239} INFO - Sync 1 DAGs
[2026-09-25T16:28:57.885+0000] {logging_mixin.py:190} INFO - [2026-09-25T16:28:57.884+0000] {dag.py:4180} INFO - Setting next_dagrun for example_xcom to 2021-01-01 00:00:00+00:00, run_after=2021-01-01 00:00:00+00:00
[2026-09-25T16:28:58.028+0000] {processor.py:208} INFO - Processing /home/airflow/.local/lib/python3.12/site-packages/airflow/example_dags/example_xcom.py took 0.724 seconds
[2026-09-25T16:43:10.945+0000] {processor.py:186} INFO - Started process (PID=65) to work on /home/airflow/.local/lib/python3.12/site-packages/airflow/example_dags/example_xcom.py
[2026-09-25T16:43:10.961+0000] {processor.py:914} INFO - Processing file /home/airflow/.local/lib/python3.12/site-packages/airflow/example_dags/example_xcom.py for tasks to queue
[2026-09-25T16:43:10.970+0000] {logging_mixin.py:190} INFO - [2026-09-25T16:43:10.969+0000] {dagbag.py:588} INFO - Filling up the DagBag from /home/airflow/.local/lib/python3.12/site-packages/airflow/example_dags/example_xcom.py
[2026-09-25T16:43:11.057+0000] {processor.py:925} INFO - DAG(s) 'example_xcom' retrieved from /home/airflow/.local/lib/python3.12/site-packages/airflow/example_dags/example_xcom.py
[2026-09-25T16:43:11.155+0000] {logging_mixin.py:190} INFO - [2026-09-25T16:43:11.154+0000] {dag.py:3239} INFO - Sync 1 DAGs
[2026-09-25T16:43:11.276+0000] {logging_mixin.py:190} INFO - [2026-09-25T16:43:11.275+0000] {dag.py:4180} INFO - Setting next_dagrun for example_xcom to 2021-01-01 00:00:00+00:00, run_after=2021-01-01 00:00:00+00:00
[2026-09-25T16:43:11.377+0000] {processor.py:208} INFO - Processing /home/airflow/.local/lib/python3.12/site-packages/airflow/example_dags/example_xcom.py took 0.477 seconds
[2026-09-25T16:44:03.051+0000] {processor.py:186} INFO - Started process (PID=133) to work on /home/airflow/.local/lib/python3.12/site-packages/airflow/example_dags/example_xcom.py
[2026-09-25T16:44:03.057+0000] {processor.py:914} INFO - Processing file /home/airflow/.local/lib/python3.12/site-packages/airflow/example_dags/example_xcom.py for tasks to queue
[2026-09-25T16:44:03.062+0000] {logging_mixin.py:190} INFO - [2026-09-25T16:44:03.062+0000] {dagbag.py:588} INFO - Filling up the DagBag from /home/airflow/.local/lib/python3.12/site-packages/airflow/example_dags/example_xcom.py
[2026-09-25T16:44:03.098+0000] {processor.py:925} INFO - DAG(s) 'example_xcom' retrieved from /home/airflow/.local/lib/python3.12/site-packages/airflow/example_dags/example_xcom.py
[2026-09-25T16:44:03.264+0000] {logging_mixin.py:190} INFO - [2026-09-25T16:44:03.263+0000] {dag.py:3239} INFO - Sync 1 DAGs
[2026-09-25T16:44:03.376+0000] {logging_mixin.py:190} INFO - [2026-09-25T16:44:03.375+0000] {dag.py:4180} INFO - Setting next_dagrun for example_xcom to 2021-01-01 00:00:00+00:00, run_after=2021-01-01 00:00:00+00:00
[2026-09-25T16:44:03.433+0000] {processor.py:208} INFO - Processing /home/airflow/.local/lib/python3.12/site-packages/airflow/example_dags/example_xcom.py took 0.404 seconds
[2026-09-25T16:44:33.943+0000] {processor.py:186} INFO - Started process (PID=196) to work on /home/airflow/.local/lib/python3.12/site-packages/airflow/example_dags/example_xcom.py
[2026-09-25T16:44:33.946+0000] {processor.py:914} INFO - Processing file /home/airflow/.local/lib/python3.12/site-packages/airflow/example_dags/example_xcom.py for tasks to queue
[2026-09-25T16:44:33.952+0000] {logging_mixin.py:190} INFO - [2026-09-25T16:44:33.951+0000] {dagbag.py:588} INFO - Filling up the DagBag from /home/airflow/.local/lib/python3.12/site-packages/airflow/example_dags/example_xcom.py
[2026-09-25T16:44:33.984+0000] {processor.py:925} INFO - DAG(s) 'example_xcom' retrieved from /home/airflow/.local/lib/python3.12/site-packages/airflow/example_dags/example_xcom.py
[2026-09-25T16:44:34.069+0000] {logging_mixin.py:190} INFO - [2026-09-25T16:44:34.069+0000] {dag.py:3239} INFO - Sync 1 DAGs
[2026-09-25T16:44:34.192+0000] {logging_mixin.py:190} INFO - [2026-09-25T16:44:34.191+0000] {dag.py:4180} INFO - Setting next_dagrun for example_xcom to 2021-01-01 00:00:00+00:00, run_after=2021-01-01 00:00:00+00:00
[2026-09-25T16:44:34.266+0000] {processor.py:208} INFO - Processing /home/airflow/.local/lib/python3.12/site-packages/airflow/example_dags/example_xcom.py took 0.337 seconds
[2026-09-25T16:45:12.262+0000] {processor.py:186} INFO - Started process (PID=252) to work on /home/airflow/.local/lib/python3.12/site-packages/airflow/example_dags/example_xcom.py
[2026-09-25T16:45:12.265+0000] {processor.py:914} INFO - Processing file /home/airflow/.local/lib/python3.12/site-packages/airflow/example_dags/example_xcom.py for tasks to queue
[2026-09-25T16:45:12.271+0000] {logging_mixin.py:190} INFO - [2026-09-25T16:45:12.270+0000] {dagbag.py:588} INFO - Filling up the DagBag from /home/airflow/.local/lib/python3.12/site-packages/airflow/example_dags/example_xcom.py
[2026-09-25T16:45:12.314+0000] {processor.py:925} INFO - DAG(s) 'example_xcom' retrieved from /home/airflow/.local/lib/python3.12/site-packages/airflow/example_dags/example_xcom.py
[2026-09-25T16:45:12.419+0000] {logging_mixin.py:190} INFO - [2026-09-25T16:45:12.419+0000] {dag.py:3239} INFO - Sync 1 DAGs
[2026-09-25T16:45:12.510+0000] {logging_mixin.py:190} INFO - [2026-09-25T16:45:12.509+0000] {dag.py:4180} INFO - Setting next_dagrun for example_xcom to 2021-01-01 00:00:00+00:00, run_after=2021-01-01 00:00:00+00:00
[2026-09-25T16:45:12.559+0000] {processor.py:208} INFO - Processing /home/airflow/.local/lib/python3.12/site-packages/airflow/example_dags/example_xcom.py took 0.313 seconds
[2026-09-25T16:45:46.530+0000] {processor.py:186} INFO - Started process (PID=314) to work on /home/airflow/.local/lib/python3.12/site-packages/airflow/example_dags/example_xcom.py
[2026-09-25T16:45:46.535+0000] {processor.py:914} INFO - Processing file /home/airflow/.local/lib/python3.12/site-packages/airflow/example_dags/example_xcom.py for tasks to queue
[2026-09-25T16:45:46.545+0000] {logging_mixin.py:190} INFO - [2026-09-25T16:45:46.545+0000] {dagbag.py:588} INFO - Filling up the DagBag from /home/airflow/.local/lib/python3.12/site-packages/airflow/example_dags/example_xcom.py
[2026-09-25T16:45:46.587+0000] {processor.py:925} INFO - DAG(s) 'example_xcom' retrieved from /home/airflow/.local/lib/python3.12/site-packages/airflow/example_dags/example_xcom.py
[2026-09-25T16:45:46.681+0000] {logging_mixin.py:190} INFO - [2026-09-25T16:45:46.680+0000] {dag.py:3239} INFO - Sync 1 DAGs
[2026-09-25T16:45:46.845+0000] {logging_mixin.py:190} INFO - [2026-09-25T16:45:46.844+0000] {dag.py:4180} INFO - Setting next_dagrun for example_xcom to 2021-01-01 00:00:00+00:00, run_after=2021-01-01 00:00:00+00:00
[2026-09-25T16:45:46.893+0000] {processor.py:208} INFO - Processing /home/airflow/.local/lib/python3.12/site-packages/airflow/example_dags/example_xcom.py took 0.395 seconds
[2026-09-25T16:46:19.337+0000] {processor.py:186} INFO - Started process (PID=376) to work on /home/airflow/.local/lib/python3.12/site-packages/airflow/example_dags/example_xcom.py
[2026-09-25T16:46:19.340+0000] {processor.py:914} INFO - Processing file /home/airflow/.local/lib/python3.12/site-packages/airflow/example_dags/example_xcom.py for tasks to queue
[2026-09-25T16:46:19.356+0000] {logging_mixin.py:190} INFO - [2026-09-25T16:46:19.354+0000] {dagbag.py:588} INFO - Filling up the DagBag from /home/airflow/.local/lib/python3.12/site-packages/airflow/example_dags/example_xcom.py
[2026-09-25T16:46:19.384+0000] {processor.py:925} INFO - DAG(s) 'example_xcom' retrieved from /home/airflow/.local/lib/python3.12/site-packages/airflow/example_dags/example_xcom.py
[2026-09-25T16:46:19.450+0000] {logging_mixin.py:190} INFO - [2026-09-25T16:46:19.449+0000] {dag.py:3239} INFO - Sync 1 DAGs
[2026-09-25T16:46:19.531+0000] {logging_mixin.py:190} INFO - [2026-09-25T16:46:19.530+0000] {dag.py:4180} INFO - Setting next_dagrun for example_xcom to 2021-01-01 00:00:00+00:00, run_after=2021-01-01 00:00:00+00:00
[2026-09-25T16:46:19.587+0000] {processor.py:208} INFO - Processing /home/airflow/.local/lib/python3.12/site-packages/airflow/example_dags/example_xcom.py took 0.265 seconds
[2026-09-25T16:46:51.372+0000] {processor.py:186} INFO - Started process (PID=439) to work on /home/airflow/.local/lib/python3.12/site-packages/airflow/example_dags/example_xcom.py
[2026-09-25T16:46:51.375+0000] {processor.py:914} INFO - Processing file /home/airflow/.local/lib/python3.12/site-packages/airflow/example_dags/example_xcom.py for tasks to queue
[2026-09-25T16:46:51.379+0000] {logging_mixin.py:190} INFO - [2026-09-25T16:46:51.379+0000] {dagbag.py:588} INFO - Filling up the DagBag from /home/airflow/.local/lib/python3.12/site-packages/airflow/example_dags/example_xcom.py
[2026-09-25T16:46:51.407+0000] {processor.py:925} INFO - DAG(s) 'example_xcom' retrieved from /home/airflow/.local/lib/python3.12/site-packages/airflow/example_dags/example_xcom.py
[2026-09-25T16:46:51.483+0000] {logging_mixin.py:190} INFO - [2026-09-25T16:46:51.478+0000] {dag.py:3239} INFO - Sync 1 DAGs
[2026-09-25T16:46:51.583+0000] {logging_mixin.py:190} INFO - [2026-09-25T16:46:51.582+0000] {dag.py:4180} INFO - Setting next_dagrun for example_xcom to 2021-01-01 00:00:00+00:00, run_after=2021-01-01 00:00:00+00:00
[2026-09-25T16:46:51.638+0000] {processor.py:208} INFO - Processing /home/airflow/.local/lib/python3.12/site-packages/airflow/example_dags/example_xcom.py took 0.280 seconds
[2026-09-25T16:47:23.152+0000] {processor.py:186} INFO - Started process (PID=500) to work on /home/airflow/.local/lib/python3.12/site-packages/airflow/example_dags/example_xcom.py
[2026-09-25T16:47:23.157+0000] {processor.py:914} INFO - Processing file /home/airflow/.local/lib/python3.12/site-packages/airflow/example_dags/example_xcom.py for tasks to queue
[2026-09-25T16:47:23.166+0000] {logging_mixin.py:190} INFO - [2026-09-25T16:47:23.164+0000] {dagbag.py:588} INFO - Filling up the DagBag from /home/airflow/.local/lib/python3.12/site-packages/airflow/example_dags/example_xcom.py
[2026-09-25T16:47:23.237+0000] {processor.py:925} INFO - DAG(s) 'example_xcom' retrieved from /home/airflow/.local/lib/python3.12/site-packages/airflow/example_dags/example_xcom.py
[2026-09-25T16:47:23.305+0000] {logging_mixin.py:190} INFO - [2026-09-25T16:47:23.304+0000] {dag.py:3239} INFO - Sync 1 DAGs
[2026-09-25T16:47:23.394+0000] {logging_mixin.py:190} INFO - [2026-09-25T16:47:23.393+0000] {dag.py:4180} INFO - Setting next_dagrun for example_xcom to 2021-01-01 00:00:00+00:00, run_after=2021-01-01 00:00:00+00:00
[2026-09-25T16:47:23.438+0000] {processor.py:208} INFO - Processing /home/airflow/.local/lib/python3.12/site-packages/airflow/example_dags/example_xcom.py took 0.307 seconds
[2026-09-25T16:48:08.240+0000] {processor.py:186} INFO - Started process (PID=567) to work on /home/airflow/.local/lib/python3.12/site-packages/airflow/example_dags/example_xcom.py
[2026-09-25T16:48:08.247+0000] {processor.py:914} INFO - Processing file /home/airflow/.local/lib/python3.12/site-packages/airflow/example_dags/example_xcom.py for tasks to queue
[2026-09-25T16:48:08.256+0000] {logging_mixin.py:190} INFO - [2026-09-25T16:48:08.254+0000] {dagbag.py:588} INFO - Filling up the DagBag from /home/airflow/.local/lib/python3.12/site-packages/airflow/example_dags/example_xcom.py
[2026-09-25T16:48:08.298+0000] {processor.py:925} INFO - DAG(s) 'example_xcom' retrieved from /home/airflow/.local/lib/python3.12/site-packages/airflow/example_dags/example_xcom.py
[2026-09-25T16:48:08.360+0000] {logging_mixin.py:190} INFO - [2026-09-25T16:48:08.359+0000] {dag.py:3239} INFO - Sync 1 DAGs
[2026-09-25T16:48:08.427+0000] {logging_mixin.py:190} INFO - [2026-09-25T16:48:08.426+0000] {dag.py:4180} INFO - Setting next_dagrun for example_xcom to 2021-01-01 00:00:00+00:00, run_after=2021-01-01 00:00:00+00:00
[2026-09-25T16:48:08.488+0000] {processor.py:208} INFO - Processing /home/airflow/.local/lib/python3.12/site-packages/airflow/example_dags/example_xcom.py took 0.263 seconds
[2026-09-25T16:48:40.058+0000] {processor.py:186} INFO - Started process (PID=630) to work on /home/airflow/.local/lib/python3.12/site-packages/airflow/example_dags/example_xcom.py
[2026-09-25T16:48:40.100+0000] {processor.py:914} INFO - Processing file /home/airflow/.local/lib/python3.12/site-packages/airflow/example_dags/example_xcom.py for tasks to queue
[2026-09-25T16:48:40.105+0000] {logging_mixin.py:190} INFO - [2026-09-25T16:48:40.105+0000] {dagbag.py:588} INFO - Filling up the DagBag from /home/airflow/.local/lib/python3.12/site-packages/airflow/example_dags/example_xcom.py
[2026-09-25T16:48:40.146+0000] {processor.py:925} INFO - DAG(s) 'example_xcom' retrieved from /home/airflow/.local/lib/python3.12/site-packages/airflow/example_dags/example_xcom.py
[2026-09-25T16:48:40.196+0000] {logging_mixin.py:190} INFO - [2026-09-25T16:48:40.195+0000] {dag.py:3239} INFO - Sync 1 DAGs
[2026-09-25T16:48:40.239+0000] {logging_mixin.py:190} INFO - [2026-09-25T16:48:40.239+0000] {dag.py:4180} INFO - Setting next_dagrun for example_xcom to 2021-01-01 00:00:00+00:00, run_after=2021-01-01 00:00:00+00:00
[2026-09-25T16:48:40.285+0000] {processor.py:208} INFO - Processing /home/airflow/.local/lib/python3.12/site-packages/airflow/example_dags/example_xcom.py took 0.302 seconds
[2026-09-25T16:49:10.629+0000] {processor.py:186} INFO - Started process (PID=692) to work on /home/airflow/.local/lib/python3.12/site-packages/airflow/example_dags/example_xcom.py
[2026-09-25T16:49:10.632+0000] {processor.py:914} INFO - Processing file /home/airflow/.local/lib/python3.12/site-packages/airflow/example_dags/example_xcom.py for tasks to queue
[2026-09-25T16:49:10.639+0000] {logging_mixin.py:190} INFO - [2026-09-25T16:49:10.638+0000] {dagbag.py:588} INFO - Filling up the DagBag from /home/airflow/.local/lib/python3.12/site-packages/airflow/example_dags/example_xcom.py
[2026-09-25T16:49:10.661+0000] {processor.py:925} INFO - DAG(s) 'example_xcom' retrieved from /home/airflow/.local/lib/python3.12/site-packages/airflow/example_dags/example_xcom.py
[2026-09-25T16:49:10.725+0000] {logging_mixin.py:190} INFO - [2026-09-25T16:49:10.725+0000] {dag.py:3239} INFO - Sync 1 DAGs
[2026-09-25T16:49:10.783+0000] {logging_mixin.py:190} INFO - [2026-09-25T16:49:10.783+0000] {dag.py:4180} INFO - Setting next_dagrun for example_xcom to 2021-01-01 00:00:00+00:00, run_after=2021-01-01 00:00:00+00:00
[2026-09-25T16:49:10.834+0000] {processor.py:208} INFO - Processing /home/airflow/.local/lib/python3.12/site-packages/airflow/example_dags/example_xcom.py took 0.220 seconds
