[2026-09-25T16:16:59.751+0000] {processor.py:186} INFO - Started process (PID=146) to work on /home/airflow/.local/lib/python3.12/site-packages/airflow/example_dags/example_branch_day_of_week_operator.py
[2026-09-25T16:16:59.829+0000] {processor.py:914} INFO - Processing file /home/airflow/.local/lib/python3.12/site-packages/airflow/example_dags/example_branch_day_of_week_operator.py for tasks to queue
[2026-09-25T16:16:59.864+0000] {logging_mixin.py:190} INFO - [2026-09-25T16:16:59.863+0000] {dagbag.py:588} INFO - Filling up the DagBag from /home/airflow/.local/lib/python3.12/site-packages/airflow/example_dags/example_branch_day_of_week_operator.py
[2026-09-25T16:16:59.997+0000] {processor.py:925} INFO - DAG(s) 'example_weekday_branch_operator' retrieved from /home/airflow/.local/lib/python3.12/site-packages/airflow/example_dags/example_branch_day_of_week_operator.py
[2026-09-25T16:17:01.765+0000] {logging_mixin.py:190} INFO - [2026-09-25T16:17:01.764+0000] {override.py:1912} INFO - Created Permission View: can read on DAG:example_weekday_branch_operator
[2026-09-25T16:17:01.902+0000] {logging_mixin.py:190} INFO - [2026-09-25T16:17:01.902+0000] {override.py:1912} INFO - Created Permission View: can delete on DAG:example_weekday_branch_operator
[2026-09-25T16:17:02.030+0000] {logging_mixin.py:190} INFO - [2026-09-25T16:17:02.030+0000] {override.py:1912} INFO - Created Permission View: can edit on DAG:example_weekday_branch_operator
[2026-09-25T16:17:02.183+0000] {logging_mixin.py:190} INFO - [2026-09-25T16:17:02.183+0000] {override.py:1912} INFO - Created Permission View: can read on DAG Run:example_weekday_branch_operator
[2026-09-25T16:17:02.231+0000] {logging_mixin.py:190} INFO - [2026-09-25T16:17:02.230+0000] {override.py:1912} INFO - Created Permission View: can delete on DAG Run:example_weekday_branch_operator
[2026-09-25T16:17:02.263+0000] {logging_mixin.py:190} INFO - [2026-09-25T16:17:02.262+0000] {override.py:1912} INFO - Created Permission View: menu access on DAG Run:example_weekday_branch_operator
[2026-09-25T16:17:02.314+0000] {logging_mixin.py:190} INFO - [2026-09-25T16:17:02.313+0000] {override.py:1912} INFO - Created Permission View: can create on DAG Run:example_weekday_branch_operator
[2026-09-25T16:17:02.349+0000] {logging_mixin.py:190} INFO - [2026-09-25T16:17:02.319+0000] {dag.py:3239} INFO - Sync 1 DAGs
[2026-09-25T16:17:02.488+0000] {logging_mixin.py:190} INFO - [2026-09-25T16:17:02.488+0000] {dag.py:3262} INFO - Creating ORM DAG for example_weekday_branch_operator
[2026-09-25T16:17:02.666+0000] {logging_mixin.py:190} INFO - [2026-09-25T16:17:02.664+0000] {dag.py:4180} INFO - Setting next_dagrun for example_weekday_branch_operator to 2026-09-24 00:00:00+00:00, run_after=2026-09-25 00:00:00+00:00
[2026-09-25T16:17:02.866+0000] {processor.py:208} INFO - Processing /home/airflow/.local/lib/python3.12/site-packages/airflow/example_dags/example_branch_day_of_week_operator.py took 3.355 seconds
[2026-09-25T16:20:15.127+0000] {processor.py:186} INFO - Started process (PID=272) to work on /home/airflow/.local/lib/python3.12/site-packages/airflow/example_dags/example_branch_day_of_week_operator.py
[2026-09-25T16:20:15.315+0000] {processor.py:914} INFO - Processing file /home/airflow/.local/lib/python3.12/site-packages/airflow/example_dags/example_branch_day_of_week_operator.py for tasks to queue
[2026-09-25T16:20:15.549+0000] {logging_mixin.py:190} INFO - [2026-09-25T16:20:15.546+0000] {dagbag.py:588} INFO - Filling up the DagBag from /home/airflow/.local/lib/python3.12/site-packages/airflow/example_dags/example_branch_day_of_week_operator.py
[2026-09-25T16:20:16.067+0000] {processor.py:925} INFO - DAG(s) 'example_weekday_branch_operator' retrieved from /home/airflow/.local/lib/python3.12/site-packages/airflow/example_dags/example_branch_day_of_week_operator.py
[2026-09-25T16:20:16.256+0000] {logging_mixin.py:190} INFO - [2026-09-25T16:20:16.255+0000] {dag.py:3239} INFO - Sync 1 DAGs
[2026-09-25T16:20:16.755+0000] {logging_mixin.py:190} INFO - [2026-09-25T16:20:16.754+0000] {dag.py:4180} INFO - Setting next_dagrun for example_weekday_branch_operator to 2026-09-24 00:00:00+00:00, run_after=2026-09-25 00:00:00+00:00
[2026-09-25T16:20:17.295+0000] {processor.py:208} INFO - Processing /home/airflow/.local/lib/python3.12/site-packages/airflow/example_dags/example_branch_day_of_week_operator.py took 2.303 seconds
[2026-09-25T16:21:36.689+0000] {processor.py:186} INFO - Started process (PID=374) to work on /home/airflow/.local/lib/python3.12/site-packages/airflow/example_dags/example_branch_day_of_week_operator.py
[2026-09-25T16:21:36.691+0000] {processor.py:914} INFO - Processing file /home/airflow/.local/lib/python3.12/site-packages/airflow/example_dags/example_branch_day_of_week_operator.py for tasks to queue
[2026-09-25T16:21:36.697+0000] {logging_mixin.py:190} INFO - [2026-09-25T16:21:36.696+0000] {dagbag.py:588} INFO - Filling up the DagBag from /home/airflow/.local/lib/python3.12/site-packages/airflow/example_dags/example_branch_day_of_week_operator.py
[2026-09-25T16:21:36.717+0000] {processor.py:925} INFO - DAG(s) 'example_weekday_branch_operator' retrieved from /home/airflow/.local/lib/python3.12/site-packages/airflow/example_dags/example_branch_day_of_week_operator.py
[2026-09-25T16:21:36.763+0000] {logging_mixin.py:190} INFO - [2026-09-25T16:21:36.762+0000] {dag.py:3239} INFO - Sync 1 DAGs
[2026-09-25T16:21:36.828+0000] {logging_mixin.py:190} INFO - [2026-09-25T16:21:36.827+0000] {dag.py:4180} INFO - Setting next_dagrun for example_weekday_branch_operator to 2026-09-24 00:00:00+00:00, run_after=2026-09-25 00:00:00+00:00
[2026-09-25T16:21:36.870+0000] {processor.py:208} INFO - Processing /home/airflow/.local/lib/python3.12/site-packages/airflow/example_dags/example_branch_day_of_week_operator.py took 0.192 seconds
[2026-09-25T16:23:02.576+0000] {processor.py:186} INFO - Started process (PID=457) to work on /home/airflow/.local/lib/python3.12/site-packages/airflow/example_dags/example_branch_day_of_week_operator.py
[2026-09-25T16:23:02.579+0000] {processor.py:914} INFO - Processing file /home/airflow/.local/lib/python3.12/site-packages/airflow/example_dags/example_branch_day_of_week_operator.py for tasks to queue
[2026-09-25T16:23:02.583+0000] {logging_mixin.py:190} INFO - [2026-09-25T16:23:02.583+0000] {dagbag.py:588} INFO - Filling up the DagBag from /home/airflow/.local/lib/python3.12/site-packages/airflow/example_dags/example_branch_day_of_week_operator.py
[2026-09-25T16:23:02.603+0000] {processor.py:925} INFO - DAG(s) 'example_weekday_branch_operator' retrieved from /home/airflow/.local/lib/python3.12/site-packages/airflow/example_dags/example_branch_day_of_week_operator.py
[2026-09-25T16:23:02.655+0000] {logging_mixin.py:190} INFO - [2026-09-25T16:23:02.654+0000] {dag.py:3239} INFO - Sync 1 DAGs
[2026-09-25T16:23:02.723+0000] {logging_mixin.py:190} INFO - [2026-09-25T16:23:02.722+0000] {dag.py:4180} INFO - Setting next_dagrun for example_weekday_branch_operator to 2026-09-24 00:00:00+00:00, run_after=2026-09-25 00:00:00+00:00
[2026-09-25T16:23:02.787+0000] {processor.py:208} INFO - Processing /home/airflow/.local/lib/python3.12/site-packages/airflow/example_dags/example_branch_day_of_week_operator.py took 0.222 seconds
[2026-09-25T16:23:50.234+0000] {processor.py:186} INFO - Started process (PID=544) to work on /home/airflow/.local/lib/python3.12/site-packages/airflow/example_dags/example_branch_day_of_week_operator.py
[2026-09-25T16:23:50.238+0000] {processor.py:914} INFO - Processing file /home/airflow/.local/lib/python3.12/site-packages/airflow/example_dags/example_branch_day_of_week_operator.py for tasks to queue
[2026-09-25T16:23:50.242+0000] {logging_mixin.py:190} INFO - [2026-09-25T16:23:50.241+0000] {dagbag.py:588} INFO - Filling up the DagBag from /home/airflow/.local/lib/python3.12/site-packages/airflow/example_dags/example_branch_day_of_week_operator.py
[2026-09-25T16:23:50.276+0000] {processor.py:925} INFO - DAG(s) 'example_weekday_branch_operator' retrieved from /home/airflow/.local/lib/python3.12/site-packages/airflow/example_dags/example_branch_day_of_week_operator.py
[2026-09-25T16:23:50.365+0000] {logging_mixin.py:190} INFO - [2026-09-25T16:23:50.365+0000] {dag.py:3239} INFO - Sync 1 DAGs
[2026-09-25T16:23:50.524+0000] {logging_mixin.py:190} INFO - [2026-09-25T16:23:50.523+0000] {dag.py:4180} INFO - Setting next_dagrun for example_weekday_branch_operator to 2026-09-24 00:00:00+00:00, run_after=2026-09-25 00:00:00+00:00
[2026-09-25T16:23:50.613+0000] {processor.py:208} INFO - Processing /home/airflow/.local/lib/python3.12/site-packages/airflow/example_dags/example_branch_day_of_week_operator.py took 0.390 seconds
[2026-09-25T16:24:20.706+0000] {processor.py:186} INFO - Started process (PID=607) to work on /home/airflow/.local/lib/python3.12/site-packages/airflow/example_dags/example_branch_day_of_week_operator.py
[2026-09-25T16:24:20.708+0000] {processor.py:914} INFO - Processing file /home/airflow/.local/lib/python3.12/site-packages/airflow/example_dags/example_branch_day_of_week_operator.py for tasks to queue
[2026-09-25T16:24:20.713+0000] {logging_mixin.py:190} INFO - [2026-09-25T16:24:20.712+0000] {dagbag.py:588} INFO - Filling up the DagBag from /home/airflow/.local/lib/python3.12/site-packages/airflow/example_dags/example_branch_day_of_week_operator.py
[2026-09-25T16:24:20.736+0000] {processor.py:925} INFO - DAG(s) 'example_weekday_branch_operator' retrieved from /home/airflow/.local/lib/python3.12/site-packages/airflow/example_dags/example_branch_day_of_week_operator.py
[2026-09-25T16:24:20.778+0000] {logging_mixin.py:190} INFO - [2026-09-25T16:24:20.777+0000] {dag.py:3239} INFO - Sync 1 DAGs
[2026-09-25T16:24:20.865+0000] {logging_mixin.py:190} INFO - [2026-09-25T16:24:20.865+0000] {dag.py:4180} INFO - Setting next_dagrun for example_weekday_branch_operator to 2026-09-24 00:00:00+00:00, run_after=2026-09-25 00:00:00+00:00
[2026-09-25T16:24:20.927+0000] {processor.py:208} INFO - Processing /home/airflow/.local/lib/python3.12/site-packages/airflow/example_dags/example_branch_day_of_week_operator.py took 0.234 seconds
[2026-09-25T16:25:12.723+0000] {processor.py:186} INFO - Started process (PID=689) to work on /home/airflow/.local/lib/python3.12/site-packages/airflow/example_dags/example_branch_day_of_week_operator.py
[2026-09-25T16:25:12.733+0000] {processor.py:914} INFO - Processing file /home/airflow/.local/lib/python3.12/site-packages/airflow/example_dags/example_branch_day_of_week_operator.py for tasks to queue
[2026-09-25T16:25:12.740+0000] {logging_mixin.py:190} INFO - [2026-09-25T16:25:12.739+0000] {dagbag.py:588} INFO - Filling up the DagBag from /home/airflow/.local/lib/python3.12/site-packages/airflow/example_dags/example_branch_day_of_week_operator.py
[2026-09-25T16:25:12.797+0000] {processor.py:925} INFO - DAG(s) 'example_weekday_branch_operator' retrieved from /home/airflow/.local/lib/python3.12/site-packages/airflow/example_dags/example_branch_day_of_week_operator.py
[2026-09-25T16:25:12.888+0000] {logging_mixin.py:190} INFO - [2026-09-25T16:25:12.887+0000] {dag.py:3239} INFO - Sync 1 DAGs
[2026-09-25T16:25:12.992+0000] {logging_mixin.py:190} INFO - [2026-09-25T16:25:12.992+0000] {dag.py:4180} INFO - Setting next_dagrun for example_weekday_branch_operator to 2026-09-24 00:00:00+00:00, run_after=2026-09-25 00:00:00+00:00
[2026-09-25T16:25:13.171+0000] {processor.py:208} INFO - Processing /home/airflow/.local/lib/python3.12/site-packages/airflow/example_dags/example_branch_day_of_week_operator.py took 0.468 seconds
[2026-09-25T16:25:53.191+0000] {processor.py:186} INFO - Started process (PID=751) to work on /home/airflow/.local/lib/python3.12/site-packages/airflow/example_dags/example_branch_day_of_week_operator.py
[2026-09-25T16:25:53.194+0000] {processor.py:914} INFO - Processing file /home/airflow/.local/lib/python3.12/site-packages/airflow/example_dags/example_branch_day_of_week_operator.py for tasks to queue
[2026-09-25T16:25:53.199+0000] {logging_mixin.py:190} INFO - [2026-09-25T16:25:53.199+0000] {dagbag.py:588} INFO - Filling up the DagBag from /home/airflow/.local/lib/python3.12/site-packages/airflow/example_dags/example_branch_day_of_week_operator.py
[2026-09-25T16:25:53.230+0000] {processor.py:925} INFO - DAG(s) 'example_weekday_branch_operator' retrieved from /home/airflow/.local/lib/python3.12/site-packages/airflow/example_dags/example_branch_day_of_week_operator.py
[2026-09-25T16:25:53.306+0000] {logging_mixin.py:190} INFO - [2026-09-25T16:25:53.306+0000] {dag.py:3239} INFO - Sync 1 DAGs
[2026-09-25T16:25:53.395+0000] {logging_mixin.py:190} INFO - [2026-09-25T16:25:53.393+0000] {dag.py:4180} INFO - Setting next_dagrun for example_weekday_branch_operator to 2026-09-24 00:00:00+00:00, run_after=2026-09-25 00:00:00+00:00
[2026-09-25T16:25:53.446+0000] {processor.py:208} INFO - Processing /home/airflow/.local/lib/python3.12/site-packages/airflow/example_dags/example_branch_day_of_week_operator.py took 0.268 seconds
[2026-09-25T16:26:23.654+0000] {processor.py:186} INFO - Started process (PID=813) to work on /home/airflow/.local/lib/python3.12/site-packages/airflow/example_dags/example_branch_day_of_week_operator.py
[2026-09-25T16:26:23.656+0000] {processor.py:914} INFO - Processing file /home/airflow/.local/lib/python3.12/site-packages/airflow/example_dags/example_branch_day_of_week_operator.py for tasks to queue
[2026-09-25T16:26:23.661+0000] {logging_mixin.py:190} INFO - [2026-09-25T16:26:23.660+0000] {dagbag.py:588} INFO - Filling up the DagBag from /home/airflow/.local/lib/python3.12/site-packages/airflow/example_dags/example_branch_day_of_week_operator.py
[2026-09-25T16:26:23.680+0000] {processor.py:925} INFO - DAG(s) 'example_weekday_branch_operator' retrieved from /home/airflow/.local/lib/python3.12/site-packages/airflow/example_dags/example_branch_day_of_week_operator.py
[2026-09-25T16:26:23.740+0000] {logging_mixin.py:190} INFO - [2026-09-25T16:26:23.739+0000] {dag.py:3239} INFO - Sync 1 DAGs
[2026-09-25T16:26:23.810+0000] {logging_mixin.py:190} INFO - [2026-09-25T16:26:23.810+0000] {dag.py:4180} INFO - Setting next_dagrun for example_weekday_branch_operator to 2026-09-24 00:00:00+00:00, run_after=2026-09-25 00:00:00+00:00
[2026-09-25T16:26:23.868+0000] {processor.py:208} INFO - Processing /home/airflow/.local/lib/python3.12/site-packages/airflow/example_dags/example_branch_day_of_week_operator.py took 0.239 seconds
[2026-09-25T16:27:01.572+0000] {processor.py:186} INFO - Started process (PID=878) to work on /home/airflow/.local/lib/python3.12/site-packages/airflow/example_dags/example_branch_day_of_week_operator.py
[2026-09-25T16:27:01.575+0000] {processor.py:914} INFO - Processing file /home/airflow/.local/lib/python3.12/site-packages/airflow/example_dags/example_branch_day_of_week_operator.py for tasks to queue
[2026-09-25T16:27:01.580+0000] {logging_mixin.py:190} INFO - [2026-09-25T16:27:01.579+0000] {dagbag.py:588} INFO - Filling up the DagBag from /home/airflow/.local/lib/python3.12/site-packages/airflow/example_dags/example_branch_day_of_week_operator.py
[2026-09-25T16:27:01.602+0000] {processor.py:925} INFO - DAG(s) 'example_weekday_branch_operator' retrieved from /home/airflow/.local/lib/python3.12/site-packages/airflow/example_dags/example_branch_day_of_week_operator.py
[2026-09-25T16:27:01.652+0000] {logging_mixin.py:190} INFO - [2026-09-25T16:27:01.651+0000] {dag.py:3239} INFO - Sync 1 DAGs
[2026-09-25T16:27:01.743+0000] {logging_mixin.py:190} INFO - [2026-09-25T16:27:01.742+0000] {dag.py:4180} INFO - Setting next_dagrun for example_weekday_branch_operator to 2026-09-24 00:00:00+00:00, run_after=2026-09-25 00:00:00+00:00
[2026-09-25T16:27:01.797+0000] {processor.py:208} INFO - Processing /home/airflow/.local/lib/python3.12/site-packages/airflow/example_dags/example_branch_day_of_week_operator.py took 0.236 seconds
[2026-09-25T16:27:35.321+0000] {processor.py:186} INFO - Started process (PID=940) to work on /home/airflow/.local/lib/python3.12/site-packages/airflow/example_dags/example_branch_day_of_week_operator.py
[2026-09-25T16:27:35.324+0000] {processor.py:914} INFO - Processing file /home/airflow/.local/lib/python3.12/site-packages/airflow/example_dags/example_branch_day_of_week_operator.py for tasks to queue
[2026-09-25T16:27:35.331+0000] {logging_mixin.py:190} INFO - [2026-09-25T16:27:35.330+0000] {dagbag.py:588} INFO - Filling up the DagBag from /home/airflow/.local/lib/python3.12/site-packages/airflow/example_dags/example_branch_day_of_week_operator.py
[2026-09-25T16:27:35.393+0000] {processor.py:925} INFO - DAG(s) 'example_weekday_branch_operator' retrieved from /home/airflow/.local/lib/python3.12/site-packages/airflow/example_dags/example_branch_day_of_week_operator.py
[2026-09-25T16:27:35.720+0000] {logging_mixin.py:190} INFO - [2026-09-25T16:27:35.719+0000] {dag.py:3239} INFO - Sync 1 DAGs
[2026-09-25T16:27:35.939+0000] {logging_mixin.py:190} INFO - [2026-09-25T16:27:35.939+0000] {dag.py:4180} INFO - Setting next_dagrun for example_weekday_branch_operator to 2026-09-24 00:00:00+00:00, run_after=2026-09-25 00:00:00+00:00
[2026-09-25T16:27:36.675+0000] {processor.py:208} INFO - Processing /home/airflow/.local/lib/python3.12/site-packages/airflow/example_dags/example_branch_day_of_week_operator.py took 1.372 seconds
[2026-09-25T16:28:31.912+0000] {processor.py:186} INFO - Started process (PID=1009) to work on /home/airflow/.local/lib/python3.12/site-packages/airflow/example_dags/example_branch_day_of_week_operator.py
[2026-09-25T16:28:31.915+0000] {processor.py:914} INFO - Processing file /home/airflow/.local/lib/python3.12/site-packages/airflow/example_dags/example_branch_day_of_week_operator.py for tasks to queue
[2026-09-25T16:28:31.921+0000] {logging_mixin.py:190} INFO - [2026-09-25T16:28:31.920+0000] {dagbag.py:588} INFO - Filling up the DagBag from /home/airflow/.local/lib/python3.12/site-packages/airflow/example_dags/example_branch_day_of_week_operator.py
[2026-09-25T16:28:31.962+0000] {processor.py:925} INFO - DAG(s) 'example_weekday_branch_operator' retrieved from /home/airflow/.local/lib/python3.12/site-packages/airflow/example_dags/example_branch_day_of_week_operator.py
[2026-09-25T16:28:32.032+0000] {logging_mixin.py:190} INFO - [2026-09-25T16:28:32.031+0000] {dag.py:3239} INFO - Sync 1 DAGs
[2026-09-25T16:28:32.169+0000] {logging_mixin.py:190} INFO - [2026-09-25T16:28:32.168+0000] {dag.py:4180} INFO - Setting next_dagrun for example_weekday_branch_operator to 2026-09-24 00:00:00+00:00, run_after=2026-09-25 00:00:00+00:00
[2026-09-25T16:28:32.397+0000] {processor.py:208} INFO - Processing /home/airflow/.local/lib/python3.12/site-packages/airflow/example_dags/example_branch_day_of_week_operator.py took 0.501 seconds
[2026-09-25T16:43:58.928+0000] {processor.py:186} INFO - Started process (PID=109) to work on /home/airflow/.local/lib/python3.12/site-packages/airflow/example_dags/example_branch_day_of_week_operator.py
[2026-09-25T16:43:58.933+0000] {processor.py:914} INFO - Processing file /home/airflow/.local/lib/python3.12/site-packages/airflow/example_dags/example_branch_day_of_week_operator.py for tasks to queue
[2026-09-25T16:43:58.952+0000] {logging_mixin.py:190} INFO - [2026-09-25T16:43:58.951+0000] {dagbag.py:588} INFO - Filling up the DagBag from /home/airflow/.local/lib/python3.12/site-packages/airflow/example_dags/example_branch_day_of_week_operator.py
[2026-09-25T16:43:58.983+0000] {processor.py:925} INFO - DAG(s) 'example_weekday_branch_operator' retrieved from /home/airflow/.local/lib/python3.12/site-packages/airflow/example_dags/example_branch_day_of_week_operator.py
[2026-09-25T16:43:59.093+0000] {logging_mixin.py:190} INFO - [2026-09-25T16:43:59.092+0000] {dag.py:3239} INFO - Sync 1 DAGs
[2026-09-25T16:43:59.210+0000] {logging_mixin.py:190} INFO - [2026-09-25T16:43:59.208+0000] {dag.py:4180} INFO - Setting next_dagrun for example_weekday_branch_operator to 2026-09-24 00:00:00+00:00, run_after=2026-09-25 00:00:00+00:00
[2026-09-25T16:43:59.311+0000] {processor.py:208} INFO - Processing /home/airflow/.local/lib/python3.12/site-packages/airflow/example_dags/example_branch_day_of_week_operator.py took 0.446 seconds
[2026-09-25T16:44:29.999+0000] {processor.py:186} INFO - Started process (PID=172) to work on /home/airflow/.local/lib/python3.12/site-packages/airflow/example_dags/example_branch_day_of_week_operator.py
[2026-09-25T16:44:30.002+0000] {processor.py:914} INFO - Processing file /home/airflow/.local/lib/python3.12/site-packages/airflow/example_dags/example_branch_day_of_week_operator.py for tasks to queue
[2026-09-25T16:44:30.021+0000] {logging_mixin.py:190} INFO - [2026-09-25T16:44:30.021+0000] {dagbag.py:588} INFO - Filling up the DagBag from /home/airflow/.local/lib/python3.12/site-packages/airflow/example_dags/example_branch_day_of_week_operator.py
[2026-09-25T16:44:30.054+0000] {processor.py:925} INFO - DAG(s) 'example_weekday_branch_operator' retrieved from /home/airflow/.local/lib/python3.12/site-packages/airflow/example_dags/example_branch_day_of_week_operator.py
[2026-09-25T16:44:30.114+0000] {logging_mixin.py:190} INFO - [2026-09-25T16:44:30.113+0000] {dag.py:3239} INFO - Sync 1 DAGs
[2026-09-25T16:44:30.183+0000] {logging_mixin.py:190} INFO - [2026-09-25T16:44:30.182+0000] {dag.py:4180} INFO - Setting next_dagrun for example_weekday_branch_operator to 2026-09-24 00:00:00+00:00, run_after=2026-09-25 00:00:00+00:00
[2026-09-25T16:44:30.237+0000] {processor.py:208} INFO - Processing /home/airflow/.local/lib/python3.12/site-packages/airflow/example_dags/example_branch_day_of_week_operator.py took 0.260 seconds
[2026-09-25T16:45:04.886+0000] {processor.py:186} INFO - Started process (PID=240) to work on /home/airflow/.local/lib/python3.12/site-packages/airflow/example_dags/example_branch_day_of_week_operator.py
[2026-09-25T16:45:04.888+0000] {processor.py:914} INFO - Processing file /home/airflow/.local/lib/python3.12/site-packages/airflow/example_dags/example_branch_day_of_week_operator.py for tasks to queue
[2026-09-25T16:45:04.906+0000] {logging_mixin.py:190} INFO - [2026-09-25T16:45:04.905+0000] {dagbag.py:588} INFO - Filling up the DagBag from /home/airflow/.local/lib/python3.12/site-packages/airflow/example_dags/example_branch_day_of_week_operator.py
[2026-09-25T16:45:05.117+0000] {processor.py:925} INFO - DAG(s) 'example_weekday_branch_operator' retrieved from /home/airflow/.local/lib/python3.12/site-packages/airflow/example_dags/example_branch_day_of_week_operator.py
[2026-09-25T16:45:05.402+0000] {logging_mixin.py:190} INFO - [2026-09-25T16:45:05.401+0000] {dag.py:3239} INFO - Sync 1 DAGs
[2026-09-25T16:45:06.194+0000] {logging_mixin.py:190} INFO - [2026-09-25T16:45:06.192+0000] {dag.py:4180} INFO - Setting next_dagrun for example_weekday_branch_operator to 2026-09-24 00:00:00+00:00, run_after=2026-09-25 00:00:00+00:00
[2026-09-25T16:45:06.504+0000] {processor.py:208} INFO - Processing /home/airflow/.local/lib/python3.12/site-packages/airflow/example_dags/example_branch_day_of_week_operator.py took 1.672 seconds
[2026-09-25T16:45:37.848+0000] {processor.py:186} INFO - Started process (PID=301) to work on /home/airflow/.local/lib/python3.12/site-packages/airflow/example_dags/example_branch_day_of_week_operator.py
[2026-09-25T16:45:37.853+0000] {processor.py:914} INFO - Processing file /home/airflow/.local/lib/python3.12/site-packages/airflow/example_dags/example_branch_day_of_week_operator.py for tasks to queue
[2026-09-25T16:45:37.864+0000] {logging_mixin.py:190} INFO - [2026-09-25T16:45:37.861+0000] {dagbag.py:588} INFO - Filling up the DagBag from /home/airflow/.local/lib/python3.12/site-packages/airflow/example_dags/example_branch_day_of_week_operator.py
[2026-09-25T16:45:38.419+0000] {processor.py:925} INFO - DAG(s) 'example_weekday_branch_operator' retrieved from /home/airflow/.local/lib/python3.12/site-packages/airflow/example_dags/example_branch_day_of_week_operator.py
[2026-09-25T16:45:38.633+0000] {logging_mixin.py:190} INFO - [2026-09-25T16:45:38.633+0000] {dag.py:3239} INFO - Sync 1 DAGs
[2026-09-25T16:45:38.791+0000] {logging_mixin.py:190} INFO - [2026-09-25T16:45:38.790+0000] {dag.py:4180} INFO - Setting next_dagrun for example_weekday_branch_operator to 2026-09-24 00:00:00+00:00, run_after=2026-09-25 00:00:00+00:00
[2026-09-25T16:45:39.124+0000] {processor.py:208} INFO - Processing /home/airflow/.local/lib/python3.12/site-packages/airflow/example_dags/example_branch_day_of_week_operator.py took 1.434 seconds
[2026-09-25T16:46:09.432+0000] {processor.py:186} INFO - Started process (PID=364) to work on /home/airflow/.local/lib/python3.12/site-packages/airflow/example_dags/example_branch_day_of_week_operator.py
[2026-09-25T16:46:09.436+0000] {processor.py:914} INFO - Processing file /home/airflow/.local/lib/python3.12/site-packages/airflow/example_dags/example_branch_day_of_week_operator.py for tasks to queue
[2026-09-25T16:46:09.444+0000] {logging_mixin.py:190} INFO - [2026-09-25T16:46:09.443+0000] {dagbag.py:588} INFO - Filling up the DagBag from /home/airflow/.local/lib/python3.12/site-packages/airflow/example_dags/example_branch_day_of_week_operator.py
[2026-09-25T16:46:09.493+0000] {processor.py:925} INFO - DAG(s) 'example_weekday_branch_operator' retrieved from /home/airflow/.local/lib/python3.12/site-packages/airflow/example_dags/example_branch_day_of_week_operator.py
[2026-09-25T16:46:09.667+0000] {logging_mixin.py:190} INFO - [2026-09-25T16:46:09.667+0000] {dag.py:3239} INFO - Sync 1 DAGs
[2026-09-25T16:46:09.820+0000] {logging_mixin.py:190} INFO - [2026-09-25T16:46:09.820+0000] {dag.py:4180} INFO - Setting next_dagrun for example_weekday_branch_operator to 2026-09-24 00:00:00+00:00, run_after=2026-09-25 00:00:00+00:00
[2026-09-25T16:46:09.910+0000] {processor.py:208} INFO - Processing /home/airflow/.local/lib/python3.12/site-packages/airflow/example_dags/example_branch_day_of_week_operator.py took 0.498 seconds
[2026-09-25T16:46:40.714+0000] {processor.py:186} INFO - Started process (PID=427) to work on /home/airflow/.local/lib/python3.12/site-packages/airflow/example_dags/example_branch_day_of_week_operator.py
[2026-09-25T16:46:40.718+0000] {processor.py:914} INFO - Processing file /home/airflow/.local/lib/python3.12/site-packages/airflow/example_dags/example_branch_day_of_week_operator.py for tasks to queue
[2026-09-25T16:46:40.725+0000] {logging_mixin.py:190} INFO - [2026-09-25T16:46:40.724+0000] {dagbag.py:588} INFO - Filling up the DagBag from /home/airflow/.local/lib/python3.12/site-packages/airflow/example_dags/example_branch_day_of_week_operator.py
[2026-09-25T16:46:40.788+0000] {processor.py:925} INFO - DAG(s) 'example_weekday_branch_operator' retrieved from /home/airflow/.local/lib/python3.12/site-packages/airflow/example_dags/example_branch_day_of_week_operator.py
[2026-09-25T16:46:40.853+0000] {logging_mixin.py:190} INFO - [2026-09-25T16:46:40.853+0000] {dag.py:3239} INFO - Sync 1 DAGs
[2026-09-25T16:46:40.916+0000] {logging_mixin.py:190} INFO - [2026-09-25T16:46:40.915+0000] {dag.py:4180} INFO - Setting next_dagrun for example_weekday_branch_operator to 2026-09-24 00:00:00+00:00, run_after=2026-09-25 00:00:00+00:00
[2026-09-25T16:46:40.953+0000] {processor.py:208} INFO - Processing /home/airflow/.local/lib/python3.12/site-packages/airflow/example_dags/example_branch_day_of_week_operator.py took 0.282 seconds
[2026-09-25T16:47:11.894+0000] {processor.py:186} INFO - Started process (PID=489) to work on /home/airflow/.local/lib/python3.12/site-packages/airflow/example_dags/example_branch_day_of_week_operator.py
[2026-09-25T16:47:11.897+0000] {processor.py:914} INFO - Processing file /home/airflow/.local/lib/python3.12/site-packages/airflow/example_dags/example_branch_day_of_week_operator.py for tasks to queue
[2026-09-25T16:47:11.904+0000] {logging_mixin.py:190} INFO - [2026-09-25T16:47:11.902+0000] {dagbag.py:588} INFO - Filling up the DagBag from /home/airflow/.local/lib/python3.12/site-packages/airflow/example_dags/example_branch_day_of_week_operator.py
[2026-09-25T16:47:11.928+0000] {processor.py:925} INFO - DAG(s) 'example_weekday_branch_operator' retrieved from /home/airflow/.local/lib/python3.12/site-packages/airflow/example_dags/example_branch_day_of_week_operator.py
[2026-09-25T16:47:11.993+0000] {logging_mixin.py:190} INFO - [2026-09-25T16:47:11.993+0000] {dag.py:3239} INFO - Sync 1 DAGs
[2026-09-25T16:47:12.103+0000] {logging_mixin.py:190} INFO - [2026-09-25T16:47:12.102+0000] {dag.py:4180} INFO - Setting next_dagrun for example_weekday_branch_operator to 2026-09-24 00:00:00+00:00, run_after=2026-09-25 00:00:00+00:00
[2026-09-25T16:47:12.149+0000] {processor.py:208} INFO - Processing /home/airflow/.local/lib/python3.12/site-packages/airflow/example_dags/example_branch_day_of_week_operator.py took 0.271 seconds
[2026-09-25T16:48:01.469+0000] {processor.py:186} INFO - Started process (PID=555) to work on /home/airflow/.local/lib/python3.12/site-packages/airflow/example_dags/example_branch_day_of_week_operator.py
[2026-09-25T16:48:01.472+0000] {processor.py:914} INFO - Processing file /home/airflow/.local/lib/python3.12/site-packages/airflow/example_dags/example_branch_day_of_week_operator.py for tasks to queue
[2026-09-25T16:48:01.481+0000] {logging_mixin.py:190} INFO - [2026-09-25T16:48:01.480+0000] {dagbag.py:588} INFO - Filling up the DagBag from /home/airflow/.local/lib/python3.12/site-packages/airflow/example_dags/example_branch_day_of_week_operator.py
[2026-09-25T16:48:01.510+0000] {processor.py:925} INFO - DAG(s) 'example_weekday_branch_operator' retrieved from /home/airflow/.local/lib/python3.12/site-packages/airflow/example_dags/example_branch_day_of_week_operator.py
[2026-09-25T16:48:01.571+0000] {logging_mixin.py:190} INFO - [2026-09-25T16:48:01.570+0000] {dag.py:3239} INFO - Sync 1 DAGs
[2026-09-25T16:48:01.723+0000] {logging_mixin.py:190} INFO - [2026-09-25T16:48:01.720+0000] {dag.py:4180} INFO - Setting next_dagrun for example_weekday_branch_operator to 2026-09-24 00:00:00+00:00, run_after=2026-09-25 00:00:00+00:00
[2026-09-25T16:48:03.304+0000] {processor.py:208} INFO - Processing /home/airflow/.local/lib/python3.12/site-packages/airflow/example_dags/example_branch_day_of_week_operator.py took 1.851 seconds
[2026-09-25T16:48:35.166+0000] {processor.py:186} INFO - Started process (PID=618) to work on /home/airflow/.local/lib/python3.12/site-packages/airflow/example_dags/example_branch_day_of_week_operator.py
[2026-09-25T16:48:35.174+0000] {processor.py:914} INFO - Processing file /home/airflow/.local/lib/python3.12/site-packages/airflow/example_dags/example_branch_day_of_week_operator.py for tasks to queue
[2026-09-25T16:48:35.189+0000] {logging_mixin.py:190} INFO - [2026-09-25T16:48:35.188+0000] {dagbag.py:588} INFO - Filling up the DagBag from /home/airflow/.local/lib/python3.12/site-packages/airflow/example_dags/example_branch_day_of_week_operator.py
[2026-09-25T16:48:35.212+0000] {processor.py:925} INFO - DAG(s) 'example_weekday_branch_operator' retrieved from /home/airflow/.local/lib/python3.12/site-packages/airflow/example_dags/example_branch_day_of_week_operator.py
[2026-09-25T16:48:35.256+0000] {logging_mixin.py:190} INFO - [2026-09-25T16:48:35.256+0000] {dag.py:3239} INFO - Sync 1 DAGs
[2026-09-25T16:48:35.313+0000] {logging_mixin.py:190} INFO - [2026-09-25T16:48:35.313+0000] {dag.py:4180} INFO - Setting next_dagrun for example_weekday_branch_operator to 2026-09-24 00:00:00+00:00, run_after=2026-09-25 00:00:00+00:00
[2026-09-25T16:48:35.358+0000] {processor.py:208} INFO - Processing /home/airflow/.local/lib/python3.12/site-packages/airflow/example_dags/example_branch_day_of_week_operator.py took 0.215 seconds
[2026-09-25T16:49:08.963+0000] {processor.py:186} INFO - Started process (PID=688) to work on /home/airflow/.local/lib/python3.12/site-packages/airflow/example_dags/example_branch_day_of_week_operator.py
[2026-09-25T16:49:08.972+0000] {processor.py:914} INFO - Processing file /home/airflow/.local/lib/python3.12/site-packages/airflow/example_dags/example_branch_day_of_week_operator.py for tasks to queue
[2026-09-25T16:49:08.993+0000] {logging_mixin.py:190} INFO - [2026-09-25T16:49:08.991+0000] {dagbag.py:588} INFO - Filling up the DagBag from /home/airflow/.local/lib/python3.12/site-packages/airflow/example_dags/example_branch_day_of_week_operator.py
[2026-09-25T16:49:09.072+0000] {processor.py:925} INFO - DAG(s) 'example_weekday_branch_operator' retrieved from /home/airflow/.local/lib/python3.12/site-packages/airflow/example_dags/example_branch_day_of_week_operator.py
[2026-09-25T16:49:09.164+0000] {logging_mixin.py:190} INFO - [2026-09-25T16:49:09.164+0000] {dag.py:3239} INFO - Sync 1 DAGs
[2026-09-25T16:49:09.284+0000] {logging_mixin.py:190} INFO - [2026-09-25T16:49:09.283+0000] {dag.py:4180} INFO - Setting next_dagrun for example_weekday_branch_operator to 2026-09-24 00:00:00+00:00, run_after=2026-09-25 00:00:00+00:00
[2026-09-25T16:49:09.356+0000] {processor.py:208} INFO - Processing /home/airflow/.local/lib/python3.12/site-packages/airflow/example_dags/example_branch_day_of_week_operator.py took 0.425 seconds
[2026-09-25T16:58:08.057+0000] {processor.py:186} INFO - Started process (PID=132) to work on /home/airflow/.local/lib/python3.12/site-packages/airflow/example_dags/example_branch_day_of_week_operator.py
[2026-09-25T16:58:08.213+0000] {processor.py:914} INFO - Processing file /home/airflow/.local/lib/python3.12/site-packages/airflow/example_dags/example_branch_day_of_week_operator.py for tasks to queue
[2026-09-25T16:58:08.319+0000] {logging_mixin.py:190} INFO - [2026-09-25T16:58:08.285+0000] {dagbag.py:588} INFO - Filling up the DagBag from /home/airflow/.local/lib/python3.12/site-packages/airflow/example_dags/example_branch_day_of_week_operator.py
[2026-09-25T16:58:08.664+0000] {processor.py:925} INFO - DAG(s) 'example_weekday_branch_operator' retrieved from /home/airflow/.local/lib/python3.12/site-packages/airflow/example_dags/example_branch_day_of_week_operator.py
[2026-09-25T16:58:09.715+0000] {logging_mixin.py:190} INFO - [2026-09-25T16:58:09.714+0000] {dag.py:3239} INFO - Sync 1 DAGs
[2026-09-25T16:58:10.419+0000] {logging_mixin.py:190} INFO - [2026-09-25T16:58:10.411+0000] {dag.py:4180} INFO - Setting next_dagrun for example_weekday_branch_operator to 2026-09-24 00:00:00+00:00, run_after=2026-09-25 00:00:00+00:00
[2026-09-25T16:58:11.312+0000] {processor.py:208} INFO - Processing /home/airflow/.local/lib/python3.12/site-packages/airflow/example_dags/example_branch_day_of_week_operator.py took 3.329 seconds
[2026-09-25T16:58:44.190+0000] {processor.py:186} INFO - Started process (PID=195) to work on /home/airflow/.local/lib/python3.12/site-packages/airflow/example_dags/example_branch_day_of_week_operator.py
[2026-09-25T16:58:44.194+0000] {processor.py:914} INFO - Processing file /home/airflow/.local/lib/python3.12/site-packages/airflow/example_dags/example_branch_day_of_week_operator.py for tasks to queue
[2026-09-25T16:58:44.208+0000] {logging_mixin.py:190} INFO - [2026-09-25T16:58:44.207+0000] {dagbag.py:588} INFO - Filling up the DagBag from /home/airflow/.local/lib/python3.12/site-packages/airflow/example_dags/example_branch_day_of_week_operator.py
[2026-09-25T16:58:44.302+0000] {processor.py:925} INFO - DAG(s) 'example_weekday_branch_operator' retrieved from /home/airflow/.local/lib/python3.12/site-packages/airflow/example_dags/example_branch_day_of_week_operator.py
[2026-09-25T16:58:44.505+0000] {logging_mixin.py:190} INFO - [2026-09-25T16:58:44.504+0000] {dag.py:3239} INFO - Sync 1 DAGs
[2026-09-25T16:58:44.780+0000] {logging_mixin.py:190} INFO - [2026-09-25T16:58:44.779+0000] {dag.py:4180} INFO - Setting next_dagrun for example_weekday_branch_operator to 2026-09-24 00:00:00+00:00, run_after=2026-09-25 00:00:00+00:00
[2026-09-25T16:58:45.163+0000] {processor.py:208} INFO - Processing /home/airflow/.local/lib/python3.12/site-packages/airflow/example_dags/example_branch_day_of_week_operator.py took 1.118 seconds
[2026-09-25T16:59:20.678+0000] {processor.py:186} INFO - Started process (PID=259) to work on /home/airflow/.local/lib/python3.12/site-packages/airflow/example_dags/example_branch_day_of_week_operator.py
[2026-09-25T16:59:20.685+0000] {processor.py:914} INFO - Processing file /home/airflow/.local/lib/python3.12/site-packages/airflow/example_dags/example_branch_day_of_week_operator.py for tasks to queue
[2026-09-25T16:59:20.738+0000] {logging_mixin.py:190} INFO - [2026-09-25T16:59:20.701+0000] {dagbag.py:588} INFO - Filling up the DagBag from /home/airflow/.local/lib/python3.12/site-packages/airflow/example_dags/example_branch_day_of_week_operator.py
[2026-09-25T16:59:20.845+0000] {processor.py:925} INFO - DAG(s) 'example_weekday_branch_operator' retrieved from /home/airflow/.local/lib/python3.12/site-packages/airflow/example_dags/example_branch_day_of_week_operator.py
[2026-09-25T16:59:21.063+0000] {logging_mixin.py:190} INFO - [2026-09-25T16:59:21.063+0000] {dag.py:3239} INFO - Sync 1 DAGs
[2026-09-25T16:59:21.492+0000] {logging_mixin.py:190} INFO - [2026-09-25T16:59:21.492+0000] {dag.py:4180} INFO - Setting next_dagrun for example_weekday_branch_operator to 2026-09-24 00:00:00+00:00, run_after=2026-09-25 00:00:00+00:00
[2026-09-25T16:59:21.676+0000] {processor.py:208} INFO - Processing /home/airflow/.local/lib/python3.12/site-packages/airflow/example_dags/example_branch_day_of_week_operator.py took 1.040 seconds
[2026-09-25T16:59:59.294+0000] {processor.py:186} INFO - Started process (PID=328) to work on /home/airflow/.local/lib/python3.12/site-packages/airflow/example_dags/example_branch_day_of_week_operator.py
[2026-09-25T16:59:59.296+0000] {processor.py:914} INFO - Processing file /home/airflow/.local/lib/python3.12/site-packages/airflow/example_dags/example_branch_day_of_week_operator.py for tasks to queue
[2026-09-25T16:59:59.303+0000] {logging_mixin.py:190} INFO - [2026-09-25T16:59:59.302+0000] {dagbag.py:588} INFO - Filling up the DagBag from /home/airflow/.local/lib/python3.12/site-packages/airflow/example_dags/example_branch_day_of_week_operator.py
[2026-09-25T16:59:59.325+0000] {processor.py:925} INFO - DAG(s) 'example_weekday_branch_operator' retrieved from /home/airflow/.local/lib/python3.12/site-packages/airflow/example_dags/example_branch_day_of_week_operator.py
[2026-09-25T16:59:59.380+0000] {logging_mixin.py:190} INFO - [2026-09-25T16:59:59.379+0000] {dag.py:3239} INFO - Sync 1 DAGs
[2026-09-25T16:59:59.449+0000] {logging_mixin.py:190} INFO - [2026-09-25T16:59:59.448+0000] {dag.py:4180} INFO - Setting next_dagrun for example_weekday_branch_operator to 2026-09-24 00:00:00+00:00, run_after=2026-09-25 00:00:00+00:00
[2026-09-25T16:59:59.487+0000] {processor.py:208} INFO - Processing /home/airflow/.local/lib/python3.12/site-packages/airflow/example_dags/example_branch_day_of_week_operator.py took 0.206 seconds
[2026-09-25T17:00:33.678+0000] {processor.py:186} INFO - Started process (PID=398) to work on /home/airflow/.local/lib/python3.12/site-packages/airflow/example_dags/example_branch_day_of_week_operator.py
[2026-09-25T17:00:33.681+0000] {processor.py:914} INFO - Processing file /home/airflow/.local/lib/python3.12/site-packages/airflow/example_dags/example_branch_day_of_week_operator.py for tasks to queue
[2026-09-25T17:00:33.688+0000] {logging_mixin.py:190} INFO - [2026-09-25T17:00:33.687+0000] {dagbag.py:588} INFO - Filling up the DagBag from /home/airflow/.local/lib/python3.12/site-packages/airflow/example_dags/example_branch_day_of_week_operator.py
[2026-09-25T17:00:33.709+0000] {processor.py:925} INFO - DAG(s) 'example_weekday_branch_operator' retrieved from /home/airflow/.local/lib/python3.12/site-packages/airflow/example_dags/example_branch_day_of_week_operator.py
[2026-09-25T17:00:33.747+0000] {logging_mixin.py:190} INFO - [2026-09-25T17:00:33.747+0000] {dag.py:3239} INFO - Sync 1 DAGs
[2026-09-25T17:00:33.792+0000] {logging_mixin.py:190} INFO - [2026-09-25T17:00:33.792+0000] {dag.py:4180} INFO - Setting next_dagrun for example_weekday_branch_operator to 2026-09-24 00:00:00+00:00, run_after=2026-09-25 00:00:00+00:00
[2026-09-25T17:00:33.829+0000] {processor.py:208} INFO - Processing /home/airflow/.local/lib/python3.12/site-packages/airflow/example_dags/example_branch_day_of_week_operator.py took 0.162 seconds
[2026-09-25T17:01:08.397+0000] {processor.py:186} INFO - Started process (PID=461) to work on /home/airflow/.local/lib/python3.12/site-packages/airflow/example_dags/example_branch_day_of_week_operator.py
[2026-09-25T17:01:08.401+0000] {processor.py:914} INFO - Processing file /home/airflow/.local/lib/python3.12/site-packages/airflow/example_dags/example_branch_day_of_week_operator.py for tasks to queue
[2026-09-25T17:01:08.414+0000] {logging_mixin.py:190} INFO - [2026-09-25T17:01:08.414+0000] {dagbag.py:588} INFO - Filling up the DagBag from /home/airflow/.local/lib/python3.12/site-packages/airflow/example_dags/example_branch_day_of_week_operator.py
[2026-09-25T17:01:08.436+0000] {processor.py:925} INFO - DAG(s) 'example_weekday_branch_operator' retrieved from /home/airflow/.local/lib/python3.12/site-packages/airflow/example_dags/example_branch_day_of_week_operator.py
[2026-09-25T17:01:08.532+0000] {logging_mixin.py:190} INFO - [2026-09-25T17:01:08.531+0000] {dag.py:3239} INFO - Sync 1 DAGs
[2026-09-25T17:01:08.646+0000] {logging_mixin.py:190} INFO - [2026-09-25T17:01:08.645+0000] {dag.py:4180} INFO - Setting next_dagrun for example_weekday_branch_operator to 2026-09-24 00:00:00+00:00, run_after=2026-09-25 00:00:00+00:00
[2026-09-25T17:01:08.766+0000] {processor.py:208} INFO - Processing /home/airflow/.local/lib/python3.12/site-packages/airflow/example_dags/example_branch_day_of_week_operator.py took 0.381 seconds
[2026-09-25T17:01:41.533+0000] {processor.py:186} INFO - Started process (PID=524) to work on /home/airflow/.local/lib/python3.12/site-packages/airflow/example_dags/example_branch_day_of_week_operator.py
[2026-09-25T17:01:41.535+0000] {processor.py:914} INFO - Processing file /home/airflow/.local/lib/python3.12/site-packages/airflow/example_dags/example_branch_day_of_week_operator.py for tasks to queue
[2026-09-25T17:01:41.539+0000] {logging_mixin.py:190} INFO - [2026-09-25T17:01:41.539+0000] {dagbag.py:588} INFO - Filling up the DagBag from /home/airflow/.local/lib/python3.12/site-packages/airflow/example_dags/example_branch_day_of_week_operator.py
[2026-09-25T17:01:41.561+0000] {processor.py:925} INFO - DAG(s) 'example_weekday_branch_operator' retrieved from /home/airflow/.local/lib/python3.12/site-packages/airflow/example_dags/example_branch_day_of_week_operator.py
[2026-09-25T17:01:41.601+0000] {logging_mixin.py:190} INFO - [2026-09-25T17:01:41.600+0000] {dag.py:3239} INFO - Sync 1 DAGs
[2026-09-25T17:01:41.653+0000] {logging_mixin.py:190} INFO - [2026-09-25T17:01:41.653+0000] {dag.py:4180} INFO - Setting next_dagrun for example_weekday_branch_operator to 2026-09-24 00:00:00+00:00, run_after=2026-09-25 00:00:00+00:00
[2026-09-25T17:01:41.701+0000] {processor.py:208} INFO - Processing /home/airflow/.local/lib/python3.12/site-packages/airflow/example_dags/example_branch_day_of_week_operator.py took 0.179 seconds
[2026-09-25T17:02:30.677+0000] {processor.py:186} INFO - Started process (PID=588) to work on /home/airflow/.local/lib/python3.12/site-packages/airflow/example_dags/example_branch_day_of_week_operator.py
[2026-09-25T17:02:30.680+0000] {processor.py:914} INFO - Processing file /home/airflow/.local/lib/python3.12/site-packages/airflow/example_dags/example_branch_day_of_week_operator.py for tasks to queue
[2026-09-25T17:02:30.687+0000] {logging_mixin.py:190} INFO - [2026-09-25T17:02:30.686+0000] {dagbag.py:588} INFO - Filling up the DagBag from /home/airflow/.local/lib/python3.12/site-packages/airflow/example_dags/example_branch_day_of_week_operator.py
[2026-09-25T17:02:30.708+0000] {processor.py:925} INFO - DAG(s) 'example_weekday_branch_operator' retrieved from /home/airflow/.local/lib/python3.12/site-packages/airflow/example_dags/example_branch_day_of_week_operator.py
[2026-09-25T17:02:30.754+0000] {logging_mixin.py:190} INFO - [2026-09-25T17:02:30.754+0000] {dag.py:3239} INFO - Sync 1 DAGs
[2026-09-25T17:02:30.804+0000] {logging_mixin.py:190} INFO - [2026-09-25T17:02:30.804+0000] {dag.py:4180} INFO - Setting next_dagrun for example_weekday_branch_operator to 2026-09-24 00:00:00+00:00, run_after=2026-09-25 00:00:00+00:00
[2026-09-25T17:02:30.837+0000] {processor.py:208} INFO - Processing /home/airflow/.local/lib/python3.12/site-packages/airflow/example_dags/example_branch_day_of_week_operator.py took 0.173 seconds
[2026-09-25T17:03:01.618+0000] {processor.py:186} INFO - Started process (PID=651) to work on /home/airflow/.local/lib/python3.12/site-packages/airflow/example_dags/example_branch_day_of_week_operator.py
[2026-09-25T17:03:01.620+0000] {processor.py:914} INFO - Processing file /home/airflow/.local/lib/python3.12/site-packages/airflow/example_dags/example_branch_day_of_week_operator.py for tasks to queue
[2026-09-25T17:03:01.625+0000] {logging_mixin.py:190} INFO - [2026-09-25T17:03:01.624+0000] {dagbag.py:588} INFO - Filling up the DagBag from /home/airflow/.local/lib/python3.12/site-packages/airflow/example_dags/example_branch_day_of_week_operator.py
[2026-09-25T17:03:01.647+0000] {processor.py:925} INFO - DAG(s) 'example_weekday_branch_operator' retrieved from /home/airflow/.local/lib/python3.12/site-packages/airflow/example_dags/example_branch_day_of_week_operator.py
[2026-09-25T17:03:01.688+0000] {logging_mixin.py:190} INFO - [2026-09-25T17:03:01.688+0000] {dag.py:3239} INFO - Sync 1 DAGs
[2026-09-25T17:03:01.731+0000] {logging_mixin.py:190} INFO - [2026-09-25T17:03:01.731+0000] {dag.py:4180} INFO - Setting next_dagrun for example_weekday_branch_operator to 2026-09-24 00:00:00+00:00, run_after=2026-09-25 00:00:00+00:00
[2026-09-25T17:03:01.769+0000] {processor.py:208} INFO - Processing /home/airflow/.local/lib/python3.12/site-packages/airflow/example_dags/example_branch_day_of_week_operator.py took 0.161 seconds
[2026-09-25T17:03:33.029+0000] {processor.py:186} INFO - Started process (PID=713) to work on /home/airflow/.local/lib/python3.12/site-packages/airflow/example_dags/example_branch_day_of_week_operator.py
[2026-09-25T17:03:33.031+0000] {processor.py:914} INFO - Processing file /home/airflow/.local/lib/python3.12/site-packages/airflow/example_dags/example_branch_day_of_week_operator.py for tasks to queue
[2026-09-25T17:03:33.035+0000] {logging_mixin.py:190} INFO - [2026-09-25T17:03:33.035+0000] {dagbag.py:588} INFO - Filling up the DagBag from /home/airflow/.local/lib/python3.12/site-packages/airflow/example_dags/example_branch_day_of_week_operator.py
[2026-09-25T17:03:33.055+0000] {processor.py:925} INFO - DAG(s) 'example_weekday_branch_operator' retrieved from /home/airflow/.local/lib/python3.12/site-packages/airflow/example_dags/example_branch_day_of_week_operator.py
[2026-09-25T17:03:33.095+0000] {logging_mixin.py:190} INFO - [2026-09-25T17:03:33.094+0000] {dag.py:3239} INFO - Sync 1 DAGs
[2026-09-25T17:03:33.154+0000] {logging_mixin.py:190} INFO - [2026-09-25T17:03:33.154+0000] {dag.py:4180} INFO - Setting next_dagrun for example_weekday_branch_operator to 2026-09-24 00:00:00+00:00, run_after=2026-09-25 00:00:00+00:00
[2026-09-25T17:03:33.187+0000] {processor.py:208} INFO - Processing /home/airflow/.local/lib/python3.12/site-packages/airflow/example_dags/example_branch_day_of_week_operator.py took 0.171 seconds
[2026-09-25T17:04:04.838+0000] {processor.py:186} INFO - Started process (PID=781) to work on /home/airflow/.local/lib/python3.12/site-packages/airflow/example_dags/example_branch_day_of_week_operator.py
[2026-09-25T17:04:04.843+0000] {processor.py:914} INFO - Processing file /home/airflow/.local/lib/python3.12/site-packages/airflow/example_dags/example_branch_day_of_week_operator.py for tasks to queue
[2026-09-25T17:04:04.850+0000] {logging_mixin.py:190} INFO - [2026-09-25T17:04:04.849+0000] {dagbag.py:588} INFO - Filling up the DagBag from /home/airflow/.local/lib/python3.12/site-packages/airflow/example_dags/example_branch_day_of_week_operator.py
[2026-09-25T17:04:04.914+0000] {processor.py:925} INFO - DAG(s) 'example_weekday_branch_operator' retrieved from /home/airflow/.local/lib/python3.12/site-packages/airflow/example_dags/example_branch_day_of_week_operator.py
[2026-09-25T17:04:05.294+0000] {logging_mixin.py:190} INFO - [2026-09-25T17:04:05.293+0000] {dag.py:3239} INFO - Sync 1 DAGs
[2026-09-25T17:04:05.712+0000] {logging_mixin.py:190} INFO - [2026-09-25T17:04:05.712+0000] {dag.py:4180} INFO - Setting next_dagrun for example_weekday_branch_operator to 2026-09-24 00:00:00+00:00, run_after=2026-09-25 00:00:00+00:00
[2026-09-25T17:04:06.065+0000] {processor.py:208} INFO - Processing /home/airflow/.local/lib/python3.12/site-packages/airflow/example_dags/example_branch_day_of_week_operator.py took 1.267 seconds
[2026-09-25T17:04:36.293+0000] {processor.py:186} INFO - Started process (PID=843) to work on /home/airflow/.local/lib/python3.12/site-packages/airflow/example_dags/example_branch_day_of_week_operator.py
[2026-09-25T17:04:36.295+0000] {processor.py:914} INFO - Processing file /home/airflow/.local/lib/python3.12/site-packages/airflow/example_dags/example_branch_day_of_week_operator.py for tasks to queue
[2026-09-25T17:04:36.300+0000] {logging_mixin.py:190} INFO - [2026-09-25T17:04:36.300+0000] {dagbag.py:588} INFO - Filling up the DagBag from /home/airflow/.local/lib/python3.12/site-packages/airflow/example_dags/example_branch_day_of_week_operator.py
[2026-09-25T17:04:36.317+0000] {processor.py:925} INFO - DAG(s) 'example_weekday_branch_operator' retrieved from /home/airflow/.local/lib/python3.12/site-packages/airflow/example_dags/example_branch_day_of_week_operator.py
[2026-09-25T17:04:36.358+0000] {logging_mixin.py:190} INFO - [2026-09-25T17:04:36.357+0000] {dag.py:3239} INFO - Sync 1 DAGs
[2026-09-25T17:04:36.405+0000] {logging_mixin.py:190} INFO - [2026-09-25T17:04:36.404+0000] {dag.py:4180} INFO - Setting next_dagrun for example_weekday_branch_operator to 2026-09-24 00:00:00+00:00, run_after=2026-09-25 00:00:00+00:00
[2026-09-25T17:04:36.455+0000] {processor.py:208} INFO - Processing /home/airflow/.local/lib/python3.12/site-packages/airflow/example_dags/example_branch_day_of_week_operator.py took 0.176 seconds
[2026-09-25T17:05:06.767+0000] {processor.py:186} INFO - Started process (PID=905) to work on /home/airflow/.local/lib/python3.12/site-packages/airflow/example_dags/example_branch_day_of_week_operator.py
[2026-09-25T17:05:06.769+0000] {processor.py:914} INFO - Processing file /home/airflow/.local/lib/python3.12/site-packages/airflow/example_dags/example_branch_day_of_week_operator.py for tasks to queue
[2026-09-25T17:05:06.774+0000] {logging_mixin.py:190} INFO - [2026-09-25T17:05:06.773+0000] {dagbag.py:588} INFO - Filling up the DagBag from /home/airflow/.local/lib/python3.12/site-packages/airflow/example_dags/example_branch_day_of_week_operator.py
[2026-09-25T17:05:06.791+0000] {processor.py:925} INFO - DAG(s) 'example_weekday_branch_operator' retrieved from /home/airflow/.local/lib/python3.12/site-packages/airflow/example_dags/example_branch_day_of_week_operator.py
[2026-09-25T17:05:06.831+0000] {logging_mixin.py:190} INFO - [2026-09-25T17:05:06.830+0000] {dag.py:3239} INFO - Sync 1 DAGs
[2026-09-25T17:05:06.885+0000] {logging_mixin.py:190} INFO - [2026-09-25T17:05:06.885+0000] {dag.py:4180} INFO - Setting next_dagrun for example_weekday_branch_operator to 2026-09-24 00:00:00+00:00, run_after=2026-09-25 00:00:00+00:00
[2026-09-25T17:05:06.922+0000] {processor.py:208} INFO - Processing /home/airflow/.local/lib/python3.12/site-packages/airflow/example_dags/example_branch_day_of_week_operator.py took 0.165 seconds
[2026-09-25T17:05:40.636+0000] {processor.py:186} INFO - Started process (PID=972) to work on /home/airflow/.local/lib/python3.12/site-packages/airflow/example_dags/example_branch_day_of_week_operator.py
[2026-09-25T17:05:40.640+0000] {processor.py:914} INFO - Processing file /home/airflow/.local/lib/python3.12/site-packages/airflow/example_dags/example_branch_day_of_week_operator.py for tasks to queue
[2026-09-25T17:05:40.649+0000] {logging_mixin.py:190} INFO - [2026-09-25T17:05:40.644+0000] {dagbag.py:588} INFO - Filling up the DagBag from /home/airflow/.local/lib/python3.12/site-packages/airflow/example_dags/example_branch_day_of_week_operator.py
[2026-09-25T17:05:40.672+0000] {processor.py:925} INFO - DAG(s) 'example_weekday_branch_operator' retrieved from /home/airflow/.local/lib/python3.12/site-packages/airflow/example_dags/example_branch_day_of_week_operator.py
[2026-09-25T17:05:40.717+0000] {logging_mixin.py:190} INFO - [2026-09-25T17:05:40.716+0000] {dag.py:3239} INFO - Sync 1 DAGs
[2026-09-25T17:05:40.769+0000] {logging_mixin.py:190} INFO - [2026-09-25T17:05:40.768+0000] {dag.py:4180} INFO - Setting next_dagrun for example_weekday_branch_operator to 2026-09-24 00:00:00+00:00, run_after=2026-09-25 00:00:00+00:00
[2026-09-25T17:05:40.804+0000] {processor.py:208} INFO - Processing /home/airflow/.local/lib/python3.12/site-packages/airflow/example_dags/example_branch_day_of_week_operator.py took 0.180 seconds
[2026-09-25T17:06:12.887+0000] {processor.py:186} INFO - Started process (PID=1035) to work on /home/airflow/.local/lib/python3.12/site-packages/airflow/example_dags/example_branch_day_of_week_operator.py
[2026-09-25T17:06:12.889+0000] {processor.py:914} INFO - Processing file /home/airflow/.local/lib/python3.12/site-packages/airflow/example_dags/example_branch_day_of_week_operator.py for tasks to queue
[2026-09-25T17:06:12.895+0000] {logging_mixin.py:190} INFO - [2026-09-25T17:06:12.895+0000] {dagbag.py:588} INFO - Filling up the DagBag from /home/airflow/.local/lib/python3.12/site-packages/airflow/example_dags/example_branch_day_of_week_operator.py
[2026-09-25T17:06:12.914+0000] {processor.py:925} INFO - DAG(s) 'example_weekday_branch_operator' retrieved from /home/airflow/.local/lib/python3.12/site-packages/airflow/example_dags/example_branch_day_of_week_operator.py
[2026-09-25T17:06:12.952+0000] {logging_mixin.py:190} INFO - [2026-09-25T17:06:12.951+0000] {dag.py:3239} INFO - Sync 1 DAGs
[2026-09-25T17:06:13.016+0000] {logging_mixin.py:190} INFO - [2026-09-25T17:06:13.015+0000] {dag.py:4180} INFO - Setting next_dagrun for example_weekday_branch_operator to 2026-09-24 00:00:00+00:00, run_after=2026-09-25 00:00:00+00:00
[2026-09-25T17:06:13.063+0000] {processor.py:208} INFO - Processing /home/airflow/.local/lib/python3.12/site-packages/airflow/example_dags/example_branch_day_of_week_operator.py took 0.188 seconds
[2026-09-25T17:06:53.797+0000] {processor.py:186} INFO - Started process (PID=1097) to work on /home/airflow/.local/lib/python3.12/site-packages/airflow/example_dags/example_branch_day_of_week_operator.py
[2026-09-25T17:06:53.800+0000] {processor.py:914} INFO - Processing file /home/airflow/.local/lib/python3.12/site-packages/airflow/example_dags/example_branch_day_of_week_operator.py for tasks to queue
[2026-09-25T17:06:53.806+0000] {logging_mixin.py:190} INFO - [2026-09-25T17:06:53.806+0000] {dagbag.py:588} INFO - Filling up the DagBag from /home/airflow/.local/lib/python3.12/site-packages/airflow/example_dags/example_branch_day_of_week_operator.py
[2026-09-25T17:06:53.833+0000] {processor.py:925} INFO - DAG(s) 'example_weekday_branch_operator' retrieved from /home/airflow/.local/lib/python3.12/site-packages/airflow/example_dags/example_branch_day_of_week_operator.py
[2026-09-25T17:06:53.905+0000] {logging_mixin.py:190} INFO - [2026-09-25T17:06:53.904+0000] {dag.py:3239} INFO - Sync 1 DAGs
[2026-09-25T17:06:54.212+0000] {logging_mixin.py:190} INFO - [2026-09-25T17:06:54.211+0000] {dag.py:4180} INFO - Setting next_dagrun for example_weekday_branch_operator to 2026-09-24 00:00:00+00:00, run_after=2026-09-25 00:00:00+00:00
[2026-09-25T17:06:54.248+0000] {processor.py:208} INFO - Processing /home/airflow/.local/lib/python3.12/site-packages/airflow/example_dags/example_branch_day_of_week_operator.py took 0.466 seconds
[2026-09-25T17:07:30.124+0000] {processor.py:186} INFO - Started process (PID=1159) to work on /home/airflow/.local/lib/python3.12/site-packages/airflow/example_dags/example_branch_day_of_week_operator.py
[2026-09-25T17:07:30.127+0000] {processor.py:914} INFO - Processing file /home/airflow/.local/lib/python3.12/site-packages/airflow/example_dags/example_branch_day_of_week_operator.py for tasks to queue
[2026-09-25T17:07:30.137+0000] {logging_mixin.py:190} INFO - [2026-09-25T17:07:30.136+0000] {dagbag.py:588} INFO - Filling up the DagBag from /home/airflow/.local/lib/python3.12/site-packages/airflow/example_dags/example_branch_day_of_week_operator.py
[2026-09-25T17:07:30.193+0000] {processor.py:925} INFO - DAG(s) 'example_weekday_branch_operator' retrieved from /home/airflow/.local/lib/python3.12/site-packages/airflow/example_dags/example_branch_day_of_week_operator.py
[2026-09-25T17:07:30.270+0000] {logging_mixin.py:190} INFO - [2026-09-25T17:07:30.269+0000] {dag.py:3239} INFO - Sync 1 DAGs
[2026-09-25T17:07:30.332+0000] {logging_mixin.py:190} INFO - [2026-09-25T17:07:30.331+0000] {dag.py:4180} INFO - Setting next_dagrun for example_weekday_branch_operator to 2026-09-24 00:00:00+00:00, run_after=2026-09-25 00:00:00+00:00
[2026-09-25T17:07:30.378+0000] {processor.py:208} INFO - Processing /home/airflow/.local/lib/python3.12/site-packages/airflow/example_dags/example_branch_day_of_week_operator.py took 0.272 seconds
[2026-09-25T17:08:01.910+0000] {processor.py:186} INFO - Started process (PID=1222) to work on /home/airflow/.local/lib/python3.12/site-packages/airflow/example_dags/example_branch_day_of_week_operator.py
[2026-09-25T17:08:01.914+0000] {processor.py:914} INFO - Processing file /home/airflow/.local/lib/python3.12/site-packages/airflow/example_dags/example_branch_day_of_week_operator.py for tasks to queue
[2026-09-25T17:08:01.947+0000] {logging_mixin.py:190} INFO - [2026-09-25T17:08:01.946+0000] {dagbag.py:588} INFO - Filling up the DagBag from /home/airflow/.local/lib/python3.12/site-packages/airflow/example_dags/example_branch_day_of_week_operator.py
[2026-09-25T17:08:02.058+0000] {processor.py:925} INFO - DAG(s) 'example_weekday_branch_operator' retrieved from /home/airflow/.local/lib/python3.12/site-packages/airflow/example_dags/example_branch_day_of_week_operator.py
[2026-09-25T17:08:02.264+0000] {logging_mixin.py:190} INFO - [2026-09-25T17:08:02.263+0000] {dag.py:3239} INFO - Sync 1 DAGs
[2026-09-25T17:08:02.611+0000] {logging_mixin.py:190} INFO - [2026-09-25T17:08:02.610+0000] {dag.py:4180} INFO - Setting next_dagrun for example_weekday_branch_operator to 2026-09-24 00:00:00+00:00, run_after=2026-09-25 00:00:00+00:00
[2026-09-25T17:08:02.674+0000] {processor.py:208} INFO - Processing /home/airflow/.local/lib/python3.12/site-packages/airflow/example_dags/example_branch_day_of_week_operator.py took 0.895 seconds
[2026-09-25T17:08:33.855+0000] {processor.py:186} INFO - Started process (PID=1286) to work on /home/airflow/.local/lib/python3.12/site-packages/airflow/example_dags/example_branch_day_of_week_operator.py
[2026-09-25T17:08:33.856+0000] {processor.py:914} INFO - Processing file /home/airflow/.local/lib/python3.12/site-packages/airflow/example_dags/example_branch_day_of_week_operator.py for tasks to queue
[2026-09-25T17:08:33.861+0000] {logging_mixin.py:190} INFO - [2026-09-25T17:08:33.860+0000] {dagbag.py:588} INFO - Filling up the DagBag from /home/airflow/.local/lib/python3.12/site-packages/airflow/example_dags/example_branch_day_of_week_operator.py
[2026-09-25T17:08:33.879+0000] {processor.py:925} INFO - DAG(s) 'example_weekday_branch_operator' retrieved from /home/airflow/.local/lib/python3.12/site-packages/airflow/example_dags/example_branch_day_of_week_operator.py
[2026-09-25T17:08:33.916+0000] {logging_mixin.py:190} INFO - [2026-09-25T17:08:33.916+0000] {dag.py:3239} INFO - Sync 1 DAGs
[2026-09-25T17:08:33.962+0000] {logging_mixin.py:190} INFO - [2026-09-25T17:08:33.962+0000] {dag.py:4180} INFO - Setting next_dagrun for example_weekday_branch_operator to 2026-09-24 00:00:00+00:00, run_after=2026-09-25 00:00:00+00:00
[2026-09-25T17:08:33.998+0000] {processor.py:208} INFO - Processing /home/airflow/.local/lib/python3.12/site-packages/airflow/example_dags/example_branch_day_of_week_operator.py took 0.157 seconds
[2026-09-25T17:09:06.663+0000] {processor.py:186} INFO - Started process (PID=1350) to work on /home/airflow/.local/lib/python3.12/site-packages/airflow/example_dags/example_branch_day_of_week_operator.py
[2026-09-25T17:09:06.668+0000] {processor.py:914} INFO - Processing file /home/airflow/.local/lib/python3.12/site-packages/airflow/example_dags/example_branch_day_of_week_operator.py for tasks to queue
[2026-09-25T17:09:06.676+0000] {logging_mixin.py:190} INFO - [2026-09-25T17:09:06.676+0000] {dagbag.py:588} INFO - Filling up the DagBag from /home/airflow/.local/lib/python3.12/site-packages/airflow/example_dags/example_branch_day_of_week_operator.py
[2026-09-25T17:09:06.714+0000] {processor.py:925} INFO - DAG(s) 'example_weekday_branch_operator' retrieved from /home/airflow/.local/lib/python3.12/site-packages/airflow/example_dags/example_branch_day_of_week_operator.py
[2026-09-25T17:09:06.914+0000] {logging_mixin.py:190} INFO - [2026-09-25T17:09:06.902+0000] {dag.py:3239} INFO - Sync 1 DAGs
[2026-09-25T17:09:07.079+0000] {logging_mixin.py:190} INFO - [2026-09-25T17:09:07.078+0000] {dag.py:4180} INFO - Setting next_dagrun for example_weekday_branch_operator to 2026-09-24 00:00:00+00:00, run_after=2026-09-25 00:00:00+00:00
[2026-09-25T17:09:07.291+0000] {processor.py:208} INFO - Processing /home/airflow/.local/lib/python3.12/site-packages/airflow/example_dags/example_branch_day_of_week_operator.py took 0.663 seconds
[2026-09-25T17:10:37.044+0000] {processor.py:186} INFO - Started process (PID=1426) to work on /home/airflow/.local/lib/python3.12/site-packages/airflow/example_dags/example_branch_day_of_week_operator.py
[2026-09-25T17:10:37.061+0000] {processor.py:914} INFO - Processing file /home/airflow/.local/lib/python3.12/site-packages/airflow/example_dags/example_branch_day_of_week_operator.py for tasks to queue
[2026-09-25T17:10:37.096+0000] {logging_mixin.py:190} INFO - [2026-09-25T17:10:37.095+0000] {dagbag.py:588} INFO - Filling up the DagBag from /home/airflow/.local/lib/python3.12/site-packages/airflow/example_dags/example_branch_day_of_week_operator.py
[2026-09-25T17:10:37.206+0000] {processor.py:925} INFO - DAG(s) 'example_weekday_branch_operator' retrieved from /home/airflow/.local/lib/python3.12/site-packages/airflow/example_dags/example_branch_day_of_week_operator.py
[2026-09-25T17:10:37.352+0000] {logging_mixin.py:190} INFO - [2026-09-25T17:10:37.351+0000] {dag.py:3239} INFO - Sync 1 DAGs
[2026-09-25T17:10:37.508+0000] {logging_mixin.py:190} INFO - [2026-09-25T17:10:37.507+0000] {dag.py:4180} INFO - Setting next_dagrun for example_weekday_branch_operator to 2026-09-24 00:00:00+00:00, run_after=2026-09-25 00:00:00+00:00
[2026-09-25T17:10:37.600+0000] {processor.py:208} INFO - Processing /home/airflow/.local/lib/python3.12/site-packages/airflow/example_dags/example_branch_day_of_week_operator.py took 0.632 seconds
[2026-09-25T17:14:15.362+0000] {processor.py:186} INFO - Started process (PID=1541) to work on /home/airflow/.local/lib/python3.12/site-packages/airflow/example_dags/example_branch_day_of_week_operator.py
[2026-09-25T17:14:15.382+0000] {processor.py:914} INFO - Processing file /home/airflow/.local/lib/python3.12/site-packages/airflow/example_dags/example_branch_day_of_week_operator.py for tasks to queue
[2026-09-25T17:14:15.395+0000] {logging_mixin.py:190} INFO - [2026-09-25T17:14:15.389+0000] {dagbag.py:588} INFO - Filling up the DagBag from /home/airflow/.local/lib/python3.12/site-packages/airflow/example_dags/example_branch_day_of_week_operator.py
[2026-09-25T17:14:15.770+0000] {processor.py:925} INFO - DAG(s) 'example_weekday_branch_operator' retrieved from /home/airflow/.local/lib/python3.12/site-packages/airflow/example_dags/example_branch_day_of_week_operator.py
[2026-09-25T17:14:16.191+0000] {logging_mixin.py:190} INFO - [2026-09-25T17:14:16.190+0000] {dag.py:3239} INFO - Sync 1 DAGs
[2026-09-25T17:14:16.767+0000] {logging_mixin.py:190} INFO - [2026-09-25T17:14:16.754+0000] {dag.py:4180} INFO - Setting next_dagrun for example_weekday_branch_operator to 2026-09-24 00:00:00+00:00, run_after=2026-09-25 00:00:00+00:00
[2026-09-25T17:14:16.996+0000] {processor.py:208} INFO - Processing /home/airflow/.local/lib/python3.12/site-packages/airflow/example_dags/example_branch_day_of_week_operator.py took 1.844 seconds
[2026-09-25T17:15:18.253+0000] {processor.py:186} INFO - Started process (PID=1617) to work on /home/airflow/.local/lib/python3.12/site-packages/airflow/example_dags/example_branch_day_of_week_operator.py
[2026-09-25T17:15:18.256+0000] {processor.py:914} INFO - Processing file /home/airflow/.local/lib/python3.12/site-packages/airflow/example_dags/example_branch_day_of_week_operator.py for tasks to queue
[2026-09-25T17:15:18.267+0000] {logging_mixin.py:190} INFO - [2026-09-25T17:15:18.265+0000] {dagbag.py:588} INFO - Filling up the DagBag from /home/airflow/.local/lib/python3.12/site-packages/airflow/example_dags/example_branch_day_of_week_operator.py
[2026-09-25T17:15:18.288+0000] {processor.py:925} INFO - DAG(s) 'example_weekday_branch_operator' retrieved from /home/airflow/.local/lib/python3.12/site-packages/airflow/example_dags/example_branch_day_of_week_operator.py
[2026-09-25T17:15:18.336+0000] {logging_mixin.py:190} INFO - [2026-09-25T17:15:18.331+0000] {dag.py:3239} INFO - Sync 1 DAGs
[2026-09-25T17:15:18.421+0000] {logging_mixin.py:190} INFO - [2026-09-25T17:15:18.421+0000] {dag.py:4180} INFO - Setting next_dagrun for example_weekday_branch_operator to 2026-09-24 00:00:00+00:00, run_after=2026-09-25 00:00:00+00:00
[2026-09-25T17:15:18.510+0000] {processor.py:208} INFO - Processing /home/airflow/.local/lib/python3.12/site-packages/airflow/example_dags/example_branch_day_of_week_operator.py took 0.272 seconds
[2026-09-25T17:15:53.963+0000] {processor.py:186} INFO - Started process (PID=1680) to work on /home/airflow/.local/lib/python3.12/site-packages/airflow/example_dags/example_branch_day_of_week_operator.py
[2026-09-25T17:15:53.972+0000] {processor.py:914} INFO - Processing file /home/airflow/.local/lib/python3.12/site-packages/airflow/example_dags/example_branch_day_of_week_operator.py for tasks to queue
[2026-09-25T17:15:53.984+0000] {logging_mixin.py:190} INFO - [2026-09-25T17:15:53.983+0000] {dagbag.py:588} INFO - Filling up the DagBag from /home/airflow/.local/lib/python3.12/site-packages/airflow/example_dags/example_branch_day_of_week_operator.py
[2026-09-25T17:15:54.057+0000] {processor.py:925} INFO - DAG(s) 'example_weekday_branch_operator' retrieved from /home/airflow/.local/lib/python3.12/site-packages/airflow/example_dags/example_branch_day_of_week_operator.py
[2026-09-25T17:15:54.121+0000] {logging_mixin.py:190} INFO - [2026-09-25T17:15:54.120+0000] {dag.py:3239} INFO - Sync 1 DAGs
[2026-09-25T17:15:54.241+0000] {logging_mixin.py:190} INFO - [2026-09-25T17:15:54.240+0000] {dag.py:4180} INFO - Setting next_dagrun for example_weekday_branch_operator to 2026-09-24 00:00:00+00:00, run_after=2026-09-25 00:00:00+00:00
[2026-09-25T17:15:54.318+0000] {processor.py:208} INFO - Processing /home/airflow/.local/lib/python3.12/site-packages/airflow/example_dags/example_branch_day_of_week_operator.py took 0.390 seconds
[2026-09-25T17:16:52.492+0000] {processor.py:186} INFO - Started process (PID=1771) to work on /home/airflow/.local/lib/python3.12/site-packages/airflow/example_dags/example_branch_day_of_week_operator.py
[2026-09-25T17:16:52.494+0000] {processor.py:914} INFO - Processing file /home/airflow/.local/lib/python3.12/site-packages/airflow/example_dags/example_branch_day_of_week_operator.py for tasks to queue
[2026-09-25T17:16:52.507+0000] {logging_mixin.py:190} INFO - [2026-09-25T17:16:52.502+0000] {dagbag.py:588} INFO - Filling up the DagBag from /home/airflow/.local/lib/python3.12/site-packages/airflow/example_dags/example_branch_day_of_week_operator.py
[2026-09-25T17:16:52.548+0000] {processor.py:925} INFO - DAG(s) 'example_weekday_branch_operator' retrieved from /home/airflow/.local/lib/python3.12/site-packages/airflow/example_dags/example_branch_day_of_week_operator.py
[2026-09-25T17:16:52.668+0000] {logging_mixin.py:190} INFO - [2026-09-25T17:16:52.664+0000] {dag.py:3239} INFO - Sync 1 DAGs
[2026-09-25T17:16:52.893+0000] {logging_mixin.py:190} INFO - [2026-09-25T17:16:52.892+0000] {dag.py:4180} INFO - Setting next_dagrun for example_weekday_branch_operator to 2026-09-24 00:00:00+00:00, run_after=2026-09-25 00:00:00+00:00
[2026-09-25T17:16:53.068+0000] {processor.py:208} INFO - Processing /home/airflow/.local/lib/python3.12/site-packages/airflow/example_dags/example_branch_day_of_week_operator.py took 0.608 seconds
[2026-09-25T17:17:23.540+0000] {processor.py:186} INFO - Started process (PID=1833) to work on /home/airflow/.local/lib/python3.12/site-packages/airflow/example_dags/example_branch_day_of_week_operator.py
[2026-09-25T17:17:23.543+0000] {processor.py:914} INFO - Processing file /home/airflow/.local/lib/python3.12/site-packages/airflow/example_dags/example_branch_day_of_week_operator.py for tasks to queue
[2026-09-25T17:17:23.549+0000] {logging_mixin.py:190} INFO - [2026-09-25T17:17:23.548+0000] {dagbag.py:588} INFO - Filling up the DagBag from /home/airflow/.local/lib/python3.12/site-packages/airflow/example_dags/example_branch_day_of_week_operator.py
[2026-09-25T17:17:23.568+0000] {processor.py:925} INFO - DAG(s) 'example_weekday_branch_operator' retrieved from /home/airflow/.local/lib/python3.12/site-packages/airflow/example_dags/example_branch_day_of_week_operator.py
[2026-09-25T17:17:23.617+0000] {logging_mixin.py:190} INFO - [2026-09-25T17:17:23.616+0000] {dag.py:3239} INFO - Sync 1 DAGs
[2026-09-25T17:17:23.677+0000] {logging_mixin.py:190} INFO - [2026-09-25T17:17:23.677+0000] {dag.py:4180} INFO - Setting next_dagrun for example_weekday_branch_operator to 2026-09-24 00:00:00+00:00, run_after=2026-09-25 00:00:00+00:00
[2026-09-25T17:17:23.710+0000] {processor.py:208} INFO - Processing /home/airflow/.local/lib/python3.12/site-packages/airflow/example_dags/example_branch_day_of_week_operator.py took 0.192 seconds
[2026-09-25T17:18:00.456+0000] {processor.py:186} INFO - Started process (PID=1905) to work on /home/airflow/.local/lib/python3.12/site-packages/airflow/example_dags/example_branch_day_of_week_operator.py
[2026-09-25T17:18:00.459+0000] {processor.py:914} INFO - Processing file /home/airflow/.local/lib/python3.12/site-packages/airflow/example_dags/example_branch_day_of_week_operator.py for tasks to queue
[2026-09-25T17:18:00.477+0000] {logging_mixin.py:190} INFO - [2026-09-25T17:18:00.476+0000] {dagbag.py:588} INFO - Filling up the DagBag from /home/airflow/.local/lib/python3.12/site-packages/airflow/example_dags/example_branch_day_of_week_operator.py
[2026-09-25T17:18:00.527+0000] {processor.py:925} INFO - DAG(s) 'example_weekday_branch_operator' retrieved from /home/airflow/.local/lib/python3.12/site-packages/airflow/example_dags/example_branch_day_of_week_operator.py
[2026-09-25T17:18:00.625+0000] {logging_mixin.py:190} INFO - [2026-09-25T17:18:00.624+0000] {dag.py:3239} INFO - Sync 1 DAGs
[2026-09-25T17:18:00.710+0000] {logging_mixin.py:190} INFO - [2026-09-25T17:18:00.709+0000] {dag.py:4180} INFO - Setting next_dagrun for example_weekday_branch_operator to 2026-09-24 00:00:00+00:00, run_after=2026-09-25 00:00:00+00:00
[2026-09-25T17:18:00.759+0000] {processor.py:208} INFO - Processing /home/airflow/.local/lib/python3.12/site-packages/airflow/example_dags/example_branch_day_of_week_operator.py took 0.339 seconds
[2026-09-25T17:18:36.492+0000] {processor.py:186} INFO - Started process (PID=1968) to work on /home/airflow/.local/lib/python3.12/site-packages/airflow/example_dags/example_branch_day_of_week_operator.py
[2026-09-25T17:18:36.494+0000] {processor.py:914} INFO - Processing file /home/airflow/.local/lib/python3.12/site-packages/airflow/example_dags/example_branch_day_of_week_operator.py for tasks to queue
[2026-09-25T17:18:36.500+0000] {logging_mixin.py:190} INFO - [2026-09-25T17:18:36.499+0000] {dagbag.py:588} INFO - Filling up the DagBag from /home/airflow/.local/lib/python3.12/site-packages/airflow/example_dags/example_branch_day_of_week_operator.py
[2026-09-25T17:18:36.518+0000] {processor.py:925} INFO - DAG(s) 'example_weekday_branch_operator' retrieved from /home/airflow/.local/lib/python3.12/site-packages/airflow/example_dags/example_branch_day_of_week_operator.py
[2026-09-25T17:18:36.573+0000] {logging_mixin.py:190} INFO - [2026-09-25T17:18:36.572+0000] {dag.py:3239} INFO - Sync 1 DAGs
[2026-09-25T17:18:36.639+0000] {logging_mixin.py:190} INFO - [2026-09-25T17:18:36.635+0000] {dag.py:4180} INFO - Setting next_dagrun for example_weekday_branch_operator to 2026-09-24 00:00:00+00:00, run_after=2026-09-25 00:00:00+00:00
[2026-09-25T17:18:36.703+0000] {processor.py:208} INFO - Processing /home/airflow/.local/lib/python3.12/site-packages/airflow/example_dags/example_branch_day_of_week_operator.py took 0.222 seconds
[2026-09-25T17:19:10.714+0000] {processor.py:186} INFO - Started process (PID=2031) to work on /home/airflow/.local/lib/python3.12/site-packages/airflow/example_dags/example_branch_day_of_week_operator.py
[2026-09-25T17:19:10.716+0000] {processor.py:914} INFO - Processing file /home/airflow/.local/lib/python3.12/site-packages/airflow/example_dags/example_branch_day_of_week_operator.py for tasks to queue
[2026-09-25T17:19:10.727+0000] {logging_mixin.py:190} INFO - [2026-09-25T17:19:10.726+0000] {dagbag.py:588} INFO - Filling up the DagBag from /home/airflow/.local/lib/python3.12/site-packages/airflow/example_dags/example_branch_day_of_week_operator.py
[2026-09-25T17:19:10.764+0000] {processor.py:925} INFO - DAG(s) 'example_weekday_branch_operator' retrieved from /home/airflow/.local/lib/python3.12/site-packages/airflow/example_dags/example_branch_day_of_week_operator.py
[2026-09-25T17:19:10.818+0000] {logging_mixin.py:190} INFO - [2026-09-25T17:19:10.817+0000] {dag.py:3239} INFO - Sync 1 DAGs
[2026-09-25T17:19:10.888+0000] {logging_mixin.py:190} INFO - [2026-09-25T17:19:10.887+0000] {dag.py:4180} INFO - Setting next_dagrun for example_weekday_branch_operator to 2026-09-24 00:00:00+00:00, run_after=2026-09-25 00:00:00+00:00
[2026-09-25T17:19:10.942+0000] {processor.py:208} INFO - Processing /home/airflow/.local/lib/python3.12/site-packages/airflow/example_dags/example_branch_day_of_week_operator.py took 0.243 seconds
[2026-09-25T17:19:51.757+0000] {processor.py:186} INFO - Started process (PID=2094) to work on /home/airflow/.local/lib/python3.12/site-packages/airflow/example_dags/example_branch_day_of_week_operator.py
[2026-09-25T17:19:51.760+0000] {processor.py:914} INFO - Processing file /home/airflow/.local/lib/python3.12/site-packages/airflow/example_dags/example_branch_day_of_week_operator.py for tasks to queue
[2026-09-25T17:19:51.767+0000] {logging_mixin.py:190} INFO - [2026-09-25T17:19:51.766+0000] {dagbag.py:588} INFO - Filling up the DagBag from /home/airflow/.local/lib/python3.12/site-packages/airflow/example_dags/example_branch_day_of_week_operator.py
[2026-09-25T17:19:51.794+0000] {processor.py:925} INFO - DAG(s) 'example_weekday_branch_operator' retrieved from /home/airflow/.local/lib/python3.12/site-packages/airflow/example_dags/example_branch_day_of_week_operator.py
[2026-09-25T17:19:51.865+0000] {logging_mixin.py:190} INFO - [2026-09-25T17:19:51.864+0000] {dag.py:3239} INFO - Sync 1 DAGs
[2026-09-25T17:19:51.957+0000] {logging_mixin.py:190} INFO - [2026-09-25T17:19:51.957+0000] {dag.py:4180} INFO - Setting next_dagrun for example_weekday_branch_operator to 2026-09-24 00:00:00+00:00, run_after=2026-09-25 00:00:00+00:00
[2026-09-25T17:19:52.020+0000] {processor.py:208} INFO - Processing /home/airflow/.local/lib/python3.12/site-packages/airflow/example_dags/example_branch_day_of_week_operator.py took 0.305 seconds
[2026-09-25T17:20:50.006+0000] {processor.py:186} INFO - Started process (PID=2183) to work on /home/airflow/.local/lib/python3.12/site-packages/airflow/example_dags/example_branch_day_of_week_operator.py
[2026-09-25T17:20:50.036+0000] {processor.py:914} INFO - Processing file /home/airflow/.local/lib/python3.12/site-packages/airflow/example_dags/example_branch_day_of_week_operator.py for tasks to queue
[2026-09-25T17:20:50.047+0000] {logging_mixin.py:190} INFO - [2026-09-25T17:20:50.046+0000] {dagbag.py:588} INFO - Filling up the DagBag from /home/airflow/.local/lib/python3.12/site-packages/airflow/example_dags/example_branch_day_of_week_operator.py
[2026-09-25T17:20:50.093+0000] {processor.py:925} INFO - DAG(s) 'example_weekday_branch_operator' retrieved from /home/airflow/.local/lib/python3.12/site-packages/airflow/example_dags/example_branch_day_of_week_operator.py
[2026-09-25T17:20:50.390+0000] {logging_mixin.py:190} INFO - [2026-09-25T17:20:50.379+0000] {dag.py:3239} INFO - Sync 1 DAGs
[2026-09-25T17:20:50.598+0000] {logging_mixin.py:190} INFO - [2026-09-25T17:20:50.597+0000] {dag.py:4180} INFO - Setting next_dagrun for example_weekday_branch_operator to 2026-09-24 00:00:00+00:00, run_after=2026-09-25 00:00:00+00:00
[2026-09-25T17:20:50.672+0000] {processor.py:208} INFO - Processing /home/airflow/.local/lib/python3.12/site-packages/airflow/example_dags/example_branch_day_of_week_operator.py took 0.707 seconds
[2026-09-25T17:21:26.203+0000] {processor.py:186} INFO - Started process (PID=2246) to work on /home/airflow/.local/lib/python3.12/site-packages/airflow/example_dags/example_branch_day_of_week_operator.py
[2026-09-25T17:21:26.212+0000] {processor.py:914} INFO - Processing file /home/airflow/.local/lib/python3.12/site-packages/airflow/example_dags/example_branch_day_of_week_operator.py for tasks to queue
[2026-09-25T17:21:26.220+0000] {logging_mixin.py:190} INFO - [2026-09-25T17:21:26.219+0000] {dagbag.py:588} INFO - Filling up the DagBag from /home/airflow/.local/lib/python3.12/site-packages/airflow/example_dags/example_branch_day_of_week_operator.py
[2026-09-25T17:21:26.296+0000] {processor.py:925} INFO - DAG(s) 'example_weekday_branch_operator' retrieved from /home/airflow/.local/lib/python3.12/site-packages/airflow/example_dags/example_branch_day_of_week_operator.py
[2026-09-25T17:21:26.542+0000] {logging_mixin.py:190} INFO - [2026-09-25T17:21:26.541+0000] {dag.py:3239} INFO - Sync 1 DAGs
[2026-09-25T17:21:26.742+0000] {logging_mixin.py:190} INFO - [2026-09-25T17:21:26.741+0000] {dag.py:4180} INFO - Setting next_dagrun for example_weekday_branch_operator to 2026-09-24 00:00:00+00:00, run_after=2026-09-25 00:00:00+00:00
[2026-09-25T17:21:26.825+0000] {processor.py:208} INFO - Processing /home/airflow/.local/lib/python3.12/site-packages/airflow/example_dags/example_branch_day_of_week_operator.py took 0.718 seconds
[2026-09-25T17:22:47.000+0000] {processor.py:186} INFO - Started process (PID=2329) to work on /home/airflow/.local/lib/python3.12/site-packages/airflow/example_dags/example_branch_day_of_week_operator.py
[2026-09-25T17:22:47.005+0000] {processor.py:914} INFO - Processing file /home/airflow/.local/lib/python3.12/site-packages/airflow/example_dags/example_branch_day_of_week_operator.py for tasks to queue
[2026-09-25T17:22:47.067+0000] {logging_mixin.py:190} INFO - [2026-09-25T17:22:47.066+0000] {dagbag.py:588} INFO - Filling up the DagBag from /home/airflow/.local/lib/python3.12/site-packages/airflow/example_dags/example_branch_day_of_week_operator.py
[2026-09-25T17:22:47.181+0000] {processor.py:925} INFO - DAG(s) 'example_weekday_branch_operator' retrieved from /home/airflow/.local/lib/python3.12/site-packages/airflow/example_dags/example_branch_day_of_week_operator.py
[2026-09-25T17:22:47.326+0000] {logging_mixin.py:190} INFO - [2026-09-25T17:22:47.325+0000] {dag.py:3239} INFO - Sync 1 DAGs
[2026-09-25T17:22:47.548+0000] {logging_mixin.py:190} INFO - [2026-09-25T17:22:47.547+0000] {dag.py:4180} INFO - Setting next_dagrun for example_weekday_branch_operator to 2026-09-24 00:00:00+00:00, run_after=2026-09-25 00:00:00+00:00
[2026-09-25T17:22:47.604+0000] {processor.py:208} INFO - Processing /home/airflow/.local/lib/python3.12/site-packages/airflow/example_dags/example_branch_day_of_week_operator.py took 0.677 seconds
[2026-09-25T17:23:26.175+0000] {processor.py:186} INFO - Started process (PID=2394) to work on /home/airflow/.local/lib/python3.12/site-packages/airflow/example_dags/example_branch_day_of_week_operator.py
[2026-09-25T17:23:26.180+0000] {processor.py:914} INFO - Processing file /home/airflow/.local/lib/python3.12/site-packages/airflow/example_dags/example_branch_day_of_week_operator.py for tasks to queue
[2026-09-25T17:23:26.190+0000] {logging_mixin.py:190} INFO - [2026-09-25T17:23:26.189+0000] {dagbag.py:588} INFO - Filling up the DagBag from /home/airflow/.local/lib/python3.12/site-packages/airflow/example_dags/example_branch_day_of_week_operator.py
[2026-09-25T17:23:26.250+0000] {processor.py:925} INFO - DAG(s) 'example_weekday_branch_operator' retrieved from /home/airflow/.local/lib/python3.12/site-packages/airflow/example_dags/example_branch_day_of_week_operator.py
[2026-09-25T17:23:26.468+0000] {logging_mixin.py:190} INFO - [2026-09-25T17:23:26.467+0000] {dag.py:3239} INFO - Sync 1 DAGs
[2026-09-25T17:23:26.726+0000] {logging_mixin.py:190} INFO - [2026-09-25T17:23:26.725+0000] {dag.py:4180} INFO - Setting next_dagrun for example_weekday_branch_operator to 2026-09-24 00:00:00+00:00, run_after=2026-09-25 00:00:00+00:00
[2026-09-25T17:23:27.218+0000] {processor.py:208} INFO - Processing /home/airflow/.local/lib/python3.12/site-packages/airflow/example_dags/example_branch_day_of_week_operator.py took 1.176 seconds
[2026-09-25T17:24:00.676+0000] {processor.py:186} INFO - Started process (PID=2456) to work on /home/airflow/.local/lib/python3.12/site-packages/airflow/example_dags/example_branch_day_of_week_operator.py
[2026-09-25T17:24:00.680+0000] {processor.py:914} INFO - Processing file /home/airflow/.local/lib/python3.12/site-packages/airflow/example_dags/example_branch_day_of_week_operator.py for tasks to queue
[2026-09-25T17:24:00.687+0000] {logging_mixin.py:190} INFO - [2026-09-25T17:24:00.686+0000] {dagbag.py:588} INFO - Filling up the DagBag from /home/airflow/.local/lib/python3.12/site-packages/airflow/example_dags/example_branch_day_of_week_operator.py
[2026-09-25T17:24:00.714+0000] {processor.py:925} INFO - DAG(s) 'example_weekday_branch_operator' retrieved from /home/airflow/.local/lib/python3.12/site-packages/airflow/example_dags/example_branch_day_of_week_operator.py
[2026-09-25T17:24:00.781+0000] {logging_mixin.py:190} INFO - [2026-09-25T17:24:00.781+0000] {dag.py:3239} INFO - Sync 1 DAGs
[2026-09-25T17:24:00.869+0000] {logging_mixin.py:190} INFO - [2026-09-25T17:24:00.868+0000] {dag.py:4180} INFO - Setting next_dagrun for example_weekday_branch_operator to 2026-09-24 00:00:00+00:00, run_after=2026-09-25 00:00:00+00:00
[2026-09-25T17:24:00.923+0000] {processor.py:208} INFO - Processing /home/airflow/.local/lib/python3.12/site-packages/airflow/example_dags/example_branch_day_of_week_operator.py took 0.268 seconds
[2026-09-25T17:24:39.379+0000] {processor.py:186} INFO - Started process (PID=2528) to work on /home/airflow/.local/lib/python3.12/site-packages/airflow/example_dags/example_branch_day_of_week_operator.py
[2026-09-25T17:24:39.383+0000] {processor.py:914} INFO - Processing file /home/airflow/.local/lib/python3.12/site-packages/airflow/example_dags/example_branch_day_of_week_operator.py for tasks to queue
[2026-09-25T17:24:39.390+0000] {logging_mixin.py:190} INFO - [2026-09-25T17:24:39.390+0000] {dagbag.py:588} INFO - Filling up the DagBag from /home/airflow/.local/lib/python3.12/site-packages/airflow/example_dags/example_branch_day_of_week_operator.py
[2026-09-25T17:24:39.419+0000] {processor.py:925} INFO - DAG(s) 'example_weekday_branch_operator' retrieved from /home/airflow/.local/lib/python3.12/site-packages/airflow/example_dags/example_branch_day_of_week_operator.py
[2026-09-25T17:24:39.500+0000] {logging_mixin.py:190} INFO - [2026-09-25T17:24:39.496+0000] {dag.py:3239} INFO - Sync 1 DAGs
[2026-09-25T17:24:39.593+0000] {logging_mixin.py:190} INFO - [2026-09-25T17:24:39.592+0000] {dag.py:4180} INFO - Setting next_dagrun for example_weekday_branch_operator to 2026-09-24 00:00:00+00:00, run_after=2026-09-25 00:00:00+00:00
[2026-09-25T17:24:39.647+0000] {processor.py:208} INFO - Processing /home/airflow/.local/lib/python3.12/site-packages/airflow/example_dags/example_branch_day_of_week_operator.py took 0.282 seconds
