[2026-09-25T16:15:29.545+0000] {processor.py:186} INFO - Started process (PID=97) to work on /home/airflow/.local/lib/python3.12/site-packages/airflow/example_dags/example_display_name.py
[2026-09-25T16:15:29.604+0000] {processor.py:914} INFO - Processing file /home/airflow/.local/lib/python3.12/site-packages/airflow/example_dags/example_display_name.py for tasks to queue
[2026-09-25T16:15:29.681+0000] {logging_mixin.py:190} INFO - [2026-09-25T16:15:29.680+0000] {dagbag.py:588} INFO - Filling up the DagBag from /home/airflow/.local/lib/python3.12/site-packages/airflow/example_dags/example_display_name.py
[2026-09-25T16:15:29.755+0000] {processor.py:925} INFO - DAG(s) 'example_display_name' retrieved from /home/airflow/.local/lib/python3.12/site-packages/airflow/example_dags/example_display_name.py
[2026-09-25T16:15:31.047+0000] {logging_mixin.py:190} INFO - [2026-09-25T16:15:31.047+0000] {dag.py:3239} INFO - Sync 1 DAGs
[2026-09-25T16:15:31.796+0000] {logging_mixin.py:190} INFO - [2026-09-25T16:15:31.795+0000] {dag.py:4180} INFO - Setting next_dagrun for example_display_name to None, run_after=None
[2026-09-25T16:15:32.089+0000] {processor.py:208} INFO - Processing /home/airflow/.local/lib/python3.12/site-packages/airflow/example_dags/example_display_name.py took 2.601 seconds
[2026-09-25T16:17:52.661+0000] {processor.py:186} INFO - Started process (PID=178) to work on /home/airflow/.local/lib/python3.12/site-packages/airflow/example_dags/example_display_name.py
[2026-09-25T16:17:52.685+0000] {processor.py:914} INFO - Processing file /home/airflow/.local/lib/python3.12/site-packages/airflow/example_dags/example_display_name.py for tasks to queue
[2026-09-25T16:17:52.731+0000] {logging_mixin.py:190} INFO - [2026-09-25T16:17:52.714+0000] {dagbag.py:588} INFO - Filling up the DagBag from /home/airflow/.local/lib/python3.12/site-packages/airflow/example_dags/example_display_name.py
[2026-09-25T16:17:53.071+0000] {processor.py:925} INFO - DAG(s) 'example_display_name' retrieved from /home/airflow/.local/lib/python3.12/site-packages/airflow/example_dags/example_display_name.py
[2026-09-25T16:17:53.366+0000] {logging_mixin.py:190} INFO - [2026-09-25T16:17:53.365+0000] {dag.py:3239} INFO - Sync 1 DAGs
[2026-09-25T16:17:53.551+0000] {logging_mixin.py:190} INFO - [2026-09-25T16:17:53.550+0000] {dag.py:4180} INFO - Setting next_dagrun for example_display_name to None, run_after=None
[2026-09-25T16:17:53.889+0000] {processor.py:208} INFO - Processing /home/airflow/.local/lib/python3.12/site-packages/airflow/example_dags/example_display_name.py took 1.334 seconds
[2026-09-25T16:19:30.369+0000] {processor.py:186} INFO - Started process (PID=248) to work on /home/airflow/.local/lib/python3.12/site-packages/airflow/example_dags/example_display_name.py
[2026-09-25T16:19:30.380+0000] {processor.py:914} INFO - Processing file /home/airflow/.local/lib/python3.12/site-packages/airflow/example_dags/example_display_name.py for tasks to queue
[2026-09-25T16:19:30.407+0000] {logging_mixin.py:190} INFO - [2026-09-25T16:19:30.407+0000] {dagbag.py:588} INFO - Filling up the DagBag from /home/airflow/.local/lib/python3.12/site-packages/airflow/example_dags/example_display_name.py
[2026-09-25T16:19:30.428+0000] {processor.py:925} INFO - DAG(s) 'example_display_name' retrieved from /home/airflow/.local/lib/python3.12/site-packages/airflow/example_dags/example_display_name.py
[2026-09-25T16:19:30.497+0000] {logging_mixin.py:190} INFO - [2026-09-25T16:19:30.497+0000] {dag.py:3239} INFO - Sync 1 DAGs
[2026-09-25T16:19:30.708+0000] {logging_mixin.py:190} INFO - [2026-09-25T16:19:30.707+0000] {dag.py:4180} INFO - Setting next_dagrun for example_display_name to None, run_after=None
[2026-09-25T16:19:31.112+0000] {processor.py:208} INFO - Processing /home/airflow/.local/lib/python3.12/site-packages/airflow/example_dags/example_display_name.py took 0.780 seconds
[2026-09-25T16:20:28.262+0000] {processor.py:186} INFO - Started process (PID=298) to work on /home/airflow/.local/lib/python3.12/site-packages/airflow/example_dags/example_display_name.py
[2026-09-25T16:20:28.268+0000] {processor.py:914} INFO - Processing file /home/airflow/.local/lib/python3.12/site-packages/airflow/example_dags/example_display_name.py for tasks to queue
[2026-09-25T16:20:28.304+0000] {logging_mixin.py:190} INFO - [2026-09-25T16:20:28.303+0000] {dagbag.py:588} INFO - Filling up the DagBag from /home/airflow/.local/lib/python3.12/site-packages/airflow/example_dags/example_display_name.py
[2026-09-25T16:20:28.340+0000] {processor.py:925} INFO - DAG(s) 'example_display_name' retrieved from /home/airflow/.local/lib/python3.12/site-packages/airflow/example_dags/example_display_name.py
[2026-09-25T16:20:28.562+0000] {logging_mixin.py:190} INFO - [2026-09-25T16:20:28.562+0000] {dag.py:3239} INFO - Sync 1 DAGs
[2026-09-25T16:20:28.712+0000] {logging_mixin.py:190} INFO - [2026-09-25T16:20:28.711+0000] {dag.py:4180} INFO - Setting next_dagrun for example_display_name to None, run_after=None
[2026-09-25T16:20:28.760+0000] {processor.py:208} INFO - Processing /home/airflow/.local/lib/python3.12/site-packages/airflow/example_dags/example_display_name.py took 0.526 seconds
[2026-09-25T16:21:24.120+0000] {processor.py:186} INFO - Started process (PID=352) to work on /home/airflow/.local/lib/python3.12/site-packages/airflow/example_dags/example_display_name.py
[2026-09-25T16:21:24.134+0000] {processor.py:914} INFO - Processing file /home/airflow/.local/lib/python3.12/site-packages/airflow/example_dags/example_display_name.py for tasks to queue
[2026-09-25T16:21:24.140+0000] {logging_mixin.py:190} INFO - [2026-09-25T16:21:24.140+0000] {dagbag.py:588} INFO - Filling up the DagBag from /home/airflow/.local/lib/python3.12/site-packages/airflow/example_dags/example_display_name.py
[2026-09-25T16:21:24.163+0000] {processor.py:925} INFO - DAG(s) 'example_display_name' retrieved from /home/airflow/.local/lib/python3.12/site-packages/airflow/example_dags/example_display_name.py
[2026-09-25T16:21:24.255+0000] {logging_mixin.py:190} INFO - [2026-09-25T16:21:24.254+0000] {dag.py:3239} INFO - Sync 1 DAGs
[2026-09-25T16:21:24.404+0000] {logging_mixin.py:190} INFO - [2026-09-25T16:21:24.399+0000] {dag.py:4180} INFO - Setting next_dagrun for example_display_name to None, run_after=None
[2026-09-25T16:21:24.608+0000] {processor.py:208} INFO - Processing /home/airflow/.local/lib/python3.12/site-packages/airflow/example_dags/example_display_name.py took 0.517 seconds
[2026-09-25T16:22:29.972+0000] {processor.py:186} INFO - Started process (PID=419) to work on /home/airflow/.local/lib/python3.12/site-packages/airflow/example_dags/example_display_name.py
[2026-09-25T16:22:29.976+0000] {processor.py:914} INFO - Processing file /home/airflow/.local/lib/python3.12/site-packages/airflow/example_dags/example_display_name.py for tasks to queue
[2026-09-25T16:22:29.988+0000] {logging_mixin.py:190} INFO - [2026-09-25T16:22:29.985+0000] {dagbag.py:588} INFO - Filling up the DagBag from /home/airflow/.local/lib/python3.12/site-packages/airflow/example_dags/example_display_name.py
[2026-09-25T16:22:30.140+0000] {processor.py:925} INFO - DAG(s) 'example_display_name' retrieved from /home/airflow/.local/lib/python3.12/site-packages/airflow/example_dags/example_display_name.py
[2026-09-25T16:22:30.346+0000] {logging_mixin.py:190} INFO - [2026-09-25T16:22:30.344+0000] {dag.py:3239} INFO - Sync 1 DAGs
[2026-09-25T16:22:30.611+0000] {logging_mixin.py:190} INFO - [2026-09-25T16:22:30.610+0000] {dag.py:4180} INFO - Setting next_dagrun for example_display_name to None, run_after=None
[2026-09-25T16:22:30.927+0000] {processor.py:208} INFO - Processing /home/airflow/.local/lib/python3.12/site-packages/airflow/example_dags/example_display_name.py took 1.019 seconds
[2026-09-25T16:23:09.382+0000] {processor.py:186} INFO - Started process (PID=488) to work on /home/airflow/.local/lib/python3.12/site-packages/airflow/example_dags/example_display_name.py
[2026-09-25T16:23:09.385+0000] {processor.py:914} INFO - Processing file /home/airflow/.local/lib/python3.12/site-packages/airflow/example_dags/example_display_name.py for tasks to queue
[2026-09-25T16:23:09.390+0000] {logging_mixin.py:190} INFO - [2026-09-25T16:23:09.390+0000] {dagbag.py:588} INFO - Filling up the DagBag from /home/airflow/.local/lib/python3.12/site-packages/airflow/example_dags/example_display_name.py
[2026-09-25T16:23:09.417+0000] {processor.py:925} INFO - DAG(s) 'example_display_name' retrieved from /home/airflow/.local/lib/python3.12/site-packages/airflow/example_dags/example_display_name.py
[2026-09-25T16:23:09.467+0000] {logging_mixin.py:190} INFO - [2026-09-25T16:23:09.467+0000] {dag.py:3239} INFO - Sync 1 DAGs
[2026-09-25T16:23:09.524+0000] {logging_mixin.py:190} INFO - [2026-09-25T16:23:09.524+0000] {dag.py:4180} INFO - Setting next_dagrun for example_display_name to None, run_after=None
[2026-09-25T16:23:09.612+0000] {processor.py:208} INFO - Processing /home/airflow/.local/lib/python3.12/site-packages/airflow/example_dags/example_display_name.py took 0.244 seconds
[2026-09-25T16:23:49.918+0000] {processor.py:186} INFO - Started process (PID=542) to work on /home/airflow/.local/lib/python3.12/site-packages/airflow/example_dags/example_display_name.py
[2026-09-25T16:23:49.922+0000] {processor.py:914} INFO - Processing file /home/airflow/.local/lib/python3.12/site-packages/airflow/example_dags/example_display_name.py for tasks to queue
[2026-09-25T16:23:49.927+0000] {logging_mixin.py:190} INFO - [2026-09-25T16:23:49.926+0000] {dagbag.py:588} INFO - Filling up the DagBag from /home/airflow/.local/lib/python3.12/site-packages/airflow/example_dags/example_display_name.py
[2026-09-25T16:23:49.963+0000] {processor.py:925} INFO - DAG(s) 'example_display_name' retrieved from /home/airflow/.local/lib/python3.12/site-packages/airflow/example_dags/example_display_name.py
[2026-09-25T16:23:50.010+0000] {logging_mixin.py:190} INFO - [2026-09-25T16:23:50.010+0000] {dag.py:3239} INFO - Sync 1 DAGs
[2026-09-25T16:23:50.082+0000] {logging_mixin.py:190} INFO - [2026-09-25T16:23:50.081+0000] {dag.py:4180} INFO - Setting next_dagrun for example_display_name to None, run_after=None
[2026-09-25T16:23:50.137+0000] {processor.py:208} INFO - Processing /home/airflow/.local/lib/python3.12/site-packages/airflow/example_dags/example_display_name.py took 0.242 seconds
[2026-09-25T16:24:20.496+0000] {processor.py:186} INFO - Started process (PID=605) to work on /home/airflow/.local/lib/python3.12/site-packages/airflow/example_dags/example_display_name.py
[2026-09-25T16:24:20.501+0000] {processor.py:914} INFO - Processing file /home/airflow/.local/lib/python3.12/site-packages/airflow/example_dags/example_display_name.py for tasks to queue
[2026-09-25T16:24:20.506+0000] {logging_mixin.py:190} INFO - [2026-09-25T16:24:20.506+0000] {dagbag.py:588} INFO - Filling up the DagBag from /home/airflow/.local/lib/python3.12/site-packages/airflow/example_dags/example_display_name.py
[2026-09-25T16:24:20.527+0000] {processor.py:925} INFO - DAG(s) 'example_display_name' retrieved from /home/airflow/.local/lib/python3.12/site-packages/airflow/example_dags/example_display_name.py
[2026-09-25T16:24:20.566+0000] {logging_mixin.py:190} INFO - [2026-09-25T16:24:20.566+0000] {dag.py:3239} INFO - Sync 1 DAGs
[2026-09-25T16:24:20.602+0000] {logging_mixin.py:190} INFO - [2026-09-25T16:24:20.601+0000] {dag.py:4180} INFO - Setting next_dagrun for example_display_name to None, run_after=None
[2026-09-25T16:24:20.643+0000] {processor.py:208} INFO - Processing /home/airflow/.local/lib/python3.12/site-packages/airflow/example_dags/example_display_name.py took 0.158 seconds
[2026-09-25T16:25:03.025+0000] {processor.py:186} INFO - Started process (PID=664) to work on /home/airflow/.local/lib/python3.12/site-packages/airflow/example_dags/example_display_name.py
[2026-09-25T16:25:03.029+0000] {processor.py:914} INFO - Processing file /home/airflow/.local/lib/python3.12/site-packages/airflow/example_dags/example_display_name.py for tasks to queue
[2026-09-25T16:25:03.041+0000] {logging_mixin.py:190} INFO - [2026-09-25T16:25:03.039+0000] {dagbag.py:588} INFO - Filling up the DagBag from /home/airflow/.local/lib/python3.12/site-packages/airflow/example_dags/example_display_name.py
[2026-09-25T16:25:03.086+0000] {processor.py:925} INFO - DAG(s) 'example_display_name' retrieved from /home/airflow/.local/lib/python3.12/site-packages/airflow/example_dags/example_display_name.py
[2026-09-25T16:25:03.228+0000] {logging_mixin.py:190} INFO - [2026-09-25T16:25:03.225+0000] {dag.py:3239} INFO - Sync 1 DAGs
[2026-09-25T16:25:03.466+0000] {logging_mixin.py:190} INFO - [2026-09-25T16:25:03.465+0000] {dag.py:4180} INFO - Setting next_dagrun for example_display_name to None, run_after=None
[2026-09-25T16:25:03.548+0000] {processor.py:208} INFO - Processing /home/airflow/.local/lib/python3.12/site-packages/airflow/example_dags/example_display_name.py took 0.565 seconds
[2026-09-25T16:25:35.116+0000] {processor.py:186} INFO - Started process (PID=727) to work on /home/airflow/.local/lib/python3.12/site-packages/airflow/example_dags/example_display_name.py
[2026-09-25T16:25:35.129+0000] {processor.py:914} INFO - Processing file /home/airflow/.local/lib/python3.12/site-packages/airflow/example_dags/example_display_name.py for tasks to queue
[2026-09-25T16:25:35.153+0000] {logging_mixin.py:190} INFO - [2026-09-25T16:25:35.152+0000] {dagbag.py:588} INFO - Filling up the DagBag from /home/airflow/.local/lib/python3.12/site-packages/airflow/example_dags/example_display_name.py
[2026-09-25T16:25:35.229+0000] {processor.py:925} INFO - DAG(s) 'example_display_name' retrieved from /home/airflow/.local/lib/python3.12/site-packages/airflow/example_dags/example_display_name.py
[2026-09-25T16:25:35.410+0000] {logging_mixin.py:190} INFO - [2026-09-25T16:25:35.409+0000] {dag.py:3239} INFO - Sync 1 DAGs
[2026-09-25T16:25:35.722+0000] {logging_mixin.py:190} INFO - [2026-09-25T16:25:35.721+0000] {dag.py:4180} INFO - Setting next_dagrun for example_display_name to None, run_after=None
[2026-09-25T16:25:35.957+0000] {processor.py:208} INFO - Processing /home/airflow/.local/lib/python3.12/site-packages/airflow/example_dags/example_display_name.py took 0.862 seconds
[2026-09-25T16:26:10.076+0000] {processor.py:186} INFO - Started process (PID=794) to work on /home/airflow/.local/lib/python3.12/site-packages/airflow/example_dags/example_display_name.py
[2026-09-25T16:26:10.105+0000] {processor.py:914} INFO - Processing file /home/airflow/.local/lib/python3.12/site-packages/airflow/example_dags/example_display_name.py for tasks to queue
[2026-09-25T16:26:10.115+0000] {logging_mixin.py:190} INFO - [2026-09-25T16:26:10.114+0000] {dagbag.py:588} INFO - Filling up the DagBag from /home/airflow/.local/lib/python3.12/site-packages/airflow/example_dags/example_display_name.py
[2026-09-25T16:26:10.185+0000] {processor.py:925} INFO - DAG(s) 'example_display_name' retrieved from /home/airflow/.local/lib/python3.12/site-packages/airflow/example_dags/example_display_name.py
[2026-09-25T16:26:10.359+0000] {logging_mixin.py:190} INFO - [2026-09-25T16:26:10.351+0000] {dag.py:3239} INFO - Sync 1 DAGs
[2026-09-25T16:26:10.507+0000] {logging_mixin.py:190} INFO - [2026-09-25T16:26:10.506+0000] {dag.py:4180} INFO - Setting next_dagrun for example_display_name to None, run_after=None
[2026-09-25T16:26:10.675+0000] {processor.py:208} INFO - Processing /home/airflow/.local/lib/python3.12/site-packages/airflow/example_dags/example_display_name.py took 0.691 seconds
[2026-09-25T16:26:41.425+0000] {processor.py:186} INFO - Started process (PID=858) to work on /home/airflow/.local/lib/python3.12/site-packages/airflow/example_dags/example_display_name.py
[2026-09-25T16:26:41.429+0000] {processor.py:914} INFO - Processing file /home/airflow/.local/lib/python3.12/site-packages/airflow/example_dags/example_display_name.py for tasks to queue
[2026-09-25T16:26:41.525+0000] {logging_mixin.py:190} INFO - [2026-09-25T16:26:41.524+0000] {dagbag.py:588} INFO - Filling up the DagBag from /home/airflow/.local/lib/python3.12/site-packages/airflow/example_dags/example_display_name.py
[2026-09-25T16:26:41.571+0000] {processor.py:925} INFO - DAG(s) 'example_display_name' retrieved from /home/airflow/.local/lib/python3.12/site-packages/airflow/example_dags/example_display_name.py
[2026-09-25T16:26:41.726+0000] {logging_mixin.py:190} INFO - [2026-09-25T16:26:41.726+0000] {dag.py:3239} INFO - Sync 1 DAGs
[2026-09-25T16:26:41.799+0000] {logging_mixin.py:190} INFO - [2026-09-25T16:26:41.798+0000] {dag.py:4180} INFO - Setting next_dagrun for example_display_name to None, run_after=None
[2026-09-25T16:26:41.848+0000] {processor.py:208} INFO - Processing /home/airflow/.local/lib/python3.12/site-packages/airflow/example_dags/example_display_name.py took 0.538 seconds
[2026-09-25T16:27:18.716+0000] {processor.py:186} INFO - Started process (PID=919) to work on /home/airflow/.local/lib/python3.12/site-packages/airflow/example_dags/example_display_name.py
[2026-09-25T16:27:18.720+0000] {processor.py:914} INFO - Processing file /home/airflow/.local/lib/python3.12/site-packages/airflow/example_dags/example_display_name.py for tasks to queue
[2026-09-25T16:27:18.726+0000] {logging_mixin.py:190} INFO - [2026-09-25T16:27:18.725+0000] {dagbag.py:588} INFO - Filling up the DagBag from /home/airflow/.local/lib/python3.12/site-packages/airflow/example_dags/example_display_name.py
[2026-09-25T16:27:18.755+0000] {processor.py:925} INFO - DAG(s) 'example_display_name' retrieved from /home/airflow/.local/lib/python3.12/site-packages/airflow/example_dags/example_display_name.py
[2026-09-25T16:27:18.814+0000] {logging_mixin.py:190} INFO - [2026-09-25T16:27:18.814+0000] {dag.py:3239} INFO - Sync 1 DAGs
[2026-09-25T16:27:18.914+0000] {logging_mixin.py:190} INFO - [2026-09-25T16:27:18.911+0000] {dag.py:4180} INFO - Setting next_dagrun for example_display_name to None, run_after=None
[2026-09-25T16:27:19.156+0000] {processor.py:208} INFO - Processing /home/airflow/.local/lib/python3.12/site-packages/airflow/example_dags/example_display_name.py took 0.462 seconds
[2026-09-25T16:28:09.718+0000] {processor.py:186} INFO - Started process (PID=974) to work on /home/airflow/.local/lib/python3.12/site-packages/airflow/example_dags/example_display_name.py
[2026-09-25T16:28:09.807+0000] {processor.py:914} INFO - Processing file /home/airflow/.local/lib/python3.12/site-packages/airflow/example_dags/example_display_name.py for tasks to queue
[2026-09-25T16:28:09.814+0000] {logging_mixin.py:190} INFO - [2026-09-25T16:28:09.813+0000] {dagbag.py:588} INFO - Filling up the DagBag from /home/airflow/.local/lib/python3.12/site-packages/airflow/example_dags/example_display_name.py
[2026-09-25T16:28:09.979+0000] {processor.py:925} INFO - DAG(s) 'example_display_name' retrieved from /home/airflow/.local/lib/python3.12/site-packages/airflow/example_dags/example_display_name.py
[2026-09-25T16:28:10.264+0000] {logging_mixin.py:190} INFO - [2026-09-25T16:28:10.263+0000] {dag.py:3239} INFO - Sync 1 DAGs
[2026-09-25T16:28:10.514+0000] {logging_mixin.py:190} INFO - [2026-09-25T16:28:10.512+0000] {dag.py:4180} INFO - Setting next_dagrun for example_display_name to None, run_after=None
[2026-09-25T16:28:11.508+0000] {processor.py:208} INFO - Processing /home/airflow/.local/lib/python3.12/site-packages/airflow/example_dags/example_display_name.py took 1.885 seconds
[2026-09-25T16:29:01.273+0000] {processor.py:186} INFO - Started process (PID=1047) to work on /home/airflow/.local/lib/python3.12/site-packages/airflow/example_dags/example_display_name.py
[2026-09-25T16:29:01.277+0000] {processor.py:914} INFO - Processing file /home/airflow/.local/lib/python3.12/site-packages/airflow/example_dags/example_display_name.py for tasks to queue
[2026-09-25T16:29:01.310+0000] {logging_mixin.py:190} INFO - [2026-09-25T16:29:01.309+0000] {dagbag.py:588} INFO - Filling up the DagBag from /home/airflow/.local/lib/python3.12/site-packages/airflow/example_dags/example_display_name.py
[2026-09-25T16:29:01.415+0000] {processor.py:925} INFO - DAG(s) 'example_display_name' retrieved from /home/airflow/.local/lib/python3.12/site-packages/airflow/example_dags/example_display_name.py
[2026-09-25T16:29:01.539+0000] {logging_mixin.py:190} INFO - [2026-09-25T16:29:01.538+0000] {dag.py:3239} INFO - Sync 1 DAGs
[2026-09-25T16:29:01.650+0000] {logging_mixin.py:190} INFO - [2026-09-25T16:29:01.650+0000] {dag.py:4180} INFO - Setting next_dagrun for example_display_name to None, run_after=None
[2026-09-25T16:29:01.775+0000] {processor.py:208} INFO - Processing /home/airflow/.local/lib/python3.12/site-packages/airflow/example_dags/example_display_name.py took 0.605 seconds
[2026-09-25T16:43:23.240+0000] {processor.py:186} INFO - Started process (PID=73) to work on /home/airflow/.local/lib/python3.12/site-packages/airflow/example_dags/example_display_name.py
[2026-09-25T16:43:23.270+0000] {processor.py:914} INFO - Processing file /home/airflow/.local/lib/python3.12/site-packages/airflow/example_dags/example_display_name.py for tasks to queue
[2026-09-25T16:43:23.341+0000] {logging_mixin.py:190} INFO - [2026-09-25T16:43:23.340+0000] {dagbag.py:588} INFO - Filling up the DagBag from /home/airflow/.local/lib/python3.12/site-packages/airflow/example_dags/example_display_name.py
[2026-09-25T16:43:23.445+0000] {processor.py:925} INFO - DAG(s) 'example_display_name' retrieved from /home/airflow/.local/lib/python3.12/site-packages/airflow/example_dags/example_display_name.py
[2026-09-25T16:43:23.903+0000] {logging_mixin.py:190} INFO - [2026-09-25T16:43:23.902+0000] {dag.py:3239} INFO - Sync 1 DAGs
[2026-09-25T16:43:24.555+0000] {logging_mixin.py:190} INFO - [2026-09-25T16:43:24.554+0000] {dag.py:4180} INFO - Setting next_dagrun for example_display_name to None, run_after=None
[2026-09-25T16:43:24.879+0000] {processor.py:208} INFO - Processing /home/airflow/.local/lib/python3.12/site-packages/airflow/example_dags/example_display_name.py took 1.908 seconds
[2026-09-25T16:44:05.588+0000] {processor.py:186} INFO - Started process (PID=141) to work on /home/airflow/.local/lib/python3.12/site-packages/airflow/example_dags/example_display_name.py
[2026-09-25T16:44:05.593+0000] {processor.py:914} INFO - Processing file /home/airflow/.local/lib/python3.12/site-packages/airflow/example_dags/example_display_name.py for tasks to queue
[2026-09-25T16:44:05.606+0000] {logging_mixin.py:190} INFO - [2026-09-25T16:44:05.605+0000] {dagbag.py:588} INFO - Filling up the DagBag from /home/airflow/.local/lib/python3.12/site-packages/airflow/example_dags/example_display_name.py
[2026-09-25T16:44:05.625+0000] {processor.py:925} INFO - DAG(s) 'example_display_name' retrieved from /home/airflow/.local/lib/python3.12/site-packages/airflow/example_dags/example_display_name.py
[2026-09-25T16:44:05.689+0000] {logging_mixin.py:190} INFO - [2026-09-25T16:44:05.688+0000] {dag.py:3239} INFO - Sync 1 DAGs
[2026-09-25T16:44:05.775+0000] {logging_mixin.py:190} INFO - [2026-09-25T16:44:05.774+0000] {dag.py:4180} INFO - Setting next_dagrun for example_display_name to None, run_after=None
[2026-09-25T16:44:05.892+0000] {processor.py:208} INFO - Processing /home/airflow/.local/lib/python3.12/site-packages/airflow/example_dags/example_display_name.py took 0.318 seconds
[2026-09-25T16:44:36.056+0000] {processor.py:186} INFO - Started process (PID=203) to work on /home/airflow/.local/lib/python3.12/site-packages/airflow/example_dags/example_display_name.py
[2026-09-25T16:44:36.059+0000] {processor.py:914} INFO - Processing file /home/airflow/.local/lib/python3.12/site-packages/airflow/example_dags/example_display_name.py for tasks to queue
[2026-09-25T16:44:36.066+0000] {logging_mixin.py:190} INFO - [2026-09-25T16:44:36.066+0000] {dagbag.py:588} INFO - Filling up the DagBag from /home/airflow/.local/lib/python3.12/site-packages/airflow/example_dags/example_display_name.py
[2026-09-25T16:44:36.091+0000] {processor.py:925} INFO - DAG(s) 'example_display_name' retrieved from /home/airflow/.local/lib/python3.12/site-packages/airflow/example_dags/example_display_name.py
[2026-09-25T16:44:36.149+0000] {logging_mixin.py:190} INFO - [2026-09-25T16:44:36.149+0000] {dag.py:3239} INFO - Sync 1 DAGs
[2026-09-25T16:44:36.191+0000] {logging_mixin.py:190} INFO - [2026-09-25T16:44:36.190+0000] {dag.py:4180} INFO - Setting next_dagrun for example_display_name to None, run_after=None
[2026-09-25T16:44:36.239+0000] {processor.py:208} INFO - Processing /home/airflow/.local/lib/python3.12/site-packages/airflow/example_dags/example_display_name.py took 0.204 seconds
[2026-09-25T16:45:15.353+0000] {processor.py:186} INFO - Started process (PID=267) to work on /home/airflow/.local/lib/python3.12/site-packages/airflow/example_dags/example_display_name.py
[2026-09-25T16:45:15.356+0000] {processor.py:914} INFO - Processing file /home/airflow/.local/lib/python3.12/site-packages/airflow/example_dags/example_display_name.py for tasks to queue
[2026-09-25T16:45:15.362+0000] {logging_mixin.py:190} INFO - [2026-09-25T16:45:15.362+0000] {dagbag.py:588} INFO - Filling up the DagBag from /home/airflow/.local/lib/python3.12/site-packages/airflow/example_dags/example_display_name.py
[2026-09-25T16:45:15.377+0000] {processor.py:925} INFO - DAG(s) 'example_display_name' retrieved from /home/airflow/.local/lib/python3.12/site-packages/airflow/example_dags/example_display_name.py
[2026-09-25T16:45:15.421+0000] {logging_mixin.py:190} INFO - [2026-09-25T16:45:15.421+0000] {dag.py:3239} INFO - Sync 1 DAGs
[2026-09-25T16:45:15.453+0000] {logging_mixin.py:190} INFO - [2026-09-25T16:45:15.452+0000] {dag.py:4180} INFO - Setting next_dagrun for example_display_name to None, run_after=None
[2026-09-25T16:45:15.498+0000] {processor.py:208} INFO - Processing /home/airflow/.local/lib/python3.12/site-packages/airflow/example_dags/example_display_name.py took 0.157 seconds
[2026-09-25T16:45:48.380+0000] {processor.py:186} INFO - Started process (PID=322) to work on /home/airflow/.local/lib/python3.12/site-packages/airflow/example_dags/example_display_name.py
[2026-09-25T16:45:48.382+0000] {processor.py:914} INFO - Processing file /home/airflow/.local/lib/python3.12/site-packages/airflow/example_dags/example_display_name.py for tasks to queue
[2026-09-25T16:45:48.388+0000] {logging_mixin.py:190} INFO - [2026-09-25T16:45:48.387+0000] {dagbag.py:588} INFO - Filling up the DagBag from /home/airflow/.local/lib/python3.12/site-packages/airflow/example_dags/example_display_name.py
[2026-09-25T16:45:48.409+0000] {processor.py:925} INFO - DAG(s) 'example_display_name' retrieved from /home/airflow/.local/lib/python3.12/site-packages/airflow/example_dags/example_display_name.py
[2026-09-25T16:45:48.458+0000] {logging_mixin.py:190} INFO - [2026-09-25T16:45:48.457+0000] {dag.py:3239} INFO - Sync 1 DAGs
[2026-09-25T16:45:48.501+0000] {logging_mixin.py:190} INFO - [2026-09-25T16:45:48.500+0000] {dag.py:4180} INFO - Setting next_dagrun for example_display_name to None, run_after=None
[2026-09-25T16:45:48.552+0000] {processor.py:208} INFO - Processing /home/airflow/.local/lib/python3.12/site-packages/airflow/example_dags/example_display_name.py took 0.186 seconds
[2026-09-25T16:46:21.384+0000] {processor.py:186} INFO - Started process (PID=384) to work on /home/airflow/.local/lib/python3.12/site-packages/airflow/example_dags/example_display_name.py
[2026-09-25T16:46:21.390+0000] {processor.py:914} INFO - Processing file /home/airflow/.local/lib/python3.12/site-packages/airflow/example_dags/example_display_name.py for tasks to queue
[2026-09-25T16:46:21.398+0000] {logging_mixin.py:190} INFO - [2026-09-25T16:46:21.397+0000] {dagbag.py:588} INFO - Filling up the DagBag from /home/airflow/.local/lib/python3.12/site-packages/airflow/example_dags/example_display_name.py
[2026-09-25T16:46:21.420+0000] {processor.py:925} INFO - DAG(s) 'example_display_name' retrieved from /home/airflow/.local/lib/python3.12/site-packages/airflow/example_dags/example_display_name.py
[2026-09-25T16:46:21.505+0000] {logging_mixin.py:190} INFO - [2026-09-25T16:46:21.504+0000] {dag.py:3239} INFO - Sync 1 DAGs
[2026-09-25T16:46:21.581+0000] {logging_mixin.py:190} INFO - [2026-09-25T16:46:21.581+0000] {dag.py:4180} INFO - Setting next_dagrun for example_display_name to None, run_after=None
[2026-09-25T16:46:21.633+0000] {processor.py:208} INFO - Processing /home/airflow/.local/lib/python3.12/site-packages/airflow/example_dags/example_display_name.py took 0.267 seconds
[2026-09-25T16:46:52.938+0000] {processor.py:186} INFO - Started process (PID=447) to work on /home/airflow/.local/lib/python3.12/site-packages/airflow/example_dags/example_display_name.py
[2026-09-25T16:46:52.942+0000] {processor.py:914} INFO - Processing file /home/airflow/.local/lib/python3.12/site-packages/airflow/example_dags/example_display_name.py for tasks to queue
[2026-09-25T16:46:52.949+0000] {logging_mixin.py:190} INFO - [2026-09-25T16:46:52.948+0000] {dagbag.py:588} INFO - Filling up the DagBag from /home/airflow/.local/lib/python3.12/site-packages/airflow/example_dags/example_display_name.py
[2026-09-25T16:46:52.970+0000] {processor.py:925} INFO - DAG(s) 'example_display_name' retrieved from /home/airflow/.local/lib/python3.12/site-packages/airflow/example_dags/example_display_name.py
[2026-09-25T16:46:53.050+0000] {logging_mixin.py:190} INFO - [2026-09-25T16:46:53.049+0000] {dag.py:3239} INFO - Sync 1 DAGs
[2026-09-25T16:46:53.098+0000] {logging_mixin.py:190} INFO - [2026-09-25T16:46:53.097+0000] {dag.py:4180} INFO - Setting next_dagrun for example_display_name to None, run_after=None
[2026-09-25T16:46:53.169+0000] {processor.py:208} INFO - Processing /home/airflow/.local/lib/python3.12/site-packages/airflow/example_dags/example_display_name.py took 0.247 seconds
[2026-09-25T16:47:29.077+0000] {processor.py:186} INFO - Started process (PID=509) to work on /home/airflow/.local/lib/python3.12/site-packages/airflow/example_dags/example_display_name.py
[2026-09-25T16:47:29.082+0000] {processor.py:914} INFO - Processing file /home/airflow/.local/lib/python3.12/site-packages/airflow/example_dags/example_display_name.py for tasks to queue
[2026-09-25T16:47:29.094+0000] {logging_mixin.py:190} INFO - [2026-09-25T16:47:29.093+0000] {dagbag.py:588} INFO - Filling up the DagBag from /home/airflow/.local/lib/python3.12/site-packages/airflow/example_dags/example_display_name.py
[2026-09-25T16:47:29.161+0000] {processor.py:925} INFO - DAG(s) 'example_display_name' retrieved from /home/airflow/.local/lib/python3.12/site-packages/airflow/example_dags/example_display_name.py
[2026-09-25T16:47:29.539+0000] {logging_mixin.py:190} INFO - [2026-09-25T16:47:29.538+0000] {dag.py:3239} INFO - Sync 1 DAGs
[2026-09-25T16:47:29.642+0000] {logging_mixin.py:190} INFO - [2026-09-25T16:47:29.641+0000] {dag.py:4180} INFO - Setting next_dagrun for example_display_name to None, run_after=None
[2026-09-25T16:47:29.772+0000] {processor.py:208} INFO - Processing /home/airflow/.local/lib/python3.12/site-packages/airflow/example_dags/example_display_name.py took 0.739 seconds
[2026-09-25T16:48:11.883+0000] {processor.py:186} INFO - Started process (PID=575) to work on /home/airflow/.local/lib/python3.12/site-packages/airflow/example_dags/example_display_name.py
[2026-09-25T16:48:11.886+0000] {processor.py:914} INFO - Processing file /home/airflow/.local/lib/python3.12/site-packages/airflow/example_dags/example_display_name.py for tasks to queue
[2026-09-25T16:48:11.891+0000] {logging_mixin.py:190} INFO - [2026-09-25T16:48:11.890+0000] {dagbag.py:588} INFO - Filling up the DagBag from /home/airflow/.local/lib/python3.12/site-packages/airflow/example_dags/example_display_name.py
[2026-09-25T16:48:11.908+0000] {processor.py:925} INFO - DAG(s) 'example_display_name' retrieved from /home/airflow/.local/lib/python3.12/site-packages/airflow/example_dags/example_display_name.py
[2026-09-25T16:48:11.952+0000] {logging_mixin.py:190} INFO - [2026-09-25T16:48:11.951+0000] {dag.py:3239} INFO - Sync 1 DAGs
[2026-09-25T16:48:12.006+0000] {logging_mixin.py:190} INFO - [2026-09-25T16:48:12.005+0000] {dag.py:4180} INFO - Setting next_dagrun for example_display_name to None, run_after=None
[2026-09-25T16:48:12.073+0000] {processor.py:208} INFO - Processing /home/airflow/.local/lib/python3.12/site-packages/airflow/example_dags/example_display_name.py took 0.202 seconds
[2026-09-25T16:48:43.551+0000] {processor.py:186} INFO - Started process (PID=638) to work on /home/airflow/.local/lib/python3.12/site-packages/airflow/example_dags/example_display_name.py
[2026-09-25T16:48:43.554+0000] {processor.py:914} INFO - Processing file /home/airflow/.local/lib/python3.12/site-packages/airflow/example_dags/example_display_name.py for tasks to queue
[2026-09-25T16:48:43.559+0000] {logging_mixin.py:190} INFO - [2026-09-25T16:48:43.558+0000] {dagbag.py:588} INFO - Filling up the DagBag from /home/airflow/.local/lib/python3.12/site-packages/airflow/example_dags/example_display_name.py
[2026-09-25T16:48:43.574+0000] {processor.py:925} INFO - DAG(s) 'example_display_name' retrieved from /home/airflow/.local/lib/python3.12/site-packages/airflow/example_dags/example_display_name.py
[2026-09-25T16:48:43.799+0000] {logging_mixin.py:190} INFO - [2026-09-25T16:48:43.799+0000] {dag.py:3239} INFO - Sync 1 DAGs
[2026-09-25T16:48:43.966+0000] {logging_mixin.py:190} INFO - [2026-09-25T16:48:43.965+0000] {dag.py:4180} INFO - Setting next_dagrun for example_display_name to None, run_after=None
[2026-09-25T16:48:44.037+0000] {processor.py:208} INFO - Processing /home/airflow/.local/lib/python3.12/site-packages/airflow/example_dags/example_display_name.py took 0.498 seconds
[2026-09-25T16:49:15.169+0000] {processor.py:186} INFO - Started process (PID=701) to work on /home/airflow/.local/lib/python3.12/site-packages/airflow/example_dags/example_display_name.py
[2026-09-25T16:49:15.172+0000] {processor.py:914} INFO - Processing file /home/airflow/.local/lib/python3.12/site-packages/airflow/example_dags/example_display_name.py for tasks to queue
[2026-09-25T16:49:15.177+0000] {logging_mixin.py:190} INFO - [2026-09-25T16:49:15.176+0000] {dagbag.py:588} INFO - Filling up the DagBag from /home/airflow/.local/lib/python3.12/site-packages/airflow/example_dags/example_display_name.py
[2026-09-25T16:49:15.200+0000] {processor.py:925} INFO - DAG(s) 'example_display_name' retrieved from /home/airflow/.local/lib/python3.12/site-packages/airflow/example_dags/example_display_name.py
[2026-09-25T16:49:15.263+0000] {logging_mixin.py:190} INFO - [2026-09-25T16:49:15.262+0000] {dag.py:3239} INFO - Sync 1 DAGs
[2026-09-25T16:49:15.311+0000] {logging_mixin.py:190} INFO - [2026-09-25T16:49:15.310+0000] {dag.py:4180} INFO - Setting next_dagrun for example_display_name to None, run_after=None
[2026-09-25T16:49:15.370+0000] {processor.py:208} INFO - Processing /home/airflow/.local/lib/python3.12/site-packages/airflow/example_dags/example_display_name.py took 0.220 seconds
[2026-09-25T16:56:17.462+0000] {processor.py:186} INFO - Started process (PID=79) to work on /home/airflow/.local/lib/python3.12/site-packages/airflow/example_dags/example_display_name.py
[2026-09-25T16:56:17.467+0000] {processor.py:914} INFO - Processing file /home/airflow/.local/lib/python3.12/site-packages/airflow/example_dags/example_display_name.py for tasks to queue
[2026-09-25T16:56:17.975+0000] {logging_mixin.py:190} INFO - [2026-09-25T16:56:17.962+0000] {dagbag.py:588} INFO - Filling up the DagBag from /home/airflow/.local/lib/python3.12/site-packages/airflow/example_dags/example_display_name.py
[2026-09-25T16:56:19.005+0000] {processor.py:925} INFO - DAG(s) 'example_display_name' retrieved from /home/airflow/.local/lib/python3.12/site-packages/airflow/example_dags/example_display_name.py
[2026-09-25T16:56:19.989+0000] {logging_mixin.py:190} INFO - [2026-09-25T16:56:19.989+0000] {dag.py:3239} INFO - Sync 1 DAGs
[2026-09-25T16:56:20.930+0000] {logging_mixin.py:190} INFO - [2026-09-25T16:56:20.930+0000] {dag.py:4180} INFO - Setting next_dagrun for example_display_name to None, run_after=None
[2026-09-25T16:56:21.739+0000] {processor.py:208} INFO - Processing /home/airflow/.local/lib/python3.12/site-packages/airflow/example_dags/example_display_name.py took 4.450 seconds
[2026-09-25T16:58:30.292+0000] {processor.py:186} INFO - Started process (PID=164) to work on /home/airflow/.local/lib/python3.12/site-packages/airflow/example_dags/example_display_name.py
[2026-09-25T16:58:30.294+0000] {processor.py:914} INFO - Processing file /home/airflow/.local/lib/python3.12/site-packages/airflow/example_dags/example_display_name.py for tasks to queue
[2026-09-25T16:58:30.306+0000] {logging_mixin.py:190} INFO - [2026-09-25T16:58:30.303+0000] {dagbag.py:588} INFO - Filling up the DagBag from /home/airflow/.local/lib/python3.12/site-packages/airflow/example_dags/example_display_name.py
[2026-09-25T16:58:30.340+0000] {processor.py:925} INFO - DAG(s) 'example_display_name' retrieved from /home/airflow/.local/lib/python3.12/site-packages/airflow/example_dags/example_display_name.py
[2026-09-25T16:58:30.409+0000] {logging_mixin.py:190} INFO - [2026-09-25T16:58:30.409+0000] {dag.py:3239} INFO - Sync 1 DAGs
[2026-09-25T16:58:30.451+0000] {logging_mixin.py:190} INFO - [2026-09-25T16:58:30.447+0000] {dag.py:4180} INFO - Setting next_dagrun for example_display_name to None, run_after=None
[2026-09-25T16:58:30.523+0000] {processor.py:208} INFO - Processing /home/airflow/.local/lib/python3.12/site-packages/airflow/example_dags/example_display_name.py took 0.247 seconds
[2026-09-25T16:59:01.203+0000] {processor.py:186} INFO - Started process (PID=227) to work on /home/airflow/.local/lib/python3.12/site-packages/airflow/example_dags/example_display_name.py
[2026-09-25T16:59:01.206+0000] {processor.py:914} INFO - Processing file /home/airflow/.local/lib/python3.12/site-packages/airflow/example_dags/example_display_name.py for tasks to queue
[2026-09-25T16:59:01.211+0000] {logging_mixin.py:190} INFO - [2026-09-25T16:59:01.211+0000] {dagbag.py:588} INFO - Filling up the DagBag from /home/airflow/.local/lib/python3.12/site-packages/airflow/example_dags/example_display_name.py
[2026-09-25T16:59:01.230+0000] {processor.py:925} INFO - DAG(s) 'example_display_name' retrieved from /home/airflow/.local/lib/python3.12/site-packages/airflow/example_dags/example_display_name.py
[2026-09-25T16:59:01.276+0000] {logging_mixin.py:190} INFO - [2026-09-25T16:59:01.276+0000] {dag.py:3239} INFO - Sync 1 DAGs
[2026-09-25T16:59:01.317+0000] {logging_mixin.py:190} INFO - [2026-09-25T16:59:01.316+0000] {dag.py:4180} INFO - Setting next_dagrun for example_display_name to None, run_after=None
[2026-09-25T16:59:01.363+0000] {processor.py:208} INFO - Processing /home/airflow/.local/lib/python3.12/site-packages/airflow/example_dags/example_display_name.py took 0.174 seconds
[2026-09-25T16:59:47.174+0000] {processor.py:186} INFO - Started process (PID=290) to work on /home/airflow/.local/lib/python3.12/site-packages/airflow/example_dags/example_display_name.py
[2026-09-25T16:59:47.211+0000] {processor.py:914} INFO - Processing file /home/airflow/.local/lib/python3.12/site-packages/airflow/example_dags/example_display_name.py for tasks to queue
[2026-09-25T16:59:47.230+0000] {logging_mixin.py:190} INFO - [2026-09-25T16:59:47.228+0000] {dagbag.py:588} INFO - Filling up the DagBag from /home/airflow/.local/lib/python3.12/site-packages/airflow/example_dags/example_display_name.py
[2026-09-25T16:59:47.256+0000] {processor.py:925} INFO - DAG(s) 'example_display_name' retrieved from /home/airflow/.local/lib/python3.12/site-packages/airflow/example_dags/example_display_name.py
[2026-09-25T16:59:47.353+0000] {logging_mixin.py:190} INFO - [2026-09-25T16:59:47.353+0000] {dag.py:3239} INFO - Sync 1 DAGs
[2026-09-25T16:59:47.460+0000] {logging_mixin.py:190} INFO - [2026-09-25T16:59:47.459+0000] {dag.py:4180} INFO - Setting next_dagrun for example_display_name to None, run_after=None
[2026-09-25T16:59:47.699+0000] {processor.py:208} INFO - Processing /home/airflow/.local/lib/python3.12/site-packages/airflow/example_dags/example_display_name.py took 0.622 seconds
[2026-09-25T17:00:19.085+0000] {processor.py:186} INFO - Started process (PID=353) to work on /home/airflow/.local/lib/python3.12/site-packages/airflow/example_dags/example_display_name.py
[2026-09-25T17:00:19.100+0000] {processor.py:914} INFO - Processing file /home/airflow/.local/lib/python3.12/site-packages/airflow/example_dags/example_display_name.py for tasks to queue
[2026-09-25T17:00:19.178+0000] {logging_mixin.py:190} INFO - [2026-09-25T17:00:19.142+0000] {dagbag.py:588} INFO - Filling up the DagBag from /home/airflow/.local/lib/python3.12/site-packages/airflow/example_dags/example_display_name.py
[2026-09-25T17:00:19.368+0000] {processor.py:925} INFO - DAG(s) 'example_display_name' retrieved from /home/airflow/.local/lib/python3.12/site-packages/airflow/example_dags/example_display_name.py
[2026-09-25T17:00:19.767+0000] {logging_mixin.py:190} INFO - [2026-09-25T17:00:19.765+0000] {dag.py:3239} INFO - Sync 1 DAGs
[2026-09-25T17:00:19.968+0000] {logging_mixin.py:190} INFO - [2026-09-25T17:00:19.966+0000] {dag.py:4180} INFO - Setting next_dagrun for example_display_name to None, run_after=None
[2026-09-25T17:00:20.049+0000] {processor.py:208} INFO - Processing /home/airflow/.local/lib/python3.12/site-packages/airflow/example_dags/example_display_name.py took 1.076 seconds
[2026-09-25T17:00:53.274+0000] {processor.py:186} INFO - Started process (PID=416) to work on /home/airflow/.local/lib/python3.12/site-packages/airflow/example_dags/example_display_name.py
[2026-09-25T17:00:53.303+0000] {processor.py:914} INFO - Processing file /home/airflow/.local/lib/python3.12/site-packages/airflow/example_dags/example_display_name.py for tasks to queue
[2026-09-25T17:00:53.364+0000] {logging_mixin.py:190} INFO - [2026-09-25T17:00:53.351+0000] {dagbag.py:588} INFO - Filling up the DagBag from /home/airflow/.local/lib/python3.12/site-packages/airflow/example_dags/example_display_name.py
[2026-09-25T17:00:53.480+0000] {processor.py:925} INFO - DAG(s) 'example_display_name' retrieved from /home/airflow/.local/lib/python3.12/site-packages/airflow/example_dags/example_display_name.py
[2026-09-25T17:00:53.662+0000] {logging_mixin.py:190} INFO - [2026-09-25T17:00:53.662+0000] {dag.py:3239} INFO - Sync 1 DAGs
[2026-09-25T17:00:53.704+0000] {logging_mixin.py:190} INFO - [2026-09-25T17:00:53.703+0000] {dag.py:4180} INFO - Setting next_dagrun for example_display_name to None, run_after=None
[2026-09-25T17:00:53.755+0000] {processor.py:208} INFO - Processing /home/airflow/.local/lib/python3.12/site-packages/airflow/example_dags/example_display_name.py took 0.601 seconds
[2026-09-25T17:01:25.396+0000] {processor.py:186} INFO - Started process (PID=478) to work on /home/airflow/.local/lib/python3.12/site-packages/airflow/example_dags/example_display_name.py
[2026-09-25T17:01:25.399+0000] {processor.py:914} INFO - Processing file /home/airflow/.local/lib/python3.12/site-packages/airflow/example_dags/example_display_name.py for tasks to queue
[2026-09-25T17:01:25.407+0000] {logging_mixin.py:190} INFO - [2026-09-25T17:01:25.406+0000] {dagbag.py:588} INFO - Filling up the DagBag from /home/airflow/.local/lib/python3.12/site-packages/airflow/example_dags/example_display_name.py
[2026-09-25T17:01:25.426+0000] {processor.py:925} INFO - DAG(s) 'example_display_name' retrieved from /home/airflow/.local/lib/python3.12/site-packages/airflow/example_dags/example_display_name.py
[2026-09-25T17:01:25.483+0000] {logging_mixin.py:190} INFO - [2026-09-25T17:01:25.482+0000] {dag.py:3239} INFO - Sync 1 DAGs
[2026-09-25T17:01:25.524+0000] {logging_mixin.py:190} INFO - [2026-09-25T17:01:25.524+0000] {dag.py:4180} INFO - Setting next_dagrun for example_display_name to None, run_after=None
[2026-09-25T17:01:25.565+0000] {processor.py:208} INFO - Processing /home/airflow/.local/lib/python3.12/site-packages/airflow/example_dags/example_display_name.py took 0.186 seconds
[2026-09-25T17:01:56.276+0000] {processor.py:186} INFO - Started process (PID=540) to work on /home/airflow/.local/lib/python3.12/site-packages/airflow/example_dags/example_display_name.py
[2026-09-25T17:01:56.280+0000] {processor.py:914} INFO - Processing file /home/airflow/.local/lib/python3.12/site-packages/airflow/example_dags/example_display_name.py for tasks to queue
[2026-09-25T17:01:56.307+0000] {logging_mixin.py:190} INFO - [2026-09-25T17:01:56.306+0000] {dagbag.py:588} INFO - Filling up the DagBag from /home/airflow/.local/lib/python3.12/site-packages/airflow/example_dags/example_display_name.py
[2026-09-25T17:01:56.372+0000] {processor.py:925} INFO - DAG(s) 'example_display_name' retrieved from /home/airflow/.local/lib/python3.12/site-packages/airflow/example_dags/example_display_name.py
[2026-09-25T17:01:56.527+0000] {logging_mixin.py:190} INFO - [2026-09-25T17:01:56.525+0000] {dag.py:3239} INFO - Sync 1 DAGs
[2026-09-25T17:01:56.596+0000] {logging_mixin.py:190} INFO - [2026-09-25T17:01:56.595+0000] {dag.py:4180} INFO - Setting next_dagrun for example_display_name to None, run_after=None
[2026-09-25T17:01:56.666+0000] {processor.py:208} INFO - Processing /home/airflow/.local/lib/python3.12/site-packages/airflow/example_dags/example_display_name.py took 0.421 seconds
[2026-09-25T17:02:36.590+0000] {processor.py:186} INFO - Started process (PID=611) to work on /home/airflow/.local/lib/python3.12/site-packages/airflow/example_dags/example_display_name.py
[2026-09-25T17:02:36.601+0000] {processor.py:914} INFO - Processing file /home/airflow/.local/lib/python3.12/site-packages/airflow/example_dags/example_display_name.py for tasks to queue
[2026-09-25T17:02:36.605+0000] {logging_mixin.py:190} INFO - [2026-09-25T17:02:36.605+0000] {dagbag.py:588} INFO - Filling up the DagBag from /home/airflow/.local/lib/python3.12/site-packages/airflow/example_dags/example_display_name.py
[2026-09-25T17:02:36.620+0000] {processor.py:925} INFO - DAG(s) 'example_display_name' retrieved from /home/airflow/.local/lib/python3.12/site-packages/airflow/example_dags/example_display_name.py
[2026-09-25T17:02:36.675+0000] {logging_mixin.py:190} INFO - [2026-09-25T17:02:36.675+0000] {dag.py:3239} INFO - Sync 1 DAGs
[2026-09-25T17:02:36.706+0000] {logging_mixin.py:190} INFO - [2026-09-25T17:02:36.705+0000] {dag.py:4180} INFO - Setting next_dagrun for example_display_name to None, run_after=None
[2026-09-25T17:02:36.751+0000] {processor.py:208} INFO - Processing /home/airflow/.local/lib/python3.12/site-packages/airflow/example_dags/example_display_name.py took 0.186 seconds
[2026-09-25T17:03:06.973+0000] {processor.py:186} INFO - Started process (PID=673) to work on /home/airflow/.local/lib/python3.12/site-packages/airflow/example_dags/example_display_name.py
[2026-09-25T17:03:06.975+0000] {processor.py:914} INFO - Processing file /home/airflow/.local/lib/python3.12/site-packages/airflow/example_dags/example_display_name.py for tasks to queue
[2026-09-25T17:03:06.980+0000] {logging_mixin.py:190} INFO - [2026-09-25T17:03:06.979+0000] {dagbag.py:588} INFO - Filling up the DagBag from /home/airflow/.local/lib/python3.12/site-packages/airflow/example_dags/example_display_name.py
[2026-09-25T17:03:06.993+0000] {processor.py:925} INFO - DAG(s) 'example_display_name' retrieved from /home/airflow/.local/lib/python3.12/site-packages/airflow/example_dags/example_display_name.py
[2026-09-25T17:03:07.037+0000] {logging_mixin.py:190} INFO - [2026-09-25T17:03:07.037+0000] {dag.py:3239} INFO - Sync 1 DAGs
[2026-09-25T17:03:07.063+0000] {logging_mixin.py:190} INFO - [2026-09-25T17:03:07.063+0000] {dag.py:4180} INFO - Setting next_dagrun for example_display_name to None, run_after=None
[2026-09-25T17:03:07.101+0000] {processor.py:208} INFO - Processing /home/airflow/.local/lib/python3.12/site-packages/airflow/example_dags/example_display_name.py took 0.139 seconds
[2026-09-25T17:03:38.393+0000] {processor.py:186} INFO - Started process (PID=736) to work on /home/airflow/.local/lib/python3.12/site-packages/airflow/example_dags/example_display_name.py
[2026-09-25T17:03:38.396+0000] {processor.py:914} INFO - Processing file /home/airflow/.local/lib/python3.12/site-packages/airflow/example_dags/example_display_name.py for tasks to queue
[2026-09-25T17:03:38.404+0000] {logging_mixin.py:190} INFO - [2026-09-25T17:03:38.403+0000] {dagbag.py:588} INFO - Filling up the DagBag from /home/airflow/.local/lib/python3.12/site-packages/airflow/example_dags/example_display_name.py
[2026-09-25T17:03:38.435+0000] {processor.py:925} INFO - DAG(s) 'example_display_name' retrieved from /home/airflow/.local/lib/python3.12/site-packages/airflow/example_dags/example_display_name.py
[2026-09-25T17:03:38.480+0000] {logging_mixin.py:190} INFO - [2026-09-25T17:03:38.479+0000] {dag.py:3239} INFO - Sync 1 DAGs
[2026-09-25T17:03:38.516+0000] {logging_mixin.py:190} INFO - [2026-09-25T17:03:38.515+0000] {dag.py:4180} INFO - Setting next_dagrun for example_display_name to None, run_after=None
[2026-09-25T17:03:38.553+0000] {processor.py:208} INFO - Processing /home/airflow/.local/lib/python3.12/site-packages/airflow/example_dags/example_display_name.py took 0.172 seconds
[2026-09-25T17:04:12.399+0000] {processor.py:186} INFO - Started process (PID=800) to work on /home/airflow/.local/lib/python3.12/site-packages/airflow/example_dags/example_display_name.py
[2026-09-25T17:04:12.402+0000] {processor.py:914} INFO - Processing file /home/airflow/.local/lib/python3.12/site-packages/airflow/example_dags/example_display_name.py for tasks to queue
[2026-09-25T17:04:12.406+0000] {logging_mixin.py:190} INFO - [2026-09-25T17:04:12.406+0000] {dagbag.py:588} INFO - Filling up the DagBag from /home/airflow/.local/lib/python3.12/site-packages/airflow/example_dags/example_display_name.py
[2026-09-25T17:04:12.421+0000] {processor.py:925} INFO - DAG(s) 'example_display_name' retrieved from /home/airflow/.local/lib/python3.12/site-packages/airflow/example_dags/example_display_name.py
[2026-09-25T17:04:12.458+0000] {logging_mixin.py:190} INFO - [2026-09-25T17:04:12.458+0000] {dag.py:3239} INFO - Sync 1 DAGs
[2026-09-25T17:04:12.486+0000] {logging_mixin.py:190} INFO - [2026-09-25T17:04:12.486+0000] {dag.py:4180} INFO - Setting next_dagrun for example_display_name to None, run_after=None
[2026-09-25T17:04:12.523+0000] {processor.py:208} INFO - Processing /home/airflow/.local/lib/python3.12/site-packages/airflow/example_dags/example_display_name.py took 0.134 seconds
[2026-09-25T17:04:54.382+0000] {processor.py:186} INFO - Started process (PID=861) to work on /home/airflow/.local/lib/python3.12/site-packages/airflow/example_dags/example_display_name.py
[2026-09-25T17:04:54.385+0000] {processor.py:914} INFO - Processing file /home/airflow/.local/lib/python3.12/site-packages/airflow/example_dags/example_display_name.py for tasks to queue
[2026-09-25T17:04:54.391+0000] {logging_mixin.py:190} INFO - [2026-09-25T17:04:54.390+0000] {dagbag.py:588} INFO - Filling up the DagBag from /home/airflow/.local/lib/python3.12/site-packages/airflow/example_dags/example_display_name.py
[2026-09-25T17:04:54.410+0000] {processor.py:925} INFO - DAG(s) 'example_display_name' retrieved from /home/airflow/.local/lib/python3.12/site-packages/airflow/example_dags/example_display_name.py
[2026-09-25T17:04:54.542+0000] {logging_mixin.py:190} INFO - [2026-09-25T17:04:54.542+0000] {dag.py:3239} INFO - Sync 1 DAGs
[2026-09-25T17:04:54.596+0000] {logging_mixin.py:190} INFO - [2026-09-25T17:04:54.596+0000] {dag.py:4180} INFO - Setting next_dagrun for example_display_name to None, run_after=None
[2026-09-25T17:04:54.705+0000] {processor.py:208} INFO - Processing /home/airflow/.local/lib/python3.12/site-packages/airflow/example_dags/example_display_name.py took 0.339 seconds
[2026-09-25T17:05:29.370+0000] {processor.py:186} INFO - Started process (PID=923) to work on /home/airflow/.local/lib/python3.12/site-packages/airflow/example_dags/example_display_name.py
[2026-09-25T17:05:29.377+0000] {processor.py:914} INFO - Processing file /home/airflow/.local/lib/python3.12/site-packages/airflow/example_dags/example_display_name.py for tasks to queue
[2026-09-25T17:05:29.383+0000] {logging_mixin.py:190} INFO - [2026-09-25T17:05:29.382+0000] {dagbag.py:588} INFO - Filling up the DagBag from /home/airflow/.local/lib/python3.12/site-packages/airflow/example_dags/example_display_name.py
[2026-09-25T17:05:29.401+0000] {processor.py:925} INFO - DAG(s) 'example_display_name' retrieved from /home/airflow/.local/lib/python3.12/site-packages/airflow/example_dags/example_display_name.py
[2026-09-25T17:05:29.465+0000] {logging_mixin.py:190} INFO - [2026-09-25T17:05:29.464+0000] {dag.py:3239} INFO - Sync 1 DAGs
[2026-09-25T17:05:29.528+0000] {logging_mixin.py:190} INFO - [2026-09-25T17:05:29.527+0000] {dag.py:4180} INFO - Setting next_dagrun for example_display_name to None, run_after=None
[2026-09-25T17:05:29.572+0000] {processor.py:208} INFO - Processing /home/airflow/.local/lib/python3.12/site-packages/airflow/example_dags/example_display_name.py took 0.223 seconds
[2026-09-25T17:06:03.172+0000] {processor.py:186} INFO - Started process (PID=986) to work on /home/airflow/.local/lib/python3.12/site-packages/airflow/example_dags/example_display_name.py
[2026-09-25T17:06:03.175+0000] {processor.py:914} INFO - Processing file /home/airflow/.local/lib/python3.12/site-packages/airflow/example_dags/example_display_name.py for tasks to queue
[2026-09-25T17:06:03.181+0000] {logging_mixin.py:190} INFO - [2026-09-25T17:06:03.180+0000] {dagbag.py:588} INFO - Filling up the DagBag from /home/airflow/.local/lib/python3.12/site-packages/airflow/example_dags/example_display_name.py
[2026-09-25T17:06:03.212+0000] {processor.py:925} INFO - DAG(s) 'example_display_name' retrieved from /home/airflow/.local/lib/python3.12/site-packages/airflow/example_dags/example_display_name.py
[2026-09-25T17:06:03.274+0000] {logging_mixin.py:190} INFO - [2026-09-25T17:06:03.273+0000] {dag.py:3239} INFO - Sync 1 DAGs
[2026-09-25T17:06:03.316+0000] {logging_mixin.py:190} INFO - [2026-09-25T17:06:03.315+0000] {dag.py:4180} INFO - Setting next_dagrun for example_display_name to None, run_after=None
[2026-09-25T17:06:03.361+0000] {processor.py:208} INFO - Processing /home/airflow/.local/lib/python3.12/site-packages/airflow/example_dags/example_display_name.py took 0.203 seconds
[2026-09-25T17:06:39.296+0000] {processor.py:186} INFO - Started process (PID=1059) to work on /home/airflow/.local/lib/python3.12/site-packages/airflow/example_dags/example_display_name.py
[2026-09-25T17:06:39.299+0000] {processor.py:914} INFO - Processing file /home/airflow/.local/lib/python3.12/site-packages/airflow/example_dags/example_display_name.py for tasks to queue
[2026-09-25T17:06:39.307+0000] {logging_mixin.py:190} INFO - [2026-09-25T17:06:39.306+0000] {dagbag.py:588} INFO - Filling up the DagBag from /home/airflow/.local/lib/python3.12/site-packages/airflow/example_dags/example_display_name.py
[2026-09-25T17:06:39.384+0000] {processor.py:925} INFO - DAG(s) 'example_display_name' retrieved from /home/airflow/.local/lib/python3.12/site-packages/airflow/example_dags/example_display_name.py
[2026-09-25T17:06:39.588+0000] {logging_mixin.py:190} INFO - [2026-09-25T17:06:39.587+0000] {dag.py:3239} INFO - Sync 1 DAGs
[2026-09-25T17:06:39.660+0000] {logging_mixin.py:190} INFO - [2026-09-25T17:06:39.660+0000] {dag.py:4180} INFO - Setting next_dagrun for example_display_name to None, run_after=None
[2026-09-25T17:06:39.805+0000] {processor.py:208} INFO - Processing /home/airflow/.local/lib/python3.12/site-packages/airflow/example_dags/example_display_name.py took 0.525 seconds
[2026-09-25T17:07:11.053+0000] {processor.py:186} INFO - Started process (PID=1121) to work on /home/airflow/.local/lib/python3.12/site-packages/airflow/example_dags/example_display_name.py
[2026-09-25T17:07:11.061+0000] {processor.py:914} INFO - Processing file /home/airflow/.local/lib/python3.12/site-packages/airflow/example_dags/example_display_name.py for tasks to queue
[2026-09-25T17:07:11.075+0000] {logging_mixin.py:190} INFO - [2026-09-25T17:07:11.075+0000] {dagbag.py:588} INFO - Filling up the DagBag from /home/airflow/.local/lib/python3.12/site-packages/airflow/example_dags/example_display_name.py
[2026-09-25T17:07:11.130+0000] {processor.py:925} INFO - DAG(s) 'example_display_name' retrieved from /home/airflow/.local/lib/python3.12/site-packages/airflow/example_dags/example_display_name.py
[2026-09-25T17:07:11.315+0000] {logging_mixin.py:190} INFO - [2026-09-25T17:07:11.314+0000] {dag.py:3239} INFO - Sync 1 DAGs
[2026-09-25T17:07:11.529+0000] {logging_mixin.py:190} INFO - [2026-09-25T17:07:11.528+0000] {dag.py:4180} INFO - Setting next_dagrun for example_display_name to None, run_after=None
[2026-09-25T17:07:11.674+0000] {processor.py:208} INFO - Processing /home/airflow/.local/lib/python3.12/site-packages/airflow/example_dags/example_display_name.py took 0.647 seconds
[2026-09-25T17:07:45.712+0000] {processor.py:186} INFO - Started process (PID=1184) to work on /home/airflow/.local/lib/python3.12/site-packages/airflow/example_dags/example_display_name.py
[2026-09-25T17:07:45.715+0000] {processor.py:914} INFO - Processing file /home/airflow/.local/lib/python3.12/site-packages/airflow/example_dags/example_display_name.py for tasks to queue
[2026-09-25T17:07:45.719+0000] {logging_mixin.py:190} INFO - [2026-09-25T17:07:45.719+0000] {dagbag.py:588} INFO - Filling up the DagBag from /home/airflow/.local/lib/python3.12/site-packages/airflow/example_dags/example_display_name.py
[2026-09-25T17:07:45.735+0000] {processor.py:925} INFO - DAG(s) 'example_display_name' retrieved from /home/airflow/.local/lib/python3.12/site-packages/airflow/example_dags/example_display_name.py
[2026-09-25T17:07:45.778+0000] {logging_mixin.py:190} INFO - [2026-09-25T17:07:45.778+0000] {dag.py:3239} INFO - Sync 1 DAGs
[2026-09-25T17:07:45.842+0000] {logging_mixin.py:190} INFO - [2026-09-25T17:07:45.841+0000] {dag.py:4180} INFO - Setting next_dagrun for example_display_name to None, run_after=None
[2026-09-25T17:07:45.897+0000] {processor.py:208} INFO - Processing /home/airflow/.local/lib/python3.12/site-packages/airflow/example_dags/example_display_name.py took 0.197 seconds
[2026-09-25T17:08:17.040+0000] {processor.py:186} INFO - Started process (PID=1247) to work on /home/airflow/.local/lib/python3.12/site-packages/airflow/example_dags/example_display_name.py
[2026-09-25T17:08:17.045+0000] {processor.py:914} INFO - Processing file /home/airflow/.local/lib/python3.12/site-packages/airflow/example_dags/example_display_name.py for tasks to queue
[2026-09-25T17:08:17.051+0000] {logging_mixin.py:190} INFO - [2026-09-25T17:08:17.050+0000] {dagbag.py:588} INFO - Filling up the DagBag from /home/airflow/.local/lib/python3.12/site-packages/airflow/example_dags/example_display_name.py
[2026-09-25T17:08:17.076+0000] {processor.py:925} INFO - DAG(s) 'example_display_name' retrieved from /home/airflow/.local/lib/python3.12/site-packages/airflow/example_dags/example_display_name.py
[2026-09-25T17:08:17.129+0000] {logging_mixin.py:190} INFO - [2026-09-25T17:08:17.129+0000] {dag.py:3239} INFO - Sync 1 DAGs
[2026-09-25T17:08:17.188+0000] {logging_mixin.py:190} INFO - [2026-09-25T17:08:17.187+0000] {dag.py:4180} INFO - Setting next_dagrun for example_display_name to None, run_after=None
[2026-09-25T17:08:17.230+0000] {processor.py:208} INFO - Processing /home/airflow/.local/lib/python3.12/site-packages/airflow/example_dags/example_display_name.py took 0.205 seconds
[2026-09-25T17:08:54.293+0000] {processor.py:186} INFO - Started process (PID=1311) to work on /home/airflow/.local/lib/python3.12/site-packages/airflow/example_dags/example_display_name.py
[2026-09-25T17:08:54.297+0000] {processor.py:914} INFO - Processing file /home/airflow/.local/lib/python3.12/site-packages/airflow/example_dags/example_display_name.py for tasks to queue
[2026-09-25T17:08:54.304+0000] {logging_mixin.py:190} INFO - [2026-09-25T17:08:54.304+0000] {dagbag.py:588} INFO - Filling up the DagBag from /home/airflow/.local/lib/python3.12/site-packages/airflow/example_dags/example_display_name.py
[2026-09-25T17:08:54.322+0000] {processor.py:925} INFO - DAG(s) 'example_display_name' retrieved from /home/airflow/.local/lib/python3.12/site-packages/airflow/example_dags/example_display_name.py
[2026-09-25T17:08:54.388+0000] {logging_mixin.py:190} INFO - [2026-09-25T17:08:54.387+0000] {dag.py:3239} INFO - Sync 1 DAGs
[2026-09-25T17:08:54.458+0000] {logging_mixin.py:190} INFO - [2026-09-25T17:08:54.456+0000] {dag.py:4180} INFO - Setting next_dagrun for example_display_name to None, run_after=None
[2026-09-25T17:08:54.658+0000] {processor.py:208} INFO - Processing /home/airflow/.local/lib/python3.12/site-packages/airflow/example_dags/example_display_name.py took 0.378 seconds
[2026-09-25T17:09:38.884+0000] {processor.py:186} INFO - Started process (PID=1380) to work on /home/airflow/.local/lib/python3.12/site-packages/airflow/example_dags/example_display_name.py
[2026-09-25T17:09:38.888+0000] {processor.py:914} INFO - Processing file /home/airflow/.local/lib/python3.12/site-packages/airflow/example_dags/example_display_name.py for tasks to queue
[2026-09-25T17:09:38.894+0000] {logging_mixin.py:190} INFO - [2026-09-25T17:09:38.893+0000] {dagbag.py:588} INFO - Filling up the DagBag from /home/airflow/.local/lib/python3.12/site-packages/airflow/example_dags/example_display_name.py
[2026-09-25T17:09:38.958+0000] {processor.py:925} INFO - DAG(s) 'example_display_name' retrieved from /home/airflow/.local/lib/python3.12/site-packages/airflow/example_dags/example_display_name.py
[2026-09-25T17:09:39.311+0000] {logging_mixin.py:190} INFO - [2026-09-25T17:09:39.310+0000] {dag.py:3239} INFO - Sync 1 DAGs
[2026-09-25T17:09:39.491+0000] {logging_mixin.py:190} INFO - [2026-09-25T17:09:39.489+0000] {dag.py:4180} INFO - Setting next_dagrun for example_display_name to None, run_after=None
[2026-09-25T17:09:39.816+0000] {processor.py:208} INFO - Processing /home/airflow/.local/lib/python3.12/site-packages/airflow/example_dags/example_display_name.py took 0.989 seconds
[2026-09-25T17:11:42.116+0000] {processor.py:186} INFO - Started process (PID=1465) to work on /home/airflow/.local/lib/python3.12/site-packages/airflow/example_dags/example_display_name.py
[2026-09-25T17:11:42.135+0000] {processor.py:914} INFO - Processing file /home/airflow/.local/lib/python3.12/site-packages/airflow/example_dags/example_display_name.py for tasks to queue
[2026-09-25T17:11:42.163+0000] {logging_mixin.py:190} INFO - [2026-09-25T17:11:42.162+0000] {dagbag.py:588} INFO - Filling up the DagBag from /home/airflow/.local/lib/python3.12/site-packages/airflow/example_dags/example_display_name.py
[2026-09-25T17:11:42.215+0000] {processor.py:925} INFO - DAG(s) 'example_display_name' retrieved from /home/airflow/.local/lib/python3.12/site-packages/airflow/example_dags/example_display_name.py
[2026-09-25T17:11:42.344+0000] {logging_mixin.py:190} INFO - [2026-09-25T17:11:42.343+0000] {dag.py:3239} INFO - Sync 1 DAGs
[2026-09-25T17:11:42.415+0000] {logging_mixin.py:190} INFO - [2026-09-25T17:11:42.415+0000] {dag.py:4180} INFO - Setting next_dagrun for example_display_name to None, run_after=None
[2026-09-25T17:11:42.526+0000] {processor.py:208} INFO - Processing /home/airflow/.local/lib/python3.12/site-packages/airflow/example_dags/example_display_name.py took 0.453 seconds
[2026-09-25T17:14:45.221+0000] {processor.py:186} INFO - Started process (PID=1573) to work on /home/airflow/.local/lib/python3.12/site-packages/airflow/example_dags/example_display_name.py
[2026-09-25T17:14:45.230+0000] {processor.py:914} INFO - Processing file /home/airflow/.local/lib/python3.12/site-packages/airflow/example_dags/example_display_name.py for tasks to queue
[2026-09-25T17:14:45.295+0000] {logging_mixin.py:190} INFO - [2026-09-25T17:14:45.290+0000] {dagbag.py:588} INFO - Filling up the DagBag from /home/airflow/.local/lib/python3.12/site-packages/airflow/example_dags/example_display_name.py
[2026-09-25T17:14:45.353+0000] {processor.py:925} INFO - DAG(s) 'example_display_name' retrieved from /home/airflow/.local/lib/python3.12/site-packages/airflow/example_dags/example_display_name.py
[2026-09-25T17:14:45.519+0000] {logging_mixin.py:190} INFO - [2026-09-25T17:14:45.515+0000] {dag.py:3239} INFO - Sync 1 DAGs
[2026-09-25T17:14:45.651+0000] {logging_mixin.py:190} INFO - [2026-09-25T17:14:45.646+0000] {dag.py:4180} INFO - Setting next_dagrun for example_display_name to None, run_after=None
[2026-09-25T17:14:46.146+0000] {processor.py:208} INFO - Processing /home/airflow/.local/lib/python3.12/site-packages/airflow/example_dags/example_display_name.py took 1.052 seconds
[2026-09-25T17:15:26.374+0000] {processor.py:186} INFO - Started process (PID=1636) to work on /home/airflow/.local/lib/python3.12/site-packages/airflow/example_dags/example_display_name.py
[2026-09-25T17:15:26.379+0000] {processor.py:914} INFO - Processing file /home/airflow/.local/lib/python3.12/site-packages/airflow/example_dags/example_display_name.py for tasks to queue
[2026-09-25T17:15:26.409+0000] {logging_mixin.py:190} INFO - [2026-09-25T17:15:26.407+0000] {dagbag.py:588} INFO - Filling up the DagBag from /home/airflow/.local/lib/python3.12/site-packages/airflow/example_dags/example_display_name.py
[2026-09-25T17:15:26.505+0000] {processor.py:925} INFO - DAG(s) 'example_display_name' retrieved from /home/airflow/.local/lib/python3.12/site-packages/airflow/example_dags/example_display_name.py
[2026-09-25T17:15:26.925+0000] {logging_mixin.py:190} INFO - [2026-09-25T17:15:26.925+0000] {dag.py:3239} INFO - Sync 1 DAGs
[2026-09-25T17:15:27.084+0000] {logging_mixin.py:190} INFO - [2026-09-25T17:15:27.081+0000] {dag.py:4180} INFO - Setting next_dagrun for example_display_name to None, run_after=None
[2026-09-25T17:15:27.464+0000] {processor.py:208} INFO - Processing /home/airflow/.local/lib/python3.12/site-packages/airflow/example_dags/example_display_name.py took 1.220 seconds
[2026-09-25T17:16:00.197+0000] {processor.py:186} INFO - Started process (PID=1705) to work on /home/airflow/.local/lib/python3.12/site-packages/airflow/example_dags/example_display_name.py
[2026-09-25T17:16:00.201+0000] {processor.py:914} INFO - Processing file /home/airflow/.local/lib/python3.12/site-packages/airflow/example_dags/example_display_name.py for tasks to queue
[2026-09-25T17:16:00.210+0000] {logging_mixin.py:190} INFO - [2026-09-25T17:16:00.210+0000] {dagbag.py:588} INFO - Filling up the DagBag from /home/airflow/.local/lib/python3.12/site-packages/airflow/example_dags/example_display_name.py
[2026-09-25T17:16:00.276+0000] {processor.py:925} INFO - DAG(s) 'example_display_name' retrieved from /home/airflow/.local/lib/python3.12/site-packages/airflow/example_dags/example_display_name.py
[2026-09-25T17:16:00.387+0000] {logging_mixin.py:190} INFO - [2026-09-25T17:16:00.374+0000] {dag.py:3239} INFO - Sync 1 DAGs
[2026-09-25T17:16:00.525+0000] {logging_mixin.py:190} INFO - [2026-09-25T17:16:00.524+0000] {dag.py:4180} INFO - Setting next_dagrun for example_display_name to None, run_after=None
[2026-09-25T17:16:00.613+0000] {processor.py:208} INFO - Processing /home/airflow/.local/lib/python3.12/site-packages/airflow/example_dags/example_display_name.py took 0.451 seconds
[2026-09-25T17:16:47.292+0000] {processor.py:186} INFO - Started process (PID=1752) to work on /home/airflow/.local/lib/python3.12/site-packages/airflow/example_dags/example_display_name.py
[2026-09-25T17:16:47.299+0000] {processor.py:914} INFO - Processing file /home/airflow/.local/lib/python3.12/site-packages/airflow/example_dags/example_display_name.py for tasks to queue
[2026-09-25T17:16:47.305+0000] {logging_mixin.py:190} INFO - [2026-09-25T17:16:47.305+0000] {dagbag.py:588} INFO - Filling up the DagBag from /home/airflow/.local/lib/python3.12/site-packages/airflow/example_dags/example_display_name.py
[2026-09-25T17:16:47.325+0000] {processor.py:925} INFO - DAG(s) 'example_display_name' retrieved from /home/airflow/.local/lib/python3.12/site-packages/airflow/example_dags/example_display_name.py
[2026-09-25T17:16:47.418+0000] {logging_mixin.py:190} INFO - [2026-09-25T17:16:47.418+0000] {dag.py:3239} INFO - Sync 1 DAGs
[2026-09-25T17:16:47.464+0000] {logging_mixin.py:190} INFO - [2026-09-25T17:16:47.464+0000] {dag.py:4180} INFO - Setting next_dagrun for example_display_name to None, run_after=None
[2026-09-25T17:16:47.524+0000] {processor.py:208} INFO - Processing /home/airflow/.local/lib/python3.12/site-packages/airflow/example_dags/example_display_name.py took 0.264 seconds
[2026-09-25T17:17:19.457+0000] {processor.py:186} INFO - Started process (PID=1814) to work on /home/airflow/.local/lib/python3.12/site-packages/airflow/example_dags/example_display_name.py
[2026-09-25T17:17:19.460+0000] {processor.py:914} INFO - Processing file /home/airflow/.local/lib/python3.12/site-packages/airflow/example_dags/example_display_name.py for tasks to queue
[2026-09-25T17:17:19.465+0000] {logging_mixin.py:190} INFO - [2026-09-25T17:17:19.464+0000] {dagbag.py:588} INFO - Filling up the DagBag from /home/airflow/.local/lib/python3.12/site-packages/airflow/example_dags/example_display_name.py
[2026-09-25T17:17:19.488+0000] {processor.py:925} INFO - DAG(s) 'example_display_name' retrieved from /home/airflow/.local/lib/python3.12/site-packages/airflow/example_dags/example_display_name.py
[2026-09-25T17:17:19.623+0000] {logging_mixin.py:190} INFO - [2026-09-25T17:17:19.622+0000] {dag.py:3239} INFO - Sync 1 DAGs
[2026-09-25T17:17:19.669+0000] {logging_mixin.py:190} INFO - [2026-09-25T17:17:19.669+0000] {dag.py:4180} INFO - Setting next_dagrun for example_display_name to None, run_after=None
[2026-09-25T17:17:19.715+0000] {processor.py:208} INFO - Processing /home/airflow/.local/lib/python3.12/site-packages/airflow/example_dags/example_display_name.py took 0.291 seconds
[2026-09-25T17:17:54.616+0000] {processor.py:186} INFO - Started process (PID=1877) to work on /home/airflow/.local/lib/python3.12/site-packages/airflow/example_dags/example_display_name.py
[2026-09-25T17:17:54.624+0000] {processor.py:914} INFO - Processing file /home/airflow/.local/lib/python3.12/site-packages/airflow/example_dags/example_display_name.py for tasks to queue
[2026-09-25T17:17:54.643+0000] {logging_mixin.py:190} INFO - [2026-09-25T17:17:54.638+0000] {dagbag.py:588} INFO - Filling up the DagBag from /home/airflow/.local/lib/python3.12/site-packages/airflow/example_dags/example_display_name.py
[2026-09-25T17:17:54.669+0000] {processor.py:925} INFO - DAG(s) 'example_display_name' retrieved from /home/airflow/.local/lib/python3.12/site-packages/airflow/example_dags/example_display_name.py
[2026-09-25T17:17:54.741+0000] {logging_mixin.py:190} INFO - [2026-09-25T17:17:54.741+0000] {dag.py:3239} INFO - Sync 1 DAGs
[2026-09-25T17:17:54.776+0000] {logging_mixin.py:190} INFO - [2026-09-25T17:17:54.776+0000] {dag.py:4180} INFO - Setting next_dagrun for example_display_name to None, run_after=None
[2026-09-25T17:17:54.834+0000] {processor.py:208} INFO - Processing /home/airflow/.local/lib/python3.12/site-packages/airflow/example_dags/example_display_name.py took 0.241 seconds
[2026-09-25T17:18:32.247+0000] {processor.py:186} INFO - Started process (PID=1949) to work on /home/airflow/.local/lib/python3.12/site-packages/airflow/example_dags/example_display_name.py
[2026-09-25T17:18:32.252+0000] {processor.py:914} INFO - Processing file /home/airflow/.local/lib/python3.12/site-packages/airflow/example_dags/example_display_name.py for tasks to queue
[2026-09-25T17:18:32.259+0000] {logging_mixin.py:190} INFO - [2026-09-25T17:18:32.258+0000] {dagbag.py:588} INFO - Filling up the DagBag from /home/airflow/.local/lib/python3.12/site-packages/airflow/example_dags/example_display_name.py
[2026-09-25T17:18:32.276+0000] {processor.py:925} INFO - DAG(s) 'example_display_name' retrieved from /home/airflow/.local/lib/python3.12/site-packages/airflow/example_dags/example_display_name.py
[2026-09-25T17:18:32.323+0000] {logging_mixin.py:190} INFO - [2026-09-25T17:18:32.322+0000] {dag.py:3239} INFO - Sync 1 DAGs
[2026-09-25T17:18:32.374+0000] {logging_mixin.py:190} INFO - [2026-09-25T17:18:32.373+0000] {dag.py:4180} INFO - Setting next_dagrun for example_display_name to None, run_after=None
[2026-09-25T17:18:32.415+0000] {processor.py:208} INFO - Processing /home/airflow/.local/lib/python3.12/site-packages/airflow/example_dags/example_display_name.py took 0.190 seconds
[2026-09-25T17:19:06.902+0000] {processor.py:186} INFO - Started process (PID=2012) to work on /home/airflow/.local/lib/python3.12/site-packages/airflow/example_dags/example_display_name.py
[2026-09-25T17:19:06.905+0000] {processor.py:914} INFO - Processing file /home/airflow/.local/lib/python3.12/site-packages/airflow/example_dags/example_display_name.py for tasks to queue
[2026-09-25T17:19:06.914+0000] {logging_mixin.py:190} INFO - [2026-09-25T17:19:06.913+0000] {dagbag.py:588} INFO - Filling up the DagBag from /home/airflow/.local/lib/python3.12/site-packages/airflow/example_dags/example_display_name.py
[2026-09-25T17:19:06.945+0000] {processor.py:925} INFO - DAG(s) 'example_display_name' retrieved from /home/airflow/.local/lib/python3.12/site-packages/airflow/example_dags/example_display_name.py
[2026-09-25T17:19:07.003+0000] {logging_mixin.py:190} INFO - [2026-09-25T17:19:07.002+0000] {dag.py:3239} INFO - Sync 1 DAGs
[2026-09-25T17:19:07.073+0000] {logging_mixin.py:190} INFO - [2026-09-25T17:19:07.072+0000] {dag.py:4180} INFO - Setting next_dagrun for example_display_name to None, run_after=None
[2026-09-25T17:19:07.126+0000] {processor.py:208} INFO - Processing /home/airflow/.local/lib/python3.12/site-packages/airflow/example_dags/example_display_name.py took 0.242 seconds
[2026-09-25T17:19:41.665+0000] {processor.py:186} INFO - Started process (PID=2075) to work on /home/airflow/.local/lib/python3.12/site-packages/airflow/example_dags/example_display_name.py
[2026-09-25T17:19:41.669+0000] {processor.py:914} INFO - Processing file /home/airflow/.local/lib/python3.12/site-packages/airflow/example_dags/example_display_name.py for tasks to queue
[2026-09-25T17:19:41.677+0000] {logging_mixin.py:190} INFO - [2026-09-25T17:19:41.676+0000] {dagbag.py:588} INFO - Filling up the DagBag from /home/airflow/.local/lib/python3.12/site-packages/airflow/example_dags/example_display_name.py
[2026-09-25T17:19:41.706+0000] {processor.py:925} INFO - DAG(s) 'example_display_name' retrieved from /home/airflow/.local/lib/python3.12/site-packages/airflow/example_dags/example_display_name.py
[2026-09-25T17:19:41.809+0000] {logging_mixin.py:190} INFO - [2026-09-25T17:19:41.809+0000] {dag.py:3239} INFO - Sync 1 DAGs
[2026-09-25T17:19:41.878+0000] {logging_mixin.py:190} INFO - [2026-09-25T17:19:41.877+0000] {dag.py:4180} INFO - Setting next_dagrun for example_display_name to None, run_after=None
[2026-09-25T17:19:41.987+0000] {processor.py:208} INFO - Processing /home/airflow/.local/lib/python3.12/site-packages/airflow/example_dags/example_display_name.py took 0.343 seconds
[2026-09-25T17:20:21.446+0000] {processor.py:186} INFO - Started process (PID=2138) to work on /home/airflow/.local/lib/python3.12/site-packages/airflow/example_dags/example_display_name.py
[2026-09-25T17:20:21.450+0000] {processor.py:914} INFO - Processing file /home/airflow/.local/lib/python3.12/site-packages/airflow/example_dags/example_display_name.py for tasks to queue
[2026-09-25T17:20:21.464+0000] {logging_mixin.py:190} INFO - [2026-09-25T17:20:21.463+0000] {dagbag.py:588} INFO - Filling up the DagBag from /home/airflow/.local/lib/python3.12/site-packages/airflow/example_dags/example_display_name.py
[2026-09-25T17:20:21.497+0000] {processor.py:925} INFO - DAG(s) 'example_display_name' retrieved from /home/airflow/.local/lib/python3.12/site-packages/airflow/example_dags/example_display_name.py
[2026-09-25T17:20:21.681+0000] {logging_mixin.py:190} INFO - [2026-09-25T17:20:21.680+0000] {dag.py:3239} INFO - Sync 1 DAGs
[2026-09-25T17:20:21.900+0000] {logging_mixin.py:190} INFO - [2026-09-25T17:20:21.884+0000] {dag.py:4180} INFO - Setting next_dagrun for example_display_name to None, run_after=None
[2026-09-25T17:20:22.080+0000] {processor.py:208} INFO - Processing /home/airflow/.local/lib/python3.12/site-packages/airflow/example_dags/example_display_name.py took 0.665 seconds
[2026-09-25T17:21:09.104+0000] {processor.py:186} INFO - Started process (PID=2206) to work on /home/airflow/.local/lib/python3.12/site-packages/airflow/example_dags/example_display_name.py
[2026-09-25T17:21:09.109+0000] {processor.py:914} INFO - Processing file /home/airflow/.local/lib/python3.12/site-packages/airflow/example_dags/example_display_name.py for tasks to queue
[2026-09-25T17:21:09.120+0000] {logging_mixin.py:190} INFO - [2026-09-25T17:21:09.118+0000] {dagbag.py:588} INFO - Filling up the DagBag from /home/airflow/.local/lib/python3.12/site-packages/airflow/example_dags/example_display_name.py
[2026-09-25T17:21:09.204+0000] {processor.py:925} INFO - DAG(s) 'example_display_name' retrieved from /home/airflow/.local/lib/python3.12/site-packages/airflow/example_dags/example_display_name.py
[2026-09-25T17:21:09.370+0000] {logging_mixin.py:190} INFO - [2026-09-25T17:21:09.369+0000] {dag.py:3239} INFO - Sync 1 DAGs
[2026-09-25T17:21:09.519+0000] {logging_mixin.py:190} INFO - [2026-09-25T17:21:09.518+0000] {dag.py:4180} INFO - Setting next_dagrun for example_display_name to None, run_after=None
[2026-09-25T17:21:09.646+0000] {processor.py:208} INFO - Processing /home/airflow/.local/lib/python3.12/site-packages/airflow/example_dags/example_display_name.py took 0.569 seconds
[2026-09-25T17:21:41.158+0000] {processor.py:186} INFO - Started process (PID=2268) to work on /home/airflow/.local/lib/python3.12/site-packages/airflow/example_dags/example_display_name.py
[2026-09-25T17:21:41.163+0000] {processor.py:914} INFO - Processing file /home/airflow/.local/lib/python3.12/site-packages/airflow/example_dags/example_display_name.py for tasks to queue
[2026-09-25T17:21:41.171+0000] {logging_mixin.py:190} INFO - [2026-09-25T17:21:41.170+0000] {dagbag.py:588} INFO - Filling up the DagBag from /home/airflow/.local/lib/python3.12/site-packages/airflow/example_dags/example_display_name.py
[2026-09-25T17:21:41.249+0000] {processor.py:925} INFO - DAG(s) 'example_display_name' retrieved from /home/airflow/.local/lib/python3.12/site-packages/airflow/example_dags/example_display_name.py
[2026-09-25T17:21:42.091+0000] {logging_mixin.py:190} INFO - [2026-09-25T17:21:42.087+0000] {dag.py:3239} INFO - Sync 1 DAGs
[2026-09-25T17:21:42.534+0000] {logging_mixin.py:190} INFO - [2026-09-25T17:21:42.533+0000] {dag.py:4180} INFO - Setting next_dagrun for example_display_name to None, run_after=None
[2026-09-25T17:21:42.754+0000] {processor.py:208} INFO - Processing /home/airflow/.local/lib/python3.12/site-packages/airflow/example_dags/example_display_name.py took 1.656 seconds
[2026-09-25T17:22:49.684+0000] {processor.py:186} INFO - Started process (PID=2342) to work on /home/airflow/.local/lib/python3.12/site-packages/airflow/example_dags/example_display_name.py
[2026-09-25T17:22:49.688+0000] {processor.py:914} INFO - Processing file /home/airflow/.local/lib/python3.12/site-packages/airflow/example_dags/example_display_name.py for tasks to queue
[2026-09-25T17:22:49.700+0000] {logging_mixin.py:190} INFO - [2026-09-25T17:22:49.698+0000] {dagbag.py:588} INFO - Filling up the DagBag from /home/airflow/.local/lib/python3.12/site-packages/airflow/example_dags/example_display_name.py
[2026-09-25T17:22:49.726+0000] {processor.py:925} INFO - DAG(s) 'example_display_name' retrieved from /home/airflow/.local/lib/python3.12/site-packages/airflow/example_dags/example_display_name.py
[2026-09-25T17:22:49.843+0000] {logging_mixin.py:190} INFO - [2026-09-25T17:22:49.842+0000] {dag.py:3239} INFO - Sync 1 DAGs
[2026-09-25T17:22:49.892+0000] {logging_mixin.py:190} INFO - [2026-09-25T17:22:49.891+0000] {dag.py:4180} INFO - Setting next_dagrun for example_display_name to None, run_after=None
[2026-09-25T17:22:49.964+0000] {processor.py:208} INFO - Processing /home/airflow/.local/lib/python3.12/site-packages/airflow/example_dags/example_display_name.py took 0.304 seconds
[2026-09-25T17:23:29.156+0000] {processor.py:186} INFO - Started process (PID=2406) to work on /home/airflow/.local/lib/python3.12/site-packages/airflow/example_dags/example_display_name.py
[2026-09-25T17:23:29.159+0000] {processor.py:914} INFO - Processing file /home/airflow/.local/lib/python3.12/site-packages/airflow/example_dags/example_display_name.py for tasks to queue
[2026-09-25T17:23:29.169+0000] {logging_mixin.py:190} INFO - [2026-09-25T17:23:29.168+0000] {dagbag.py:588} INFO - Filling up the DagBag from /home/airflow/.local/lib/python3.12/site-packages/airflow/example_dags/example_display_name.py
[2026-09-25T17:23:29.198+0000] {processor.py:925} INFO - DAG(s) 'example_display_name' retrieved from /home/airflow/.local/lib/python3.12/site-packages/airflow/example_dags/example_display_name.py
[2026-09-25T17:23:29.270+0000] {logging_mixin.py:190} INFO - [2026-09-25T17:23:29.269+0000] {dag.py:3239} INFO - Sync 1 DAGs
[2026-09-25T17:23:29.319+0000] {logging_mixin.py:190} INFO - [2026-09-25T17:23:29.319+0000] {dag.py:4180} INFO - Setting next_dagrun for example_display_name to None, run_after=None
[2026-09-25T17:23:29.413+0000] {processor.py:208} INFO - Processing /home/airflow/.local/lib/python3.12/site-packages/airflow/example_dags/example_display_name.py took 0.284 seconds
[2026-09-25T17:24:02.825+0000] {processor.py:186} INFO - Started process (PID=2462) to work on /home/airflow/.local/lib/python3.12/site-packages/airflow/example_dags/example_display_name.py
[2026-09-25T17:24:02.829+0000] {processor.py:914} INFO - Processing file /home/airflow/.local/lib/python3.12/site-packages/airflow/example_dags/example_display_name.py for tasks to queue
[2026-09-25T17:24:02.849+0000] {logging_mixin.py:190} INFO - [2026-09-25T17:24:02.848+0000] {dagbag.py:588} INFO - Filling up the DagBag from /home/airflow/.local/lib/python3.12/site-packages/airflow/example_dags/example_display_name.py
[2026-09-25T17:24:02.875+0000] {processor.py:925} INFO - DAG(s) 'example_display_name' retrieved from /home/airflow/.local/lib/python3.12/site-packages/airflow/example_dags/example_display_name.py
[2026-09-25T17:24:02.963+0000] {logging_mixin.py:190} INFO - [2026-09-25T17:24:02.963+0000] {dag.py:3239} INFO - Sync 1 DAGs
[2026-09-25T17:24:03.063+0000] {logging_mixin.py:190} INFO - [2026-09-25T17:24:03.062+0000] {dag.py:4180} INFO - Setting next_dagrun for example_display_name to None, run_after=None
[2026-09-25T17:24:03.154+0000] {processor.py:208} INFO - Processing /home/airflow/.local/lib/python3.12/site-packages/airflow/example_dags/example_display_name.py took 0.348 seconds
[2026-09-25T17:24:39.981+0000] {processor.py:186} INFO - Started process (PID=2531) to work on /home/airflow/.local/lib/python3.12/site-packages/airflow/example_dags/example_display_name.py
[2026-09-25T17:24:39.984+0000] {processor.py:914} INFO - Processing file /home/airflow/.local/lib/python3.12/site-packages/airflow/example_dags/example_display_name.py for tasks to queue
[2026-09-25T17:24:39.991+0000] {logging_mixin.py:190} INFO - [2026-09-25T17:24:39.990+0000] {dagbag.py:588} INFO - Filling up the DagBag from /home/airflow/.local/lib/python3.12/site-packages/airflow/example_dags/example_display_name.py
[2026-09-25T17:24:40.018+0000] {processor.py:925} INFO - DAG(s) 'example_display_name' retrieved from /home/airflow/.local/lib/python3.12/site-packages/airflow/example_dags/example_display_name.py
[2026-09-25T17:24:40.084+0000] {logging_mixin.py:190} INFO - [2026-09-25T17:24:40.084+0000] {dag.py:3239} INFO - Sync 1 DAGs
[2026-09-25T17:24:40.130+0000] {logging_mixin.py:190} INFO - [2026-09-25T17:24:40.129+0000] {dag.py:4180} INFO - Setting next_dagrun for example_display_name to None, run_after=None
[2026-09-25T17:24:40.178+0000] {processor.py:208} INFO - Processing /home/airflow/.local/lib/python3.12/site-packages/airflow/example_dags/example_display_name.py took 0.214 seconds
[2026-09-25T17:25:11.981+0000] {processor.py:186} INFO - Started process (PID=2589) to work on /home/airflow/.local/lib/python3.12/site-packages/airflow/example_dags/example_display_name.py
[2026-09-25T17:25:11.984+0000] {processor.py:914} INFO - Processing file /home/airflow/.local/lib/python3.12/site-packages/airflow/example_dags/example_display_name.py for tasks to queue
[2026-09-25T17:25:11.993+0000] {logging_mixin.py:190} INFO - [2026-09-25T17:25:11.992+0000] {dagbag.py:588} INFO - Filling up the DagBag from /home/airflow/.local/lib/python3.12/site-packages/airflow/example_dags/example_display_name.py
[2026-09-25T17:25:12.027+0000] {processor.py:925} INFO - DAG(s) 'example_display_name' retrieved from /home/airflow/.local/lib/python3.12/site-packages/airflow/example_dags/example_display_name.py
[2026-09-25T17:25:12.267+0000] {logging_mixin.py:190} INFO - [2026-09-25T17:25:12.254+0000] {dag.py:3239} INFO - Sync 1 DAGs
[2026-09-25T17:25:12.560+0000] {logging_mixin.py:190} INFO - [2026-09-25T17:25:12.551+0000] {dag.py:4180} INFO - Setting next_dagrun for example_display_name to None, run_after=None
[2026-09-25T17:25:12.682+0000] {processor.py:208} INFO - Processing /home/airflow/.local/lib/python3.12/site-packages/airflow/example_dags/example_display_name.py took 0.718 seconds
