[2026-09-25T16:15:33.847+0000] {processor.py:186} INFO - Started process (PID=100) to work on /home/airflow/.local/lib/python3.12/site-packages/airflow/example_dags/example_xcomargs.py
[2026-09-25T16:15:33.852+0000] {processor.py:914} INFO - Processing file /home/airflow/.local/lib/python3.12/site-packages/airflow/example_dags/example_xcomargs.py for tasks to queue
[2026-09-25T16:15:33.876+0000] {logging_mixin.py:190} INFO - [2026-09-25T16:15:33.871+0000] {dagbag.py:588} INFO - Filling up the DagBag from /home/airflow/.local/lib/python3.12/site-packages/airflow/example_dags/example_xcomargs.py
[2026-09-25T16:15:33.980+0000] {processor.py:925} INFO - DAG(s) 'example_xcom_args_with_operators', 'example_xcom_args' retrieved from /home/airflow/.local/lib/python3.12/site-packages/airflow/example_dags/example_xcomargs.py
[2026-09-25T16:15:34.243+0000] {logging_mixin.py:190} INFO - [2026-09-25T16:15:34.242+0000] {dag.py:3239} INFO - Sync 2 DAGs
[2026-09-25T16:15:34.333+0000] {logging_mixin.py:190} INFO - [2026-09-25T16:15:34.331+0000] {dag.py:4180} INFO - Setting next_dagrun for example_xcom_args to None, run_after=None
[2026-09-25T16:15:34.366+0000] {logging_mixin.py:190} INFO - [2026-09-25T16:15:34.365+0000] {dag.py:4180} INFO - Setting next_dagrun for example_xcom_args_with_operators to None, run_after=None
[2026-09-25T16:15:34.497+0000] {processor.py:208} INFO - Processing /home/airflow/.local/lib/python3.12/site-packages/airflow/example_dags/example_xcomargs.py took 0.691 seconds
[2026-09-25T16:18:01.050+0000] {processor.py:186} INFO - Started process (PID=187) to work on /home/airflow/.local/lib/python3.12/site-packages/airflow/example_dags/example_xcomargs.py
[2026-09-25T16:18:01.052+0000] {processor.py:914} INFO - Processing file /home/airflow/.local/lib/python3.12/site-packages/airflow/example_dags/example_xcomargs.py for tasks to queue
[2026-09-25T16:18:01.064+0000] {logging_mixin.py:190} INFO - [2026-09-25T16:18:01.064+0000] {dagbag.py:588} INFO - Filling up the DagBag from /home/airflow/.local/lib/python3.12/site-packages/airflow/example_dags/example_xcomargs.py
[2026-09-25T16:18:01.353+0000] {processor.py:925} INFO - DAG(s) 'example_xcom_args_with_operators', 'example_xcom_args' retrieved from /home/airflow/.local/lib/python3.12/site-packages/airflow/example_dags/example_xcomargs.py
[2026-09-25T16:18:02.322+0000] {logging_mixin.py:190} INFO - [2026-09-25T16:18:02.318+0000] {dag.py:3239} INFO - Sync 2 DAGs
[2026-09-25T16:18:03.478+0000] {logging_mixin.py:190} INFO - [2026-09-25T16:18:03.478+0000] {dag.py:4180} INFO - Setting next_dagrun for example_xcom_args to None, run_after=None
[2026-09-25T16:18:03.661+0000] {logging_mixin.py:190} INFO - [2026-09-25T16:18:03.661+0000] {dag.py:4180} INFO - Setting next_dagrun for example_xcom_args_with_operators to None, run_after=None
[2026-09-25T16:18:03.915+0000] {processor.py:208} INFO - Processing /home/airflow/.local/lib/python3.12/site-packages/airflow/example_dags/example_xcomargs.py took 3.081 seconds
[2026-09-25T16:19:33.033+0000] {processor.py:186} INFO - Started process (PID=251) to work on /home/airflow/.local/lib/python3.12/site-packages/airflow/example_dags/example_xcomargs.py
[2026-09-25T16:19:33.036+0000] {processor.py:914} INFO - Processing file /home/airflow/.local/lib/python3.12/site-packages/airflow/example_dags/example_xcomargs.py for tasks to queue
[2026-09-25T16:19:33.042+0000] {logging_mixin.py:190} INFO - [2026-09-25T16:19:33.041+0000] {dagbag.py:588} INFO - Filling up the DagBag from /home/airflow/.local/lib/python3.12/site-packages/airflow/example_dags/example_xcomargs.py
[2026-09-25T16:19:33.074+0000] {processor.py:925} INFO - DAG(s) 'example_xcom_args_with_operators', 'example_xcom_args' retrieved from /home/airflow/.local/lib/python3.12/site-packages/airflow/example_dags/example_xcomargs.py
[2026-09-25T16:19:33.456+0000] {logging_mixin.py:190} INFO - [2026-09-25T16:19:33.455+0000] {dag.py:3239} INFO - Sync 2 DAGs
[2026-09-25T16:19:33.730+0000] {logging_mixin.py:190} INFO - [2026-09-25T16:19:33.729+0000] {dag.py:4180} INFO - Setting next_dagrun for example_xcom_args to None, run_after=None
[2026-09-25T16:19:33.818+0000] {logging_mixin.py:190} INFO - [2026-09-25T16:19:33.817+0000] {dag.py:4180} INFO - Setting next_dagrun for example_xcom_args_with_operators to None, run_after=None
[2026-09-25T16:19:34.608+0000] {processor.py:208} INFO - Processing /home/airflow/.local/lib/python3.12/site-packages/airflow/example_dags/example_xcomargs.py took 1.656 seconds
[2026-09-25T16:20:29.077+0000] {processor.py:186} INFO - Started process (PID=301) to work on /home/airflow/.local/lib/python3.12/site-packages/airflow/example_dags/example_xcomargs.py
[2026-09-25T16:20:29.079+0000] {processor.py:914} INFO - Processing file /home/airflow/.local/lib/python3.12/site-packages/airflow/example_dags/example_xcomargs.py for tasks to queue
[2026-09-25T16:20:29.085+0000] {logging_mixin.py:190} INFO - [2026-09-25T16:20:29.084+0000] {dagbag.py:588} INFO - Filling up the DagBag from /home/airflow/.local/lib/python3.12/site-packages/airflow/example_dags/example_xcomargs.py
[2026-09-25T16:20:29.124+0000] {processor.py:925} INFO - DAG(s) 'example_xcom_args_with_operators', 'example_xcom_args' retrieved from /home/airflow/.local/lib/python3.12/site-packages/airflow/example_dags/example_xcomargs.py
[2026-09-25T16:20:29.194+0000] {logging_mixin.py:190} INFO - [2026-09-25T16:20:29.193+0000] {dag.py:3239} INFO - Sync 2 DAGs
[2026-09-25T16:20:29.254+0000] {logging_mixin.py:190} INFO - [2026-09-25T16:20:29.253+0000] {dag.py:4180} INFO - Setting next_dagrun for example_xcom_args to None, run_after=None
[2026-09-25T16:20:29.266+0000] {logging_mixin.py:190} INFO - [2026-09-25T16:20:29.266+0000] {dag.py:4180} INFO - Setting next_dagrun for example_xcom_args_with_operators to None, run_after=None
[2026-09-25T16:20:29.310+0000] {processor.py:208} INFO - Processing /home/airflow/.local/lib/python3.12/site-packages/airflow/example_dags/example_xcomargs.py took 0.266 seconds
[2026-09-25T16:21:25.097+0000] {processor.py:186} INFO - Started process (PID=355) to work on /home/airflow/.local/lib/python3.12/site-packages/airflow/example_dags/example_xcomargs.py
[2026-09-25T16:21:25.106+0000] {processor.py:914} INFO - Processing file /home/airflow/.local/lib/python3.12/site-packages/airflow/example_dags/example_xcomargs.py for tasks to queue
[2026-09-25T16:21:25.131+0000] {logging_mixin.py:190} INFO - [2026-09-25T16:21:25.127+0000] {dagbag.py:588} INFO - Filling up the DagBag from /home/airflow/.local/lib/python3.12/site-packages/airflow/example_dags/example_xcomargs.py
[2026-09-25T16:21:25.215+0000] {processor.py:925} INFO - DAG(s) 'example_xcom_args_with_operators', 'example_xcom_args' retrieved from /home/airflow/.local/lib/python3.12/site-packages/airflow/example_dags/example_xcomargs.py
[2026-09-25T16:21:25.486+0000] {logging_mixin.py:190} INFO - [2026-09-25T16:21:25.486+0000] {dag.py:3239} INFO - Sync 2 DAGs
[2026-09-25T16:21:25.599+0000] {logging_mixin.py:190} INFO - [2026-09-25T16:21:25.599+0000] {dag.py:4180} INFO - Setting next_dagrun for example_xcom_args to None, run_after=None
[2026-09-25T16:21:25.620+0000] {logging_mixin.py:190} INFO - [2026-09-25T16:21:25.619+0000] {dag.py:4180} INFO - Setting next_dagrun for example_xcom_args_with_operators to None, run_after=None
[2026-09-25T16:21:25.693+0000] {processor.py:208} INFO - Processing /home/airflow/.local/lib/python3.12/site-packages/airflow/example_dags/example_xcomargs.py took 0.667 seconds
[2026-09-25T16:22:32.038+0000] {processor.py:186} INFO - Started process (PID=422) to work on /home/airflow/.local/lib/python3.12/site-packages/airflow/example_dags/example_xcomargs.py
[2026-09-25T16:22:32.042+0000] {processor.py:914} INFO - Processing file /home/airflow/.local/lib/python3.12/site-packages/airflow/example_dags/example_xcomargs.py for tasks to queue
[2026-09-25T16:22:32.064+0000] {logging_mixin.py:190} INFO - [2026-09-25T16:22:32.063+0000] {dagbag.py:588} INFO - Filling up the DagBag from /home/airflow/.local/lib/python3.12/site-packages/airflow/example_dags/example_xcomargs.py
[2026-09-25T16:22:32.108+0000] {processor.py:925} INFO - DAG(s) 'example_xcom_args', 'example_xcom_args_with_operators' retrieved from /home/airflow/.local/lib/python3.12/site-packages/airflow/example_dags/example_xcomargs.py
[2026-09-25T16:22:32.217+0000] {logging_mixin.py:190} INFO - [2026-09-25T16:22:32.216+0000] {dag.py:3239} INFO - Sync 2 DAGs
[2026-09-25T16:22:32.298+0000] {logging_mixin.py:190} INFO - [2026-09-25T16:22:32.295+0000] {dag.py:4180} INFO - Setting next_dagrun for example_xcom_args to None, run_after=None
[2026-09-25T16:22:32.326+0000] {logging_mixin.py:190} INFO - [2026-09-25T16:22:32.325+0000] {dag.py:4180} INFO - Setting next_dagrun for example_xcom_args_with_operators to None, run_after=None
[2026-09-25T16:22:32.436+0000] {processor.py:208} INFO - Processing /home/airflow/.local/lib/python3.12/site-packages/airflow/example_dags/example_xcomargs.py took 0.422 seconds
[2026-09-25T16:23:10.204+0000] {processor.py:186} INFO - Started process (PID=491) to work on /home/airflow/.local/lib/python3.12/site-packages/airflow/example_dags/example_xcomargs.py
[2026-09-25T16:23:10.223+0000] {processor.py:914} INFO - Processing file /home/airflow/.local/lib/python3.12/site-packages/airflow/example_dags/example_xcomargs.py for tasks to queue
[2026-09-25T16:23:10.306+0000] {logging_mixin.py:190} INFO - [2026-09-25T16:23:10.305+0000] {dagbag.py:588} INFO - Filling up the DagBag from /home/airflow/.local/lib/python3.12/site-packages/airflow/example_dags/example_xcomargs.py
[2026-09-25T16:23:10.394+0000] {processor.py:925} INFO - DAG(s) 'example_xcom_args', 'example_xcom_args_with_operators' retrieved from /home/airflow/.local/lib/python3.12/site-packages/airflow/example_dags/example_xcomargs.py
[2026-09-25T16:23:10.510+0000] {logging_mixin.py:190} INFO - [2026-09-25T16:23:10.510+0000] {dag.py:3239} INFO - Sync 2 DAGs
[2026-09-25T16:23:10.570+0000] {logging_mixin.py:190} INFO - [2026-09-25T16:23:10.569+0000] {dag.py:4180} INFO - Setting next_dagrun for example_xcom_args to None, run_after=None
[2026-09-25T16:23:10.599+0000] {logging_mixin.py:190} INFO - [2026-09-25T16:23:10.596+0000] {dag.py:4180} INFO - Setting next_dagrun for example_xcom_args_with_operators to None, run_after=None
[2026-09-25T16:23:10.769+0000] {processor.py:208} INFO - Processing /home/airflow/.local/lib/python3.12/site-packages/airflow/example_dags/example_xcomargs.py took 0.601 seconds
[2026-09-25T16:23:52.492+0000] {processor.py:186} INFO - Started process (PID=555) to work on /home/airflow/.local/lib/python3.12/site-packages/airflow/example_dags/example_xcomargs.py
[2026-09-25T16:23:52.495+0000] {processor.py:914} INFO - Processing file /home/airflow/.local/lib/python3.12/site-packages/airflow/example_dags/example_xcomargs.py for tasks to queue
[2026-09-25T16:23:52.520+0000] {logging_mixin.py:190} INFO - [2026-09-25T16:23:52.518+0000] {dagbag.py:588} INFO - Filling up the DagBag from /home/airflow/.local/lib/python3.12/site-packages/airflow/example_dags/example_xcomargs.py
[2026-09-25T16:23:52.544+0000] {processor.py:925} INFO - DAG(s) 'example_xcom_args_with_operators', 'example_xcom_args' retrieved from /home/airflow/.local/lib/python3.12/site-packages/airflow/example_dags/example_xcomargs.py
[2026-09-25T16:23:52.646+0000] {logging_mixin.py:190} INFO - [2026-09-25T16:23:52.645+0000] {dag.py:3239} INFO - Sync 2 DAGs
[2026-09-25T16:23:52.692+0000] {logging_mixin.py:190} INFO - [2026-09-25T16:23:52.692+0000] {dag.py:4180} INFO - Setting next_dagrun for example_xcom_args to None, run_after=None
[2026-09-25T16:23:52.706+0000] {logging_mixin.py:190} INFO - [2026-09-25T16:23:52.705+0000] {dag.py:4180} INFO - Setting next_dagrun for example_xcom_args_with_operators to None, run_after=None
[2026-09-25T16:23:52.759+0000] {processor.py:208} INFO - Processing /home/airflow/.local/lib/python3.12/site-packages/airflow/example_dags/example_xcomargs.py took 0.269 seconds
[2026-09-25T16:24:23.221+0000] {processor.py:186} INFO - Started process (PID=618) to work on /home/airflow/.local/lib/python3.12/site-packages/airflow/example_dags/example_xcomargs.py
[2026-09-25T16:24:23.223+0000] {processor.py:914} INFO - Processing file /home/airflow/.local/lib/python3.12/site-packages/airflow/example_dags/example_xcomargs.py for tasks to queue
[2026-09-25T16:24:23.229+0000] {logging_mixin.py:190} INFO - [2026-09-25T16:24:23.228+0000] {dagbag.py:588} INFO - Filling up the DagBag from /home/airflow/.local/lib/python3.12/site-packages/airflow/example_dags/example_xcomargs.py
[2026-09-25T16:24:23.251+0000] {processor.py:925} INFO - DAG(s) 'example_xcom_args_with_operators', 'example_xcom_args' retrieved from /home/airflow/.local/lib/python3.12/site-packages/airflow/example_dags/example_xcomargs.py
[2026-09-25T16:24:23.305+0000] {logging_mixin.py:190} INFO - [2026-09-25T16:24:23.304+0000] {dag.py:3239} INFO - Sync 2 DAGs
[2026-09-25T16:24:23.339+0000] {logging_mixin.py:190} INFO - [2026-09-25T16:24:23.339+0000] {dag.py:4180} INFO - Setting next_dagrun for example_xcom_args to None, run_after=None
[2026-09-25T16:24:23.358+0000] {logging_mixin.py:190} INFO - [2026-09-25T16:24:23.357+0000] {dag.py:4180} INFO - Setting next_dagrun for example_xcom_args_with_operators to None, run_after=None
[2026-09-25T16:24:23.394+0000] {processor.py:208} INFO - Processing /home/airflow/.local/lib/python3.12/site-packages/airflow/example_dags/example_xcomargs.py took 0.187 seconds
[2026-09-25T16:25:10.562+0000] {processor.py:186} INFO - Started process (PID=679) to work on /home/airflow/.local/lib/python3.12/site-packages/airflow/example_dags/example_xcomargs.py
[2026-09-25T16:25:10.566+0000] {processor.py:914} INFO - Processing file /home/airflow/.local/lib/python3.12/site-packages/airflow/example_dags/example_xcomargs.py for tasks to queue
[2026-09-25T16:25:10.572+0000] {logging_mixin.py:190} INFO - [2026-09-25T16:25:10.572+0000] {dagbag.py:588} INFO - Filling up the DagBag from /home/airflow/.local/lib/python3.12/site-packages/airflow/example_dags/example_xcomargs.py
[2026-09-25T16:25:10.612+0000] {processor.py:925} INFO - DAG(s) 'example_xcom_args', 'example_xcom_args_with_operators' retrieved from /home/airflow/.local/lib/python3.12/site-packages/airflow/example_dags/example_xcomargs.py
[2026-09-25T16:25:10.689+0000] {logging_mixin.py:190} INFO - [2026-09-25T16:25:10.688+0000] {dag.py:3239} INFO - Sync 2 DAGs
[2026-09-25T16:25:10.767+0000] {logging_mixin.py:190} INFO - [2026-09-25T16:25:10.766+0000] {dag.py:4180} INFO - Setting next_dagrun for example_xcom_args to None, run_after=None
[2026-09-25T16:25:10.780+0000] {logging_mixin.py:190} INFO - [2026-09-25T16:25:10.780+0000] {dag.py:4180} INFO - Setting next_dagrun for example_xcom_args_with_operators to None, run_after=None
[2026-09-25T16:25:10.838+0000] {processor.py:208} INFO - Processing /home/airflow/.local/lib/python3.12/site-packages/airflow/example_dags/example_xcomargs.py took 0.307 seconds
[2026-09-25T16:25:49.472+0000] {processor.py:186} INFO - Started process (PID=741) to work on /home/airflow/.local/lib/python3.12/site-packages/airflow/example_dags/example_xcomargs.py
[2026-09-25T16:25:49.478+0000] {processor.py:914} INFO - Processing file /home/airflow/.local/lib/python3.12/site-packages/airflow/example_dags/example_xcomargs.py for tasks to queue
[2026-09-25T16:25:49.520+0000] {logging_mixin.py:190} INFO - [2026-09-25T16:25:49.519+0000] {dagbag.py:588} INFO - Filling up the DagBag from /home/airflow/.local/lib/python3.12/site-packages/airflow/example_dags/example_xcomargs.py
[2026-09-25T16:25:49.668+0000] {processor.py:925} INFO - DAG(s) 'example_xcom_args', 'example_xcom_args_with_operators' retrieved from /home/airflow/.local/lib/python3.12/site-packages/airflow/example_dags/example_xcomargs.py
[2026-09-25T16:25:50.169+0000] {logging_mixin.py:190} INFO - [2026-09-25T16:25:50.169+0000] {dag.py:3239} INFO - Sync 2 DAGs
[2026-09-25T16:25:50.421+0000] {logging_mixin.py:190} INFO - [2026-09-25T16:25:50.420+0000] {dag.py:4180} INFO - Setting next_dagrun for example_xcom_args to None, run_after=None
[2026-09-25T16:25:50.529+0000] {logging_mixin.py:190} INFO - [2026-09-25T16:25:50.526+0000] {dag.py:4180} INFO - Setting next_dagrun for example_xcom_args_with_operators to None, run_after=None
[2026-09-25T16:25:50.682+0000] {processor.py:208} INFO - Processing /home/airflow/.local/lib/python3.12/site-packages/airflow/example_dags/example_xcomargs.py took 1.246 seconds
[2026-09-25T16:26:21.347+0000] {processor.py:186} INFO - Started process (PID=803) to work on /home/airflow/.local/lib/python3.12/site-packages/airflow/example_dags/example_xcomargs.py
[2026-09-25T16:26:21.349+0000] {processor.py:914} INFO - Processing file /home/airflow/.local/lib/python3.12/site-packages/airflow/example_dags/example_xcomargs.py for tasks to queue
[2026-09-25T16:26:21.355+0000] {logging_mixin.py:190} INFO - [2026-09-25T16:26:21.354+0000] {dagbag.py:588} INFO - Filling up the DagBag from /home/airflow/.local/lib/python3.12/site-packages/airflow/example_dags/example_xcomargs.py
[2026-09-25T16:26:21.374+0000] {processor.py:925} INFO - DAG(s) 'example_xcom_args', 'example_xcom_args_with_operators' retrieved from /home/airflow/.local/lib/python3.12/site-packages/airflow/example_dags/example_xcomargs.py
[2026-09-25T16:26:21.424+0000] {logging_mixin.py:190} INFO - [2026-09-25T16:26:21.424+0000] {dag.py:3239} INFO - Sync 2 DAGs
[2026-09-25T16:26:21.459+0000] {logging_mixin.py:190} INFO - [2026-09-25T16:26:21.458+0000] {dag.py:4180} INFO - Setting next_dagrun for example_xcom_args to None, run_after=None
[2026-09-25T16:26:21.467+0000] {logging_mixin.py:190} INFO - [2026-09-25T16:26:21.466+0000] {dag.py:4180} INFO - Setting next_dagrun for example_xcom_args_with_operators to None, run_after=None
[2026-09-25T16:26:21.513+0000] {processor.py:208} INFO - Processing /home/airflow/.local/lib/python3.12/site-packages/airflow/example_dags/example_xcomargs.py took 0.178 seconds
[2026-09-25T16:26:54.711+0000] {processor.py:186} INFO - Started process (PID=865) to work on /home/airflow/.local/lib/python3.12/site-packages/airflow/example_dags/example_xcomargs.py
[2026-09-25T16:26:54.714+0000] {processor.py:914} INFO - Processing file /home/airflow/.local/lib/python3.12/site-packages/airflow/example_dags/example_xcomargs.py for tasks to queue
[2026-09-25T16:26:54.721+0000] {logging_mixin.py:190} INFO - [2026-09-25T16:26:54.720+0000] {dagbag.py:588} INFO - Filling up the DagBag from /home/airflow/.local/lib/python3.12/site-packages/airflow/example_dags/example_xcomargs.py
[2026-09-25T16:26:54.779+0000] {processor.py:925} INFO - DAG(s) 'example_xcom_args', 'example_xcom_args_with_operators' retrieved from /home/airflow/.local/lib/python3.12/site-packages/airflow/example_dags/example_xcomargs.py
[2026-09-25T16:26:54.894+0000] {logging_mixin.py:190} INFO - [2026-09-25T16:26:54.892+0000] {dag.py:3239} INFO - Sync 2 DAGs
[2026-09-25T16:26:54.974+0000] {logging_mixin.py:190} INFO - [2026-09-25T16:26:54.973+0000] {dag.py:4180} INFO - Setting next_dagrun for example_xcom_args to None, run_after=None
[2026-09-25T16:26:55.115+0000] {logging_mixin.py:190} INFO - [2026-09-25T16:26:55.114+0000] {dag.py:4180} INFO - Setting next_dagrun for example_xcom_args_with_operators to None, run_after=None
[2026-09-25T16:26:55.488+0000] {processor.py:208} INFO - Processing /home/airflow/.local/lib/python3.12/site-packages/airflow/example_dags/example_xcomargs.py took 0.816 seconds
[2026-09-25T16:27:26.660+0000] {processor.py:186} INFO - Started process (PID=927) to work on /home/airflow/.local/lib/python3.12/site-packages/airflow/example_dags/example_xcomargs.py
[2026-09-25T16:27:26.668+0000] {processor.py:914} INFO - Processing file /home/airflow/.local/lib/python3.12/site-packages/airflow/example_dags/example_xcomargs.py for tasks to queue
[2026-09-25T16:27:26.685+0000] {logging_mixin.py:190} INFO - [2026-09-25T16:27:26.684+0000] {dagbag.py:588} INFO - Filling up the DagBag from /home/airflow/.local/lib/python3.12/site-packages/airflow/example_dags/example_xcomargs.py
[2026-09-25T16:27:26.774+0000] {processor.py:925} INFO - DAG(s) 'example_xcom_args', 'example_xcom_args_with_operators' retrieved from /home/airflow/.local/lib/python3.12/site-packages/airflow/example_dags/example_xcomargs.py
[2026-09-25T16:27:26.968+0000] {logging_mixin.py:190} INFO - [2026-09-25T16:27:26.967+0000] {dag.py:3239} INFO - Sync 2 DAGs
[2026-09-25T16:27:27.098+0000] {logging_mixin.py:190} INFO - [2026-09-25T16:27:27.098+0000] {dag.py:4180} INFO - Setting next_dagrun for example_xcom_args to None, run_after=None
[2026-09-25T16:27:27.163+0000] {logging_mixin.py:190} INFO - [2026-09-25T16:27:27.163+0000] {dag.py:4180} INFO - Setting next_dagrun for example_xcom_args_with_operators to None, run_after=None
[2026-09-25T16:27:27.340+0000] {processor.py:208} INFO - Processing /home/airflow/.local/lib/python3.12/site-packages/airflow/example_dags/example_xcomargs.py took 0.764 seconds
[2026-09-25T16:28:22.973+0000] {processor.py:186} INFO - Started process (PID=997) to work on /home/airflow/.local/lib/python3.12/site-packages/airflow/example_dags/example_xcomargs.py
[2026-09-25T16:28:22.980+0000] {processor.py:914} INFO - Processing file /home/airflow/.local/lib/python3.12/site-packages/airflow/example_dags/example_xcomargs.py for tasks to queue
[2026-09-25T16:28:23.062+0000] {logging_mixin.py:190} INFO - [2026-09-25T16:28:23.014+0000] {dagbag.py:588} INFO - Filling up the DagBag from /home/airflow/.local/lib/python3.12/site-packages/airflow/example_dags/example_xcomargs.py
[2026-09-25T16:28:23.324+0000] {processor.py:925} INFO - DAG(s) 'example_xcom_args', 'example_xcom_args_with_operators' retrieved from /home/airflow/.local/lib/python3.12/site-packages/airflow/example_dags/example_xcomargs.py
[2026-09-25T16:28:23.807+0000] {logging_mixin.py:190} INFO - [2026-09-25T16:28:23.807+0000] {dag.py:3239} INFO - Sync 2 DAGs
[2026-09-25T16:28:24.175+0000] {logging_mixin.py:190} INFO - [2026-09-25T16:28:24.175+0000] {dag.py:4180} INFO - Setting next_dagrun for example_xcom_args to None, run_after=None
[2026-09-25T16:28:24.190+0000] {logging_mixin.py:190} INFO - [2026-09-25T16:28:24.189+0000] {dag.py:4180} INFO - Setting next_dagrun for example_xcom_args_with_operators to None, run_after=None
[2026-09-25T16:28:24.277+0000] {processor.py:208} INFO - Processing /home/airflow/.local/lib/python3.12/site-packages/airflow/example_dags/example_xcomargs.py took 1.420 seconds
[2026-09-25T16:29:02.270+0000] {processor.py:186} INFO - Started process (PID=1050) to work on /home/airflow/.local/lib/python3.12/site-packages/airflow/example_dags/example_xcomargs.py
[2026-09-25T16:29:02.275+0000] {processor.py:914} INFO - Processing file /home/airflow/.local/lib/python3.12/site-packages/airflow/example_dags/example_xcomargs.py for tasks to queue
[2026-09-25T16:29:02.283+0000] {logging_mixin.py:190} INFO - [2026-09-25T16:29:02.283+0000] {dagbag.py:588} INFO - Filling up the DagBag from /home/airflow/.local/lib/python3.12/site-packages/airflow/example_dags/example_xcomargs.py
[2026-09-25T16:29:02.337+0000] {processor.py:925} INFO - DAG(s) 'example_xcom_args', 'example_xcom_args_with_operators' retrieved from /home/airflow/.local/lib/python3.12/site-packages/airflow/example_dags/example_xcomargs.py
[2026-09-25T16:29:02.427+0000] {logging_mixin.py:190} INFO - [2026-09-25T16:29:02.426+0000] {dag.py:3239} INFO - Sync 2 DAGs
[2026-09-25T16:29:02.496+0000] {logging_mixin.py:190} INFO - [2026-09-25T16:29:02.495+0000] {dag.py:4180} INFO - Setting next_dagrun for example_xcom_args to None, run_after=None
[2026-09-25T16:29:02.512+0000] {logging_mixin.py:190} INFO - [2026-09-25T16:29:02.510+0000] {dag.py:4180} INFO - Setting next_dagrun for example_xcom_args_with_operators to None, run_after=None
[2026-09-25T16:29:02.555+0000] {processor.py:208} INFO - Processing /home/airflow/.local/lib/python3.12/site-packages/airflow/example_dags/example_xcomargs.py took 0.328 seconds
[2026-09-25T16:43:28.767+0000] {processor.py:186} INFO - Started process (PID=76) to work on /home/airflow/.local/lib/python3.12/site-packages/airflow/example_dags/example_xcomargs.py
[2026-09-25T16:43:28.772+0000] {processor.py:914} INFO - Processing file /home/airflow/.local/lib/python3.12/site-packages/airflow/example_dags/example_xcomargs.py for tasks to queue
[2026-09-25T16:43:28.789+0000] {logging_mixin.py:190} INFO - [2026-09-25T16:43:28.783+0000] {dagbag.py:588} INFO - Filling up the DagBag from /home/airflow/.local/lib/python3.12/site-packages/airflow/example_dags/example_xcomargs.py
[2026-09-25T16:43:29.728+0000] {processor.py:925} INFO - DAG(s) 'example_xcom_args_with_operators', 'example_xcom_args' retrieved from /home/airflow/.local/lib/python3.12/site-packages/airflow/example_dags/example_xcomargs.py
[2026-09-25T16:43:30.599+0000] {logging_mixin.py:190} INFO - [2026-09-25T16:43:30.598+0000] {dag.py:3239} INFO - Sync 2 DAGs
[2026-09-25T16:43:31.457+0000] {logging_mixin.py:190} INFO - [2026-09-25T16:43:31.456+0000] {dag.py:4180} INFO - Setting next_dagrun for example_xcom_args to None, run_after=None
[2026-09-25T16:43:31.531+0000] {logging_mixin.py:190} INFO - [2026-09-25T16:43:31.531+0000] {dag.py:4180} INFO - Setting next_dagrun for example_xcom_args_with_operators to None, run_after=None
[2026-09-25T16:43:31.981+0000] {processor.py:208} INFO - Processing /home/airflow/.local/lib/python3.12/site-packages/airflow/example_dags/example_xcomargs.py took 3.417 seconds
[2026-09-25T16:44:06.358+0000] {processor.py:186} INFO - Started process (PID=144) to work on /home/airflow/.local/lib/python3.12/site-packages/airflow/example_dags/example_xcomargs.py
[2026-09-25T16:44:06.362+0000] {processor.py:914} INFO - Processing file /home/airflow/.local/lib/python3.12/site-packages/airflow/example_dags/example_xcomargs.py for tasks to queue
[2026-09-25T16:44:06.369+0000] {logging_mixin.py:190} INFO - [2026-09-25T16:44:06.368+0000] {dagbag.py:588} INFO - Filling up the DagBag from /home/airflow/.local/lib/python3.12/site-packages/airflow/example_dags/example_xcomargs.py
[2026-09-25T16:44:06.405+0000] {processor.py:925} INFO - DAG(s) 'example_xcom_args', 'example_xcom_args_with_operators' retrieved from /home/airflow/.local/lib/python3.12/site-packages/airflow/example_dags/example_xcomargs.py
[2026-09-25T16:44:06.473+0000] {logging_mixin.py:190} INFO - [2026-09-25T16:44:06.473+0000] {dag.py:3239} INFO - Sync 2 DAGs
[2026-09-25T16:44:06.528+0000] {logging_mixin.py:190} INFO - [2026-09-25T16:44:06.527+0000] {dag.py:4180} INFO - Setting next_dagrun for example_xcom_args to None, run_after=None
[2026-09-25T16:44:06.539+0000] {logging_mixin.py:190} INFO - [2026-09-25T16:44:06.538+0000] {dag.py:4180} INFO - Setting next_dagrun for example_xcom_args_with_operators to None, run_after=None
[2026-09-25T16:44:06.592+0000] {processor.py:208} INFO - Processing /home/airflow/.local/lib/python3.12/site-packages/airflow/example_dags/example_xcomargs.py took 0.260 seconds
[2026-09-25T16:44:37.293+0000] {processor.py:186} INFO - Started process (PID=207) to work on /home/airflow/.local/lib/python3.12/site-packages/airflow/example_dags/example_xcomargs.py
[2026-09-25T16:44:37.297+0000] {processor.py:914} INFO - Processing file /home/airflow/.local/lib/python3.12/site-packages/airflow/example_dags/example_xcomargs.py for tasks to queue
[2026-09-25T16:44:37.304+0000] {logging_mixin.py:190} INFO - [2026-09-25T16:44:37.303+0000] {dagbag.py:588} INFO - Filling up the DagBag from /home/airflow/.local/lib/python3.12/site-packages/airflow/example_dags/example_xcomargs.py
[2026-09-25T16:44:37.329+0000] {processor.py:925} INFO - DAG(s) 'example_xcom_args_with_operators', 'example_xcom_args' retrieved from /home/airflow/.local/lib/python3.12/site-packages/airflow/example_dags/example_xcomargs.py
[2026-09-25T16:44:37.380+0000] {logging_mixin.py:190} INFO - [2026-09-25T16:44:37.380+0000] {dag.py:3239} INFO - Sync 2 DAGs
[2026-09-25T16:44:37.415+0000] {logging_mixin.py:190} INFO - [2026-09-25T16:44:37.415+0000] {dag.py:4180} INFO - Setting next_dagrun for example_xcom_args to None, run_after=None
[2026-09-25T16:44:37.425+0000] {logging_mixin.py:190} INFO - [2026-09-25T16:44:37.423+0000] {dag.py:4180} INFO - Setting next_dagrun for example_xcom_args_with_operators to None, run_after=None
[2026-09-25T16:44:37.464+0000] {processor.py:208} INFO - Processing /home/airflow/.local/lib/python3.12/site-packages/airflow/example_dags/example_xcomargs.py took 0.186 seconds
[2026-09-25T16:45:15.770+0000] {processor.py:186} INFO - Started process (PID=270) to work on /home/airflow/.local/lib/python3.12/site-packages/airflow/example_dags/example_xcomargs.py
[2026-09-25T16:45:15.774+0000] {processor.py:914} INFO - Processing file /home/airflow/.local/lib/python3.12/site-packages/airflow/example_dags/example_xcomargs.py for tasks to queue
[2026-09-25T16:45:15.780+0000] {logging_mixin.py:190} INFO - [2026-09-25T16:45:15.780+0000] {dagbag.py:588} INFO - Filling up the DagBag from /home/airflow/.local/lib/python3.12/site-packages/airflow/example_dags/example_xcomargs.py
[2026-09-25T16:45:15.802+0000] {processor.py:925} INFO - DAG(s) 'example_xcom_args', 'example_xcom_args_with_operators' retrieved from /home/airflow/.local/lib/python3.12/site-packages/airflow/example_dags/example_xcomargs.py
[2026-09-25T16:45:15.849+0000] {logging_mixin.py:190} INFO - [2026-09-25T16:45:15.849+0000] {dag.py:3239} INFO - Sync 2 DAGs
[2026-09-25T16:45:15.881+0000] {logging_mixin.py:190} INFO - [2026-09-25T16:45:15.881+0000] {dag.py:4180} INFO - Setting next_dagrun for example_xcom_args to None, run_after=None
[2026-09-25T16:45:15.890+0000] {logging_mixin.py:190} INFO - [2026-09-25T16:45:15.889+0000] {dag.py:4180} INFO - Setting next_dagrun for example_xcom_args_with_operators to None, run_after=None
[2026-09-25T16:45:15.935+0000] {processor.py:208} INFO - Processing /home/airflow/.local/lib/python3.12/site-packages/airflow/example_dags/example_xcomargs.py took 0.180 seconds
[2026-09-25T16:45:48.877+0000] {processor.py:186} INFO - Started process (PID=325) to work on /home/airflow/.local/lib/python3.12/site-packages/airflow/example_dags/example_xcomargs.py
[2026-09-25T16:45:48.882+0000] {processor.py:914} INFO - Processing file /home/airflow/.local/lib/python3.12/site-packages/airflow/example_dags/example_xcomargs.py for tasks to queue
[2026-09-25T16:45:48.888+0000] {logging_mixin.py:190} INFO - [2026-09-25T16:45:48.887+0000] {dagbag.py:588} INFO - Filling up the DagBag from /home/airflow/.local/lib/python3.12/site-packages/airflow/example_dags/example_xcomargs.py
[2026-09-25T16:45:48.916+0000] {processor.py:925} INFO - DAG(s) 'example_xcom_args', 'example_xcom_args_with_operators' retrieved from /home/airflow/.local/lib/python3.12/site-packages/airflow/example_dags/example_xcomargs.py
[2026-09-25T16:45:48.974+0000] {logging_mixin.py:190} INFO - [2026-09-25T16:45:48.974+0000] {dag.py:3239} INFO - Sync 2 DAGs
[2026-09-25T16:45:49.033+0000] {logging_mixin.py:190} INFO - [2026-09-25T16:45:49.033+0000] {dag.py:4180} INFO - Setting next_dagrun for example_xcom_args to None, run_after=None
[2026-09-25T16:45:49.042+0000] {logging_mixin.py:190} INFO - [2026-09-25T16:45:49.041+0000] {dag.py:4180} INFO - Setting next_dagrun for example_xcom_args_with_operators to None, run_after=None
[2026-09-25T16:45:49.092+0000] {processor.py:208} INFO - Processing /home/airflow/.local/lib/python3.12/site-packages/airflow/example_dags/example_xcomargs.py took 0.229 seconds
[2026-09-25T16:46:22.220+0000] {processor.py:186} INFO - Started process (PID=387) to work on /home/airflow/.local/lib/python3.12/site-packages/airflow/example_dags/example_xcomargs.py
[2026-09-25T16:46:22.234+0000] {processor.py:914} INFO - Processing file /home/airflow/.local/lib/python3.12/site-packages/airflow/example_dags/example_xcomargs.py for tasks to queue
[2026-09-25T16:46:22.249+0000] {logging_mixin.py:190} INFO - [2026-09-25T16:46:22.249+0000] {dagbag.py:588} INFO - Filling up the DagBag from /home/airflow/.local/lib/python3.12/site-packages/airflow/example_dags/example_xcomargs.py
[2026-09-25T16:46:22.320+0000] {processor.py:925} INFO - DAG(s) 'example_xcom_args_with_operators', 'example_xcom_args' retrieved from /home/airflow/.local/lib/python3.12/site-packages/airflow/example_dags/example_xcomargs.py
[2026-09-25T16:46:22.394+0000] {logging_mixin.py:190} INFO - [2026-09-25T16:46:22.393+0000] {dag.py:3239} INFO - Sync 2 DAGs
[2026-09-25T16:46:22.453+0000] {logging_mixin.py:190} INFO - [2026-09-25T16:46:22.452+0000] {dag.py:4180} INFO - Setting next_dagrun for example_xcom_args to None, run_after=None
[2026-09-25T16:46:22.471+0000] {logging_mixin.py:190} INFO - [2026-09-25T16:46:22.471+0000] {dag.py:4180} INFO - Setting next_dagrun for example_xcom_args_with_operators to None, run_after=None
[2026-09-25T16:46:22.528+0000] {processor.py:208} INFO - Processing /home/airflow/.local/lib/python3.12/site-packages/airflow/example_dags/example_xcomargs.py took 0.329 seconds
[2026-09-25T16:46:53.925+0000] {processor.py:186} INFO - Started process (PID=450) to work on /home/airflow/.local/lib/python3.12/site-packages/airflow/example_dags/example_xcomargs.py
[2026-09-25T16:46:53.934+0000] {processor.py:914} INFO - Processing file /home/airflow/.local/lib/python3.12/site-packages/airflow/example_dags/example_xcomargs.py for tasks to queue
[2026-09-25T16:46:53.946+0000] {logging_mixin.py:190} INFO - [2026-09-25T16:46:53.944+0000] {dagbag.py:588} INFO - Filling up the DagBag from /home/airflow/.local/lib/python3.12/site-packages/airflow/example_dags/example_xcomargs.py
[2026-09-25T16:46:54.004+0000] {processor.py:925} INFO - DAG(s) 'example_xcom_args', 'example_xcom_args_with_operators' retrieved from /home/airflow/.local/lib/python3.12/site-packages/airflow/example_dags/example_xcomargs.py
[2026-09-25T16:46:54.106+0000] {logging_mixin.py:190} INFO - [2026-09-25T16:46:54.106+0000] {dag.py:3239} INFO - Sync 2 DAGs
[2026-09-25T16:46:54.184+0000] {logging_mixin.py:190} INFO - [2026-09-25T16:46:54.184+0000] {dag.py:4180} INFO - Setting next_dagrun for example_xcom_args to None, run_after=None
[2026-09-25T16:46:54.200+0000] {logging_mixin.py:190} INFO - [2026-09-25T16:46:54.198+0000] {dag.py:4180} INFO - Setting next_dagrun for example_xcom_args_with_operators to None, run_after=None
[2026-09-25T16:46:54.249+0000] {processor.py:208} INFO - Processing /home/airflow/.local/lib/python3.12/site-packages/airflow/example_dags/example_xcomargs.py took 0.348 seconds
[2026-09-25T16:47:31.561+0000] {processor.py:186} INFO - Started process (PID=512) to work on /home/airflow/.local/lib/python3.12/site-packages/airflow/example_dags/example_xcomargs.py
[2026-09-25T16:47:31.563+0000] {processor.py:914} INFO - Processing file /home/airflow/.local/lib/python3.12/site-packages/airflow/example_dags/example_xcomargs.py for tasks to queue
[2026-09-25T16:47:31.568+0000] {logging_mixin.py:190} INFO - [2026-09-25T16:47:31.567+0000] {dagbag.py:588} INFO - Filling up the DagBag from /home/airflow/.local/lib/python3.12/site-packages/airflow/example_dags/example_xcomargs.py
[2026-09-25T16:47:31.589+0000] {processor.py:925} INFO - DAG(s) 'example_xcom_args', 'example_xcom_args_with_operators' retrieved from /home/airflow/.local/lib/python3.12/site-packages/airflow/example_dags/example_xcomargs.py
[2026-09-25T16:47:31.664+0000] {logging_mixin.py:190} INFO - [2026-09-25T16:47:31.663+0000] {dag.py:3239} INFO - Sync 2 DAGs
[2026-09-25T16:47:31.761+0000] {logging_mixin.py:190} INFO - [2026-09-25T16:47:31.757+0000] {dag.py:4180} INFO - Setting next_dagrun for example_xcom_args to None, run_after=None
[2026-09-25T16:47:31.801+0000] {logging_mixin.py:190} INFO - [2026-09-25T16:47:31.797+0000] {dag.py:4180} INFO - Setting next_dagrun for example_xcom_args_with_operators to None, run_after=None
[2026-09-25T16:47:32.334+0000] {processor.py:208} INFO - Processing /home/airflow/.local/lib/python3.12/site-packages/airflow/example_dags/example_xcomargs.py took 0.786 seconds
[2026-09-25T16:48:12.460+0000] {processor.py:186} INFO - Started process (PID=579) to work on /home/airflow/.local/lib/python3.12/site-packages/airflow/example_dags/example_xcomargs.py
[2026-09-25T16:48:12.463+0000] {processor.py:914} INFO - Processing file /home/airflow/.local/lib/python3.12/site-packages/airflow/example_dags/example_xcomargs.py for tasks to queue
[2026-09-25T16:48:12.469+0000] {logging_mixin.py:190} INFO - [2026-09-25T16:48:12.468+0000] {dagbag.py:588} INFO - Filling up the DagBag from /home/airflow/.local/lib/python3.12/site-packages/airflow/example_dags/example_xcomargs.py
[2026-09-25T16:48:12.491+0000] {processor.py:925} INFO - DAG(s) 'example_xcom_args_with_operators', 'example_xcom_args' retrieved from /home/airflow/.local/lib/python3.12/site-packages/airflow/example_dags/example_xcomargs.py
[2026-09-25T16:48:12.549+0000] {logging_mixin.py:190} INFO - [2026-09-25T16:48:12.549+0000] {dag.py:3239} INFO - Sync 2 DAGs
[2026-09-25T16:48:12.592+0000] {logging_mixin.py:190} INFO - [2026-09-25T16:48:12.592+0000] {dag.py:4180} INFO - Setting next_dagrun for example_xcom_args to None, run_after=None
[2026-09-25T16:48:12.603+0000] {logging_mixin.py:190} INFO - [2026-09-25T16:48:12.602+0000] {dag.py:4180} INFO - Setting next_dagrun for example_xcom_args_with_operators to None, run_after=None
[2026-09-25T16:48:12.697+0000] {processor.py:208} INFO - Processing /home/airflow/.local/lib/python3.12/site-packages/airflow/example_dags/example_xcomargs.py took 0.252 seconds
[2026-09-25T16:48:45.572+0000] {processor.py:186} INFO - Started process (PID=641) to work on /home/airflow/.local/lib/python3.12/site-packages/airflow/example_dags/example_xcomargs.py
[2026-09-25T16:48:45.586+0000] {processor.py:914} INFO - Processing file /home/airflow/.local/lib/python3.12/site-packages/airflow/example_dags/example_xcomargs.py for tasks to queue
[2026-09-25T16:48:45.612+0000] {logging_mixin.py:190} INFO - [2026-09-25T16:48:45.611+0000] {dagbag.py:588} INFO - Filling up the DagBag from /home/airflow/.local/lib/python3.12/site-packages/airflow/example_dags/example_xcomargs.py
[2026-09-25T16:48:45.676+0000] {processor.py:925} INFO - DAG(s) 'example_xcom_args', 'example_xcom_args_with_operators' retrieved from /home/airflow/.local/lib/python3.12/site-packages/airflow/example_dags/example_xcomargs.py
[2026-09-25T16:48:45.808+0000] {logging_mixin.py:190} INFO - [2026-09-25T16:48:45.805+0000] {dag.py:3239} INFO - Sync 2 DAGs
[2026-09-25T16:48:45.899+0000] {logging_mixin.py:190} INFO - [2026-09-25T16:48:45.899+0000] {dag.py:4180} INFO - Setting next_dagrun for example_xcom_args to None, run_after=None
[2026-09-25T16:48:45.909+0000] {logging_mixin.py:190} INFO - [2026-09-25T16:48:45.909+0000] {dag.py:4180} INFO - Setting next_dagrun for example_xcom_args_with_operators to None, run_after=None
[2026-09-25T16:48:45.957+0000] {processor.py:208} INFO - Processing /home/airflow/.local/lib/python3.12/site-packages/airflow/example_dags/example_xcomargs.py took 0.420 seconds
[2026-09-25T16:49:16.508+0000] {processor.py:186} INFO - Started process (PID=704) to work on /home/airflow/.local/lib/python3.12/site-packages/airflow/example_dags/example_xcomargs.py
[2026-09-25T16:49:16.513+0000] {processor.py:914} INFO - Processing file /home/airflow/.local/lib/python3.12/site-packages/airflow/example_dags/example_xcomargs.py for tasks to queue
[2026-09-25T16:49:16.523+0000] {logging_mixin.py:190} INFO - [2026-09-25T16:49:16.522+0000] {dagbag.py:588} INFO - Filling up the DagBag from /home/airflow/.local/lib/python3.12/site-packages/airflow/example_dags/example_xcomargs.py
[2026-09-25T16:49:16.555+0000] {processor.py:925} INFO - DAG(s) 'example_xcom_args', 'example_xcom_args_with_operators' retrieved from /home/airflow/.local/lib/python3.12/site-packages/airflow/example_dags/example_xcomargs.py
[2026-09-25T16:49:16.616+0000] {logging_mixin.py:190} INFO - [2026-09-25T16:49:16.615+0000] {dag.py:3239} INFO - Sync 2 DAGs
[2026-09-25T16:49:16.665+0000] {logging_mixin.py:190} INFO - [2026-09-25T16:49:16.665+0000] {dag.py:4180} INFO - Setting next_dagrun for example_xcom_args to None, run_after=None
[2026-09-25T16:49:16.680+0000] {logging_mixin.py:190} INFO - [2026-09-25T16:49:16.679+0000] {dag.py:4180} INFO - Setting next_dagrun for example_xcom_args_with_operators to None, run_after=None
[2026-09-25T16:49:16.727+0000] {processor.py:208} INFO - Processing /home/airflow/.local/lib/python3.12/site-packages/airflow/example_dags/example_xcomargs.py took 0.239 seconds
[2026-09-25T16:56:27.731+0000] {processor.py:186} INFO - Started process (PID=88) to work on /home/airflow/.local/lib/python3.12/site-packages/airflow/example_dags/example_xcomargs.py
[2026-09-25T16:56:27.734+0000] {processor.py:914} INFO - Processing file /home/airflow/.local/lib/python3.12/site-packages/airflow/example_dags/example_xcomargs.py for tasks to queue
[2026-09-25T16:56:27.766+0000] {logging_mixin.py:190} INFO - [2026-09-25T16:56:27.766+0000] {dagbag.py:588} INFO - Filling up the DagBag from /home/airflow/.local/lib/python3.12/site-packages/airflow/example_dags/example_xcomargs.py
[2026-09-25T16:56:28.227+0000] {processor.py:925} INFO - DAG(s) 'example_xcom_args_with_operators', 'example_xcom_args' retrieved from /home/airflow/.local/lib/python3.12/site-packages/airflow/example_dags/example_xcomargs.py
[2026-09-25T16:56:28.687+0000] {logging_mixin.py:190} INFO - [2026-09-25T16:56:28.687+0000] {dag.py:3239} INFO - Sync 2 DAGs
[2026-09-25T16:56:28.957+0000] {logging_mixin.py:190} INFO - [2026-09-25T16:56:28.957+0000] {dag.py:4180} INFO - Setting next_dagrun for example_xcom_args to None, run_after=None
[2026-09-25T16:56:29.043+0000] {logging_mixin.py:190} INFO - [2026-09-25T16:56:29.042+0000] {dag.py:4180} INFO - Setting next_dagrun for example_xcom_args_with_operators to None, run_after=None
[2026-09-25T16:56:29.322+0000] {processor.py:208} INFO - Processing /home/airflow/.local/lib/python3.12/site-packages/airflow/example_dags/example_xcomargs.py took 1.739 seconds
[2026-09-25T16:58:31.217+0000] {processor.py:186} INFO - Started process (PID=167) to work on /home/airflow/.local/lib/python3.12/site-packages/airflow/example_dags/example_xcomargs.py
[2026-09-25T16:58:31.220+0000] {processor.py:914} INFO - Processing file /home/airflow/.local/lib/python3.12/site-packages/airflow/example_dags/example_xcomargs.py for tasks to queue
[2026-09-25T16:58:31.230+0000] {logging_mixin.py:190} INFO - [2026-09-25T16:58:31.230+0000] {dagbag.py:588} INFO - Filling up the DagBag from /home/airflow/.local/lib/python3.12/site-packages/airflow/example_dags/example_xcomargs.py
[2026-09-25T16:58:31.291+0000] {processor.py:925} INFO - DAG(s) 'example_xcom_args_with_operators', 'example_xcom_args' retrieved from /home/airflow/.local/lib/python3.12/site-packages/airflow/example_dags/example_xcomargs.py
[2026-09-25T16:58:31.352+0000] {logging_mixin.py:190} INFO - [2026-09-25T16:58:31.351+0000] {dag.py:3239} INFO - Sync 2 DAGs
[2026-09-25T16:58:31.417+0000] {logging_mixin.py:190} INFO - [2026-09-25T16:58:31.416+0000] {dag.py:4180} INFO - Setting next_dagrun for example_xcom_args to None, run_after=None
[2026-09-25T16:58:31.465+0000] {logging_mixin.py:190} INFO - [2026-09-25T16:58:31.456+0000] {dag.py:4180} INFO - Setting next_dagrun for example_xcom_args_with_operators to None, run_after=None
[2026-09-25T16:58:31.545+0000] {processor.py:208} INFO - Processing /home/airflow/.local/lib/python3.12/site-packages/airflow/example_dags/example_xcomargs.py took 0.364 seconds
[2026-09-25T16:59:01.699+0000] {processor.py:186} INFO - Started process (PID=230) to work on /home/airflow/.local/lib/python3.12/site-packages/airflow/example_dags/example_xcomargs.py
[2026-09-25T16:59:01.701+0000] {processor.py:914} INFO - Processing file /home/airflow/.local/lib/python3.12/site-packages/airflow/example_dags/example_xcomargs.py for tasks to queue
[2026-09-25T16:59:01.706+0000] {logging_mixin.py:190} INFO - [2026-09-25T16:59:01.705+0000] {dagbag.py:588} INFO - Filling up the DagBag from /home/airflow/.local/lib/python3.12/site-packages/airflow/example_dags/example_xcomargs.py
[2026-09-25T16:59:01.725+0000] {processor.py:925} INFO - DAG(s) 'example_xcom_args_with_operators', 'example_xcom_args' retrieved from /home/airflow/.local/lib/python3.12/site-packages/airflow/example_dags/example_xcomargs.py
[2026-09-25T16:59:01.773+0000] {logging_mixin.py:190} INFO - [2026-09-25T16:59:01.772+0000] {dag.py:3239} INFO - Sync 2 DAGs
[2026-09-25T16:59:01.810+0000] {logging_mixin.py:190} INFO - [2026-09-25T16:59:01.810+0000] {dag.py:4180} INFO - Setting next_dagrun for example_xcom_args to None, run_after=None
[2026-09-25T16:59:01.822+0000] {logging_mixin.py:190} INFO - [2026-09-25T16:59:01.822+0000] {dag.py:4180} INFO - Setting next_dagrun for example_xcom_args_with_operators to None, run_after=None
[2026-09-25T16:59:01.916+0000] {processor.py:208} INFO - Processing /home/airflow/.local/lib/python3.12/site-packages/airflow/example_dags/example_xcomargs.py took 0.230 seconds
[2026-09-25T16:59:49.307+0000] {processor.py:186} INFO - Started process (PID=293) to work on /home/airflow/.local/lib/python3.12/site-packages/airflow/example_dags/example_xcomargs.py
[2026-09-25T16:59:49.321+0000] {processor.py:914} INFO - Processing file /home/airflow/.local/lib/python3.12/site-packages/airflow/example_dags/example_xcomargs.py for tasks to queue
[2026-09-25T16:59:49.329+0000] {logging_mixin.py:190} INFO - [2026-09-25T16:59:49.328+0000] {dagbag.py:588} INFO - Filling up the DagBag from /home/airflow/.local/lib/python3.12/site-packages/airflow/example_dags/example_xcomargs.py
[2026-09-25T16:59:49.397+0000] {processor.py:925} INFO - DAG(s) 'example_xcom_args_with_operators', 'example_xcom_args' retrieved from /home/airflow/.local/lib/python3.12/site-packages/airflow/example_dags/example_xcomargs.py
[2026-09-25T16:59:49.513+0000] {logging_mixin.py:190} INFO - [2026-09-25T16:59:49.512+0000] {dag.py:3239} INFO - Sync 2 DAGs
[2026-09-25T16:59:49.578+0000] {logging_mixin.py:190} INFO - [2026-09-25T16:59:49.577+0000] {dag.py:4180} INFO - Setting next_dagrun for example_xcom_args to None, run_after=None
[2026-09-25T16:59:49.602+0000] {logging_mixin.py:190} INFO - [2026-09-25T16:59:49.602+0000] {dag.py:4180} INFO - Setting next_dagrun for example_xcom_args_with_operators to None, run_after=None
[2026-09-25T16:59:49.678+0000] {processor.py:208} INFO - Processing /home/airflow/.local/lib/python3.12/site-packages/airflow/example_dags/example_xcomargs.py took 0.406 seconds
[2026-09-25T17:00:20.597+0000] {processor.py:186} INFO - Started process (PID=356) to work on /home/airflow/.local/lib/python3.12/site-packages/airflow/example_dags/example_xcomargs.py
[2026-09-25T17:00:20.602+0000] {processor.py:914} INFO - Processing file /home/airflow/.local/lib/python3.12/site-packages/airflow/example_dags/example_xcomargs.py for tasks to queue
[2026-09-25T17:00:20.611+0000] {logging_mixin.py:190} INFO - [2026-09-25T17:00:20.610+0000] {dagbag.py:588} INFO - Filling up the DagBag from /home/airflow/.local/lib/python3.12/site-packages/airflow/example_dags/example_xcomargs.py
[2026-09-25T17:00:20.635+0000] {processor.py:925} INFO - DAG(s) 'example_xcom_args_with_operators', 'example_xcom_args' retrieved from /home/airflow/.local/lib/python3.12/site-packages/airflow/example_dags/example_xcomargs.py
[2026-09-25T17:00:20.691+0000] {logging_mixin.py:190} INFO - [2026-09-25T17:00:20.691+0000] {dag.py:3239} INFO - Sync 2 DAGs
[2026-09-25T17:00:20.733+0000] {logging_mixin.py:190} INFO - [2026-09-25T17:00:20.732+0000] {dag.py:4180} INFO - Setting next_dagrun for example_xcom_args to None, run_after=None
[2026-09-25T17:00:20.741+0000] {logging_mixin.py:190} INFO - [2026-09-25T17:00:20.741+0000] {dag.py:4180} INFO - Setting next_dagrun for example_xcom_args_with_operators to None, run_after=None
[2026-09-25T17:00:20.775+0000] {processor.py:208} INFO - Processing /home/airflow/.local/lib/python3.12/site-packages/airflow/example_dags/example_xcomargs.py took 0.195 seconds
[2026-09-25T17:00:54.167+0000] {processor.py:186} INFO - Started process (PID=420) to work on /home/airflow/.local/lib/python3.12/site-packages/airflow/example_dags/example_xcomargs.py
[2026-09-25T17:00:54.173+0000] {processor.py:914} INFO - Processing file /home/airflow/.local/lib/python3.12/site-packages/airflow/example_dags/example_xcomargs.py for tasks to queue
[2026-09-25T17:00:54.181+0000] {logging_mixin.py:190} INFO - [2026-09-25T17:00:54.180+0000] {dagbag.py:588} INFO - Filling up the DagBag from /home/airflow/.local/lib/python3.12/site-packages/airflow/example_dags/example_xcomargs.py
[2026-09-25T17:00:54.214+0000] {processor.py:925} INFO - DAG(s) 'example_xcom_args', 'example_xcom_args_with_operators' retrieved from /home/airflow/.local/lib/python3.12/site-packages/airflow/example_dags/example_xcomargs.py
[2026-09-25T17:00:54.328+0000] {logging_mixin.py:190} INFO - [2026-09-25T17:00:54.327+0000] {dag.py:3239} INFO - Sync 2 DAGs
[2026-09-25T17:00:54.355+0000] {logging_mixin.py:190} INFO - [2026-09-25T17:00:54.354+0000] {dag.py:4180} INFO - Setting next_dagrun for example_xcom_args to None, run_after=None
[2026-09-25T17:00:54.362+0000] {logging_mixin.py:190} INFO - [2026-09-25T17:00:54.362+0000] {dag.py:4180} INFO - Setting next_dagrun for example_xcom_args_with_operators to None, run_after=None
[2026-09-25T17:00:54.392+0000] {processor.py:208} INFO - Processing /home/airflow/.local/lib/python3.12/site-packages/airflow/example_dags/example_xcomargs.py took 0.249 seconds
[2026-09-25T17:01:26.574+0000] {processor.py:186} INFO - Started process (PID=482) to work on /home/airflow/.local/lib/python3.12/site-packages/airflow/example_dags/example_xcomargs.py
[2026-09-25T17:01:26.576+0000] {processor.py:914} INFO - Processing file /home/airflow/.local/lib/python3.12/site-packages/airflow/example_dags/example_xcomargs.py for tasks to queue
[2026-09-25T17:01:26.582+0000] {logging_mixin.py:190} INFO - [2026-09-25T17:01:26.582+0000] {dagbag.py:588} INFO - Filling up the DagBag from /home/airflow/.local/lib/python3.12/site-packages/airflow/example_dags/example_xcomargs.py
[2026-09-25T17:01:26.609+0000] {processor.py:925} INFO - DAG(s) 'example_xcom_args_with_operators', 'example_xcom_args' retrieved from /home/airflow/.local/lib/python3.12/site-packages/airflow/example_dags/example_xcomargs.py
[2026-09-25T17:01:26.672+0000] {logging_mixin.py:190} INFO - [2026-09-25T17:01:26.672+0000] {dag.py:3239} INFO - Sync 2 DAGs
[2026-09-25T17:01:26.724+0000] {logging_mixin.py:190} INFO - [2026-09-25T17:01:26.723+0000] {dag.py:4180} INFO - Setting next_dagrun for example_xcom_args to None, run_after=None
[2026-09-25T17:01:26.739+0000] {logging_mixin.py:190} INFO - [2026-09-25T17:01:26.738+0000] {dag.py:4180} INFO - Setting next_dagrun for example_xcom_args_with_operators to None, run_after=None
[2026-09-25T17:01:26.781+0000] {processor.py:208} INFO - Processing /home/airflow/.local/lib/python3.12/site-packages/airflow/example_dags/example_xcomargs.py took 0.222 seconds
[2026-09-25T17:01:58.319+0000] {processor.py:186} INFO - Started process (PID=545) to work on /home/airflow/.local/lib/python3.12/site-packages/airflow/example_dags/example_xcomargs.py
[2026-09-25T17:01:58.321+0000] {processor.py:914} INFO - Processing file /home/airflow/.local/lib/python3.12/site-packages/airflow/example_dags/example_xcomargs.py for tasks to queue
[2026-09-25T17:01:58.328+0000] {logging_mixin.py:190} INFO - [2026-09-25T17:01:58.327+0000] {dagbag.py:588} INFO - Filling up the DagBag from /home/airflow/.local/lib/python3.12/site-packages/airflow/example_dags/example_xcomargs.py
[2026-09-25T17:01:58.364+0000] {processor.py:925} INFO - DAG(s) 'example_xcom_args', 'example_xcom_args_with_operators' retrieved from /home/airflow/.local/lib/python3.12/site-packages/airflow/example_dags/example_xcomargs.py
[2026-09-25T17:01:58.482+0000] {logging_mixin.py:190} INFO - [2026-09-25T17:01:58.482+0000] {dag.py:3239} INFO - Sync 2 DAGs
[2026-09-25T17:01:58.525+0000] {logging_mixin.py:190} INFO - [2026-09-25T17:01:58.524+0000] {dag.py:4180} INFO - Setting next_dagrun for example_xcom_args to None, run_after=None
[2026-09-25T17:01:58.538+0000] {logging_mixin.py:190} INFO - [2026-09-25T17:01:58.537+0000] {dag.py:4180} INFO - Setting next_dagrun for example_xcom_args_with_operators to None, run_after=None
[2026-09-25T17:01:58.591+0000] {processor.py:208} INFO - Processing /home/airflow/.local/lib/python3.12/site-packages/airflow/example_dags/example_xcomargs.py took 0.283 seconds
[2026-09-25T17:02:37.131+0000] {processor.py:186} INFO - Started process (PID=614) to work on /home/airflow/.local/lib/python3.12/site-packages/airflow/example_dags/example_xcomargs.py
[2026-09-25T17:02:37.145+0000] {processor.py:914} INFO - Processing file /home/airflow/.local/lib/python3.12/site-packages/airflow/example_dags/example_xcomargs.py for tasks to queue
[2026-09-25T17:02:37.153+0000] {logging_mixin.py:190} INFO - [2026-09-25T17:02:37.153+0000] {dagbag.py:588} INFO - Filling up the DagBag from /home/airflow/.local/lib/python3.12/site-packages/airflow/example_dags/example_xcomargs.py
[2026-09-25T17:02:37.174+0000] {processor.py:925} INFO - DAG(s) 'example_xcom_args', 'example_xcom_args_with_operators' retrieved from /home/airflow/.local/lib/python3.12/site-packages/airflow/example_dags/example_xcomargs.py
[2026-09-25T17:02:37.251+0000] {logging_mixin.py:190} INFO - [2026-09-25T17:02:37.250+0000] {dag.py:3239} INFO - Sync 2 DAGs
[2026-09-25T17:02:37.299+0000] {logging_mixin.py:190} INFO - [2026-09-25T17:02:37.299+0000] {dag.py:4180} INFO - Setting next_dagrun for example_xcom_args to None, run_after=None
[2026-09-25T17:02:37.308+0000] {logging_mixin.py:190} INFO - [2026-09-25T17:02:37.308+0000] {dag.py:4180} INFO - Setting next_dagrun for example_xcom_args_with_operators to None, run_after=None
[2026-09-25T17:02:37.353+0000] {processor.py:208} INFO - Processing /home/airflow/.local/lib/python3.12/site-packages/airflow/example_dags/example_xcomargs.py took 0.233 seconds
[2026-09-25T17:03:07.994+0000] {processor.py:186} INFO - Started process (PID=677) to work on /home/airflow/.local/lib/python3.12/site-packages/airflow/example_dags/example_xcomargs.py
[2026-09-25T17:03:08.019+0000] {processor.py:914} INFO - Processing file /home/airflow/.local/lib/python3.12/site-packages/airflow/example_dags/example_xcomargs.py for tasks to queue
[2026-09-25T17:03:08.026+0000] {logging_mixin.py:190} INFO - [2026-09-25T17:03:08.026+0000] {dagbag.py:588} INFO - Filling up the DagBag from /home/airflow/.local/lib/python3.12/site-packages/airflow/example_dags/example_xcomargs.py
[2026-09-25T17:03:08.076+0000] {processor.py:925} INFO - DAG(s) 'example_xcom_args', 'example_xcom_args_with_operators' retrieved from /home/airflow/.local/lib/python3.12/site-packages/airflow/example_dags/example_xcomargs.py
[2026-09-25T17:03:08.195+0000] {logging_mixin.py:190} INFO - [2026-09-25T17:03:08.193+0000] {dag.py:3239} INFO - Sync 2 DAGs
[2026-09-25T17:03:08.317+0000] {logging_mixin.py:190} INFO - [2026-09-25T17:03:08.312+0000] {dag.py:4180} INFO - Setting next_dagrun for example_xcom_args to None, run_after=None
[2026-09-25T17:03:08.391+0000] {logging_mixin.py:190} INFO - [2026-09-25T17:03:08.383+0000] {dag.py:4180} INFO - Setting next_dagrun for example_xcom_args_with_operators to None, run_after=None
[2026-09-25T17:03:08.471+0000] {processor.py:208} INFO - Processing /home/airflow/.local/lib/python3.12/site-packages/airflow/example_dags/example_xcomargs.py took 0.495 seconds
[2026-09-25T17:03:40.369+0000] {processor.py:186} INFO - Started process (PID=740) to work on /home/airflow/.local/lib/python3.12/site-packages/airflow/example_dags/example_xcomargs.py
[2026-09-25T17:03:40.376+0000] {processor.py:914} INFO - Processing file /home/airflow/.local/lib/python3.12/site-packages/airflow/example_dags/example_xcomargs.py for tasks to queue
[2026-09-25T17:03:40.411+0000] {logging_mixin.py:190} INFO - [2026-09-25T17:03:40.410+0000] {dagbag.py:588} INFO - Filling up the DagBag from /home/airflow/.local/lib/python3.12/site-packages/airflow/example_dags/example_xcomargs.py
[2026-09-25T17:03:40.472+0000] {processor.py:925} INFO - DAG(s) 'example_xcom_args', 'example_xcom_args_with_operators' retrieved from /home/airflow/.local/lib/python3.12/site-packages/airflow/example_dags/example_xcomargs.py
[2026-09-25T17:03:40.575+0000] {logging_mixin.py:190} INFO - [2026-09-25T17:03:40.574+0000] {dag.py:3239} INFO - Sync 2 DAGs
[2026-09-25T17:03:40.635+0000] {logging_mixin.py:190} INFO - [2026-09-25T17:03:40.634+0000] {dag.py:4180} INFO - Setting next_dagrun for example_xcom_args to None, run_after=None
[2026-09-25T17:03:40.661+0000] {logging_mixin.py:190} INFO - [2026-09-25T17:03:40.661+0000] {dag.py:4180} INFO - Setting next_dagrun for example_xcom_args_with_operators to None, run_after=None
[2026-09-25T17:03:40.741+0000] {processor.py:208} INFO - Processing /home/airflow/.local/lib/python3.12/site-packages/airflow/example_dags/example_xcomargs.py took 0.432 seconds
[2026-09-25T17:04:12.774+0000] {processor.py:186} INFO - Started process (PID=803) to work on /home/airflow/.local/lib/python3.12/site-packages/airflow/example_dags/example_xcomargs.py
[2026-09-25T17:04:12.776+0000] {processor.py:914} INFO - Processing file /home/airflow/.local/lib/python3.12/site-packages/airflow/example_dags/example_xcomargs.py for tasks to queue
[2026-09-25T17:04:12.781+0000] {logging_mixin.py:190} INFO - [2026-09-25T17:04:12.781+0000] {dagbag.py:588} INFO - Filling up the DagBag from /home/airflow/.local/lib/python3.12/site-packages/airflow/example_dags/example_xcomargs.py
[2026-09-25T17:04:12.801+0000] {processor.py:925} INFO - DAG(s) 'example_xcom_args_with_operators', 'example_xcom_args' retrieved from /home/airflow/.local/lib/python3.12/site-packages/airflow/example_dags/example_xcomargs.py
[2026-09-25T17:04:12.843+0000] {logging_mixin.py:190} INFO - [2026-09-25T17:04:12.842+0000] {dag.py:3239} INFO - Sync 2 DAGs
[2026-09-25T17:04:12.868+0000] {logging_mixin.py:190} INFO - [2026-09-25T17:04:12.867+0000] {dag.py:4180} INFO - Setting next_dagrun for example_xcom_args to None, run_after=None
[2026-09-25T17:04:12.877+0000] {logging_mixin.py:190} INFO - [2026-09-25T17:04:12.877+0000] {dag.py:4180} INFO - Setting next_dagrun for example_xcom_args_with_operators to None, run_after=None
[2026-09-25T17:04:12.911+0000] {processor.py:208} INFO - Processing /home/airflow/.local/lib/python3.12/site-packages/airflow/example_dags/example_xcomargs.py took 0.147 seconds
[2026-09-25T17:04:55.561+0000] {processor.py:186} INFO - Started process (PID=864) to work on /home/airflow/.local/lib/python3.12/site-packages/airflow/example_dags/example_xcomargs.py
[2026-09-25T17:04:55.563+0000] {processor.py:914} INFO - Processing file /home/airflow/.local/lib/python3.12/site-packages/airflow/example_dags/example_xcomargs.py for tasks to queue
[2026-09-25T17:04:55.570+0000] {logging_mixin.py:190} INFO - [2026-09-25T17:04:55.569+0000] {dagbag.py:588} INFO - Filling up the DagBag from /home/airflow/.local/lib/python3.12/site-packages/airflow/example_dags/example_xcomargs.py
[2026-09-25T17:04:55.598+0000] {processor.py:925} INFO - DAG(s) 'example_xcom_args_with_operators', 'example_xcom_args' retrieved from /home/airflow/.local/lib/python3.12/site-packages/airflow/example_dags/example_xcomargs.py
[2026-09-25T17:04:55.670+0000] {logging_mixin.py:190} INFO - [2026-09-25T17:04:55.670+0000] {dag.py:3239} INFO - Sync 2 DAGs
[2026-09-25T17:04:55.710+0000] {logging_mixin.py:190} INFO - [2026-09-25T17:04:55.710+0000] {dag.py:4180} INFO - Setting next_dagrun for example_xcom_args to None, run_after=None
[2026-09-25T17:04:55.720+0000] {logging_mixin.py:190} INFO - [2026-09-25T17:04:55.720+0000] {dag.py:4180} INFO - Setting next_dagrun for example_xcom_args_with_operators to None, run_after=None
[2026-09-25T17:04:55.759+0000] {processor.py:208} INFO - Processing /home/airflow/.local/lib/python3.12/site-packages/airflow/example_dags/example_xcomargs.py took 0.215 seconds
[2026-09-25T17:05:30.166+0000] {processor.py:186} INFO - Started process (PID=926) to work on /home/airflow/.local/lib/python3.12/site-packages/airflow/example_dags/example_xcomargs.py
[2026-09-25T17:05:30.169+0000] {processor.py:914} INFO - Processing file /home/airflow/.local/lib/python3.12/site-packages/airflow/example_dags/example_xcomargs.py for tasks to queue
[2026-09-25T17:05:30.175+0000] {logging_mixin.py:190} INFO - [2026-09-25T17:05:30.175+0000] {dagbag.py:588} INFO - Filling up the DagBag from /home/airflow/.local/lib/python3.12/site-packages/airflow/example_dags/example_xcomargs.py
[2026-09-25T17:05:30.226+0000] {processor.py:925} INFO - DAG(s) 'example_xcom_args', 'example_xcom_args_with_operators' retrieved from /home/airflow/.local/lib/python3.12/site-packages/airflow/example_dags/example_xcomargs.py
[2026-09-25T17:05:31.097+0000] {logging_mixin.py:190} INFO - [2026-09-25T17:05:31.096+0000] {dag.py:3239} INFO - Sync 2 DAGs
[2026-09-25T17:05:31.174+0000] {logging_mixin.py:190} INFO - [2026-09-25T17:05:31.173+0000] {dag.py:4180} INFO - Setting next_dagrun for example_xcom_args to None, run_after=None
[2026-09-25T17:05:31.186+0000] {logging_mixin.py:190} INFO - [2026-09-25T17:05:31.185+0000] {dag.py:4180} INFO - Setting next_dagrun for example_xcom_args_with_operators to None, run_after=None
[2026-09-25T17:05:31.261+0000] {processor.py:208} INFO - Processing /home/airflow/.local/lib/python3.12/site-packages/airflow/example_dags/example_xcomargs.py took 1.116 seconds
[2026-09-25T17:06:04.598+0000] {processor.py:186} INFO - Started process (PID=993) to work on /home/airflow/.local/lib/python3.12/site-packages/airflow/example_dags/example_xcomargs.py
[2026-09-25T17:06:04.601+0000] {processor.py:914} INFO - Processing file /home/airflow/.local/lib/python3.12/site-packages/airflow/example_dags/example_xcomargs.py for tasks to queue
[2026-09-25T17:06:04.609+0000] {logging_mixin.py:190} INFO - [2026-09-25T17:06:04.608+0000] {dagbag.py:588} INFO - Filling up the DagBag from /home/airflow/.local/lib/python3.12/site-packages/airflow/example_dags/example_xcomargs.py
[2026-09-25T17:06:04.640+0000] {processor.py:925} INFO - DAG(s) 'example_xcom_args_with_operators', 'example_xcom_args' retrieved from /home/airflow/.local/lib/python3.12/site-packages/airflow/example_dags/example_xcomargs.py
[2026-09-25T17:06:04.770+0000] {logging_mixin.py:190} INFO - [2026-09-25T17:06:04.770+0000] {dag.py:3239} INFO - Sync 2 DAGs
[2026-09-25T17:06:04.939+0000] {logging_mixin.py:190} INFO - [2026-09-25T17:06:04.938+0000] {dag.py:4180} INFO - Setting next_dagrun for example_xcom_args to None, run_after=None
[2026-09-25T17:06:04.985+0000] {logging_mixin.py:190} INFO - [2026-09-25T17:06:04.985+0000] {dag.py:4180} INFO - Setting next_dagrun for example_xcom_args_with_operators to None, run_after=None
[2026-09-25T17:06:05.100+0000] {processor.py:208} INFO - Processing /home/airflow/.local/lib/python3.12/site-packages/airflow/example_dags/example_xcomargs.py took 0.516 seconds
[2026-09-25T17:06:43.940+0000] {processor.py:186} INFO - Started process (PID=1064) to work on /home/airflow/.local/lib/python3.12/site-packages/airflow/example_dags/example_xcomargs.py
[2026-09-25T17:06:43.942+0000] {processor.py:914} INFO - Processing file /home/airflow/.local/lib/python3.12/site-packages/airflow/example_dags/example_xcomargs.py for tasks to queue
[2026-09-25T17:06:43.959+0000] {logging_mixin.py:190} INFO - [2026-09-25T17:06:43.958+0000] {dagbag.py:588} INFO - Filling up the DagBag from /home/airflow/.local/lib/python3.12/site-packages/airflow/example_dags/example_xcomargs.py
[2026-09-25T17:06:44.064+0000] {processor.py:925} INFO - DAG(s) 'example_xcom_args_with_operators', 'example_xcom_args' retrieved from /home/airflow/.local/lib/python3.12/site-packages/airflow/example_dags/example_xcomargs.py
[2026-09-25T17:06:44.179+0000] {logging_mixin.py:190} INFO - [2026-09-25T17:06:44.179+0000] {dag.py:3239} INFO - Sync 2 DAGs
[2026-09-25T17:06:44.329+0000] {logging_mixin.py:190} INFO - [2026-09-25T17:06:44.328+0000] {dag.py:4180} INFO - Setting next_dagrun for example_xcom_args to None, run_after=None
[2026-09-25T17:06:44.355+0000] {logging_mixin.py:190} INFO - [2026-09-25T17:06:44.355+0000] {dag.py:4180} INFO - Setting next_dagrun for example_xcom_args_with_operators to None, run_after=None
[2026-09-25T17:06:44.471+0000] {processor.py:208} INFO - Processing /home/airflow/.local/lib/python3.12/site-packages/airflow/example_dags/example_xcomargs.py took 0.624 seconds
[2026-09-25T17:07:14.689+0000] {processor.py:186} INFO - Started process (PID=1126) to work on /home/airflow/.local/lib/python3.12/site-packages/airflow/example_dags/example_xcomargs.py
[2026-09-25T17:07:14.691+0000] {processor.py:914} INFO - Processing file /home/airflow/.local/lib/python3.12/site-packages/airflow/example_dags/example_xcomargs.py for tasks to queue
[2026-09-25T17:07:14.695+0000] {logging_mixin.py:190} INFO - [2026-09-25T17:07:14.695+0000] {dagbag.py:588} INFO - Filling up the DagBag from /home/airflow/.local/lib/python3.12/site-packages/airflow/example_dags/example_xcomargs.py
[2026-09-25T17:07:14.714+0000] {processor.py:925} INFO - DAG(s) 'example_xcom_args', 'example_xcom_args_with_operators' retrieved from /home/airflow/.local/lib/python3.12/site-packages/airflow/example_dags/example_xcomargs.py
[2026-09-25T17:07:14.756+0000] {logging_mixin.py:190} INFO - [2026-09-25T17:07:14.756+0000] {dag.py:3239} INFO - Sync 2 DAGs
[2026-09-25T17:07:14.787+0000] {logging_mixin.py:190} INFO - [2026-09-25T17:07:14.786+0000] {dag.py:4180} INFO - Setting next_dagrun for example_xcom_args to None, run_after=None
[2026-09-25T17:07:14.794+0000] {logging_mixin.py:190} INFO - [2026-09-25T17:07:14.794+0000] {dag.py:4180} INFO - Setting next_dagrun for example_xcom_args_with_operators to None, run_after=None
[2026-09-25T17:07:14.822+0000] {processor.py:208} INFO - Processing /home/airflow/.local/lib/python3.12/site-packages/airflow/example_dags/example_xcomargs.py took 0.143 seconds
[2026-09-25T17:07:46.577+0000] {processor.py:186} INFO - Started process (PID=1189) to work on /home/airflow/.local/lib/python3.12/site-packages/airflow/example_dags/example_xcomargs.py
[2026-09-25T17:07:46.580+0000] {processor.py:914} INFO - Processing file /home/airflow/.local/lib/python3.12/site-packages/airflow/example_dags/example_xcomargs.py for tasks to queue
[2026-09-25T17:07:46.587+0000] {logging_mixin.py:190} INFO - [2026-09-25T17:07:46.586+0000] {dagbag.py:588} INFO - Filling up the DagBag from /home/airflow/.local/lib/python3.12/site-packages/airflow/example_dags/example_xcomargs.py
[2026-09-25T17:07:46.607+0000] {processor.py:925} INFO - DAG(s) 'example_xcom_args', 'example_xcom_args_with_operators' retrieved from /home/airflow/.local/lib/python3.12/site-packages/airflow/example_dags/example_xcomargs.py
[2026-09-25T17:07:46.656+0000] {logging_mixin.py:190} INFO - [2026-09-25T17:07:46.656+0000] {dag.py:3239} INFO - Sync 2 DAGs
[2026-09-25T17:07:46.690+0000] {logging_mixin.py:190} INFO - [2026-09-25T17:07:46.689+0000] {dag.py:4180} INFO - Setting next_dagrun for example_xcom_args to None, run_after=None
[2026-09-25T17:07:46.699+0000] {logging_mixin.py:190} INFO - [2026-09-25T17:07:46.699+0000] {dag.py:4180} INFO - Setting next_dagrun for example_xcom_args_with_operators to None, run_after=None
[2026-09-25T17:07:46.738+0000] {processor.py:208} INFO - Processing /home/airflow/.local/lib/python3.12/site-packages/airflow/example_dags/example_xcomargs.py took 0.175 seconds
[2026-09-25T17:08:17.677+0000] {processor.py:186} INFO - Started process (PID=1252) to work on /home/airflow/.local/lib/python3.12/site-packages/airflow/example_dags/example_xcomargs.py
[2026-09-25T17:08:17.681+0000] {processor.py:914} INFO - Processing file /home/airflow/.local/lib/python3.12/site-packages/airflow/example_dags/example_xcomargs.py for tasks to queue
[2026-09-25T17:08:17.686+0000] {logging_mixin.py:190} INFO - [2026-09-25T17:08:17.685+0000] {dagbag.py:588} INFO - Filling up the DagBag from /home/airflow/.local/lib/python3.12/site-packages/airflow/example_dags/example_xcomargs.py
[2026-09-25T17:08:17.708+0000] {processor.py:925} INFO - DAG(s) 'example_xcom_args', 'example_xcom_args_with_operators' retrieved from /home/airflow/.local/lib/python3.12/site-packages/airflow/example_dags/example_xcomargs.py
[2026-09-25T17:08:17.754+0000] {logging_mixin.py:190} INFO - [2026-09-25T17:08:17.753+0000] {dag.py:3239} INFO - Sync 2 DAGs
[2026-09-25T17:08:17.783+0000] {logging_mixin.py:190} INFO - [2026-09-25T17:08:17.782+0000] {dag.py:4180} INFO - Setting next_dagrun for example_xcom_args to None, run_after=None
[2026-09-25T17:08:17.790+0000] {logging_mixin.py:190} INFO - [2026-09-25T17:08:17.789+0000] {dag.py:4180} INFO - Setting next_dagrun for example_xcom_args_with_operators to None, run_after=None
[2026-09-25T17:08:17.823+0000] {processor.py:208} INFO - Processing /home/airflow/.local/lib/python3.12/site-packages/airflow/example_dags/example_xcomargs.py took 0.157 seconds
[2026-09-25T17:08:56.267+0000] {processor.py:186} INFO - Started process (PID=1320) to work on /home/airflow/.local/lib/python3.12/site-packages/airflow/example_dags/example_xcomargs.py
[2026-09-25T17:08:56.270+0000] {processor.py:914} INFO - Processing file /home/airflow/.local/lib/python3.12/site-packages/airflow/example_dags/example_xcomargs.py for tasks to queue
[2026-09-25T17:08:56.276+0000] {logging_mixin.py:190} INFO - [2026-09-25T17:08:56.275+0000] {dagbag.py:588} INFO - Filling up the DagBag from /home/airflow/.local/lib/python3.12/site-packages/airflow/example_dags/example_xcomargs.py
[2026-09-25T17:08:56.307+0000] {processor.py:925} INFO - DAG(s) 'example_xcom_args_with_operators', 'example_xcom_args' retrieved from /home/airflow/.local/lib/python3.12/site-packages/airflow/example_dags/example_xcomargs.py
[2026-09-25T17:08:56.377+0000] {logging_mixin.py:190} INFO - [2026-09-25T17:08:56.377+0000] {dag.py:3239} INFO - Sync 2 DAGs
[2026-09-25T17:08:56.412+0000] {logging_mixin.py:190} INFO - [2026-09-25T17:08:56.412+0000] {dag.py:4180} INFO - Setting next_dagrun for example_xcom_args to None, run_after=None
[2026-09-25T17:08:56.426+0000] {logging_mixin.py:190} INFO - [2026-09-25T17:08:56.426+0000] {dag.py:4180} INFO - Setting next_dagrun for example_xcom_args_with_operators to None, run_after=None
[2026-09-25T17:08:56.496+0000] {processor.py:208} INFO - Processing /home/airflow/.local/lib/python3.12/site-packages/airflow/example_dags/example_xcomargs.py took 0.269 seconds
[2026-09-25T17:09:42.986+0000] {processor.py:186} INFO - Started process (PID=1389) to work on /home/airflow/.local/lib/python3.12/site-packages/airflow/example_dags/example_xcomargs.py
[2026-09-25T17:09:42.999+0000] {processor.py:914} INFO - Processing file /home/airflow/.local/lib/python3.12/site-packages/airflow/example_dags/example_xcomargs.py for tasks to queue
[2026-09-25T17:09:43.058+0000] {logging_mixin.py:190} INFO - [2026-09-25T17:09:43.057+0000] {dagbag.py:588} INFO - Filling up the DagBag from /home/airflow/.local/lib/python3.12/site-packages/airflow/example_dags/example_xcomargs.py
[2026-09-25T17:09:43.362+0000] {processor.py:925} INFO - DAG(s) 'example_xcom_args_with_operators', 'example_xcom_args' retrieved from /home/airflow/.local/lib/python3.12/site-packages/airflow/example_dags/example_xcomargs.py
[2026-09-25T17:09:43.905+0000] {logging_mixin.py:190} INFO - [2026-09-25T17:09:43.904+0000] {dag.py:3239} INFO - Sync 2 DAGs
[2026-09-25T17:09:44.519+0000] {logging_mixin.py:190} INFO - [2026-09-25T17:09:44.519+0000] {dag.py:4180} INFO - Setting next_dagrun for example_xcom_args to None, run_after=None
[2026-09-25T17:09:44.592+0000] {logging_mixin.py:190} INFO - [2026-09-25T17:09:44.591+0000] {dag.py:4180} INFO - Setting next_dagrun for example_xcom_args_with_operators to None, run_after=None
[2026-09-25T17:09:44.774+0000] {processor.py:208} INFO - Processing /home/airflow/.local/lib/python3.12/site-packages/airflow/example_dags/example_xcomargs.py took 2.580 seconds
[2026-09-25T17:11:44.535+0000] {processor.py:186} INFO - Started process (PID=1468) to work on /home/airflow/.local/lib/python3.12/site-packages/airflow/example_dags/example_xcomargs.py
[2026-09-25T17:11:44.551+0000] {processor.py:914} INFO - Processing file /home/airflow/.local/lib/python3.12/site-packages/airflow/example_dags/example_xcomargs.py for tasks to queue
[2026-09-25T17:11:44.562+0000] {logging_mixin.py:190} INFO - [2026-09-25T17:11:44.561+0000] {dagbag.py:588} INFO - Filling up the DagBag from /home/airflow/.local/lib/python3.12/site-packages/airflow/example_dags/example_xcomargs.py
[2026-09-25T17:11:44.676+0000] {processor.py:925} INFO - DAG(s) 'example_xcom_args', 'example_xcom_args_with_operators' retrieved from /home/airflow/.local/lib/python3.12/site-packages/airflow/example_dags/example_xcomargs.py
[2026-09-25T17:11:44.920+0000] {logging_mixin.py:190} INFO - [2026-09-25T17:11:44.912+0000] {dag.py:3239} INFO - Sync 2 DAGs
[2026-09-25T17:11:45.759+0000] {logging_mixin.py:190} INFO - [2026-09-25T17:11:45.698+0000] {dag.py:4180} INFO - Setting next_dagrun for example_xcom_args to None, run_after=None
[2026-09-25T17:11:45.811+0000] {logging_mixin.py:190} INFO - [2026-09-25T17:11:45.810+0000] {dag.py:4180} INFO - Setting next_dagrun for example_xcom_args_with_operators to None, run_after=None
[2026-09-25T17:11:46.084+0000] {processor.py:208} INFO - Processing /home/airflow/.local/lib/python3.12/site-packages/airflow/example_dags/example_xcomargs.py took 1.612 seconds
[2026-09-25T17:14:47.257+0000] {processor.py:186} INFO - Started process (PID=1576) to work on /home/airflow/.local/lib/python3.12/site-packages/airflow/example_dags/example_xcomargs.py
[2026-09-25T17:14:47.283+0000] {processor.py:914} INFO - Processing file /home/airflow/.local/lib/python3.12/site-packages/airflow/example_dags/example_xcomargs.py for tasks to queue
[2026-09-25T17:14:47.299+0000] {logging_mixin.py:190} INFO - [2026-09-25T17:14:47.298+0000] {dagbag.py:588} INFO - Filling up the DagBag from /home/airflow/.local/lib/python3.12/site-packages/airflow/example_dags/example_xcomargs.py
[2026-09-25T17:14:47.346+0000] {processor.py:925} INFO - DAG(s) 'example_xcom_args', 'example_xcom_args_with_operators' retrieved from /home/airflow/.local/lib/python3.12/site-packages/airflow/example_dags/example_xcomargs.py
[2026-09-25T17:14:47.507+0000] {logging_mixin.py:190} INFO - [2026-09-25T17:14:47.507+0000] {dag.py:3239} INFO - Sync 2 DAGs
[2026-09-25T17:14:47.669+0000] {logging_mixin.py:190} INFO - [2026-09-25T17:14:47.663+0000] {dag.py:4180} INFO - Setting next_dagrun for example_xcom_args to None, run_after=None
[2026-09-25T17:14:47.705+0000] {logging_mixin.py:190} INFO - [2026-09-25T17:14:47.704+0000] {dag.py:4180} INFO - Setting next_dagrun for example_xcom_args_with_operators to None, run_after=None
[2026-09-25T17:14:47.902+0000] {processor.py:208} INFO - Processing /home/airflow/.local/lib/python3.12/site-packages/airflow/example_dags/example_xcomargs.py took 0.685 seconds
[2026-09-25T17:15:28.803+0000] {processor.py:186} INFO - Started process (PID=1645) to work on /home/airflow/.local/lib/python3.12/site-packages/airflow/example_dags/example_xcomargs.py
[2026-09-25T17:15:28.808+0000] {processor.py:914} INFO - Processing file /home/airflow/.local/lib/python3.12/site-packages/airflow/example_dags/example_xcomargs.py for tasks to queue
[2026-09-25T17:15:28.816+0000] {logging_mixin.py:190} INFO - [2026-09-25T17:15:28.815+0000] {dagbag.py:588} INFO - Filling up the DagBag from /home/airflow/.local/lib/python3.12/site-packages/airflow/example_dags/example_xcomargs.py
[2026-09-25T17:15:28.864+0000] {processor.py:925} INFO - DAG(s) 'example_xcom_args_with_operators', 'example_xcom_args' retrieved from /home/airflow/.local/lib/python3.12/site-packages/airflow/example_dags/example_xcomargs.py
[2026-09-25T17:15:28.959+0000] {logging_mixin.py:190} INFO - [2026-09-25T17:15:28.958+0000] {dag.py:3239} INFO - Sync 2 DAGs
[2026-09-25T17:15:29.019+0000] {logging_mixin.py:190} INFO - [2026-09-25T17:15:29.018+0000] {dag.py:4180} INFO - Setting next_dagrun for example_xcom_args to None, run_after=None
[2026-09-25T17:15:29.029+0000] {logging_mixin.py:190} INFO - [2026-09-25T17:15:29.029+0000] {dag.py:4180} INFO - Setting next_dagrun for example_xcom_args_with_operators to None, run_after=None
[2026-09-25T17:15:29.089+0000] {processor.py:208} INFO - Processing /home/airflow/.local/lib/python3.12/site-packages/airflow/example_dags/example_xcomargs.py took 0.309 seconds
[2026-09-25T17:16:01.028+0000] {processor.py:186} INFO - Started process (PID=1708) to work on /home/airflow/.local/lib/python3.12/site-packages/airflow/example_dags/example_xcomargs.py
[2026-09-25T17:16:01.031+0000] {processor.py:914} INFO - Processing file /home/airflow/.local/lib/python3.12/site-packages/airflow/example_dags/example_xcomargs.py for tasks to queue
[2026-09-25T17:16:01.040+0000] {logging_mixin.py:190} INFO - [2026-09-25T17:16:01.040+0000] {dagbag.py:588} INFO - Filling up the DagBag from /home/airflow/.local/lib/python3.12/site-packages/airflow/example_dags/example_xcomargs.py
[2026-09-25T17:16:01.084+0000] {processor.py:925} INFO - DAG(s) 'example_xcom_args', 'example_xcom_args_with_operators' retrieved from /home/airflow/.local/lib/python3.12/site-packages/airflow/example_dags/example_xcomargs.py
[2026-09-25T17:16:01.191+0000] {logging_mixin.py:190} INFO - [2026-09-25T17:16:01.189+0000] {dag.py:3239} INFO - Sync 2 DAGs
[2026-09-25T17:16:01.267+0000] {logging_mixin.py:190} INFO - [2026-09-25T17:16:01.266+0000] {dag.py:4180} INFO - Setting next_dagrun for example_xcom_args to None, run_after=None
[2026-09-25T17:16:01.278+0000] {logging_mixin.py:190} INFO - [2026-09-25T17:16:01.277+0000] {dag.py:4180} INFO - Setting next_dagrun for example_xcom_args_with_operators to None, run_after=None
[2026-09-25T17:16:01.592+0000] {processor.py:208} INFO - Processing /home/airflow/.local/lib/python3.12/site-packages/airflow/example_dags/example_xcomargs.py took 0.614 seconds
[2026-09-25T17:16:48.121+0000] {processor.py:186} INFO - Started process (PID=1755) to work on /home/airflow/.local/lib/python3.12/site-packages/airflow/example_dags/example_xcomargs.py
[2026-09-25T17:16:48.125+0000] {processor.py:914} INFO - Processing file /home/airflow/.local/lib/python3.12/site-packages/airflow/example_dags/example_xcomargs.py for tasks to queue
[2026-09-25T17:16:48.131+0000] {logging_mixin.py:190} INFO - [2026-09-25T17:16:48.130+0000] {dagbag.py:588} INFO - Filling up the DagBag from /home/airflow/.local/lib/python3.12/site-packages/airflow/example_dags/example_xcomargs.py
[2026-09-25T17:16:48.152+0000] {processor.py:925} INFO - DAG(s) 'example_xcom_args_with_operators', 'example_xcom_args' retrieved from /home/airflow/.local/lib/python3.12/site-packages/airflow/example_dags/example_xcomargs.py
[2026-09-25T17:16:48.249+0000] {logging_mixin.py:190} INFO - [2026-09-25T17:16:48.249+0000] {dag.py:3239} INFO - Sync 2 DAGs
[2026-09-25T17:16:48.297+0000] {logging_mixin.py:190} INFO - [2026-09-25T17:16:48.296+0000] {dag.py:4180} INFO - Setting next_dagrun for example_xcom_args to None, run_after=None
[2026-09-25T17:16:48.306+0000] {logging_mixin.py:190} INFO - [2026-09-25T17:16:48.306+0000] {dag.py:4180} INFO - Setting next_dagrun for example_xcom_args_with_operators to None, run_after=None
[2026-09-25T17:16:48.358+0000] {processor.py:208} INFO - Processing /home/airflow/.local/lib/python3.12/site-packages/airflow/example_dags/example_xcomargs.py took 0.254 seconds
[2026-09-25T17:17:20.216+0000] {processor.py:186} INFO - Started process (PID=1817) to work on /home/airflow/.local/lib/python3.12/site-packages/airflow/example_dags/example_xcomargs.py
[2026-09-25T17:17:20.225+0000] {processor.py:914} INFO - Processing file /home/airflow/.local/lib/python3.12/site-packages/airflow/example_dags/example_xcomargs.py for tasks to queue
[2026-09-25T17:17:20.238+0000] {logging_mixin.py:190} INFO - [2026-09-25T17:17:20.237+0000] {dagbag.py:588} INFO - Filling up the DagBag from /home/airflow/.local/lib/python3.12/site-packages/airflow/example_dags/example_xcomargs.py
[2026-09-25T17:17:20.276+0000] {processor.py:925} INFO - DAG(s) 'example_xcom_args_with_operators', 'example_xcom_args' retrieved from /home/airflow/.local/lib/python3.12/site-packages/airflow/example_dags/example_xcomargs.py
[2026-09-25T17:17:20.353+0000] {logging_mixin.py:190} INFO - [2026-09-25T17:17:20.352+0000] {dag.py:3239} INFO - Sync 2 DAGs
[2026-09-25T17:17:20.413+0000] {logging_mixin.py:190} INFO - [2026-09-25T17:17:20.413+0000] {dag.py:4180} INFO - Setting next_dagrun for example_xcom_args to None, run_after=None
[2026-09-25T17:17:20.435+0000] {logging_mixin.py:190} INFO - [2026-09-25T17:17:20.434+0000] {dag.py:4180} INFO - Setting next_dagrun for example_xcom_args_with_operators to None, run_after=None
[2026-09-25T17:17:20.505+0000] {processor.py:208} INFO - Processing /home/airflow/.local/lib/python3.12/site-packages/airflow/example_dags/example_xcomargs.py took 0.306 seconds
[2026-09-25T17:17:55.772+0000] {processor.py:186} INFO - Started process (PID=1880) to work on /home/airflow/.local/lib/python3.12/site-packages/airflow/example_dags/example_xcomargs.py
[2026-09-25T17:17:55.775+0000] {processor.py:914} INFO - Processing file /home/airflow/.local/lib/python3.12/site-packages/airflow/example_dags/example_xcomargs.py for tasks to queue
[2026-09-25T17:17:55.782+0000] {logging_mixin.py:190} INFO - [2026-09-25T17:17:55.781+0000] {dagbag.py:588} INFO - Filling up the DagBag from /home/airflow/.local/lib/python3.12/site-packages/airflow/example_dags/example_xcomargs.py
[2026-09-25T17:17:55.813+0000] {processor.py:925} INFO - DAG(s) 'example_xcom_args', 'example_xcom_args_with_operators' retrieved from /home/airflow/.local/lib/python3.12/site-packages/airflow/example_dags/example_xcomargs.py
[2026-09-25T17:17:55.881+0000] {logging_mixin.py:190} INFO - [2026-09-25T17:17:55.880+0000] {dag.py:3239} INFO - Sync 2 DAGs
[2026-09-25T17:17:56.009+0000] {logging_mixin.py:190} INFO - [2026-09-25T17:17:56.009+0000] {dag.py:4180} INFO - Setting next_dagrun for example_xcom_args to None, run_after=None
[2026-09-25T17:17:56.043+0000] {logging_mixin.py:190} INFO - [2026-09-25T17:17:56.029+0000] {dag.py:4180} INFO - Setting next_dagrun for example_xcom_args_with_operators to None, run_after=None
[2026-09-25T17:17:56.120+0000] {processor.py:208} INFO - Processing /home/airflow/.local/lib/python3.12/site-packages/airflow/example_dags/example_xcomargs.py took 0.361 seconds
[2026-09-25T17:18:32.779+0000] {processor.py:186} INFO - Started process (PID=1952) to work on /home/airflow/.local/lib/python3.12/site-packages/airflow/example_dags/example_xcomargs.py
[2026-09-25T17:18:32.791+0000] {processor.py:914} INFO - Processing file /home/airflow/.local/lib/python3.12/site-packages/airflow/example_dags/example_xcomargs.py for tasks to queue
[2026-09-25T17:18:32.797+0000] {logging_mixin.py:190} INFO - [2026-09-25T17:18:32.797+0000] {dagbag.py:588} INFO - Filling up the DagBag from /home/airflow/.local/lib/python3.12/site-packages/airflow/example_dags/example_xcomargs.py
[2026-09-25T17:18:32.846+0000] {processor.py:925} INFO - DAG(s) 'example_xcom_args', 'example_xcom_args_with_operators' retrieved from /home/airflow/.local/lib/python3.12/site-packages/airflow/example_dags/example_xcomargs.py
[2026-09-25T17:18:32.950+0000] {logging_mixin.py:190} INFO - [2026-09-25T17:18:32.950+0000] {dag.py:3239} INFO - Sync 2 DAGs
[2026-09-25T17:18:32.982+0000] {logging_mixin.py:190} INFO - [2026-09-25T17:18:32.981+0000] {dag.py:4180} INFO - Setting next_dagrun for example_xcom_args to None, run_after=None
[2026-09-25T17:18:32.993+0000] {logging_mixin.py:190} INFO - [2026-09-25T17:18:32.993+0000] {dag.py:4180} INFO - Setting next_dagrun for example_xcom_args_with_operators to None, run_after=None
[2026-09-25T17:18:33.051+0000] {processor.py:208} INFO - Processing /home/airflow/.local/lib/python3.12/site-packages/airflow/example_dags/example_xcomargs.py took 0.292 seconds
[2026-09-25T17:19:07.705+0000] {processor.py:186} INFO - Started process (PID=2015) to work on /home/airflow/.local/lib/python3.12/site-packages/airflow/example_dags/example_xcomargs.py
[2026-09-25T17:19:07.710+0000] {processor.py:914} INFO - Processing file /home/airflow/.local/lib/python3.12/site-packages/airflow/example_dags/example_xcomargs.py for tasks to queue
[2026-09-25T17:19:07.718+0000] {logging_mixin.py:190} INFO - [2026-09-25T17:19:07.717+0000] {dagbag.py:588} INFO - Filling up the DagBag from /home/airflow/.local/lib/python3.12/site-packages/airflow/example_dags/example_xcomargs.py
[2026-09-25T17:19:07.762+0000] {processor.py:925} INFO - DAG(s) 'example_xcom_args', 'example_xcom_args_with_operators' retrieved from /home/airflow/.local/lib/python3.12/site-packages/airflow/example_dags/example_xcomargs.py
[2026-09-25T17:19:07.825+0000] {logging_mixin.py:190} INFO - [2026-09-25T17:19:07.825+0000] {dag.py:3239} INFO - Sync 2 DAGs
[2026-09-25T17:19:07.872+0000] {logging_mixin.py:190} INFO - [2026-09-25T17:19:07.871+0000] {dag.py:4180} INFO - Setting next_dagrun for example_xcom_args to None, run_after=None
[2026-09-25T17:19:07.883+0000] {logging_mixin.py:190} INFO - [2026-09-25T17:19:07.882+0000] {dag.py:4180} INFO - Setting next_dagrun for example_xcom_args_with_operators to None, run_after=None
[2026-09-25T17:19:07.928+0000] {processor.py:208} INFO - Processing /home/airflow/.local/lib/python3.12/site-packages/airflow/example_dags/example_xcomargs.py took 0.238 seconds
[2026-09-25T17:19:42.720+0000] {processor.py:186} INFO - Started process (PID=2078) to work on /home/airflow/.local/lib/python3.12/site-packages/airflow/example_dags/example_xcomargs.py
[2026-09-25T17:19:42.733+0000] {processor.py:914} INFO - Processing file /home/airflow/.local/lib/python3.12/site-packages/airflow/example_dags/example_xcomargs.py for tasks to queue
[2026-09-25T17:19:42.744+0000] {logging_mixin.py:190} INFO - [2026-09-25T17:19:42.744+0000] {dagbag.py:588} INFO - Filling up the DagBag from /home/airflow/.local/lib/python3.12/site-packages/airflow/example_dags/example_xcomargs.py
[2026-09-25T17:19:42.821+0000] {processor.py:925} INFO - DAG(s) 'example_xcom_args', 'example_xcom_args_with_operators' retrieved from /home/airflow/.local/lib/python3.12/site-packages/airflow/example_dags/example_xcomargs.py
[2026-09-25T17:19:43.055+0000] {logging_mixin.py:190} INFO - [2026-09-25T17:19:43.054+0000] {dag.py:3239} INFO - Sync 2 DAGs
[2026-09-25T17:19:43.243+0000] {logging_mixin.py:190} INFO - [2026-09-25T17:19:43.242+0000] {dag.py:4180} INFO - Setting next_dagrun for example_xcom_args to None, run_after=None
[2026-09-25T17:19:43.327+0000] {logging_mixin.py:190} INFO - [2026-09-25T17:19:43.323+0000] {dag.py:4180} INFO - Setting next_dagrun for example_xcom_args_with_operators to None, run_after=None
[2026-09-25T17:19:43.523+0000] {processor.py:208} INFO - Processing /home/airflow/.local/lib/python3.12/site-packages/airflow/example_dags/example_xcomargs.py took 0.847 seconds
[2026-09-25T17:20:23.826+0000] {processor.py:186} INFO - Started process (PID=2141) to work on /home/airflow/.local/lib/python3.12/site-packages/airflow/example_dags/example_xcomargs.py
[2026-09-25T17:20:24.164+0000] {processor.py:914} INFO - Processing file /home/airflow/.local/lib/python3.12/site-packages/airflow/example_dags/example_xcomargs.py for tasks to queue
[2026-09-25T17:20:24.475+0000] {logging_mixin.py:190} INFO - [2026-09-25T17:20:24.471+0000] {dagbag.py:588} INFO - Filling up the DagBag from /home/airflow/.local/lib/python3.12/site-packages/airflow/example_dags/example_xcomargs.py
[2026-09-25T17:20:24.778+0000] {processor.py:925} INFO - DAG(s) 'example_xcom_args', 'example_xcom_args_with_operators' retrieved from /home/airflow/.local/lib/python3.12/site-packages/airflow/example_dags/example_xcomargs.py
[2026-09-25T17:20:25.094+0000] {logging_mixin.py:190} INFO - [2026-09-25T17:20:25.088+0000] {dag.py:3239} INFO - Sync 2 DAGs
[2026-09-25T17:20:25.428+0000] {logging_mixin.py:190} INFO - [2026-09-25T17:20:25.427+0000] {dag.py:4180} INFO - Setting next_dagrun for example_xcom_args to None, run_after=None
[2026-09-25T17:20:25.485+0000] {logging_mixin.py:190} INFO - [2026-09-25T17:20:25.484+0000] {dag.py:4180} INFO - Setting next_dagrun for example_xcom_args_with_operators to None, run_after=None
[2026-09-25T17:20:25.617+0000] {processor.py:208} INFO - Processing /home/airflow/.local/lib/python3.12/site-packages/airflow/example_dags/example_xcomargs.py took 1.824 seconds
[2026-09-25T17:21:11.088+0000] {processor.py:186} INFO - Started process (PID=2209) to work on /home/airflow/.local/lib/python3.12/site-packages/airflow/example_dags/example_xcomargs.py
[2026-09-25T17:21:11.097+0000] {processor.py:914} INFO - Processing file /home/airflow/.local/lib/python3.12/site-packages/airflow/example_dags/example_xcomargs.py for tasks to queue
[2026-09-25T17:21:11.111+0000] {logging_mixin.py:190} INFO - [2026-09-25T17:21:11.110+0000] {dagbag.py:588} INFO - Filling up the DagBag from /home/airflow/.local/lib/python3.12/site-packages/airflow/example_dags/example_xcomargs.py
[2026-09-25T17:21:11.168+0000] {processor.py:925} INFO - DAG(s) 'example_xcom_args', 'example_xcom_args_with_operators' retrieved from /home/airflow/.local/lib/python3.12/site-packages/airflow/example_dags/example_xcomargs.py
[2026-09-25T17:21:11.307+0000] {logging_mixin.py:190} INFO - [2026-09-25T17:21:11.306+0000] {dag.py:3239} INFO - Sync 2 DAGs
[2026-09-25T17:21:11.384+0000] {logging_mixin.py:190} INFO - [2026-09-25T17:21:11.384+0000] {dag.py:4180} INFO - Setting next_dagrun for example_xcom_args to None, run_after=None
[2026-09-25T17:21:11.399+0000] {logging_mixin.py:190} INFO - [2026-09-25T17:21:11.398+0000] {dag.py:4180} INFO - Setting next_dagrun for example_xcom_args_with_operators to None, run_after=None
[2026-09-25T17:21:11.667+0000] {processor.py:208} INFO - Processing /home/airflow/.local/lib/python3.12/site-packages/airflow/example_dags/example_xcomargs.py took 0.670 seconds
[2026-09-25T17:22:10.699+0000] {processor.py:186} INFO - Started process (PID=2278) to work on /home/airflow/.local/lib/python3.12/site-packages/airflow/example_dags/example_xcomargs.py
[2026-09-25T17:22:10.702+0000] {processor.py:914} INFO - Processing file /home/airflow/.local/lib/python3.12/site-packages/airflow/example_dags/example_xcomargs.py for tasks to queue
[2026-09-25T17:22:10.718+0000] {logging_mixin.py:190} INFO - [2026-09-25T17:22:10.717+0000] {dagbag.py:588} INFO - Filling up the DagBag from /home/airflow/.local/lib/python3.12/site-packages/airflow/example_dags/example_xcomargs.py
[2026-09-25T17:22:10.764+0000] {processor.py:925} INFO - DAG(s) 'example_xcom_args_with_operators', 'example_xcom_args' retrieved from /home/airflow/.local/lib/python3.12/site-packages/airflow/example_dags/example_xcomargs.py
[2026-09-25T17:22:10.904+0000] {logging_mixin.py:190} INFO - [2026-09-25T17:22:10.903+0000] {dag.py:3239} INFO - Sync 2 DAGs
[2026-09-25T17:22:11.289+0000] {logging_mixin.py:190} INFO - [2026-09-25T17:22:11.288+0000] {dag.py:4180} INFO - Setting next_dagrun for example_xcom_args to None, run_after=None
[2026-09-25T17:22:11.490+0000] {logging_mixin.py:190} INFO - [2026-09-25T17:22:11.469+0000] {dag.py:4180} INFO - Setting next_dagrun for example_xcom_args_with_operators to None, run_after=None
[2026-09-25T17:22:11.733+0000] {processor.py:208} INFO - Processing /home/airflow/.local/lib/python3.12/site-packages/airflow/example_dags/example_xcomargs.py took 1.071 seconds
[2026-09-25T17:22:50.321+0000] {processor.py:186} INFO - Started process (PID=2345) to work on /home/airflow/.local/lib/python3.12/site-packages/airflow/example_dags/example_xcomargs.py
[2026-09-25T17:22:50.325+0000] {processor.py:914} INFO - Processing file /home/airflow/.local/lib/python3.12/site-packages/airflow/example_dags/example_xcomargs.py for tasks to queue
[2026-09-25T17:22:50.342+0000] {logging_mixin.py:190} INFO - [2026-09-25T17:22:50.342+0000] {dagbag.py:588} INFO - Filling up the DagBag from /home/airflow/.local/lib/python3.12/site-packages/airflow/example_dags/example_xcomargs.py
[2026-09-25T17:22:50.377+0000] {processor.py:925} INFO - DAG(s) 'example_xcom_args', 'example_xcom_args_with_operators' retrieved from /home/airflow/.local/lib/python3.12/site-packages/airflow/example_dags/example_xcomargs.py
[2026-09-25T17:22:50.530+0000] {logging_mixin.py:190} INFO - [2026-09-25T17:22:50.529+0000] {dag.py:3239} INFO - Sync 2 DAGs
[2026-09-25T17:22:50.672+0000] {logging_mixin.py:190} INFO - [2026-09-25T17:22:50.671+0000] {dag.py:4180} INFO - Setting next_dagrun for example_xcom_args to None, run_after=None
[2026-09-25T17:22:50.706+0000] {logging_mixin.py:190} INFO - [2026-09-25T17:22:50.706+0000] {dag.py:4180} INFO - Setting next_dagrun for example_xcom_args_with_operators to None, run_after=None
[2026-09-25T17:22:50.794+0000] {processor.py:208} INFO - Processing /home/airflow/.local/lib/python3.12/site-packages/airflow/example_dags/example_xcomargs.py took 0.490 seconds
[2026-09-25T17:23:30.262+0000] {processor.py:186} INFO - Started process (PID=2409) to work on /home/airflow/.local/lib/python3.12/site-packages/airflow/example_dags/example_xcomargs.py
[2026-09-25T17:23:30.267+0000] {processor.py:914} INFO - Processing file /home/airflow/.local/lib/python3.12/site-packages/airflow/example_dags/example_xcomargs.py for tasks to queue
[2026-09-25T17:23:30.275+0000] {logging_mixin.py:190} INFO - [2026-09-25T17:23:30.274+0000] {dagbag.py:588} INFO - Filling up the DagBag from /home/airflow/.local/lib/python3.12/site-packages/airflow/example_dags/example_xcomargs.py
[2026-09-25T17:23:30.326+0000] {processor.py:925} INFO - DAG(s) 'example_xcom_args_with_operators', 'example_xcom_args' retrieved from /home/airflow/.local/lib/python3.12/site-packages/airflow/example_dags/example_xcomargs.py
[2026-09-25T17:23:30.443+0000] {logging_mixin.py:190} INFO - [2026-09-25T17:23:30.442+0000] {dag.py:3239} INFO - Sync 2 DAGs
[2026-09-25T17:23:30.537+0000] {logging_mixin.py:190} INFO - [2026-09-25T17:23:30.537+0000] {dag.py:4180} INFO - Setting next_dagrun for example_xcom_args to None, run_after=None
[2026-09-25T17:23:30.563+0000] {logging_mixin.py:190} INFO - [2026-09-25T17:23:30.562+0000] {dag.py:4180} INFO - Setting next_dagrun for example_xcom_args_with_operators to None, run_after=None
[2026-09-25T17:23:30.684+0000] {processor.py:208} INFO - Processing /home/airflow/.local/lib/python3.12/site-packages/airflow/example_dags/example_xcomargs.py took 0.448 seconds
[2026-09-25T17:24:03.700+0000] {processor.py:186} INFO - Started process (PID=2465) to work on /home/airflow/.local/lib/python3.12/site-packages/airflow/example_dags/example_xcomargs.py
[2026-09-25T17:24:03.704+0000] {processor.py:914} INFO - Processing file /home/airflow/.local/lib/python3.12/site-packages/airflow/example_dags/example_xcomargs.py for tasks to queue
[2026-09-25T17:24:03.710+0000] {logging_mixin.py:190} INFO - [2026-09-25T17:24:03.709+0000] {dagbag.py:588} INFO - Filling up the DagBag from /home/airflow/.local/lib/python3.12/site-packages/airflow/example_dags/example_xcomargs.py
[2026-09-25T17:24:03.752+0000] {processor.py:925} INFO - DAG(s) 'example_xcom_args_with_operators', 'example_xcom_args' retrieved from /home/airflow/.local/lib/python3.12/site-packages/airflow/example_dags/example_xcomargs.py
[2026-09-25T17:24:03.826+0000] {logging_mixin.py:190} INFO - [2026-09-25T17:24:03.825+0000] {dag.py:3239} INFO - Sync 2 DAGs
[2026-09-25T17:24:03.884+0000] {logging_mixin.py:190} INFO - [2026-09-25T17:24:03.883+0000] {dag.py:4180} INFO - Setting next_dagrun for example_xcom_args to None, run_after=None
[2026-09-25T17:24:03.903+0000] {logging_mixin.py:190} INFO - [2026-09-25T17:24:03.903+0000] {dag.py:4180} INFO - Setting next_dagrun for example_xcom_args_with_operators to None, run_after=None
[2026-09-25T17:24:03.964+0000] {processor.py:208} INFO - Processing /home/airflow/.local/lib/python3.12/site-packages/airflow/example_dags/example_xcomargs.py took 0.288 seconds
[2026-09-25T17:24:40.631+0000] {processor.py:186} INFO - Started process (PID=2534) to work on /home/airflow/.local/lib/python3.12/site-packages/airflow/example_dags/example_xcomargs.py
[2026-09-25T17:24:40.635+0000] {processor.py:914} INFO - Processing file /home/airflow/.local/lib/python3.12/site-packages/airflow/example_dags/example_xcomargs.py for tasks to queue
[2026-09-25T17:24:40.642+0000] {logging_mixin.py:190} INFO - [2026-09-25T17:24:40.642+0000] {dagbag.py:588} INFO - Filling up the DagBag from /home/airflow/.local/lib/python3.12/site-packages/airflow/example_dags/example_xcomargs.py
[2026-09-25T17:24:40.673+0000] {processor.py:925} INFO - DAG(s) 'example_xcom_args', 'example_xcom_args_with_operators' retrieved from /home/airflow/.local/lib/python3.12/site-packages/airflow/example_dags/example_xcomargs.py
[2026-09-25T17:24:40.759+0000] {logging_mixin.py:190} INFO - [2026-09-25T17:24:40.758+0000] {dag.py:3239} INFO - Sync 2 DAGs
[2026-09-25T17:24:40.808+0000] {logging_mixin.py:190} INFO - [2026-09-25T17:24:40.808+0000] {dag.py:4180} INFO - Setting next_dagrun for example_xcom_args to None, run_after=None
[2026-09-25T17:24:40.821+0000] {logging_mixin.py:190} INFO - [2026-09-25T17:24:40.821+0000] {dag.py:4180} INFO - Setting next_dagrun for example_xcom_args_with_operators to None, run_after=None
[2026-09-25T17:24:40.864+0000] {processor.py:208} INFO - Processing /home/airflow/.local/lib/python3.12/site-packages/airflow/example_dags/example_xcomargs.py took 0.251 seconds
[2026-09-25T17:25:13.795+0000] {processor.py:186} INFO - Started process (PID=2592) to work on /home/airflow/.local/lib/python3.12/site-packages/airflow/example_dags/example_xcomargs.py
[2026-09-25T17:25:13.798+0000] {processor.py:914} INFO - Processing file /home/airflow/.local/lib/python3.12/site-packages/airflow/example_dags/example_xcomargs.py for tasks to queue
[2026-09-25T17:25:13.809+0000] {logging_mixin.py:190} INFO - [2026-09-25T17:25:13.808+0000] {dagbag.py:588} INFO - Filling up the DagBag from /home/airflow/.local/lib/python3.12/site-packages/airflow/example_dags/example_xcomargs.py
[2026-09-25T17:25:13.860+0000] {processor.py:925} INFO - DAG(s) 'example_xcom_args', 'example_xcom_args_with_operators' retrieved from /home/airflow/.local/lib/python3.12/site-packages/airflow/example_dags/example_xcomargs.py
[2026-09-25T17:25:14.036+0000] {logging_mixin.py:190} INFO - [2026-09-25T17:25:14.035+0000] {dag.py:3239} INFO - Sync 2 DAGs
[2026-09-25T17:25:14.197+0000] {logging_mixin.py:190} INFO - [2026-09-25T17:25:14.196+0000] {dag.py:4180} INFO - Setting next_dagrun for example_xcom_args to None, run_after=None
[2026-09-25T17:25:14.246+0000] {logging_mixin.py:190} INFO - [2026-09-25T17:25:14.245+0000] {dag.py:4180} INFO - Setting next_dagrun for example_xcom_args_with_operators to None, run_after=None
[2026-09-25T17:25:14.930+0000] {processor.py:208} INFO - Processing /home/airflow/.local/lib/python3.12/site-packages/airflow/example_dags/example_xcomargs.py took 1.160 seconds
