[2026-09-25T16:14:48.662+0000] {processor.py:186} INFO - Started process (PID=67) to work on /home/airflow/.local/lib/python3.12/site-packages/airflow/example_dags/example_inlet_event_extra.py
[2026-09-25T16:14:48.671+0000] {processor.py:914} INFO - Processing file /home/airflow/.local/lib/python3.12/site-packages/airflow/example_dags/example_inlet_event_extra.py for tasks to queue
[2026-09-25T16:14:48.768+0000] {logging_mixin.py:190} INFO - [2026-09-25T16:14:48.767+0000] {dagbag.py:588} INFO - Filling up the DagBag from /home/airflow/.local/lib/python3.12/site-packages/airflow/example_dags/example_inlet_event_extra.py
[2026-09-25T16:15:03.047+0000] {processor.py:925} INFO - DAG(s) 'read_dataset_event', 'read_dataset_event_from_classic' retrieved from /home/airflow/.local/lib/python3.12/site-packages/airflow/example_dags/example_inlet_event_extra.py
[2026-09-25T16:15:10.252+0000] {logging_mixin.py:190} INFO - [2026-09-25T16:15:10.250+0000] {override.py:1912} INFO - Created Permission View: can read on DAG:read_dataset_event
[2026-09-25T16:15:10.689+0000] {logging_mixin.py:190} INFO - [2026-09-25T16:15:10.688+0000] {override.py:1912} INFO - Created Permission View: can delete on DAG:read_dataset_event
[2026-09-25T16:15:10.882+0000] {logging_mixin.py:190} INFO - [2026-09-25T16:15:10.878+0000] {override.py:1912} INFO - Created Permission View: can edit on DAG:read_dataset_event
[2026-09-25T16:15:11.189+0000] {logging_mixin.py:190} INFO - [2026-09-25T16:15:11.188+0000] {override.py:1912} INFO - Created Permission View: can read on DAG Run:read_dataset_event
[2026-09-25T16:15:11.401+0000] {logging_mixin.py:190} INFO - [2026-09-25T16:15:11.397+0000] {override.py:1912} INFO - Created Permission View: can delete on DAG Run:read_dataset_event
[2026-09-25T16:15:11.932+0000] {logging_mixin.py:190} INFO - [2026-09-25T16:15:11.931+0000] {override.py:1912} INFO - Created Permission View: menu access on DAG Run:read_dataset_event
[2026-09-25T16:15:12.133+0000] {logging_mixin.py:190} INFO - [2026-09-25T16:15:12.133+0000] {override.py:1912} INFO - Created Permission View: can create on DAG Run:read_dataset_event
[2026-09-25T16:15:12.308+0000] {logging_mixin.py:190} INFO - [2026-09-25T16:15:12.307+0000] {override.py:1912} INFO - Created Permission View: can read on DAG:read_dataset_event_from_classic
[2026-09-25T16:15:12.390+0000] {logging_mixin.py:190} INFO - [2026-09-25T16:15:12.383+0000] {override.py:1912} INFO - Created Permission View: can delete on DAG:read_dataset_event_from_classic
[2026-09-25T16:15:12.496+0000] {logging_mixin.py:190} INFO - [2026-09-25T16:15:12.484+0000] {override.py:1912} INFO - Created Permission View: can edit on DAG:read_dataset_event_from_classic
[2026-09-25T16:15:12.599+0000] {logging_mixin.py:190} INFO - [2026-09-25T16:15:12.597+0000] {override.py:1912} INFO - Created Permission View: can read on DAG Run:read_dataset_event_from_classic
[2026-09-25T16:15:12.680+0000] {logging_mixin.py:190} INFO - [2026-09-25T16:15:12.679+0000] {override.py:1912} INFO - Created Permission View: can delete on DAG Run:read_dataset_event_from_classic
[2026-09-25T16:15:12.830+0000] {logging_mixin.py:190} INFO - [2026-09-25T16:15:12.829+0000] {override.py:1912} INFO - Created Permission View: menu access on DAG Run:read_dataset_event_from_classic
[2026-09-25T16:15:12.923+0000] {logging_mixin.py:190} INFO - [2026-09-25T16:15:12.921+0000] {override.py:1912} INFO - Created Permission View: can create on DAG Run:read_dataset_event_from_classic
[2026-09-25T16:15:12.944+0000] {logging_mixin.py:190} INFO - [2026-09-25T16:15:12.944+0000] {dag.py:3239} INFO - Sync 2 DAGs
[2026-09-25T16:15:13.275+0000] {logging_mixin.py:190} INFO - [2026-09-25T16:15:13.273+0000] {dag.py:3262} INFO - Creating ORM DAG for read_dataset_event_from_classic
[2026-09-25T16:15:13.292+0000] {logging_mixin.py:190} INFO - [2026-09-25T16:15:13.291+0000] {dag.py:3262} INFO - Creating ORM DAG for read_dataset_event
[2026-09-25T16:15:13.441+0000] {logging_mixin.py:190} INFO - [2026-09-25T16:15:13.440+0000] {dag.py:4180} INFO - Setting next_dagrun for read_dataset_event to 2026-09-24 00:00:00+00:00, run_after=2026-09-25 00:00:00+00:00
[2026-09-25T16:15:13.602+0000] {logging_mixin.py:190} INFO - [2026-09-25T16:15:13.602+0000] {dag.py:4180} INFO - Setting next_dagrun for read_dataset_event_from_classic to 2026-09-24 00:00:00+00:00, run_after=2026-09-25 00:00:00+00:00
[2026-09-25T16:15:13.961+0000] {processor.py:208} INFO - Processing /home/airflow/.local/lib/python3.12/site-packages/airflow/example_dags/example_inlet_event_extra.py took 25.361 seconds
[2026-09-25T16:17:07.052+0000] {processor.py:186} INFO - Started process (PID=154) to work on /home/airflow/.local/lib/python3.12/site-packages/airflow/example_dags/example_inlet_event_extra.py
[2026-09-25T16:17:07.058+0000] {processor.py:914} INFO - Processing file /home/airflow/.local/lib/python3.12/site-packages/airflow/example_dags/example_inlet_event_extra.py for tasks to queue
[2026-09-25T16:17:07.063+0000] {logging_mixin.py:190} INFO - [2026-09-25T16:17:07.062+0000] {dagbag.py:588} INFO - Filling up the DagBag from /home/airflow/.local/lib/python3.12/site-packages/airflow/example_dags/example_inlet_event_extra.py
[2026-09-25T16:17:18.052+0000] {processor.py:925} INFO - DAG(s) 'read_dataset_event', 'read_dataset_event_from_classic' retrieved from /home/airflow/.local/lib/python3.12/site-packages/airflow/example_dags/example_inlet_event_extra.py
[2026-09-25T16:17:18.719+0000] {logging_mixin.py:190} INFO - [2026-09-25T16:17:18.718+0000] {dag.py:3239} INFO - Sync 2 DAGs
[2026-09-25T16:17:20.505+0000] {logging_mixin.py:190} INFO - [2026-09-25T16:17:20.505+0000] {dag.py:4180} INFO - Setting next_dagrun for read_dataset_event to 2026-09-24 00:00:00+00:00, run_after=2026-09-25 00:00:00+00:00
[2026-09-25T16:17:20.786+0000] {logging_mixin.py:190} INFO - [2026-09-25T16:17:20.785+0000] {dag.py:4180} INFO - Setting next_dagrun for read_dataset_event_from_classic to 2026-09-24 00:00:00+00:00, run_after=2026-09-25 00:00:00+00:00
[2026-09-25T16:17:22.491+0000] {processor.py:208} INFO - Processing /home/airflow/.local/lib/python3.12/site-packages/airflow/example_dags/example_inlet_event_extra.py took 15.488 seconds
[2026-09-25T16:19:11.391+0000] {processor.py:186} INFO - Started process (PID=223) to work on /home/airflow/.local/lib/python3.12/site-packages/airflow/example_dags/example_inlet_event_extra.py
[2026-09-25T16:19:11.398+0000] {processor.py:914} INFO - Processing file /home/airflow/.local/lib/python3.12/site-packages/airflow/example_dags/example_inlet_event_extra.py for tasks to queue
[2026-09-25T16:19:11.418+0000] {logging_mixin.py:190} INFO - [2026-09-25T16:19:11.407+0000] {dagbag.py:588} INFO - Filling up the DagBag from /home/airflow/.local/lib/python3.12/site-packages/airflow/example_dags/example_inlet_event_extra.py
[2026-09-25T16:19:20.243+0000] {processor.py:925} INFO - DAG(s) 'read_dataset_event', 'read_dataset_event_from_classic' retrieved from /home/airflow/.local/lib/python3.12/site-packages/airflow/example_dags/example_inlet_event_extra.py
[2026-09-25T16:19:20.437+0000] {logging_mixin.py:190} INFO - [2026-09-25T16:19:20.437+0000] {dag.py:3239} INFO - Sync 2 DAGs
[2026-09-25T16:19:20.676+0000] {logging_mixin.py:190} INFO - [2026-09-25T16:19:20.676+0000] {dag.py:4180} INFO - Setting next_dagrun for read_dataset_event to 2026-09-24 00:00:00+00:00, run_after=2026-09-25 00:00:00+00:00
[2026-09-25T16:19:20.722+0000] {logging_mixin.py:190} INFO - [2026-09-25T16:19:20.721+0000] {dag.py:4180} INFO - Setting next_dagrun for read_dataset_event_from_classic to 2026-09-24 00:00:00+00:00, run_after=2026-09-25 00:00:00+00:00
[2026-09-25T16:19:20.918+0000] {processor.py:208} INFO - Processing /home/airflow/.local/lib/python3.12/site-packages/airflow/example_dags/example_inlet_event_extra.py took 9.600 seconds
[2026-09-25T16:20:20.041+0000] {processor.py:186} INFO - Started process (PID=280) to work on /home/airflow/.local/lib/python3.12/site-packages/airflow/example_dags/example_inlet_event_extra.py
[2026-09-25T16:20:20.071+0000] {processor.py:914} INFO - Processing file /home/airflow/.local/lib/python3.12/site-packages/airflow/example_dags/example_inlet_event_extra.py for tasks to queue
[2026-09-25T16:20:20.102+0000] {logging_mixin.py:190} INFO - [2026-09-25T16:20:20.101+0000] {dagbag.py:588} INFO - Filling up the DagBag from /home/airflow/.local/lib/python3.12/site-packages/airflow/example_dags/example_inlet_event_extra.py
[2026-09-25T16:20:24.094+0000] {processor.py:925} INFO - DAG(s) 'read_dataset_event', 'read_dataset_event_from_classic' retrieved from /home/airflow/.local/lib/python3.12/site-packages/airflow/example_dags/example_inlet_event_extra.py
[2026-09-25T16:20:24.170+0000] {logging_mixin.py:190} INFO - [2026-09-25T16:20:24.167+0000] {dag.py:3239} INFO - Sync 2 DAGs
[2026-09-25T16:20:24.397+0000] {logging_mixin.py:190} INFO - [2026-09-25T16:20:24.393+0000] {dag.py:4180} INFO - Setting next_dagrun for read_dataset_event to 2026-09-24 00:00:00+00:00, run_after=2026-09-25 00:00:00+00:00
[2026-09-25T16:20:24.415+0000] {logging_mixin.py:190} INFO - [2026-09-25T16:20:24.414+0000] {dag.py:4180} INFO - Setting next_dagrun for read_dataset_event_from_classic to 2026-09-24 00:00:00+00:00, run_after=2026-09-25 00:00:00+00:00
[2026-09-25T16:20:24.468+0000] {processor.py:208} INFO - Processing /home/airflow/.local/lib/python3.12/site-packages/airflow/example_dags/example_inlet_event_extra.py took 4.486 seconds
[2026-09-25T16:21:07.882+0000] {processor.py:186} INFO - Started process (PID=334) to work on /home/airflow/.local/lib/python3.12/site-packages/airflow/example_dags/example_inlet_event_extra.py
[2026-09-25T16:21:07.890+0000] {processor.py:914} INFO - Processing file /home/airflow/.local/lib/python3.12/site-packages/airflow/example_dags/example_inlet_event_extra.py for tasks to queue
[2026-09-25T16:21:07.910+0000] {logging_mixin.py:190} INFO - [2026-09-25T16:21:07.909+0000] {dagbag.py:588} INFO - Filling up the DagBag from /home/airflow/.local/lib/python3.12/site-packages/airflow/example_dags/example_inlet_event_extra.py
[2026-09-25T16:21:14.598+0000] {processor.py:925} INFO - DAG(s) 'read_dataset_event_from_classic', 'read_dataset_event' retrieved from /home/airflow/.local/lib/python3.12/site-packages/airflow/example_dags/example_inlet_event_extra.py
[2026-09-25T16:21:14.714+0000] {logging_mixin.py:190} INFO - [2026-09-25T16:21:14.713+0000] {dag.py:3239} INFO - Sync 2 DAGs
[2026-09-25T16:21:14.930+0000] {logging_mixin.py:190} INFO - [2026-09-25T16:21:14.921+0000] {dag.py:4180} INFO - Setting next_dagrun for read_dataset_event to 2026-09-24 00:00:00+00:00, run_after=2026-09-25 00:00:00+00:00
[2026-09-25T16:21:14.979+0000] {logging_mixin.py:190} INFO - [2026-09-25T16:21:14.979+0000] {dag.py:4180} INFO - Setting next_dagrun for read_dataset_event_from_classic to 2026-09-24 00:00:00+00:00, run_after=2026-09-25 00:00:00+00:00
[2026-09-25T16:21:15.293+0000] {processor.py:208} INFO - Processing /home/airflow/.local/lib/python3.12/site-packages/airflow/example_dags/example_inlet_event_extra.py took 7.496 seconds
[2026-09-25T16:22:06.998+0000] {processor.py:186} INFO - Started process (PID=401) to work on /home/airflow/.local/lib/python3.12/site-packages/airflow/example_dags/example_inlet_event_extra.py
[2026-09-25T16:22:07.134+0000] {processor.py:914} INFO - Processing file /home/airflow/.local/lib/python3.12/site-packages/airflow/example_dags/example_inlet_event_extra.py for tasks to queue
[2026-09-25T16:22:07.151+0000] {logging_mixin.py:190} INFO - [2026-09-25T16:22:07.150+0000] {dagbag.py:588} INFO - Filling up the DagBag from /home/airflow/.local/lib/python3.12/site-packages/airflow/example_dags/example_inlet_event_extra.py
[2026-09-25T16:22:20.530+0000] {processor.py:925} INFO - DAG(s) 'read_dataset_event_from_classic', 'read_dataset_event' retrieved from /home/airflow/.local/lib/python3.12/site-packages/airflow/example_dags/example_inlet_event_extra.py
[2026-09-25T16:22:21.125+0000] {logging_mixin.py:190} INFO - [2026-09-25T16:22:21.124+0000] {dag.py:3239} INFO - Sync 2 DAGs
[2026-09-25T16:22:21.838+0000] {logging_mixin.py:190} INFO - [2026-09-25T16:22:21.828+0000] {dag.py:4180} INFO - Setting next_dagrun for read_dataset_event to 2026-09-24 00:00:00+00:00, run_after=2026-09-25 00:00:00+00:00
[2026-09-25T16:22:21.946+0000] {logging_mixin.py:190} INFO - [2026-09-25T16:22:21.935+0000] {dag.py:4180} INFO - Setting next_dagrun for read_dataset_event_from_classic to 2026-09-24 00:00:00+00:00, run_after=2026-09-25 00:00:00+00:00
[2026-09-25T16:22:22.489+0000] {processor.py:208} INFO - Processing /home/airflow/.local/lib/python3.12/site-packages/airflow/example_dags/example_inlet_event_extra.py took 15.601 seconds
[2026-09-25T16:23:03.785+0000] {processor.py:186} INFO - Started process (PID=464) to work on /home/airflow/.local/lib/python3.12/site-packages/airflow/example_dags/example_inlet_event_extra.py
[2026-09-25T16:23:03.837+0000] {processor.py:914} INFO - Processing file /home/airflow/.local/lib/python3.12/site-packages/airflow/example_dags/example_inlet_event_extra.py for tasks to queue
[2026-09-25T16:23:03.856+0000] {logging_mixin.py:190} INFO - [2026-09-25T16:23:03.855+0000] {dagbag.py:588} INFO - Filling up the DagBag from /home/airflow/.local/lib/python3.12/site-packages/airflow/example_dags/example_inlet_event_extra.py
[2026-09-25T16:23:06.366+0000] {processor.py:925} INFO - DAG(s) 'read_dataset_event_from_classic', 'read_dataset_event' retrieved from /home/airflow/.local/lib/python3.12/site-packages/airflow/example_dags/example_inlet_event_extra.py
[2026-09-25T16:23:06.423+0000] {logging_mixin.py:190} INFO - [2026-09-25T16:23:06.423+0000] {dag.py:3239} INFO - Sync 2 DAGs
[2026-09-25T16:23:06.510+0000] {logging_mixin.py:190} INFO - [2026-09-25T16:23:06.509+0000] {dag.py:4180} INFO - Setting next_dagrun for read_dataset_event to 2026-09-24 00:00:00+00:00, run_after=2026-09-25 00:00:00+00:00
[2026-09-25T16:23:06.530+0000] {logging_mixin.py:190} INFO - [2026-09-25T16:23:06.530+0000] {dag.py:4180} INFO - Setting next_dagrun for read_dataset_event_from_classic to 2026-09-24 00:00:00+00:00, run_after=2026-09-25 00:00:00+00:00
[2026-09-25T16:23:06.585+0000] {processor.py:208} INFO - Processing /home/airflow/.local/lib/python3.12/site-packages/airflow/example_dags/example_inlet_event_extra.py took 2.841 seconds
[2026-09-25T16:23:40.855+0000] {processor.py:186} INFO - Started process (PID=525) to work on /home/airflow/.local/lib/python3.12/site-packages/airflow/example_dags/example_inlet_event_extra.py
[2026-09-25T16:23:40.866+0000] {processor.py:914} INFO - Processing file /home/airflow/.local/lib/python3.12/site-packages/airflow/example_dags/example_inlet_event_extra.py for tasks to queue
[2026-09-25T16:23:40.892+0000] {logging_mixin.py:190} INFO - [2026-09-25T16:23:40.890+0000] {dagbag.py:588} INFO - Filling up the DagBag from /home/airflow/.local/lib/python3.12/site-packages/airflow/example_dags/example_inlet_event_extra.py
[2026-09-25T16:23:46.023+0000] {processor.py:925} INFO - DAG(s) 'read_dataset_event', 'read_dataset_event_from_classic' retrieved from /home/airflow/.local/lib/python3.12/site-packages/airflow/example_dags/example_inlet_event_extra.py
[2026-09-25T16:23:46.106+0000] {logging_mixin.py:190} INFO - [2026-09-25T16:23:46.105+0000] {dag.py:3239} INFO - Sync 2 DAGs
[2026-09-25T16:23:46.524+0000] {logging_mixin.py:190} INFO - [2026-09-25T16:23:46.524+0000] {dag.py:4180} INFO - Setting next_dagrun for read_dataset_event to 2026-09-24 00:00:00+00:00, run_after=2026-09-25 00:00:00+00:00
[2026-09-25T16:23:46.574+0000] {logging_mixin.py:190} INFO - [2026-09-25T16:23:46.574+0000] {dag.py:4180} INFO - Setting next_dagrun for read_dataset_event_from_classic to 2026-09-24 00:00:00+00:00, run_after=2026-09-25 00:00:00+00:00
[2026-09-25T16:23:46.683+0000] {processor.py:208} INFO - Processing /home/airflow/.local/lib/python3.12/site-packages/airflow/example_dags/example_inlet_event_extra.py took 5.854 seconds
[2026-09-25T16:24:17.085+0000] {processor.py:186} INFO - Started process (PID=593) to work on /home/airflow/.local/lib/python3.12/site-packages/airflow/example_dags/example_inlet_event_extra.py
[2026-09-25T16:24:17.087+0000] {processor.py:914} INFO - Processing file /home/airflow/.local/lib/python3.12/site-packages/airflow/example_dags/example_inlet_event_extra.py for tasks to queue
[2026-09-25T16:24:17.097+0000] {logging_mixin.py:190} INFO - [2026-09-25T16:24:17.094+0000] {dagbag.py:588} INFO - Filling up the DagBag from /home/airflow/.local/lib/python3.12/site-packages/airflow/example_dags/example_inlet_event_extra.py
[2026-09-25T16:24:18.933+0000] {processor.py:925} INFO - DAG(s) 'read_dataset_event_from_classic', 'read_dataset_event' retrieved from /home/airflow/.local/lib/python3.12/site-packages/airflow/example_dags/example_inlet_event_extra.py
[2026-09-25T16:24:19.033+0000] {logging_mixin.py:190} INFO - [2026-09-25T16:24:19.033+0000] {dag.py:3239} INFO - Sync 2 DAGs
[2026-09-25T16:24:19.118+0000] {logging_mixin.py:190} INFO - [2026-09-25T16:24:19.117+0000] {dag.py:4180} INFO - Setting next_dagrun for read_dataset_event to 2026-09-24 00:00:00+00:00, run_after=2026-09-25 00:00:00+00:00
[2026-09-25T16:24:19.137+0000] {logging_mixin.py:190} INFO - [2026-09-25T16:24:19.136+0000] {dag.py:4180} INFO - Setting next_dagrun for read_dataset_event_from_classic to 2026-09-24 00:00:00+00:00, run_after=2026-09-25 00:00:00+00:00
[2026-09-25T16:24:19.196+0000] {processor.py:208} INFO - Processing /home/airflow/.local/lib/python3.12/site-packages/airflow/example_dags/example_inlet_event_extra.py took 2.130 seconds
[2026-09-25T16:24:50.893+0000] {processor.py:186} INFO - Started process (PID=647) to work on /home/airflow/.local/lib/python3.12/site-packages/airflow/example_dags/example_inlet_event_extra.py
[2026-09-25T16:24:50.896+0000] {processor.py:914} INFO - Processing file /home/airflow/.local/lib/python3.12/site-packages/airflow/example_dags/example_inlet_event_extra.py for tasks to queue
[2026-09-25T16:24:50.901+0000] {logging_mixin.py:190} INFO - [2026-09-25T16:24:50.900+0000] {dagbag.py:588} INFO - Filling up the DagBag from /home/airflow/.local/lib/python3.12/site-packages/airflow/example_dags/example_inlet_event_extra.py
[2026-09-25T16:24:54.851+0000] {processor.py:925} INFO - DAG(s) 'read_dataset_event', 'read_dataset_event_from_classic' retrieved from /home/airflow/.local/lib/python3.12/site-packages/airflow/example_dags/example_inlet_event_extra.py
[2026-09-25T16:24:55.023+0000] {logging_mixin.py:190} INFO - [2026-09-25T16:24:54.997+0000] {dag.py:3239} INFO - Sync 2 DAGs
[2026-09-25T16:24:55.383+0000] {logging_mixin.py:190} INFO - [2026-09-25T16:24:55.382+0000] {dag.py:4180} INFO - Setting next_dagrun for read_dataset_event to 2026-09-24 00:00:00+00:00, run_after=2026-09-25 00:00:00+00:00
[2026-09-25T16:24:55.568+0000] {logging_mixin.py:190} INFO - [2026-09-25T16:24:55.566+0000] {dag.py:4180} INFO - Setting next_dagrun for read_dataset_event_from_classic to 2026-09-24 00:00:00+00:00, run_after=2026-09-25 00:00:00+00:00
[2026-09-25T16:24:55.968+0000] {processor.py:208} INFO - Processing /home/airflow/.local/lib/python3.12/site-packages/airflow/example_dags/example_inlet_event_extra.py took 5.090 seconds
[2026-09-25T16:25:26.774+0000] {processor.py:186} INFO - Started process (PID=717) to work on /home/airflow/.local/lib/python3.12/site-packages/airflow/example_dags/example_inlet_event_extra.py
[2026-09-25T16:25:26.792+0000] {processor.py:914} INFO - Processing file /home/airflow/.local/lib/python3.12/site-packages/airflow/example_dags/example_inlet_event_extra.py for tasks to queue
[2026-09-25T16:25:26.829+0000] {logging_mixin.py:190} INFO - [2026-09-25T16:25:26.828+0000] {dagbag.py:588} INFO - Filling up the DagBag from /home/airflow/.local/lib/python3.12/site-packages/airflow/example_dags/example_inlet_event_extra.py
[2026-09-25T16:25:30.127+0000] {processor.py:925} INFO - DAG(s) 'read_dataset_event_from_classic', 'read_dataset_event' retrieved from /home/airflow/.local/lib/python3.12/site-packages/airflow/example_dags/example_inlet_event_extra.py
[2026-09-25T16:25:30.218+0000] {logging_mixin.py:190} INFO - [2026-09-25T16:25:30.218+0000] {dag.py:3239} INFO - Sync 2 DAGs
[2026-09-25T16:25:30.326+0000] {logging_mixin.py:190} INFO - [2026-09-25T16:25:30.326+0000] {dag.py:4180} INFO - Setting next_dagrun for read_dataset_event to 2026-09-24 00:00:00+00:00, run_after=2026-09-25 00:00:00+00:00
[2026-09-25T16:25:30.369+0000] {logging_mixin.py:190} INFO - [2026-09-25T16:25:30.369+0000] {dag.py:4180} INFO - Setting next_dagrun for read_dataset_event_from_classic to 2026-09-24 00:00:00+00:00, run_after=2026-09-25 00:00:00+00:00
[2026-09-25T16:25:30.523+0000] {processor.py:208} INFO - Processing /home/airflow/.local/lib/python3.12/site-packages/airflow/example_dags/example_inlet_event_extra.py took 3.808 seconds
[2026-09-25T16:26:01.887+0000] {processor.py:186} INFO - Started process (PID=773) to work on /home/airflow/.local/lib/python3.12/site-packages/airflow/example_dags/example_inlet_event_extra.py
[2026-09-25T16:26:01.907+0000] {processor.py:914} INFO - Processing file /home/airflow/.local/lib/python3.12/site-packages/airflow/example_dags/example_inlet_event_extra.py for tasks to queue
[2026-09-25T16:26:01.921+0000] {logging_mixin.py:190} INFO - [2026-09-25T16:26:01.921+0000] {dagbag.py:588} INFO - Filling up the DagBag from /home/airflow/.local/lib/python3.12/site-packages/airflow/example_dags/example_inlet_event_extra.py
[2026-09-25T16:26:04.632+0000] {processor.py:925} INFO - DAG(s) 'read_dataset_event_from_classic', 'read_dataset_event' retrieved from /home/airflow/.local/lib/python3.12/site-packages/airflow/example_dags/example_inlet_event_extra.py
[2026-09-25T16:26:04.762+0000] {logging_mixin.py:190} INFO - [2026-09-25T16:26:04.761+0000] {dag.py:3239} INFO - Sync 2 DAGs
[2026-09-25T16:26:04.911+0000] {logging_mixin.py:190} INFO - [2026-09-25T16:26:04.910+0000] {dag.py:4180} INFO - Setting next_dagrun for read_dataset_event to 2026-09-24 00:00:00+00:00, run_after=2026-09-25 00:00:00+00:00
[2026-09-25T16:26:04.926+0000] {logging_mixin.py:190} INFO - [2026-09-25T16:26:04.925+0000] {dag.py:4180} INFO - Setting next_dagrun for read_dataset_event_from_classic to 2026-09-24 00:00:00+00:00, run_after=2026-09-25 00:00:00+00:00
[2026-09-25T16:26:05.108+0000] {processor.py:208} INFO - Processing /home/airflow/.local/lib/python3.12/site-packages/airflow/example_dags/example_inlet_event_extra.py took 3.240 seconds
[2026-09-25T16:26:35.364+0000] {processor.py:186} INFO - Started process (PID=839) to work on /home/airflow/.local/lib/python3.12/site-packages/airflow/example_dags/example_inlet_event_extra.py
[2026-09-25T16:26:35.366+0000] {processor.py:914} INFO - Processing file /home/airflow/.local/lib/python3.12/site-packages/airflow/example_dags/example_inlet_event_extra.py for tasks to queue
[2026-09-25T16:26:35.371+0000] {logging_mixin.py:190} INFO - [2026-09-25T16:26:35.370+0000] {dagbag.py:588} INFO - Filling up the DagBag from /home/airflow/.local/lib/python3.12/site-packages/airflow/example_dags/example_inlet_event_extra.py
[2026-09-25T16:26:36.863+0000] {processor.py:925} INFO - DAG(s) 'read_dataset_event_from_classic', 'read_dataset_event' retrieved from /home/airflow/.local/lib/python3.12/site-packages/airflow/example_dags/example_inlet_event_extra.py
[2026-09-25T16:26:36.916+0000] {logging_mixin.py:190} INFO - [2026-09-25T16:26:36.916+0000] {dag.py:3239} INFO - Sync 2 DAGs
[2026-09-25T16:26:37.086+0000] {logging_mixin.py:190} INFO - [2026-09-25T16:26:37.085+0000] {dag.py:4180} INFO - Setting next_dagrun for read_dataset_event to 2026-09-24 00:00:00+00:00, run_after=2026-09-25 00:00:00+00:00
[2026-09-25T16:26:37.113+0000] {logging_mixin.py:190} INFO - [2026-09-25T16:26:37.112+0000] {dag.py:4180} INFO - Setting next_dagrun for read_dataset_event_from_classic to 2026-09-24 00:00:00+00:00, run_after=2026-09-25 00:00:00+00:00
[2026-09-25T16:26:37.164+0000] {processor.py:208} INFO - Processing /home/airflow/.local/lib/python3.12/site-packages/airflow/example_dags/example_inlet_event_extra.py took 1.813 seconds
[2026-09-25T16:27:13.160+0000] {processor.py:186} INFO - Started process (PID=904) to work on /home/airflow/.local/lib/python3.12/site-packages/airflow/example_dags/example_inlet_event_extra.py
[2026-09-25T16:27:13.171+0000] {processor.py:914} INFO - Processing file /home/airflow/.local/lib/python3.12/site-packages/airflow/example_dags/example_inlet_event_extra.py for tasks to queue
[2026-09-25T16:27:13.186+0000] {logging_mixin.py:190} INFO - [2026-09-25T16:27:13.182+0000] {dagbag.py:588} INFO - Filling up the DagBag from /home/airflow/.local/lib/python3.12/site-packages/airflow/example_dags/example_inlet_event_extra.py
[2026-09-25T16:27:15.703+0000] {processor.py:925} INFO - DAG(s) 'read_dataset_event', 'read_dataset_event_from_classic' retrieved from /home/airflow/.local/lib/python3.12/site-packages/airflow/example_dags/example_inlet_event_extra.py
[2026-09-25T16:27:16.045+0000] {logging_mixin.py:190} INFO - [2026-09-25T16:27:16.040+0000] {dag.py:3239} INFO - Sync 2 DAGs
[2026-09-25T16:27:16.212+0000] {logging_mixin.py:190} INFO - [2026-09-25T16:27:16.211+0000] {dag.py:4180} INFO - Setting next_dagrun for read_dataset_event to 2026-09-24 00:00:00+00:00, run_after=2026-09-25 00:00:00+00:00
[2026-09-25T16:27:16.264+0000] {logging_mixin.py:190} INFO - [2026-09-25T16:27:16.262+0000] {dag.py:4180} INFO - Setting next_dagrun for read_dataset_event_from_classic to 2026-09-24 00:00:00+00:00, run_after=2026-09-25 00:00:00+00:00
[2026-09-25T16:27:16.414+0000] {processor.py:208} INFO - Processing /home/airflow/.local/lib/python3.12/site-packages/airflow/example_dags/example_inlet_event_extra.py took 3.272 seconds
[2026-09-25T16:27:54.529+0000] {processor.py:186} INFO - Started process (PID=959) to work on /home/airflow/.local/lib/python3.12/site-packages/airflow/example_dags/example_inlet_event_extra.py
[2026-09-25T16:27:54.533+0000] {processor.py:914} INFO - Processing file /home/airflow/.local/lib/python3.12/site-packages/airflow/example_dags/example_inlet_event_extra.py for tasks to queue
[2026-09-25T16:27:54.555+0000] {logging_mixin.py:190} INFO - [2026-09-25T16:27:54.554+0000] {dagbag.py:588} INFO - Filling up the DagBag from /home/airflow/.local/lib/python3.12/site-packages/airflow/example_dags/example_inlet_event_extra.py
[2026-09-25T16:28:00.048+0000] {processor.py:925} INFO - DAG(s) 'read_dataset_event_from_classic', 'read_dataset_event' retrieved from /home/airflow/.local/lib/python3.12/site-packages/airflow/example_dags/example_inlet_event_extra.py
[2026-09-25T16:28:00.529+0000] {logging_mixin.py:190} INFO - [2026-09-25T16:28:00.515+0000] {dag.py:3239} INFO - Sync 2 DAGs
[2026-09-25T16:28:01.831+0000] {logging_mixin.py:190} INFO - [2026-09-25T16:28:01.759+0000] {dag.py:4180} INFO - Setting next_dagrun for read_dataset_event to 2026-09-24 00:00:00+00:00, run_after=2026-09-25 00:00:00+00:00
[2026-09-25T16:28:01.939+0000] {logging_mixin.py:190} INFO - [2026-09-25T16:28:01.938+0000] {dag.py:4180} INFO - Setting next_dagrun for read_dataset_event_from_classic to 2026-09-24 00:00:00+00:00, run_after=2026-09-25 00:00:00+00:00
[2026-09-25T16:28:02.473+0000] {processor.py:208} INFO - Processing /home/airflow/.local/lib/python3.12/site-packages/airflow/example_dags/example_inlet_event_extra.py took 7.966 seconds
[2026-09-25T16:28:35.411+0000] {processor.py:186} INFO - Started process (PID=1017) to work on /home/airflow/.local/lib/python3.12/site-packages/airflow/example_dags/example_inlet_event_extra.py
[2026-09-25T16:28:35.495+0000] {processor.py:914} INFO - Processing file /home/airflow/.local/lib/python3.12/site-packages/airflow/example_dags/example_inlet_event_extra.py for tasks to queue
[2026-09-25T16:28:35.566+0000] {logging_mixin.py:190} INFO - [2026-09-25T16:28:35.565+0000] {dagbag.py:588} INFO - Filling up the DagBag from /home/airflow/.local/lib/python3.12/site-packages/airflow/example_dags/example_inlet_event_extra.py
[2026-09-25T16:28:48.423+0000] {processor.py:925} INFO - DAG(s) 'read_dataset_event', 'read_dataset_event_from_classic' retrieved from /home/airflow/.local/lib/python3.12/site-packages/airflow/example_dags/example_inlet_event_extra.py
[2026-09-25T16:28:48.487+0000] {logging_mixin.py:190} INFO - [2026-09-25T16:28:48.487+0000] {dag.py:3239} INFO - Sync 2 DAGs
[2026-09-25T16:28:48.666+0000] {logging_mixin.py:190} INFO - [2026-09-25T16:28:48.666+0000] {dag.py:4180} INFO - Setting next_dagrun for read_dataset_event to 2026-09-24 00:00:00+00:00, run_after=2026-09-25 00:00:00+00:00
[2026-09-25T16:28:48.700+0000] {logging_mixin.py:190} INFO - [2026-09-25T16:28:48.699+0000] {dag.py:4180} INFO - Setting next_dagrun for read_dataset_event_from_classic to 2026-09-24 00:00:00+00:00, run_after=2026-09-25 00:00:00+00:00
[2026-09-25T16:28:48.971+0000] {processor.py:208} INFO - Processing /home/airflow/.local/lib/python3.12/site-packages/airflow/example_dags/example_inlet_event_extra.py took 13.950 seconds
[2026-09-25T16:42:57.314+0000] {processor.py:186} INFO - Started process (PID=50) to work on /home/airflow/.local/lib/python3.12/site-packages/airflow/example_dags/example_inlet_event_extra.py
[2026-09-25T16:42:57.317+0000] {processor.py:914} INFO - Processing file /home/airflow/.local/lib/python3.12/site-packages/airflow/example_dags/example_inlet_event_extra.py for tasks to queue
[2026-09-25T16:42:57.325+0000] {logging_mixin.py:190} INFO - [2026-09-25T16:42:57.325+0000] {dagbag.py:588} INFO - Filling up the DagBag from /home/airflow/.local/lib/python3.12/site-packages/airflow/example_dags/example_inlet_event_extra.py
[2026-09-25T16:43:10.869+0000] {processor.py:925} INFO - DAG(s) 'read_dataset_event_from_classic', 'read_dataset_event' retrieved from /home/airflow/.local/lib/python3.12/site-packages/airflow/example_dags/example_inlet_event_extra.py
[2026-09-25T16:43:10.969+0000] {logging_mixin.py:190} INFO - [2026-09-25T16:43:10.969+0000] {dag.py:3239} INFO - Sync 2 DAGs
[2026-09-25T16:43:11.080+0000] {logging_mixin.py:190} INFO - [2026-09-25T16:43:11.079+0000] {dag.py:4180} INFO - Setting next_dagrun for read_dataset_event to 2026-09-24 00:00:00+00:00, run_after=2026-09-25 00:00:00+00:00
[2026-09-25T16:43:11.103+0000] {logging_mixin.py:190} INFO - [2026-09-25T16:43:11.103+0000] {dag.py:4180} INFO - Setting next_dagrun for read_dataset_event_from_classic to 2026-09-24 00:00:00+00:00, run_after=2026-09-25 00:00:00+00:00
[2026-09-25T16:43:11.151+0000] {processor.py:208} INFO - Processing /home/airflow/.local/lib/python3.12/site-packages/airflow/example_dags/example_inlet_event_extra.py took 13.972 seconds
[2026-09-25T16:43:59.866+0000] {processor.py:186} INFO - Started process (PID=117) to work on /home/airflow/.local/lib/python3.12/site-packages/airflow/example_dags/example_inlet_event_extra.py
[2026-09-25T16:43:59.870+0000] {processor.py:914} INFO - Processing file /home/airflow/.local/lib/python3.12/site-packages/airflow/example_dags/example_inlet_event_extra.py for tasks to queue
[2026-09-25T16:43:59.876+0000] {logging_mixin.py:190} INFO - [2026-09-25T16:43:59.875+0000] {dagbag.py:588} INFO - Filling up the DagBag from /home/airflow/.local/lib/python3.12/site-packages/airflow/example_dags/example_inlet_event_extra.py
[2026-09-25T16:44:01.843+0000] {processor.py:925} INFO - DAG(s) 'read_dataset_event', 'read_dataset_event_from_classic' retrieved from /home/airflow/.local/lib/python3.12/site-packages/airflow/example_dags/example_inlet_event_extra.py
[2026-09-25T16:44:01.908+0000] {logging_mixin.py:190} INFO - [2026-09-25T16:44:01.908+0000] {dag.py:3239} INFO - Sync 2 DAGs
[2026-09-25T16:44:01.980+0000] {logging_mixin.py:190} INFO - [2026-09-25T16:44:01.980+0000] {dag.py:4180} INFO - Setting next_dagrun for read_dataset_event to 2026-09-24 00:00:00+00:00, run_after=2026-09-25 00:00:00+00:00
[2026-09-25T16:44:02.031+0000] {logging_mixin.py:190} INFO - [2026-09-25T16:44:02.031+0000] {dag.py:4180} INFO - Setting next_dagrun for read_dataset_event_from_classic to 2026-09-24 00:00:00+00:00, run_after=2026-09-25 00:00:00+00:00
[2026-09-25T16:44:02.151+0000] {processor.py:208} INFO - Processing /home/airflow/.local/lib/python3.12/site-packages/airflow/example_dags/example_inlet_event_extra.py took 2.303 seconds
[2026-09-25T16:44:32.502+0000] {processor.py:186} INFO - Started process (PID=191) to work on /home/airflow/.local/lib/python3.12/site-packages/airflow/example_dags/example_inlet_event_extra.py
[2026-09-25T16:44:32.509+0000] {processor.py:914} INFO - Processing file /home/airflow/.local/lib/python3.12/site-packages/airflow/example_dags/example_inlet_event_extra.py for tasks to queue
[2026-09-25T16:44:32.515+0000] {logging_mixin.py:190} INFO - [2026-09-25T16:44:32.514+0000] {dagbag.py:588} INFO - Filling up the DagBag from /home/airflow/.local/lib/python3.12/site-packages/airflow/example_dags/example_inlet_event_extra.py
[2026-09-25T16:44:34.493+0000] {processor.py:925} INFO - DAG(s) 'read_dataset_event_from_classic', 'read_dataset_event' retrieved from /home/airflow/.local/lib/python3.12/site-packages/airflow/example_dags/example_inlet_event_extra.py
[2026-09-25T16:44:34.643+0000] {logging_mixin.py:190} INFO - [2026-09-25T16:44:34.642+0000] {dag.py:3239} INFO - Sync 2 DAGs
[2026-09-25T16:44:34.754+0000] {logging_mixin.py:190} INFO - [2026-09-25T16:44:34.752+0000] {dag.py:4180} INFO - Setting next_dagrun for read_dataset_event to 2026-09-24 00:00:00+00:00, run_after=2026-09-25 00:00:00+00:00
[2026-09-25T16:44:34.847+0000] {logging_mixin.py:190} INFO - [2026-09-25T16:44:34.844+0000] {dag.py:4180} INFO - Setting next_dagrun for read_dataset_event_from_classic to 2026-09-24 00:00:00+00:00, run_after=2026-09-25 00:00:00+00:00
[2026-09-25T16:44:34.935+0000] {processor.py:208} INFO - Processing /home/airflow/.local/lib/python3.12/site-packages/airflow/example_dags/example_inlet_event_extra.py took 2.447 seconds
[2026-09-25T16:45:07.832+0000] {processor.py:186} INFO - Started process (PID=242) to work on /home/airflow/.local/lib/python3.12/site-packages/airflow/example_dags/example_inlet_event_extra.py
[2026-09-25T16:45:07.865+0000] {processor.py:914} INFO - Processing file /home/airflow/.local/lib/python3.12/site-packages/airflow/example_dags/example_inlet_event_extra.py for tasks to queue
[2026-09-25T16:45:07.929+0000] {logging_mixin.py:190} INFO - [2026-09-25T16:45:07.926+0000] {dagbag.py:588} INFO - Filling up the DagBag from /home/airflow/.local/lib/python3.12/site-packages/airflow/example_dags/example_inlet_event_extra.py
[2026-09-25T16:45:11.188+0000] {processor.py:925} INFO - DAG(s) 'read_dataset_event_from_classic', 'read_dataset_event' retrieved from /home/airflow/.local/lib/python3.12/site-packages/airflow/example_dags/example_inlet_event_extra.py
[2026-09-25T16:45:11.298+0000] {logging_mixin.py:190} INFO - [2026-09-25T16:45:11.297+0000] {dag.py:3239} INFO - Sync 2 DAGs
[2026-09-25T16:45:11.379+0000] {logging_mixin.py:190} INFO - [2026-09-25T16:45:11.378+0000] {dag.py:4180} INFO - Setting next_dagrun for read_dataset_event to 2026-09-24 00:00:00+00:00, run_after=2026-09-25 00:00:00+00:00
[2026-09-25T16:45:11.401+0000] {logging_mixin.py:190} INFO - [2026-09-25T16:45:11.400+0000] {dag.py:4180} INFO - Setting next_dagrun for read_dataset_event_from_classic to 2026-09-24 00:00:00+00:00, run_after=2026-09-25 00:00:00+00:00
[2026-09-25T16:45:11.443+0000] {processor.py:208} INFO - Processing /home/airflow/.local/lib/python3.12/site-packages/airflow/example_dags/example_inlet_event_extra.py took 3.721 seconds
[2026-09-25T16:45:42.857+0000] {processor.py:186} INFO - Started process (PID=308) to work on /home/airflow/.local/lib/python3.12/site-packages/airflow/example_dags/example_inlet_event_extra.py
[2026-09-25T16:45:42.871+0000] {processor.py:914} INFO - Processing file /home/airflow/.local/lib/python3.12/site-packages/airflow/example_dags/example_inlet_event_extra.py for tasks to queue
[2026-09-25T16:45:42.891+0000] {logging_mixin.py:190} INFO - [2026-09-25T16:45:42.883+0000] {dagbag.py:588} INFO - Filling up the DagBag from /home/airflow/.local/lib/python3.12/site-packages/airflow/example_dags/example_inlet_event_extra.py
[2026-09-25T16:45:45.784+0000] {processor.py:925} INFO - DAG(s) 'read_dataset_event_from_classic', 'read_dataset_event' retrieved from /home/airflow/.local/lib/python3.12/site-packages/airflow/example_dags/example_inlet_event_extra.py
[2026-09-25T16:45:45.867+0000] {logging_mixin.py:190} INFO - [2026-09-25T16:45:45.867+0000] {dag.py:3239} INFO - Sync 2 DAGs
[2026-09-25T16:45:46.035+0000] {logging_mixin.py:190} INFO - [2026-09-25T16:45:46.033+0000] {dag.py:4180} INFO - Setting next_dagrun for read_dataset_event to 2026-09-24 00:00:00+00:00, run_after=2026-09-25 00:00:00+00:00
[2026-09-25T16:45:46.071+0000] {logging_mixin.py:190} INFO - [2026-09-25T16:45:46.071+0000] {dag.py:4180} INFO - Setting next_dagrun for read_dataset_event_from_classic to 2026-09-24 00:00:00+00:00, run_after=2026-09-25 00:00:00+00:00
[2026-09-25T16:45:46.182+0000] {processor.py:208} INFO - Processing /home/airflow/.local/lib/python3.12/site-packages/airflow/example_dags/example_inlet_event_extra.py took 3.373 seconds
[2026-09-25T16:46:16.794+0000] {processor.py:186} INFO - Started process (PID=373) to work on /home/airflow/.local/lib/python3.12/site-packages/airflow/example_dags/example_inlet_event_extra.py
[2026-09-25T16:46:16.810+0000] {processor.py:914} INFO - Processing file /home/airflow/.local/lib/python3.12/site-packages/airflow/example_dags/example_inlet_event_extra.py for tasks to queue
[2026-09-25T16:46:16.817+0000] {logging_mixin.py:190} INFO - [2026-09-25T16:46:16.816+0000] {dagbag.py:588} INFO - Filling up the DagBag from /home/airflow/.local/lib/python3.12/site-packages/airflow/example_dags/example_inlet_event_extra.py
[2026-09-25T16:46:19.192+0000] {processor.py:925} INFO - DAG(s) 'read_dataset_event_from_classic', 'read_dataset_event' retrieved from /home/airflow/.local/lib/python3.12/site-packages/airflow/example_dags/example_inlet_event_extra.py
[2026-09-25T16:46:19.302+0000] {logging_mixin.py:190} INFO - [2026-09-25T16:46:19.301+0000] {dag.py:3239} INFO - Sync 2 DAGs
[2026-09-25T16:46:19.392+0000] {logging_mixin.py:190} INFO - [2026-09-25T16:46:19.391+0000] {dag.py:4180} INFO - Setting next_dagrun for read_dataset_event to 2026-09-24 00:00:00+00:00, run_after=2026-09-25 00:00:00+00:00
[2026-09-25T16:46:19.413+0000] {logging_mixin.py:190} INFO - [2026-09-25T16:46:19.412+0000] {dag.py:4180} INFO - Setting next_dagrun for read_dataset_event_from_classic to 2026-09-24 00:00:00+00:00, run_after=2026-09-25 00:00:00+00:00
[2026-09-25T16:46:19.462+0000] {processor.py:208} INFO - Processing /home/airflow/.local/lib/python3.12/site-packages/airflow/example_dags/example_inlet_event_extra.py took 2.684 seconds
[2026-09-25T16:46:49.579+0000] {processor.py:186} INFO - Started process (PID=437) to work on /home/airflow/.local/lib/python3.12/site-packages/airflow/example_dags/example_inlet_event_extra.py
[2026-09-25T16:46:49.582+0000] {processor.py:914} INFO - Processing file /home/airflow/.local/lib/python3.12/site-packages/airflow/example_dags/example_inlet_event_extra.py for tasks to queue
[2026-09-25T16:46:49.587+0000] {logging_mixin.py:190} INFO - [2026-09-25T16:46:49.587+0000] {dagbag.py:588} INFO - Filling up the DagBag from /home/airflow/.local/lib/python3.12/site-packages/airflow/example_dags/example_inlet_event_extra.py
[2026-09-25T16:46:51.076+0000] {processor.py:925} INFO - DAG(s) 'read_dataset_event', 'read_dataset_event_from_classic' retrieved from /home/airflow/.local/lib/python3.12/site-packages/airflow/example_dags/example_inlet_event_extra.py
[2026-09-25T16:46:51.141+0000] {logging_mixin.py:190} INFO - [2026-09-25T16:46:51.140+0000] {dag.py:3239} INFO - Sync 2 DAGs
[2026-09-25T16:46:51.223+0000] {logging_mixin.py:190} INFO - [2026-09-25T16:46:51.222+0000] {dag.py:4180} INFO - Setting next_dagrun for read_dataset_event to 2026-09-24 00:00:00+00:00, run_after=2026-09-25 00:00:00+00:00
[2026-09-25T16:46:51.239+0000] {logging_mixin.py:190} INFO - [2026-09-25T16:46:51.239+0000] {dag.py:4180} INFO - Setting next_dagrun for read_dataset_event_from_classic to 2026-09-24 00:00:00+00:00, run_after=2026-09-25 00:00:00+00:00
[2026-09-25T16:46:51.279+0000] {processor.py:208} INFO - Processing /home/airflow/.local/lib/python3.12/site-packages/airflow/example_dags/example_inlet_event_extra.py took 1.713 seconds
[2026-09-25T16:47:22.282+0000] {processor.py:186} INFO - Started process (PID=498) to work on /home/airflow/.local/lib/python3.12/site-packages/airflow/example_dags/example_inlet_event_extra.py
[2026-09-25T16:47:22.296+0000] {processor.py:914} INFO - Processing file /home/airflow/.local/lib/python3.12/site-packages/airflow/example_dags/example_inlet_event_extra.py for tasks to queue
[2026-09-25T16:47:22.320+0000] {logging_mixin.py:190} INFO - [2026-09-25T16:47:22.319+0000] {dagbag.py:588} INFO - Filling up the DagBag from /home/airflow/.local/lib/python3.12/site-packages/airflow/example_dags/example_inlet_event_extra.py
[2026-09-25T16:47:25.929+0000] {processor.py:925} INFO - DAG(s) 'read_dataset_event_from_classic', 'read_dataset_event' retrieved from /home/airflow/.local/lib/python3.12/site-packages/airflow/example_dags/example_inlet_event_extra.py
[2026-09-25T16:47:25.978+0000] {logging_mixin.py:190} INFO - [2026-09-25T16:47:25.977+0000] {dag.py:3239} INFO - Sync 2 DAGs
[2026-09-25T16:47:26.096+0000] {logging_mixin.py:190} INFO - [2026-09-25T16:47:26.094+0000] {dag.py:4180} INFO - Setting next_dagrun for read_dataset_event to 2026-09-24 00:00:00+00:00, run_after=2026-09-25 00:00:00+00:00
[2026-09-25T16:47:26.136+0000] {logging_mixin.py:190} INFO - [2026-09-25T16:47:26.135+0000] {dag.py:4180} INFO - Setting next_dagrun for read_dataset_event_from_classic to 2026-09-24 00:00:00+00:00, run_after=2026-09-25 00:00:00+00:00
[2026-09-25T16:47:26.213+0000] {processor.py:208} INFO - Processing /home/airflow/.local/lib/python3.12/site-packages/airflow/example_dags/example_inlet_event_extra.py took 3.997 seconds
[2026-09-25T16:48:01.704+0000] {processor.py:186} INFO - Started process (PID=556) to work on /home/airflow/.local/lib/python3.12/site-packages/airflow/example_dags/example_inlet_event_extra.py
[2026-09-25T16:48:01.707+0000] {processor.py:914} INFO - Processing file /home/airflow/.local/lib/python3.12/site-packages/airflow/example_dags/example_inlet_event_extra.py for tasks to queue
[2026-09-25T16:48:02.352+0000] {logging_mixin.py:190} INFO - [2026-09-25T16:48:01.754+0000] {dagbag.py:588} INFO - Filling up the DagBag from /home/airflow/.local/lib/python3.12/site-packages/airflow/example_dags/example_inlet_event_extra.py
[2026-09-25T16:48:08.241+0000] {processor.py:925} INFO - DAG(s) 'read_dataset_event', 'read_dataset_event_from_classic' retrieved from /home/airflow/.local/lib/python3.12/site-packages/airflow/example_dags/example_inlet_event_extra.py
[2026-09-25T16:48:08.316+0000] {logging_mixin.py:190} INFO - [2026-09-25T16:48:08.314+0000] {dag.py:3239} INFO - Sync 2 DAGs
[2026-09-25T16:48:08.384+0000] {logging_mixin.py:190} INFO - [2026-09-25T16:48:08.384+0000] {dag.py:4180} INFO - Setting next_dagrun for read_dataset_event to 2026-09-24 00:00:00+00:00, run_after=2026-09-25 00:00:00+00:00
[2026-09-25T16:48:08.399+0000] {logging_mixin.py:190} INFO - [2026-09-25T16:48:08.399+0000] {dag.py:4180} INFO - Setting next_dagrun for read_dataset_event_from_classic to 2026-09-24 00:00:00+00:00, run_after=2026-09-25 00:00:00+00:00
[2026-09-25T16:48:08.453+0000] {processor.py:208} INFO - Processing /home/airflow/.local/lib/python3.12/site-packages/airflow/example_dags/example_inlet_event_extra.py took 6.807 seconds
[2026-09-25T16:48:39.257+0000] {processor.py:186} INFO - Started process (PID=628) to work on /home/airflow/.local/lib/python3.12/site-packages/airflow/example_dags/example_inlet_event_extra.py
[2026-09-25T16:48:39.316+0000] {processor.py:914} INFO - Processing file /home/airflow/.local/lib/python3.12/site-packages/airflow/example_dags/example_inlet_event_extra.py for tasks to queue
[2026-09-25T16:48:39.347+0000] {logging_mixin.py:190} INFO - [2026-09-25T16:48:39.340+0000] {dagbag.py:588} INFO - Filling up the DagBag from /home/airflow/.local/lib/python3.12/site-packages/airflow/example_dags/example_inlet_event_extra.py
[2026-09-25T16:48:42.329+0000] {processor.py:925} INFO - DAG(s) 'read_dataset_event_from_classic', 'read_dataset_event' retrieved from /home/airflow/.local/lib/python3.12/site-packages/airflow/example_dags/example_inlet_event_extra.py
[2026-09-25T16:48:42.481+0000] {logging_mixin.py:190} INFO - [2026-09-25T16:48:42.480+0000] {dag.py:3239} INFO - Sync 2 DAGs
[2026-09-25T16:48:42.627+0000] {logging_mixin.py:190} INFO - [2026-09-25T16:48:42.627+0000] {dag.py:4180} INFO - Setting next_dagrun for read_dataset_event to 2026-09-24 00:00:00+00:00, run_after=2026-09-25 00:00:00+00:00
[2026-09-25T16:48:42.660+0000] {logging_mixin.py:190} INFO - [2026-09-25T16:48:42.660+0000] {dag.py:4180} INFO - Setting next_dagrun for read_dataset_event_from_classic to 2026-09-24 00:00:00+00:00, run_after=2026-09-25 00:00:00+00:00
[2026-09-25T16:48:42.732+0000] {processor.py:208} INFO - Processing /home/airflow/.local/lib/python3.12/site-packages/airflow/example_dags/example_inlet_event_extra.py took 3.524 seconds
[2026-09-25T16:49:12.937+0000] {processor.py:186} INFO - Started process (PID=695) to work on /home/airflow/.local/lib/python3.12/site-packages/airflow/example_dags/example_inlet_event_extra.py
[2026-09-25T16:49:12.939+0000] {processor.py:914} INFO - Processing file /home/airflow/.local/lib/python3.12/site-packages/airflow/example_dags/example_inlet_event_extra.py for tasks to queue
[2026-09-25T16:49:12.944+0000] {logging_mixin.py:190} INFO - [2026-09-25T16:49:12.944+0000] {dagbag.py:588} INFO - Filling up the DagBag from /home/airflow/.local/lib/python3.12/site-packages/airflow/example_dags/example_inlet_event_extra.py
[2026-09-25T16:49:14.891+0000] {processor.py:925} INFO - DAG(s) 'read_dataset_event', 'read_dataset_event_from_classic' retrieved from /home/airflow/.local/lib/python3.12/site-packages/airflow/example_dags/example_inlet_event_extra.py
[2026-09-25T16:49:14.944+0000] {logging_mixin.py:190} INFO - [2026-09-25T16:49:14.943+0000] {dag.py:3239} INFO - Sync 2 DAGs
[2026-09-25T16:49:15.030+0000] {logging_mixin.py:190} INFO - [2026-09-25T16:49:15.030+0000] {dag.py:4180} INFO - Setting next_dagrun for read_dataset_event to 2026-09-24 00:00:00+00:00, run_after=2026-09-25 00:00:00+00:00
[2026-09-25T16:49:15.046+0000] {logging_mixin.py:190} INFO - [2026-09-25T16:49:15.046+0000] {dag.py:4180} INFO - Setting next_dagrun for read_dataset_event_from_classic to 2026-09-24 00:00:00+00:00, run_after=2026-09-25 00:00:00+00:00
[2026-09-25T16:49:15.091+0000] {processor.py:208} INFO - Processing /home/airflow/.local/lib/python3.12/site-packages/airflow/example_dags/example_inlet_event_extra.py took 2.169 seconds
