[2026-09-25T16:16:20.567+0000] {processor.py:186} INFO - Started process (PID=129) to work on /home/airflow/.local/lib/python3.12/site-packages/airflow/example_dags/example_short_circuit_operator.py
[2026-09-25T16:16:20.577+0000] {processor.py:914} INFO - Processing file /home/airflow/.local/lib/python3.12/site-packages/airflow/example_dags/example_short_circuit_operator.py for tasks to queue
[2026-09-25T16:16:20.625+0000] {logging_mixin.py:190} INFO - [2026-09-25T16:16:20.601+0000] {dagbag.py:588} INFO - Filling up the DagBag from /home/airflow/.local/lib/python3.12/site-packages/airflow/example_dags/example_short_circuit_operator.py
[2026-09-25T16:16:20.806+0000] {processor.py:925} INFO - DAG(s) 'example_short_circuit_operator' retrieved from /home/airflow/.local/lib/python3.12/site-packages/airflow/example_dags/example_short_circuit_operator.py
[2026-09-25T16:16:25.550+0000] {logging_mixin.py:190} INFO - [2026-09-25T16:16:25.507+0000] {override.py:1912} INFO - Created Permission View: can read on DAG:example_short_circuit_operator
[2026-09-25T16:16:26.542+0000] {logging_mixin.py:190} INFO - [2026-09-25T16:16:26.496+0000] {override.py:1912} INFO - Created Permission View: can delete on DAG:example_short_circuit_operator
[2026-09-25T16:16:27.034+0000] {logging_mixin.py:190} INFO - [2026-09-25T16:16:27.033+0000] {override.py:1912} INFO - Created Permission View: can edit on DAG:example_short_circuit_operator
[2026-09-25T16:16:27.793+0000] {logging_mixin.py:190} INFO - [2026-09-25T16:16:27.789+0000] {override.py:1912} INFO - Created Permission View: can read on DAG Run:example_short_circuit_operator
[2026-09-25T16:16:27.988+0000] {logging_mixin.py:190} INFO - [2026-09-25T16:16:27.988+0000] {override.py:1912} INFO - Created Permission View: can delete on DAG Run:example_short_circuit_operator
[2026-09-25T16:16:28.235+0000] {logging_mixin.py:190} INFO - [2026-09-25T16:16:28.228+0000] {override.py:1912} INFO - Created Permission View: menu access on DAG Run:example_short_circuit_operator
[2026-09-25T16:16:28.495+0000] {logging_mixin.py:190} INFO - [2026-09-25T16:16:28.474+0000] {override.py:1912} INFO - Created Permission View: can create on DAG Run:example_short_circuit_operator
[2026-09-25T16:16:28.502+0000] {logging_mixin.py:190} INFO - [2026-09-25T16:16:28.501+0000] {dag.py:3239} INFO - Sync 1 DAGs
[2026-09-25T16:16:29.958+0000] {logging_mixin.py:190} INFO - [2026-09-25T16:16:29.890+0000] {dag.py:3262} INFO - Creating ORM DAG for example_short_circuit_operator
[2026-09-25T16:16:30.640+0000] {logging_mixin.py:190} INFO - [2026-09-25T16:16:30.348+0000] {dag.py:4180} INFO - Setting next_dagrun for example_short_circuit_operator to None, run_after=None
[2026-09-25T16:16:32.005+0000] {processor.py:208} INFO - Processing /home/airflow/.local/lib/python3.12/site-packages/airflow/example_dags/example_short_circuit_operator.py took 11.572 seconds
[2026-09-25T16:19:10.497+0000] {processor.py:186} INFO - Started process (PID=221) to work on /home/airflow/.local/lib/python3.12/site-packages/airflow/example_dags/example_short_circuit_operator.py
[2026-09-25T16:19:10.503+0000] {processor.py:914} INFO - Processing file /home/airflow/.local/lib/python3.12/site-packages/airflow/example_dags/example_short_circuit_operator.py for tasks to queue
[2026-09-25T16:19:10.514+0000] {logging_mixin.py:190} INFO - [2026-09-25T16:19:10.513+0000] {dagbag.py:588} INFO - Filling up the DagBag from /home/airflow/.local/lib/python3.12/site-packages/airflow/example_dags/example_short_circuit_operator.py
[2026-09-25T16:19:10.567+0000] {processor.py:925} INFO - DAG(s) 'example_short_circuit_operator' retrieved from /home/airflow/.local/lib/python3.12/site-packages/airflow/example_dags/example_short_circuit_operator.py
[2026-09-25T16:19:10.750+0000] {logging_mixin.py:190} INFO - [2026-09-25T16:19:10.750+0000] {dag.py:3239} INFO - Sync 1 DAGs
[2026-09-25T16:19:10.882+0000] {logging_mixin.py:190} INFO - [2026-09-25T16:19:10.881+0000] {dag.py:4180} INFO - Setting next_dagrun for example_short_circuit_operator to None, run_after=None
[2026-09-25T16:19:11.089+0000] {processor.py:208} INFO - Processing /home/airflow/.local/lib/python3.12/site-packages/airflow/example_dags/example_short_circuit_operator.py took 0.768 seconds
[2026-09-25T16:21:06.282+0000] {processor.py:186} INFO - Started process (PID=332) to work on /home/airflow/.local/lib/python3.12/site-packages/airflow/example_dags/example_short_circuit_operator.py
[2026-09-25T16:21:06.289+0000] {processor.py:914} INFO - Processing file /home/airflow/.local/lib/python3.12/site-packages/airflow/example_dags/example_short_circuit_operator.py for tasks to queue
[2026-09-25T16:21:06.304+0000] {logging_mixin.py:190} INFO - [2026-09-25T16:21:06.303+0000] {dagbag.py:588} INFO - Filling up the DagBag from /home/airflow/.local/lib/python3.12/site-packages/airflow/example_dags/example_short_circuit_operator.py
[2026-09-25T16:21:06.446+0000] {processor.py:925} INFO - DAG(s) 'example_short_circuit_operator' retrieved from /home/airflow/.local/lib/python3.12/site-packages/airflow/example_dags/example_short_circuit_operator.py
[2026-09-25T16:21:07.054+0000] {logging_mixin.py:190} INFO - [2026-09-25T16:21:07.053+0000] {dag.py:3239} INFO - Sync 1 DAGs
[2026-09-25T16:21:07.199+0000] {logging_mixin.py:190} INFO - [2026-09-25T16:21:07.199+0000] {dag.py:4180} INFO - Setting next_dagrun for example_short_circuit_operator to None, run_after=None
[2026-09-25T16:21:07.524+0000] {processor.py:208} INFO - Processing /home/airflow/.local/lib/python3.12/site-packages/airflow/example_dags/example_short_circuit_operator.py took 1.305 seconds
[2026-09-25T16:22:37.390+0000] {processor.py:186} INFO - Started process (PID=436) to work on /home/airflow/.local/lib/python3.12/site-packages/airflow/example_dags/example_short_circuit_operator.py
[2026-09-25T16:22:37.393+0000] {processor.py:914} INFO - Processing file /home/airflow/.local/lib/python3.12/site-packages/airflow/example_dags/example_short_circuit_operator.py for tasks to queue
[2026-09-25T16:22:37.403+0000] {logging_mixin.py:190} INFO - [2026-09-25T16:22:37.402+0000] {dagbag.py:588} INFO - Filling up the DagBag from /home/airflow/.local/lib/python3.12/site-packages/airflow/example_dags/example_short_circuit_operator.py
[2026-09-25T16:22:37.427+0000] {processor.py:925} INFO - DAG(s) 'example_short_circuit_operator' retrieved from /home/airflow/.local/lib/python3.12/site-packages/airflow/example_dags/example_short_circuit_operator.py
[2026-09-25T16:22:37.508+0000] {logging_mixin.py:190} INFO - [2026-09-25T16:22:37.508+0000] {dag.py:3239} INFO - Sync 1 DAGs
[2026-09-25T16:22:37.570+0000] {logging_mixin.py:190} INFO - [2026-09-25T16:22:37.569+0000] {dag.py:4180} INFO - Setting next_dagrun for example_short_circuit_operator to None, run_after=None
[2026-09-25T16:22:37.634+0000] {processor.py:208} INFO - Processing /home/airflow/.local/lib/python3.12/site-packages/airflow/example_dags/example_short_circuit_operator.py took 0.260 seconds
[2026-09-25T16:23:13.497+0000] {processor.py:186} INFO - Started process (PID=500) to work on /home/airflow/.local/lib/python3.12/site-packages/airflow/example_dags/example_short_circuit_operator.py
[2026-09-25T16:23:13.501+0000] {processor.py:914} INFO - Processing file /home/airflow/.local/lib/python3.12/site-packages/airflow/example_dags/example_short_circuit_operator.py for tasks to queue
[2026-09-25T16:23:13.510+0000] {logging_mixin.py:190} INFO - [2026-09-25T16:23:13.509+0000] {dagbag.py:588} INFO - Filling up the DagBag from /home/airflow/.local/lib/python3.12/site-packages/airflow/example_dags/example_short_circuit_operator.py
[2026-09-25T16:23:13.535+0000] {processor.py:925} INFO - DAG(s) 'example_short_circuit_operator' retrieved from /home/airflow/.local/lib/python3.12/site-packages/airflow/example_dags/example_short_circuit_operator.py
[2026-09-25T16:23:13.595+0000] {logging_mixin.py:190} INFO - [2026-09-25T16:23:13.594+0000] {dag.py:3239} INFO - Sync 1 DAGs
[2026-09-25T16:23:13.634+0000] {logging_mixin.py:190} INFO - [2026-09-25T16:23:13.634+0000] {dag.py:4180} INFO - Setting next_dagrun for example_short_circuit_operator to None, run_after=None
[2026-09-25T16:23:13.693+0000] {processor.py:208} INFO - Processing /home/airflow/.local/lib/python3.12/site-packages/airflow/example_dags/example_short_circuit_operator.py took 0.210 seconds
[2026-09-25T16:23:54.485+0000] {processor.py:186} INFO - Started process (PID=563) to work on /home/airflow/.local/lib/python3.12/site-packages/airflow/example_dags/example_short_circuit_operator.py
[2026-09-25T16:23:54.489+0000] {processor.py:914} INFO - Processing file /home/airflow/.local/lib/python3.12/site-packages/airflow/example_dags/example_short_circuit_operator.py for tasks to queue
[2026-09-25T16:23:54.495+0000] {logging_mixin.py:190} INFO - [2026-09-25T16:23:54.494+0000] {dagbag.py:588} INFO - Filling up the DagBag from /home/airflow/.local/lib/python3.12/site-packages/airflow/example_dags/example_short_circuit_operator.py
[2026-09-25T16:23:54.531+0000] {processor.py:925} INFO - DAG(s) 'example_short_circuit_operator' retrieved from /home/airflow/.local/lib/python3.12/site-packages/airflow/example_dags/example_short_circuit_operator.py
[2026-09-25T16:23:54.621+0000] {logging_mixin.py:190} INFO - [2026-09-25T16:23:54.621+0000] {dag.py:3239} INFO - Sync 1 DAGs
[2026-09-25T16:23:54.673+0000] {logging_mixin.py:190} INFO - [2026-09-25T16:23:54.672+0000] {dag.py:4180} INFO - Setting next_dagrun for example_short_circuit_operator to None, run_after=None
[2026-09-25T16:23:54.738+0000] {processor.py:208} INFO - Processing /home/airflow/.local/lib/python3.12/site-packages/airflow/example_dags/example_short_circuit_operator.py took 0.264 seconds
[2026-09-25T16:24:25.237+0000] {processor.py:186} INFO - Started process (PID=626) to work on /home/airflow/.local/lib/python3.12/site-packages/airflow/example_dags/example_short_circuit_operator.py
[2026-09-25T16:24:25.241+0000] {processor.py:914} INFO - Processing file /home/airflow/.local/lib/python3.12/site-packages/airflow/example_dags/example_short_circuit_operator.py for tasks to queue
[2026-09-25T16:24:25.248+0000] {logging_mixin.py:190} INFO - [2026-09-25T16:24:25.247+0000] {dagbag.py:588} INFO - Filling up the DagBag from /home/airflow/.local/lib/python3.12/site-packages/airflow/example_dags/example_short_circuit_operator.py
[2026-09-25T16:24:25.282+0000] {processor.py:925} INFO - DAG(s) 'example_short_circuit_operator' retrieved from /home/airflow/.local/lib/python3.12/site-packages/airflow/example_dags/example_short_circuit_operator.py
[2026-09-25T16:24:25.343+0000] {logging_mixin.py:190} INFO - [2026-09-25T16:24:25.343+0000] {dag.py:3239} INFO - Sync 1 DAGs
[2026-09-25T16:24:25.386+0000] {logging_mixin.py:190} INFO - [2026-09-25T16:24:25.386+0000] {dag.py:4180} INFO - Setting next_dagrun for example_short_circuit_operator to None, run_after=None
[2026-09-25T16:24:25.443+0000] {processor.py:208} INFO - Processing /home/airflow/.local/lib/python3.12/site-packages/airflow/example_dags/example_short_circuit_operator.py took 0.222 seconds
[2026-09-25T16:25:12.234+0000] {processor.py:186} INFO - Started process (PID=687) to work on /home/airflow/.local/lib/python3.12/site-packages/airflow/example_dags/example_short_circuit_operator.py
[2026-09-25T16:25:12.238+0000] {processor.py:914} INFO - Processing file /home/airflow/.local/lib/python3.12/site-packages/airflow/example_dags/example_short_circuit_operator.py for tasks to queue
[2026-09-25T16:25:12.247+0000] {logging_mixin.py:190} INFO - [2026-09-25T16:25:12.246+0000] {dagbag.py:588} INFO - Filling up the DagBag from /home/airflow/.local/lib/python3.12/site-packages/airflow/example_dags/example_short_circuit_operator.py
[2026-09-25T16:25:12.278+0000] {processor.py:925} INFO - DAG(s) 'example_short_circuit_operator' retrieved from /home/airflow/.local/lib/python3.12/site-packages/airflow/example_dags/example_short_circuit_operator.py
[2026-09-25T16:25:12.423+0000] {logging_mixin.py:190} INFO - [2026-09-25T16:25:12.422+0000] {dag.py:3239} INFO - Sync 1 DAGs
[2026-09-25T16:25:12.477+0000] {logging_mixin.py:190} INFO - [2026-09-25T16:25:12.477+0000] {dag.py:4180} INFO - Setting next_dagrun for example_short_circuit_operator to None, run_after=None
[2026-09-25T16:25:12.571+0000] {processor.py:208} INFO - Processing /home/airflow/.local/lib/python3.12/site-packages/airflow/example_dags/example_short_circuit_operator.py took 0.353 seconds
[2026-09-25T16:25:52.867+0000] {processor.py:186} INFO - Started process (PID=749) to work on /home/airflow/.local/lib/python3.12/site-packages/airflow/example_dags/example_short_circuit_operator.py
[2026-09-25T16:25:52.870+0000] {processor.py:914} INFO - Processing file /home/airflow/.local/lib/python3.12/site-packages/airflow/example_dags/example_short_circuit_operator.py for tasks to queue
[2026-09-25T16:25:52.876+0000] {logging_mixin.py:190} INFO - [2026-09-25T16:25:52.875+0000] {dagbag.py:588} INFO - Filling up the DagBag from /home/airflow/.local/lib/python3.12/site-packages/airflow/example_dags/example_short_circuit_operator.py
[2026-09-25T16:25:52.914+0000] {processor.py:925} INFO - DAG(s) 'example_short_circuit_operator' retrieved from /home/airflow/.local/lib/python3.12/site-packages/airflow/example_dags/example_short_circuit_operator.py
[2026-09-25T16:25:52.987+0000] {logging_mixin.py:190} INFO - [2026-09-25T16:25:52.987+0000] {dag.py:3239} INFO - Sync 1 DAGs
[2026-09-25T16:25:53.051+0000] {logging_mixin.py:190} INFO - [2026-09-25T16:25:53.051+0000] {dag.py:4180} INFO - Setting next_dagrun for example_short_circuit_operator to None, run_after=None
[2026-09-25T16:25:53.124+0000] {processor.py:208} INFO - Processing /home/airflow/.local/lib/python3.12/site-packages/airflow/example_dags/example_short_circuit_operator.py took 0.275 seconds
[2026-09-25T16:26:23.289+0000] {processor.py:186} INFO - Started process (PID=811) to work on /home/airflow/.local/lib/python3.12/site-packages/airflow/example_dags/example_short_circuit_operator.py
[2026-09-25T16:26:23.291+0000] {processor.py:914} INFO - Processing file /home/airflow/.local/lib/python3.12/site-packages/airflow/example_dags/example_short_circuit_operator.py for tasks to queue
[2026-09-25T16:26:23.296+0000] {logging_mixin.py:190} INFO - [2026-09-25T16:26:23.295+0000] {dagbag.py:588} INFO - Filling up the DagBag from /home/airflow/.local/lib/python3.12/site-packages/airflow/example_dags/example_short_circuit_operator.py
[2026-09-25T16:26:23.319+0000] {processor.py:925} INFO - DAG(s) 'example_short_circuit_operator' retrieved from /home/airflow/.local/lib/python3.12/site-packages/airflow/example_dags/example_short_circuit_operator.py
[2026-09-25T16:26:23.376+0000] {logging_mixin.py:190} INFO - [2026-09-25T16:26:23.375+0000] {dag.py:3239} INFO - Sync 1 DAGs
[2026-09-25T16:26:23.410+0000] {logging_mixin.py:190} INFO - [2026-09-25T16:26:23.410+0000] {dag.py:4180} INFO - Setting next_dagrun for example_short_circuit_operator to None, run_after=None
[2026-09-25T16:26:23.447+0000] {processor.py:208} INFO - Processing /home/airflow/.local/lib/python3.12/site-packages/airflow/example_dags/example_short_circuit_operator.py took 0.169 seconds
[2026-09-25T16:27:00.891+0000] {processor.py:186} INFO - Started process (PID=876) to work on /home/airflow/.local/lib/python3.12/site-packages/airflow/example_dags/example_short_circuit_operator.py
[2026-09-25T16:27:00.924+0000] {processor.py:914} INFO - Processing file /home/airflow/.local/lib/python3.12/site-packages/airflow/example_dags/example_short_circuit_operator.py for tasks to queue
[2026-09-25T16:27:00.957+0000] {logging_mixin.py:190} INFO - [2026-09-25T16:27:00.955+0000] {dagbag.py:588} INFO - Filling up the DagBag from /home/airflow/.local/lib/python3.12/site-packages/airflow/example_dags/example_short_circuit_operator.py
[2026-09-25T16:27:01.288+0000] {processor.py:925} INFO - DAG(s) 'example_short_circuit_operator' retrieved from /home/airflow/.local/lib/python3.12/site-packages/airflow/example_dags/example_short_circuit_operator.py
[2026-09-25T16:27:01.383+0000] {logging_mixin.py:190} INFO - [2026-09-25T16:27:01.382+0000] {dag.py:3239} INFO - Sync 1 DAGs
[2026-09-25T16:27:01.462+0000] {logging_mixin.py:190} INFO - [2026-09-25T16:27:01.461+0000] {dag.py:4180} INFO - Setting next_dagrun for example_short_circuit_operator to None, run_after=None
[2026-09-25T16:27:01.513+0000] {processor.py:208} INFO - Processing /home/airflow/.local/lib/python3.12/site-packages/airflow/example_dags/example_short_circuit_operator.py took 0.736 seconds
[2026-09-25T16:27:34.424+0000] {processor.py:186} INFO - Started process (PID=938) to work on /home/airflow/.local/lib/python3.12/site-packages/airflow/example_dags/example_short_circuit_operator.py
[2026-09-25T16:27:34.428+0000] {processor.py:914} INFO - Processing file /home/airflow/.local/lib/python3.12/site-packages/airflow/example_dags/example_short_circuit_operator.py for tasks to queue
[2026-09-25T16:27:34.439+0000] {logging_mixin.py:190} INFO - [2026-09-25T16:27:34.437+0000] {dagbag.py:588} INFO - Filling up the DagBag from /home/airflow/.local/lib/python3.12/site-packages/airflow/example_dags/example_short_circuit_operator.py
[2026-09-25T16:27:34.475+0000] {processor.py:925} INFO - DAG(s) 'example_short_circuit_operator' retrieved from /home/airflow/.local/lib/python3.12/site-packages/airflow/example_dags/example_short_circuit_operator.py
[2026-09-25T16:27:34.578+0000] {logging_mixin.py:190} INFO - [2026-09-25T16:27:34.578+0000] {dag.py:3239} INFO - Sync 1 DAGs
[2026-09-25T16:27:34.678+0000] {logging_mixin.py:190} INFO - [2026-09-25T16:27:34.677+0000] {dag.py:4180} INFO - Setting next_dagrun for example_short_circuit_operator to None, run_after=None
[2026-09-25T16:27:34.767+0000] {processor.py:208} INFO - Processing /home/airflow/.local/lib/python3.12/site-packages/airflow/example_dags/example_short_circuit_operator.py took 0.366 seconds
[2026-09-25T16:28:27.450+0000] {processor.py:186} INFO - Started process (PID=1006) to work on /home/airflow/.local/lib/python3.12/site-packages/airflow/example_dags/example_short_circuit_operator.py
[2026-09-25T16:28:27.454+0000] {processor.py:914} INFO - Processing file /home/airflow/.local/lib/python3.12/site-packages/airflow/example_dags/example_short_circuit_operator.py for tasks to queue
[2026-09-25T16:28:27.465+0000] {logging_mixin.py:190} INFO - [2026-09-25T16:28:27.463+0000] {dagbag.py:588} INFO - Filling up the DagBag from /home/airflow/.local/lib/python3.12/site-packages/airflow/example_dags/example_short_circuit_operator.py
[2026-09-25T16:28:27.514+0000] {processor.py:925} INFO - DAG(s) 'example_short_circuit_operator' retrieved from /home/airflow/.local/lib/python3.12/site-packages/airflow/example_dags/example_short_circuit_operator.py
[2026-09-25T16:28:27.596+0000] {logging_mixin.py:190} INFO - [2026-09-25T16:28:27.596+0000] {dag.py:3239} INFO - Sync 1 DAGs
[2026-09-25T16:28:27.680+0000] {logging_mixin.py:190} INFO - [2026-09-25T16:28:27.679+0000] {dag.py:4180} INFO - Setting next_dagrun for example_short_circuit_operator to None, run_after=None
[2026-09-25T16:28:27.744+0000] {processor.py:208} INFO - Processing /home/airflow/.local/lib/python3.12/site-packages/airflow/example_dags/example_short_circuit_operator.py took 0.317 seconds
[2026-09-25T16:29:10.551+0000] {processor.py:186} INFO - Started process (PID=1072) to work on /home/airflow/.local/lib/python3.12/site-packages/airflow/example_dags/example_short_circuit_operator.py
[2026-09-25T16:29:10.559+0000] {processor.py:914} INFO - Processing file /home/airflow/.local/lib/python3.12/site-packages/airflow/example_dags/example_short_circuit_operator.py for tasks to queue
[2026-09-25T16:29:10.572+0000] {logging_mixin.py:190} INFO - [2026-09-25T16:29:10.571+0000] {dagbag.py:588} INFO - Filling up the DagBag from /home/airflow/.local/lib/python3.12/site-packages/airflow/example_dags/example_short_circuit_operator.py
[2026-09-25T16:29:10.634+0000] {processor.py:925} INFO - DAG(s) 'example_short_circuit_operator' retrieved from /home/airflow/.local/lib/python3.12/site-packages/airflow/example_dags/example_short_circuit_operator.py
[2026-09-25T16:29:11.597+0000] {logging_mixin.py:190} INFO - [2026-09-25T16:29:11.596+0000] {dag.py:3239} INFO - Sync 1 DAGs
[2026-09-25T16:29:11.792+0000] {logging_mixin.py:190} INFO - [2026-09-25T16:29:11.792+0000] {dag.py:4180} INFO - Setting next_dagrun for example_short_circuit_operator to None, run_after=None
[2026-09-25T16:29:11.847+0000] {processor.py:208} INFO - Processing /home/airflow/.local/lib/python3.12/site-packages/airflow/example_dags/example_short_circuit_operator.py took 1.332 seconds
[2026-09-25T16:43:52.856+0000] {processor.py:186} INFO - Started process (PID=104) to work on /home/airflow/.local/lib/python3.12/site-packages/airflow/example_dags/example_short_circuit_operator.py
[2026-09-25T16:43:52.859+0000] {processor.py:914} INFO - Processing file /home/airflow/.local/lib/python3.12/site-packages/airflow/example_dags/example_short_circuit_operator.py for tasks to queue
[2026-09-25T16:43:52.866+0000] {logging_mixin.py:190} INFO - [2026-09-25T16:43:52.864+0000] {dagbag.py:588} INFO - Filling up the DagBag from /home/airflow/.local/lib/python3.12/site-packages/airflow/example_dags/example_short_circuit_operator.py
[2026-09-25T16:43:52.994+0000] {processor.py:925} INFO - DAG(s) 'example_short_circuit_operator' retrieved from /home/airflow/.local/lib/python3.12/site-packages/airflow/example_dags/example_short_circuit_operator.py
[2026-09-25T16:43:53.261+0000] {logging_mixin.py:190} INFO - [2026-09-25T16:43:53.260+0000] {dag.py:3239} INFO - Sync 1 DAGs
[2026-09-25T16:43:53.330+0000] {logging_mixin.py:190} INFO - [2026-09-25T16:43:53.330+0000] {dag.py:4180} INFO - Setting next_dagrun for example_short_circuit_operator to None, run_after=None
[2026-09-25T16:43:53.429+0000] {processor.py:208} INFO - Processing /home/airflow/.local/lib/python3.12/site-packages/airflow/example_dags/example_short_circuit_operator.py took 0.593 seconds
[2026-09-25T16:44:26.134+0000] {processor.py:186} INFO - Started process (PID=166) to work on /home/airflow/.local/lib/python3.12/site-packages/airflow/example_dags/example_short_circuit_operator.py
[2026-09-25T16:44:26.141+0000] {processor.py:914} INFO - Processing file /home/airflow/.local/lib/python3.12/site-packages/airflow/example_dags/example_short_circuit_operator.py for tasks to queue
[2026-09-25T16:44:26.150+0000] {logging_mixin.py:190} INFO - [2026-09-25T16:44:26.149+0000] {dagbag.py:588} INFO - Filling up the DagBag from /home/airflow/.local/lib/python3.12/site-packages/airflow/example_dags/example_short_circuit_operator.py
[2026-09-25T16:44:26.179+0000] {processor.py:925} INFO - DAG(s) 'example_short_circuit_operator' retrieved from /home/airflow/.local/lib/python3.12/site-packages/airflow/example_dags/example_short_circuit_operator.py
[2026-09-25T16:44:26.253+0000] {logging_mixin.py:190} INFO - [2026-09-25T16:44:26.253+0000] {dag.py:3239} INFO - Sync 1 DAGs
[2026-09-25T16:44:26.309+0000] {logging_mixin.py:190} INFO - [2026-09-25T16:44:26.308+0000] {dag.py:4180} INFO - Setting next_dagrun for example_short_circuit_operator to None, run_after=None
[2026-09-25T16:44:26.374+0000] {processor.py:208} INFO - Processing /home/airflow/.local/lib/python3.12/site-packages/airflow/example_dags/example_short_circuit_operator.py took 0.259 seconds
[2026-09-25T16:45:01.050+0000] {processor.py:186} INFO - Started process (PID=230) to work on /home/airflow/.local/lib/python3.12/site-packages/airflow/example_dags/example_short_circuit_operator.py
[2026-09-25T16:45:01.052+0000] {processor.py:914} INFO - Processing file /home/airflow/.local/lib/python3.12/site-packages/airflow/example_dags/example_short_circuit_operator.py for tasks to queue
[2026-09-25T16:45:01.058+0000] {logging_mixin.py:190} INFO - [2026-09-25T16:45:01.058+0000] {dagbag.py:588} INFO - Filling up the DagBag from /home/airflow/.local/lib/python3.12/site-packages/airflow/example_dags/example_short_circuit_operator.py
[2026-09-25T16:45:01.111+0000] {processor.py:925} INFO - DAG(s) 'example_short_circuit_operator' retrieved from /home/airflow/.local/lib/python3.12/site-packages/airflow/example_dags/example_short_circuit_operator.py
[2026-09-25T16:45:01.266+0000] {logging_mixin.py:190} INFO - [2026-09-25T16:45:01.265+0000] {dag.py:3239} INFO - Sync 1 DAGs
[2026-09-25T16:45:01.313+0000] {logging_mixin.py:190} INFO - [2026-09-25T16:45:01.313+0000] {dag.py:4180} INFO - Setting next_dagrun for example_short_circuit_operator to None, run_after=None
[2026-09-25T16:45:01.386+0000] {processor.py:208} INFO - Processing /home/airflow/.local/lib/python3.12/site-packages/airflow/example_dags/example_short_circuit_operator.py took 0.372 seconds
[2026-09-25T16:45:32.202+0000] {processor.py:186} INFO - Started process (PID=292) to work on /home/airflow/.local/lib/python3.12/site-packages/airflow/example_dags/example_short_circuit_operator.py
[2026-09-25T16:45:32.205+0000] {processor.py:914} INFO - Processing file /home/airflow/.local/lib/python3.12/site-packages/airflow/example_dags/example_short_circuit_operator.py for tasks to queue
[2026-09-25T16:45:32.213+0000] {logging_mixin.py:190} INFO - [2026-09-25T16:45:32.212+0000] {dagbag.py:588} INFO - Filling up the DagBag from /home/airflow/.local/lib/python3.12/site-packages/airflow/example_dags/example_short_circuit_operator.py
[2026-09-25T16:45:32.235+0000] {processor.py:925} INFO - DAG(s) 'example_short_circuit_operator' retrieved from /home/airflow/.local/lib/python3.12/site-packages/airflow/example_dags/example_short_circuit_operator.py
[2026-09-25T16:45:32.298+0000] {logging_mixin.py:190} INFO - [2026-09-25T16:45:32.298+0000] {dag.py:3239} INFO - Sync 1 DAGs
[2026-09-25T16:45:32.336+0000] {logging_mixin.py:190} INFO - [2026-09-25T16:45:32.335+0000] {dag.py:4180} INFO - Setting next_dagrun for example_short_circuit_operator to None, run_after=None
[2026-09-25T16:45:32.397+0000] {processor.py:208} INFO - Processing /home/airflow/.local/lib/python3.12/site-packages/airflow/example_dags/example_short_circuit_operator.py took 0.210 seconds
[2026-09-25T16:46:06.633+0000] {processor.py:186} INFO - Started process (PID=359) to work on /home/airflow/.local/lib/python3.12/site-packages/airflow/example_dags/example_short_circuit_operator.py
[2026-09-25T16:46:06.637+0000] {processor.py:914} INFO - Processing file /home/airflow/.local/lib/python3.12/site-packages/airflow/example_dags/example_short_circuit_operator.py for tasks to queue
[2026-09-25T16:46:06.649+0000] {logging_mixin.py:190} INFO - [2026-09-25T16:46:06.648+0000] {dagbag.py:588} INFO - Filling up the DagBag from /home/airflow/.local/lib/python3.12/site-packages/airflow/example_dags/example_short_circuit_operator.py
[2026-09-25T16:46:06.717+0000] {processor.py:925} INFO - DAG(s) 'example_short_circuit_operator' retrieved from /home/airflow/.local/lib/python3.12/site-packages/airflow/example_dags/example_short_circuit_operator.py
[2026-09-25T16:46:06.927+0000] {logging_mixin.py:190} INFO - [2026-09-25T16:46:06.926+0000] {dag.py:3239} INFO - Sync 1 DAGs
[2026-09-25T16:46:07.068+0000] {logging_mixin.py:190} INFO - [2026-09-25T16:46:07.068+0000] {dag.py:4180} INFO - Setting next_dagrun for example_short_circuit_operator to None, run_after=None
[2026-09-25T16:46:07.187+0000] {processor.py:208} INFO - Processing /home/airflow/.local/lib/python3.12/site-packages/airflow/example_dags/example_short_circuit_operator.py took 0.626 seconds
[2026-09-25T16:46:37.991+0000] {processor.py:186} INFO - Started process (PID=421) to work on /home/airflow/.local/lib/python3.12/site-packages/airflow/example_dags/example_short_circuit_operator.py
[2026-09-25T16:46:38.012+0000] {processor.py:914} INFO - Processing file /home/airflow/.local/lib/python3.12/site-packages/airflow/example_dags/example_short_circuit_operator.py for tasks to queue
[2026-09-25T16:46:38.023+0000] {logging_mixin.py:190} INFO - [2026-09-25T16:46:38.022+0000] {dagbag.py:588} INFO - Filling up the DagBag from /home/airflow/.local/lib/python3.12/site-packages/airflow/example_dags/example_short_circuit_operator.py
[2026-09-25T16:46:38.050+0000] {processor.py:925} INFO - DAG(s) 'example_short_circuit_operator' retrieved from /home/airflow/.local/lib/python3.12/site-packages/airflow/example_dags/example_short_circuit_operator.py
[2026-09-25T16:46:38.161+0000] {logging_mixin.py:190} INFO - [2026-09-25T16:46:38.160+0000] {dag.py:3239} INFO - Sync 1 DAGs
[2026-09-25T16:46:38.207+0000] {logging_mixin.py:190} INFO - [2026-09-25T16:46:38.207+0000] {dag.py:4180} INFO - Setting next_dagrun for example_short_circuit_operator to None, run_after=None
[2026-09-25T16:46:38.270+0000] {processor.py:208} INFO - Processing /home/airflow/.local/lib/python3.12/site-packages/airflow/example_dags/example_short_circuit_operator.py took 0.299 seconds
[2026-09-25T16:47:08.829+0000] {processor.py:186} INFO - Started process (PID=483) to work on /home/airflow/.local/lib/python3.12/site-packages/airflow/example_dags/example_short_circuit_operator.py
[2026-09-25T16:47:08.832+0000] {processor.py:914} INFO - Processing file /home/airflow/.local/lib/python3.12/site-packages/airflow/example_dags/example_short_circuit_operator.py for tasks to queue
[2026-09-25T16:47:08.841+0000] {logging_mixin.py:190} INFO - [2026-09-25T16:47:08.839+0000] {dagbag.py:588} INFO - Filling up the DagBag from /home/airflow/.local/lib/python3.12/site-packages/airflow/example_dags/example_short_circuit_operator.py
[2026-09-25T16:47:08.864+0000] {processor.py:925} INFO - DAG(s) 'example_short_circuit_operator' retrieved from /home/airflow/.local/lib/python3.12/site-packages/airflow/example_dags/example_short_circuit_operator.py
[2026-09-25T16:47:08.962+0000] {logging_mixin.py:190} INFO - [2026-09-25T16:47:08.961+0000] {dag.py:3239} INFO - Sync 1 DAGs
[2026-09-25T16:47:09.127+0000] {logging_mixin.py:190} INFO - [2026-09-25T16:47:09.125+0000] {dag.py:4180} INFO - Setting next_dagrun for example_short_circuit_operator to None, run_after=None
[2026-09-25T16:47:09.177+0000] {processor.py:208} INFO - Processing /home/airflow/.local/lib/python3.12/site-packages/airflow/example_dags/example_short_circuit_operator.py took 0.362 seconds
[2026-09-25T16:48:00.580+0000] {processor.py:186} INFO - Started process (PID=551) to work on /home/airflow/.local/lib/python3.12/site-packages/airflow/example_dags/example_short_circuit_operator.py
[2026-09-25T16:48:00.584+0000] {processor.py:914} INFO - Processing file /home/airflow/.local/lib/python3.12/site-packages/airflow/example_dags/example_short_circuit_operator.py for tasks to queue
[2026-09-25T16:48:00.594+0000] {logging_mixin.py:190} INFO - [2026-09-25T16:48:00.593+0000] {dagbag.py:588} INFO - Filling up the DagBag from /home/airflow/.local/lib/python3.12/site-packages/airflow/example_dags/example_short_circuit_operator.py
[2026-09-25T16:48:00.623+0000] {processor.py:925} INFO - DAG(s) 'example_short_circuit_operator' retrieved from /home/airflow/.local/lib/python3.12/site-packages/airflow/example_dags/example_short_circuit_operator.py
[2026-09-25T16:48:00.697+0000] {logging_mixin.py:190} INFO - [2026-09-25T16:48:00.697+0000] {dag.py:3239} INFO - Sync 1 DAGs
[2026-09-25T16:48:00.755+0000] {logging_mixin.py:190} INFO - [2026-09-25T16:48:00.754+0000] {dag.py:4180} INFO - Setting next_dagrun for example_short_circuit_operator to None, run_after=None
[2026-09-25T16:48:00.836+0000] {processor.py:208} INFO - Processing /home/airflow/.local/lib/python3.12/site-packages/airflow/example_dags/example_short_circuit_operator.py took 0.272 seconds
[2026-09-25T16:48:34.311+0000] {processor.py:186} INFO - Started process (PID=614) to work on /home/airflow/.local/lib/python3.12/site-packages/airflow/example_dags/example_short_circuit_operator.py
[2026-09-25T16:48:34.314+0000] {processor.py:914} INFO - Processing file /home/airflow/.local/lib/python3.12/site-packages/airflow/example_dags/example_short_circuit_operator.py for tasks to queue
[2026-09-25T16:48:34.321+0000] {logging_mixin.py:190} INFO - [2026-09-25T16:48:34.320+0000] {dagbag.py:588} INFO - Filling up the DagBag from /home/airflow/.local/lib/python3.12/site-packages/airflow/example_dags/example_short_circuit_operator.py
[2026-09-25T16:48:34.346+0000] {processor.py:925} INFO - DAG(s) 'example_short_circuit_operator' retrieved from /home/airflow/.local/lib/python3.12/site-packages/airflow/example_dags/example_short_circuit_operator.py
[2026-09-25T16:48:34.435+0000] {logging_mixin.py:190} INFO - [2026-09-25T16:48:34.433+0000] {dag.py:3239} INFO - Sync 1 DAGs
[2026-09-25T16:48:34.482+0000] {logging_mixin.py:190} INFO - [2026-09-25T16:48:34.481+0000] {dag.py:4180} INFO - Setting next_dagrun for example_short_circuit_operator to None, run_after=None
[2026-09-25T16:48:34.524+0000] {processor.py:208} INFO - Processing /home/airflow/.local/lib/python3.12/site-packages/airflow/example_dags/example_short_circuit_operator.py took 0.236 seconds
[2026-09-25T16:49:08.306+0000] {processor.py:186} INFO - Started process (PID=684) to work on /home/airflow/.local/lib/python3.12/site-packages/airflow/example_dags/example_short_circuit_operator.py
[2026-09-25T16:49:08.309+0000] {processor.py:914} INFO - Processing file /home/airflow/.local/lib/python3.12/site-packages/airflow/example_dags/example_short_circuit_operator.py for tasks to queue
[2026-09-25T16:49:08.316+0000] {logging_mixin.py:190} INFO - [2026-09-25T16:49:08.315+0000] {dagbag.py:588} INFO - Filling up the DagBag from /home/airflow/.local/lib/python3.12/site-packages/airflow/example_dags/example_short_circuit_operator.py
[2026-09-25T16:49:08.339+0000] {processor.py:925} INFO - DAG(s) 'example_short_circuit_operator' retrieved from /home/airflow/.local/lib/python3.12/site-packages/airflow/example_dags/example_short_circuit_operator.py
[2026-09-25T16:49:08.402+0000] {logging_mixin.py:190} INFO - [2026-09-25T16:49:08.401+0000] {dag.py:3239} INFO - Sync 1 DAGs
[2026-09-25T16:49:08.455+0000] {logging_mixin.py:190} INFO - [2026-09-25T16:49:08.455+0000] {dag.py:4180} INFO - Setting next_dagrun for example_short_circuit_operator to None, run_after=None
[2026-09-25T16:49:08.520+0000] {processor.py:208} INFO - Processing /home/airflow/.local/lib/python3.12/site-packages/airflow/example_dags/example_short_circuit_operator.py took 0.230 seconds
[2026-09-25T16:57:36.535+0000] {processor.py:186} INFO - Started process (PID=122) to work on /home/airflow/.local/lib/python3.12/site-packages/airflow/example_dags/example_short_circuit_operator.py
[2026-09-25T16:57:36.736+0000] {processor.py:914} INFO - Processing file /home/airflow/.local/lib/python3.12/site-packages/airflow/example_dags/example_short_circuit_operator.py for tasks to queue
[2026-09-25T16:57:37.120+0000] {logging_mixin.py:190} INFO - [2026-09-25T16:57:37.116+0000] {dagbag.py:588} INFO - Filling up the DagBag from /home/airflow/.local/lib/python3.12/site-packages/airflow/example_dags/example_short_circuit_operator.py
[2026-09-25T16:57:37.573+0000] {processor.py:925} INFO - DAG(s) 'example_short_circuit_operator' retrieved from /home/airflow/.local/lib/python3.12/site-packages/airflow/example_dags/example_short_circuit_operator.py
[2026-09-25T16:57:38.177+0000] {logging_mixin.py:190} INFO - [2026-09-25T16:57:38.176+0000] {dag.py:3239} INFO - Sync 1 DAGs
[2026-09-25T16:57:38.874+0000] {logging_mixin.py:190} INFO - [2026-09-25T16:57:38.873+0000] {dag.py:4180} INFO - Setting next_dagrun for example_short_circuit_operator to None, run_after=None
[2026-09-25T16:57:39.768+0000] {processor.py:208} INFO - Processing /home/airflow/.local/lib/python3.12/site-packages/airflow/example_dags/example_short_circuit_operator.py took 4.222 seconds
[2026-09-25T16:58:37.455+0000] {processor.py:186} INFO - Started process (PID=189) to work on /home/airflow/.local/lib/python3.12/site-packages/airflow/example_dags/example_short_circuit_operator.py
[2026-09-25T16:58:37.460+0000] {processor.py:914} INFO - Processing file /home/airflow/.local/lib/python3.12/site-packages/airflow/example_dags/example_short_circuit_operator.py for tasks to queue
[2026-09-25T16:58:37.467+0000] {logging_mixin.py:190} INFO - [2026-09-25T16:58:37.466+0000] {dagbag.py:588} INFO - Filling up the DagBag from /home/airflow/.local/lib/python3.12/site-packages/airflow/example_dags/example_short_circuit_operator.py
[2026-09-25T16:58:37.489+0000] {processor.py:925} INFO - DAG(s) 'example_short_circuit_operator' retrieved from /home/airflow/.local/lib/python3.12/site-packages/airflow/example_dags/example_short_circuit_operator.py
[2026-09-25T16:58:37.564+0000] {logging_mixin.py:190} INFO - [2026-09-25T16:58:37.564+0000] {dag.py:3239} INFO - Sync 1 DAGs
[2026-09-25T16:58:37.619+0000] {logging_mixin.py:190} INFO - [2026-09-25T16:58:37.618+0000] {dag.py:4180} INFO - Setting next_dagrun for example_short_circuit_operator to None, run_after=None
[2026-09-25T16:58:37.690+0000] {processor.py:208} INFO - Processing /home/airflow/.local/lib/python3.12/site-packages/airflow/example_dags/example_short_circuit_operator.py took 0.254 seconds
[2026-09-25T16:59:11.452+0000] {processor.py:186} INFO - Started process (PID=252) to work on /home/airflow/.local/lib/python3.12/site-packages/airflow/example_dags/example_short_circuit_operator.py
[2026-09-25T16:59:11.455+0000] {processor.py:914} INFO - Processing file /home/airflow/.local/lib/python3.12/site-packages/airflow/example_dags/example_short_circuit_operator.py for tasks to queue
[2026-09-25T16:59:11.461+0000] {logging_mixin.py:190} INFO - [2026-09-25T16:59:11.461+0000] {dagbag.py:588} INFO - Filling up the DagBag from /home/airflow/.local/lib/python3.12/site-packages/airflow/example_dags/example_short_circuit_operator.py
[2026-09-25T16:59:11.483+0000] {processor.py:925} INFO - DAG(s) 'example_short_circuit_operator' retrieved from /home/airflow/.local/lib/python3.12/site-packages/airflow/example_dags/example_short_circuit_operator.py
[2026-09-25T16:59:11.538+0000] {logging_mixin.py:190} INFO - [2026-09-25T16:59:11.537+0000] {dag.py:3239} INFO - Sync 1 DAGs
[2026-09-25T16:59:11.570+0000] {logging_mixin.py:190} INFO - [2026-09-25T16:59:11.570+0000] {dag.py:4180} INFO - Setting next_dagrun for example_short_circuit_operator to None, run_after=None
[2026-09-25T16:59:11.612+0000] {processor.py:208} INFO - Processing /home/airflow/.local/lib/python3.12/site-packages/airflow/example_dags/example_short_circuit_operator.py took 0.174 seconds
[2026-09-25T16:59:55.885+0000] {processor.py:186} INFO - Started process (PID=317) to work on /home/airflow/.local/lib/python3.12/site-packages/airflow/example_dags/example_short_circuit_operator.py
[2026-09-25T16:59:55.887+0000] {processor.py:914} INFO - Processing file /home/airflow/.local/lib/python3.12/site-packages/airflow/example_dags/example_short_circuit_operator.py for tasks to queue
[2026-09-25T16:59:55.892+0000] {logging_mixin.py:190} INFO - [2026-09-25T16:59:55.891+0000] {dagbag.py:588} INFO - Filling up the DagBag from /home/airflow/.local/lib/python3.12/site-packages/airflow/example_dags/example_short_circuit_operator.py
[2026-09-25T16:59:55.908+0000] {processor.py:925} INFO - DAG(s) 'example_short_circuit_operator' retrieved from /home/airflow/.local/lib/python3.12/site-packages/airflow/example_dags/example_short_circuit_operator.py
[2026-09-25T16:59:55.962+0000] {logging_mixin.py:190} INFO - [2026-09-25T16:59:55.962+0000] {dag.py:3239} INFO - Sync 1 DAGs
[2026-09-25T16:59:55.992+0000] {logging_mixin.py:190} INFO - [2026-09-25T16:59:55.992+0000] {dag.py:4180} INFO - Setting next_dagrun for example_short_circuit_operator to None, run_after=None
[2026-09-25T16:59:56.048+0000] {processor.py:208} INFO - Processing /home/airflow/.local/lib/python3.12/site-packages/airflow/example_dags/example_short_circuit_operator.py took 0.174 seconds
[2026-09-25T17:00:28.463+0000] {processor.py:186} INFO - Started process (PID=379) to work on /home/airflow/.local/lib/python3.12/site-packages/airflow/example_dags/example_short_circuit_operator.py
[2026-09-25T17:00:28.466+0000] {processor.py:914} INFO - Processing file /home/airflow/.local/lib/python3.12/site-packages/airflow/example_dags/example_short_circuit_operator.py for tasks to queue
[2026-09-25T17:00:28.472+0000] {logging_mixin.py:190} INFO - [2026-09-25T17:00:28.471+0000] {dagbag.py:588} INFO - Filling up the DagBag from /home/airflow/.local/lib/python3.12/site-packages/airflow/example_dags/example_short_circuit_operator.py
[2026-09-25T17:00:28.490+0000] {processor.py:925} INFO - DAG(s) 'example_short_circuit_operator' retrieved from /home/airflow/.local/lib/python3.12/site-packages/airflow/example_dags/example_short_circuit_operator.py
[2026-09-25T17:00:28.556+0000] {logging_mixin.py:190} INFO - [2026-09-25T17:00:28.556+0000] {dag.py:3239} INFO - Sync 1 DAGs
[2026-09-25T17:00:28.595+0000] {logging_mixin.py:190} INFO - [2026-09-25T17:00:28.594+0000] {dag.py:4180} INFO - Setting next_dagrun for example_short_circuit_operator to None, run_after=None
[2026-09-25T17:00:28.644+0000] {processor.py:208} INFO - Processing /home/airflow/.local/lib/python3.12/site-packages/airflow/example_dags/example_short_circuit_operator.py took 0.195 seconds
[2026-09-25T17:01:02.421+0000] {processor.py:186} INFO - Started process (PID=447) to work on /home/airflow/.local/lib/python3.12/site-packages/airflow/example_dags/example_short_circuit_operator.py
[2026-09-25T17:01:02.429+0000] {processor.py:914} INFO - Processing file /home/airflow/.local/lib/python3.12/site-packages/airflow/example_dags/example_short_circuit_operator.py for tasks to queue
[2026-09-25T17:01:02.450+0000] {logging_mixin.py:190} INFO - [2026-09-25T17:01:02.449+0000] {dagbag.py:588} INFO - Filling up the DagBag from /home/airflow/.local/lib/python3.12/site-packages/airflow/example_dags/example_short_circuit_operator.py
[2026-09-25T17:01:02.514+0000] {processor.py:925} INFO - DAG(s) 'example_short_circuit_operator' retrieved from /home/airflow/.local/lib/python3.12/site-packages/airflow/example_dags/example_short_circuit_operator.py
[2026-09-25T17:01:02.629+0000] {logging_mixin.py:190} INFO - [2026-09-25T17:01:02.628+0000] {dag.py:3239} INFO - Sync 1 DAGs
[2026-09-25T17:01:02.735+0000] {logging_mixin.py:190} INFO - [2026-09-25T17:01:02.735+0000] {dag.py:4180} INFO - Setting next_dagrun for example_short_circuit_operator to None, run_after=None
[2026-09-25T17:01:02.818+0000] {processor.py:208} INFO - Processing /home/airflow/.local/lib/python3.12/site-packages/airflow/example_dags/example_short_circuit_operator.py took 0.534 seconds
[2026-09-25T17:01:34.246+0000] {processor.py:186} INFO - Started process (PID=510) to work on /home/airflow/.local/lib/python3.12/site-packages/airflow/example_dags/example_short_circuit_operator.py
[2026-09-25T17:01:34.254+0000] {processor.py:914} INFO - Processing file /home/airflow/.local/lib/python3.12/site-packages/airflow/example_dags/example_short_circuit_operator.py for tasks to queue
[2026-09-25T17:01:34.270+0000] {logging_mixin.py:190} INFO - [2026-09-25T17:01:34.270+0000] {dagbag.py:588} INFO - Filling up the DagBag from /home/airflow/.local/lib/python3.12/site-packages/airflow/example_dags/example_short_circuit_operator.py
[2026-09-25T17:01:34.289+0000] {processor.py:925} INFO - DAG(s) 'example_short_circuit_operator' retrieved from /home/airflow/.local/lib/python3.12/site-packages/airflow/example_dags/example_short_circuit_operator.py
[2026-09-25T17:01:34.353+0000] {logging_mixin.py:190} INFO - [2026-09-25T17:01:34.353+0000] {dag.py:3239} INFO - Sync 1 DAGs
[2026-09-25T17:01:34.392+0000] {logging_mixin.py:190} INFO - [2026-09-25T17:01:34.391+0000] {dag.py:4180} INFO - Setting next_dagrun for example_short_circuit_operator to None, run_after=None
[2026-09-25T17:01:34.442+0000] {processor.py:208} INFO - Processing /home/airflow/.local/lib/python3.12/site-packages/airflow/example_dags/example_short_circuit_operator.py took 0.247 seconds
[2026-09-25T17:02:23.862+0000] {processor.py:186} INFO - Started process (PID=583) to work on /home/airflow/.local/lib/python3.12/site-packages/airflow/example_dags/example_short_circuit_operator.py
[2026-09-25T17:02:23.871+0000] {processor.py:914} INFO - Processing file /home/airflow/.local/lib/python3.12/site-packages/airflow/example_dags/example_short_circuit_operator.py for tasks to queue
[2026-09-25T17:02:23.891+0000] {logging_mixin.py:190} INFO - [2026-09-25T17:02:23.877+0000] {dagbag.py:588} INFO - Filling up the DagBag from /home/airflow/.local/lib/python3.12/site-packages/airflow/example_dags/example_short_circuit_operator.py
[2026-09-25T17:02:24.001+0000] {processor.py:925} INFO - DAG(s) 'example_short_circuit_operator' retrieved from /home/airflow/.local/lib/python3.12/site-packages/airflow/example_dags/example_short_circuit_operator.py
[2026-09-25T17:02:24.176+0000] {logging_mixin.py:190} INFO - [2026-09-25T17:02:24.176+0000] {dag.py:3239} INFO - Sync 1 DAGs
[2026-09-25T17:02:24.351+0000] {logging_mixin.py:190} INFO - [2026-09-25T17:02:24.350+0000] {dag.py:4180} INFO - Setting next_dagrun for example_short_circuit_operator to None, run_after=None
[2026-09-25T17:02:24.520+0000] {processor.py:208} INFO - Processing /home/airflow/.local/lib/python3.12/site-packages/airflow/example_dags/example_short_circuit_operator.py took 0.704 seconds
[2026-09-25T17:02:54.736+0000] {processor.py:186} INFO - Started process (PID=645) to work on /home/airflow/.local/lib/python3.12/site-packages/airflow/example_dags/example_short_circuit_operator.py
[2026-09-25T17:02:54.739+0000] {processor.py:914} INFO - Processing file /home/airflow/.local/lib/python3.12/site-packages/airflow/example_dags/example_short_circuit_operator.py for tasks to queue
[2026-09-25T17:02:54.743+0000] {logging_mixin.py:190} INFO - [2026-09-25T17:02:54.743+0000] {dagbag.py:588} INFO - Filling up the DagBag from /home/airflow/.local/lib/python3.12/site-packages/airflow/example_dags/example_short_circuit_operator.py
[2026-09-25T17:02:54.768+0000] {processor.py:925} INFO - DAG(s) 'example_short_circuit_operator' retrieved from /home/airflow/.local/lib/python3.12/site-packages/airflow/example_dags/example_short_circuit_operator.py
[2026-09-25T17:02:54.877+0000] {logging_mixin.py:190} INFO - [2026-09-25T17:02:54.877+0000] {dag.py:3239} INFO - Sync 1 DAGs
[2026-09-25T17:02:54.930+0000] {logging_mixin.py:190} INFO - [2026-09-25T17:02:54.928+0000] {dag.py:4180} INFO - Setting next_dagrun for example_short_circuit_operator to None, run_after=None
[2026-09-25T17:02:54.964+0000] {processor.py:208} INFO - Processing /home/airflow/.local/lib/python3.12/site-packages/airflow/example_dags/example_short_circuit_operator.py took 0.244 seconds
[2026-09-25T17:03:25.675+0000] {processor.py:186} INFO - Started process (PID=708) to work on /home/airflow/.local/lib/python3.12/site-packages/airflow/example_dags/example_short_circuit_operator.py
[2026-09-25T17:03:25.683+0000] {processor.py:914} INFO - Processing file /home/airflow/.local/lib/python3.12/site-packages/airflow/example_dags/example_short_circuit_operator.py for tasks to queue
[2026-09-25T17:03:25.688+0000] {logging_mixin.py:190} INFO - [2026-09-25T17:03:25.688+0000] {dagbag.py:588} INFO - Filling up the DagBag from /home/airflow/.local/lib/python3.12/site-packages/airflow/example_dags/example_short_circuit_operator.py
[2026-09-25T17:03:25.709+0000] {processor.py:925} INFO - DAG(s) 'example_short_circuit_operator' retrieved from /home/airflow/.local/lib/python3.12/site-packages/airflow/example_dags/example_short_circuit_operator.py
[2026-09-25T17:03:25.773+0000] {logging_mixin.py:190} INFO - [2026-09-25T17:03:25.772+0000] {dag.py:3239} INFO - Sync 1 DAGs
[2026-09-25T17:03:25.805+0000] {logging_mixin.py:190} INFO - [2026-09-25T17:03:25.804+0000] {dag.py:4180} INFO - Setting next_dagrun for example_short_circuit_operator to None, run_after=None
[2026-09-25T17:03:25.846+0000] {processor.py:208} INFO - Processing /home/airflow/.local/lib/python3.12/site-packages/airflow/example_dags/example_short_circuit_operator.py took 0.185 seconds
[2026-09-25T17:03:56.641+0000] {processor.py:186} INFO - Started process (PID=771) to work on /home/airflow/.local/lib/python3.12/site-packages/airflow/example_dags/example_short_circuit_operator.py
[2026-09-25T17:03:56.654+0000] {processor.py:914} INFO - Processing file /home/airflow/.local/lib/python3.12/site-packages/airflow/example_dags/example_short_circuit_operator.py for tasks to queue
[2026-09-25T17:03:56.671+0000] {logging_mixin.py:190} INFO - [2026-09-25T17:03:56.670+0000] {dagbag.py:588} INFO - Filling up the DagBag from /home/airflow/.local/lib/python3.12/site-packages/airflow/example_dags/example_short_circuit_operator.py
[2026-09-25T17:03:56.758+0000] {processor.py:925} INFO - DAG(s) 'example_short_circuit_operator' retrieved from /home/airflow/.local/lib/python3.12/site-packages/airflow/example_dags/example_short_circuit_operator.py
[2026-09-25T17:03:56.859+0000] {logging_mixin.py:190} INFO - [2026-09-25T17:03:56.859+0000] {dag.py:3239} INFO - Sync 1 DAGs
[2026-09-25T17:03:56.900+0000] {logging_mixin.py:190} INFO - [2026-09-25T17:03:56.900+0000] {dag.py:4180} INFO - Setting next_dagrun for example_short_circuit_operator to None, run_after=None
[2026-09-25T17:03:56.952+0000] {processor.py:208} INFO - Processing /home/airflow/.local/lib/python3.12/site-packages/airflow/example_dags/example_short_circuit_operator.py took 0.338 seconds
[2026-09-25T17:04:27.777+0000] {processor.py:186} INFO - Started process (PID=834) to work on /home/airflow/.local/lib/python3.12/site-packages/airflow/example_dags/example_short_circuit_operator.py
[2026-09-25T17:04:27.779+0000] {processor.py:914} INFO - Processing file /home/airflow/.local/lib/python3.12/site-packages/airflow/example_dags/example_short_circuit_operator.py for tasks to queue
[2026-09-25T17:04:27.784+0000] {logging_mixin.py:190} INFO - [2026-09-25T17:04:27.783+0000] {dagbag.py:588} INFO - Filling up the DagBag from /home/airflow/.local/lib/python3.12/site-packages/airflow/example_dags/example_short_circuit_operator.py
[2026-09-25T17:04:27.800+0000] {processor.py:925} INFO - DAG(s) 'example_short_circuit_operator' retrieved from /home/airflow/.local/lib/python3.12/site-packages/airflow/example_dags/example_short_circuit_operator.py
[2026-09-25T17:04:27.838+0000] {logging_mixin.py:190} INFO - [2026-09-25T17:04:27.838+0000] {dag.py:3239} INFO - Sync 1 DAGs
[2026-09-25T17:04:27.866+0000] {logging_mixin.py:190} INFO - [2026-09-25T17:04:27.865+0000] {dag.py:4180} INFO - Setting next_dagrun for example_short_circuit_operator to None, run_after=None
[2026-09-25T17:04:27.897+0000] {processor.py:208} INFO - Processing /home/airflow/.local/lib/python3.12/site-packages/airflow/example_dags/example_short_circuit_operator.py took 0.131 seconds
[2026-09-25T17:05:06.300+0000] {processor.py:186} INFO - Started process (PID=901) to work on /home/airflow/.local/lib/python3.12/site-packages/airflow/example_dags/example_short_circuit_operator.py
[2026-09-25T17:05:06.303+0000] {processor.py:914} INFO - Processing file /home/airflow/.local/lib/python3.12/site-packages/airflow/example_dags/example_short_circuit_operator.py for tasks to queue
[2026-09-25T17:05:06.307+0000] {logging_mixin.py:190} INFO - [2026-09-25T17:05:06.307+0000] {dagbag.py:588} INFO - Filling up the DagBag from /home/airflow/.local/lib/python3.12/site-packages/airflow/example_dags/example_short_circuit_operator.py
[2026-09-25T17:05:06.323+0000] {processor.py:925} INFO - DAG(s) 'example_short_circuit_operator' retrieved from /home/airflow/.local/lib/python3.12/site-packages/airflow/example_dags/example_short_circuit_operator.py
[2026-09-25T17:05:06.367+0000] {logging_mixin.py:190} INFO - [2026-09-25T17:05:06.366+0000] {dag.py:3239} INFO - Sync 1 DAGs
[2026-09-25T17:05:06.392+0000] {logging_mixin.py:190} INFO - [2026-09-25T17:05:06.392+0000] {dag.py:4180} INFO - Setting next_dagrun for example_short_circuit_operator to None, run_after=None
[2026-09-25T17:05:06.430+0000] {processor.py:208} INFO - Processing /home/airflow/.local/lib/python3.12/site-packages/airflow/example_dags/example_short_circuit_operator.py took 0.141 seconds
[2026-09-25T17:05:38.986+0000] {processor.py:186} INFO - Started process (PID=964) to work on /home/airflow/.local/lib/python3.12/site-packages/airflow/example_dags/example_short_circuit_operator.py
[2026-09-25T17:05:39.004+0000] {processor.py:914} INFO - Processing file /home/airflow/.local/lib/python3.12/site-packages/airflow/example_dags/example_short_circuit_operator.py for tasks to queue
[2026-09-25T17:05:39.060+0000] {logging_mixin.py:190} INFO - [2026-09-25T17:05:39.060+0000] {dagbag.py:588} INFO - Filling up the DagBag from /home/airflow/.local/lib/python3.12/site-packages/airflow/example_dags/example_short_circuit_operator.py
[2026-09-25T17:05:39.137+0000] {processor.py:925} INFO - DAG(s) 'example_short_circuit_operator' retrieved from /home/airflow/.local/lib/python3.12/site-packages/airflow/example_dags/example_short_circuit_operator.py
[2026-09-25T17:05:39.222+0000] {logging_mixin.py:190} INFO - [2026-09-25T17:05:39.222+0000] {dag.py:3239} INFO - Sync 1 DAGs
[2026-09-25T17:05:39.263+0000] {logging_mixin.py:190} INFO - [2026-09-25T17:05:39.262+0000] {dag.py:4180} INFO - Setting next_dagrun for example_short_circuit_operator to None, run_after=None
[2026-09-25T17:05:39.314+0000] {processor.py:208} INFO - Processing /home/airflow/.local/lib/python3.12/site-packages/airflow/example_dags/example_short_circuit_operator.py took 0.344 seconds
[2026-09-25T17:06:12.247+0000] {processor.py:186} INFO - Started process (PID=1031) to work on /home/airflow/.local/lib/python3.12/site-packages/airflow/example_dags/example_short_circuit_operator.py
[2026-09-25T17:06:12.249+0000] {processor.py:914} INFO - Processing file /home/airflow/.local/lib/python3.12/site-packages/airflow/example_dags/example_short_circuit_operator.py for tasks to queue
[2026-09-25T17:06:12.254+0000] {logging_mixin.py:190} INFO - [2026-09-25T17:06:12.253+0000] {dagbag.py:588} INFO - Filling up the DagBag from /home/airflow/.local/lib/python3.12/site-packages/airflow/example_dags/example_short_circuit_operator.py
[2026-09-25T17:06:12.274+0000] {processor.py:925} INFO - DAG(s) 'example_short_circuit_operator' retrieved from /home/airflow/.local/lib/python3.12/site-packages/airflow/example_dags/example_short_circuit_operator.py
[2026-09-25T17:06:12.320+0000] {logging_mixin.py:190} INFO - [2026-09-25T17:06:12.320+0000] {dag.py:3239} INFO - Sync 1 DAGs
[2026-09-25T17:06:12.349+0000] {logging_mixin.py:190} INFO - [2026-09-25T17:06:12.348+0000] {dag.py:4180} INFO - Setting next_dagrun for example_short_circuit_operator to None, run_after=None
[2026-09-25T17:06:12.381+0000] {processor.py:208} INFO - Processing /home/airflow/.local/lib/python3.12/site-packages/airflow/example_dags/example_short_circuit_operator.py took 0.146 seconds
[2026-09-25T17:06:53.046+0000] {processor.py:186} INFO - Started process (PID=1093) to work on /home/airflow/.local/lib/python3.12/site-packages/airflow/example_dags/example_short_circuit_operator.py
[2026-09-25T17:06:53.049+0000] {processor.py:914} INFO - Processing file /home/airflow/.local/lib/python3.12/site-packages/airflow/example_dags/example_short_circuit_operator.py for tasks to queue
[2026-09-25T17:06:53.054+0000] {logging_mixin.py:190} INFO - [2026-09-25T17:06:53.053+0000] {dagbag.py:588} INFO - Filling up the DagBag from /home/airflow/.local/lib/python3.12/site-packages/airflow/example_dags/example_short_circuit_operator.py
[2026-09-25T17:06:53.076+0000] {processor.py:925} INFO - DAG(s) 'example_short_circuit_operator' retrieved from /home/airflow/.local/lib/python3.12/site-packages/airflow/example_dags/example_short_circuit_operator.py
[2026-09-25T17:06:53.151+0000] {logging_mixin.py:190} INFO - [2026-09-25T17:06:53.150+0000] {dag.py:3239} INFO - Sync 1 DAGs
[2026-09-25T17:06:53.189+0000] {logging_mixin.py:190} INFO - [2026-09-25T17:06:53.189+0000] {dag.py:4180} INFO - Setting next_dagrun for example_short_circuit_operator to None, run_after=None
[2026-09-25T17:06:53.239+0000] {processor.py:208} INFO - Processing /home/airflow/.local/lib/python3.12/site-packages/airflow/example_dags/example_short_circuit_operator.py took 0.208 seconds
[2026-09-25T17:07:28.995+0000] {processor.py:186} INFO - Started process (PID=1155) to work on /home/airflow/.local/lib/python3.12/site-packages/airflow/example_dags/example_short_circuit_operator.py
[2026-09-25T17:07:29.001+0000] {processor.py:914} INFO - Processing file /home/airflow/.local/lib/python3.12/site-packages/airflow/example_dags/example_short_circuit_operator.py for tasks to queue
[2026-09-25T17:07:29.011+0000] {logging_mixin.py:190} INFO - [2026-09-25T17:07:29.010+0000] {dagbag.py:588} INFO - Filling up the DagBag from /home/airflow/.local/lib/python3.12/site-packages/airflow/example_dags/example_short_circuit_operator.py
[2026-09-25T17:07:29.076+0000] {processor.py:925} INFO - DAG(s) 'example_short_circuit_operator' retrieved from /home/airflow/.local/lib/python3.12/site-packages/airflow/example_dags/example_short_circuit_operator.py
[2026-09-25T17:07:29.165+0000] {logging_mixin.py:190} INFO - [2026-09-25T17:07:29.165+0000] {dag.py:3239} INFO - Sync 1 DAGs
[2026-09-25T17:07:29.212+0000] {logging_mixin.py:190} INFO - [2026-09-25T17:07:29.211+0000] {dag.py:4180} INFO - Setting next_dagrun for example_short_circuit_operator to None, run_after=None
[2026-09-25T17:07:29.273+0000] {processor.py:208} INFO - Processing /home/airflow/.local/lib/python3.12/site-packages/airflow/example_dags/example_short_circuit_operator.py took 0.372 seconds
[2026-09-25T17:08:00.134+0000] {processor.py:186} INFO - Started process (PID=1217) to work on /home/airflow/.local/lib/python3.12/site-packages/airflow/example_dags/example_short_circuit_operator.py
[2026-09-25T17:08:00.136+0000] {processor.py:914} INFO - Processing file /home/airflow/.local/lib/python3.12/site-packages/airflow/example_dags/example_short_circuit_operator.py for tasks to queue
[2026-09-25T17:08:00.142+0000] {logging_mixin.py:190} INFO - [2026-09-25T17:08:00.141+0000] {dagbag.py:588} INFO - Filling up the DagBag from /home/airflow/.local/lib/python3.12/site-packages/airflow/example_dags/example_short_circuit_operator.py
[2026-09-25T17:08:00.160+0000] {processor.py:925} INFO - DAG(s) 'example_short_circuit_operator' retrieved from /home/airflow/.local/lib/python3.12/site-packages/airflow/example_dags/example_short_circuit_operator.py
[2026-09-25T17:08:00.359+0000] {logging_mixin.py:190} INFO - [2026-09-25T17:08:00.358+0000] {dag.py:3239} INFO - Sync 1 DAGs
[2026-09-25T17:08:00.441+0000] {logging_mixin.py:190} INFO - [2026-09-25T17:08:00.440+0000] {dag.py:4180} INFO - Setting next_dagrun for example_short_circuit_operator to None, run_after=None
[2026-09-25T17:08:00.506+0000] {processor.py:208} INFO - Processing /home/airflow/.local/lib/python3.12/site-packages/airflow/example_dags/example_short_circuit_operator.py took 0.388 seconds
[2026-09-25T17:08:30.976+0000] {processor.py:186} INFO - Started process (PID=1279) to work on /home/airflow/.local/lib/python3.12/site-packages/airflow/example_dags/example_short_circuit_operator.py
[2026-09-25T17:08:30.980+0000] {processor.py:914} INFO - Processing file /home/airflow/.local/lib/python3.12/site-packages/airflow/example_dags/example_short_circuit_operator.py for tasks to queue
[2026-09-25T17:08:30.989+0000] {logging_mixin.py:190} INFO - [2026-09-25T17:08:30.988+0000] {dagbag.py:588} INFO - Filling up the DagBag from /home/airflow/.local/lib/python3.12/site-packages/airflow/example_dags/example_short_circuit_operator.py
[2026-09-25T17:08:31.621+0000] {processor.py:925} INFO - DAG(s) 'example_short_circuit_operator' retrieved from /home/airflow/.local/lib/python3.12/site-packages/airflow/example_dags/example_short_circuit_operator.py
[2026-09-25T17:08:32.031+0000] {logging_mixin.py:190} INFO - [2026-09-25T17:08:32.030+0000] {dag.py:3239} INFO - Sync 1 DAGs
[2026-09-25T17:08:32.268+0000] {logging_mixin.py:190} INFO - [2026-09-25T17:08:32.267+0000] {dag.py:4180} INFO - Setting next_dagrun for example_short_circuit_operator to None, run_after=None
[2026-09-25T17:08:32.344+0000] {processor.py:208} INFO - Processing /home/airflow/.local/lib/python3.12/site-packages/airflow/example_dags/example_short_circuit_operator.py took 1.454 seconds
[2026-09-25T17:09:02.569+0000] {processor.py:186} INFO - Started process (PID=1343) to work on /home/airflow/.local/lib/python3.12/site-packages/airflow/example_dags/example_short_circuit_operator.py
[2026-09-25T17:09:02.572+0000] {processor.py:914} INFO - Processing file /home/airflow/.local/lib/python3.12/site-packages/airflow/example_dags/example_short_circuit_operator.py for tasks to queue
[2026-09-25T17:09:02.577+0000] {logging_mixin.py:190} INFO - [2026-09-25T17:09:02.576+0000] {dagbag.py:588} INFO - Filling up the DagBag from /home/airflow/.local/lib/python3.12/site-packages/airflow/example_dags/example_short_circuit_operator.py
[2026-09-25T17:09:02.600+0000] {processor.py:925} INFO - DAG(s) 'example_short_circuit_operator' retrieved from /home/airflow/.local/lib/python3.12/site-packages/airflow/example_dags/example_short_circuit_operator.py
[2026-09-25T17:09:02.676+0000] {logging_mixin.py:190} INFO - [2026-09-25T17:09:02.675+0000] {dag.py:3239} INFO - Sync 1 DAGs
[2026-09-25T17:09:02.792+0000] {logging_mixin.py:190} INFO - [2026-09-25T17:09:02.792+0000] {dag.py:4180} INFO - Setting next_dagrun for example_short_circuit_operator to None, run_after=None
[2026-09-25T17:09:03.016+0000] {processor.py:208} INFO - Processing /home/airflow/.local/lib/python3.12/site-packages/airflow/example_dags/example_short_circuit_operator.py took 0.464 seconds
[2026-09-25T17:10:34.369+0000] {processor.py:186} INFO - Started process (PID=1422) to work on /home/airflow/.local/lib/python3.12/site-packages/airflow/example_dags/example_short_circuit_operator.py
[2026-09-25T17:10:34.375+0000] {processor.py:914} INFO - Processing file /home/airflow/.local/lib/python3.12/site-packages/airflow/example_dags/example_short_circuit_operator.py for tasks to queue
[2026-09-25T17:10:34.395+0000] {logging_mixin.py:190} INFO - [2026-09-25T17:10:34.394+0000] {dagbag.py:588} INFO - Filling up the DagBag from /home/airflow/.local/lib/python3.12/site-packages/airflow/example_dags/example_short_circuit_operator.py
[2026-09-25T17:10:34.438+0000] {processor.py:925} INFO - DAG(s) 'example_short_circuit_operator' retrieved from /home/airflow/.local/lib/python3.12/site-packages/airflow/example_dags/example_short_circuit_operator.py
[2026-09-25T17:10:34.572+0000] {logging_mixin.py:190} INFO - [2026-09-25T17:10:34.571+0000] {dag.py:3239} INFO - Sync 1 DAGs
[2026-09-25T17:10:34.838+0000] {logging_mixin.py:190} INFO - [2026-09-25T17:10:34.838+0000] {dag.py:4180} INFO - Setting next_dagrun for example_short_circuit_operator to None, run_after=None
[2026-09-25T17:10:35.178+0000] {processor.py:208} INFO - Processing /home/airflow/.local/lib/python3.12/site-packages/airflow/example_dags/example_short_circuit_operator.py took 0.869 seconds
[2026-09-25T17:14:04.246+0000] {processor.py:186} INFO - Started process (PID=1537) to work on /home/airflow/.local/lib/python3.12/site-packages/airflow/example_dags/example_short_circuit_operator.py
[2026-09-25T17:14:04.253+0000] {processor.py:914} INFO - Processing file /home/airflow/.local/lib/python3.12/site-packages/airflow/example_dags/example_short_circuit_operator.py for tasks to queue
[2026-09-25T17:14:04.286+0000] {logging_mixin.py:190} INFO - [2026-09-25T17:14:04.286+0000] {dagbag.py:588} INFO - Filling up the DagBag from /home/airflow/.local/lib/python3.12/site-packages/airflow/example_dags/example_short_circuit_operator.py
[2026-09-25T17:14:05.702+0000] {processor.py:925} INFO - DAG(s) 'example_short_circuit_operator' retrieved from /home/airflow/.local/lib/python3.12/site-packages/airflow/example_dags/example_short_circuit_operator.py
[2026-09-25T17:14:10.775+0000] {logging_mixin.py:190} INFO - [2026-09-25T17:14:10.775+0000] {dag.py:3239} INFO - Sync 1 DAGs
[2026-09-25T17:14:11.560+0000] {logging_mixin.py:190} INFO - [2026-09-25T17:14:11.556+0000] {dag.py:4180} INFO - Setting next_dagrun for example_short_circuit_operator to None, run_after=None
[2026-09-25T17:14:12.279+0000] {processor.py:208} INFO - Processing /home/airflow/.local/lib/python3.12/site-packages/airflow/example_dags/example_short_circuit_operator.py took 8.542 seconds
[2026-09-25T17:15:17.276+0000] {processor.py:186} INFO - Started process (PID=1613) to work on /home/airflow/.local/lib/python3.12/site-packages/airflow/example_dags/example_short_circuit_operator.py
[2026-09-25T17:15:17.280+0000] {processor.py:914} INFO - Processing file /home/airflow/.local/lib/python3.12/site-packages/airflow/example_dags/example_short_circuit_operator.py for tasks to queue
[2026-09-25T17:15:17.291+0000] {logging_mixin.py:190} INFO - [2026-09-25T17:15:17.289+0000] {dagbag.py:588} INFO - Filling up the DagBag from /home/airflow/.local/lib/python3.12/site-packages/airflow/example_dags/example_short_circuit_operator.py
[2026-09-25T17:15:17.319+0000] {processor.py:925} INFO - DAG(s) 'example_short_circuit_operator' retrieved from /home/airflow/.local/lib/python3.12/site-packages/airflow/example_dags/example_short_circuit_operator.py
[2026-09-25T17:15:17.401+0000] {logging_mixin.py:190} INFO - [2026-09-25T17:15:17.400+0000] {dag.py:3239} INFO - Sync 1 DAGs
[2026-09-25T17:15:17.459+0000] {logging_mixin.py:190} INFO - [2026-09-25T17:15:17.458+0000] {dag.py:4180} INFO - Setting next_dagrun for example_short_circuit_operator to None, run_after=None
[2026-09-25T17:15:17.517+0000] {processor.py:208} INFO - Processing /home/airflow/.local/lib/python3.12/site-packages/airflow/example_dags/example_short_circuit_operator.py took 0.264 seconds
[2026-09-25T17:15:53.000+0000] {processor.py:186} INFO - Started process (PID=1676) to work on /home/airflow/.local/lib/python3.12/site-packages/airflow/example_dags/example_short_circuit_operator.py
[2026-09-25T17:15:53.012+0000] {processor.py:914} INFO - Processing file /home/airflow/.local/lib/python3.12/site-packages/airflow/example_dags/example_short_circuit_operator.py for tasks to queue
[2026-09-25T17:15:53.023+0000] {logging_mixin.py:190} INFO - [2026-09-25T17:15:53.022+0000] {dagbag.py:588} INFO - Filling up the DagBag from /home/airflow/.local/lib/python3.12/site-packages/airflow/example_dags/example_short_circuit_operator.py
[2026-09-25T17:15:53.116+0000] {processor.py:925} INFO - DAG(s) 'example_short_circuit_operator' retrieved from /home/airflow/.local/lib/python3.12/site-packages/airflow/example_dags/example_short_circuit_operator.py
[2026-09-25T17:15:53.305+0000] {logging_mixin.py:190} INFO - [2026-09-25T17:15:53.304+0000] {dag.py:3239} INFO - Sync 1 DAGs
[2026-09-25T17:15:53.391+0000] {logging_mixin.py:190} INFO - [2026-09-25T17:15:53.390+0000] {dag.py:4180} INFO - Setting next_dagrun for example_short_circuit_operator to None, run_after=None
[2026-09-25T17:15:53.498+0000] {processor.py:208} INFO - Processing /home/airflow/.local/lib/python3.12/site-packages/airflow/example_dags/example_short_circuit_operator.py took 0.525 seconds
[2026-09-25T17:16:51.185+0000] {processor.py:186} INFO - Started process (PID=1767) to work on /home/airflow/.local/lib/python3.12/site-packages/airflow/example_dags/example_short_circuit_operator.py
[2026-09-25T17:16:51.200+0000] {processor.py:914} INFO - Processing file /home/airflow/.local/lib/python3.12/site-packages/airflow/example_dags/example_short_circuit_operator.py for tasks to queue
[2026-09-25T17:16:51.213+0000] {logging_mixin.py:190} INFO - [2026-09-25T17:16:51.211+0000] {dagbag.py:588} INFO - Filling up the DagBag from /home/airflow/.local/lib/python3.12/site-packages/airflow/example_dags/example_short_circuit_operator.py
[2026-09-25T17:16:51.268+0000] {processor.py:925} INFO - DAG(s) 'example_short_circuit_operator' retrieved from /home/airflow/.local/lib/python3.12/site-packages/airflow/example_dags/example_short_circuit_operator.py
[2026-09-25T17:16:51.382+0000] {logging_mixin.py:190} INFO - [2026-09-25T17:16:51.368+0000] {dag.py:3239} INFO - Sync 1 DAGs
[2026-09-25T17:16:51.517+0000] {logging_mixin.py:190} INFO - [2026-09-25T17:16:51.516+0000] {dag.py:4180} INFO - Setting next_dagrun for example_short_circuit_operator to None, run_after=None
[2026-09-25T17:16:51.648+0000] {processor.py:208} INFO - Processing /home/airflow/.local/lib/python3.12/site-packages/airflow/example_dags/example_short_circuit_operator.py took 0.497 seconds
[2026-09-25T17:17:22.319+0000] {processor.py:186} INFO - Started process (PID=1829) to work on /home/airflow/.local/lib/python3.12/site-packages/airflow/example_dags/example_short_circuit_operator.py
[2026-09-25T17:17:22.335+0000] {processor.py:914} INFO - Processing file /home/airflow/.local/lib/python3.12/site-packages/airflow/example_dags/example_short_circuit_operator.py for tasks to queue
[2026-09-25T17:17:22.344+0000] {logging_mixin.py:190} INFO - [2026-09-25T17:17:22.343+0000] {dagbag.py:588} INFO - Filling up the DagBag from /home/airflow/.local/lib/python3.12/site-packages/airflow/example_dags/example_short_circuit_operator.py
[2026-09-25T17:17:22.368+0000] {processor.py:925} INFO - DAG(s) 'example_short_circuit_operator' retrieved from /home/airflow/.local/lib/python3.12/site-packages/airflow/example_dags/example_short_circuit_operator.py
[2026-09-25T17:17:22.450+0000] {logging_mixin.py:190} INFO - [2026-09-25T17:17:22.449+0000] {dag.py:3239} INFO - Sync 1 DAGs
[2026-09-25T17:17:22.504+0000] {logging_mixin.py:190} INFO - [2026-09-25T17:17:22.503+0000] {dag.py:4180} INFO - Setting next_dagrun for example_short_circuit_operator to None, run_after=None
[2026-09-25T17:17:22.566+0000] {processor.py:208} INFO - Processing /home/airflow/.local/lib/python3.12/site-packages/airflow/example_dags/example_short_circuit_operator.py took 0.260 seconds
[2026-09-25T17:17:58.920+0000] {processor.py:186} INFO - Started process (PID=1896) to work on /home/airflow/.local/lib/python3.12/site-packages/airflow/example_dags/example_short_circuit_operator.py
[2026-09-25T17:17:58.923+0000] {processor.py:914} INFO - Processing file /home/airflow/.local/lib/python3.12/site-packages/airflow/example_dags/example_short_circuit_operator.py for tasks to queue
[2026-09-25T17:17:58.937+0000] {logging_mixin.py:190} INFO - [2026-09-25T17:17:58.937+0000] {dagbag.py:588} INFO - Filling up the DagBag from /home/airflow/.local/lib/python3.12/site-packages/airflow/example_dags/example_short_circuit_operator.py
[2026-09-25T17:17:58.964+0000] {processor.py:925} INFO - DAG(s) 'example_short_circuit_operator' retrieved from /home/airflow/.local/lib/python3.12/site-packages/airflow/example_dags/example_short_circuit_operator.py
[2026-09-25T17:17:59.065+0000] {logging_mixin.py:190} INFO - [2026-09-25T17:17:59.065+0000] {dag.py:3239} INFO - Sync 1 DAGs
[2026-09-25T17:17:59.120+0000] {logging_mixin.py:190} INFO - [2026-09-25T17:17:59.118+0000] {dag.py:4180} INFO - Setting next_dagrun for example_short_circuit_operator to None, run_after=None
[2026-09-25T17:17:59.181+0000] {processor.py:208} INFO - Processing /home/airflow/.local/lib/python3.12/site-packages/airflow/example_dags/example_short_circuit_operator.py took 0.279 seconds
[2026-09-25T17:18:35.613+0000] {processor.py:186} INFO - Started process (PID=1964) to work on /home/airflow/.local/lib/python3.12/site-packages/airflow/example_dags/example_short_circuit_operator.py
[2026-09-25T17:18:35.616+0000] {processor.py:914} INFO - Processing file /home/airflow/.local/lib/python3.12/site-packages/airflow/example_dags/example_short_circuit_operator.py for tasks to queue
[2026-09-25T17:18:35.620+0000] {logging_mixin.py:190} INFO - [2026-09-25T17:18:35.620+0000] {dagbag.py:588} INFO - Filling up the DagBag from /home/airflow/.local/lib/python3.12/site-packages/airflow/example_dags/example_short_circuit_operator.py
[2026-09-25T17:18:35.650+0000] {processor.py:925} INFO - DAG(s) 'example_short_circuit_operator' retrieved from /home/airflow/.local/lib/python3.12/site-packages/airflow/example_dags/example_short_circuit_operator.py
[2026-09-25T17:18:35.702+0000] {logging_mixin.py:190} INFO - [2026-09-25T17:18:35.702+0000] {dag.py:3239} INFO - Sync 1 DAGs
[2026-09-25T17:18:35.742+0000] {logging_mixin.py:190} INFO - [2026-09-25T17:18:35.742+0000] {dag.py:4180} INFO - Setting next_dagrun for example_short_circuit_operator to None, run_after=None
[2026-09-25T17:18:35.786+0000] {processor.py:208} INFO - Processing /home/airflow/.local/lib/python3.12/site-packages/airflow/example_dags/example_short_circuit_operator.py took 0.185 seconds
[2026-09-25T17:19:10.022+0000] {processor.py:186} INFO - Started process (PID=2027) to work on /home/airflow/.local/lib/python3.12/site-packages/airflow/example_dags/example_short_circuit_operator.py
[2026-09-25T17:19:10.027+0000] {processor.py:914} INFO - Processing file /home/airflow/.local/lib/python3.12/site-packages/airflow/example_dags/example_short_circuit_operator.py for tasks to queue
[2026-09-25T17:19:10.044+0000] {logging_mixin.py:190} INFO - [2026-09-25T17:19:10.043+0000] {dagbag.py:588} INFO - Filling up the DagBag from /home/airflow/.local/lib/python3.12/site-packages/airflow/example_dags/example_short_circuit_operator.py
[2026-09-25T17:19:10.070+0000] {processor.py:925} INFO - DAG(s) 'example_short_circuit_operator' retrieved from /home/airflow/.local/lib/python3.12/site-packages/airflow/example_dags/example_short_circuit_operator.py
[2026-09-25T17:19:10.142+0000] {logging_mixin.py:190} INFO - [2026-09-25T17:19:10.141+0000] {dag.py:3239} INFO - Sync 1 DAGs
[2026-09-25T17:19:10.184+0000] {logging_mixin.py:190} INFO - [2026-09-25T17:19:10.183+0000] {dag.py:4180} INFO - Setting next_dagrun for example_short_circuit_operator to None, run_after=None
[2026-09-25T17:19:10.243+0000] {processor.py:208} INFO - Processing /home/airflow/.local/lib/python3.12/site-packages/airflow/example_dags/example_short_circuit_operator.py took 0.259 seconds
[2026-09-25T17:19:49.014+0000] {processor.py:186} INFO - Started process (PID=2090) to work on /home/airflow/.local/lib/python3.12/site-packages/airflow/example_dags/example_short_circuit_operator.py
[2026-09-25T17:19:49.018+0000] {processor.py:914} INFO - Processing file /home/airflow/.local/lib/python3.12/site-packages/airflow/example_dags/example_short_circuit_operator.py for tasks to queue
[2026-09-25T17:19:49.054+0000] {logging_mixin.py:190} INFO - [2026-09-25T17:19:49.047+0000] {dagbag.py:588} INFO - Filling up the DagBag from /home/airflow/.local/lib/python3.12/site-packages/airflow/example_dags/example_short_circuit_operator.py
[2026-09-25T17:19:49.186+0000] {processor.py:925} INFO - DAG(s) 'example_short_circuit_operator' retrieved from /home/airflow/.local/lib/python3.12/site-packages/airflow/example_dags/example_short_circuit_operator.py
[2026-09-25T17:19:49.319+0000] {logging_mixin.py:190} INFO - [2026-09-25T17:19:49.318+0000] {dag.py:3239} INFO - Sync 1 DAGs
[2026-09-25T17:19:49.388+0000] {logging_mixin.py:190} INFO - [2026-09-25T17:19:49.388+0000] {dag.py:4180} INFO - Setting next_dagrun for example_short_circuit_operator to None, run_after=None
[2026-09-25T17:19:49.495+0000] {processor.py:208} INFO - Processing /home/airflow/.local/lib/python3.12/site-packages/airflow/example_dags/example_short_circuit_operator.py took 0.544 seconds
[2026-09-25T17:20:32.224+0000] {processor.py:186} INFO - Started process (PID=2158) to work on /home/airflow/.local/lib/python3.12/site-packages/airflow/example_dags/example_short_circuit_operator.py
[2026-09-25T17:20:32.227+0000] {processor.py:914} INFO - Processing file /home/airflow/.local/lib/python3.12/site-packages/airflow/example_dags/example_short_circuit_operator.py for tasks to queue
[2026-09-25T17:20:32.245+0000] {logging_mixin.py:190} INFO - [2026-09-25T17:20:32.244+0000] {dagbag.py:588} INFO - Filling up the DagBag from /home/airflow/.local/lib/python3.12/site-packages/airflow/example_dags/example_short_circuit_operator.py
[2026-09-25T17:20:32.401+0000] {processor.py:925} INFO - DAG(s) 'example_short_circuit_operator' retrieved from /home/airflow/.local/lib/python3.12/site-packages/airflow/example_dags/example_short_circuit_operator.py
[2026-09-25T17:20:32.912+0000] {logging_mixin.py:190} INFO - [2026-09-25T17:20:32.910+0000] {dag.py:3239} INFO - Sync 1 DAGs
[2026-09-25T17:20:33.648+0000] {logging_mixin.py:190} INFO - [2026-09-25T17:20:33.647+0000] {dag.py:4180} INFO - Setting next_dagrun for example_short_circuit_operator to None, run_after=None
[2026-09-25T17:20:34.398+0000] {processor.py:208} INFO - Processing /home/airflow/.local/lib/python3.12/site-packages/airflow/example_dags/example_short_circuit_operator.py took 2.192 seconds
[2026-09-25T17:21:20.194+0000] {processor.py:186} INFO - Started process (PID=2232) to work on /home/airflow/.local/lib/python3.12/site-packages/airflow/example_dags/example_short_circuit_operator.py
[2026-09-25T17:21:20.197+0000] {processor.py:914} INFO - Processing file /home/airflow/.local/lib/python3.12/site-packages/airflow/example_dags/example_short_circuit_operator.py for tasks to queue
[2026-09-25T17:21:20.204+0000] {logging_mixin.py:190} INFO - [2026-09-25T17:21:20.203+0000] {dagbag.py:588} INFO - Filling up the DagBag from /home/airflow/.local/lib/python3.12/site-packages/airflow/example_dags/example_short_circuit_operator.py
[2026-09-25T17:21:20.242+0000] {processor.py:925} INFO - DAG(s) 'example_short_circuit_operator' retrieved from /home/airflow/.local/lib/python3.12/site-packages/airflow/example_dags/example_short_circuit_operator.py
[2026-09-25T17:21:20.333+0000] {logging_mixin.py:190} INFO - [2026-09-25T17:21:20.332+0000] {dag.py:3239} INFO - Sync 1 DAGs
[2026-09-25T17:21:20.403+0000] {logging_mixin.py:190} INFO - [2026-09-25T17:21:20.402+0000] {dag.py:4180} INFO - Setting next_dagrun for example_short_circuit_operator to None, run_after=None
[2026-09-25T17:21:20.503+0000] {processor.py:208} INFO - Processing /home/airflow/.local/lib/python3.12/site-packages/airflow/example_dags/example_short_circuit_operator.py took 0.326 seconds
[2026-09-25T17:22:42.837+0000] {processor.py:186} INFO - Started process (PID=2325) to work on /home/airflow/.local/lib/python3.12/site-packages/airflow/example_dags/example_short_circuit_operator.py
[2026-09-25T17:22:42.839+0000] {processor.py:914} INFO - Processing file /home/airflow/.local/lib/python3.12/site-packages/airflow/example_dags/example_short_circuit_operator.py for tasks to queue
[2026-09-25T17:22:42.850+0000] {logging_mixin.py:190} INFO - [2026-09-25T17:22:42.847+0000] {dagbag.py:588} INFO - Filling up the DagBag from /home/airflow/.local/lib/python3.12/site-packages/airflow/example_dags/example_short_circuit_operator.py
[2026-09-25T17:22:42.901+0000] {processor.py:925} INFO - DAG(s) 'example_short_circuit_operator' retrieved from /home/airflow/.local/lib/python3.12/site-packages/airflow/example_dags/example_short_circuit_operator.py
[2026-09-25T17:22:43.374+0000] {logging_mixin.py:190} INFO - [2026-09-25T17:22:43.373+0000] {dag.py:3239} INFO - Sync 1 DAGs
[2026-09-25T17:22:43.549+0000] {logging_mixin.py:190} INFO - [2026-09-25T17:22:43.548+0000] {dag.py:4180} INFO - Setting next_dagrun for example_short_circuit_operator to None, run_after=None
[2026-09-25T17:22:43.624+0000] {processor.py:208} INFO - Processing /home/airflow/.local/lib/python3.12/site-packages/airflow/example_dags/example_short_circuit_operator.py took 0.987 seconds
[2026-09-25T17:23:24.153+0000] {processor.py:186} INFO - Started process (PID=2390) to work on /home/airflow/.local/lib/python3.12/site-packages/airflow/example_dags/example_short_circuit_operator.py
[2026-09-25T17:23:24.160+0000] {processor.py:914} INFO - Processing file /home/airflow/.local/lib/python3.12/site-packages/airflow/example_dags/example_short_circuit_operator.py for tasks to queue
[2026-09-25T17:23:24.168+0000] {logging_mixin.py:190} INFO - [2026-09-25T17:23:24.167+0000] {dagbag.py:588} INFO - Filling up the DagBag from /home/airflow/.local/lib/python3.12/site-packages/airflow/example_dags/example_short_circuit_operator.py
[2026-09-25T17:23:24.198+0000] {processor.py:925} INFO - DAG(s) 'example_short_circuit_operator' retrieved from /home/airflow/.local/lib/python3.12/site-packages/airflow/example_dags/example_short_circuit_operator.py
[2026-09-25T17:23:24.283+0000] {logging_mixin.py:190} INFO - [2026-09-25T17:23:24.282+0000] {dag.py:3239} INFO - Sync 1 DAGs
[2026-09-25T17:23:24.525+0000] {logging_mixin.py:190} INFO - [2026-09-25T17:23:24.517+0000] {dag.py:4180} INFO - Setting next_dagrun for example_short_circuit_operator to None, run_after=None
[2026-09-25T17:23:24.793+0000] {processor.py:208} INFO - Processing /home/airflow/.local/lib/python3.12/site-packages/airflow/example_dags/example_short_circuit_operator.py took 0.670 seconds
[2026-09-25T17:23:59.846+0000] {processor.py:186} INFO - Started process (PID=2452) to work on /home/airflow/.local/lib/python3.12/site-packages/airflow/example_dags/example_short_circuit_operator.py
[2026-09-25T17:23:59.850+0000] {processor.py:914} INFO - Processing file /home/airflow/.local/lib/python3.12/site-packages/airflow/example_dags/example_short_circuit_operator.py for tasks to queue
[2026-09-25T17:23:59.856+0000] {logging_mixin.py:190} INFO - [2026-09-25T17:23:59.855+0000] {dagbag.py:588} INFO - Filling up the DagBag from /home/airflow/.local/lib/python3.12/site-packages/airflow/example_dags/example_short_circuit_operator.py
[2026-09-25T17:23:59.884+0000] {processor.py:925} INFO - DAG(s) 'example_short_circuit_operator' retrieved from /home/airflow/.local/lib/python3.12/site-packages/airflow/example_dags/example_short_circuit_operator.py
[2026-09-25T17:23:59.980+0000] {logging_mixin.py:190} INFO - [2026-09-25T17:23:59.979+0000] {dag.py:3239} INFO - Sync 1 DAGs
[2026-09-25T17:24:00.043+0000] {logging_mixin.py:190} INFO - [2026-09-25T17:24:00.042+0000] {dag.py:4180} INFO - Setting next_dagrun for example_short_circuit_operator to None, run_after=None
[2026-09-25T17:24:00.123+0000] {processor.py:208} INFO - Processing /home/airflow/.local/lib/python3.12/site-packages/airflow/example_dags/example_short_circuit_operator.py took 0.293 seconds
[2026-09-25T17:24:36.752+0000] {processor.py:186} INFO - Started process (PID=2524) to work on /home/airflow/.local/lib/python3.12/site-packages/airflow/example_dags/example_short_circuit_operator.py
[2026-09-25T17:24:36.755+0000] {processor.py:914} INFO - Processing file /home/airflow/.local/lib/python3.12/site-packages/airflow/example_dags/example_short_circuit_operator.py for tasks to queue
[2026-09-25T17:24:36.766+0000] {logging_mixin.py:190} INFO - [2026-09-25T17:24:36.765+0000] {dagbag.py:588} INFO - Filling up the DagBag from /home/airflow/.local/lib/python3.12/site-packages/airflow/example_dags/example_short_circuit_operator.py
[2026-09-25T17:24:36.798+0000] {processor.py:925} INFO - DAG(s) 'example_short_circuit_operator' retrieved from /home/airflow/.local/lib/python3.12/site-packages/airflow/example_dags/example_short_circuit_operator.py
[2026-09-25T17:24:36.875+0000] {logging_mixin.py:190} INFO - [2026-09-25T17:24:36.874+0000] {dag.py:3239} INFO - Sync 1 DAGs
[2026-09-25T17:24:36.938+0000] {logging_mixin.py:190} INFO - [2026-09-25T17:24:36.934+0000] {dag.py:4180} INFO - Setting next_dagrun for example_short_circuit_operator to None, run_after=None
[2026-09-25T17:24:37.053+0000] {processor.py:208} INFO - Processing /home/airflow/.local/lib/python3.12/site-packages/airflow/example_dags/example_short_circuit_operator.py took 0.317 seconds
[2026-09-25T17:25:10.975+0000] {processor.py:186} INFO - Started process (PID=2586) to work on /home/airflow/.local/lib/python3.12/site-packages/airflow/example_dags/example_short_circuit_operator.py
[2026-09-25T17:25:10.978+0000] {processor.py:914} INFO - Processing file /home/airflow/.local/lib/python3.12/site-packages/airflow/example_dags/example_short_circuit_operator.py for tasks to queue
[2026-09-25T17:25:10.986+0000] {logging_mixin.py:190} INFO - [2026-09-25T17:25:10.985+0000] {dagbag.py:588} INFO - Filling up the DagBag from /home/airflow/.local/lib/python3.12/site-packages/airflow/example_dags/example_short_circuit_operator.py
[2026-09-25T17:25:11.030+0000] {processor.py:925} INFO - DAG(s) 'example_short_circuit_operator' retrieved from /home/airflow/.local/lib/python3.12/site-packages/airflow/example_dags/example_short_circuit_operator.py
[2026-09-25T17:25:11.129+0000] {logging_mixin.py:190} INFO - [2026-09-25T17:25:11.128+0000] {dag.py:3239} INFO - Sync 1 DAGs
[2026-09-25T17:25:11.265+0000] {logging_mixin.py:190} INFO - [2026-09-25T17:25:11.263+0000] {dag.py:4180} INFO - Setting next_dagrun for example_short_circuit_operator to None, run_after=None
[2026-09-25T17:25:11.393+0000] {processor.py:208} INFO - Processing /home/airflow/.local/lib/python3.12/site-packages/airflow/example_dags/example_short_circuit_operator.py took 0.438 seconds
