[2026-09-25T16:16:03.126+0000] {processor.py:186} INFO - Started process (PID=124) to work on /home/airflow/.local/lib/python3.12/site-packages/airflow/example_dags/example_external_task_marker_dag.py
[2026-09-25T16:16:03.142+0000] {processor.py:914} INFO - Processing file /home/airflow/.local/lib/python3.12/site-packages/airflow/example_dags/example_external_task_marker_dag.py for tasks to queue
[2026-09-25T16:16:03.245+0000] {logging_mixin.py:190} INFO - [2026-09-25T16:16:03.238+0000] {dagbag.py:588} INFO - Filling up the DagBag from /home/airflow/.local/lib/python3.12/site-packages/airflow/example_dags/example_external_task_marker_dag.py
[2026-09-25T16:16:03.581+0000] {processor.py:925} INFO - DAG(s) 'example_external_task_marker_child', 'example_external_task_marker_parent' retrieved from /home/airflow/.local/lib/python3.12/site-packages/airflow/example_dags/example_external_task_marker_dag.py
[2026-09-25T16:16:04.088+0000] {logging_mixin.py:190} INFO - [2026-09-25T16:16:04.087+0000] {dag.py:3239} INFO - Sync 2 DAGs
[2026-09-25T16:16:04.522+0000] {logging_mixin.py:190} INFO - [2026-09-25T16:16:04.522+0000] {dag.py:4180} INFO - Setting next_dagrun for example_external_task_marker_child to None, run_after=None
[2026-09-25T16:16:04.560+0000] {logging_mixin.py:190} INFO - [2026-09-25T16:16:04.560+0000] {dag.py:4180} INFO - Setting next_dagrun for example_external_task_marker_parent to None, run_after=None
[2026-09-25T16:16:04.902+0000] {processor.py:208} INFO - Processing /home/airflow/.local/lib/python3.12/site-packages/airflow/example_dags/example_external_task_marker_dag.py took 1.953 seconds
[2026-09-25T16:18:59.554+0000] {processor.py:186} INFO - Started process (PID=217) to work on /home/airflow/.local/lib/python3.12/site-packages/airflow/example_dags/example_external_task_marker_dag.py
[2026-09-25T16:18:59.580+0000] {processor.py:914} INFO - Processing file /home/airflow/.local/lib/python3.12/site-packages/airflow/example_dags/example_external_task_marker_dag.py for tasks to queue
[2026-09-25T16:18:59.796+0000] {logging_mixin.py:190} INFO - [2026-09-25T16:18:59.743+0000] {dagbag.py:588} INFO - Filling up the DagBag from /home/airflow/.local/lib/python3.12/site-packages/airflow/example_dags/example_external_task_marker_dag.py
[2026-09-25T16:18:59.999+0000] {processor.py:925} INFO - DAG(s) 'example_external_task_marker_child', 'example_external_task_marker_parent' retrieved from /home/airflow/.local/lib/python3.12/site-packages/airflow/example_dags/example_external_task_marker_dag.py
[2026-09-25T16:19:00.416+0000] {logging_mixin.py:190} INFO - [2026-09-25T16:19:00.415+0000] {dag.py:3239} INFO - Sync 2 DAGs
[2026-09-25T16:19:00.863+0000] {logging_mixin.py:190} INFO - [2026-09-25T16:19:00.855+0000] {dag.py:4180} INFO - Setting next_dagrun for example_external_task_marker_child to None, run_after=None
[2026-09-25T16:19:00.953+0000] {logging_mixin.py:190} INFO - [2026-09-25T16:19:00.953+0000] {dag.py:4180} INFO - Setting next_dagrun for example_external_task_marker_parent to None, run_after=None
[2026-09-25T16:19:04.371+0000] {processor.py:208} INFO - Processing /home/airflow/.local/lib/python3.12/site-packages/airflow/example_dags/example_external_task_marker_dag.py took 5.168 seconds
[2026-09-25T16:21:03.590+0000] {processor.py:186} INFO - Started process (PID=328) to work on /home/airflow/.local/lib/python3.12/site-packages/airflow/example_dags/example_external_task_marker_dag.py
[2026-09-25T16:21:03.595+0000] {processor.py:914} INFO - Processing file /home/airflow/.local/lib/python3.12/site-packages/airflow/example_dags/example_external_task_marker_dag.py for tasks to queue
[2026-09-25T16:21:03.613+0000] {logging_mixin.py:190} INFO - [2026-09-25T16:21:03.612+0000] {dagbag.py:588} INFO - Filling up the DagBag from /home/airflow/.local/lib/python3.12/site-packages/airflow/example_dags/example_external_task_marker_dag.py
[2026-09-25T16:21:03.654+0000] {processor.py:925} INFO - DAG(s) 'example_external_task_marker_parent', 'example_external_task_marker_child' retrieved from /home/airflow/.local/lib/python3.12/site-packages/airflow/example_dags/example_external_task_marker_dag.py
[2026-09-25T16:21:03.861+0000] {logging_mixin.py:190} INFO - [2026-09-25T16:21:03.861+0000] {dag.py:3239} INFO - Sync 2 DAGs
[2026-09-25T16:21:03.981+0000] {logging_mixin.py:190} INFO - [2026-09-25T16:21:03.976+0000] {dag.py:4180} INFO - Setting next_dagrun for example_external_task_marker_child to None, run_after=None
[2026-09-25T16:21:04.015+0000] {logging_mixin.py:190} INFO - [2026-09-25T16:21:04.014+0000] {dag.py:4180} INFO - Setting next_dagrun for example_external_task_marker_parent to None, run_after=None
[2026-09-25T16:21:04.197+0000] {processor.py:208} INFO - Processing /home/airflow/.local/lib/python3.12/site-packages/airflow/example_dags/example_external_task_marker_dag.py took 0.761 seconds
[2026-09-25T16:21:53.505+0000] {processor.py:186} INFO - Started process (PID=391) to work on /home/airflow/.local/lib/python3.12/site-packages/airflow/example_dags/example_external_task_marker_dag.py
[2026-09-25T16:21:53.617+0000] {processor.py:914} INFO - Processing file /home/airflow/.local/lib/python3.12/site-packages/airflow/example_dags/example_external_task_marker_dag.py for tasks to queue
[2026-09-25T16:21:53.867+0000] {logging_mixin.py:190} INFO - [2026-09-25T16:21:53.866+0000] {dagbag.py:588} INFO - Filling up the DagBag from /home/airflow/.local/lib/python3.12/site-packages/airflow/example_dags/example_external_task_marker_dag.py
[2026-09-25T16:21:53.978+0000] {processor.py:925} INFO - DAG(s) 'example_external_task_marker_parent', 'example_external_task_marker_child' retrieved from /home/airflow/.local/lib/python3.12/site-packages/airflow/example_dags/example_external_task_marker_dag.py
[2026-09-25T16:21:54.900+0000] {logging_mixin.py:190} INFO - [2026-09-25T16:21:54.865+0000] {dag.py:3239} INFO - Sync 2 DAGs
[2026-09-25T16:21:55.381+0000] {logging_mixin.py:190} INFO - [2026-09-25T16:21:55.376+0000] {dag.py:4180} INFO - Setting next_dagrun for example_external_task_marker_child to None, run_after=None
[2026-09-25T16:21:55.559+0000] {logging_mixin.py:190} INFO - [2026-09-25T16:21:55.559+0000] {dag.py:4180} INFO - Setting next_dagrun for example_external_task_marker_parent to None, run_after=None
[2026-09-25T16:21:57.271+0000] {processor.py:208} INFO - Processing /home/airflow/.local/lib/python3.12/site-packages/airflow/example_dags/example_external_task_marker_dag.py took 6.707 seconds
[2026-09-25T16:22:55.694+0000] {processor.py:186} INFO - Started process (PID=449) to work on /home/airflow/.local/lib/python3.12/site-packages/airflow/example_dags/example_external_task_marker_dag.py
[2026-09-25T16:22:55.698+0000] {processor.py:914} INFO - Processing file /home/airflow/.local/lib/python3.12/site-packages/airflow/example_dags/example_external_task_marker_dag.py for tasks to queue
[2026-09-25T16:22:55.726+0000] {logging_mixin.py:190} INFO - [2026-09-25T16:22:55.725+0000] {dagbag.py:588} INFO - Filling up the DagBag from /home/airflow/.local/lib/python3.12/site-packages/airflow/example_dags/example_external_task_marker_dag.py
[2026-09-25T16:22:55.786+0000] {processor.py:925} INFO - DAG(s) 'example_external_task_marker_child', 'example_external_task_marker_parent' retrieved from /home/airflow/.local/lib/python3.12/site-packages/airflow/example_dags/example_external_task_marker_dag.py
[2026-09-25T16:22:55.940+0000] {logging_mixin.py:190} INFO - [2026-09-25T16:22:55.940+0000] {dag.py:3239} INFO - Sync 2 DAGs
[2026-09-25T16:22:55.993+0000] {logging_mixin.py:190} INFO - [2026-09-25T16:22:55.993+0000] {dag.py:4180} INFO - Setting next_dagrun for example_external_task_marker_child to None, run_after=None
[2026-09-25T16:22:56.007+0000] {logging_mixin.py:190} INFO - [2026-09-25T16:22:56.007+0000] {dag.py:4180} INFO - Setting next_dagrun for example_external_task_marker_parent to None, run_after=None
[2026-09-25T16:22:56.115+0000] {processor.py:208} INFO - Processing /home/airflow/.local/lib/python3.12/site-packages/airflow/example_dags/example_external_task_marker_dag.py took 0.392 seconds
[2026-09-25T16:23:27.865+0000] {processor.py:186} INFO - Started process (PID=512) to work on /home/airflow/.local/lib/python3.12/site-packages/airflow/example_dags/example_external_task_marker_dag.py
[2026-09-25T16:23:27.868+0000] {processor.py:914} INFO - Processing file /home/airflow/.local/lib/python3.12/site-packages/airflow/example_dags/example_external_task_marker_dag.py for tasks to queue
[2026-09-25T16:23:27.880+0000] {logging_mixin.py:190} INFO - [2026-09-25T16:23:27.880+0000] {dagbag.py:588} INFO - Filling up the DagBag from /home/airflow/.local/lib/python3.12/site-packages/airflow/example_dags/example_external_task_marker_dag.py
[2026-09-25T16:23:27.943+0000] {processor.py:925} INFO - DAG(s) 'example_external_task_marker_parent', 'example_external_task_marker_child' retrieved from /home/airflow/.local/lib/python3.12/site-packages/airflow/example_dags/example_external_task_marker_dag.py
[2026-09-25T16:23:28.113+0000] {logging_mixin.py:190} INFO - [2026-09-25T16:23:28.112+0000] {dag.py:3239} INFO - Sync 2 DAGs
[2026-09-25T16:23:28.198+0000] {logging_mixin.py:190} INFO - [2026-09-25T16:23:28.198+0000] {dag.py:4180} INFO - Setting next_dagrun for example_external_task_marker_child to None, run_after=None
[2026-09-25T16:23:28.230+0000] {logging_mixin.py:190} INFO - [2026-09-25T16:23:28.230+0000] {dag.py:4180} INFO - Setting next_dagrun for example_external_task_marker_parent to None, run_after=None
[2026-09-25T16:23:28.362+0000] {processor.py:208} INFO - Processing /home/airflow/.local/lib/python3.12/site-packages/airflow/example_dags/example_external_task_marker_dag.py took 0.566 seconds
[2026-09-25T16:24:05.706+0000] {processor.py:186} INFO - Started process (PID=575) to work on /home/airflow/.local/lib/python3.12/site-packages/airflow/example_dags/example_external_task_marker_dag.py
[2026-09-25T16:24:05.710+0000] {processor.py:914} INFO - Processing file /home/airflow/.local/lib/python3.12/site-packages/airflow/example_dags/example_external_task_marker_dag.py for tasks to queue
[2026-09-25T16:24:05.718+0000] {logging_mixin.py:190} INFO - [2026-09-25T16:24:05.716+0000] {dagbag.py:588} INFO - Filling up the DagBag from /home/airflow/.local/lib/python3.12/site-packages/airflow/example_dags/example_external_task_marker_dag.py
[2026-09-25T16:24:05.743+0000] {processor.py:925} INFO - DAG(s) 'example_external_task_marker_child', 'example_external_task_marker_parent' retrieved from /home/airflow/.local/lib/python3.12/site-packages/airflow/example_dags/example_external_task_marker_dag.py
[2026-09-25T16:24:05.818+0000] {logging_mixin.py:190} INFO - [2026-09-25T16:24:05.818+0000] {dag.py:3239} INFO - Sync 2 DAGs
[2026-09-25T16:24:06.013+0000] {logging_mixin.py:190} INFO - [2026-09-25T16:24:05.990+0000] {dag.py:4180} INFO - Setting next_dagrun for example_external_task_marker_child to None, run_after=None
[2026-09-25T16:24:06.030+0000] {logging_mixin.py:190} INFO - [2026-09-25T16:24:06.030+0000] {dag.py:4180} INFO - Setting next_dagrun for example_external_task_marker_parent to None, run_after=None
[2026-09-25T16:24:06.134+0000] {processor.py:208} INFO - Processing /home/airflow/.local/lib/python3.12/site-packages/airflow/example_dags/example_external_task_marker_dag.py took 0.459 seconds
[2026-09-25T16:24:49.626+0000] {processor.py:186} INFO - Started process (PID=643) to work on /home/airflow/.local/lib/python3.12/site-packages/airflow/example_dags/example_external_task_marker_dag.py
[2026-09-25T16:24:49.628+0000] {processor.py:914} INFO - Processing file /home/airflow/.local/lib/python3.12/site-packages/airflow/example_dags/example_external_task_marker_dag.py for tasks to queue
[2026-09-25T16:24:49.634+0000] {logging_mixin.py:190} INFO - [2026-09-25T16:24:49.633+0000] {dagbag.py:588} INFO - Filling up the DagBag from /home/airflow/.local/lib/python3.12/site-packages/airflow/example_dags/example_external_task_marker_dag.py
[2026-09-25T16:24:49.671+0000] {processor.py:925} INFO - DAG(s) 'example_external_task_marker_parent', 'example_external_task_marker_child' retrieved from /home/airflow/.local/lib/python3.12/site-packages/airflow/example_dags/example_external_task_marker_dag.py
[2026-09-25T16:24:49.773+0000] {logging_mixin.py:190} INFO - [2026-09-25T16:24:49.772+0000] {dag.py:3239} INFO - Sync 2 DAGs
[2026-09-25T16:24:49.829+0000] {logging_mixin.py:190} INFO - [2026-09-25T16:24:49.828+0000] {dag.py:4180} INFO - Setting next_dagrun for example_external_task_marker_child to None, run_after=None
[2026-09-25T16:24:49.838+0000] {logging_mixin.py:190} INFO - [2026-09-25T16:24:49.837+0000] {dag.py:4180} INFO - Setting next_dagrun for example_external_task_marker_parent to None, run_after=None
[2026-09-25T16:24:49.917+0000] {processor.py:208} INFO - Processing /home/airflow/.local/lib/python3.12/site-packages/airflow/example_dags/example_external_task_marker_dag.py took 0.306 seconds
[2026-09-25T16:25:21.814+0000] {processor.py:186} INFO - Started process (PID=706) to work on /home/airflow/.local/lib/python3.12/site-packages/airflow/example_dags/example_external_task_marker_dag.py
[2026-09-25T16:25:21.816+0000] {processor.py:914} INFO - Processing file /home/airflow/.local/lib/python3.12/site-packages/airflow/example_dags/example_external_task_marker_dag.py for tasks to queue
[2026-09-25T16:25:21.829+0000] {logging_mixin.py:190} INFO - [2026-09-25T16:25:21.823+0000] {dagbag.py:588} INFO - Filling up the DagBag from /home/airflow/.local/lib/python3.12/site-packages/airflow/example_dags/example_external_task_marker_dag.py
[2026-09-25T16:25:21.888+0000] {processor.py:925} INFO - DAG(s) 'example_external_task_marker_child', 'example_external_task_marker_parent' retrieved from /home/airflow/.local/lib/python3.12/site-packages/airflow/example_dags/example_external_task_marker_dag.py
[2026-09-25T16:25:22.009+0000] {logging_mixin.py:190} INFO - [2026-09-25T16:25:22.009+0000] {dag.py:3239} INFO - Sync 2 DAGs
[2026-09-25T16:25:22.083+0000] {logging_mixin.py:190} INFO - [2026-09-25T16:25:22.082+0000] {dag.py:4180} INFO - Setting next_dagrun for example_external_task_marker_child to None, run_after=None
[2026-09-25T16:25:22.114+0000] {logging_mixin.py:190} INFO - [2026-09-25T16:25:22.114+0000] {dag.py:4180} INFO - Setting next_dagrun for example_external_task_marker_parent to None, run_after=None
[2026-09-25T16:25:22.171+0000] {processor.py:208} INFO - Processing /home/airflow/.local/lib/python3.12/site-packages/airflow/example_dags/example_external_task_marker_dag.py took 0.396 seconds
[2026-09-25T16:26:00.923+0000] {processor.py:186} INFO - Started process (PID=770) to work on /home/airflow/.local/lib/python3.12/site-packages/airflow/example_dags/example_external_task_marker_dag.py
[2026-09-25T16:26:00.931+0000] {processor.py:914} INFO - Processing file /home/airflow/.local/lib/python3.12/site-packages/airflow/example_dags/example_external_task_marker_dag.py for tasks to queue
[2026-09-25T16:26:00.960+0000] {logging_mixin.py:190} INFO - [2026-09-25T16:26:00.960+0000] {dagbag.py:588} INFO - Filling up the DagBag from /home/airflow/.local/lib/python3.12/site-packages/airflow/example_dags/example_external_task_marker_dag.py
[2026-09-25T16:26:01.089+0000] {processor.py:925} INFO - DAG(s) 'example_external_task_marker_parent', 'example_external_task_marker_child' retrieved from /home/airflow/.local/lib/python3.12/site-packages/airflow/example_dags/example_external_task_marker_dag.py
[2026-09-25T16:26:01.312+0000] {logging_mixin.py:190} INFO - [2026-09-25T16:26:01.302+0000] {dag.py:3239} INFO - Sync 2 DAGs
[2026-09-25T16:26:01.532+0000] {logging_mixin.py:190} INFO - [2026-09-25T16:26:01.531+0000] {dag.py:4180} INFO - Setting next_dagrun for example_external_task_marker_child to None, run_after=None
[2026-09-25T16:26:01.621+0000] {logging_mixin.py:190} INFO - [2026-09-25T16:26:01.619+0000] {dag.py:4180} INFO - Setting next_dagrun for example_external_task_marker_parent to None, run_after=None
[2026-09-25T16:26:01.802+0000] {processor.py:208} INFO - Processing /home/airflow/.local/lib/python3.12/site-packages/airflow/example_dags/example_external_task_marker_dag.py took 0.929 seconds
[2026-09-25T16:26:32.125+0000] {processor.py:186} INFO - Started process (PID=832) to work on /home/airflow/.local/lib/python3.12/site-packages/airflow/example_dags/example_external_task_marker_dag.py
[2026-09-25T16:26:32.128+0000] {processor.py:914} INFO - Processing file /home/airflow/.local/lib/python3.12/site-packages/airflow/example_dags/example_external_task_marker_dag.py for tasks to queue
[2026-09-25T16:26:32.134+0000] {logging_mixin.py:190} INFO - [2026-09-25T16:26:32.134+0000] {dagbag.py:588} INFO - Filling up the DagBag from /home/airflow/.local/lib/python3.12/site-packages/airflow/example_dags/example_external_task_marker_dag.py
[2026-09-25T16:26:32.153+0000] {processor.py:925} INFO - DAG(s) 'example_external_task_marker_parent', 'example_external_task_marker_child' retrieved from /home/airflow/.local/lib/python3.12/site-packages/airflow/example_dags/example_external_task_marker_dag.py
[2026-09-25T16:26:32.205+0000] {logging_mixin.py:190} INFO - [2026-09-25T16:26:32.205+0000] {dag.py:3239} INFO - Sync 2 DAGs
[2026-09-25T16:26:32.242+0000] {logging_mixin.py:190} INFO - [2026-09-25T16:26:32.241+0000] {dag.py:4180} INFO - Setting next_dagrun for example_external_task_marker_child to None, run_after=None
[2026-09-25T16:26:32.270+0000] {logging_mixin.py:190} INFO - [2026-09-25T16:26:32.269+0000] {dag.py:4180} INFO - Setting next_dagrun for example_external_task_marker_parent to None, run_after=None
[2026-09-25T16:26:32.319+0000] {processor.py:208} INFO - Processing /home/airflow/.local/lib/python3.12/site-packages/airflow/example_dags/example_external_task_marker_dag.py took 0.219 seconds
[2026-09-25T16:27:12.361+0000] {processor.py:186} INFO - Started process (PID=900) to work on /home/airflow/.local/lib/python3.12/site-packages/airflow/example_dags/example_external_task_marker_dag.py
[2026-09-25T16:27:12.363+0000] {processor.py:914} INFO - Processing file /home/airflow/.local/lib/python3.12/site-packages/airflow/example_dags/example_external_task_marker_dag.py for tasks to queue
[2026-09-25T16:27:12.368+0000] {logging_mixin.py:190} INFO - [2026-09-25T16:27:12.367+0000] {dagbag.py:588} INFO - Filling up the DagBag from /home/airflow/.local/lib/python3.12/site-packages/airflow/example_dags/example_external_task_marker_dag.py
[2026-09-25T16:27:12.401+0000] {processor.py:925} INFO - DAG(s) 'example_external_task_marker_child', 'example_external_task_marker_parent' retrieved from /home/airflow/.local/lib/python3.12/site-packages/airflow/example_dags/example_external_task_marker_dag.py
[2026-09-25T16:27:12.471+0000] {logging_mixin.py:190} INFO - [2026-09-25T16:27:12.470+0000] {dag.py:3239} INFO - Sync 2 DAGs
[2026-09-25T16:27:12.505+0000] {logging_mixin.py:190} INFO - [2026-09-25T16:27:12.505+0000] {dag.py:4180} INFO - Setting next_dagrun for example_external_task_marker_child to None, run_after=None
[2026-09-25T16:27:12.513+0000] {logging_mixin.py:190} INFO - [2026-09-25T16:27:12.512+0000] {dag.py:4180} INFO - Setting next_dagrun for example_external_task_marker_parent to None, run_after=None
[2026-09-25T16:27:12.552+0000] {processor.py:208} INFO - Processing /home/airflow/.local/lib/python3.12/site-packages/airflow/example_dags/example_external_task_marker_dag.py took 0.205 seconds
[2026-09-25T16:28:17.413+0000] {processor.py:186} INFO - Started process (PID=988) to work on /home/airflow/.local/lib/python3.12/site-packages/airflow/example_dags/example_external_task_marker_dag.py
[2026-09-25T16:28:17.417+0000] {processor.py:914} INFO - Processing file /home/airflow/.local/lib/python3.12/site-packages/airflow/example_dags/example_external_task_marker_dag.py for tasks to queue
[2026-09-25T16:28:17.436+0000] {logging_mixin.py:190} INFO - [2026-09-25T16:28:17.429+0000] {dagbag.py:588} INFO - Filling up the DagBag from /home/airflow/.local/lib/python3.12/site-packages/airflow/example_dags/example_external_task_marker_dag.py
[2026-09-25T16:28:17.509+0000] {processor.py:925} INFO - DAG(s) 'example_external_task_marker_child', 'example_external_task_marker_parent' retrieved from /home/airflow/.local/lib/python3.12/site-packages/airflow/example_dags/example_external_task_marker_dag.py
[2026-09-25T16:28:17.735+0000] {logging_mixin.py:190} INFO - [2026-09-25T16:28:17.735+0000] {dag.py:3239} INFO - Sync 2 DAGs
[2026-09-25T16:28:17.838+0000] {logging_mixin.py:190} INFO - [2026-09-25T16:28:17.837+0000] {dag.py:4180} INFO - Setting next_dagrun for example_external_task_marker_child to None, run_after=None
[2026-09-25T16:28:17.869+0000] {logging_mixin.py:190} INFO - [2026-09-25T16:28:17.868+0000] {dag.py:4180} INFO - Setting next_dagrun for example_external_task_marker_parent to None, run_after=None
[2026-09-25T16:28:17.931+0000] {processor.py:208} INFO - Processing /home/airflow/.local/lib/python3.12/site-packages/airflow/example_dags/example_external_task_marker_dag.py took 0.547 seconds
[2026-09-25T16:29:05.687+0000] {processor.py:186} INFO - Started process (PID=1060) to work on /home/airflow/.local/lib/python3.12/site-packages/airflow/example_dags/example_external_task_marker_dag.py
[2026-09-25T16:29:05.705+0000] {processor.py:914} INFO - Processing file /home/airflow/.local/lib/python3.12/site-packages/airflow/example_dags/example_external_task_marker_dag.py for tasks to queue
[2026-09-25T16:29:05.718+0000] {logging_mixin.py:190} INFO - [2026-09-25T16:29:05.717+0000] {dagbag.py:588} INFO - Filling up the DagBag from /home/airflow/.local/lib/python3.12/site-packages/airflow/example_dags/example_external_task_marker_dag.py
[2026-09-25T16:29:05.997+0000] {processor.py:925} INFO - DAG(s) 'example_external_task_marker_child', 'example_external_task_marker_parent' retrieved from /home/airflow/.local/lib/python3.12/site-packages/airflow/example_dags/example_external_task_marker_dag.py
[2026-09-25T16:29:06.336+0000] {logging_mixin.py:190} INFO - [2026-09-25T16:29:06.331+0000] {dag.py:3239} INFO - Sync 2 DAGs
[2026-09-25T16:29:06.485+0000] {logging_mixin.py:190} INFO - [2026-09-25T16:29:06.484+0000] {dag.py:4180} INFO - Setting next_dagrun for example_external_task_marker_child to None, run_after=None
[2026-09-25T16:29:06.514+0000] {logging_mixin.py:190} INFO - [2026-09-25T16:29:06.513+0000] {dag.py:4180} INFO - Setting next_dagrun for example_external_task_marker_parent to None, run_after=None
[2026-09-25T16:29:06.577+0000] {processor.py:208} INFO - Processing /home/airflow/.local/lib/python3.12/site-packages/airflow/example_dags/example_external_task_marker_dag.py took 0.989 seconds
[2026-09-25T16:43:50.826+0000] {processor.py:186} INFO - Started process (PID=99) to work on /home/airflow/.local/lib/python3.12/site-packages/airflow/example_dags/example_external_task_marker_dag.py
[2026-09-25T16:43:50.829+0000] {processor.py:914} INFO - Processing file /home/airflow/.local/lib/python3.12/site-packages/airflow/example_dags/example_external_task_marker_dag.py for tasks to queue
[2026-09-25T16:43:50.835+0000] {logging_mixin.py:190} INFO - [2026-09-25T16:43:50.834+0000] {dagbag.py:588} INFO - Filling up the DagBag from /home/airflow/.local/lib/python3.12/site-packages/airflow/example_dags/example_external_task_marker_dag.py
[2026-09-25T16:43:50.861+0000] {processor.py:925} INFO - DAG(s) 'example_external_task_marker_parent', 'example_external_task_marker_child' retrieved from /home/airflow/.local/lib/python3.12/site-packages/airflow/example_dags/example_external_task_marker_dag.py
[2026-09-25T16:43:50.994+0000] {logging_mixin.py:190} INFO - [2026-09-25T16:43:50.989+0000] {dag.py:3239} INFO - Sync 2 DAGs
[2026-09-25T16:43:51.110+0000] {logging_mixin.py:190} INFO - [2026-09-25T16:43:51.109+0000] {dag.py:4180} INFO - Setting next_dagrun for example_external_task_marker_child to None, run_after=None
[2026-09-25T16:43:51.138+0000] {logging_mixin.py:190} INFO - [2026-09-25T16:43:51.137+0000] {dag.py:4180} INFO - Setting next_dagrun for example_external_task_marker_parent to None, run_after=None
[2026-09-25T16:43:51.280+0000] {processor.py:208} INFO - Processing /home/airflow/.local/lib/python3.12/site-packages/airflow/example_dags/example_external_task_marker_dag.py took 0.470 seconds
[2026-09-25T16:44:24.439+0000] {processor.py:186} INFO - Started process (PID=162) to work on /home/airflow/.local/lib/python3.12/site-packages/airflow/example_dags/example_external_task_marker_dag.py
[2026-09-25T16:44:24.464+0000] {processor.py:914} INFO - Processing file /home/airflow/.local/lib/python3.12/site-packages/airflow/example_dags/example_external_task_marker_dag.py for tasks to queue
[2026-09-25T16:44:24.544+0000] {logging_mixin.py:190} INFO - [2026-09-25T16:44:24.542+0000] {dagbag.py:588} INFO - Filling up the DagBag from /home/airflow/.local/lib/python3.12/site-packages/airflow/example_dags/example_external_task_marker_dag.py
[2026-09-25T16:44:24.687+0000] {processor.py:925} INFO - DAG(s) 'example_external_task_marker_child', 'example_external_task_marker_parent' retrieved from /home/airflow/.local/lib/python3.12/site-packages/airflow/example_dags/example_external_task_marker_dag.py
[2026-09-25T16:44:25.140+0000] {logging_mixin.py:190} INFO - [2026-09-25T16:44:25.140+0000] {dag.py:3239} INFO - Sync 2 DAGs
[2026-09-25T16:44:25.214+0000] {logging_mixin.py:190} INFO - [2026-09-25T16:44:25.213+0000] {dag.py:4180} INFO - Setting next_dagrun for example_external_task_marker_child to None, run_after=None
[2026-09-25T16:44:25.233+0000] {logging_mixin.py:190} INFO - [2026-09-25T16:44:25.233+0000] {dag.py:4180} INFO - Setting next_dagrun for example_external_task_marker_parent to None, run_after=None
[2026-09-25T16:44:25.346+0000] {processor.py:208} INFO - Processing /home/airflow/.local/lib/python3.12/site-packages/airflow/example_dags/example_external_task_marker_dag.py took 1.164 seconds
[2026-09-25T16:44:58.717+0000] {processor.py:186} INFO - Started process (PID=225) to work on /home/airflow/.local/lib/python3.12/site-packages/airflow/example_dags/example_external_task_marker_dag.py
[2026-09-25T16:44:58.734+0000] {processor.py:914} INFO - Processing file /home/airflow/.local/lib/python3.12/site-packages/airflow/example_dags/example_external_task_marker_dag.py for tasks to queue
[2026-09-25T16:44:58.740+0000] {logging_mixin.py:190} INFO - [2026-09-25T16:44:58.739+0000] {dagbag.py:588} INFO - Filling up the DagBag from /home/airflow/.local/lib/python3.12/site-packages/airflow/example_dags/example_external_task_marker_dag.py
[2026-09-25T16:44:58.866+0000] {processor.py:925} INFO - DAG(s) 'example_external_task_marker_parent', 'example_external_task_marker_child' retrieved from /home/airflow/.local/lib/python3.12/site-packages/airflow/example_dags/example_external_task_marker_dag.py
[2026-09-25T16:44:59.299+0000] {logging_mixin.py:190} INFO - [2026-09-25T16:44:59.299+0000] {dag.py:3239} INFO - Sync 2 DAGs
[2026-09-25T16:44:59.586+0000] {logging_mixin.py:190} INFO - [2026-09-25T16:44:59.585+0000] {dag.py:4180} INFO - Setting next_dagrun for example_external_task_marker_child to None, run_after=None
[2026-09-25T16:44:59.672+0000] {logging_mixin.py:190} INFO - [2026-09-25T16:44:59.671+0000] {dag.py:4180} INFO - Setting next_dagrun for example_external_task_marker_parent to None, run_after=None
[2026-09-25T16:44:59.965+0000] {processor.py:208} INFO - Processing /home/airflow/.local/lib/python3.12/site-packages/airflow/example_dags/example_external_task_marker_dag.py took 1.309 seconds
[2026-09-25T16:45:30.272+0000] {processor.py:186} INFO - Started process (PID=288) to work on /home/airflow/.local/lib/python3.12/site-packages/airflow/example_dags/example_external_task_marker_dag.py
[2026-09-25T16:45:30.278+0000] {processor.py:914} INFO - Processing file /home/airflow/.local/lib/python3.12/site-packages/airflow/example_dags/example_external_task_marker_dag.py for tasks to queue
[2026-09-25T16:45:30.287+0000] {logging_mixin.py:190} INFO - [2026-09-25T16:45:30.286+0000] {dagbag.py:588} INFO - Filling up the DagBag from /home/airflow/.local/lib/python3.12/site-packages/airflow/example_dags/example_external_task_marker_dag.py
[2026-09-25T16:45:30.307+0000] {processor.py:925} INFO - DAG(s) 'example_external_task_marker_parent', 'example_external_task_marker_child' retrieved from /home/airflow/.local/lib/python3.12/site-packages/airflow/example_dags/example_external_task_marker_dag.py
[2026-09-25T16:45:30.353+0000] {logging_mixin.py:190} INFO - [2026-09-25T16:45:30.353+0000] {dag.py:3239} INFO - Sync 2 DAGs
[2026-09-25T16:45:30.393+0000] {logging_mixin.py:190} INFO - [2026-09-25T16:45:30.392+0000] {dag.py:4180} INFO - Setting next_dagrun for example_external_task_marker_child to None, run_after=None
[2026-09-25T16:45:30.401+0000] {logging_mixin.py:190} INFO - [2026-09-25T16:45:30.401+0000] {dag.py:4180} INFO - Setting next_dagrun for example_external_task_marker_parent to None, run_after=None
[2026-09-25T16:45:30.433+0000] {processor.py:208} INFO - Processing /home/airflow/.local/lib/python3.12/site-packages/airflow/example_dags/example_external_task_marker_dag.py took 0.188 seconds
[2026-09-25T16:46:02.926+0000] {processor.py:186} INFO - Started process (PID=349) to work on /home/airflow/.local/lib/python3.12/site-packages/airflow/example_dags/example_external_task_marker_dag.py
[2026-09-25T16:46:02.937+0000] {processor.py:914} INFO - Processing file /home/airflow/.local/lib/python3.12/site-packages/airflow/example_dags/example_external_task_marker_dag.py for tasks to queue
[2026-09-25T16:46:03.117+0000] {logging_mixin.py:190} INFO - [2026-09-25T16:46:03.103+0000] {dagbag.py:588} INFO - Filling up the DagBag from /home/airflow/.local/lib/python3.12/site-packages/airflow/example_dags/example_external_task_marker_dag.py
[2026-09-25T16:46:03.224+0000] {processor.py:925} INFO - DAG(s) 'example_external_task_marker_parent', 'example_external_task_marker_child' retrieved from /home/airflow/.local/lib/python3.12/site-packages/airflow/example_dags/example_external_task_marker_dag.py
[2026-09-25T16:46:04.144+0000] {logging_mixin.py:190} INFO - [2026-09-25T16:46:04.143+0000] {dag.py:3239} INFO - Sync 2 DAGs
[2026-09-25T16:46:04.443+0000] {logging_mixin.py:190} INFO - [2026-09-25T16:46:04.442+0000] {dag.py:4180} INFO - Setting next_dagrun for example_external_task_marker_child to None, run_after=None
[2026-09-25T16:46:04.483+0000] {logging_mixin.py:190} INFO - [2026-09-25T16:46:04.482+0000] {dag.py:4180} INFO - Setting next_dagrun for example_external_task_marker_parent to None, run_after=None
[2026-09-25T16:46:04.623+0000] {processor.py:208} INFO - Processing /home/airflow/.local/lib/python3.12/site-packages/airflow/example_dags/example_external_task_marker_dag.py took 1.795 seconds
[2026-09-25T16:46:35.373+0000] {processor.py:186} INFO - Started process (PID=417) to work on /home/airflow/.local/lib/python3.12/site-packages/airflow/example_dags/example_external_task_marker_dag.py
[2026-09-25T16:46:35.376+0000] {processor.py:914} INFO - Processing file /home/airflow/.local/lib/python3.12/site-packages/airflow/example_dags/example_external_task_marker_dag.py for tasks to queue
[2026-09-25T16:46:35.380+0000] {logging_mixin.py:190} INFO - [2026-09-25T16:46:35.380+0000] {dagbag.py:588} INFO - Filling up the DagBag from /home/airflow/.local/lib/python3.12/site-packages/airflow/example_dags/example_external_task_marker_dag.py
[2026-09-25T16:46:35.399+0000] {processor.py:925} INFO - DAG(s) 'example_external_task_marker_parent', 'example_external_task_marker_child' retrieved from /home/airflow/.local/lib/python3.12/site-packages/airflow/example_dags/example_external_task_marker_dag.py
[2026-09-25T16:46:35.447+0000] {logging_mixin.py:190} INFO - [2026-09-25T16:46:35.446+0000] {dag.py:3239} INFO - Sync 2 DAGs
[2026-09-25T16:46:35.480+0000] {logging_mixin.py:190} INFO - [2026-09-25T16:46:35.479+0000] {dag.py:4180} INFO - Setting next_dagrun for example_external_task_marker_child to None, run_after=None
[2026-09-25T16:46:35.488+0000] {logging_mixin.py:190} INFO - [2026-09-25T16:46:35.488+0000] {dag.py:4180} INFO - Setting next_dagrun for example_external_task_marker_parent to None, run_after=None
[2026-09-25T16:46:35.530+0000] {processor.py:208} INFO - Processing /home/airflow/.local/lib/python3.12/site-packages/airflow/example_dags/example_external_task_marker_dag.py took 0.169 seconds
[2026-09-25T16:47:06.145+0000] {processor.py:186} INFO - Started process (PID=479) to work on /home/airflow/.local/lib/python3.12/site-packages/airflow/example_dags/example_external_task_marker_dag.py
[2026-09-25T16:47:06.149+0000] {processor.py:914} INFO - Processing file /home/airflow/.local/lib/python3.12/site-packages/airflow/example_dags/example_external_task_marker_dag.py for tasks to queue
[2026-09-25T16:47:06.157+0000] {logging_mixin.py:190} INFO - [2026-09-25T16:47:06.156+0000] {dagbag.py:588} INFO - Filling up the DagBag from /home/airflow/.local/lib/python3.12/site-packages/airflow/example_dags/example_external_task_marker_dag.py
[2026-09-25T16:47:06.196+0000] {processor.py:925} INFO - DAG(s) 'example_external_task_marker_child', 'example_external_task_marker_parent' retrieved from /home/airflow/.local/lib/python3.12/site-packages/airflow/example_dags/example_external_task_marker_dag.py
[2026-09-25T16:47:06.260+0000] {logging_mixin.py:190} INFO - [2026-09-25T16:47:06.259+0000] {dag.py:3239} INFO - Sync 2 DAGs
[2026-09-25T16:47:06.301+0000] {logging_mixin.py:190} INFO - [2026-09-25T16:47:06.301+0000] {dag.py:4180} INFO - Setting next_dagrun for example_external_task_marker_child to None, run_after=None
[2026-09-25T16:47:06.316+0000] {logging_mixin.py:190} INFO - [2026-09-25T16:47:06.315+0000] {dag.py:4180} INFO - Setting next_dagrun for example_external_task_marker_parent to None, run_after=None
[2026-09-25T16:47:06.359+0000] {processor.py:208} INFO - Processing /home/airflow/.local/lib/python3.12/site-packages/airflow/example_dags/example_external_task_marker_dag.py took 0.229 seconds
[2026-09-25T16:47:59.354+0000] {processor.py:186} INFO - Started process (PID=547) to work on /home/airflow/.local/lib/python3.12/site-packages/airflow/example_dags/example_external_task_marker_dag.py
[2026-09-25T16:47:59.602+0000] {processor.py:914} INFO - Processing file /home/airflow/.local/lib/python3.12/site-packages/airflow/example_dags/example_external_task_marker_dag.py for tasks to queue
[2026-09-25T16:47:59.643+0000] {logging_mixin.py:190} INFO - [2026-09-25T16:47:59.632+0000] {dagbag.py:588} INFO - Filling up the DagBag from /home/airflow/.local/lib/python3.12/site-packages/airflow/example_dags/example_external_task_marker_dag.py
[2026-09-25T16:47:59.714+0000] {processor.py:925} INFO - DAG(s) 'example_external_task_marker_child', 'example_external_task_marker_parent' retrieved from /home/airflow/.local/lib/python3.12/site-packages/airflow/example_dags/example_external_task_marker_dag.py
[2026-09-25T16:47:59.818+0000] {logging_mixin.py:190} INFO - [2026-09-25T16:47:59.817+0000] {dag.py:3239} INFO - Sync 2 DAGs
[2026-09-25T16:47:59.896+0000] {logging_mixin.py:190} INFO - [2026-09-25T16:47:59.896+0000] {dag.py:4180} INFO - Setting next_dagrun for example_external_task_marker_child to None, run_after=None
[2026-09-25T16:47:59.908+0000] {logging_mixin.py:190} INFO - [2026-09-25T16:47:59.907+0000] {dag.py:4180} INFO - Setting next_dagrun for example_external_task_marker_parent to None, run_after=None
[2026-09-25T16:47:59.970+0000] {processor.py:208} INFO - Processing /home/airflow/.local/lib/python3.12/site-packages/airflow/example_dags/example_external_task_marker_dag.py took 0.633 seconds
[2026-09-25T16:48:33.402+0000] {processor.py:186} INFO - Started process (PID=609) to work on /home/airflow/.local/lib/python3.12/site-packages/airflow/example_dags/example_external_task_marker_dag.py
[2026-09-25T16:48:33.405+0000] {processor.py:914} INFO - Processing file /home/airflow/.local/lib/python3.12/site-packages/airflow/example_dags/example_external_task_marker_dag.py for tasks to queue
[2026-09-25T16:48:33.410+0000] {logging_mixin.py:190} INFO - [2026-09-25T16:48:33.409+0000] {dagbag.py:588} INFO - Filling up the DagBag from /home/airflow/.local/lib/python3.12/site-packages/airflow/example_dags/example_external_task_marker_dag.py
[2026-09-25T16:48:33.427+0000] {processor.py:925} INFO - DAG(s) 'example_external_task_marker_child', 'example_external_task_marker_parent' retrieved from /home/airflow/.local/lib/python3.12/site-packages/airflow/example_dags/example_external_task_marker_dag.py
[2026-09-25T16:48:33.483+0000] {logging_mixin.py:190} INFO - [2026-09-25T16:48:33.482+0000] {dag.py:3239} INFO - Sync 2 DAGs
[2026-09-25T16:48:33.518+0000] {logging_mixin.py:190} INFO - [2026-09-25T16:48:33.517+0000] {dag.py:4180} INFO - Setting next_dagrun for example_external_task_marker_child to None, run_after=None
[2026-09-25T16:48:33.525+0000] {logging_mixin.py:190} INFO - [2026-09-25T16:48:33.525+0000] {dag.py:4180} INFO - Setting next_dagrun for example_external_task_marker_parent to None, run_after=None
[2026-09-25T16:48:33.563+0000] {processor.py:208} INFO - Processing /home/airflow/.local/lib/python3.12/site-packages/airflow/example_dags/example_external_task_marker_dag.py took 0.175 seconds
[2026-09-25T16:49:07.258+0000] {processor.py:186} INFO - Started process (PID=678) to work on /home/airflow/.local/lib/python3.12/site-packages/airflow/example_dags/example_external_task_marker_dag.py
[2026-09-25T16:49:07.260+0000] {processor.py:914} INFO - Processing file /home/airflow/.local/lib/python3.12/site-packages/airflow/example_dags/example_external_task_marker_dag.py for tasks to queue
[2026-09-25T16:49:07.266+0000] {logging_mixin.py:190} INFO - [2026-09-25T16:49:07.266+0000] {dagbag.py:588} INFO - Filling up the DagBag from /home/airflow/.local/lib/python3.12/site-packages/airflow/example_dags/example_external_task_marker_dag.py
[2026-09-25T16:49:07.326+0000] {processor.py:925} INFO - DAG(s) 'example_external_task_marker_parent', 'example_external_task_marker_child' retrieved from /home/airflow/.local/lib/python3.12/site-packages/airflow/example_dags/example_external_task_marker_dag.py
[2026-09-25T16:49:07.399+0000] {logging_mixin.py:190} INFO - [2026-09-25T16:49:07.399+0000] {dag.py:3239} INFO - Sync 2 DAGs
[2026-09-25T16:49:07.458+0000] {logging_mixin.py:190} INFO - [2026-09-25T16:49:07.458+0000] {dag.py:4180} INFO - Setting next_dagrun for example_external_task_marker_child to None, run_after=None
[2026-09-25T16:49:07.468+0000] {logging_mixin.py:190} INFO - [2026-09-25T16:49:07.467+0000] {dag.py:4180} INFO - Setting next_dagrun for example_external_task_marker_parent to None, run_after=None
[2026-09-25T16:49:07.514+0000] {processor.py:208} INFO - Processing /home/airflow/.local/lib/python3.12/site-packages/airflow/example_dags/example_external_task_marker_dag.py took 0.278 seconds
