[2026-09-25T16:15:20.608+0000] {processor.py:186} INFO - Started process (PID=87) to work on /home/airflow/.local/lib/python3.12/site-packages/airflow/example_dags/example_params_ui_tutorial.py
[2026-09-25T16:15:20.626+0000] {processor.py:914} INFO - Processing file /home/airflow/.local/lib/python3.12/site-packages/airflow/example_dags/example_params_ui_tutorial.py for tasks to queue
[2026-09-25T16:15:20.673+0000] {logging_mixin.py:190} INFO - [2026-09-25T16:15:20.668+0000] {dagbag.py:588} INFO - Filling up the DagBag from /home/airflow/.local/lib/python3.12/site-packages/airflow/example_dags/example_params_ui_tutorial.py
[2026-09-25T16:15:20.775+0000] {processor.py:925} INFO - DAG(s) 'example_params_ui_tutorial' retrieved from /home/airflow/.local/lib/python3.12/site-packages/airflow/example_dags/example_params_ui_tutorial.py
[2026-09-25T16:15:25.156+0000] {logging_mixin.py:190} INFO - [2026-09-25T16:15:25.155+0000] {dag.py:3239} INFO - Sync 1 DAGs
[2026-09-25T16:15:25.263+0000] {logging_mixin.py:190} INFO - [2026-09-25T16:15:25.263+0000] {dag.py:4180} INFO - Setting next_dagrun for example_params_ui_tutorial to None, run_after=None
[2026-09-25T16:15:25.706+0000] {processor.py:208} INFO - Processing /home/airflow/.local/lib/python3.12/site-packages/airflow/example_dags/example_params_ui_tutorial.py took 5.153 seconds
[2026-09-25T16:17:40.278+0000] {processor.py:186} INFO - Started process (PID=174) to work on /home/airflow/.local/lib/python3.12/site-packages/airflow/example_dags/example_params_ui_tutorial.py
[2026-09-25T16:17:40.284+0000] {processor.py:914} INFO - Processing file /home/airflow/.local/lib/python3.12/site-packages/airflow/example_dags/example_params_ui_tutorial.py for tasks to queue
[2026-09-25T16:17:40.291+0000] {logging_mixin.py:190} INFO - [2026-09-25T16:17:40.290+0000] {dagbag.py:588} INFO - Filling up the DagBag from /home/airflow/.local/lib/python3.12/site-packages/airflow/example_dags/example_params_ui_tutorial.py
[2026-09-25T16:17:40.399+0000] {processor.py:925} INFO - DAG(s) 'example_params_ui_tutorial' retrieved from /home/airflow/.local/lib/python3.12/site-packages/airflow/example_dags/example_params_ui_tutorial.py
[2026-09-25T16:17:41.771+0000] {logging_mixin.py:190} INFO - [2026-09-25T16:17:41.771+0000] {dag.py:3239} INFO - Sync 1 DAGs
[2026-09-25T16:17:42.198+0000] {logging_mixin.py:190} INFO - [2026-09-25T16:17:42.197+0000] {dag.py:4180} INFO - Setting next_dagrun for example_params_ui_tutorial to None, run_after=None
[2026-09-25T16:17:42.698+0000] {processor.py:208} INFO - Processing /home/airflow/.local/lib/python3.12/site-packages/airflow/example_dags/example_params_ui_tutorial.py took 2.509 seconds
[2026-09-25T16:19:27.019+0000] {processor.py:186} INFO - Started process (PID=237) to work on /home/airflow/.local/lib/python3.12/site-packages/airflow/example_dags/example_params_ui_tutorial.py
[2026-09-25T16:19:27.024+0000] {processor.py:914} INFO - Processing file /home/airflow/.local/lib/python3.12/site-packages/airflow/example_dags/example_params_ui_tutorial.py for tasks to queue
[2026-09-25T16:19:27.040+0000] {logging_mixin.py:190} INFO - [2026-09-25T16:19:27.039+0000] {dagbag.py:588} INFO - Filling up the DagBag from /home/airflow/.local/lib/python3.12/site-packages/airflow/example_dags/example_params_ui_tutorial.py
[2026-09-25T16:19:27.228+0000] {processor.py:925} INFO - DAG(s) 'example_params_ui_tutorial' retrieved from /home/airflow/.local/lib/python3.12/site-packages/airflow/example_dags/example_params_ui_tutorial.py
[2026-09-25T16:19:27.760+0000] {logging_mixin.py:190} INFO - [2026-09-25T16:19:27.757+0000] {dag.py:3239} INFO - Sync 1 DAGs
[2026-09-25T16:19:27.924+0000] {logging_mixin.py:190} INFO - [2026-09-25T16:19:27.923+0000] {dag.py:4180} INFO - Setting next_dagrun for example_params_ui_tutorial to None, run_after=None
[2026-09-25T16:19:28.254+0000] {processor.py:208} INFO - Processing /home/airflow/.local/lib/python3.12/site-packages/airflow/example_dags/example_params_ui_tutorial.py took 1.302 seconds
[2026-09-25T16:20:26.970+0000] {processor.py:186} INFO - Started process (PID=294) to work on /home/airflow/.local/lib/python3.12/site-packages/airflow/example_dags/example_params_ui_tutorial.py
[2026-09-25T16:20:26.975+0000] {processor.py:914} INFO - Processing file /home/airflow/.local/lib/python3.12/site-packages/airflow/example_dags/example_params_ui_tutorial.py for tasks to queue
[2026-09-25T16:20:26.982+0000] {logging_mixin.py:190} INFO - [2026-09-25T16:20:26.981+0000] {dagbag.py:588} INFO - Filling up the DagBag from /home/airflow/.local/lib/python3.12/site-packages/airflow/example_dags/example_params_ui_tutorial.py
[2026-09-25T16:20:27.016+0000] {processor.py:925} INFO - DAG(s) 'example_params_ui_tutorial' retrieved from /home/airflow/.local/lib/python3.12/site-packages/airflow/example_dags/example_params_ui_tutorial.py
[2026-09-25T16:20:27.172+0000] {logging_mixin.py:190} INFO - [2026-09-25T16:20:27.165+0000] {dag.py:3239} INFO - Sync 1 DAGs
[2026-09-25T16:20:27.231+0000] {logging_mixin.py:190} INFO - [2026-09-25T16:20:27.231+0000] {dag.py:4180} INFO - Setting next_dagrun for example_params_ui_tutorial to None, run_after=None
[2026-09-25T16:20:27.319+0000] {processor.py:208} INFO - Processing /home/airflow/.local/lib/python3.12/site-packages/airflow/example_dags/example_params_ui_tutorial.py took 0.370 seconds
[2026-09-25T16:21:20.839+0000] {processor.py:186} INFO - Started process (PID=348) to work on /home/airflow/.local/lib/python3.12/site-packages/airflow/example_dags/example_params_ui_tutorial.py
[2026-09-25T16:21:20.843+0000] {processor.py:914} INFO - Processing file /home/airflow/.local/lib/python3.12/site-packages/airflow/example_dags/example_params_ui_tutorial.py for tasks to queue
[2026-09-25T16:21:20.858+0000] {logging_mixin.py:190} INFO - [2026-09-25T16:21:20.855+0000] {dagbag.py:588} INFO - Filling up the DagBag from /home/airflow/.local/lib/python3.12/site-packages/airflow/example_dags/example_params_ui_tutorial.py
[2026-09-25T16:21:21.039+0000] {processor.py:925} INFO - DAG(s) 'example_params_ui_tutorial' retrieved from /home/airflow/.local/lib/python3.12/site-packages/airflow/example_dags/example_params_ui_tutorial.py
[2026-09-25T16:21:21.608+0000] {logging_mixin.py:190} INFO - [2026-09-25T16:21:21.607+0000] {dag.py:3239} INFO - Sync 1 DAGs
[2026-09-25T16:21:21.760+0000] {logging_mixin.py:190} INFO - [2026-09-25T16:21:21.760+0000] {dag.py:4180} INFO - Setting next_dagrun for example_params_ui_tutorial to None, run_after=None
[2026-09-25T16:21:22.011+0000] {processor.py:208} INFO - Processing /home/airflow/.local/lib/python3.12/site-packages/airflow/example_dags/example_params_ui_tutorial.py took 1.253 seconds
[2026-09-25T16:22:27.421+0000] {processor.py:186} INFO - Started process (PID=415) to work on /home/airflow/.local/lib/python3.12/site-packages/airflow/example_dags/example_params_ui_tutorial.py
[2026-09-25T16:22:27.428+0000] {processor.py:914} INFO - Processing file /home/airflow/.local/lib/python3.12/site-packages/airflow/example_dags/example_params_ui_tutorial.py for tasks to queue
[2026-09-25T16:22:27.448+0000] {logging_mixin.py:190} INFO - [2026-09-25T16:22:27.444+0000] {dagbag.py:588} INFO - Filling up the DagBag from /home/airflow/.local/lib/python3.12/site-packages/airflow/example_dags/example_params_ui_tutorial.py
[2026-09-25T16:22:27.526+0000] {processor.py:925} INFO - DAG(s) 'example_params_ui_tutorial' retrieved from /home/airflow/.local/lib/python3.12/site-packages/airflow/example_dags/example_params_ui_tutorial.py
[2026-09-25T16:22:27.981+0000] {logging_mixin.py:190} INFO - [2026-09-25T16:22:27.980+0000] {dag.py:3239} INFO - Sync 1 DAGs
[2026-09-25T16:22:28.085+0000] {logging_mixin.py:190} INFO - [2026-09-25T16:22:28.084+0000] {dag.py:4180} INFO - Setting next_dagrun for example_params_ui_tutorial to None, run_after=None
[2026-09-25T16:22:28.190+0000] {processor.py:208} INFO - Processing /home/airflow/.local/lib/python3.12/site-packages/airflow/example_dags/example_params_ui_tutorial.py took 0.889 seconds
[2026-09-25T16:23:08.316+0000] {processor.py:186} INFO - Started process (PID=484) to work on /home/airflow/.local/lib/python3.12/site-packages/airflow/example_dags/example_params_ui_tutorial.py
[2026-09-25T16:23:08.326+0000] {processor.py:914} INFO - Processing file /home/airflow/.local/lib/python3.12/site-packages/airflow/example_dags/example_params_ui_tutorial.py for tasks to queue
[2026-09-25T16:23:08.335+0000] {logging_mixin.py:190} INFO - [2026-09-25T16:23:08.334+0000] {dagbag.py:588} INFO - Filling up the DagBag from /home/airflow/.local/lib/python3.12/site-packages/airflow/example_dags/example_params_ui_tutorial.py
[2026-09-25T16:23:08.375+0000] {processor.py:925} INFO - DAG(s) 'example_params_ui_tutorial' retrieved from /home/airflow/.local/lib/python3.12/site-packages/airflow/example_dags/example_params_ui_tutorial.py
[2026-09-25T16:23:08.572+0000] {logging_mixin.py:190} INFO - [2026-09-25T16:23:08.572+0000] {dag.py:3239} INFO - Sync 1 DAGs
[2026-09-25T16:23:08.614+0000] {logging_mixin.py:190} INFO - [2026-09-25T16:23:08.613+0000] {dag.py:4180} INFO - Setting next_dagrun for example_params_ui_tutorial to None, run_after=None
[2026-09-25T16:23:08.668+0000] {processor.py:208} INFO - Processing /home/airflow/.local/lib/python3.12/site-packages/airflow/example_dags/example_params_ui_tutorial.py took 0.371 seconds
[2026-09-25T16:23:49.314+0000] {processor.py:186} INFO - Started process (PID=539) to work on /home/airflow/.local/lib/python3.12/site-packages/airflow/example_dags/example_params_ui_tutorial.py
[2026-09-25T16:23:49.316+0000] {processor.py:914} INFO - Processing file /home/airflow/.local/lib/python3.12/site-packages/airflow/example_dags/example_params_ui_tutorial.py for tasks to queue
[2026-09-25T16:23:49.322+0000] {logging_mixin.py:190} INFO - [2026-09-25T16:23:49.321+0000] {dagbag.py:588} INFO - Filling up the DagBag from /home/airflow/.local/lib/python3.12/site-packages/airflow/example_dags/example_params_ui_tutorial.py
[2026-09-25T16:23:49.341+0000] {processor.py:925} INFO - DAG(s) 'example_params_ui_tutorial' retrieved from /home/airflow/.local/lib/python3.12/site-packages/airflow/example_dags/example_params_ui_tutorial.py
[2026-09-25T16:23:49.491+0000] {logging_mixin.py:190} INFO - [2026-09-25T16:23:49.490+0000] {dag.py:3239} INFO - Sync 1 DAGs
[2026-09-25T16:23:49.576+0000] {logging_mixin.py:190} INFO - [2026-09-25T16:23:49.576+0000] {dag.py:4180} INFO - Setting next_dagrun for example_params_ui_tutorial to None, run_after=None
[2026-09-25T16:23:49.645+0000] {processor.py:208} INFO - Processing /home/airflow/.local/lib/python3.12/site-packages/airflow/example_dags/example_params_ui_tutorial.py took 0.358 seconds
[2026-09-25T16:24:19.918+0000] {processor.py:186} INFO - Started process (PID=602) to work on /home/airflow/.local/lib/python3.12/site-packages/airflow/example_dags/example_params_ui_tutorial.py
[2026-09-25T16:24:19.921+0000] {processor.py:914} INFO - Processing file /home/airflow/.local/lib/python3.12/site-packages/airflow/example_dags/example_params_ui_tutorial.py for tasks to queue
[2026-09-25T16:24:19.926+0000] {logging_mixin.py:190} INFO - [2026-09-25T16:24:19.925+0000] {dagbag.py:588} INFO - Filling up the DagBag from /home/airflow/.local/lib/python3.12/site-packages/airflow/example_dags/example_params_ui_tutorial.py
[2026-09-25T16:24:19.948+0000] {processor.py:925} INFO - DAG(s) 'example_params_ui_tutorial' retrieved from /home/airflow/.local/lib/python3.12/site-packages/airflow/example_dags/example_params_ui_tutorial.py
[2026-09-25T16:24:20.076+0000] {logging_mixin.py:190} INFO - [2026-09-25T16:24:20.075+0000] {dag.py:3239} INFO - Sync 1 DAGs
[2026-09-25T16:24:20.110+0000] {logging_mixin.py:190} INFO - [2026-09-25T16:24:20.109+0000] {dag.py:4180} INFO - Setting next_dagrun for example_params_ui_tutorial to None, run_after=None
[2026-09-25T16:24:20.163+0000] {processor.py:208} INFO - Processing /home/airflow/.local/lib/python3.12/site-packages/airflow/example_dags/example_params_ui_tutorial.py took 0.259 seconds
[2026-09-25T16:25:00.740+0000] {processor.py:186} INFO - Started process (PID=661) to work on /home/airflow/.local/lib/python3.12/site-packages/airflow/example_dags/example_params_ui_tutorial.py
[2026-09-25T16:25:00.754+0000] {processor.py:914} INFO - Processing file /home/airflow/.local/lib/python3.12/site-packages/airflow/example_dags/example_params_ui_tutorial.py for tasks to queue
[2026-09-25T16:25:00.804+0000] {logging_mixin.py:190} INFO - [2026-09-25T16:25:00.803+0000] {dagbag.py:588} INFO - Filling up the DagBag from /home/airflow/.local/lib/python3.12/site-packages/airflow/example_dags/example_params_ui_tutorial.py
[2026-09-25T16:25:01.021+0000] {processor.py:925} INFO - DAG(s) 'example_params_ui_tutorial' retrieved from /home/airflow/.local/lib/python3.12/site-packages/airflow/example_dags/example_params_ui_tutorial.py
[2026-09-25T16:25:01.997+0000] {logging_mixin.py:190} INFO - [2026-09-25T16:25:01.997+0000] {dag.py:3239} INFO - Sync 1 DAGs
[2026-09-25T16:25:02.129+0000] {logging_mixin.py:190} INFO - [2026-09-25T16:25:02.129+0000] {dag.py:4180} INFO - Setting next_dagrun for example_params_ui_tutorial to None, run_after=None
[2026-09-25T16:25:02.456+0000] {processor.py:208} INFO - Processing /home/airflow/.local/lib/python3.12/site-packages/airflow/example_dags/example_params_ui_tutorial.py took 1.818 seconds
[2026-09-25T16:25:32.989+0000] {processor.py:186} INFO - Started process (PID=724) to work on /home/airflow/.local/lib/python3.12/site-packages/airflow/example_dags/example_params_ui_tutorial.py
[2026-09-25T16:25:32.994+0000] {processor.py:914} INFO - Processing file /home/airflow/.local/lib/python3.12/site-packages/airflow/example_dags/example_params_ui_tutorial.py for tasks to queue
[2026-09-25T16:25:33.023+0000] {logging_mixin.py:190} INFO - [2026-09-25T16:25:33.020+0000] {dagbag.py:588} INFO - Filling up the DagBag from /home/airflow/.local/lib/python3.12/site-packages/airflow/example_dags/example_params_ui_tutorial.py
[2026-09-25T16:25:33.080+0000] {processor.py:925} INFO - DAG(s) 'example_params_ui_tutorial' retrieved from /home/airflow/.local/lib/python3.12/site-packages/airflow/example_dags/example_params_ui_tutorial.py
[2026-09-25T16:25:33.623+0000] {logging_mixin.py:190} INFO - [2026-09-25T16:25:33.622+0000] {dag.py:3239} INFO - Sync 1 DAGs
[2026-09-25T16:25:34.067+0000] {logging_mixin.py:190} INFO - [2026-09-25T16:25:34.067+0000] {dag.py:4180} INFO - Setting next_dagrun for example_params_ui_tutorial to None, run_after=None
[2026-09-25T16:25:34.406+0000] {processor.py:208} INFO - Processing /home/airflow/.local/lib/python3.12/site-packages/airflow/example_dags/example_params_ui_tutorial.py took 1.538 seconds
[2026-09-25T16:26:08.514+0000] {processor.py:186} INFO - Started process (PID=786) to work on /home/airflow/.local/lib/python3.12/site-packages/airflow/example_dags/example_params_ui_tutorial.py
[2026-09-25T16:26:08.516+0000] {processor.py:914} INFO - Processing file /home/airflow/.local/lib/python3.12/site-packages/airflow/example_dags/example_params_ui_tutorial.py for tasks to queue
[2026-09-25T16:26:08.522+0000] {logging_mixin.py:190} INFO - [2026-09-25T16:26:08.521+0000] {dagbag.py:588} INFO - Filling up the DagBag from /home/airflow/.local/lib/python3.12/site-packages/airflow/example_dags/example_params_ui_tutorial.py
[2026-09-25T16:26:08.726+0000] {processor.py:925} INFO - DAG(s) 'example_params_ui_tutorial' retrieved from /home/airflow/.local/lib/python3.12/site-packages/airflow/example_dags/example_params_ui_tutorial.py
[2026-09-25T16:26:09.574+0000] {logging_mixin.py:190} INFO - [2026-09-25T16:26:09.569+0000] {dag.py:3239} INFO - Sync 1 DAGs
[2026-09-25T16:26:09.751+0000] {logging_mixin.py:190} INFO - [2026-09-25T16:26:09.751+0000] {dag.py:4180} INFO - Setting next_dagrun for example_params_ui_tutorial to None, run_after=None
[2026-09-25T16:26:09.866+0000] {processor.py:208} INFO - Processing /home/airflow/.local/lib/python3.12/site-packages/airflow/example_dags/example_params_ui_tutorial.py took 1.388 seconds
[2026-09-25T16:26:40.283+0000] {processor.py:186} INFO - Started process (PID=855) to work on /home/airflow/.local/lib/python3.12/site-packages/airflow/example_dags/example_params_ui_tutorial.py
[2026-09-25T16:26:40.293+0000] {processor.py:914} INFO - Processing file /home/airflow/.local/lib/python3.12/site-packages/airflow/example_dags/example_params_ui_tutorial.py for tasks to queue
[2026-09-25T16:26:40.327+0000] {logging_mixin.py:190} INFO - [2026-09-25T16:26:40.317+0000] {dagbag.py:588} INFO - Filling up the DagBag from /home/airflow/.local/lib/python3.12/site-packages/airflow/example_dags/example_params_ui_tutorial.py
[2026-09-25T16:26:40.362+0000] {processor.py:925} INFO - DAG(s) 'example_params_ui_tutorial' retrieved from /home/airflow/.local/lib/python3.12/site-packages/airflow/example_dags/example_params_ui_tutorial.py
[2026-09-25T16:26:40.523+0000] {logging_mixin.py:190} INFO - [2026-09-25T16:26:40.522+0000] {dag.py:3239} INFO - Sync 1 DAGs
[2026-09-25T16:26:40.590+0000] {logging_mixin.py:190} INFO - [2026-09-25T16:26:40.589+0000] {dag.py:4180} INFO - Setting next_dagrun for example_params_ui_tutorial to None, run_after=None
[2026-09-25T16:26:40.638+0000] {processor.py:208} INFO - Processing /home/airflow/.local/lib/python3.12/site-packages/airflow/example_dags/example_params_ui_tutorial.py took 0.407 seconds
[2026-09-25T16:27:17.855+0000] {processor.py:186} INFO - Started process (PID=916) to work on /home/airflow/.local/lib/python3.12/site-packages/airflow/example_dags/example_params_ui_tutorial.py
[2026-09-25T16:27:17.858+0000] {processor.py:914} INFO - Processing file /home/airflow/.local/lib/python3.12/site-packages/airflow/example_dags/example_params_ui_tutorial.py for tasks to queue
[2026-09-25T16:27:17.864+0000] {logging_mixin.py:190} INFO - [2026-09-25T16:27:17.863+0000] {dagbag.py:588} INFO - Filling up the DagBag from /home/airflow/.local/lib/python3.12/site-packages/airflow/example_dags/example_params_ui_tutorial.py
[2026-09-25T16:27:17.920+0000] {processor.py:925} INFO - DAG(s) 'example_params_ui_tutorial' retrieved from /home/airflow/.local/lib/python3.12/site-packages/airflow/example_dags/example_params_ui_tutorial.py
[2026-09-25T16:27:18.184+0000] {logging_mixin.py:190} INFO - [2026-09-25T16:27:18.183+0000] {dag.py:3239} INFO - Sync 1 DAGs
[2026-09-25T16:27:18.320+0000] {logging_mixin.py:190} INFO - [2026-09-25T16:27:18.320+0000] {dag.py:4180} INFO - Setting next_dagrun for example_params_ui_tutorial to None, run_after=None
[2026-09-25T16:27:18.394+0000] {processor.py:208} INFO - Processing /home/airflow/.local/lib/python3.12/site-packages/airflow/example_dags/example_params_ui_tutorial.py took 0.559 seconds
[2026-09-25T16:28:05.565+0000] {processor.py:186} INFO - Started process (PID=971) to work on /home/airflow/.local/lib/python3.12/site-packages/airflow/example_dags/example_params_ui_tutorial.py
[2026-09-25T16:28:05.603+0000] {processor.py:914} INFO - Processing file /home/airflow/.local/lib/python3.12/site-packages/airflow/example_dags/example_params_ui_tutorial.py for tasks to queue
[2026-09-25T16:28:05.635+0000] {logging_mixin.py:190} INFO - [2026-09-25T16:28:05.630+0000] {dagbag.py:588} INFO - Filling up the DagBag from /home/airflow/.local/lib/python3.12/site-packages/airflow/example_dags/example_params_ui_tutorial.py
[2026-09-25T16:28:05.811+0000] {processor.py:925} INFO - DAG(s) 'example_params_ui_tutorial' retrieved from /home/airflow/.local/lib/python3.12/site-packages/airflow/example_dags/example_params_ui_tutorial.py
[2026-09-25T16:28:06.829+0000] {logging_mixin.py:190} INFO - [2026-09-25T16:28:06.829+0000] {dag.py:3239} INFO - Sync 1 DAGs
[2026-09-25T16:28:06.988+0000] {logging_mixin.py:190} INFO - [2026-09-25T16:28:06.978+0000] {dag.py:4180} INFO - Setting next_dagrun for example_params_ui_tutorial to None, run_after=None
[2026-09-25T16:28:07.176+0000] {processor.py:208} INFO - Processing /home/airflow/.local/lib/python3.12/site-packages/airflow/example_dags/example_params_ui_tutorial.py took 1.640 seconds
[2026-09-25T16:28:58.732+0000] {processor.py:186} INFO - Started process (PID=1043) to work on /home/airflow/.local/lib/python3.12/site-packages/airflow/example_dags/example_params_ui_tutorial.py
[2026-09-25T16:28:58.739+0000] {processor.py:914} INFO - Processing file /home/airflow/.local/lib/python3.12/site-packages/airflow/example_dags/example_params_ui_tutorial.py for tasks to queue
[2026-09-25T16:28:58.748+0000] {logging_mixin.py:190} INFO - [2026-09-25T16:28:58.747+0000] {dagbag.py:588} INFO - Filling up the DagBag from /home/airflow/.local/lib/python3.12/site-packages/airflow/example_dags/example_params_ui_tutorial.py
[2026-09-25T16:28:58.810+0000] {processor.py:925} INFO - DAG(s) 'example_params_ui_tutorial' retrieved from /home/airflow/.local/lib/python3.12/site-packages/airflow/example_dags/example_params_ui_tutorial.py
[2026-09-25T16:28:59.100+0000] {logging_mixin.py:190} INFO - [2026-09-25T16:28:59.099+0000] {dag.py:3239} INFO - Sync 1 DAGs
[2026-09-25T16:28:59.665+0000] {logging_mixin.py:190} INFO - [2026-09-25T16:28:59.664+0000] {dag.py:4180} INFO - Setting next_dagrun for example_params_ui_tutorial to None, run_after=None
[2026-09-25T16:28:59.781+0000] {processor.py:208} INFO - Processing /home/airflow/.local/lib/python3.12/site-packages/airflow/example_dags/example_params_ui_tutorial.py took 1.096 seconds
[2026-09-25T16:43:15.250+0000] {processor.py:186} INFO - Started process (PID=69) to work on /home/airflow/.local/lib/python3.12/site-packages/airflow/example_dags/example_params_ui_tutorial.py
[2026-09-25T16:43:15.275+0000] {processor.py:914} INFO - Processing file /home/airflow/.local/lib/python3.12/site-packages/airflow/example_dags/example_params_ui_tutorial.py for tasks to queue
[2026-09-25T16:43:15.300+0000] {logging_mixin.py:190} INFO - [2026-09-25T16:43:15.299+0000] {dagbag.py:588} INFO - Filling up the DagBag from /home/airflow/.local/lib/python3.12/site-packages/airflow/example_dags/example_params_ui_tutorial.py
[2026-09-25T16:43:15.483+0000] {processor.py:925} INFO - DAG(s) 'example_params_ui_tutorial' retrieved from /home/airflow/.local/lib/python3.12/site-packages/airflow/example_dags/example_params_ui_tutorial.py
[2026-09-25T16:43:17.041+0000] {logging_mixin.py:190} INFO - [2026-09-25T16:43:17.038+0000] {dag.py:3239} INFO - Sync 1 DAGs
[2026-09-25T16:43:17.461+0000] {logging_mixin.py:190} INFO - [2026-09-25T16:43:17.457+0000] {dag.py:4180} INFO - Setting next_dagrun for example_params_ui_tutorial to None, run_after=None
[2026-09-25T16:43:17.810+0000] {processor.py:208} INFO - Processing /home/airflow/.local/lib/python3.12/site-packages/airflow/example_dags/example_params_ui_tutorial.py took 2.587 seconds
[2026-09-25T16:44:04.217+0000] {processor.py:186} INFO - Started process (PID=137) to work on /home/airflow/.local/lib/python3.12/site-packages/airflow/example_dags/example_params_ui_tutorial.py
[2026-09-25T16:44:04.222+0000] {processor.py:914} INFO - Processing file /home/airflow/.local/lib/python3.12/site-packages/airflow/example_dags/example_params_ui_tutorial.py for tasks to queue
[2026-09-25T16:44:04.229+0000] {logging_mixin.py:190} INFO - [2026-09-25T16:44:04.228+0000] {dagbag.py:588} INFO - Filling up the DagBag from /home/airflow/.local/lib/python3.12/site-packages/airflow/example_dags/example_params_ui_tutorial.py
[2026-09-25T16:44:04.268+0000] {processor.py:925} INFO - DAG(s) 'example_params_ui_tutorial' retrieved from /home/airflow/.local/lib/python3.12/site-packages/airflow/example_dags/example_params_ui_tutorial.py
[2026-09-25T16:44:04.572+0000] {logging_mixin.py:190} INFO - [2026-09-25T16:44:04.572+0000] {dag.py:3239} INFO - Sync 1 DAGs
[2026-09-25T16:44:04.641+0000] {logging_mixin.py:190} INFO - [2026-09-25T16:44:04.641+0000] {dag.py:4180} INFO - Setting next_dagrun for example_params_ui_tutorial to None, run_after=None
[2026-09-25T16:44:04.767+0000] {processor.py:208} INFO - Processing /home/airflow/.local/lib/python3.12/site-packages/airflow/example_dags/example_params_ui_tutorial.py took 0.567 seconds
[2026-09-25T16:44:35.510+0000] {processor.py:186} INFO - Started process (PID=200) to work on /home/airflow/.local/lib/python3.12/site-packages/airflow/example_dags/example_params_ui_tutorial.py
[2026-09-25T16:44:35.513+0000] {processor.py:914} INFO - Processing file /home/airflow/.local/lib/python3.12/site-packages/airflow/example_dags/example_params_ui_tutorial.py for tasks to queue
[2026-09-25T16:44:35.520+0000] {logging_mixin.py:190} INFO - [2026-09-25T16:44:35.519+0000] {dagbag.py:588} INFO - Filling up the DagBag from /home/airflow/.local/lib/python3.12/site-packages/airflow/example_dags/example_params_ui_tutorial.py
[2026-09-25T16:44:35.546+0000] {processor.py:925} INFO - DAG(s) 'example_params_ui_tutorial' retrieved from /home/airflow/.local/lib/python3.12/site-packages/airflow/example_dags/example_params_ui_tutorial.py
[2026-09-25T16:44:35.680+0000] {logging_mixin.py:190} INFO - [2026-09-25T16:44:35.679+0000] {dag.py:3239} INFO - Sync 1 DAGs
[2026-09-25T16:44:35.807+0000] {logging_mixin.py:190} INFO - [2026-09-25T16:44:35.806+0000] {dag.py:4180} INFO - Setting next_dagrun for example_params_ui_tutorial to None, run_after=None
[2026-09-25T16:44:35.893+0000] {processor.py:208} INFO - Processing /home/airflow/.local/lib/python3.12/site-packages/airflow/example_dags/example_params_ui_tutorial.py took 0.405 seconds
[2026-09-25T16:45:14.111+0000] {processor.py:186} INFO - Started process (PID=263) to work on /home/airflow/.local/lib/python3.12/site-packages/airflow/example_dags/example_params_ui_tutorial.py
[2026-09-25T16:45:14.114+0000] {processor.py:914} INFO - Processing file /home/airflow/.local/lib/python3.12/site-packages/airflow/example_dags/example_params_ui_tutorial.py for tasks to queue
[2026-09-25T16:45:14.119+0000] {logging_mixin.py:190} INFO - [2026-09-25T16:45:14.117+0000] {dagbag.py:588} INFO - Filling up the DagBag from /home/airflow/.local/lib/python3.12/site-packages/airflow/example_dags/example_params_ui_tutorial.py
[2026-09-25T16:45:14.140+0000] {processor.py:925} INFO - DAG(s) 'example_params_ui_tutorial' retrieved from /home/airflow/.local/lib/python3.12/site-packages/airflow/example_dags/example_params_ui_tutorial.py
[2026-09-25T16:45:14.254+0000] {logging_mixin.py:190} INFO - [2026-09-25T16:45:14.253+0000] {dag.py:3239} INFO - Sync 1 DAGs
[2026-09-25T16:45:14.285+0000] {logging_mixin.py:190} INFO - [2026-09-25T16:45:14.285+0000] {dag.py:4180} INFO - Setting next_dagrun for example_params_ui_tutorial to None, run_after=None
[2026-09-25T16:45:14.339+0000] {processor.py:208} INFO - Processing /home/airflow/.local/lib/python3.12/site-packages/airflow/example_dags/example_params_ui_tutorial.py took 0.240 seconds
[2026-09-25T16:45:47.470+0000] {processor.py:186} INFO - Started process (PID=318) to work on /home/airflow/.local/lib/python3.12/site-packages/airflow/example_dags/example_params_ui_tutorial.py
[2026-09-25T16:45:47.474+0000] {processor.py:914} INFO - Processing file /home/airflow/.local/lib/python3.12/site-packages/airflow/example_dags/example_params_ui_tutorial.py for tasks to queue
[2026-09-25T16:45:47.482+0000] {logging_mixin.py:190} INFO - [2026-09-25T16:45:47.481+0000] {dagbag.py:588} INFO - Filling up the DagBag from /home/airflow/.local/lib/python3.12/site-packages/airflow/example_dags/example_params_ui_tutorial.py
[2026-09-25T16:45:47.513+0000] {processor.py:925} INFO - DAG(s) 'example_params_ui_tutorial' retrieved from /home/airflow/.local/lib/python3.12/site-packages/airflow/example_dags/example_params_ui_tutorial.py
[2026-09-25T16:45:47.647+0000] {logging_mixin.py:190} INFO - [2026-09-25T16:45:47.646+0000] {dag.py:3239} INFO - Sync 1 DAGs
[2026-09-25T16:45:47.692+0000] {logging_mixin.py:190} INFO - [2026-09-25T16:45:47.691+0000] {dag.py:4180} INFO - Setting next_dagrun for example_params_ui_tutorial to None, run_after=None
[2026-09-25T16:45:47.744+0000] {processor.py:208} INFO - Processing /home/airflow/.local/lib/python3.12/site-packages/airflow/example_dags/example_params_ui_tutorial.py took 0.288 seconds
[2026-09-25T16:46:20.088+0000] {processor.py:186} INFO - Started process (PID=380) to work on /home/airflow/.local/lib/python3.12/site-packages/airflow/example_dags/example_params_ui_tutorial.py
[2026-09-25T16:46:20.095+0000] {processor.py:914} INFO - Processing file /home/airflow/.local/lib/python3.12/site-packages/airflow/example_dags/example_params_ui_tutorial.py for tasks to queue
[2026-09-25T16:46:20.107+0000] {logging_mixin.py:190} INFO - [2026-09-25T16:46:20.106+0000] {dagbag.py:588} INFO - Filling up the DagBag from /home/airflow/.local/lib/python3.12/site-packages/airflow/example_dags/example_params_ui_tutorial.py
[2026-09-25T16:46:20.172+0000] {processor.py:925} INFO - DAG(s) 'example_params_ui_tutorial' retrieved from /home/airflow/.local/lib/python3.12/site-packages/airflow/example_dags/example_params_ui_tutorial.py
[2026-09-25T16:46:20.393+0000] {logging_mixin.py:190} INFO - [2026-09-25T16:46:20.392+0000] {dag.py:3239} INFO - Sync 1 DAGs
[2026-09-25T16:46:20.466+0000] {logging_mixin.py:190} INFO - [2026-09-25T16:46:20.465+0000] {dag.py:4180} INFO - Setting next_dagrun for example_params_ui_tutorial to None, run_after=None
[2026-09-25T16:46:20.522+0000] {processor.py:208} INFO - Processing /home/airflow/.local/lib/python3.12/site-packages/airflow/example_dags/example_params_ui_tutorial.py took 0.462 seconds
[2026-09-25T16:46:52.077+0000] {processor.py:186} INFO - Started process (PID=443) to work on /home/airflow/.local/lib/python3.12/site-packages/airflow/example_dags/example_params_ui_tutorial.py
[2026-09-25T16:46:52.080+0000] {processor.py:914} INFO - Processing file /home/airflow/.local/lib/python3.12/site-packages/airflow/example_dags/example_params_ui_tutorial.py for tasks to queue
[2026-09-25T16:46:52.086+0000] {logging_mixin.py:190} INFO - [2026-09-25T16:46:52.086+0000] {dagbag.py:588} INFO - Filling up the DagBag from /home/airflow/.local/lib/python3.12/site-packages/airflow/example_dags/example_params_ui_tutorial.py
[2026-09-25T16:46:52.110+0000] {processor.py:925} INFO - DAG(s) 'example_params_ui_tutorial' retrieved from /home/airflow/.local/lib/python3.12/site-packages/airflow/example_dags/example_params_ui_tutorial.py
[2026-09-25T16:46:52.299+0000] {logging_mixin.py:190} INFO - [2026-09-25T16:46:52.295+0000] {dag.py:3239} INFO - Sync 1 DAGs
[2026-09-25T16:46:52.365+0000] {logging_mixin.py:190} INFO - [2026-09-25T16:46:52.362+0000] {dag.py:4180} INFO - Setting next_dagrun for example_params_ui_tutorial to None, run_after=None
[2026-09-25T16:46:52.414+0000] {processor.py:208} INFO - Processing /home/airflow/.local/lib/python3.12/site-packages/airflow/example_dags/example_params_ui_tutorial.py took 0.352 seconds
[2026-09-25T16:47:26.806+0000] {processor.py:186} INFO - Started process (PID=505) to work on /home/airflow/.local/lib/python3.12/site-packages/airflow/example_dags/example_params_ui_tutorial.py
[2026-09-25T16:47:26.809+0000] {processor.py:914} INFO - Processing file /home/airflow/.local/lib/python3.12/site-packages/airflow/example_dags/example_params_ui_tutorial.py for tasks to queue
[2026-09-25T16:47:26.818+0000] {logging_mixin.py:190} INFO - [2026-09-25T16:47:26.816+0000] {dagbag.py:588} INFO - Filling up the DagBag from /home/airflow/.local/lib/python3.12/site-packages/airflow/example_dags/example_params_ui_tutorial.py
[2026-09-25T16:47:26.846+0000] {processor.py:925} INFO - DAG(s) 'example_params_ui_tutorial' retrieved from /home/airflow/.local/lib/python3.12/site-packages/airflow/example_dags/example_params_ui_tutorial.py
[2026-09-25T16:47:26.989+0000] {logging_mixin.py:190} INFO - [2026-09-25T16:47:26.989+0000] {dag.py:3239} INFO - Sync 1 DAGs
[2026-09-25T16:47:27.025+0000] {logging_mixin.py:190} INFO - [2026-09-25T16:47:27.025+0000] {dag.py:4180} INFO - Setting next_dagrun for example_params_ui_tutorial to None, run_after=None
[2026-09-25T16:47:27.081+0000] {processor.py:208} INFO - Processing /home/airflow/.local/lib/python3.12/site-packages/airflow/example_dags/example_params_ui_tutorial.py took 0.291 seconds
[2026-09-25T16:48:10.110+0000] {processor.py:186} INFO - Started process (PID=571) to work on /home/airflow/.local/lib/python3.12/site-packages/airflow/example_dags/example_params_ui_tutorial.py
[2026-09-25T16:48:10.113+0000] {processor.py:914} INFO - Processing file /home/airflow/.local/lib/python3.12/site-packages/airflow/example_dags/example_params_ui_tutorial.py for tasks to queue
[2026-09-25T16:48:10.121+0000] {logging_mixin.py:190} INFO - [2026-09-25T16:48:10.120+0000] {dagbag.py:588} INFO - Filling up the DagBag from /home/airflow/.local/lib/python3.12/site-packages/airflow/example_dags/example_params_ui_tutorial.py
[2026-09-25T16:48:10.146+0000] {processor.py:925} INFO - DAG(s) 'example_params_ui_tutorial' retrieved from /home/airflow/.local/lib/python3.12/site-packages/airflow/example_dags/example_params_ui_tutorial.py
[2026-09-25T16:48:11.076+0000] {logging_mixin.py:190} INFO - [2026-09-25T16:48:11.075+0000] {dag.py:3239} INFO - Sync 1 DAGs
[2026-09-25T16:48:11.143+0000] {logging_mixin.py:190} INFO - [2026-09-25T16:48:11.143+0000] {dag.py:4180} INFO - Setting next_dagrun for example_params_ui_tutorial to None, run_after=None
[2026-09-25T16:48:11.226+0000] {processor.py:208} INFO - Processing /home/airflow/.local/lib/python3.12/site-packages/airflow/example_dags/example_params_ui_tutorial.py took 1.130 seconds
[2026-09-25T16:48:42.378+0000] {processor.py:186} INFO - Started process (PID=634) to work on /home/airflow/.local/lib/python3.12/site-packages/airflow/example_dags/example_params_ui_tutorial.py
[2026-09-25T16:48:42.386+0000] {processor.py:914} INFO - Processing file /home/airflow/.local/lib/python3.12/site-packages/airflow/example_dags/example_params_ui_tutorial.py for tasks to queue
[2026-09-25T16:48:42.401+0000] {logging_mixin.py:190} INFO - [2026-09-25T16:48:42.399+0000] {dagbag.py:588} INFO - Filling up the DagBag from /home/airflow/.local/lib/python3.12/site-packages/airflow/example_dags/example_params_ui_tutorial.py
[2026-09-25T16:48:42.474+0000] {processor.py:925} INFO - DAG(s) 'example_params_ui_tutorial' retrieved from /home/airflow/.local/lib/python3.12/site-packages/airflow/example_dags/example_params_ui_tutorial.py
[2026-09-25T16:48:42.710+0000] {logging_mixin.py:190} INFO - [2026-09-25T16:48:42.710+0000] {dag.py:3239} INFO - Sync 1 DAGs
[2026-09-25T16:48:42.746+0000] {logging_mixin.py:190} INFO - [2026-09-25T16:48:42.746+0000] {dag.py:4180} INFO - Setting next_dagrun for example_params_ui_tutorial to None, run_after=None
[2026-09-25T16:48:42.794+0000] {processor.py:208} INFO - Processing /home/airflow/.local/lib/python3.12/site-packages/airflow/example_dags/example_params_ui_tutorial.py took 0.434 seconds
[2026-09-25T16:49:13.297+0000] {processor.py:186} INFO - Started process (PID=697) to work on /home/airflow/.local/lib/python3.12/site-packages/airflow/example_dags/example_params_ui_tutorial.py
[2026-09-25T16:49:13.306+0000] {processor.py:914} INFO - Processing file /home/airflow/.local/lib/python3.12/site-packages/airflow/example_dags/example_params_ui_tutorial.py for tasks to queue
[2026-09-25T16:49:13.319+0000] {logging_mixin.py:190} INFO - [2026-09-25T16:49:13.319+0000] {dagbag.py:588} INFO - Filling up the DagBag from /home/airflow/.local/lib/python3.12/site-packages/airflow/example_dags/example_params_ui_tutorial.py
[2026-09-25T16:49:13.359+0000] {processor.py:925} INFO - DAG(s) 'example_params_ui_tutorial' retrieved from /home/airflow/.local/lib/python3.12/site-packages/airflow/example_dags/example_params_ui_tutorial.py
[2026-09-25T16:49:13.589+0000] {logging_mixin.py:190} INFO - [2026-09-25T16:49:13.586+0000] {dag.py:3239} INFO - Sync 1 DAGs
[2026-09-25T16:49:13.642+0000] {logging_mixin.py:190} INFO - [2026-09-25T16:49:13.641+0000] {dag.py:4180} INFO - Setting next_dagrun for example_params_ui_tutorial to None, run_after=None
[2026-09-25T16:49:13.688+0000] {processor.py:208} INFO - Processing /home/airflow/.local/lib/python3.12/site-packages/airflow/example_dags/example_params_ui_tutorial.py took 0.405 seconds
[2026-09-25T16:56:02.212+0000] {processor.py:186} INFO - Started process (PID=75) to work on /home/airflow/.local/lib/python3.12/site-packages/airflow/example_dags/example_params_ui_tutorial.py
[2026-09-25T16:56:02.230+0000] {processor.py:914} INFO - Processing file /home/airflow/.local/lib/python3.12/site-packages/airflow/example_dags/example_params_ui_tutorial.py for tasks to queue
[2026-09-25T16:56:02.263+0000] {logging_mixin.py:190} INFO - [2026-09-25T16:56:02.249+0000] {dagbag.py:588} INFO - Filling up the DagBag from /home/airflow/.local/lib/python3.12/site-packages/airflow/example_dags/example_params_ui_tutorial.py
[2026-09-25T16:56:02.424+0000] {processor.py:925} INFO - DAG(s) 'example_params_ui_tutorial' retrieved from /home/airflow/.local/lib/python3.12/site-packages/airflow/example_dags/example_params_ui_tutorial.py
[2026-09-25T16:56:06.302+0000] {logging_mixin.py:190} INFO - [2026-09-25T16:56:06.240+0000] {dag.py:3239} INFO - Sync 1 DAGs
[2026-09-25T16:56:08.422+0000] {logging_mixin.py:190} INFO - [2026-09-25T16:56:08.422+0000] {dag.py:4180} INFO - Setting next_dagrun for example_params_ui_tutorial to None, run_after=None
[2026-09-25T16:56:10.389+0000] {processor.py:208} INFO - Processing /home/airflow/.local/lib/python3.12/site-packages/airflow/example_dags/example_params_ui_tutorial.py took 8.278 seconds
[2026-09-25T16:58:28.229+0000] {processor.py:186} INFO - Started process (PID=154) to work on /home/airflow/.local/lib/python3.12/site-packages/airflow/example_dags/example_params_ui_tutorial.py
[2026-09-25T16:58:28.232+0000] {processor.py:914} INFO - Processing file /home/airflow/.local/lib/python3.12/site-packages/airflow/example_dags/example_params_ui_tutorial.py for tasks to queue
[2026-09-25T16:58:28.237+0000] {logging_mixin.py:190} INFO - [2026-09-25T16:58:28.237+0000] {dagbag.py:588} INFO - Filling up the DagBag from /home/airflow/.local/lib/python3.12/site-packages/airflow/example_dags/example_params_ui_tutorial.py
[2026-09-25T16:58:28.262+0000] {processor.py:925} INFO - DAG(s) 'example_params_ui_tutorial' retrieved from /home/airflow/.local/lib/python3.12/site-packages/airflow/example_dags/example_params_ui_tutorial.py
[2026-09-25T16:58:28.404+0000] {logging_mixin.py:190} INFO - [2026-09-25T16:58:28.404+0000] {dag.py:3239} INFO - Sync 1 DAGs
[2026-09-25T16:58:28.440+0000] {logging_mixin.py:190} INFO - [2026-09-25T16:58:28.440+0000] {dag.py:4180} INFO - Setting next_dagrun for example_params_ui_tutorial to None, run_after=None
[2026-09-25T16:58:28.490+0000] {processor.py:208} INFO - Processing /home/airflow/.local/lib/python3.12/site-packages/airflow/example_dags/example_params_ui_tutorial.py took 0.275 seconds
[2026-09-25T16:58:59.328+0000] {processor.py:186} INFO - Started process (PID=223) to work on /home/airflow/.local/lib/python3.12/site-packages/airflow/example_dags/example_params_ui_tutorial.py
[2026-09-25T16:58:59.331+0000] {processor.py:914} INFO - Processing file /home/airflow/.local/lib/python3.12/site-packages/airflow/example_dags/example_params_ui_tutorial.py for tasks to queue
[2026-09-25T16:58:59.335+0000] {logging_mixin.py:190} INFO - [2026-09-25T16:58:59.335+0000] {dagbag.py:588} INFO - Filling up the DagBag from /home/airflow/.local/lib/python3.12/site-packages/airflow/example_dags/example_params_ui_tutorial.py
[2026-09-25T16:58:59.353+0000] {processor.py:925} INFO - DAG(s) 'example_params_ui_tutorial' retrieved from /home/airflow/.local/lib/python3.12/site-packages/airflow/example_dags/example_params_ui_tutorial.py
[2026-09-25T16:58:59.437+0000] {logging_mixin.py:190} INFO - [2026-09-25T16:58:59.437+0000] {dag.py:3239} INFO - Sync 1 DAGs
[2026-09-25T16:58:59.477+0000] {logging_mixin.py:190} INFO - [2026-09-25T16:58:59.476+0000] {dag.py:4180} INFO - Setting next_dagrun for example_params_ui_tutorial to None, run_after=None
[2026-09-25T16:58:59.511+0000] {processor.py:208} INFO - Processing /home/airflow/.local/lib/python3.12/site-packages/airflow/example_dags/example_params_ui_tutorial.py took 0.194 seconds
[2026-09-25T16:59:42.970+0000] {processor.py:186} INFO - Started process (PID=286) to work on /home/airflow/.local/lib/python3.12/site-packages/airflow/example_dags/example_params_ui_tutorial.py
[2026-09-25T16:59:42.988+0000] {processor.py:914} INFO - Processing file /home/airflow/.local/lib/python3.12/site-packages/airflow/example_dags/example_params_ui_tutorial.py for tasks to queue
[2026-09-25T16:59:43.023+0000] {logging_mixin.py:190} INFO - [2026-09-25T16:59:43.022+0000] {dagbag.py:588} INFO - Filling up the DagBag from /home/airflow/.local/lib/python3.12/site-packages/airflow/example_dags/example_params_ui_tutorial.py
[2026-09-25T16:59:43.130+0000] {processor.py:925} INFO - DAG(s) 'example_params_ui_tutorial' retrieved from /home/airflow/.local/lib/python3.12/site-packages/airflow/example_dags/example_params_ui_tutorial.py
[2026-09-25T16:59:43.993+0000] {logging_mixin.py:190} INFO - [2026-09-25T16:59:43.992+0000] {dag.py:3239} INFO - Sync 1 DAGs
[2026-09-25T16:59:44.120+0000] {logging_mixin.py:190} INFO - [2026-09-25T16:59:44.120+0000] {dag.py:4180} INFO - Setting next_dagrun for example_params_ui_tutorial to None, run_after=None
[2026-09-25T16:59:44.236+0000] {processor.py:208} INFO - Processing /home/airflow/.local/lib/python3.12/site-packages/airflow/example_dags/example_params_ui_tutorial.py took 1.311 seconds
[2026-09-25T17:00:15.633+0000] {processor.py:186} INFO - Started process (PID=349) to work on /home/airflow/.local/lib/python3.12/site-packages/airflow/example_dags/example_params_ui_tutorial.py
[2026-09-25T17:00:15.638+0000] {processor.py:914} INFO - Processing file /home/airflow/.local/lib/python3.12/site-packages/airflow/example_dags/example_params_ui_tutorial.py for tasks to queue
[2026-09-25T17:00:15.761+0000] {logging_mixin.py:190} INFO - [2026-09-25T17:00:15.761+0000] {dagbag.py:588} INFO - Filling up the DagBag from /home/airflow/.local/lib/python3.12/site-packages/airflow/example_dags/example_params_ui_tutorial.py
[2026-09-25T17:00:15.880+0000] {processor.py:925} INFO - DAG(s) 'example_params_ui_tutorial' retrieved from /home/airflow/.local/lib/python3.12/site-packages/airflow/example_dags/example_params_ui_tutorial.py
[2026-09-25T17:00:16.834+0000] {logging_mixin.py:190} INFO - [2026-09-25T17:00:16.832+0000] {dag.py:3239} INFO - Sync 1 DAGs
[2026-09-25T17:00:17.176+0000] {logging_mixin.py:190} INFO - [2026-09-25T17:00:17.176+0000] {dag.py:4180} INFO - Setting next_dagrun for example_params_ui_tutorial to None, run_after=None
[2026-09-25T17:00:17.274+0000] {processor.py:208} INFO - Processing /home/airflow/.local/lib/python3.12/site-packages/airflow/example_dags/example_params_ui_tutorial.py took 1.887 seconds
[2026-09-25T17:00:48.137+0000] {processor.py:186} INFO - Started process (PID=411) to work on /home/airflow/.local/lib/python3.12/site-packages/airflow/example_dags/example_params_ui_tutorial.py
[2026-09-25T17:00:48.140+0000] {processor.py:914} INFO - Processing file /home/airflow/.local/lib/python3.12/site-packages/airflow/example_dags/example_params_ui_tutorial.py for tasks to queue
[2026-09-25T17:00:48.159+0000] {logging_mixin.py:190} INFO - [2026-09-25T17:00:48.158+0000] {dagbag.py:588} INFO - Filling up the DagBag from /home/airflow/.local/lib/python3.12/site-packages/airflow/example_dags/example_params_ui_tutorial.py
[2026-09-25T17:00:48.187+0000] {processor.py:925} INFO - DAG(s) 'example_params_ui_tutorial' retrieved from /home/airflow/.local/lib/python3.12/site-packages/airflow/example_dags/example_params_ui_tutorial.py
[2026-09-25T17:00:48.369+0000] {logging_mixin.py:190} INFO - [2026-09-25T17:00:48.368+0000] {dag.py:3239} INFO - Sync 1 DAGs
[2026-09-25T17:00:48.453+0000] {logging_mixin.py:190} INFO - [2026-09-25T17:00:48.453+0000] {dag.py:4180} INFO - Setting next_dagrun for example_params_ui_tutorial to None, run_after=None
[2026-09-25T17:00:48.550+0000] {processor.py:208} INFO - Processing /home/airflow/.local/lib/python3.12/site-packages/airflow/example_dags/example_params_ui_tutorial.py took 0.437 seconds
[2026-09-25T17:01:18.824+0000] {processor.py:186} INFO - Started process (PID=473) to work on /home/airflow/.local/lib/python3.12/site-packages/airflow/example_dags/example_params_ui_tutorial.py
[2026-09-25T17:01:18.828+0000] {processor.py:914} INFO - Processing file /home/airflow/.local/lib/python3.12/site-packages/airflow/example_dags/example_params_ui_tutorial.py for tasks to queue
[2026-09-25T17:01:18.834+0000] {logging_mixin.py:190} INFO - [2026-09-25T17:01:18.833+0000] {dagbag.py:588} INFO - Filling up the DagBag from /home/airflow/.local/lib/python3.12/site-packages/airflow/example_dags/example_params_ui_tutorial.py
[2026-09-25T17:01:18.864+0000] {processor.py:925} INFO - DAG(s) 'example_params_ui_tutorial' retrieved from /home/airflow/.local/lib/python3.12/site-packages/airflow/example_dags/example_params_ui_tutorial.py
[2026-09-25T17:01:18.958+0000] {logging_mixin.py:190} INFO - [2026-09-25T17:01:18.957+0000] {dag.py:3239} INFO - Sync 1 DAGs
[2026-09-25T17:01:18.996+0000] {logging_mixin.py:190} INFO - [2026-09-25T17:01:18.996+0000] {dag.py:4180} INFO - Setting next_dagrun for example_params_ui_tutorial to None, run_after=None
[2026-09-25T17:01:19.053+0000] {processor.py:208} INFO - Processing /home/airflow/.local/lib/python3.12/site-packages/airflow/example_dags/example_params_ui_tutorial.py took 0.242 seconds
[2026-09-25T17:01:49.288+0000] {processor.py:186} INFO - Started process (PID=536) to work on /home/airflow/.local/lib/python3.12/site-packages/airflow/example_dags/example_params_ui_tutorial.py
[2026-09-25T17:01:49.290+0000] {processor.py:914} INFO - Processing file /home/airflow/.local/lib/python3.12/site-packages/airflow/example_dags/example_params_ui_tutorial.py for tasks to queue
[2026-09-25T17:01:49.296+0000] {logging_mixin.py:190} INFO - [2026-09-25T17:01:49.294+0000] {dagbag.py:588} INFO - Filling up the DagBag from /home/airflow/.local/lib/python3.12/site-packages/airflow/example_dags/example_params_ui_tutorial.py
[2026-09-25T17:01:49.327+0000] {processor.py:925} INFO - DAG(s) 'example_params_ui_tutorial' retrieved from /home/airflow/.local/lib/python3.12/site-packages/airflow/example_dags/example_params_ui_tutorial.py
[2026-09-25T17:01:49.456+0000] {logging_mixin.py:190} INFO - [2026-09-25T17:01:49.455+0000] {dag.py:3239} INFO - Sync 1 DAGs
[2026-09-25T17:01:49.502+0000] {logging_mixin.py:190} INFO - [2026-09-25T17:01:49.501+0000] {dag.py:4180} INFO - Setting next_dagrun for example_params_ui_tutorial to None, run_after=None
[2026-09-25T17:01:49.561+0000] {processor.py:208} INFO - Processing /home/airflow/.local/lib/python3.12/site-packages/airflow/example_dags/example_params_ui_tutorial.py took 0.288 seconds
[2026-09-25T17:02:34.796+0000] {processor.py:186} INFO - Started process (PID=607) to work on /home/airflow/.local/lib/python3.12/site-packages/airflow/example_dags/example_params_ui_tutorial.py
[2026-09-25T17:02:34.807+0000] {processor.py:914} INFO - Processing file /home/airflow/.local/lib/python3.12/site-packages/airflow/example_dags/example_params_ui_tutorial.py for tasks to queue
[2026-09-25T17:02:34.815+0000] {logging_mixin.py:190} INFO - [2026-09-25T17:02:34.815+0000] {dagbag.py:588} INFO - Filling up the DagBag from /home/airflow/.local/lib/python3.12/site-packages/airflow/example_dags/example_params_ui_tutorial.py
[2026-09-25T17:02:34.875+0000] {processor.py:925} INFO - DAG(s) 'example_params_ui_tutorial' retrieved from /home/airflow/.local/lib/python3.12/site-packages/airflow/example_dags/example_params_ui_tutorial.py
[2026-09-25T17:02:35.056+0000] {logging_mixin.py:190} INFO - [2026-09-25T17:02:35.056+0000] {dag.py:3239} INFO - Sync 1 DAGs
[2026-09-25T17:02:35.111+0000] {logging_mixin.py:190} INFO - [2026-09-25T17:02:35.109+0000] {dag.py:4180} INFO - Setting next_dagrun for example_params_ui_tutorial to None, run_after=None
[2026-09-25T17:02:35.211+0000] {processor.py:208} INFO - Processing /home/airflow/.local/lib/python3.12/site-packages/airflow/example_dags/example_params_ui_tutorial.py took 0.447 seconds
[2026-09-25T17:03:06.285+0000] {processor.py:186} INFO - Started process (PID=670) to work on /home/airflow/.local/lib/python3.12/site-packages/airflow/example_dags/example_params_ui_tutorial.py
[2026-09-25T17:03:06.288+0000] {processor.py:914} INFO - Processing file /home/airflow/.local/lib/python3.12/site-packages/airflow/example_dags/example_params_ui_tutorial.py for tasks to queue
[2026-09-25T17:03:06.293+0000] {logging_mixin.py:190} INFO - [2026-09-25T17:03:06.292+0000] {dagbag.py:588} INFO - Filling up the DagBag from /home/airflow/.local/lib/python3.12/site-packages/airflow/example_dags/example_params_ui_tutorial.py
[2026-09-25T17:03:06.316+0000] {processor.py:925} INFO - DAG(s) 'example_params_ui_tutorial' retrieved from /home/airflow/.local/lib/python3.12/site-packages/airflow/example_dags/example_params_ui_tutorial.py
[2026-09-25T17:03:06.398+0000] {logging_mixin.py:190} INFO - [2026-09-25T17:03:06.397+0000] {dag.py:3239} INFO - Sync 1 DAGs
[2026-09-25T17:03:06.426+0000] {logging_mixin.py:190} INFO - [2026-09-25T17:03:06.425+0000] {dag.py:4180} INFO - Setting next_dagrun for example_params_ui_tutorial to None, run_after=None
[2026-09-25T17:03:06.459+0000] {processor.py:208} INFO - Processing /home/airflow/.local/lib/python3.12/site-packages/airflow/example_dags/example_params_ui_tutorial.py took 0.195 seconds
[2026-09-25T17:03:36.907+0000] {processor.py:186} INFO - Started process (PID=732) to work on /home/airflow/.local/lib/python3.12/site-packages/airflow/example_dags/example_params_ui_tutorial.py
[2026-09-25T17:03:36.910+0000] {processor.py:914} INFO - Processing file /home/airflow/.local/lib/python3.12/site-packages/airflow/example_dags/example_params_ui_tutorial.py for tasks to queue
[2026-09-25T17:03:36.915+0000] {logging_mixin.py:190} INFO - [2026-09-25T17:03:36.914+0000] {dagbag.py:588} INFO - Filling up the DagBag from /home/airflow/.local/lib/python3.12/site-packages/airflow/example_dags/example_params_ui_tutorial.py
[2026-09-25T17:03:36.934+0000] {processor.py:925} INFO - DAG(s) 'example_params_ui_tutorial' retrieved from /home/airflow/.local/lib/python3.12/site-packages/airflow/example_dags/example_params_ui_tutorial.py
[2026-09-25T17:03:37.081+0000] {logging_mixin.py:190} INFO - [2026-09-25T17:03:37.080+0000] {dag.py:3239} INFO - Sync 1 DAGs
[2026-09-25T17:03:37.127+0000] {logging_mixin.py:190} INFO - [2026-09-25T17:03:37.126+0000] {dag.py:4180} INFO - Setting next_dagrun for example_params_ui_tutorial to None, run_after=None
[2026-09-25T17:03:37.161+0000] {processor.py:208} INFO - Processing /home/airflow/.local/lib/python3.12/site-packages/airflow/example_dags/example_params_ui_tutorial.py took 0.265 seconds
[2026-09-25T17:04:10.827+0000] {processor.py:186} INFO - Started process (PID=796) to work on /home/airflow/.local/lib/python3.12/site-packages/airflow/example_dags/example_params_ui_tutorial.py
[2026-09-25T17:04:10.834+0000] {processor.py:914} INFO - Processing file /home/airflow/.local/lib/python3.12/site-packages/airflow/example_dags/example_params_ui_tutorial.py for tasks to queue
[2026-09-25T17:04:10.871+0000] {logging_mixin.py:190} INFO - [2026-09-25T17:04:10.861+0000] {dagbag.py:588} INFO - Filling up the DagBag from /home/airflow/.local/lib/python3.12/site-packages/airflow/example_dags/example_params_ui_tutorial.py
[2026-09-25T17:04:10.905+0000] {processor.py:925} INFO - DAG(s) 'example_params_ui_tutorial' retrieved from /home/airflow/.local/lib/python3.12/site-packages/airflow/example_dags/example_params_ui_tutorial.py
[2026-09-25T17:04:11.145+0000] {logging_mixin.py:190} INFO - [2026-09-25T17:04:11.145+0000] {dag.py:3239} INFO - Sync 1 DAGs
[2026-09-25T17:04:11.176+0000] {logging_mixin.py:190} INFO - [2026-09-25T17:04:11.176+0000] {dag.py:4180} INFO - Setting next_dagrun for example_params_ui_tutorial to None, run_after=None
[2026-09-25T17:04:11.212+0000] {processor.py:208} INFO - Processing /home/airflow/.local/lib/python3.12/site-packages/airflow/example_dags/example_params_ui_tutorial.py took 0.405 seconds
[2026-09-25T17:04:53.377+0000] {processor.py:186} INFO - Started process (PID=857) to work on /home/airflow/.local/lib/python3.12/site-packages/airflow/example_dags/example_params_ui_tutorial.py
[2026-09-25T17:04:53.380+0000] {processor.py:914} INFO - Processing file /home/airflow/.local/lib/python3.12/site-packages/airflow/example_dags/example_params_ui_tutorial.py for tasks to queue
[2026-09-25T17:04:53.386+0000] {logging_mixin.py:190} INFO - [2026-09-25T17:04:53.386+0000] {dagbag.py:588} INFO - Filling up the DagBag from /home/airflow/.local/lib/python3.12/site-packages/airflow/example_dags/example_params_ui_tutorial.py
[2026-09-25T17:04:53.409+0000] {processor.py:925} INFO - DAG(s) 'example_params_ui_tutorial' retrieved from /home/airflow/.local/lib/python3.12/site-packages/airflow/example_dags/example_params_ui_tutorial.py
[2026-09-25T17:04:53.535+0000] {logging_mixin.py:190} INFO - [2026-09-25T17:04:53.535+0000] {dag.py:3239} INFO - Sync 1 DAGs
[2026-09-25T17:04:53.577+0000] {logging_mixin.py:190} INFO - [2026-09-25T17:04:53.576+0000] {dag.py:4180} INFO - Setting next_dagrun for example_params_ui_tutorial to None, run_after=None
[2026-09-25T17:04:53.618+0000] {processor.py:208} INFO - Processing /home/airflow/.local/lib/python3.12/site-packages/airflow/example_dags/example_params_ui_tutorial.py took 0.254 seconds
[2026-09-25T17:05:28.266+0000] {processor.py:186} INFO - Started process (PID=919) to work on /home/airflow/.local/lib/python3.12/site-packages/airflow/example_dags/example_params_ui_tutorial.py
[2026-09-25T17:05:28.269+0000] {processor.py:914} INFO - Processing file /home/airflow/.local/lib/python3.12/site-packages/airflow/example_dags/example_params_ui_tutorial.py for tasks to queue
[2026-09-25T17:05:28.274+0000] {logging_mixin.py:190} INFO - [2026-09-25T17:05:28.274+0000] {dagbag.py:588} INFO - Filling up the DagBag from /home/airflow/.local/lib/python3.12/site-packages/airflow/example_dags/example_params_ui_tutorial.py
[2026-09-25T17:05:28.300+0000] {processor.py:925} INFO - DAG(s) 'example_params_ui_tutorial' retrieved from /home/airflow/.local/lib/python3.12/site-packages/airflow/example_dags/example_params_ui_tutorial.py
[2026-09-25T17:05:28.437+0000] {logging_mixin.py:190} INFO - [2026-09-25T17:05:28.436+0000] {dag.py:3239} INFO - Sync 1 DAGs
[2026-09-25T17:05:28.498+0000] {logging_mixin.py:190} INFO - [2026-09-25T17:05:28.497+0000] {dag.py:4180} INFO - Setting next_dagrun for example_params_ui_tutorial to None, run_after=None
[2026-09-25T17:05:28.544+0000] {processor.py:208} INFO - Processing /home/airflow/.local/lib/python3.12/site-packages/airflow/example_dags/example_params_ui_tutorial.py took 0.295 seconds
[2026-09-25T17:06:01.800+0000] {processor.py:186} INFO - Started process (PID=982) to work on /home/airflow/.local/lib/python3.12/site-packages/airflow/example_dags/example_params_ui_tutorial.py
[2026-09-25T17:06:01.808+0000] {processor.py:914} INFO - Processing file /home/airflow/.local/lib/python3.12/site-packages/airflow/example_dags/example_params_ui_tutorial.py for tasks to queue
[2026-09-25T17:06:01.817+0000] {logging_mixin.py:190} INFO - [2026-09-25T17:06:01.815+0000] {dagbag.py:588} INFO - Filling up the DagBag from /home/airflow/.local/lib/python3.12/site-packages/airflow/example_dags/example_params_ui_tutorial.py
[2026-09-25T17:06:01.880+0000] {processor.py:925} INFO - DAG(s) 'example_params_ui_tutorial' retrieved from /home/airflow/.local/lib/python3.12/site-packages/airflow/example_dags/example_params_ui_tutorial.py
[2026-09-25T17:06:02.082+0000] {logging_mixin.py:190} INFO - [2026-09-25T17:06:02.081+0000] {dag.py:3239} INFO - Sync 1 DAGs
[2026-09-25T17:06:02.160+0000] {logging_mixin.py:190} INFO - [2026-09-25T17:06:02.160+0000] {dag.py:4180} INFO - Setting next_dagrun for example_params_ui_tutorial to None, run_after=None
[2026-09-25T17:06:02.258+0000] {processor.py:208} INFO - Processing /home/airflow/.local/lib/python3.12/site-packages/airflow/example_dags/example_params_ui_tutorial.py took 0.496 seconds
[2026-09-25T17:06:34.019+0000] {processor.py:186} INFO - Started process (PID=1045) to work on /home/airflow/.local/lib/python3.12/site-packages/airflow/example_dags/example_params_ui_tutorial.py
[2026-09-25T17:06:34.021+0000] {processor.py:914} INFO - Processing file /home/airflow/.local/lib/python3.12/site-packages/airflow/example_dags/example_params_ui_tutorial.py for tasks to queue
[2026-09-25T17:06:34.026+0000] {logging_mixin.py:190} INFO - [2026-09-25T17:06:34.025+0000] {dagbag.py:588} INFO - Filling up the DagBag from /home/airflow/.local/lib/python3.12/site-packages/airflow/example_dags/example_params_ui_tutorial.py
[2026-09-25T17:06:34.044+0000] {processor.py:925} INFO - DAG(s) 'example_params_ui_tutorial' retrieved from /home/airflow/.local/lib/python3.12/site-packages/airflow/example_dags/example_params_ui_tutorial.py
[2026-09-25T17:06:34.139+0000] {logging_mixin.py:190} INFO - [2026-09-25T17:06:34.139+0000] {dag.py:3239} INFO - Sync 1 DAGs
[2026-09-25T17:06:34.172+0000] {logging_mixin.py:190} INFO - [2026-09-25T17:06:34.172+0000] {dag.py:4180} INFO - Setting next_dagrun for example_params_ui_tutorial to None, run_after=None
[2026-09-25T17:06:34.221+0000] {processor.py:208} INFO - Processing /home/airflow/.local/lib/python3.12/site-packages/airflow/example_dags/example_params_ui_tutorial.py took 0.219 seconds
[2026-09-25T17:07:10.302+0000] {processor.py:186} INFO - Started process (PID=1117) to work on /home/airflow/.local/lib/python3.12/site-packages/airflow/example_dags/example_params_ui_tutorial.py
[2026-09-25T17:07:10.304+0000] {processor.py:914} INFO - Processing file /home/airflow/.local/lib/python3.12/site-packages/airflow/example_dags/example_params_ui_tutorial.py for tasks to queue
[2026-09-25T17:07:10.308+0000] {logging_mixin.py:190} INFO - [2026-09-25T17:07:10.307+0000] {dagbag.py:588} INFO - Filling up the DagBag from /home/airflow/.local/lib/python3.12/site-packages/airflow/example_dags/example_params_ui_tutorial.py
[2026-09-25T17:07:10.324+0000] {processor.py:925} INFO - DAG(s) 'example_params_ui_tutorial' retrieved from /home/airflow/.local/lib/python3.12/site-packages/airflow/example_dags/example_params_ui_tutorial.py
[2026-09-25T17:07:10.420+0000] {logging_mixin.py:190} INFO - [2026-09-25T17:07:10.419+0000] {dag.py:3239} INFO - Sync 1 DAGs
[2026-09-25T17:07:10.472+0000] {logging_mixin.py:190} INFO - [2026-09-25T17:07:10.471+0000] {dag.py:4180} INFO - Setting next_dagrun for example_params_ui_tutorial to None, run_after=None
[2026-09-25T17:07:10.514+0000] {processor.py:208} INFO - Processing /home/airflow/.local/lib/python3.12/site-packages/airflow/example_dags/example_params_ui_tutorial.py took 0.223 seconds
[2026-09-25T17:07:44.687+0000] {processor.py:186} INFO - Started process (PID=1180) to work on /home/airflow/.local/lib/python3.12/site-packages/airflow/example_dags/example_params_ui_tutorial.py
[2026-09-25T17:07:44.689+0000] {processor.py:914} INFO - Processing file /home/airflow/.local/lib/python3.12/site-packages/airflow/example_dags/example_params_ui_tutorial.py for tasks to queue
[2026-09-25T17:07:44.694+0000] {logging_mixin.py:190} INFO - [2026-09-25T17:07:44.693+0000] {dagbag.py:588} INFO - Filling up the DagBag from /home/airflow/.local/lib/python3.12/site-packages/airflow/example_dags/example_params_ui_tutorial.py
[2026-09-25T17:07:44.719+0000] {processor.py:925} INFO - DAG(s) 'example_params_ui_tutorial' retrieved from /home/airflow/.local/lib/python3.12/site-packages/airflow/example_dags/example_params_ui_tutorial.py
[2026-09-25T17:07:44.853+0000] {logging_mixin.py:190} INFO - [2026-09-25T17:07:44.852+0000] {dag.py:3239} INFO - Sync 1 DAGs
[2026-09-25T17:07:44.890+0000] {logging_mixin.py:190} INFO - [2026-09-25T17:07:44.889+0000] {dag.py:4180} INFO - Setting next_dagrun for example_params_ui_tutorial to None, run_after=None
[2026-09-25T17:07:44.992+0000] {processor.py:208} INFO - Processing /home/airflow/.local/lib/python3.12/site-packages/airflow/example_dags/example_params_ui_tutorial.py took 0.318 seconds
[2026-09-25T17:08:16.340+0000] {processor.py:186} INFO - Started process (PID=1243) to work on /home/airflow/.local/lib/python3.12/site-packages/airflow/example_dags/example_params_ui_tutorial.py
[2026-09-25T17:08:16.342+0000] {processor.py:914} INFO - Processing file /home/airflow/.local/lib/python3.12/site-packages/airflow/example_dags/example_params_ui_tutorial.py for tasks to queue
[2026-09-25T17:08:16.348+0000] {logging_mixin.py:190} INFO - [2026-09-25T17:08:16.348+0000] {dagbag.py:588} INFO - Filling up the DagBag from /home/airflow/.local/lib/python3.12/site-packages/airflow/example_dags/example_params_ui_tutorial.py
[2026-09-25T17:08:16.373+0000] {processor.py:925} INFO - DAG(s) 'example_params_ui_tutorial' retrieved from /home/airflow/.local/lib/python3.12/site-packages/airflow/example_dags/example_params_ui_tutorial.py
[2026-09-25T17:08:16.481+0000] {logging_mixin.py:190} INFO - [2026-09-25T17:08:16.480+0000] {dag.py:3239} INFO - Sync 1 DAGs
[2026-09-25T17:08:16.507+0000] {logging_mixin.py:190} INFO - [2026-09-25T17:08:16.507+0000] {dag.py:4180} INFO - Setting next_dagrun for example_params_ui_tutorial to None, run_after=None
[2026-09-25T17:08:16.543+0000] {processor.py:208} INFO - Processing /home/airflow/.local/lib/python3.12/site-packages/airflow/example_dags/example_params_ui_tutorial.py took 0.216 seconds
[2026-09-25T17:08:52.344+0000] {processor.py:186} INFO - Started process (PID=1307) to work on /home/airflow/.local/lib/python3.12/site-packages/airflow/example_dags/example_params_ui_tutorial.py
[2026-09-25T17:08:52.348+0000] {processor.py:914} INFO - Processing file /home/airflow/.local/lib/python3.12/site-packages/airflow/example_dags/example_params_ui_tutorial.py for tasks to queue
[2026-09-25T17:08:52.354+0000] {logging_mixin.py:190} INFO - [2026-09-25T17:08:52.353+0000] {dagbag.py:588} INFO - Filling up the DagBag from /home/airflow/.local/lib/python3.12/site-packages/airflow/example_dags/example_params_ui_tutorial.py
[2026-09-25T17:08:52.565+0000] {processor.py:925} INFO - DAG(s) 'example_params_ui_tutorial' retrieved from /home/airflow/.local/lib/python3.12/site-packages/airflow/example_dags/example_params_ui_tutorial.py
[2026-09-25T17:08:52.842+0000] {logging_mixin.py:190} INFO - [2026-09-25T17:08:52.840+0000] {dag.py:3239} INFO - Sync 1 DAGs
[2026-09-25T17:08:52.883+0000] {logging_mixin.py:190} INFO - [2026-09-25T17:08:52.882+0000] {dag.py:4180} INFO - Setting next_dagrun for example_params_ui_tutorial to None, run_after=None
[2026-09-25T17:08:52.922+0000] {processor.py:208} INFO - Processing /home/airflow/.local/lib/python3.12/site-packages/airflow/example_dags/example_params_ui_tutorial.py took 0.733 seconds
[2026-09-25T17:09:34.200+0000] {processor.py:186} INFO - Started process (PID=1376) to work on /home/airflow/.local/lib/python3.12/site-packages/airflow/example_dags/example_params_ui_tutorial.py
[2026-09-25T17:09:34.224+0000] {processor.py:914} INFO - Processing file /home/airflow/.local/lib/python3.12/site-packages/airflow/example_dags/example_params_ui_tutorial.py for tasks to queue
[2026-09-25T17:09:34.240+0000] {logging_mixin.py:190} INFO - [2026-09-25T17:09:34.239+0000] {dagbag.py:588} INFO - Filling up the DagBag from /home/airflow/.local/lib/python3.12/site-packages/airflow/example_dags/example_params_ui_tutorial.py
[2026-09-25T17:09:34.292+0000] {processor.py:925} INFO - DAG(s) 'example_params_ui_tutorial' retrieved from /home/airflow/.local/lib/python3.12/site-packages/airflow/example_dags/example_params_ui_tutorial.py
[2026-09-25T17:09:34.609+0000] {logging_mixin.py:190} INFO - [2026-09-25T17:09:34.606+0000] {dag.py:3239} INFO - Sync 1 DAGs
[2026-09-25T17:09:34.779+0000] {logging_mixin.py:190} INFO - [2026-09-25T17:09:34.778+0000] {dag.py:4180} INFO - Setting next_dagrun for example_params_ui_tutorial to None, run_after=None
[2026-09-25T17:09:34.907+0000] {processor.py:208} INFO - Processing /home/airflow/.local/lib/python3.12/site-packages/airflow/example_dags/example_params_ui_tutorial.py took 0.731 seconds
[2026-09-25T17:11:28.541+0000] {processor.py:186} INFO - Started process (PID=1461) to work on /home/airflow/.local/lib/python3.12/site-packages/airflow/example_dags/example_params_ui_tutorial.py
[2026-09-25T17:11:28.604+0000] {processor.py:914} INFO - Processing file /home/airflow/.local/lib/python3.12/site-packages/airflow/example_dags/example_params_ui_tutorial.py for tasks to queue
[2026-09-25T17:11:28.727+0000] {logging_mixin.py:190} INFO - [2026-09-25T17:11:28.723+0000] {dagbag.py:588} INFO - Filling up the DagBag from /home/airflow/.local/lib/python3.12/site-packages/airflow/example_dags/example_params_ui_tutorial.py
[2026-09-25T17:11:29.181+0000] {processor.py:925} INFO - DAG(s) 'example_params_ui_tutorial' retrieved from /home/airflow/.local/lib/python3.12/site-packages/airflow/example_dags/example_params_ui_tutorial.py
[2026-09-25T17:11:31.305+0000] {logging_mixin.py:190} INFO - [2026-09-25T17:11:31.304+0000] {dag.py:3239} INFO - Sync 1 DAGs
[2026-09-25T17:11:31.858+0000] {logging_mixin.py:190} INFO - [2026-09-25T17:11:31.851+0000] {dag.py:4180} INFO - Setting next_dagrun for example_params_ui_tutorial to None, run_after=None
[2026-09-25T17:11:32.143+0000] {processor.py:208} INFO - Processing /home/airflow/.local/lib/python3.12/site-packages/airflow/example_dags/example_params_ui_tutorial.py took 3.677 seconds
[2026-09-25T17:13:09.372+0000] {processor.py:186} INFO - Started process (PID=1512) to work on /home/airflow/.local/lib/python3.12/site-packages/airflow/example_dags/example_params_ui_tutorial.py
[2026-09-25T17:13:09.384+0000] {processor.py:914} INFO - Processing file /home/airflow/.local/lib/python3.12/site-packages/airflow/example_dags/example_params_ui_tutorial.py for tasks to queue
[2026-09-25T17:13:09.437+0000] {logging_mixin.py:190} INFO - [2026-09-25T17:13:09.436+0000] {dagbag.py:588} INFO - Filling up the DagBag from /home/airflow/.local/lib/python3.12/site-packages/airflow/example_dags/example_params_ui_tutorial.py
[2026-09-25T17:13:09.584+0000] {processor.py:925} INFO - DAG(s) 'example_params_ui_tutorial' retrieved from /home/airflow/.local/lib/python3.12/site-packages/airflow/example_dags/example_params_ui_tutorial.py
[2026-09-25T17:13:10.299+0000] {logging_mixin.py:190} INFO - [2026-09-25T17:13:10.299+0000] {dag.py:3239} INFO - Sync 1 DAGs
[2026-09-25T17:13:10.543+0000] {logging_mixin.py:190} INFO - [2026-09-25T17:13:10.543+0000] {dag.py:4180} INFO - Setting next_dagrun for example_params_ui_tutorial to None, run_after=None
[2026-09-25T17:13:10.689+0000] {processor.py:208} INFO - Processing /home/airflow/.local/lib/python3.12/site-packages/airflow/example_dags/example_params_ui_tutorial.py took 1.422 seconds
[2026-09-25T17:14:40.023+0000] {processor.py:186} INFO - Started process (PID=1569) to work on /home/airflow/.local/lib/python3.12/site-packages/airflow/example_dags/example_params_ui_tutorial.py
[2026-09-25T17:14:40.028+0000] {processor.py:914} INFO - Processing file /home/airflow/.local/lib/python3.12/site-packages/airflow/example_dags/example_params_ui_tutorial.py for tasks to queue
[2026-09-25T17:14:40.049+0000] {logging_mixin.py:190} INFO - [2026-09-25T17:14:40.048+0000] {dagbag.py:588} INFO - Filling up the DagBag from /home/airflow/.local/lib/python3.12/site-packages/airflow/example_dags/example_params_ui_tutorial.py
[2026-09-25T17:14:40.115+0000] {processor.py:925} INFO - DAG(s) 'example_params_ui_tutorial' retrieved from /home/airflow/.local/lib/python3.12/site-packages/airflow/example_dags/example_params_ui_tutorial.py
[2026-09-25T17:14:41.259+0000] {logging_mixin.py:190} INFO - [2026-09-25T17:14:41.258+0000] {dag.py:3239} INFO - Sync 1 DAGs
[2026-09-25T17:14:42.411+0000] {logging_mixin.py:190} INFO - [2026-09-25T17:14:42.410+0000] {dag.py:4180} INFO - Setting next_dagrun for example_params_ui_tutorial to None, run_after=None
[2026-09-25T17:14:42.871+0000] {processor.py:208} INFO - Processing /home/airflow/.local/lib/python3.12/site-packages/airflow/example_dags/example_params_ui_tutorial.py took 2.910 seconds
[2026-09-25T17:15:21.606+0000] {processor.py:186} INFO - Started process (PID=1632) to work on /home/airflow/.local/lib/python3.12/site-packages/airflow/example_dags/example_params_ui_tutorial.py
[2026-09-25T17:15:21.610+0000] {processor.py:914} INFO - Processing file /home/airflow/.local/lib/python3.12/site-packages/airflow/example_dags/example_params_ui_tutorial.py for tasks to queue
[2026-09-25T17:15:21.624+0000] {logging_mixin.py:190} INFO - [2026-09-25T17:15:21.623+0000] {dagbag.py:588} INFO - Filling up the DagBag from /home/airflow/.local/lib/python3.12/site-packages/airflow/example_dags/example_params_ui_tutorial.py
[2026-09-25T17:15:21.669+0000] {processor.py:925} INFO - DAG(s) 'example_params_ui_tutorial' retrieved from /home/airflow/.local/lib/python3.12/site-packages/airflow/example_dags/example_params_ui_tutorial.py
[2026-09-25T17:15:22.059+0000] {logging_mixin.py:190} INFO - [2026-09-25T17:15:22.059+0000] {dag.py:3239} INFO - Sync 1 DAGs
[2026-09-25T17:15:22.107+0000] {logging_mixin.py:190} INFO - [2026-09-25T17:15:22.106+0000] {dag.py:4180} INFO - Setting next_dagrun for example_params_ui_tutorial to None, run_after=None
[2026-09-25T17:15:22.182+0000] {processor.py:208} INFO - Processing /home/airflow/.local/lib/python3.12/site-packages/airflow/example_dags/example_params_ui_tutorial.py took 0.591 seconds
[2026-09-25T17:15:57.732+0000] {processor.py:186} INFO - Started process (PID=1698) to work on /home/airflow/.local/lib/python3.12/site-packages/airflow/example_dags/example_params_ui_tutorial.py
[2026-09-25T17:15:57.745+0000] {processor.py:914} INFO - Processing file /home/airflow/.local/lib/python3.12/site-packages/airflow/example_dags/example_params_ui_tutorial.py for tasks to queue
[2026-09-25T17:15:57.757+0000] {logging_mixin.py:190} INFO - [2026-09-25T17:15:57.756+0000] {dagbag.py:588} INFO - Filling up the DagBag from /home/airflow/.local/lib/python3.12/site-packages/airflow/example_dags/example_params_ui_tutorial.py
[2026-09-25T17:15:57.791+0000] {processor.py:925} INFO - DAG(s) 'example_params_ui_tutorial' retrieved from /home/airflow/.local/lib/python3.12/site-packages/airflow/example_dags/example_params_ui_tutorial.py
[2026-09-25T17:15:58.076+0000] {logging_mixin.py:190} INFO - [2026-09-25T17:15:58.075+0000] {dag.py:3239} INFO - Sync 1 DAGs
[2026-09-25T17:15:58.170+0000] {logging_mixin.py:190} INFO - [2026-09-25T17:15:58.169+0000] {dag.py:4180} INFO - Setting next_dagrun for example_params_ui_tutorial to None, run_after=None
[2026-09-25T17:15:58.243+0000] {processor.py:208} INFO - Processing /home/airflow/.local/lib/python3.12/site-packages/airflow/example_dags/example_params_ui_tutorial.py took 0.530 seconds
[2026-09-25T17:16:45.326+0000] {processor.py:186} INFO - Started process (PID=1748) to work on /home/airflow/.local/lib/python3.12/site-packages/airflow/example_dags/example_params_ui_tutorial.py
[2026-09-25T17:16:45.334+0000] {processor.py:914} INFO - Processing file /home/airflow/.local/lib/python3.12/site-packages/airflow/example_dags/example_params_ui_tutorial.py for tasks to queue
[2026-09-25T17:16:45.354+0000] {logging_mixin.py:190} INFO - [2026-09-25T17:16:45.353+0000] {dagbag.py:588} INFO - Filling up the DagBag from /home/airflow/.local/lib/python3.12/site-packages/airflow/example_dags/example_params_ui_tutorial.py
[2026-09-25T17:16:45.405+0000] {processor.py:925} INFO - DAG(s) 'example_params_ui_tutorial' retrieved from /home/airflow/.local/lib/python3.12/site-packages/airflow/example_dags/example_params_ui_tutorial.py
[2026-09-25T17:16:45.612+0000] {logging_mixin.py:190} INFO - [2026-09-25T17:16:45.611+0000] {dag.py:3239} INFO - Sync 1 DAGs
[2026-09-25T17:16:45.720+0000] {logging_mixin.py:190} INFO - [2026-09-25T17:16:45.720+0000] {dag.py:4180} INFO - Setting next_dagrun for example_params_ui_tutorial to None, run_after=None
[2026-09-25T17:16:45.860+0000] {processor.py:208} INFO - Processing /home/airflow/.local/lib/python3.12/site-packages/airflow/example_dags/example_params_ui_tutorial.py took 0.589 seconds
[2026-09-25T17:17:17.763+0000] {processor.py:186} INFO - Started process (PID=1810) to work on /home/airflow/.local/lib/python3.12/site-packages/airflow/example_dags/example_params_ui_tutorial.py
[2026-09-25T17:17:17.765+0000] {processor.py:914} INFO - Processing file /home/airflow/.local/lib/python3.12/site-packages/airflow/example_dags/example_params_ui_tutorial.py for tasks to queue
[2026-09-25T17:17:17.769+0000] {logging_mixin.py:190} INFO - [2026-09-25T17:17:17.769+0000] {dagbag.py:588} INFO - Filling up the DagBag from /home/airflow/.local/lib/python3.12/site-packages/airflow/example_dags/example_params_ui_tutorial.py
[2026-09-25T17:17:17.796+0000] {processor.py:925} INFO - DAG(s) 'example_params_ui_tutorial' retrieved from /home/airflow/.local/lib/python3.12/site-packages/airflow/example_dags/example_params_ui_tutorial.py
[2026-09-25T17:17:17.962+0000] {logging_mixin.py:190} INFO - [2026-09-25T17:17:17.961+0000] {dag.py:3239} INFO - Sync 1 DAGs
[2026-09-25T17:17:18.007+0000] {logging_mixin.py:190} INFO - [2026-09-25T17:17:18.006+0000] {dag.py:4180} INFO - Setting next_dagrun for example_params_ui_tutorial to None, run_after=None
[2026-09-25T17:17:18.077+0000] {processor.py:208} INFO - Processing /home/airflow/.local/lib/python3.12/site-packages/airflow/example_dags/example_params_ui_tutorial.py took 0.328 seconds
[2026-09-25T17:17:53.664+0000] {processor.py:186} INFO - Started process (PID=1873) to work on /home/airflow/.local/lib/python3.12/site-packages/airflow/example_dags/example_params_ui_tutorial.py
[2026-09-25T17:17:53.668+0000] {processor.py:914} INFO - Processing file /home/airflow/.local/lib/python3.12/site-packages/airflow/example_dags/example_params_ui_tutorial.py for tasks to queue
[2026-09-25T17:17:53.676+0000] {logging_mixin.py:190} INFO - [2026-09-25T17:17:53.675+0000] {dagbag.py:588} INFO - Filling up the DagBag from /home/airflow/.local/lib/python3.12/site-packages/airflow/example_dags/example_params_ui_tutorial.py
[2026-09-25T17:17:53.700+0000] {processor.py:925} INFO - DAG(s) 'example_params_ui_tutorial' retrieved from /home/airflow/.local/lib/python3.12/site-packages/airflow/example_dags/example_params_ui_tutorial.py
[2026-09-25T17:17:53.856+0000] {logging_mixin.py:190} INFO - [2026-09-25T17:17:53.855+0000] {dag.py:3239} INFO - Sync 1 DAGs
[2026-09-25T17:17:53.901+0000] {logging_mixin.py:190} INFO - [2026-09-25T17:17:53.901+0000] {dag.py:4180} INFO - Setting next_dagrun for example_params_ui_tutorial to None, run_after=None
[2026-09-25T17:17:53.971+0000] {processor.py:208} INFO - Processing /home/airflow/.local/lib/python3.12/site-packages/airflow/example_dags/example_params_ui_tutorial.py took 0.319 seconds
[2026-09-25T17:18:30.990+0000] {processor.py:186} INFO - Started process (PID=1945) to work on /home/airflow/.local/lib/python3.12/site-packages/airflow/example_dags/example_params_ui_tutorial.py
[2026-09-25T17:18:30.992+0000] {processor.py:914} INFO - Processing file /home/airflow/.local/lib/python3.12/site-packages/airflow/example_dags/example_params_ui_tutorial.py for tasks to queue
[2026-09-25T17:18:30.999+0000] {logging_mixin.py:190} INFO - [2026-09-25T17:18:30.998+0000] {dagbag.py:588} INFO - Filling up the DagBag from /home/airflow/.local/lib/python3.12/site-packages/airflow/example_dags/example_params_ui_tutorial.py
[2026-09-25T17:18:31.035+0000] {processor.py:925} INFO - DAG(s) 'example_params_ui_tutorial' retrieved from /home/airflow/.local/lib/python3.12/site-packages/airflow/example_dags/example_params_ui_tutorial.py
[2026-09-25T17:18:31.187+0000] {logging_mixin.py:190} INFO - [2026-09-25T17:18:31.187+0000] {dag.py:3239} INFO - Sync 1 DAGs
[2026-09-25T17:18:31.258+0000] {logging_mixin.py:190} INFO - [2026-09-25T17:18:31.256+0000] {dag.py:4180} INFO - Setting next_dagrun for example_params_ui_tutorial to None, run_after=None
[2026-09-25T17:18:31.325+0000] {processor.py:208} INFO - Processing /home/airflow/.local/lib/python3.12/site-packages/airflow/example_dags/example_params_ui_tutorial.py took 0.351 seconds
[2026-09-25T17:19:04.350+0000] {processor.py:186} INFO - Started process (PID=2008) to work on /home/airflow/.local/lib/python3.12/site-packages/airflow/example_dags/example_params_ui_tutorial.py
[2026-09-25T17:19:04.354+0000] {processor.py:914} INFO - Processing file /home/airflow/.local/lib/python3.12/site-packages/airflow/example_dags/example_params_ui_tutorial.py for tasks to queue
[2026-09-25T17:19:04.359+0000] {logging_mixin.py:190} INFO - [2026-09-25T17:19:04.358+0000] {dagbag.py:588} INFO - Filling up the DagBag from /home/airflow/.local/lib/python3.12/site-packages/airflow/example_dags/example_params_ui_tutorial.py
[2026-09-25T17:19:04.383+0000] {processor.py:925} INFO - DAG(s) 'example_params_ui_tutorial' retrieved from /home/airflow/.local/lib/python3.12/site-packages/airflow/example_dags/example_params_ui_tutorial.py
[2026-09-25T17:19:04.553+0000] {logging_mixin.py:190} INFO - [2026-09-25T17:19:04.552+0000] {dag.py:3239} INFO - Sync 1 DAGs
[2026-09-25T17:19:04.600+0000] {logging_mixin.py:190} INFO - [2026-09-25T17:19:04.600+0000] {dag.py:4180} INFO - Setting next_dagrun for example_params_ui_tutorial to None, run_after=None
[2026-09-25T17:19:04.661+0000] {processor.py:208} INFO - Processing /home/airflow/.local/lib/python3.12/site-packages/airflow/example_dags/example_params_ui_tutorial.py took 0.340 seconds
[2026-09-25T17:19:36.302+0000] {processor.py:186} INFO - Started process (PID=2070) to work on /home/airflow/.local/lib/python3.12/site-packages/airflow/example_dags/example_params_ui_tutorial.py
[2026-09-25T17:19:36.324+0000] {processor.py:914} INFO - Processing file /home/airflow/.local/lib/python3.12/site-packages/airflow/example_dags/example_params_ui_tutorial.py for tasks to queue
[2026-09-25T17:19:36.367+0000] {logging_mixin.py:190} INFO - [2026-09-25T17:19:36.366+0000] {dagbag.py:588} INFO - Filling up the DagBag from /home/airflow/.local/lib/python3.12/site-packages/airflow/example_dags/example_params_ui_tutorial.py
[2026-09-25T17:19:36.487+0000] {processor.py:925} INFO - DAG(s) 'example_params_ui_tutorial' retrieved from /home/airflow/.local/lib/python3.12/site-packages/airflow/example_dags/example_params_ui_tutorial.py
[2026-09-25T17:19:36.692+0000] {logging_mixin.py:190} INFO - [2026-09-25T17:19:36.691+0000] {dag.py:3239} INFO - Sync 1 DAGs
[2026-09-25T17:19:36.762+0000] {logging_mixin.py:190} INFO - [2026-09-25T17:19:36.761+0000] {dag.py:4180} INFO - Setting next_dagrun for example_params_ui_tutorial to None, run_after=None
[2026-09-25T17:19:36.814+0000] {processor.py:208} INFO - Processing /home/airflow/.local/lib/python3.12/site-packages/airflow/example_dags/example_params_ui_tutorial.py took 0.628 seconds
[2026-09-25T17:20:07.515+0000] {processor.py:186} INFO - Started process (PID=2132) to work on /home/airflow/.local/lib/python3.12/site-packages/airflow/example_dags/example_params_ui_tutorial.py
[2026-09-25T17:20:07.518+0000] {processor.py:914} INFO - Processing file /home/airflow/.local/lib/python3.12/site-packages/airflow/example_dags/example_params_ui_tutorial.py for tasks to queue
[2026-09-25T17:20:07.527+0000] {logging_mixin.py:190} INFO - [2026-09-25T17:20:07.526+0000] {dagbag.py:588} INFO - Filling up the DagBag from /home/airflow/.local/lib/python3.12/site-packages/airflow/example_dags/example_params_ui_tutorial.py
[2026-09-25T17:20:07.579+0000] {processor.py:925} INFO - DAG(s) 'example_params_ui_tutorial' retrieved from /home/airflow/.local/lib/python3.12/site-packages/airflow/example_dags/example_params_ui_tutorial.py
[2026-09-25T17:20:07.757+0000] {logging_mixin.py:190} INFO - [2026-09-25T17:20:07.757+0000] {dag.py:3239} INFO - Sync 1 DAGs
[2026-09-25T17:20:07.821+0000] {logging_mixin.py:190} INFO - [2026-09-25T17:20:07.820+0000] {dag.py:4180} INFO - Setting next_dagrun for example_params_ui_tutorial to None, run_after=None
[2026-09-25T17:20:07.888+0000] {processor.py:208} INFO - Processing /home/airflow/.local/lib/python3.12/site-packages/airflow/example_dags/example_params_ui_tutorial.py took 0.391 seconds
[2026-09-25T17:20:55.796+0000] {processor.py:186} INFO - Started process (PID=2194) to work on /home/airflow/.local/lib/python3.12/site-packages/airflow/example_dags/example_params_ui_tutorial.py
[2026-09-25T17:20:55.802+0000] {processor.py:914} INFO - Processing file /home/airflow/.local/lib/python3.12/site-packages/airflow/example_dags/example_params_ui_tutorial.py for tasks to queue
[2026-09-25T17:20:55.816+0000] {logging_mixin.py:190} INFO - [2026-09-25T17:20:55.812+0000] {dagbag.py:588} INFO - Filling up the DagBag from /home/airflow/.local/lib/python3.12/site-packages/airflow/example_dags/example_params_ui_tutorial.py
[2026-09-25T17:20:55.863+0000] {processor.py:925} INFO - DAG(s) 'example_params_ui_tutorial' retrieved from /home/airflow/.local/lib/python3.12/site-packages/airflow/example_dags/example_params_ui_tutorial.py
[2026-09-25T17:20:56.461+0000] {logging_mixin.py:190} INFO - [2026-09-25T17:20:56.460+0000] {dag.py:3239} INFO - Sync 1 DAGs
[2026-09-25T17:20:56.612+0000] {logging_mixin.py:190} INFO - [2026-09-25T17:20:56.610+0000] {dag.py:4180} INFO - Setting next_dagrun for example_params_ui_tutorial to None, run_after=None
[2026-09-25T17:20:56.776+0000] {processor.py:208} INFO - Processing /home/airflow/.local/lib/python3.12/site-packages/airflow/example_dags/example_params_ui_tutorial.py took 1.032 seconds
[2026-09-25T17:21:29.569+0000] {processor.py:186} INFO - Started process (PID=2253) to work on /home/airflow/.local/lib/python3.12/site-packages/airflow/example_dags/example_params_ui_tutorial.py
[2026-09-25T17:21:29.576+0000] {processor.py:914} INFO - Processing file /home/airflow/.local/lib/python3.12/site-packages/airflow/example_dags/example_params_ui_tutorial.py for tasks to queue
[2026-09-25T17:21:29.586+0000] {logging_mixin.py:190} INFO - [2026-09-25T17:21:29.585+0000] {dagbag.py:588} INFO - Filling up the DagBag from /home/airflow/.local/lib/python3.12/site-packages/airflow/example_dags/example_params_ui_tutorial.py
[2026-09-25T17:21:29.625+0000] {processor.py:925} INFO - DAG(s) 'example_params_ui_tutorial' retrieved from /home/airflow/.local/lib/python3.12/site-packages/airflow/example_dags/example_params_ui_tutorial.py
[2026-09-25T17:21:29.940+0000] {logging_mixin.py:190} INFO - [2026-09-25T17:21:29.940+0000] {dag.py:3239} INFO - Sync 1 DAGs
[2026-09-25T17:21:30.056+0000] {logging_mixin.py:190} INFO - [2026-09-25T17:21:30.036+0000] {dag.py:4180} INFO - Setting next_dagrun for example_params_ui_tutorial to None, run_after=None
[2026-09-25T17:21:30.386+0000] {processor.py:208} INFO - Processing /home/airflow/.local/lib/python3.12/site-packages/airflow/example_dags/example_params_ui_tutorial.py took 0.865 seconds
[2026-09-25T17:22:25.842+0000] {processor.py:186} INFO - Started process (PID=2297) to work on /home/airflow/.local/lib/python3.12/site-packages/airflow/example_dags/example_params_ui_tutorial.py
[2026-09-25T17:22:25.846+0000] {processor.py:914} INFO - Processing file /home/airflow/.local/lib/python3.12/site-packages/airflow/example_dags/example_params_ui_tutorial.py for tasks to queue
[2026-09-25T17:22:25.852+0000] {logging_mixin.py:190} INFO - [2026-09-25T17:22:25.851+0000] {dagbag.py:588} INFO - Filling up the DagBag from /home/airflow/.local/lib/python3.12/site-packages/airflow/example_dags/example_params_ui_tutorial.py
[2026-09-25T17:22:25.896+0000] {processor.py:925} INFO - DAG(s) 'example_params_ui_tutorial' retrieved from /home/airflow/.local/lib/python3.12/site-packages/airflow/example_dags/example_params_ui_tutorial.py
[2026-09-25T17:22:26.525+0000] {logging_mixin.py:190} INFO - [2026-09-25T17:22:26.524+0000] {dag.py:3239} INFO - Sync 1 DAGs
[2026-09-25T17:22:26.723+0000] {logging_mixin.py:190} INFO - [2026-09-25T17:22:26.720+0000] {dag.py:4180} INFO - Setting next_dagrun for example_params_ui_tutorial to None, run_after=None
[2026-09-25T17:22:26.961+0000] {processor.py:208} INFO - Processing /home/airflow/.local/lib/python3.12/site-packages/airflow/example_dags/example_params_ui_tutorial.py took 1.139 seconds
[2026-09-25T17:23:05.525+0000] {processor.py:186} INFO - Started process (PID=2366) to work on /home/airflow/.local/lib/python3.12/site-packages/airflow/example_dags/example_params_ui_tutorial.py
[2026-09-25T17:23:05.542+0000] {processor.py:914} INFO - Processing file /home/airflow/.local/lib/python3.12/site-packages/airflow/example_dags/example_params_ui_tutorial.py for tasks to queue
[2026-09-25T17:23:05.570+0000] {logging_mixin.py:190} INFO - [2026-09-25T17:23:05.570+0000] {dagbag.py:588} INFO - Filling up the DagBag from /home/airflow/.local/lib/python3.12/site-packages/airflow/example_dags/example_params_ui_tutorial.py
[2026-09-25T17:23:05.642+0000] {processor.py:925} INFO - DAG(s) 'example_params_ui_tutorial' retrieved from /home/airflow/.local/lib/python3.12/site-packages/airflow/example_dags/example_params_ui_tutorial.py
[2026-09-25T17:23:06.306+0000] {logging_mixin.py:190} INFO - [2026-09-25T17:23:06.305+0000] {dag.py:3239} INFO - Sync 1 DAGs
[2026-09-25T17:23:06.460+0000] {logging_mixin.py:190} INFO - [2026-09-25T17:23:06.446+0000] {dag.py:4180} INFO - Setting next_dagrun for example_params_ui_tutorial to None, run_after=None
[2026-09-25T17:23:07.086+0000] {processor.py:208} INFO - Processing /home/airflow/.local/lib/python3.12/site-packages/airflow/example_dags/example_params_ui_tutorial.py took 1.629 seconds
[2026-09-25T17:23:42.834+0000] {processor.py:186} INFO - Started process (PID=2428) to work on /home/airflow/.local/lib/python3.12/site-packages/airflow/example_dags/example_params_ui_tutorial.py
[2026-09-25T17:23:42.840+0000] {processor.py:914} INFO - Processing file /home/airflow/.local/lib/python3.12/site-packages/airflow/example_dags/example_params_ui_tutorial.py for tasks to queue
[2026-09-25T17:23:42.856+0000] {logging_mixin.py:190} INFO - [2026-09-25T17:23:42.850+0000] {dagbag.py:588} INFO - Filling up the DagBag from /home/airflow/.local/lib/python3.12/site-packages/airflow/example_dags/example_params_ui_tutorial.py
[2026-09-25T17:23:42.930+0000] {processor.py:925} INFO - DAG(s) 'example_params_ui_tutorial' retrieved from /home/airflow/.local/lib/python3.12/site-packages/airflow/example_dags/example_params_ui_tutorial.py
[2026-09-25T17:23:43.572+0000] {logging_mixin.py:190} INFO - [2026-09-25T17:23:43.571+0000] {dag.py:3239} INFO - Sync 1 DAGs
[2026-09-25T17:23:43.691+0000] {logging_mixin.py:190} INFO - [2026-09-25T17:23:43.690+0000] {dag.py:4180} INFO - Setting next_dagrun for example_params_ui_tutorial to None, run_after=None
[2026-09-25T17:23:43.855+0000] {processor.py:208} INFO - Processing /home/airflow/.local/lib/python3.12/site-packages/airflow/example_dags/example_params_ui_tutorial.py took 1.092 seconds
[2026-09-25T17:24:17.917+0000] {processor.py:186} INFO - Started process (PID=2491) to work on /home/airflow/.local/lib/python3.12/site-packages/airflow/example_dags/example_params_ui_tutorial.py
[2026-09-25T17:24:17.927+0000] {processor.py:914} INFO - Processing file /home/airflow/.local/lib/python3.12/site-packages/airflow/example_dags/example_params_ui_tutorial.py for tasks to queue
[2026-09-25T17:24:17.950+0000] {logging_mixin.py:190} INFO - [2026-09-25T17:24:17.943+0000] {dagbag.py:588} INFO - Filling up the DagBag from /home/airflow/.local/lib/python3.12/site-packages/airflow/example_dags/example_params_ui_tutorial.py
[2026-09-25T17:24:18.050+0000] {processor.py:925} INFO - DAG(s) 'example_params_ui_tutorial' retrieved from /home/airflow/.local/lib/python3.12/site-packages/airflow/example_dags/example_params_ui_tutorial.py
[2026-09-25T17:24:18.328+0000] {logging_mixin.py:190} INFO - [2026-09-25T17:24:18.327+0000] {dag.py:3239} INFO - Sync 1 DAGs
[2026-09-25T17:24:18.500+0000] {logging_mixin.py:190} INFO - [2026-09-25T17:24:18.498+0000] {dag.py:4180} INFO - Setting next_dagrun for example_params_ui_tutorial to None, run_after=None
[2026-09-25T17:24:18.690+0000] {processor.py:208} INFO - Processing /home/airflow/.local/lib/python3.12/site-packages/airflow/example_dags/example_params_ui_tutorial.py took 0.793 seconds
[2026-09-25T17:24:49.346+0000] {processor.py:186} INFO - Started process (PID=2553) to work on /home/airflow/.local/lib/python3.12/site-packages/airflow/example_dags/example_params_ui_tutorial.py
[2026-09-25T17:24:49.349+0000] {processor.py:914} INFO - Processing file /home/airflow/.local/lib/python3.12/site-packages/airflow/example_dags/example_params_ui_tutorial.py for tasks to queue
[2026-09-25T17:24:49.355+0000] {logging_mixin.py:190} INFO - [2026-09-25T17:24:49.354+0000] {dagbag.py:588} INFO - Filling up the DagBag from /home/airflow/.local/lib/python3.12/site-packages/airflow/example_dags/example_params_ui_tutorial.py
[2026-09-25T17:24:49.382+0000] {processor.py:925} INFO - DAG(s) 'example_params_ui_tutorial' retrieved from /home/airflow/.local/lib/python3.12/site-packages/airflow/example_dags/example_params_ui_tutorial.py
[2026-09-25T17:24:49.532+0000] {logging_mixin.py:190} INFO - [2026-09-25T17:24:49.531+0000] {dag.py:3239} INFO - Sync 1 DAGs
[2026-09-25T17:24:49.642+0000] {logging_mixin.py:190} INFO - [2026-09-25T17:24:49.642+0000] {dag.py:4180} INFO - Setting next_dagrun for example_params_ui_tutorial to None, run_after=None
[2026-09-25T17:24:49.760+0000] {processor.py:208} INFO - Processing /home/airflow/.local/lib/python3.12/site-packages/airflow/example_dags/example_params_ui_tutorial.py took 0.434 seconds
