[2026-09-25T16:15:44.968+0000] {processor.py:186} INFO - Started process (PID=108) to work on /home/airflow/.local/lib/python3.12/site-packages/airflow/example_dags/example_sensor_decorator.py
[2026-09-25T16:15:44.996+0000] {processor.py:914} INFO - Processing file /home/airflow/.local/lib/python3.12/site-packages/airflow/example_dags/example_sensor_decorator.py for tasks to queue
[2026-09-25T16:15:45.146+0000] {logging_mixin.py:190} INFO - [2026-09-25T16:15:45.127+0000] {dagbag.py:588} INFO - Filling up the DagBag from /home/airflow/.local/lib/python3.12/site-packages/airflow/example_dags/example_sensor_decorator.py
[2026-09-25T16:15:45.579+0000] {processor.py:925} INFO - DAG(s) 'example_sensor_decorator' retrieved from /home/airflow/.local/lib/python3.12/site-packages/airflow/example_dags/example_sensor_decorator.py
[2026-09-25T16:15:45.870+0000] {logging_mixin.py:190} INFO - [2026-09-25T16:15:45.869+0000] {dag.py:3239} INFO - Sync 1 DAGs
[2026-09-25T16:15:46.100+0000] {logging_mixin.py:190} INFO - [2026-09-25T16:15:46.089+0000] {dag.py:4180} INFO - Setting next_dagrun for example_sensor_decorator to None, run_after=None
[2026-09-25T16:15:46.328+0000] {processor.py:208} INFO - Processing /home/airflow/.local/lib/python3.12/site-packages/airflow/example_dags/example_sensor_decorator.py took 1.435 seconds
[2026-09-25T16:18:32.184+0000] {processor.py:186} INFO - Started process (PID=201) to work on /home/airflow/.local/lib/python3.12/site-packages/airflow/example_dags/example_sensor_decorator.py
[2026-09-25T16:18:32.192+0000] {processor.py:914} INFO - Processing file /home/airflow/.local/lib/python3.12/site-packages/airflow/example_dags/example_sensor_decorator.py for tasks to queue
[2026-09-25T16:18:32.205+0000] {logging_mixin.py:190} INFO - [2026-09-25T16:18:32.202+0000] {dagbag.py:588} INFO - Filling up the DagBag from /home/airflow/.local/lib/python3.12/site-packages/airflow/example_dags/example_sensor_decorator.py
[2026-09-25T16:18:32.382+0000] {processor.py:925} INFO - DAG(s) 'example_sensor_decorator' retrieved from /home/airflow/.local/lib/python3.12/site-packages/airflow/example_dags/example_sensor_decorator.py
[2026-09-25T16:18:32.706+0000] {logging_mixin.py:190} INFO - [2026-09-25T16:18:32.706+0000] {dag.py:3239} INFO - Sync 1 DAGs
[2026-09-25T16:18:33.048+0000] {logging_mixin.py:190} INFO - [2026-09-25T16:18:33.048+0000] {dag.py:4180} INFO - Setting next_dagrun for example_sensor_decorator to None, run_after=None
[2026-09-25T16:18:33.674+0000] {processor.py:208} INFO - Processing /home/airflow/.local/lib/python3.12/site-packages/airflow/example_dags/example_sensor_decorator.py took 1.734 seconds
[2026-09-25T16:19:47.512+0000] {processor.py:186} INFO - Started process (PID=258) to work on /home/airflow/.local/lib/python3.12/site-packages/airflow/example_dags/example_sensor_decorator.py
[2026-09-25T16:19:47.526+0000] {processor.py:914} INFO - Processing file /home/airflow/.local/lib/python3.12/site-packages/airflow/example_dags/example_sensor_decorator.py for tasks to queue
[2026-09-25T16:19:47.586+0000] {logging_mixin.py:190} INFO - [2026-09-25T16:19:47.586+0000] {dagbag.py:588} INFO - Filling up the DagBag from /home/airflow/.local/lib/python3.12/site-packages/airflow/example_dags/example_sensor_decorator.py
[2026-09-25T16:19:47.684+0000] {processor.py:925} INFO - DAG(s) 'example_sensor_decorator' retrieved from /home/airflow/.local/lib/python3.12/site-packages/airflow/example_dags/example_sensor_decorator.py
[2026-09-25T16:19:48.117+0000] {logging_mixin.py:190} INFO - [2026-09-25T16:19:48.116+0000] {dag.py:3239} INFO - Sync 1 DAGs
[2026-09-25T16:19:48.336+0000] {logging_mixin.py:190} INFO - [2026-09-25T16:19:48.336+0000] {dag.py:4180} INFO - Setting next_dagrun for example_sensor_decorator to None, run_after=None
[2026-09-25T16:19:49.189+0000] {processor.py:208} INFO - Processing /home/airflow/.local/lib/python3.12/site-packages/airflow/example_dags/example_sensor_decorator.py took 1.769 seconds
[2026-09-25T16:20:39.165+0000] {processor.py:186} INFO - Started process (PID=315) to work on /home/airflow/.local/lib/python3.12/site-packages/airflow/example_dags/example_sensor_decorator.py
[2026-09-25T16:20:39.230+0000] {processor.py:914} INFO - Processing file /home/airflow/.local/lib/python3.12/site-packages/airflow/example_dags/example_sensor_decorator.py for tasks to queue
[2026-09-25T16:20:39.445+0000] {logging_mixin.py:190} INFO - [2026-09-25T16:20:39.444+0000] {dagbag.py:588} INFO - Filling up the DagBag from /home/airflow/.local/lib/python3.12/site-packages/airflow/example_dags/example_sensor_decorator.py
[2026-09-25T16:20:39.510+0000] {processor.py:925} INFO - DAG(s) 'example_sensor_decorator' retrieved from /home/airflow/.local/lib/python3.12/site-packages/airflow/example_dags/example_sensor_decorator.py
[2026-09-25T16:20:39.711+0000] {logging_mixin.py:190} INFO - [2026-09-25T16:20:39.710+0000] {dag.py:3239} INFO - Sync 1 DAGs
[2026-09-25T16:20:40.094+0000] {logging_mixin.py:190} INFO - [2026-09-25T16:20:40.093+0000] {dag.py:4180} INFO - Setting next_dagrun for example_sensor_decorator to None, run_after=None
[2026-09-25T16:20:40.734+0000] {processor.py:208} INFO - Processing /home/airflow/.local/lib/python3.12/site-packages/airflow/example_dags/example_sensor_decorator.py took 1.742 seconds
[2026-09-25T16:21:39.656+0000] {processor.py:186} INFO - Started process (PID=383) to work on /home/airflow/.local/lib/python3.12/site-packages/airflow/example_dags/example_sensor_decorator.py
[2026-09-25T16:21:39.660+0000] {processor.py:914} INFO - Processing file /home/airflow/.local/lib/python3.12/site-packages/airflow/example_dags/example_sensor_decorator.py for tasks to queue
[2026-09-25T16:21:39.666+0000] {logging_mixin.py:190} INFO - [2026-09-25T16:21:39.665+0000] {dagbag.py:588} INFO - Filling up the DagBag from /home/airflow/.local/lib/python3.12/site-packages/airflow/example_dags/example_sensor_decorator.py
[2026-09-25T16:21:39.711+0000] {processor.py:925} INFO - DAG(s) 'example_sensor_decorator' retrieved from /home/airflow/.local/lib/python3.12/site-packages/airflow/example_dags/example_sensor_decorator.py
[2026-09-25T16:21:39.806+0000] {logging_mixin.py:190} INFO - [2026-09-25T16:21:39.803+0000] {dag.py:3239} INFO - Sync 1 DAGs
[2026-09-25T16:21:39.852+0000] {logging_mixin.py:190} INFO - [2026-09-25T16:21:39.851+0000] {dag.py:4180} INFO - Setting next_dagrun for example_sensor_decorator to None, run_after=None
[2026-09-25T16:21:39.903+0000] {processor.py:208} INFO - Processing /home/airflow/.local/lib/python3.12/site-packages/airflow/example_dags/example_sensor_decorator.py took 0.264 seconds
[2026-09-25T16:22:51.195+0000] {processor.py:186} INFO - Started process (PID=441) to work on /home/airflow/.local/lib/python3.12/site-packages/airflow/example_dags/example_sensor_decorator.py
[2026-09-25T16:22:51.214+0000] {processor.py:914} INFO - Processing file /home/airflow/.local/lib/python3.12/site-packages/airflow/example_dags/example_sensor_decorator.py for tasks to queue
[2026-09-25T16:22:51.289+0000] {logging_mixin.py:190} INFO - [2026-09-25T16:22:51.287+0000] {dagbag.py:588} INFO - Filling up the DagBag from /home/airflow/.local/lib/python3.12/site-packages/airflow/example_dags/example_sensor_decorator.py
[2026-09-25T16:22:51.415+0000] {processor.py:925} INFO - DAG(s) 'example_sensor_decorator' retrieved from /home/airflow/.local/lib/python3.12/site-packages/airflow/example_dags/example_sensor_decorator.py
[2026-09-25T16:22:51.598+0000] {logging_mixin.py:190} INFO - [2026-09-25T16:22:51.596+0000] {dag.py:3239} INFO - Sync 1 DAGs
[2026-09-25T16:22:51.778+0000] {logging_mixin.py:190} INFO - [2026-09-25T16:22:51.777+0000] {dag.py:4180} INFO - Setting next_dagrun for example_sensor_decorator to None, run_after=None
[2026-09-25T16:22:51.922+0000] {processor.py:208} INFO - Processing /home/airflow/.local/lib/python3.12/site-packages/airflow/example_dags/example_sensor_decorator.py took 0.850 seconds
[2026-09-25T16:23:25.331+0000] {processor.py:186} INFO - Started process (PID=504) to work on /home/airflow/.local/lib/python3.12/site-packages/airflow/example_dags/example_sensor_decorator.py
[2026-09-25T16:23:25.335+0000] {processor.py:914} INFO - Processing file /home/airflow/.local/lib/python3.12/site-packages/airflow/example_dags/example_sensor_decorator.py for tasks to queue
[2026-09-25T16:23:25.365+0000] {logging_mixin.py:190} INFO - [2026-09-25T16:23:25.361+0000] {dagbag.py:588} INFO - Filling up the DagBag from /home/airflow/.local/lib/python3.12/site-packages/airflow/example_dags/example_sensor_decorator.py
[2026-09-25T16:23:25.432+0000] {processor.py:925} INFO - DAG(s) 'example_sensor_decorator' retrieved from /home/airflow/.local/lib/python3.12/site-packages/airflow/example_dags/example_sensor_decorator.py
[2026-09-25T16:23:25.525+0000] {logging_mixin.py:190} INFO - [2026-09-25T16:23:25.524+0000] {dag.py:3239} INFO - Sync 1 DAGs
[2026-09-25T16:23:25.581+0000] {logging_mixin.py:190} INFO - [2026-09-25T16:23:25.581+0000] {dag.py:4180} INFO - Setting next_dagrun for example_sensor_decorator to None, run_after=None
[2026-09-25T16:23:25.683+0000] {processor.py:208} INFO - Processing /home/airflow/.local/lib/python3.12/site-packages/airflow/example_dags/example_sensor_decorator.py took 0.392 seconds
[2026-09-25T16:24:02.979+0000] {processor.py:186} INFO - Started process (PID=567) to work on /home/airflow/.local/lib/python3.12/site-packages/airflow/example_dags/example_sensor_decorator.py
[2026-09-25T16:24:03.044+0000] {processor.py:914} INFO - Processing file /home/airflow/.local/lib/python3.12/site-packages/airflow/example_dags/example_sensor_decorator.py for tasks to queue
[2026-09-25T16:24:03.068+0000] {logging_mixin.py:190} INFO - [2026-09-25T16:24:03.067+0000] {dagbag.py:588} INFO - Filling up the DagBag from /home/airflow/.local/lib/python3.12/site-packages/airflow/example_dags/example_sensor_decorator.py
[2026-09-25T16:24:03.098+0000] {processor.py:925} INFO - DAG(s) 'example_sensor_decorator' retrieved from /home/airflow/.local/lib/python3.12/site-packages/airflow/example_dags/example_sensor_decorator.py
[2026-09-25T16:24:03.199+0000] {logging_mixin.py:190} INFO - [2026-09-25T16:24:03.198+0000] {dag.py:3239} INFO - Sync 1 DAGs
[2026-09-25T16:24:03.296+0000] {logging_mixin.py:190} INFO - [2026-09-25T16:24:03.295+0000] {dag.py:4180} INFO - Setting next_dagrun for example_sensor_decorator to None, run_after=None
[2026-09-25T16:24:03.377+0000] {processor.py:208} INFO - Processing /home/airflow/.local/lib/python3.12/site-packages/airflow/example_dags/example_sensor_decorator.py took 0.503 seconds
[2026-09-25T16:24:40.202+0000] {processor.py:186} INFO - Started process (PID=635) to work on /home/airflow/.local/lib/python3.12/site-packages/airflow/example_dags/example_sensor_decorator.py
[2026-09-25T16:24:40.207+0000] {processor.py:914} INFO - Processing file /home/airflow/.local/lib/python3.12/site-packages/airflow/example_dags/example_sensor_decorator.py for tasks to queue
[2026-09-25T16:24:40.225+0000] {logging_mixin.py:190} INFO - [2026-09-25T16:24:40.224+0000] {dagbag.py:588} INFO - Filling up the DagBag from /home/airflow/.local/lib/python3.12/site-packages/airflow/example_dags/example_sensor_decorator.py
[2026-09-25T16:24:40.281+0000] {processor.py:925} INFO - DAG(s) 'example_sensor_decorator' retrieved from /home/airflow/.local/lib/python3.12/site-packages/airflow/example_dags/example_sensor_decorator.py
[2026-09-25T16:24:40.468+0000] {logging_mixin.py:190} INFO - [2026-09-25T16:24:40.440+0000] {dag.py:3239} INFO - Sync 1 DAGs
[2026-09-25T16:24:40.655+0000] {logging_mixin.py:190} INFO - [2026-09-25T16:24:40.655+0000] {dag.py:4180} INFO - Setting next_dagrun for example_sensor_decorator to None, run_after=None
[2026-09-25T16:24:44.377+0000] {processor.py:208} INFO - Processing /home/airflow/.local/lib/python3.12/site-packages/airflow/example_dags/example_sensor_decorator.py took 4.328 seconds
[2026-09-25T16:25:18.485+0000] {processor.py:186} INFO - Started process (PID=698) to work on /home/airflow/.local/lib/python3.12/site-packages/airflow/example_dags/example_sensor_decorator.py
[2026-09-25T16:25:18.492+0000] {processor.py:914} INFO - Processing file /home/airflow/.local/lib/python3.12/site-packages/airflow/example_dags/example_sensor_decorator.py for tasks to queue
[2026-09-25T16:25:18.571+0000] {logging_mixin.py:190} INFO - [2026-09-25T16:25:18.570+0000] {dagbag.py:588} INFO - Filling up the DagBag from /home/airflow/.local/lib/python3.12/site-packages/airflow/example_dags/example_sensor_decorator.py
[2026-09-25T16:25:18.665+0000] {processor.py:925} INFO - DAG(s) 'example_sensor_decorator' retrieved from /home/airflow/.local/lib/python3.12/site-packages/airflow/example_dags/example_sensor_decorator.py
[2026-09-25T16:25:18.830+0000] {logging_mixin.py:190} INFO - [2026-09-25T16:25:18.830+0000] {dag.py:3239} INFO - Sync 1 DAGs
[2026-09-25T16:25:18.918+0000] {logging_mixin.py:190} INFO - [2026-09-25T16:25:18.917+0000] {dag.py:4180} INFO - Setting next_dagrun for example_sensor_decorator to None, run_after=None
[2026-09-25T16:25:18.986+0000] {processor.py:208} INFO - Processing /home/airflow/.local/lib/python3.12/site-packages/airflow/example_dags/example_sensor_decorator.py took 0.537 seconds
[2026-09-25T16:25:56.509+0000] {processor.py:186} INFO - Started process (PID=762) to work on /home/airflow/.local/lib/python3.12/site-packages/airflow/example_dags/example_sensor_decorator.py
[2026-09-25T16:25:56.511+0000] {processor.py:914} INFO - Processing file /home/airflow/.local/lib/python3.12/site-packages/airflow/example_dags/example_sensor_decorator.py for tasks to queue
[2026-09-25T16:25:56.517+0000] {logging_mixin.py:190} INFO - [2026-09-25T16:25:56.516+0000] {dagbag.py:588} INFO - Filling up the DagBag from /home/airflow/.local/lib/python3.12/site-packages/airflow/example_dags/example_sensor_decorator.py
[2026-09-25T16:25:56.537+0000] {processor.py:925} INFO - DAG(s) 'example_sensor_decorator' retrieved from /home/airflow/.local/lib/python3.12/site-packages/airflow/example_dags/example_sensor_decorator.py
[2026-09-25T16:25:56.607+0000] {logging_mixin.py:190} INFO - [2026-09-25T16:25:56.607+0000] {dag.py:3239} INFO - Sync 1 DAGs
[2026-09-25T16:25:56.706+0000] {logging_mixin.py:190} INFO - [2026-09-25T16:25:56.705+0000] {dag.py:4180} INFO - Setting next_dagrun for example_sensor_decorator to None, run_after=None
[2026-09-25T16:25:56.779+0000] {processor.py:208} INFO - Processing /home/airflow/.local/lib/python3.12/site-packages/airflow/example_dags/example_sensor_decorator.py took 0.300 seconds
[2026-09-25T16:26:27.701+0000] {processor.py:186} INFO - Started process (PID=823) to work on /home/airflow/.local/lib/python3.12/site-packages/airflow/example_dags/example_sensor_decorator.py
[2026-09-25T16:26:27.703+0000] {processor.py:914} INFO - Processing file /home/airflow/.local/lib/python3.12/site-packages/airflow/example_dags/example_sensor_decorator.py for tasks to queue
[2026-09-25T16:26:27.707+0000] {logging_mixin.py:190} INFO - [2026-09-25T16:26:27.706+0000] {dagbag.py:588} INFO - Filling up the DagBag from /home/airflow/.local/lib/python3.12/site-packages/airflow/example_dags/example_sensor_decorator.py
[2026-09-25T16:26:27.724+0000] {processor.py:925} INFO - DAG(s) 'example_sensor_decorator' retrieved from /home/airflow/.local/lib/python3.12/site-packages/airflow/example_dags/example_sensor_decorator.py
[2026-09-25T16:26:27.767+0000] {logging_mixin.py:190} INFO - [2026-09-25T16:26:27.767+0000] {dag.py:3239} INFO - Sync 1 DAGs
[2026-09-25T16:26:27.798+0000] {logging_mixin.py:190} INFO - [2026-09-25T16:26:27.798+0000] {dag.py:4180} INFO - Setting next_dagrun for example_sensor_decorator to None, run_after=None
[2026-09-25T16:26:27.833+0000] {processor.py:208} INFO - Processing /home/airflow/.local/lib/python3.12/site-packages/airflow/example_dags/example_sensor_decorator.py took 0.146 seconds
[2026-09-25T16:27:07.072+0000] {processor.py:186} INFO - Started process (PID=887) to work on /home/airflow/.local/lib/python3.12/site-packages/airflow/example_dags/example_sensor_decorator.py
[2026-09-25T16:27:07.075+0000] {processor.py:914} INFO - Processing file /home/airflow/.local/lib/python3.12/site-packages/airflow/example_dags/example_sensor_decorator.py for tasks to queue
[2026-09-25T16:27:07.103+0000] {logging_mixin.py:190} INFO - [2026-09-25T16:27:07.102+0000] {dagbag.py:588} INFO - Filling up the DagBag from /home/airflow/.local/lib/python3.12/site-packages/airflow/example_dags/example_sensor_decorator.py
[2026-09-25T16:27:07.126+0000] {processor.py:925} INFO - DAG(s) 'example_sensor_decorator' retrieved from /home/airflow/.local/lib/python3.12/site-packages/airflow/example_dags/example_sensor_decorator.py
[2026-09-25T16:27:07.239+0000] {logging_mixin.py:190} INFO - [2026-09-25T16:27:07.237+0000] {dag.py:3239} INFO - Sync 1 DAGs
[2026-09-25T16:27:07.607+0000] {logging_mixin.py:190} INFO - [2026-09-25T16:27:07.606+0000] {dag.py:4180} INFO - Setting next_dagrun for example_sensor_decorator to None, run_after=None
[2026-09-25T16:27:07.878+0000] {processor.py:208} INFO - Processing /home/airflow/.local/lib/python3.12/site-packages/airflow/example_dags/example_sensor_decorator.py took 0.825 seconds
[2026-09-25T16:27:52.640+0000] {processor.py:186} INFO - Started process (PID=955) to work on /home/airflow/.local/lib/python3.12/site-packages/airflow/example_dags/example_sensor_decorator.py
[2026-09-25T16:27:52.662+0000] {processor.py:914} INFO - Processing file /home/airflow/.local/lib/python3.12/site-packages/airflow/example_dags/example_sensor_decorator.py for tasks to queue
[2026-09-25T16:27:52.683+0000] {logging_mixin.py:190} INFO - [2026-09-25T16:27:52.681+0000] {dagbag.py:588} INFO - Filling up the DagBag from /home/airflow/.local/lib/python3.12/site-packages/airflow/example_dags/example_sensor_decorator.py
[2026-09-25T16:27:52.741+0000] {processor.py:925} INFO - DAG(s) 'example_sensor_decorator' retrieved from /home/airflow/.local/lib/python3.12/site-packages/airflow/example_dags/example_sensor_decorator.py
[2026-09-25T16:27:53.368+0000] {logging_mixin.py:190} INFO - [2026-09-25T16:27:53.368+0000] {dag.py:3239} INFO - Sync 1 DAGs
[2026-09-25T16:27:53.736+0000] {logging_mixin.py:190} INFO - [2026-09-25T16:27:53.735+0000] {dag.py:4180} INFO - Setting next_dagrun for example_sensor_decorator to None, run_after=None
[2026-09-25T16:27:53.967+0000] {processor.py:208} INFO - Processing /home/airflow/.local/lib/python3.12/site-packages/airflow/example_dags/example_sensor_decorator.py took 1.393 seconds
[2026-09-25T16:28:55.914+0000] {processor.py:186} INFO - Started process (PID=1034) to work on /home/airflow/.local/lib/python3.12/site-packages/airflow/example_dags/example_sensor_decorator.py
[2026-09-25T16:28:55.917+0000] {processor.py:914} INFO - Processing file /home/airflow/.local/lib/python3.12/site-packages/airflow/example_dags/example_sensor_decorator.py for tasks to queue
[2026-09-25T16:28:55.924+0000] {logging_mixin.py:190} INFO - [2026-09-25T16:28:55.923+0000] {dagbag.py:588} INFO - Filling up the DagBag from /home/airflow/.local/lib/python3.12/site-packages/airflow/example_dags/example_sensor_decorator.py
[2026-09-25T16:28:55.947+0000] {processor.py:925} INFO - DAG(s) 'example_sensor_decorator' retrieved from /home/airflow/.local/lib/python3.12/site-packages/airflow/example_dags/example_sensor_decorator.py
[2026-09-25T16:28:56.082+0000] {logging_mixin.py:190} INFO - [2026-09-25T16:28:56.081+0000] {dag.py:3239} INFO - Sync 1 DAGs
[2026-09-25T16:28:56.170+0000] {logging_mixin.py:190} INFO - [2026-09-25T16:28:56.170+0000] {dag.py:4180} INFO - Setting next_dagrun for example_sensor_decorator to None, run_after=None
[2026-09-25T16:28:56.263+0000] {processor.py:208} INFO - Processing /home/airflow/.local/lib/python3.12/site-packages/airflow/example_dags/example_sensor_decorator.py took 0.412 seconds
[2026-09-25T16:43:44.256+0000] {processor.py:186} INFO - Started process (PID=89) to work on /home/airflow/.local/lib/python3.12/site-packages/airflow/example_dags/example_sensor_decorator.py
[2026-09-25T16:43:44.277+0000] {processor.py:914} INFO - Processing file /home/airflow/.local/lib/python3.12/site-packages/airflow/example_dags/example_sensor_decorator.py for tasks to queue
[2026-09-25T16:43:44.296+0000] {logging_mixin.py:190} INFO - [2026-09-25T16:43:44.295+0000] {dagbag.py:588} INFO - Filling up the DagBag from /home/airflow/.local/lib/python3.12/site-packages/airflow/example_dags/example_sensor_decorator.py
[2026-09-25T16:43:44.336+0000] {processor.py:925} INFO - DAG(s) 'example_sensor_decorator' retrieved from /home/airflow/.local/lib/python3.12/site-packages/airflow/example_dags/example_sensor_decorator.py
[2026-09-25T16:43:44.412+0000] {logging_mixin.py:190} INFO - [2026-09-25T16:43:44.412+0000] {dag.py:3239} INFO - Sync 1 DAGs
[2026-09-25T16:43:44.529+0000] {logging_mixin.py:190} INFO - [2026-09-25T16:43:44.529+0000] {dag.py:4180} INFO - Setting next_dagrun for example_sensor_decorator to None, run_after=None
[2026-09-25T16:43:44.696+0000] {processor.py:208} INFO - Processing /home/airflow/.local/lib/python3.12/site-packages/airflow/example_dags/example_sensor_decorator.py took 0.509 seconds
[2026-09-25T16:44:15.876+0000] {processor.py:186} INFO - Started process (PID=151) to work on /home/airflow/.local/lib/python3.12/site-packages/airflow/example_dags/example_sensor_decorator.py
[2026-09-25T16:44:15.888+0000] {processor.py:914} INFO - Processing file /home/airflow/.local/lib/python3.12/site-packages/airflow/example_dags/example_sensor_decorator.py for tasks to queue
[2026-09-25T16:44:15.928+0000] {logging_mixin.py:190} INFO - [2026-09-25T16:44:15.920+0000] {dagbag.py:588} INFO - Filling up the DagBag from /home/airflow/.local/lib/python3.12/site-packages/airflow/example_dags/example_sensor_decorator.py
[2026-09-25T16:44:16.032+0000] {processor.py:925} INFO - DAG(s) 'example_sensor_decorator' retrieved from /home/airflow/.local/lib/python3.12/site-packages/airflow/example_dags/example_sensor_decorator.py
[2026-09-25T16:44:16.142+0000] {logging_mixin.py:190} INFO - [2026-09-25T16:44:16.141+0000] {dag.py:3239} INFO - Sync 1 DAGs
[2026-09-25T16:44:16.377+0000] {logging_mixin.py:190} INFO - [2026-09-25T16:44:16.370+0000] {dag.py:4180} INFO - Setting next_dagrun for example_sensor_decorator to None, run_after=None
[2026-09-25T16:44:16.809+0000] {processor.py:208} INFO - Processing /home/airflow/.local/lib/python3.12/site-packages/airflow/example_dags/example_sensor_decorator.py took 1.000 seconds
[2026-09-25T16:44:50.497+0000] {processor.py:186} INFO - Started process (PID=213) to work on /home/airflow/.local/lib/python3.12/site-packages/airflow/example_dags/example_sensor_decorator.py
[2026-09-25T16:44:50.513+0000] {processor.py:914} INFO - Processing file /home/airflow/.local/lib/python3.12/site-packages/airflow/example_dags/example_sensor_decorator.py for tasks to queue
[2026-09-25T16:44:50.527+0000] {logging_mixin.py:190} INFO - [2026-09-25T16:44:50.522+0000] {dagbag.py:588} INFO - Filling up the DagBag from /home/airflow/.local/lib/python3.12/site-packages/airflow/example_dags/example_sensor_decorator.py
[2026-09-25T16:44:50.553+0000] {processor.py:925} INFO - DAG(s) 'example_sensor_decorator' retrieved from /home/airflow/.local/lib/python3.12/site-packages/airflow/example_dags/example_sensor_decorator.py
[2026-09-25T16:44:50.639+0000] {logging_mixin.py:190} INFO - [2026-09-25T16:44:50.638+0000] {dag.py:3239} INFO - Sync 1 DAGs
[2026-09-25T16:44:50.697+0000] {logging_mixin.py:190} INFO - [2026-09-25T16:44:50.696+0000] {dag.py:4180} INFO - Setting next_dagrun for example_sensor_decorator to None, run_after=None
[2026-09-25T16:44:50.769+0000] {processor.py:208} INFO - Processing /home/airflow/.local/lib/python3.12/site-packages/airflow/example_dags/example_sensor_decorator.py took 0.295 seconds
[2026-09-25T16:45:20.928+0000] {processor.py:186} INFO - Started process (PID=276) to work on /home/airflow/.local/lib/python3.12/site-packages/airflow/example_dags/example_sensor_decorator.py
[2026-09-25T16:45:20.930+0000] {processor.py:914} INFO - Processing file /home/airflow/.local/lib/python3.12/site-packages/airflow/example_dags/example_sensor_decorator.py for tasks to queue
[2026-09-25T16:45:20.935+0000] {logging_mixin.py:190} INFO - [2026-09-25T16:45:20.935+0000] {dagbag.py:588} INFO - Filling up the DagBag from /home/airflow/.local/lib/python3.12/site-packages/airflow/example_dags/example_sensor_decorator.py
[2026-09-25T16:45:20.950+0000] {processor.py:925} INFO - DAG(s) 'example_sensor_decorator' retrieved from /home/airflow/.local/lib/python3.12/site-packages/airflow/example_dags/example_sensor_decorator.py
[2026-09-25T16:45:20.999+0000] {logging_mixin.py:190} INFO - [2026-09-25T16:45:20.999+0000] {dag.py:3239} INFO - Sync 1 DAGs
[2026-09-25T16:45:21.041+0000] {logging_mixin.py:190} INFO - [2026-09-25T16:45:21.040+0000] {dag.py:4180} INFO - Setting next_dagrun for example_sensor_decorator to None, run_after=None
[2026-09-25T16:45:21.085+0000] {processor.py:208} INFO - Processing /home/airflow/.local/lib/python3.12/site-packages/airflow/example_dags/example_sensor_decorator.py took 0.168 seconds
[2026-09-25T16:45:51.952+0000] {processor.py:186} INFO - Started process (PID=338) to work on /home/airflow/.local/lib/python3.12/site-packages/airflow/example_dags/example_sensor_decorator.py
[2026-09-25T16:45:51.954+0000] {processor.py:914} INFO - Processing file /home/airflow/.local/lib/python3.12/site-packages/airflow/example_dags/example_sensor_decorator.py for tasks to queue
[2026-09-25T16:45:51.959+0000] {logging_mixin.py:190} INFO - [2026-09-25T16:45:51.958+0000] {dagbag.py:588} INFO - Filling up the DagBag from /home/airflow/.local/lib/python3.12/site-packages/airflow/example_dags/example_sensor_decorator.py
[2026-09-25T16:45:51.977+0000] {processor.py:925} INFO - DAG(s) 'example_sensor_decorator' retrieved from /home/airflow/.local/lib/python3.12/site-packages/airflow/example_dags/example_sensor_decorator.py
[2026-09-25T16:45:52.096+0000] {logging_mixin.py:190} INFO - [2026-09-25T16:45:52.095+0000] {dag.py:3239} INFO - Sync 1 DAGs
[2026-09-25T16:45:52.137+0000] {logging_mixin.py:190} INFO - [2026-09-25T16:45:52.136+0000] {dag.py:4180} INFO - Setting next_dagrun for example_sensor_decorator to None, run_after=None
[2026-09-25T16:45:52.232+0000] {processor.py:208} INFO - Processing /home/airflow/.local/lib/python3.12/site-packages/airflow/example_dags/example_sensor_decorator.py took 0.294 seconds
[2026-09-25T16:46:25.712+0000] {processor.py:186} INFO - Started process (PID=400) to work on /home/airflow/.local/lib/python3.12/site-packages/airflow/example_dags/example_sensor_decorator.py
[2026-09-25T16:46:25.716+0000] {processor.py:914} INFO - Processing file /home/airflow/.local/lib/python3.12/site-packages/airflow/example_dags/example_sensor_decorator.py for tasks to queue
[2026-09-25T16:46:25.722+0000] {logging_mixin.py:190} INFO - [2026-09-25T16:46:25.721+0000] {dagbag.py:588} INFO - Filling up the DagBag from /home/airflow/.local/lib/python3.12/site-packages/airflow/example_dags/example_sensor_decorator.py
[2026-09-25T16:46:25.741+0000] {processor.py:925} INFO - DAG(s) 'example_sensor_decorator' retrieved from /home/airflow/.local/lib/python3.12/site-packages/airflow/example_dags/example_sensor_decorator.py
[2026-09-25T16:46:25.792+0000] {logging_mixin.py:190} INFO - [2026-09-25T16:46:25.791+0000] {dag.py:3239} INFO - Sync 1 DAGs
[2026-09-25T16:46:25.837+0000] {logging_mixin.py:190} INFO - [2026-09-25T16:46:25.836+0000] {dag.py:4180} INFO - Setting next_dagrun for example_sensor_decorator to None, run_after=None
[2026-09-25T16:46:25.903+0000] {processor.py:208} INFO - Processing /home/airflow/.local/lib/python3.12/site-packages/airflow/example_dags/example_sensor_decorator.py took 0.204 seconds
[2026-09-25T16:46:56.600+0000] {processor.py:186} INFO - Started process (PID=461) to work on /home/airflow/.local/lib/python3.12/site-packages/airflow/example_dags/example_sensor_decorator.py
[2026-09-25T16:46:56.603+0000] {processor.py:914} INFO - Processing file /home/airflow/.local/lib/python3.12/site-packages/airflow/example_dags/example_sensor_decorator.py for tasks to queue
[2026-09-25T16:46:56.614+0000] {logging_mixin.py:190} INFO - [2026-09-25T16:46:56.613+0000] {dagbag.py:588} INFO - Filling up the DagBag from /home/airflow/.local/lib/python3.12/site-packages/airflow/example_dags/example_sensor_decorator.py
[2026-09-25T16:46:56.632+0000] {processor.py:925} INFO - DAG(s) 'example_sensor_decorator' retrieved from /home/airflow/.local/lib/python3.12/site-packages/airflow/example_dags/example_sensor_decorator.py
[2026-09-25T16:46:56.690+0000] {logging_mixin.py:190} INFO - [2026-09-25T16:46:56.689+0000] {dag.py:3239} INFO - Sync 1 DAGs
[2026-09-25T16:46:56.741+0000] {logging_mixin.py:190} INFO - [2026-09-25T16:46:56.740+0000] {dag.py:4180} INFO - Setting next_dagrun for example_sensor_decorator to None, run_after=None
[2026-09-25T16:46:56.796+0000] {processor.py:208} INFO - Processing /home/airflow/.local/lib/python3.12/site-packages/airflow/example_dags/example_sensor_decorator.py took 0.215 seconds
[2026-09-25T16:47:36.485+0000] {processor.py:186} INFO - Started process (PID=523) to work on /home/airflow/.local/lib/python3.12/site-packages/airflow/example_dags/example_sensor_decorator.py
[2026-09-25T16:47:36.488+0000] {processor.py:914} INFO - Processing file /home/airflow/.local/lib/python3.12/site-packages/airflow/example_dags/example_sensor_decorator.py for tasks to queue
[2026-09-25T16:47:36.495+0000] {logging_mixin.py:190} INFO - [2026-09-25T16:47:36.494+0000] {dagbag.py:588} INFO - Filling up the DagBag from /home/airflow/.local/lib/python3.12/site-packages/airflow/example_dags/example_sensor_decorator.py
[2026-09-25T16:47:36.564+0000] {processor.py:925} INFO - DAG(s) 'example_sensor_decorator' retrieved from /home/airflow/.local/lib/python3.12/site-packages/airflow/example_dags/example_sensor_decorator.py
[2026-09-25T16:47:37.341+0000] {logging_mixin.py:190} INFO - [2026-09-25T16:47:37.339+0000] {dag.py:3239} INFO - Sync 1 DAGs
[2026-09-25T16:47:37.642+0000] {logging_mixin.py:190} INFO - [2026-09-25T16:47:37.631+0000] {dag.py:4180} INFO - Setting next_dagrun for example_sensor_decorator to None, run_after=None
[2026-09-25T16:47:37.914+0000] {processor.py:208} INFO - Processing /home/airflow/.local/lib/python3.12/site-packages/airflow/example_dags/example_sensor_decorator.py took 1.455 seconds
[2026-09-25T16:48:15.974+0000] {processor.py:186} INFO - Started process (PID=585) to work on /home/airflow/.local/lib/python3.12/site-packages/airflow/example_dags/example_sensor_decorator.py
[2026-09-25T16:48:15.998+0000] {processor.py:914} INFO - Processing file /home/airflow/.local/lib/python3.12/site-packages/airflow/example_dags/example_sensor_decorator.py for tasks to queue
[2026-09-25T16:48:16.012+0000] {logging_mixin.py:190} INFO - [2026-09-25T16:48:16.011+0000] {dagbag.py:588} INFO - Filling up the DagBag from /home/airflow/.local/lib/python3.12/site-packages/airflow/example_dags/example_sensor_decorator.py
[2026-09-25T16:48:16.041+0000] {processor.py:925} INFO - DAG(s) 'example_sensor_decorator' retrieved from /home/airflow/.local/lib/python3.12/site-packages/airflow/example_dags/example_sensor_decorator.py
[2026-09-25T16:48:16.152+0000] {logging_mixin.py:190} INFO - [2026-09-25T16:48:16.152+0000] {dag.py:3239} INFO - Sync 1 DAGs
[2026-09-25T16:48:16.254+0000] {logging_mixin.py:190} INFO - [2026-09-25T16:48:16.253+0000] {dag.py:4180} INFO - Setting next_dagrun for example_sensor_decorator to None, run_after=None
[2026-09-25T16:48:17.171+0000] {processor.py:208} INFO - Processing /home/airflow/.local/lib/python3.12/site-packages/airflow/example_dags/example_sensor_decorator.py took 1.215 seconds
[2026-09-25T16:48:48.356+0000] {processor.py:186} INFO - Started process (PID=648) to work on /home/airflow/.local/lib/python3.12/site-packages/airflow/example_dags/example_sensor_decorator.py
[2026-09-25T16:48:48.374+0000] {processor.py:914} INFO - Processing file /home/airflow/.local/lib/python3.12/site-packages/airflow/example_dags/example_sensor_decorator.py for tasks to queue
[2026-09-25T16:48:48.381+0000] {logging_mixin.py:190} INFO - [2026-09-25T16:48:48.380+0000] {dagbag.py:588} INFO - Filling up the DagBag from /home/airflow/.local/lib/python3.12/site-packages/airflow/example_dags/example_sensor_decorator.py
[2026-09-25T16:48:48.470+0000] {processor.py:925} INFO - DAG(s) 'example_sensor_decorator' retrieved from /home/airflow/.local/lib/python3.12/site-packages/airflow/example_dags/example_sensor_decorator.py
[2026-09-25T16:48:48.593+0000] {logging_mixin.py:190} INFO - [2026-09-25T16:48:48.585+0000] {dag.py:3239} INFO - Sync 1 DAGs
[2026-09-25T16:48:48.650+0000] {logging_mixin.py:190} INFO - [2026-09-25T16:48:48.649+0000] {dag.py:4180} INFO - Setting next_dagrun for example_sensor_decorator to None, run_after=None
[2026-09-25T16:48:48.808+0000] {processor.py:208} INFO - Processing /home/airflow/.local/lib/python3.12/site-packages/airflow/example_dags/example_sensor_decorator.py took 0.618 seconds
[2026-09-25T16:49:19.663+0000] {processor.py:186} INFO - Started process (PID=710) to work on /home/airflow/.local/lib/python3.12/site-packages/airflow/example_dags/example_sensor_decorator.py
[2026-09-25T16:49:19.670+0000] {processor.py:914} INFO - Processing file /home/airflow/.local/lib/python3.12/site-packages/airflow/example_dags/example_sensor_decorator.py for tasks to queue
[2026-09-25T16:49:19.677+0000] {logging_mixin.py:190} INFO - [2026-09-25T16:49:19.676+0000] {dagbag.py:588} INFO - Filling up the DagBag from /home/airflow/.local/lib/python3.12/site-packages/airflow/example_dags/example_sensor_decorator.py
[2026-09-25T16:49:19.700+0000] {processor.py:925} INFO - DAG(s) 'example_sensor_decorator' retrieved from /home/airflow/.local/lib/python3.12/site-packages/airflow/example_dags/example_sensor_decorator.py
[2026-09-25T16:49:19.746+0000] {logging_mixin.py:190} INFO - [2026-09-25T16:49:19.745+0000] {dag.py:3239} INFO - Sync 1 DAGs
[2026-09-25T16:49:19.785+0000] {logging_mixin.py:190} INFO - [2026-09-25T16:49:19.785+0000] {dag.py:4180} INFO - Setting next_dagrun for example_sensor_decorator to None, run_after=None
[2026-09-25T16:49:19.829+0000] {processor.py:208} INFO - Processing /home/airflow/.local/lib/python3.12/site-packages/airflow/example_dags/example_sensor_decorator.py took 0.182 seconds
[2026-09-25T16:56:55.817+0000] {processor.py:186} INFO - Started process (PID=102) to work on /home/airflow/.local/lib/python3.12/site-packages/airflow/example_dags/example_sensor_decorator.py
[2026-09-25T16:56:55.825+0000] {processor.py:914} INFO - Processing file /home/airflow/.local/lib/python3.12/site-packages/airflow/example_dags/example_sensor_decorator.py for tasks to queue
[2026-09-25T16:56:56.082+0000] {logging_mixin.py:190} INFO - [2026-09-25T16:56:56.075+0000] {dagbag.py:588} INFO - Filling up the DagBag from /home/airflow/.local/lib/python3.12/site-packages/airflow/example_dags/example_sensor_decorator.py
[2026-09-25T16:56:56.607+0000] {processor.py:925} INFO - DAG(s) 'example_sensor_decorator' retrieved from /home/airflow/.local/lib/python3.12/site-packages/airflow/example_dags/example_sensor_decorator.py
[2026-09-25T16:56:57.051+0000] {logging_mixin.py:190} INFO - [2026-09-25T16:56:57.050+0000] {dag.py:3239} INFO - Sync 1 DAGs
[2026-09-25T16:56:57.449+0000] {logging_mixin.py:190} INFO - [2026-09-25T16:56:57.448+0000] {dag.py:4180} INFO - Setting next_dagrun for example_sensor_decorator to None, run_after=None
[2026-09-25T16:57:00.962+0000] {processor.py:208} INFO - Processing /home/airflow/.local/lib/python3.12/site-packages/airflow/example_dags/example_sensor_decorator.py took 5.602 seconds
[2026-09-25T16:58:34.103+0000] {processor.py:186} INFO - Started process (PID=175) to work on /home/airflow/.local/lib/python3.12/site-packages/airflow/example_dags/example_sensor_decorator.py
[2026-09-25T16:58:34.105+0000] {processor.py:914} INFO - Processing file /home/airflow/.local/lib/python3.12/site-packages/airflow/example_dags/example_sensor_decorator.py for tasks to queue
[2026-09-25T16:58:34.111+0000] {logging_mixin.py:190} INFO - [2026-09-25T16:58:34.110+0000] {dagbag.py:588} INFO - Filling up the DagBag from /home/airflow/.local/lib/python3.12/site-packages/airflow/example_dags/example_sensor_decorator.py
[2026-09-25T16:58:34.130+0000] {processor.py:925} INFO - DAG(s) 'example_sensor_decorator' retrieved from /home/airflow/.local/lib/python3.12/site-packages/airflow/example_dags/example_sensor_decorator.py
[2026-09-25T16:58:34.190+0000] {logging_mixin.py:190} INFO - [2026-09-25T16:58:34.190+0000] {dag.py:3239} INFO - Sync 1 DAGs
[2026-09-25T16:58:34.254+0000] {logging_mixin.py:190} INFO - [2026-09-25T16:58:34.254+0000] {dag.py:4180} INFO - Setting next_dagrun for example_sensor_decorator to None, run_after=None
[2026-09-25T16:58:34.322+0000] {processor.py:208} INFO - Processing /home/airflow/.local/lib/python3.12/site-packages/airflow/example_dags/example_sensor_decorator.py took 0.236 seconds
[2026-09-25T16:59:04.916+0000] {processor.py:186} INFO - Started process (PID=237) to work on /home/airflow/.local/lib/python3.12/site-packages/airflow/example_dags/example_sensor_decorator.py
[2026-09-25T16:59:04.919+0000] {processor.py:914} INFO - Processing file /home/airflow/.local/lib/python3.12/site-packages/airflow/example_dags/example_sensor_decorator.py for tasks to queue
[2026-09-25T16:59:04.927+0000] {logging_mixin.py:190} INFO - [2026-09-25T16:59:04.926+0000] {dagbag.py:588} INFO - Filling up the DagBag from /home/airflow/.local/lib/python3.12/site-packages/airflow/example_dags/example_sensor_decorator.py
[2026-09-25T16:59:04.973+0000] {processor.py:925} INFO - DAG(s) 'example_sensor_decorator' retrieved from /home/airflow/.local/lib/python3.12/site-packages/airflow/example_dags/example_sensor_decorator.py
[2026-09-25T16:59:05.126+0000] {logging_mixin.py:190} INFO - [2026-09-25T16:59:05.124+0000] {dag.py:3239} INFO - Sync 1 DAGs
[2026-09-25T16:59:05.286+0000] {logging_mixin.py:190} INFO - [2026-09-25T16:59:05.283+0000] {dag.py:4180} INFO - Setting next_dagrun for example_sensor_decorator to None, run_after=None
[2026-09-25T16:59:05.379+0000] {processor.py:208} INFO - Processing /home/airflow/.local/lib/python3.12/site-packages/airflow/example_dags/example_sensor_decorator.py took 0.475 seconds
[2026-09-25T16:59:52.497+0000] {processor.py:186} INFO - Started process (PID=302) to work on /home/airflow/.local/lib/python3.12/site-packages/airflow/example_dags/example_sensor_decorator.py
[2026-09-25T16:59:52.499+0000] {processor.py:914} INFO - Processing file /home/airflow/.local/lib/python3.12/site-packages/airflow/example_dags/example_sensor_decorator.py for tasks to queue
[2026-09-25T16:59:52.504+0000] {logging_mixin.py:190} INFO - [2026-09-25T16:59:52.503+0000] {dagbag.py:588} INFO - Filling up the DagBag from /home/airflow/.local/lib/python3.12/site-packages/airflow/example_dags/example_sensor_decorator.py
[2026-09-25T16:59:52.519+0000] {processor.py:925} INFO - DAG(s) 'example_sensor_decorator' retrieved from /home/airflow/.local/lib/python3.12/site-packages/airflow/example_dags/example_sensor_decorator.py
[2026-09-25T16:59:52.576+0000] {logging_mixin.py:190} INFO - [2026-09-25T16:59:52.576+0000] {dag.py:3239} INFO - Sync 1 DAGs
[2026-09-25T16:59:52.609+0000] {logging_mixin.py:190} INFO - [2026-09-25T16:59:52.609+0000] {dag.py:4180} INFO - Setting next_dagrun for example_sensor_decorator to None, run_after=None
[2026-09-25T16:59:52.650+0000] {processor.py:208} INFO - Processing /home/airflow/.local/lib/python3.12/site-packages/airflow/example_dags/example_sensor_decorator.py took 0.165 seconds
[2026-09-25T17:00:25.967+0000] {processor.py:186} INFO - Started process (PID=365) to work on /home/airflow/.local/lib/python3.12/site-packages/airflow/example_dags/example_sensor_decorator.py
[2026-09-25T17:00:25.969+0000] {processor.py:914} INFO - Processing file /home/airflow/.local/lib/python3.12/site-packages/airflow/example_dags/example_sensor_decorator.py for tasks to queue
[2026-09-25T17:00:25.974+0000] {logging_mixin.py:190} INFO - [2026-09-25T17:00:25.973+0000] {dagbag.py:588} INFO - Filling up the DagBag from /home/airflow/.local/lib/python3.12/site-packages/airflow/example_dags/example_sensor_decorator.py
[2026-09-25T17:00:25.989+0000] {processor.py:925} INFO - DAG(s) 'example_sensor_decorator' retrieved from /home/airflow/.local/lib/python3.12/site-packages/airflow/example_dags/example_sensor_decorator.py
[2026-09-25T17:00:26.060+0000] {logging_mixin.py:190} INFO - [2026-09-25T17:00:26.059+0000] {dag.py:3239} INFO - Sync 1 DAGs
[2026-09-25T17:00:26.113+0000] {logging_mixin.py:190} INFO - [2026-09-25T17:00:26.113+0000] {dag.py:4180} INFO - Setting next_dagrun for example_sensor_decorator to None, run_after=None
[2026-09-25T17:00:26.163+0000] {processor.py:208} INFO - Processing /home/airflow/.local/lib/python3.12/site-packages/airflow/example_dags/example_sensor_decorator.py took 0.214 seconds
[2026-09-25T17:00:58.522+0000] {processor.py:186} INFO - Started process (PID=428) to work on /home/airflow/.local/lib/python3.12/site-packages/airflow/example_dags/example_sensor_decorator.py
[2026-09-25T17:00:58.529+0000] {processor.py:914} INFO - Processing file /home/airflow/.local/lib/python3.12/site-packages/airflow/example_dags/example_sensor_decorator.py for tasks to queue
[2026-09-25T17:00:58.537+0000] {logging_mixin.py:190} INFO - [2026-09-25T17:00:58.537+0000] {dagbag.py:588} INFO - Filling up the DagBag from /home/airflow/.local/lib/python3.12/site-packages/airflow/example_dags/example_sensor_decorator.py
[2026-09-25T17:00:58.596+0000] {processor.py:925} INFO - DAG(s) 'example_sensor_decorator' retrieved from /home/airflow/.local/lib/python3.12/site-packages/airflow/example_dags/example_sensor_decorator.py
[2026-09-25T17:00:58.680+0000] {logging_mixin.py:190} INFO - [2026-09-25T17:00:58.679+0000] {dag.py:3239} INFO - Sync 1 DAGs
[2026-09-25T17:00:58.736+0000] {logging_mixin.py:190} INFO - [2026-09-25T17:00:58.735+0000] {dag.py:4180} INFO - Setting next_dagrun for example_sensor_decorator to None, run_after=None
[2026-09-25T17:00:58.804+0000] {processor.py:208} INFO - Processing /home/airflow/.local/lib/python3.12/site-packages/airflow/example_dags/example_sensor_decorator.py took 0.300 seconds
[2026-09-25T17:01:31.773+0000] {processor.py:186} INFO - Started process (PID=490) to work on /home/airflow/.local/lib/python3.12/site-packages/airflow/example_dags/example_sensor_decorator.py
[2026-09-25T17:01:31.782+0000] {processor.py:914} INFO - Processing file /home/airflow/.local/lib/python3.12/site-packages/airflow/example_dags/example_sensor_decorator.py for tasks to queue
[2026-09-25T17:01:31.820+0000] {logging_mixin.py:190} INFO - [2026-09-25T17:01:31.819+0000] {dagbag.py:588} INFO - Filling up the DagBag from /home/airflow/.local/lib/python3.12/site-packages/airflow/example_dags/example_sensor_decorator.py
[2026-09-25T17:01:31.848+0000] {processor.py:925} INFO - DAG(s) 'example_sensor_decorator' retrieved from /home/airflow/.local/lib/python3.12/site-packages/airflow/example_dags/example_sensor_decorator.py
[2026-09-25T17:01:32.185+0000] {logging_mixin.py:190} INFO - [2026-09-25T17:01:32.185+0000] {dag.py:3239} INFO - Sync 1 DAGs
[2026-09-25T17:01:32.245+0000] {logging_mixin.py:190} INFO - [2026-09-25T17:01:32.245+0000] {dag.py:4180} INFO - Setting next_dagrun for example_sensor_decorator to None, run_after=None
[2026-09-25T17:01:32.279+0000] {processor.py:208} INFO - Processing /home/airflow/.local/lib/python3.12/site-packages/airflow/example_dags/example_sensor_decorator.py took 0.536 seconds
[2026-09-25T17:02:11.832+0000] {processor.py:186} INFO - Started process (PID=559) to work on /home/airflow/.local/lib/python3.12/site-packages/airflow/example_dags/example_sensor_decorator.py
[2026-09-25T17:02:11.837+0000] {processor.py:914} INFO - Processing file /home/airflow/.local/lib/python3.12/site-packages/airflow/example_dags/example_sensor_decorator.py for tasks to queue
[2026-09-25T17:02:11.857+0000] {logging_mixin.py:190} INFO - [2026-09-25T17:02:11.844+0000] {dagbag.py:588} INFO - Filling up the DagBag from /home/airflow/.local/lib/python3.12/site-packages/airflow/example_dags/example_sensor_decorator.py
[2026-09-25T17:02:11.916+0000] {processor.py:925} INFO - DAG(s) 'example_sensor_decorator' retrieved from /home/airflow/.local/lib/python3.12/site-packages/airflow/example_dags/example_sensor_decorator.py
[2026-09-25T17:02:12.256+0000] {logging_mixin.py:190} INFO - [2026-09-25T17:02:12.256+0000] {dag.py:3239} INFO - Sync 1 DAGs
[2026-09-25T17:02:12.331+0000] {logging_mixin.py:190} INFO - [2026-09-25T17:02:12.330+0000] {dag.py:4180} INFO - Setting next_dagrun for example_sensor_decorator to None, run_after=None
[2026-09-25T17:02:12.413+0000] {processor.py:208} INFO - Processing /home/airflow/.local/lib/python3.12/site-packages/airflow/example_dags/example_sensor_decorator.py took 0.636 seconds
[2026-09-25T17:02:45.190+0000] {processor.py:186} INFO - Started process (PID=622) to work on /home/airflow/.local/lib/python3.12/site-packages/airflow/example_dags/example_sensor_decorator.py
[2026-09-25T17:02:45.193+0000] {processor.py:914} INFO - Processing file /home/airflow/.local/lib/python3.12/site-packages/airflow/example_dags/example_sensor_decorator.py for tasks to queue
[2026-09-25T17:02:45.247+0000] {logging_mixin.py:190} INFO - [2026-09-25T17:02:45.246+0000] {dagbag.py:588} INFO - Filling up the DagBag from /home/airflow/.local/lib/python3.12/site-packages/airflow/example_dags/example_sensor_decorator.py
[2026-09-25T17:02:45.286+0000] {processor.py:925} INFO - DAG(s) 'example_sensor_decorator' retrieved from /home/airflow/.local/lib/python3.12/site-packages/airflow/example_dags/example_sensor_decorator.py
[2026-09-25T17:02:45.344+0000] {logging_mixin.py:190} INFO - [2026-09-25T17:02:45.343+0000] {dag.py:3239} INFO - Sync 1 DAGs
[2026-09-25T17:02:45.397+0000] {logging_mixin.py:190} INFO - [2026-09-25T17:02:45.396+0000] {dag.py:4180} INFO - Setting next_dagrun for example_sensor_decorator to None, run_after=None
[2026-09-25T17:02:45.452+0000] {processor.py:208} INFO - Processing /home/airflow/.local/lib/python3.12/site-packages/airflow/example_dags/example_sensor_decorator.py took 0.314 seconds
[2026-09-25T17:03:17.667+0000] {processor.py:186} INFO - Started process (PID=685) to work on /home/airflow/.local/lib/python3.12/site-packages/airflow/example_dags/example_sensor_decorator.py
[2026-09-25T17:03:17.671+0000] {processor.py:914} INFO - Processing file /home/airflow/.local/lib/python3.12/site-packages/airflow/example_dags/example_sensor_decorator.py for tasks to queue
[2026-09-25T17:03:17.675+0000] {logging_mixin.py:190} INFO - [2026-09-25T17:03:17.675+0000] {dagbag.py:588} INFO - Filling up the DagBag from /home/airflow/.local/lib/python3.12/site-packages/airflow/example_dags/example_sensor_decorator.py
[2026-09-25T17:03:17.690+0000] {processor.py:925} INFO - DAG(s) 'example_sensor_decorator' retrieved from /home/airflow/.local/lib/python3.12/site-packages/airflow/example_dags/example_sensor_decorator.py
[2026-09-25T17:03:17.731+0000] {logging_mixin.py:190} INFO - [2026-09-25T17:03:17.731+0000] {dag.py:3239} INFO - Sync 1 DAGs
[2026-09-25T17:03:17.761+0000] {logging_mixin.py:190} INFO - [2026-09-25T17:03:17.761+0000] {dag.py:4180} INFO - Setting next_dagrun for example_sensor_decorator to None, run_after=None
[2026-09-25T17:03:17.797+0000] {processor.py:208} INFO - Processing /home/airflow/.local/lib/python3.12/site-packages/airflow/example_dags/example_sensor_decorator.py took 0.144 seconds
[2026-09-25T17:03:50.994+0000] {processor.py:186} INFO - Started process (PID=751) to work on /home/airflow/.local/lib/python3.12/site-packages/airflow/example_dags/example_sensor_decorator.py
[2026-09-25T17:03:51.018+0000] {processor.py:914} INFO - Processing file /home/airflow/.local/lib/python3.12/site-packages/airflow/example_dags/example_sensor_decorator.py for tasks to queue
[2026-09-25T17:03:51.024+0000] {logging_mixin.py:190} INFO - [2026-09-25T17:03:51.024+0000] {dagbag.py:588} INFO - Filling up the DagBag from /home/airflow/.local/lib/python3.12/site-packages/airflow/example_dags/example_sensor_decorator.py
[2026-09-25T17:03:51.062+0000] {processor.py:925} INFO - DAG(s) 'example_sensor_decorator' retrieved from /home/airflow/.local/lib/python3.12/site-packages/airflow/example_dags/example_sensor_decorator.py
[2026-09-25T17:03:51.140+0000] {logging_mixin.py:190} INFO - [2026-09-25T17:03:51.140+0000] {dag.py:3239} INFO - Sync 1 DAGs
[2026-09-25T17:03:51.214+0000] {logging_mixin.py:190} INFO - [2026-09-25T17:03:51.213+0000] {dag.py:4180} INFO - Setting next_dagrun for example_sensor_decorator to None, run_after=None
[2026-09-25T17:03:51.284+0000] {processor.py:208} INFO - Processing /home/airflow/.local/lib/python3.12/site-packages/airflow/example_dags/example_sensor_decorator.py took 0.309 seconds
[2026-09-25T17:04:22.769+0000] {processor.py:186} INFO - Started process (PID=816) to work on /home/airflow/.local/lib/python3.12/site-packages/airflow/example_dags/example_sensor_decorator.py
[2026-09-25T17:04:22.772+0000] {processor.py:914} INFO - Processing file /home/airflow/.local/lib/python3.12/site-packages/airflow/example_dags/example_sensor_decorator.py for tasks to queue
[2026-09-25T17:04:22.777+0000] {logging_mixin.py:190} INFO - [2026-09-25T17:04:22.776+0000] {dagbag.py:588} INFO - Filling up the DagBag from /home/airflow/.local/lib/python3.12/site-packages/airflow/example_dags/example_sensor_decorator.py
[2026-09-25T17:04:22.796+0000] {processor.py:925} INFO - DAG(s) 'example_sensor_decorator' retrieved from /home/airflow/.local/lib/python3.12/site-packages/airflow/example_dags/example_sensor_decorator.py
[2026-09-25T17:04:22.844+0000] {logging_mixin.py:190} INFO - [2026-09-25T17:04:22.844+0000] {dag.py:3239} INFO - Sync 1 DAGs
[2026-09-25T17:04:22.883+0000] {logging_mixin.py:190} INFO - [2026-09-25T17:04:22.883+0000] {dag.py:4180} INFO - Setting next_dagrun for example_sensor_decorator to None, run_after=None
[2026-09-25T17:04:22.936+0000] {processor.py:208} INFO - Processing /home/airflow/.local/lib/python3.12/site-packages/airflow/example_dags/example_sensor_decorator.py took 0.178 seconds
[2026-09-25T17:05:01.935+0000] {processor.py:186} INFO - Started process (PID=882) to work on /home/airflow/.local/lib/python3.12/site-packages/airflow/example_dags/example_sensor_decorator.py
[2026-09-25T17:05:01.937+0000] {processor.py:914} INFO - Processing file /home/airflow/.local/lib/python3.12/site-packages/airflow/example_dags/example_sensor_decorator.py for tasks to queue
[2026-09-25T17:05:01.947+0000] {logging_mixin.py:190} INFO - [2026-09-25T17:05:01.946+0000] {dagbag.py:588} INFO - Filling up the DagBag from /home/airflow/.local/lib/python3.12/site-packages/airflow/example_dags/example_sensor_decorator.py
[2026-09-25T17:05:01.987+0000] {processor.py:925} INFO - DAG(s) 'example_sensor_decorator' retrieved from /home/airflow/.local/lib/python3.12/site-packages/airflow/example_dags/example_sensor_decorator.py
[2026-09-25T17:05:02.272+0000] {logging_mixin.py:190} INFO - [2026-09-25T17:05:02.272+0000] {dag.py:3239} INFO - Sync 1 DAGs
[2026-09-25T17:05:02.317+0000] {logging_mixin.py:190} INFO - [2026-09-25T17:05:02.317+0000] {dag.py:4180} INFO - Setting next_dagrun for example_sensor_decorator to None, run_after=None
[2026-09-25T17:05:02.369+0000] {processor.py:208} INFO - Processing /home/airflow/.local/lib/python3.12/site-packages/airflow/example_dags/example_sensor_decorator.py took 0.454 seconds
[2026-09-25T17:05:36.150+0000] {processor.py:186} INFO - Started process (PID=949) to work on /home/airflow/.local/lib/python3.12/site-packages/airflow/example_dags/example_sensor_decorator.py
[2026-09-25T17:05:36.153+0000] {processor.py:914} INFO - Processing file /home/airflow/.local/lib/python3.12/site-packages/airflow/example_dags/example_sensor_decorator.py for tasks to queue
[2026-09-25T17:05:36.157+0000] {logging_mixin.py:190} INFO - [2026-09-25T17:05:36.157+0000] {dagbag.py:588} INFO - Filling up the DagBag from /home/airflow/.local/lib/python3.12/site-packages/airflow/example_dags/example_sensor_decorator.py
[2026-09-25T17:05:36.174+0000] {processor.py:925} INFO - DAG(s) 'example_sensor_decorator' retrieved from /home/airflow/.local/lib/python3.12/site-packages/airflow/example_dags/example_sensor_decorator.py
[2026-09-25T17:05:36.214+0000] {logging_mixin.py:190} INFO - [2026-09-25T17:05:36.213+0000] {dag.py:3239} INFO - Sync 1 DAGs
[2026-09-25T17:05:36.240+0000] {logging_mixin.py:190} INFO - [2026-09-25T17:05:36.239+0000] {dag.py:4180} INFO - Setting next_dagrun for example_sensor_decorator to None, run_after=None
[2026-09-25T17:05:36.275+0000] {processor.py:208} INFO - Processing /home/airflow/.local/lib/python3.12/site-packages/airflow/example_dags/example_sensor_decorator.py took 0.135 seconds
[2026-09-25T17:06:09.159+0000] {processor.py:186} INFO - Started process (PID=1012) to work on /home/airflow/.local/lib/python3.12/site-packages/airflow/example_dags/example_sensor_decorator.py
[2026-09-25T17:06:09.174+0000] {processor.py:914} INFO - Processing file /home/airflow/.local/lib/python3.12/site-packages/airflow/example_dags/example_sensor_decorator.py for tasks to queue
[2026-09-25T17:06:09.227+0000] {logging_mixin.py:190} INFO - [2026-09-25T17:06:09.226+0000] {dagbag.py:588} INFO - Filling up the DagBag from /home/airflow/.local/lib/python3.12/site-packages/airflow/example_dags/example_sensor_decorator.py
[2026-09-25T17:06:09.272+0000] {processor.py:925} INFO - DAG(s) 'example_sensor_decorator' retrieved from /home/airflow/.local/lib/python3.12/site-packages/airflow/example_dags/example_sensor_decorator.py
[2026-09-25T17:06:09.331+0000] {logging_mixin.py:190} INFO - [2026-09-25T17:06:09.330+0000] {dag.py:3239} INFO - Sync 1 DAGs
[2026-09-25T17:06:09.388+0000] {logging_mixin.py:190} INFO - [2026-09-25T17:06:09.387+0000] {dag.py:4180} INFO - Setting next_dagrun for example_sensor_decorator to None, run_after=None
[2026-09-25T17:06:09.448+0000] {processor.py:208} INFO - Processing /home/airflow/.local/lib/python3.12/site-packages/airflow/example_dags/example_sensor_decorator.py took 0.391 seconds
[2026-09-25T17:06:47.697+0000] {processor.py:186} INFO - Started process (PID=1071) to work on /home/airflow/.local/lib/python3.12/site-packages/airflow/example_dags/example_sensor_decorator.py
[2026-09-25T17:06:47.700+0000] {processor.py:914} INFO - Processing file /home/airflow/.local/lib/python3.12/site-packages/airflow/example_dags/example_sensor_decorator.py for tasks to queue
[2026-09-25T17:06:47.705+0000] {logging_mixin.py:190} INFO - [2026-09-25T17:06:47.704+0000] {dagbag.py:588} INFO - Filling up the DagBag from /home/airflow/.local/lib/python3.12/site-packages/airflow/example_dags/example_sensor_decorator.py
[2026-09-25T17:06:47.723+0000] {processor.py:925} INFO - DAG(s) 'example_sensor_decorator' retrieved from /home/airflow/.local/lib/python3.12/site-packages/airflow/example_dags/example_sensor_decorator.py
[2026-09-25T17:06:47.776+0000] {logging_mixin.py:190} INFO - [2026-09-25T17:06:47.776+0000] {dag.py:3239} INFO - Sync 1 DAGs
[2026-09-25T17:06:47.817+0000] {logging_mixin.py:190} INFO - [2026-09-25T17:06:47.816+0000] {dag.py:4180} INFO - Setting next_dagrun for example_sensor_decorator to None, run_after=None
[2026-09-25T17:06:47.861+0000] {processor.py:208} INFO - Processing /home/airflow/.local/lib/python3.12/site-packages/airflow/example_dags/example_sensor_decorator.py took 0.183 seconds
[2026-09-25T17:07:18.377+0000] {processor.py:186} INFO - Started process (PID=1132) to work on /home/airflow/.local/lib/python3.12/site-packages/airflow/example_dags/example_sensor_decorator.py
[2026-09-25T17:07:18.381+0000] {processor.py:914} INFO - Processing file /home/airflow/.local/lib/python3.12/site-packages/airflow/example_dags/example_sensor_decorator.py for tasks to queue
[2026-09-25T17:07:18.386+0000] {logging_mixin.py:190} INFO - [2026-09-25T17:07:18.385+0000] {dagbag.py:588} INFO - Filling up the DagBag from /home/airflow/.local/lib/python3.12/site-packages/airflow/example_dags/example_sensor_decorator.py
[2026-09-25T17:07:18.401+0000] {processor.py:925} INFO - DAG(s) 'example_sensor_decorator' retrieved from /home/airflow/.local/lib/python3.12/site-packages/airflow/example_dags/example_sensor_decorator.py
[2026-09-25T17:07:18.441+0000] {logging_mixin.py:190} INFO - [2026-09-25T17:07:18.441+0000] {dag.py:3239} INFO - Sync 1 DAGs
[2026-09-25T17:07:18.471+0000] {logging_mixin.py:190} INFO - [2026-09-25T17:07:18.470+0000] {dag.py:4180} INFO - Setting next_dagrun for example_sensor_decorator to None, run_after=None
[2026-09-25T17:07:18.515+0000] {processor.py:208} INFO - Processing /home/airflow/.local/lib/python3.12/site-packages/airflow/example_dags/example_sensor_decorator.py took 0.151 seconds
[2026-09-25T17:07:49.423+0000] {processor.py:186} INFO - Started process (PID=1195) to work on /home/airflow/.local/lib/python3.12/site-packages/airflow/example_dags/example_sensor_decorator.py
[2026-09-25T17:07:49.425+0000] {processor.py:914} INFO - Processing file /home/airflow/.local/lib/python3.12/site-packages/airflow/example_dags/example_sensor_decorator.py for tasks to queue
[2026-09-25T17:07:49.437+0000] {logging_mixin.py:190} INFO - [2026-09-25T17:07:49.436+0000] {dagbag.py:588} INFO - Filling up the DagBag from /home/airflow/.local/lib/python3.12/site-packages/airflow/example_dags/example_sensor_decorator.py
[2026-09-25T17:07:49.469+0000] {processor.py:925} INFO - DAG(s) 'example_sensor_decorator' retrieved from /home/airflow/.local/lib/python3.12/site-packages/airflow/example_dags/example_sensor_decorator.py
[2026-09-25T17:07:49.553+0000] {logging_mixin.py:190} INFO - [2026-09-25T17:07:49.551+0000] {dag.py:3239} INFO - Sync 1 DAGs
[2026-09-25T17:07:49.630+0000] {logging_mixin.py:190} INFO - [2026-09-25T17:07:49.630+0000] {dag.py:4180} INFO - Setting next_dagrun for example_sensor_decorator to None, run_after=None
[2026-09-25T17:07:49.702+0000] {processor.py:208} INFO - Processing /home/airflow/.local/lib/python3.12/site-packages/airflow/example_dags/example_sensor_decorator.py took 0.292 seconds
[2026-09-25T17:08:20.084+0000] {processor.py:186} INFO - Started process (PID=1259) to work on /home/airflow/.local/lib/python3.12/site-packages/airflow/example_dags/example_sensor_decorator.py
[2026-09-25T17:08:20.089+0000] {processor.py:914} INFO - Processing file /home/airflow/.local/lib/python3.12/site-packages/airflow/example_dags/example_sensor_decorator.py for tasks to queue
[2026-09-25T17:08:20.119+0000] {logging_mixin.py:190} INFO - [2026-09-25T17:08:20.118+0000] {dagbag.py:588} INFO - Filling up the DagBag from /home/airflow/.local/lib/python3.12/site-packages/airflow/example_dags/example_sensor_decorator.py
[2026-09-25T17:08:20.157+0000] {processor.py:925} INFO - DAG(s) 'example_sensor_decorator' retrieved from /home/airflow/.local/lib/python3.12/site-packages/airflow/example_dags/example_sensor_decorator.py
[2026-09-25T17:08:20.282+0000] {logging_mixin.py:190} INFO - [2026-09-25T17:08:20.281+0000] {dag.py:3239} INFO - Sync 1 DAGs
[2026-09-25T17:08:20.394+0000] {logging_mixin.py:190} INFO - [2026-09-25T17:08:20.391+0000] {dag.py:4180} INFO - Setting next_dagrun for example_sensor_decorator to None, run_after=None
[2026-09-25T17:08:20.515+0000] {processor.py:208} INFO - Processing /home/airflow/.local/lib/python3.12/site-packages/airflow/example_dags/example_sensor_decorator.py took 0.448 seconds
[2026-09-25T17:08:57.889+0000] {processor.py:186} INFO - Started process (PID=1326) to work on /home/airflow/.local/lib/python3.12/site-packages/airflow/example_dags/example_sensor_decorator.py
[2026-09-25T17:08:57.891+0000] {processor.py:914} INFO - Processing file /home/airflow/.local/lib/python3.12/site-packages/airflow/example_dags/example_sensor_decorator.py for tasks to queue
[2026-09-25T17:08:57.896+0000] {logging_mixin.py:190} INFO - [2026-09-25T17:08:57.895+0000] {dagbag.py:588} INFO - Filling up the DagBag from /home/airflow/.local/lib/python3.12/site-packages/airflow/example_dags/example_sensor_decorator.py
[2026-09-25T17:08:57.917+0000] {processor.py:925} INFO - DAG(s) 'example_sensor_decorator' retrieved from /home/airflow/.local/lib/python3.12/site-packages/airflow/example_dags/example_sensor_decorator.py
[2026-09-25T17:08:57.978+0000] {logging_mixin.py:190} INFO - [2026-09-25T17:08:57.978+0000] {dag.py:3239} INFO - Sync 1 DAGs
[2026-09-25T17:08:58.016+0000] {logging_mixin.py:190} INFO - [2026-09-25T17:08:58.015+0000] {dag.py:4180} INFO - Setting next_dagrun for example_sensor_decorator to None, run_after=None
[2026-09-25T17:08:58.076+0000] {processor.py:208} INFO - Processing /home/airflow/.local/lib/python3.12/site-packages/airflow/example_dags/example_sensor_decorator.py took 0.199 seconds
[2026-09-25T17:09:55.414+0000] {processor.py:186} INFO - Started process (PID=1402) to work on /home/airflow/.local/lib/python3.12/site-packages/airflow/example_dags/example_sensor_decorator.py
[2026-09-25T17:09:55.417+0000] {processor.py:914} INFO - Processing file /home/airflow/.local/lib/python3.12/site-packages/airflow/example_dags/example_sensor_decorator.py for tasks to queue
[2026-09-25T17:09:55.429+0000] {logging_mixin.py:190} INFO - [2026-09-25T17:09:55.428+0000] {dagbag.py:588} INFO - Filling up the DagBag from /home/airflow/.local/lib/python3.12/site-packages/airflow/example_dags/example_sensor_decorator.py
[2026-09-25T17:09:55.514+0000] {processor.py:925} INFO - DAG(s) 'example_sensor_decorator' retrieved from /home/airflow/.local/lib/python3.12/site-packages/airflow/example_dags/example_sensor_decorator.py
[2026-09-25T17:09:55.627+0000] {logging_mixin.py:190} INFO - [2026-09-25T17:09:55.626+0000] {dag.py:3239} INFO - Sync 1 DAGs
[2026-09-25T17:09:55.707+0000] {logging_mixin.py:190} INFO - [2026-09-25T17:09:55.706+0000] {dag.py:4180} INFO - Setting next_dagrun for example_sensor_decorator to None, run_after=None
[2026-09-25T17:09:56.098+0000] {processor.py:208} INFO - Processing /home/airflow/.local/lib/python3.12/site-packages/airflow/example_dags/example_sensor_decorator.py took 0.757 seconds
[2026-09-25T17:12:03.445+0000] {processor.py:186} INFO - Started process (PID=1480) to work on /home/airflow/.local/lib/python3.12/site-packages/airflow/example_dags/example_sensor_decorator.py
[2026-09-25T17:12:03.458+0000] {processor.py:914} INFO - Processing file /home/airflow/.local/lib/python3.12/site-packages/airflow/example_dags/example_sensor_decorator.py for tasks to queue
[2026-09-25T17:12:03.488+0000] {logging_mixin.py:190} INFO - [2026-09-25T17:12:03.487+0000] {dagbag.py:588} INFO - Filling up the DagBag from /home/airflow/.local/lib/python3.12/site-packages/airflow/example_dags/example_sensor_decorator.py
[2026-09-25T17:12:03.586+0000] {processor.py:925} INFO - DAG(s) 'example_sensor_decorator' retrieved from /home/airflow/.local/lib/python3.12/site-packages/airflow/example_dags/example_sensor_decorator.py
[2026-09-25T17:12:04.074+0000] {logging_mixin.py:190} INFO - [2026-09-25T17:12:04.073+0000] {dag.py:3239} INFO - Sync 1 DAGs
[2026-09-25T17:12:04.471+0000] {logging_mixin.py:190} INFO - [2026-09-25T17:12:04.470+0000] {dag.py:4180} INFO - Setting next_dagrun for example_sensor_decorator to None, run_after=None
[2026-09-25T17:12:04.889+0000] {processor.py:208} INFO - Processing /home/airflow/.local/lib/python3.12/site-packages/airflow/example_dags/example_sensor_decorator.py took 1.722 seconds
[2026-09-25T17:14:56.657+0000] {processor.py:186} INFO - Started process (PID=1590) to work on /home/airflow/.local/lib/python3.12/site-packages/airflow/example_dags/example_sensor_decorator.py
[2026-09-25T17:14:56.662+0000] {processor.py:914} INFO - Processing file /home/airflow/.local/lib/python3.12/site-packages/airflow/example_dags/example_sensor_decorator.py for tasks to queue
[2026-09-25T17:14:56.681+0000] {logging_mixin.py:190} INFO - [2026-09-25T17:14:56.680+0000] {dagbag.py:588} INFO - Filling up the DagBag from /home/airflow/.local/lib/python3.12/site-packages/airflow/example_dags/example_sensor_decorator.py
[2026-09-25T17:14:56.723+0000] {processor.py:925} INFO - DAG(s) 'example_sensor_decorator' retrieved from /home/airflow/.local/lib/python3.12/site-packages/airflow/example_dags/example_sensor_decorator.py
[2026-09-25T17:14:56.934+0000] {logging_mixin.py:190} INFO - [2026-09-25T17:14:56.934+0000] {dag.py:3239} INFO - Sync 1 DAGs
[2026-09-25T17:14:57.063+0000] {logging_mixin.py:190} INFO - [2026-09-25T17:14:57.062+0000] {dag.py:4180} INFO - Setting next_dagrun for example_sensor_decorator to None, run_after=None
[2026-09-25T17:14:57.211+0000] {processor.py:208} INFO - Processing /home/airflow/.local/lib/python3.12/site-packages/airflow/example_dags/example_sensor_decorator.py took 0.669 seconds
[2026-09-25T17:15:33.760+0000] {processor.py:186} INFO - Started process (PID=1652) to work on /home/airflow/.local/lib/python3.12/site-packages/airflow/example_dags/example_sensor_decorator.py
[2026-09-25T17:15:33.769+0000] {processor.py:914} INFO - Processing file /home/airflow/.local/lib/python3.12/site-packages/airflow/example_dags/example_sensor_decorator.py for tasks to queue
[2026-09-25T17:15:33.814+0000] {logging_mixin.py:190} INFO - [2026-09-25T17:15:33.813+0000] {dagbag.py:588} INFO - Filling up the DagBag from /home/airflow/.local/lib/python3.12/site-packages/airflow/example_dags/example_sensor_decorator.py
[2026-09-25T17:15:33.902+0000] {processor.py:925} INFO - DAG(s) 'example_sensor_decorator' retrieved from /home/airflow/.local/lib/python3.12/site-packages/airflow/example_dags/example_sensor_decorator.py
[2026-09-25T17:15:34.070+0000] {logging_mixin.py:190} INFO - [2026-09-25T17:15:34.064+0000] {dag.py:3239} INFO - Sync 1 DAGs
[2026-09-25T17:15:34.159+0000] {logging_mixin.py:190} INFO - [2026-09-25T17:15:34.157+0000] {dag.py:4180} INFO - Setting next_dagrun for example_sensor_decorator to None, run_after=None
[2026-09-25T17:15:34.292+0000] {processor.py:208} INFO - Processing /home/airflow/.local/lib/python3.12/site-packages/airflow/example_dags/example_sensor_decorator.py took 0.572 seconds
[2026-09-25T17:16:04.756+0000] {processor.py:186} INFO - Started process (PID=1715) to work on /home/airflow/.local/lib/python3.12/site-packages/airflow/example_dags/example_sensor_decorator.py
[2026-09-25T17:16:04.759+0000] {processor.py:914} INFO - Processing file /home/airflow/.local/lib/python3.12/site-packages/airflow/example_dags/example_sensor_decorator.py for tasks to queue
[2026-09-25T17:16:04.764+0000] {logging_mixin.py:190} INFO - [2026-09-25T17:16:04.763+0000] {dagbag.py:588} INFO - Filling up the DagBag from /home/airflow/.local/lib/python3.12/site-packages/airflow/example_dags/example_sensor_decorator.py
[2026-09-25T17:16:04.788+0000] {processor.py:925} INFO - DAG(s) 'example_sensor_decorator' retrieved from /home/airflow/.local/lib/python3.12/site-packages/airflow/example_dags/example_sensor_decorator.py
[2026-09-25T17:16:04.839+0000] {logging_mixin.py:190} INFO - [2026-09-25T17:16:04.838+0000] {dag.py:3239} INFO - Sync 1 DAGs
[2026-09-25T17:16:04.886+0000] {logging_mixin.py:190} INFO - [2026-09-25T17:16:04.886+0000] {dag.py:4180} INFO - Setting next_dagrun for example_sensor_decorator to None, run_after=None
[2026-09-25T17:16:04.950+0000] {processor.py:208} INFO - Processing /home/airflow/.local/lib/python3.12/site-packages/airflow/example_dags/example_sensor_decorator.py took 0.209 seconds
[2026-09-25T17:16:49.543+0000] {processor.py:186} INFO - Started process (PID=1761) to work on /home/airflow/.local/lib/python3.12/site-packages/airflow/example_dags/example_sensor_decorator.py
[2026-09-25T17:16:49.546+0000] {processor.py:914} INFO - Processing file /home/airflow/.local/lib/python3.12/site-packages/airflow/example_dags/example_sensor_decorator.py for tasks to queue
[2026-09-25T17:16:49.553+0000] {logging_mixin.py:190} INFO - [2026-09-25T17:16:49.553+0000] {dagbag.py:588} INFO - Filling up the DagBag from /home/airflow/.local/lib/python3.12/site-packages/airflow/example_dags/example_sensor_decorator.py
[2026-09-25T17:16:49.573+0000] {processor.py:925} INFO - DAG(s) 'example_sensor_decorator' retrieved from /home/airflow/.local/lib/python3.12/site-packages/airflow/example_dags/example_sensor_decorator.py
[2026-09-25T17:16:49.632+0000] {logging_mixin.py:190} INFO - [2026-09-25T17:16:49.632+0000] {dag.py:3239} INFO - Sync 1 DAGs
[2026-09-25T17:16:49.663+0000] {logging_mixin.py:190} INFO - [2026-09-25T17:16:49.663+0000] {dag.py:4180} INFO - Setting next_dagrun for example_sensor_decorator to None, run_after=None
[2026-09-25T17:16:49.730+0000] {processor.py:208} INFO - Processing /home/airflow/.local/lib/python3.12/site-packages/airflow/example_dags/example_sensor_decorator.py took 0.199 seconds
[2026-09-25T17:17:21.232+0000] {processor.py:186} INFO - Started process (PID=1823) to work on /home/airflow/.local/lib/python3.12/site-packages/airflow/example_dags/example_sensor_decorator.py
[2026-09-25T17:17:21.238+0000] {processor.py:914} INFO - Processing file /home/airflow/.local/lib/python3.12/site-packages/airflow/example_dags/example_sensor_decorator.py for tasks to queue
[2026-09-25T17:17:21.250+0000] {logging_mixin.py:190} INFO - [2026-09-25T17:17:21.249+0000] {dagbag.py:588} INFO - Filling up the DagBag from /home/airflow/.local/lib/python3.12/site-packages/airflow/example_dags/example_sensor_decorator.py
[2026-09-25T17:17:21.271+0000] {processor.py:925} INFO - DAG(s) 'example_sensor_decorator' retrieved from /home/airflow/.local/lib/python3.12/site-packages/airflow/example_dags/example_sensor_decorator.py
[2026-09-25T17:17:21.323+0000] {logging_mixin.py:190} INFO - [2026-09-25T17:17:21.322+0000] {dag.py:3239} INFO - Sync 1 DAGs
[2026-09-25T17:17:21.374+0000] {logging_mixin.py:190} INFO - [2026-09-25T17:17:21.373+0000] {dag.py:4180} INFO - Setting next_dagrun for example_sensor_decorator to None, run_after=None
[2026-09-25T17:17:21.423+0000] {processor.py:208} INFO - Processing /home/airflow/.local/lib/python3.12/site-packages/airflow/example_dags/example_sensor_decorator.py took 0.216 seconds
[2026-09-25T17:17:57.822+0000] {processor.py:186} INFO - Started process (PID=1890) to work on /home/airflow/.local/lib/python3.12/site-packages/airflow/example_dags/example_sensor_decorator.py
[2026-09-25T17:17:57.834+0000] {processor.py:914} INFO - Processing file /home/airflow/.local/lib/python3.12/site-packages/airflow/example_dags/example_sensor_decorator.py for tasks to queue
[2026-09-25T17:17:57.840+0000] {logging_mixin.py:190} INFO - [2026-09-25T17:17:57.839+0000] {dagbag.py:588} INFO - Filling up the DagBag from /home/airflow/.local/lib/python3.12/site-packages/airflow/example_dags/example_sensor_decorator.py
[2026-09-25T17:17:57.860+0000] {processor.py:925} INFO - DAG(s) 'example_sensor_decorator' retrieved from /home/airflow/.local/lib/python3.12/site-packages/airflow/example_dags/example_sensor_decorator.py
[2026-09-25T17:17:57.917+0000] {logging_mixin.py:190} INFO - [2026-09-25T17:17:57.915+0000] {dag.py:3239} INFO - Sync 1 DAGs
[2026-09-25T17:17:57.968+0000] {logging_mixin.py:190} INFO - [2026-09-25T17:17:57.967+0000] {dag.py:4180} INFO - Setting next_dagrun for example_sensor_decorator to None, run_after=None
[2026-09-25T17:17:58.034+0000] {processor.py:208} INFO - Processing /home/airflow/.local/lib/python3.12/site-packages/airflow/example_dags/example_sensor_decorator.py took 0.220 seconds
[2026-09-25T17:18:34.438+0000] {processor.py:186} INFO - Started process (PID=1958) to work on /home/airflow/.local/lib/python3.12/site-packages/airflow/example_dags/example_sensor_decorator.py
[2026-09-25T17:18:34.443+0000] {processor.py:914} INFO - Processing file /home/airflow/.local/lib/python3.12/site-packages/airflow/example_dags/example_sensor_decorator.py for tasks to queue
[2026-09-25T17:18:34.452+0000] {logging_mixin.py:190} INFO - [2026-09-25T17:18:34.451+0000] {dagbag.py:588} INFO - Filling up the DagBag from /home/airflow/.local/lib/python3.12/site-packages/airflow/example_dags/example_sensor_decorator.py
[2026-09-25T17:18:34.470+0000] {processor.py:925} INFO - DAG(s) 'example_sensor_decorator' retrieved from /home/airflow/.local/lib/python3.12/site-packages/airflow/example_dags/example_sensor_decorator.py
[2026-09-25T17:18:34.519+0000] {logging_mixin.py:190} INFO - [2026-09-25T17:18:34.518+0000] {dag.py:3239} INFO - Sync 1 DAGs
[2026-09-25T17:18:34.572+0000] {logging_mixin.py:190} INFO - [2026-09-25T17:18:34.572+0000] {dag.py:4180} INFO - Setting next_dagrun for example_sensor_decorator to None, run_after=None
[2026-09-25T17:18:34.613+0000] {processor.py:208} INFO - Processing /home/airflow/.local/lib/python3.12/site-packages/airflow/example_dags/example_sensor_decorator.py took 0.192 seconds
[2026-09-25T17:19:08.567+0000] {processor.py:186} INFO - Started process (PID=2021) to work on /home/airflow/.local/lib/python3.12/site-packages/airflow/example_dags/example_sensor_decorator.py
[2026-09-25T17:19:08.570+0000] {processor.py:914} INFO - Processing file /home/airflow/.local/lib/python3.12/site-packages/airflow/example_dags/example_sensor_decorator.py for tasks to queue
[2026-09-25T17:19:08.575+0000] {logging_mixin.py:190} INFO - [2026-09-25T17:19:08.574+0000] {dagbag.py:588} INFO - Filling up the DagBag from /home/airflow/.local/lib/python3.12/site-packages/airflow/example_dags/example_sensor_decorator.py
[2026-09-25T17:19:08.600+0000] {processor.py:925} INFO - DAG(s) 'example_sensor_decorator' retrieved from /home/airflow/.local/lib/python3.12/site-packages/airflow/example_dags/example_sensor_decorator.py
[2026-09-25T17:19:08.658+0000] {logging_mixin.py:190} INFO - [2026-09-25T17:19:08.657+0000] {dag.py:3239} INFO - Sync 1 DAGs
[2026-09-25T17:19:08.692+0000] {logging_mixin.py:190} INFO - [2026-09-25T17:19:08.691+0000] {dag.py:4180} INFO - Setting next_dagrun for example_sensor_decorator to None, run_after=None
[2026-09-25T17:19:08.790+0000] {processor.py:208} INFO - Processing /home/airflow/.local/lib/python3.12/site-packages/airflow/example_dags/example_sensor_decorator.py took 0.238 seconds
[2026-09-25T17:19:46.609+0000] {processor.py:186} INFO - Started process (PID=2084) to work on /home/airflow/.local/lib/python3.12/site-packages/airflow/example_dags/example_sensor_decorator.py
[2026-09-25T17:19:46.619+0000] {processor.py:914} INFO - Processing file /home/airflow/.local/lib/python3.12/site-packages/airflow/example_dags/example_sensor_decorator.py for tasks to queue
[2026-09-25T17:19:46.673+0000] {logging_mixin.py:190} INFO - [2026-09-25T17:19:46.666+0000] {dagbag.py:588} INFO - Filling up the DagBag from /home/airflow/.local/lib/python3.12/site-packages/airflow/example_dags/example_sensor_decorator.py
[2026-09-25T17:19:46.751+0000] {processor.py:925} INFO - DAG(s) 'example_sensor_decorator' retrieved from /home/airflow/.local/lib/python3.12/site-packages/airflow/example_dags/example_sensor_decorator.py
[2026-09-25T17:19:46.888+0000] {logging_mixin.py:190} INFO - [2026-09-25T17:19:46.888+0000] {dag.py:3239} INFO - Sync 1 DAGs
[2026-09-25T17:19:47.073+0000] {logging_mixin.py:190} INFO - [2026-09-25T17:19:47.072+0000] {dag.py:4180} INFO - Setting next_dagrun for example_sensor_decorator to None, run_after=None
[2026-09-25T17:19:47.195+0000] {processor.py:208} INFO - Processing /home/airflow/.local/lib/python3.12/site-packages/airflow/example_dags/example_sensor_decorator.py took 0.658 seconds
[2026-09-25T17:20:29.603+0000] {processor.py:186} INFO - Started process (PID=2147) to work on /home/airflow/.local/lib/python3.12/site-packages/airflow/example_dags/example_sensor_decorator.py
[2026-09-25T17:20:29.676+0000] {processor.py:914} INFO - Processing file /home/airflow/.local/lib/python3.12/site-packages/airflow/example_dags/example_sensor_decorator.py for tasks to queue
[2026-09-25T17:20:29.739+0000] {logging_mixin.py:190} INFO - [2026-09-25T17:20:29.737+0000] {dagbag.py:588} INFO - Filling up the DagBag from /home/airflow/.local/lib/python3.12/site-packages/airflow/example_dags/example_sensor_decorator.py
[2026-09-25T17:20:29.790+0000] {processor.py:925} INFO - DAG(s) 'example_sensor_decorator' retrieved from /home/airflow/.local/lib/python3.12/site-packages/airflow/example_dags/example_sensor_decorator.py
[2026-09-25T17:20:29.924+0000] {logging_mixin.py:190} INFO - [2026-09-25T17:20:29.923+0000] {dag.py:3239} INFO - Sync 1 DAGs
[2026-09-25T17:20:30.069+0000] {logging_mixin.py:190} INFO - [2026-09-25T17:20:30.068+0000] {dag.py:4180} INFO - Setting next_dagrun for example_sensor_decorator to None, run_after=None
[2026-09-25T17:20:30.210+0000] {processor.py:208} INFO - Processing /home/airflow/.local/lib/python3.12/site-packages/airflow/example_dags/example_sensor_decorator.py took 0.652 seconds
[2026-09-25T17:21:15.260+0000] {processor.py:186} INFO - Started process (PID=2215) to work on /home/airflow/.local/lib/python3.12/site-packages/airflow/example_dags/example_sensor_decorator.py
[2026-09-25T17:21:15.270+0000] {processor.py:914} INFO - Processing file /home/airflow/.local/lib/python3.12/site-packages/airflow/example_dags/example_sensor_decorator.py for tasks to queue
[2026-09-25T17:21:15.289+0000] {logging_mixin.py:190} INFO - [2026-09-25T17:21:15.287+0000] {dagbag.py:588} INFO - Filling up the DagBag from /home/airflow/.local/lib/python3.12/site-packages/airflow/example_dags/example_sensor_decorator.py
[2026-09-25T17:21:15.319+0000] {processor.py:925} INFO - DAG(s) 'example_sensor_decorator' retrieved from /home/airflow/.local/lib/python3.12/site-packages/airflow/example_dags/example_sensor_decorator.py
[2026-09-25T17:21:15.387+0000] {logging_mixin.py:190} INFO - [2026-09-25T17:21:15.387+0000] {dag.py:3239} INFO - Sync 1 DAGs
[2026-09-25T17:21:15.454+0000] {logging_mixin.py:190} INFO - [2026-09-25T17:21:15.453+0000] {dag.py:4180} INFO - Setting next_dagrun for example_sensor_decorator to None, run_after=None
[2026-09-25T17:21:15.609+0000] {processor.py:208} INFO - Processing /home/airflow/.local/lib/python3.12/site-packages/airflow/example_dags/example_sensor_decorator.py took 0.416 seconds
[2026-09-25T17:22:35.832+0000] {processor.py:186} INFO - Started process (PID=2311) to work on /home/airflow/.local/lib/python3.12/site-packages/airflow/example_dags/example_sensor_decorator.py
[2026-09-25T17:22:35.836+0000] {processor.py:914} INFO - Processing file /home/airflow/.local/lib/python3.12/site-packages/airflow/example_dags/example_sensor_decorator.py for tasks to queue
[2026-09-25T17:22:35.854+0000] {logging_mixin.py:190} INFO - [2026-09-25T17:22:35.851+0000] {dagbag.py:588} INFO - Filling up the DagBag from /home/airflow/.local/lib/python3.12/site-packages/airflow/example_dags/example_sensor_decorator.py
[2026-09-25T17:22:36.065+0000] {processor.py:925} INFO - DAG(s) 'example_sensor_decorator' retrieved from /home/airflow/.local/lib/python3.12/site-packages/airflow/example_dags/example_sensor_decorator.py
[2026-09-25T17:22:36.708+0000] {logging_mixin.py:190} INFO - [2026-09-25T17:22:36.707+0000] {dag.py:3239} INFO - Sync 1 DAGs
[2026-09-25T17:22:37.255+0000] {logging_mixin.py:190} INFO - [2026-09-25T17:22:37.254+0000] {dag.py:4180} INFO - Setting next_dagrun for example_sensor_decorator to None, run_after=None
[2026-09-25T17:22:37.500+0000] {processor.py:208} INFO - Processing /home/airflow/.local/lib/python3.12/site-packages/airflow/example_dags/example_sensor_decorator.py took 1.797 seconds
[2026-09-25T17:23:12.197+0000] {processor.py:186} INFO - Started process (PID=2373) to work on /home/airflow/.local/lib/python3.12/site-packages/airflow/example_dags/example_sensor_decorator.py
[2026-09-25T17:23:12.203+0000] {processor.py:914} INFO - Processing file /home/airflow/.local/lib/python3.12/site-packages/airflow/example_dags/example_sensor_decorator.py for tasks to queue
[2026-09-25T17:23:12.220+0000] {logging_mixin.py:190} INFO - [2026-09-25T17:23:12.219+0000] {dagbag.py:588} INFO - Filling up the DagBag from /home/airflow/.local/lib/python3.12/site-packages/airflow/example_dags/example_sensor_decorator.py
[2026-09-25T17:23:12.272+0000] {processor.py:925} INFO - DAG(s) 'example_sensor_decorator' retrieved from /home/airflow/.local/lib/python3.12/site-packages/airflow/example_dags/example_sensor_decorator.py
[2026-09-25T17:23:12.463+0000] {logging_mixin.py:190} INFO - [2026-09-25T17:23:12.463+0000] {dag.py:3239} INFO - Sync 1 DAGs
[2026-09-25T17:23:12.715+0000] {logging_mixin.py:190} INFO - [2026-09-25T17:23:12.715+0000] {dag.py:4180} INFO - Setting next_dagrun for example_sensor_decorator to None, run_after=None
[2026-09-25T17:23:14.503+0000] {processor.py:208} INFO - Processing /home/airflow/.local/lib/python3.12/site-packages/airflow/example_dags/example_sensor_decorator.py took 2.351 seconds
[2026-09-25T17:23:48.270+0000] {processor.py:186} INFO - Started process (PID=2434) to work on /home/airflow/.local/lib/python3.12/site-packages/airflow/example_dags/example_sensor_decorator.py
[2026-09-25T17:23:48.277+0000] {processor.py:914} INFO - Processing file /home/airflow/.local/lib/python3.12/site-packages/airflow/example_dags/example_sensor_decorator.py for tasks to queue
[2026-09-25T17:23:48.321+0000] {logging_mixin.py:190} INFO - [2026-09-25T17:23:48.320+0000] {dagbag.py:588} INFO - Filling up the DagBag from /home/airflow/.local/lib/python3.12/site-packages/airflow/example_dags/example_sensor_decorator.py
[2026-09-25T17:23:48.428+0000] {processor.py:925} INFO - DAG(s) 'example_sensor_decorator' retrieved from /home/airflow/.local/lib/python3.12/site-packages/airflow/example_dags/example_sensor_decorator.py
[2026-09-25T17:23:48.628+0000] {logging_mixin.py:190} INFO - [2026-09-25T17:23:48.628+0000] {dag.py:3239} INFO - Sync 1 DAGs
[2026-09-25T17:23:48.858+0000] {logging_mixin.py:190} INFO - [2026-09-25T17:23:48.857+0000] {dag.py:4180} INFO - Setting next_dagrun for example_sensor_decorator to None, run_after=None
[2026-09-25T17:23:49.031+0000] {processor.py:208} INFO - Processing /home/airflow/.local/lib/python3.12/site-packages/airflow/example_dags/example_sensor_decorator.py took 0.795 seconds
[2026-09-25T17:24:24.336+0000] {processor.py:186} INFO - Started process (PID=2499) to work on /home/airflow/.local/lib/python3.12/site-packages/airflow/example_dags/example_sensor_decorator.py
[2026-09-25T17:24:24.372+0000] {processor.py:914} INFO - Processing file /home/airflow/.local/lib/python3.12/site-packages/airflow/example_dags/example_sensor_decorator.py for tasks to queue
[2026-09-25T17:24:24.472+0000] {logging_mixin.py:190} INFO - [2026-09-25T17:24:24.457+0000] {dagbag.py:588} INFO - Filling up the DagBag from /home/airflow/.local/lib/python3.12/site-packages/airflow/example_dags/example_sensor_decorator.py
[2026-09-25T17:24:24.600+0000] {processor.py:925} INFO - DAG(s) 'example_sensor_decorator' retrieved from /home/airflow/.local/lib/python3.12/site-packages/airflow/example_dags/example_sensor_decorator.py
[2026-09-25T17:24:24.806+0000] {logging_mixin.py:190} INFO - [2026-09-25T17:24:24.805+0000] {dag.py:3239} INFO - Sync 1 DAGs
[2026-09-25T17:24:25.077+0000] {logging_mixin.py:190} INFO - [2026-09-25T17:24:25.073+0000] {dag.py:4180} INFO - Setting next_dagrun for example_sensor_decorator to None, run_after=None
[2026-09-25T17:24:25.252+0000] {processor.py:208} INFO - Processing /home/airflow/.local/lib/python3.12/site-packages/airflow/example_dags/example_sensor_decorator.py took 0.992 seconds
[2026-09-25T17:24:55.652+0000] {processor.py:186} INFO - Started process (PID=2562) to work on /home/airflow/.local/lib/python3.12/site-packages/airflow/example_dags/example_sensor_decorator.py
[2026-09-25T17:24:55.666+0000] {processor.py:914} INFO - Processing file /home/airflow/.local/lib/python3.12/site-packages/airflow/example_dags/example_sensor_decorator.py for tasks to queue
[2026-09-25T17:24:55.691+0000] {logging_mixin.py:190} INFO - [2026-09-25T17:24:55.690+0000] {dagbag.py:588} INFO - Filling up the DagBag from /home/airflow/.local/lib/python3.12/site-packages/airflow/example_dags/example_sensor_decorator.py
[2026-09-25T17:24:55.823+0000] {processor.py:925} INFO - DAG(s) 'example_sensor_decorator' retrieved from /home/airflow/.local/lib/python3.12/site-packages/airflow/example_dags/example_sensor_decorator.py
[2026-09-25T17:24:55.985+0000] {logging_mixin.py:190} INFO - [2026-09-25T17:24:55.983+0000] {dag.py:3239} INFO - Sync 1 DAGs
[2026-09-25T17:24:56.266+0000] {logging_mixin.py:190} INFO - [2026-09-25T17:24:56.250+0000] {dag.py:4180} INFO - Setting next_dagrun for example_sensor_decorator to None, run_after=None
[2026-09-25T17:24:56.681+0000] {processor.py:208} INFO - Processing /home/airflow/.local/lib/python3.12/site-packages/airflow/example_dags/example_sensor_decorator.py took 1.108 seconds
