[2026-09-25T16:15:59.602+0000] {processor.py:186} INFO - Started process (PID=120) to work on /home/airflow/.local/lib/python3.12/site-packages/airflow/example_dags/example_local_kubernetes_executor.py
[2026-09-25T16:15:59.614+0000] {processor.py:914} INFO - Processing file /home/airflow/.local/lib/python3.12/site-packages/airflow/example_dags/example_local_kubernetes_executor.py for tasks to queue
[2026-09-25T16:15:59.626+0000] {logging_mixin.py:190} INFO - [2026-09-25T16:15:59.624+0000] {dagbag.py:588} INFO - Filling up the DagBag from /home/airflow/.local/lib/python3.12/site-packages/airflow/example_dags/example_local_kubernetes_executor.py
[2026-09-25T16:16:00.116+0000] {processor.py:925} INFO - DAG(s) 'example_local_kubernetes_executor' retrieved from /home/airflow/.local/lib/python3.12/site-packages/airflow/example_dags/example_local_kubernetes_executor.py
[2026-09-25T16:16:00.450+0000] {logging_mixin.py:190} INFO - [2026-09-25T16:16:00.449+0000] {dag.py:3239} INFO - Sync 1 DAGs
[2026-09-25T16:16:00.771+0000] {logging_mixin.py:190} INFO - [2026-09-25T16:16:00.765+0000] {dag.py:4180} INFO - Setting next_dagrun for example_local_kubernetes_executor to None, run_after=None
[2026-09-25T16:16:01.020+0000] {processor.py:208} INFO - Processing /home/airflow/.local/lib/python3.12/site-packages/airflow/example_dags/example_local_kubernetes_executor.py took 1.462 seconds
[2026-09-25T16:18:52.261+0000] {processor.py:186} INFO - Started process (PID=207) to work on /home/airflow/.local/lib/python3.12/site-packages/airflow/example_dags/example_local_kubernetes_executor.py
[2026-09-25T16:18:52.343+0000] {processor.py:914} INFO - Processing file /home/airflow/.local/lib/python3.12/site-packages/airflow/example_dags/example_local_kubernetes_executor.py for tasks to queue
[2026-09-25T16:18:52.534+0000] {logging_mixin.py:190} INFO - [2026-09-25T16:18:52.533+0000] {dagbag.py:588} INFO - Filling up the DagBag from /home/airflow/.local/lib/python3.12/site-packages/airflow/example_dags/example_local_kubernetes_executor.py
[2026-09-25T16:18:52.746+0000] {processor.py:925} INFO - DAG(s) 'example_local_kubernetes_executor' retrieved from /home/airflow/.local/lib/python3.12/site-packages/airflow/example_dags/example_local_kubernetes_executor.py
[2026-09-25T16:18:53.361+0000] {logging_mixin.py:190} INFO - [2026-09-25T16:18:53.360+0000] {dag.py:3239} INFO - Sync 1 DAGs
[2026-09-25T16:18:53.694+0000] {logging_mixin.py:190} INFO - [2026-09-25T16:18:53.671+0000] {dag.py:4180} INFO - Setting next_dagrun for example_local_kubernetes_executor to None, run_after=None
[2026-09-25T16:18:54.151+0000] {processor.py:208} INFO - Processing /home/airflow/.local/lib/python3.12/site-packages/airflow/example_dags/example_local_kubernetes_executor.py took 1.937 seconds
[2026-09-25T16:20:54.251+0000] {processor.py:186} INFO - Started process (PID=319) to work on /home/airflow/.local/lib/python3.12/site-packages/airflow/example_dags/example_local_kubernetes_executor.py
[2026-09-25T16:20:54.279+0000] {processor.py:914} INFO - Processing file /home/airflow/.local/lib/python3.12/site-packages/airflow/example_dags/example_local_kubernetes_executor.py for tasks to queue
[2026-09-25T16:20:54.359+0000] {logging_mixin.py:190} INFO - [2026-09-25T16:20:54.323+0000] {dagbag.py:588} INFO - Filling up the DagBag from /home/airflow/.local/lib/python3.12/site-packages/airflow/example_dags/example_local_kubernetes_executor.py
[2026-09-25T16:20:54.528+0000] {processor.py:925} INFO - DAG(s) 'example_local_kubernetes_executor' retrieved from /home/airflow/.local/lib/python3.12/site-packages/airflow/example_dags/example_local_kubernetes_executor.py
[2026-09-25T16:20:55.090+0000] {logging_mixin.py:190} INFO - [2026-09-25T16:20:55.087+0000] {dag.py:3239} INFO - Sync 1 DAGs
[2026-09-25T16:20:55.308+0000] {logging_mixin.py:190} INFO - [2026-09-25T16:20:55.306+0000] {dag.py:4180} INFO - Setting next_dagrun for example_local_kubernetes_executor to None, run_after=None
[2026-09-25T16:20:55.455+0000] {processor.py:208} INFO - Processing /home/airflow/.local/lib/python3.12/site-packages/airflow/example_dags/example_local_kubernetes_executor.py took 1.374 seconds
[2026-09-25T16:21:40.320+0000] {processor.py:186} INFO - Started process (PID=387) to work on /home/airflow/.local/lib/python3.12/site-packages/airflow/example_dags/example_local_kubernetes_executor.py
[2026-09-25T16:21:40.322+0000] {processor.py:914} INFO - Processing file /home/airflow/.local/lib/python3.12/site-packages/airflow/example_dags/example_local_kubernetes_executor.py for tasks to queue
[2026-09-25T16:21:40.332+0000] {logging_mixin.py:190} INFO - [2026-09-25T16:21:40.331+0000] {dagbag.py:588} INFO - Filling up the DagBag from /home/airflow/.local/lib/python3.12/site-packages/airflow/example_dags/example_local_kubernetes_executor.py
[2026-09-25T16:21:40.357+0000] {processor.py:925} INFO - DAG(s) 'example_local_kubernetes_executor' retrieved from /home/airflow/.local/lib/python3.12/site-packages/airflow/example_dags/example_local_kubernetes_executor.py
[2026-09-25T16:21:40.417+0000] {logging_mixin.py:190} INFO - [2026-09-25T16:21:40.416+0000] {dag.py:3239} INFO - Sync 1 DAGs
[2026-09-25T16:21:40.466+0000] {logging_mixin.py:190} INFO - [2026-09-25T16:21:40.466+0000] {dag.py:4180} INFO - Setting next_dagrun for example_local_kubernetes_executor to None, run_after=None
[2026-09-25T16:21:40.522+0000] {processor.py:208} INFO - Processing /home/airflow/.local/lib/python3.12/site-packages/airflow/example_dags/example_local_kubernetes_executor.py took 0.217 seconds
[2026-09-25T16:22:52.681+0000] {processor.py:186} INFO - Started process (PID=445) to work on /home/airflow/.local/lib/python3.12/site-packages/airflow/example_dags/example_local_kubernetes_executor.py
[2026-09-25T16:22:52.686+0000] {processor.py:914} INFO - Processing file /home/airflow/.local/lib/python3.12/site-packages/airflow/example_dags/example_local_kubernetes_executor.py for tasks to queue
[2026-09-25T16:22:52.699+0000] {logging_mixin.py:190} INFO - [2026-09-25T16:22:52.698+0000] {dagbag.py:588} INFO - Filling up the DagBag from /home/airflow/.local/lib/python3.12/site-packages/airflow/example_dags/example_local_kubernetes_executor.py
[2026-09-25T16:22:52.794+0000] {processor.py:925} INFO - DAG(s) 'example_local_kubernetes_executor' retrieved from /home/airflow/.local/lib/python3.12/site-packages/airflow/example_dags/example_local_kubernetes_executor.py
[2026-09-25T16:22:53.245+0000] {logging_mixin.py:190} INFO - [2026-09-25T16:22:53.244+0000] {dag.py:3239} INFO - Sync 1 DAGs
[2026-09-25T16:22:53.392+0000] {logging_mixin.py:190} INFO - [2026-09-25T16:22:53.392+0000] {dag.py:4180} INFO - Setting next_dagrun for example_local_kubernetes_executor to None, run_after=None
[2026-09-25T16:22:53.980+0000] {processor.py:208} INFO - Processing /home/airflow/.local/lib/python3.12/site-packages/airflow/example_dags/example_local_kubernetes_executor.py took 1.318 seconds
[2026-09-25T16:23:26.361+0000] {processor.py:186} INFO - Started process (PID=508) to work on /home/airflow/.local/lib/python3.12/site-packages/airflow/example_dags/example_local_kubernetes_executor.py
[2026-09-25T16:23:26.364+0000] {processor.py:914} INFO - Processing file /home/airflow/.local/lib/python3.12/site-packages/airflow/example_dags/example_local_kubernetes_executor.py for tasks to queue
[2026-09-25T16:23:26.373+0000] {logging_mixin.py:190} INFO - [2026-09-25T16:23:26.372+0000] {dagbag.py:588} INFO - Filling up the DagBag from /home/airflow/.local/lib/python3.12/site-packages/airflow/example_dags/example_local_kubernetes_executor.py
[2026-09-25T16:23:26.407+0000] {processor.py:925} INFO - DAG(s) 'example_local_kubernetes_executor' retrieved from /home/airflow/.local/lib/python3.12/site-packages/airflow/example_dags/example_local_kubernetes_executor.py
[2026-09-25T16:23:26.560+0000] {logging_mixin.py:190} INFO - [2026-09-25T16:23:26.559+0000] {dag.py:3239} INFO - Sync 1 DAGs
[2026-09-25T16:23:26.606+0000] {logging_mixin.py:190} INFO - [2026-09-25T16:23:26.606+0000] {dag.py:4180} INFO - Setting next_dagrun for example_local_kubernetes_executor to None, run_after=None
[2026-09-25T16:23:26.765+0000] {processor.py:208} INFO - Processing /home/airflow/.local/lib/python3.12/site-packages/airflow/example_dags/example_local_kubernetes_executor.py took 0.439 seconds
[2026-09-25T16:24:04.124+0000] {processor.py:186} INFO - Started process (PID=571) to work on /home/airflow/.local/lib/python3.12/site-packages/airflow/example_dags/example_local_kubernetes_executor.py
[2026-09-25T16:24:04.128+0000] {processor.py:914} INFO - Processing file /home/airflow/.local/lib/python3.12/site-packages/airflow/example_dags/example_local_kubernetes_executor.py for tasks to queue
[2026-09-25T16:24:04.137+0000] {logging_mixin.py:190} INFO - [2026-09-25T16:24:04.136+0000] {dagbag.py:588} INFO - Filling up the DagBag from /home/airflow/.local/lib/python3.12/site-packages/airflow/example_dags/example_local_kubernetes_executor.py
[2026-09-25T16:24:04.180+0000] {processor.py:925} INFO - DAG(s) 'example_local_kubernetes_executor' retrieved from /home/airflow/.local/lib/python3.12/site-packages/airflow/example_dags/example_local_kubernetes_executor.py
[2026-09-25T16:24:04.349+0000] {logging_mixin.py:190} INFO - [2026-09-25T16:24:04.348+0000] {dag.py:3239} INFO - Sync 1 DAGs
[2026-09-25T16:24:04.532+0000] {logging_mixin.py:190} INFO - [2026-09-25T16:24:04.531+0000] {dag.py:4180} INFO - Setting next_dagrun for example_local_kubernetes_executor to None, run_after=None
[2026-09-25T16:24:04.832+0000] {processor.py:208} INFO - Processing /home/airflow/.local/lib/python3.12/site-packages/airflow/example_dags/example_local_kubernetes_executor.py took 0.739 seconds
[2026-09-25T16:24:47.619+0000] {processor.py:186} INFO - Started process (PID=639) to work on /home/airflow/.local/lib/python3.12/site-packages/airflow/example_dags/example_local_kubernetes_executor.py
[2026-09-25T16:24:47.629+0000] {processor.py:914} INFO - Processing file /home/airflow/.local/lib/python3.12/site-packages/airflow/example_dags/example_local_kubernetes_executor.py for tasks to queue
[2026-09-25T16:24:47.688+0000] {logging_mixin.py:190} INFO - [2026-09-25T16:24:47.687+0000] {dagbag.py:588} INFO - Filling up the DagBag from /home/airflow/.local/lib/python3.12/site-packages/airflow/example_dags/example_local_kubernetes_executor.py
[2026-09-25T16:24:47.761+0000] {processor.py:925} INFO - DAG(s) 'example_local_kubernetes_executor' retrieved from /home/airflow/.local/lib/python3.12/site-packages/airflow/example_dags/example_local_kubernetes_executor.py
[2026-09-25T16:24:48.094+0000] {logging_mixin.py:190} INFO - [2026-09-25T16:24:48.070+0000] {dag.py:3239} INFO - Sync 1 DAGs
[2026-09-25T16:24:48.279+0000] {logging_mixin.py:190} INFO - [2026-09-25T16:24:48.279+0000] {dag.py:4180} INFO - Setting next_dagrun for example_local_kubernetes_executor to None, run_after=None
[2026-09-25T16:24:48.558+0000] {processor.py:208} INFO - Processing /home/airflow/.local/lib/python3.12/site-packages/airflow/example_dags/example_local_kubernetes_executor.py took 0.972 seconds
[2026-09-25T16:25:20.069+0000] {processor.py:186} INFO - Started process (PID=702) to work on /home/airflow/.local/lib/python3.12/site-packages/airflow/example_dags/example_local_kubernetes_executor.py
[2026-09-25T16:25:20.091+0000] {processor.py:914} INFO - Processing file /home/airflow/.local/lib/python3.12/site-packages/airflow/example_dags/example_local_kubernetes_executor.py for tasks to queue
[2026-09-25T16:25:20.115+0000] {logging_mixin.py:190} INFO - [2026-09-25T16:25:20.115+0000] {dagbag.py:588} INFO - Filling up the DagBag from /home/airflow/.local/lib/python3.12/site-packages/airflow/example_dags/example_local_kubernetes_executor.py
[2026-09-25T16:25:20.147+0000] {processor.py:925} INFO - DAG(s) 'example_local_kubernetes_executor' retrieved from /home/airflow/.local/lib/python3.12/site-packages/airflow/example_dags/example_local_kubernetes_executor.py
[2026-09-25T16:25:20.225+0000] {logging_mixin.py:190} INFO - [2026-09-25T16:25:20.224+0000] {dag.py:3239} INFO - Sync 1 DAGs
[2026-09-25T16:25:20.288+0000] {logging_mixin.py:190} INFO - [2026-09-25T16:25:20.287+0000] {dag.py:4180} INFO - Setting next_dagrun for example_local_kubernetes_executor to None, run_after=None
[2026-09-25T16:25:20.376+0000] {processor.py:208} INFO - Processing /home/airflow/.local/lib/python3.12/site-packages/airflow/example_dags/example_local_kubernetes_executor.py took 0.395 seconds
[2026-09-25T16:25:58.772+0000] {processor.py:186} INFO - Started process (PID=766) to work on /home/airflow/.local/lib/python3.12/site-packages/airflow/example_dags/example_local_kubernetes_executor.py
[2026-09-25T16:25:58.806+0000] {processor.py:914} INFO - Processing file /home/airflow/.local/lib/python3.12/site-packages/airflow/example_dags/example_local_kubernetes_executor.py for tasks to queue
[2026-09-25T16:25:58.812+0000] {logging_mixin.py:190} INFO - [2026-09-25T16:25:58.812+0000] {dagbag.py:588} INFO - Filling up the DagBag from /home/airflow/.local/lib/python3.12/site-packages/airflow/example_dags/example_local_kubernetes_executor.py
[2026-09-25T16:25:58.875+0000] {processor.py:925} INFO - DAG(s) 'example_local_kubernetes_executor' retrieved from /home/airflow/.local/lib/python3.12/site-packages/airflow/example_dags/example_local_kubernetes_executor.py
[2026-09-25T16:25:59.473+0000] {logging_mixin.py:190} INFO - [2026-09-25T16:25:59.473+0000] {dag.py:3239} INFO - Sync 1 DAGs
[2026-09-25T16:25:59.566+0000] {logging_mixin.py:190} INFO - [2026-09-25T16:25:59.565+0000] {dag.py:4180} INFO - Setting next_dagrun for example_local_kubernetes_executor to None, run_after=None
[2026-09-25T16:25:59.684+0000] {processor.py:208} INFO - Processing /home/airflow/.local/lib/python3.12/site-packages/airflow/example_dags/example_local_kubernetes_executor.py took 0.964 seconds
[2026-09-25T16:26:30.335+0000] {processor.py:186} INFO - Started process (PID=828) to work on /home/airflow/.local/lib/python3.12/site-packages/airflow/example_dags/example_local_kubernetes_executor.py
[2026-09-25T16:26:30.338+0000] {processor.py:914} INFO - Processing file /home/airflow/.local/lib/python3.12/site-packages/airflow/example_dags/example_local_kubernetes_executor.py for tasks to queue
[2026-09-25T16:26:30.347+0000] {logging_mixin.py:190} INFO - [2026-09-25T16:26:30.346+0000] {dagbag.py:588} INFO - Filling up the DagBag from /home/airflow/.local/lib/python3.12/site-packages/airflow/example_dags/example_local_kubernetes_executor.py
[2026-09-25T16:26:30.369+0000] {processor.py:925} INFO - DAG(s) 'example_local_kubernetes_executor' retrieved from /home/airflow/.local/lib/python3.12/site-packages/airflow/example_dags/example_local_kubernetes_executor.py
[2026-09-25T16:26:30.413+0000] {logging_mixin.py:190} INFO - [2026-09-25T16:26:30.412+0000] {dag.py:3239} INFO - Sync 1 DAGs
[2026-09-25T16:26:30.442+0000] {logging_mixin.py:190} INFO - [2026-09-25T16:26:30.442+0000] {dag.py:4180} INFO - Setting next_dagrun for example_local_kubernetes_executor to None, run_after=None
[2026-09-25T16:26:30.492+0000] {processor.py:208} INFO - Processing /home/airflow/.local/lib/python3.12/site-packages/airflow/example_dags/example_local_kubernetes_executor.py took 0.175 seconds
[2026-09-25T16:27:09.230+0000] {processor.py:186} INFO - Started process (PID=891) to work on /home/airflow/.local/lib/python3.12/site-packages/airflow/example_dags/example_local_kubernetes_executor.py
[2026-09-25T16:27:09.238+0000] {processor.py:914} INFO - Processing file /home/airflow/.local/lib/python3.12/site-packages/airflow/example_dags/example_local_kubernetes_executor.py for tasks to queue
[2026-09-25T16:27:09.260+0000] {logging_mixin.py:190} INFO - [2026-09-25T16:27:09.248+0000] {dagbag.py:588} INFO - Filling up the DagBag from /home/airflow/.local/lib/python3.12/site-packages/airflow/example_dags/example_local_kubernetes_executor.py
[2026-09-25T16:27:09.454+0000] {processor.py:925} INFO - DAG(s) 'example_local_kubernetes_executor' retrieved from /home/airflow/.local/lib/python3.12/site-packages/airflow/example_dags/example_local_kubernetes_executor.py
[2026-09-25T16:27:10.216+0000] {logging_mixin.py:190} INFO - [2026-09-25T16:27:10.215+0000] {dag.py:3239} INFO - Sync 1 DAGs
[2026-09-25T16:27:10.477+0000] {logging_mixin.py:190} INFO - [2026-09-25T16:27:10.476+0000] {dag.py:4180} INFO - Setting next_dagrun for example_local_kubernetes_executor to None, run_after=None
[2026-09-25T16:27:10.804+0000] {processor.py:208} INFO - Processing /home/airflow/.local/lib/python3.12/site-packages/airflow/example_dags/example_local_kubernetes_executor.py took 1.994 seconds
[2026-09-25T16:28:13.818+0000] {processor.py:186} INFO - Started process (PID=984) to work on /home/airflow/.local/lib/python3.12/site-packages/airflow/example_dags/example_local_kubernetes_executor.py
[2026-09-25T16:28:13.821+0000] {processor.py:914} INFO - Processing file /home/airflow/.local/lib/python3.12/site-packages/airflow/example_dags/example_local_kubernetes_executor.py for tasks to queue
[2026-09-25T16:28:14.223+0000] {logging_mixin.py:190} INFO - [2026-09-25T16:28:14.222+0000] {dagbag.py:588} INFO - Filling up the DagBag from /home/airflow/.local/lib/python3.12/site-packages/airflow/example_dags/example_local_kubernetes_executor.py
[2026-09-25T16:28:14.522+0000] {processor.py:925} INFO - DAG(s) 'example_local_kubernetes_executor' retrieved from /home/airflow/.local/lib/python3.12/site-packages/airflow/example_dags/example_local_kubernetes_executor.py
[2026-09-25T16:28:14.733+0000] {logging_mixin.py:190} INFO - [2026-09-25T16:28:14.733+0000] {dag.py:3239} INFO - Sync 1 DAGs
[2026-09-25T16:28:14.904+0000] {logging_mixin.py:190} INFO - [2026-09-25T16:28:14.895+0000] {dag.py:4180} INFO - Setting next_dagrun for example_local_kubernetes_executor to None, run_after=None
[2026-09-25T16:28:15.222+0000] {processor.py:208} INFO - Processing /home/airflow/.local/lib/python3.12/site-packages/airflow/example_dags/example_local_kubernetes_executor.py took 1.465 seconds
[2026-09-25T16:29:03.650+0000] {processor.py:186} INFO - Started process (PID=1056) to work on /home/airflow/.local/lib/python3.12/site-packages/airflow/example_dags/example_local_kubernetes_executor.py
[2026-09-25T16:29:03.652+0000] {processor.py:914} INFO - Processing file /home/airflow/.local/lib/python3.12/site-packages/airflow/example_dags/example_local_kubernetes_executor.py for tasks to queue
[2026-09-25T16:29:03.663+0000] {logging_mixin.py:190} INFO - [2026-09-25T16:29:03.663+0000] {dagbag.py:588} INFO - Filling up the DagBag from /home/airflow/.local/lib/python3.12/site-packages/airflow/example_dags/example_local_kubernetes_executor.py
[2026-09-25T16:29:03.686+0000] {processor.py:925} INFO - DAG(s) 'example_local_kubernetes_executor' retrieved from /home/airflow/.local/lib/python3.12/site-packages/airflow/example_dags/example_local_kubernetes_executor.py
[2026-09-25T16:29:03.750+0000] {logging_mixin.py:190} INFO - [2026-09-25T16:29:03.749+0000] {dag.py:3239} INFO - Sync 1 DAGs
[2026-09-25T16:29:03.805+0000] {logging_mixin.py:190} INFO - [2026-09-25T16:29:03.804+0000] {dag.py:4180} INFO - Setting next_dagrun for example_local_kubernetes_executor to None, run_after=None
[2026-09-25T16:29:03.859+0000] {processor.py:208} INFO - Processing /home/airflow/.local/lib/python3.12/site-packages/airflow/example_dags/example_local_kubernetes_executor.py took 0.226 seconds
[2026-09-25T16:43:48.958+0000] {processor.py:186} INFO - Started process (PID=95) to work on /home/airflow/.local/lib/python3.12/site-packages/airflow/example_dags/example_local_kubernetes_executor.py
[2026-09-25T16:43:48.966+0000] {processor.py:914} INFO - Processing file /home/airflow/.local/lib/python3.12/site-packages/airflow/example_dags/example_local_kubernetes_executor.py for tasks to queue
[2026-09-25T16:43:48.983+0000] {logging_mixin.py:190} INFO - [2026-09-25T16:43:48.982+0000] {dagbag.py:588} INFO - Filling up the DagBag from /home/airflow/.local/lib/python3.12/site-packages/airflow/example_dags/example_local_kubernetes_executor.py
[2026-09-25T16:43:49.081+0000] {processor.py:925} INFO - DAG(s) 'example_local_kubernetes_executor' retrieved from /home/airflow/.local/lib/python3.12/site-packages/airflow/example_dags/example_local_kubernetes_executor.py
[2026-09-25T16:43:49.333+0000] {logging_mixin.py:190} INFO - [2026-09-25T16:43:49.333+0000] {dag.py:3239} INFO - Sync 1 DAGs
[2026-09-25T16:43:49.453+0000] {logging_mixin.py:190} INFO - [2026-09-25T16:43:49.453+0000] {dag.py:4180} INFO - Setting next_dagrun for example_local_kubernetes_executor to None, run_after=None
[2026-09-25T16:43:49.668+0000] {processor.py:208} INFO - Processing /home/airflow/.local/lib/python3.12/site-packages/airflow/example_dags/example_local_kubernetes_executor.py took 0.762 seconds
[2026-09-25T16:44:21.954+0000] {processor.py:186} INFO - Started process (PID=158) to work on /home/airflow/.local/lib/python3.12/site-packages/airflow/example_dags/example_local_kubernetes_executor.py
[2026-09-25T16:44:21.969+0000] {processor.py:914} INFO - Processing file /home/airflow/.local/lib/python3.12/site-packages/airflow/example_dags/example_local_kubernetes_executor.py for tasks to queue
[2026-09-25T16:44:22.028+0000] {logging_mixin.py:190} INFO - [2026-09-25T16:44:22.027+0000] {dagbag.py:588} INFO - Filling up the DagBag from /home/airflow/.local/lib/python3.12/site-packages/airflow/example_dags/example_local_kubernetes_executor.py
[2026-09-25T16:44:22.165+0000] {processor.py:925} INFO - DAG(s) 'example_local_kubernetes_executor' retrieved from /home/airflow/.local/lib/python3.12/site-packages/airflow/example_dags/example_local_kubernetes_executor.py
[2026-09-25T16:44:22.325+0000] {logging_mixin.py:190} INFO - [2026-09-25T16:44:22.325+0000] {dag.py:3239} INFO - Sync 1 DAGs
[2026-09-25T16:44:22.374+0000] {logging_mixin.py:190} INFO - [2026-09-25T16:44:22.373+0000] {dag.py:4180} INFO - Setting next_dagrun for example_local_kubernetes_executor to None, run_after=None
[2026-09-25T16:44:22.457+0000] {processor.py:208} INFO - Processing /home/airflow/.local/lib/python3.12/site-packages/airflow/example_dags/example_local_kubernetes_executor.py took 0.562 seconds
[2026-09-25T16:44:53.712+0000] {processor.py:186} INFO - Started process (PID=220) to work on /home/airflow/.local/lib/python3.12/site-packages/airflow/example_dags/example_local_kubernetes_executor.py
[2026-09-25T16:44:53.718+0000] {processor.py:914} INFO - Processing file /home/airflow/.local/lib/python3.12/site-packages/airflow/example_dags/example_local_kubernetes_executor.py for tasks to queue
[2026-09-25T16:44:53.739+0000] {logging_mixin.py:190} INFO - [2026-09-25T16:44:53.732+0000] {dagbag.py:588} INFO - Filling up the DagBag from /home/airflow/.local/lib/python3.12/site-packages/airflow/example_dags/example_local_kubernetes_executor.py
[2026-09-25T16:44:53.823+0000] {processor.py:925} INFO - DAG(s) 'example_local_kubernetes_executor' retrieved from /home/airflow/.local/lib/python3.12/site-packages/airflow/example_dags/example_local_kubernetes_executor.py
[2026-09-25T16:44:54.115+0000] {logging_mixin.py:190} INFO - [2026-09-25T16:44:54.115+0000] {dag.py:3239} INFO - Sync 1 DAGs
[2026-09-25T16:44:54.298+0000] {logging_mixin.py:190} INFO - [2026-09-25T16:44:54.287+0000] {dag.py:4180} INFO - Setting next_dagrun for example_local_kubernetes_executor to None, run_after=None
[2026-09-25T16:44:55.179+0000] {processor.py:208} INFO - Processing /home/airflow/.local/lib/python3.12/site-packages/airflow/example_dags/example_local_kubernetes_executor.py took 1.546 seconds
[2026-09-25T16:45:25.564+0000] {processor.py:186} INFO - Started process (PID=283) to work on /home/airflow/.local/lib/python3.12/site-packages/airflow/example_dags/example_local_kubernetes_executor.py
[2026-09-25T16:45:25.567+0000] {processor.py:914} INFO - Processing file /home/airflow/.local/lib/python3.12/site-packages/airflow/example_dags/example_local_kubernetes_executor.py for tasks to queue
[2026-09-25T16:45:25.572+0000] {logging_mixin.py:190} INFO - [2026-09-25T16:45:25.571+0000] {dagbag.py:588} INFO - Filling up the DagBag from /home/airflow/.local/lib/python3.12/site-packages/airflow/example_dags/example_local_kubernetes_executor.py
[2026-09-25T16:45:25.590+0000] {processor.py:925} INFO - DAG(s) 'example_local_kubernetes_executor' retrieved from /home/airflow/.local/lib/python3.12/site-packages/airflow/example_dags/example_local_kubernetes_executor.py
[2026-09-25T16:45:25.642+0000] {logging_mixin.py:190} INFO - [2026-09-25T16:45:25.642+0000] {dag.py:3239} INFO - Sync 1 DAGs
[2026-09-25T16:45:25.679+0000] {logging_mixin.py:190} INFO - [2026-09-25T16:45:25.679+0000] {dag.py:4180} INFO - Setting next_dagrun for example_local_kubernetes_executor to None, run_after=None
[2026-09-25T16:45:25.726+0000] {processor.py:208} INFO - Processing /home/airflow/.local/lib/python3.12/site-packages/airflow/example_dags/example_local_kubernetes_executor.py took 0.180 seconds
[2026-09-25T16:45:55.955+0000] {processor.py:186} INFO - Started process (PID=344) to work on /home/airflow/.local/lib/python3.12/site-packages/airflow/example_dags/example_local_kubernetes_executor.py
[2026-09-25T16:45:55.957+0000] {processor.py:914} INFO - Processing file /home/airflow/.local/lib/python3.12/site-packages/airflow/example_dags/example_local_kubernetes_executor.py for tasks to queue
[2026-09-25T16:45:55.962+0000] {logging_mixin.py:190} INFO - [2026-09-25T16:45:55.961+0000] {dagbag.py:588} INFO - Filling up the DagBag from /home/airflow/.local/lib/python3.12/site-packages/airflow/example_dags/example_local_kubernetes_executor.py
[2026-09-25T16:45:55.980+0000] {processor.py:925} INFO - DAG(s) 'example_local_kubernetes_executor' retrieved from /home/airflow/.local/lib/python3.12/site-packages/airflow/example_dags/example_local_kubernetes_executor.py
[2026-09-25T16:45:56.024+0000] {logging_mixin.py:190} INFO - [2026-09-25T16:45:56.024+0000] {dag.py:3239} INFO - Sync 1 DAGs
[2026-09-25T16:45:56.052+0000] {logging_mixin.py:190} INFO - [2026-09-25T16:45:56.051+0000] {dag.py:4180} INFO - Setting next_dagrun for example_local_kubernetes_executor to None, run_after=None
[2026-09-25T16:45:56.085+0000] {processor.py:208} INFO - Processing /home/airflow/.local/lib/python3.12/site-packages/airflow/example_dags/example_local_kubernetes_executor.py took 0.141 seconds
[2026-09-25T16:46:26.769+0000] {processor.py:186} INFO - Started process (PID=406) to work on /home/airflow/.local/lib/python3.12/site-packages/airflow/example_dags/example_local_kubernetes_executor.py
[2026-09-25T16:46:26.773+0000] {processor.py:914} INFO - Processing file /home/airflow/.local/lib/python3.12/site-packages/airflow/example_dags/example_local_kubernetes_executor.py for tasks to queue
[2026-09-25T16:46:26.781+0000] {logging_mixin.py:190} INFO - [2026-09-25T16:46:26.780+0000] {dagbag.py:588} INFO - Filling up the DagBag from /home/airflow/.local/lib/python3.12/site-packages/airflow/example_dags/example_local_kubernetes_executor.py
[2026-09-25T16:46:26.811+0000] {processor.py:925} INFO - DAG(s) 'example_local_kubernetes_executor' retrieved from /home/airflow/.local/lib/python3.12/site-packages/airflow/example_dags/example_local_kubernetes_executor.py
[2026-09-25T16:46:26.870+0000] {logging_mixin.py:190} INFO - [2026-09-25T16:46:26.870+0000] {dag.py:3239} INFO - Sync 1 DAGs
[2026-09-25T16:46:26.916+0000] {logging_mixin.py:190} INFO - [2026-09-25T16:46:26.915+0000] {dag.py:4180} INFO - Setting next_dagrun for example_local_kubernetes_executor to None, run_after=None
[2026-09-25T16:46:26.970+0000] {processor.py:208} INFO - Processing /home/airflow/.local/lib/python3.12/site-packages/airflow/example_dags/example_local_kubernetes_executor.py took 0.216 seconds
[2026-09-25T16:46:58.471+0000] {processor.py:186} INFO - Started process (PID=468) to work on /home/airflow/.local/lib/python3.12/site-packages/airflow/example_dags/example_local_kubernetes_executor.py
[2026-09-25T16:46:58.476+0000] {processor.py:914} INFO - Processing file /home/airflow/.local/lib/python3.12/site-packages/airflow/example_dags/example_local_kubernetes_executor.py for tasks to queue
[2026-09-25T16:46:58.499+0000] {logging_mixin.py:190} INFO - [2026-09-25T16:46:58.491+0000] {dagbag.py:588} INFO - Filling up the DagBag from /home/airflow/.local/lib/python3.12/site-packages/airflow/example_dags/example_local_kubernetes_executor.py
[2026-09-25T16:46:58.576+0000] {processor.py:925} INFO - DAG(s) 'example_local_kubernetes_executor' retrieved from /home/airflow/.local/lib/python3.12/site-packages/airflow/example_dags/example_local_kubernetes_executor.py
[2026-09-25T16:46:58.705+0000] {logging_mixin.py:190} INFO - [2026-09-25T16:46:58.700+0000] {dag.py:3239} INFO - Sync 1 DAGs
[2026-09-25T16:46:58.800+0000] {logging_mixin.py:190} INFO - [2026-09-25T16:46:58.799+0000] {dag.py:4180} INFO - Setting next_dagrun for example_local_kubernetes_executor to None, run_after=None
[2026-09-25T16:46:58.989+0000] {processor.py:208} INFO - Processing /home/airflow/.local/lib/python3.12/site-packages/airflow/example_dags/example_local_kubernetes_executor.py took 0.584 seconds
[2026-09-25T16:47:41.895+0000] {processor.py:186} INFO - Started process (PID=529) to work on /home/airflow/.local/lib/python3.12/site-packages/airflow/example_dags/example_local_kubernetes_executor.py
[2026-09-25T16:47:41.899+0000] {processor.py:914} INFO - Processing file /home/airflow/.local/lib/python3.12/site-packages/airflow/example_dags/example_local_kubernetes_executor.py for tasks to queue
[2026-09-25T16:47:41.905+0000] {logging_mixin.py:190} INFO - [2026-09-25T16:47:41.904+0000] {dagbag.py:588} INFO - Filling up the DagBag from /home/airflow/.local/lib/python3.12/site-packages/airflow/example_dags/example_local_kubernetes_executor.py
[2026-09-25T16:47:41.937+0000] {processor.py:925} INFO - DAG(s) 'example_local_kubernetes_executor' retrieved from /home/airflow/.local/lib/python3.12/site-packages/airflow/example_dags/example_local_kubernetes_executor.py
[2026-09-25T16:47:42.015+0000] {logging_mixin.py:190} INFO - [2026-09-25T16:47:42.014+0000] {dag.py:3239} INFO - Sync 1 DAGs
[2026-09-25T16:47:42.111+0000] {logging_mixin.py:190} INFO - [2026-09-25T16:47:42.111+0000] {dag.py:4180} INFO - Setting next_dagrun for example_local_kubernetes_executor to None, run_after=None
[2026-09-25T16:47:42.275+0000] {processor.py:208} INFO - Processing /home/airflow/.local/lib/python3.12/site-packages/airflow/example_dags/example_local_kubernetes_executor.py took 0.397 seconds
[2026-09-25T16:48:19.691+0000] {processor.py:186} INFO - Started process (PID=591) to work on /home/airflow/.local/lib/python3.12/site-packages/airflow/example_dags/example_local_kubernetes_executor.py
[2026-09-25T16:48:19.694+0000] {processor.py:914} INFO - Processing file /home/airflow/.local/lib/python3.12/site-packages/airflow/example_dags/example_local_kubernetes_executor.py for tasks to queue
[2026-09-25T16:48:19.706+0000] {logging_mixin.py:190} INFO - [2026-09-25T16:48:19.705+0000] {dagbag.py:588} INFO - Filling up the DagBag from /home/airflow/.local/lib/python3.12/site-packages/airflow/example_dags/example_local_kubernetes_executor.py
[2026-09-25T16:48:19.748+0000] {processor.py:925} INFO - DAG(s) 'example_local_kubernetes_executor' retrieved from /home/airflow/.local/lib/python3.12/site-packages/airflow/example_dags/example_local_kubernetes_executor.py
[2026-09-25T16:48:19.829+0000] {logging_mixin.py:190} INFO - [2026-09-25T16:48:19.828+0000] {dag.py:3239} INFO - Sync 1 DAGs
[2026-09-25T16:48:19.915+0000] {logging_mixin.py:190} INFO - [2026-09-25T16:48:19.915+0000] {dag.py:4180} INFO - Setting next_dagrun for example_local_kubernetes_executor to None, run_after=None
[2026-09-25T16:48:20.062+0000] {processor.py:208} INFO - Processing /home/airflow/.local/lib/python3.12/site-packages/airflow/example_dags/example_local_kubernetes_executor.py took 0.421 seconds
[2026-09-25T16:48:50.265+0000] {processor.py:186} INFO - Started process (PID=654) to work on /home/airflow/.local/lib/python3.12/site-packages/airflow/example_dags/example_local_kubernetes_executor.py
[2026-09-25T16:48:50.269+0000] {processor.py:914} INFO - Processing file /home/airflow/.local/lib/python3.12/site-packages/airflow/example_dags/example_local_kubernetes_executor.py for tasks to queue
[2026-09-25T16:48:50.275+0000] {logging_mixin.py:190} INFO - [2026-09-25T16:48:50.274+0000] {dagbag.py:588} INFO - Filling up the DagBag from /home/airflow/.local/lib/python3.12/site-packages/airflow/example_dags/example_local_kubernetes_executor.py
[2026-09-25T16:48:50.300+0000] {processor.py:925} INFO - DAG(s) 'example_local_kubernetes_executor' retrieved from /home/airflow/.local/lib/python3.12/site-packages/airflow/example_dags/example_local_kubernetes_executor.py
[2026-09-25T16:48:50.355+0000] {logging_mixin.py:190} INFO - [2026-09-25T16:48:50.354+0000] {dag.py:3239} INFO - Sync 1 DAGs
[2026-09-25T16:48:50.384+0000] {logging_mixin.py:190} INFO - [2026-09-25T16:48:50.383+0000] {dag.py:4180} INFO - Setting next_dagrun for example_local_kubernetes_executor to None, run_after=None
[2026-09-25T16:48:50.422+0000] {processor.py:208} INFO - Processing /home/airflow/.local/lib/python3.12/site-packages/airflow/example_dags/example_local_kubernetes_executor.py took 0.172 seconds
[2026-09-25T16:49:21.933+0000] {processor.py:186} INFO - Started process (PID=717) to work on /home/airflow/.local/lib/python3.12/site-packages/airflow/example_dags/example_local_kubernetes_executor.py
[2026-09-25T16:49:21.935+0000] {processor.py:914} INFO - Processing file /home/airflow/.local/lib/python3.12/site-packages/airflow/example_dags/example_local_kubernetes_executor.py for tasks to queue
[2026-09-25T16:49:21.941+0000] {logging_mixin.py:190} INFO - [2026-09-25T16:49:21.939+0000] {dagbag.py:588} INFO - Filling up the DagBag from /home/airflow/.local/lib/python3.12/site-packages/airflow/example_dags/example_local_kubernetes_executor.py
[2026-09-25T16:49:21.961+0000] {processor.py:925} INFO - DAG(s) 'example_local_kubernetes_executor' retrieved from /home/airflow/.local/lib/python3.12/site-packages/airflow/example_dags/example_local_kubernetes_executor.py
[2026-09-25T16:49:22.018+0000] {logging_mixin.py:190} INFO - [2026-09-25T16:49:22.017+0000] {dag.py:3239} INFO - Sync 1 DAGs
[2026-09-25T16:49:22.052+0000] {logging_mixin.py:190} INFO - [2026-09-25T16:49:22.052+0000] {dag.py:4180} INFO - Setting next_dagrun for example_local_kubernetes_executor to None, run_after=None
[2026-09-25T16:49:22.096+0000] {processor.py:208} INFO - Processing /home/airflow/.local/lib/python3.12/site-packages/airflow/example_dags/example_local_kubernetes_executor.py took 0.175 seconds
