[2026-09-25T16:15:18.423+0000] {processor.py:186} INFO - Started process (PID=86) to work on /home/airflow/.local/lib/python3.12/site-packages/airflow/example_dags/example_branch_datetime_operator.py
[2026-09-25T16:15:18.430+0000] {processor.py:914} INFO - Processing file /home/airflow/.local/lib/python3.12/site-packages/airflow/example_dags/example_branch_datetime_operator.py for tasks to queue
[2026-09-25T16:15:18.476+0000] {logging_mixin.py:190} INFO - [2026-09-25T16:15:18.464+0000] {dagbag.py:588} INFO - Filling up the DagBag from /home/airflow/.local/lib/python3.12/site-packages/airflow/example_dags/example_branch_datetime_operator.py
[2026-09-25T16:15:18.684+0000] {processor.py:925} INFO - DAG(s) 'example_branch_datetime_operator', 'example_branch_datetime_operator_2', 'example_branch_datetime_operator_3' retrieved from /home/airflow/.local/lib/python3.12/site-packages/airflow/example_dags/example_branch_datetime_operator.py
[2026-09-25T16:15:19.299+0000] {logging_mixin.py:190} INFO - [2026-09-25T16:15:19.298+0000] {dag.py:3239} INFO - Sync 3 DAGs
[2026-09-25T16:15:19.500+0000] {logging_mixin.py:190} INFO - [2026-09-25T16:15:19.492+0000] {dag.py:4180} INFO - Setting next_dagrun for example_branch_datetime_operator to 2026-09-24 00:00:00+00:00, run_after=2026-09-25 00:00:00+00:00
[2026-09-25T16:15:19.645+0000] {logging_mixin.py:190} INFO - [2026-09-25T16:15:19.645+0000] {dag.py:4180} INFO - Setting next_dagrun for example_branch_datetime_operator_2 to 2026-09-24 00:00:00+00:00, run_after=2026-09-25 00:00:00+00:00
[2026-09-25T16:15:19.700+0000] {logging_mixin.py:190} INFO - [2026-09-25T16:15:19.700+0000] {dag.py:4180} INFO - Setting next_dagrun for example_branch_datetime_operator_3 to 2026-09-24 00:00:00+00:00, run_after=2026-09-25 00:00:00+00:00
[2026-09-25T16:15:20.035+0000] {processor.py:208} INFO - Processing /home/airflow/.local/lib/python3.12/site-packages/airflow/example_dags/example_branch_datetime_operator.py took 1.705 seconds
[2026-09-25T16:17:37.420+0000] {processor.py:186} INFO - Started process (PID=173) to work on /home/airflow/.local/lib/python3.12/site-packages/airflow/example_dags/example_branch_datetime_operator.py
[2026-09-25T16:17:37.434+0000] {processor.py:914} INFO - Processing file /home/airflow/.local/lib/python3.12/site-packages/airflow/example_dags/example_branch_datetime_operator.py for tasks to queue
[2026-09-25T16:17:37.457+0000] {logging_mixin.py:190} INFO - [2026-09-25T16:17:37.456+0000] {dagbag.py:588} INFO - Filling up the DagBag from /home/airflow/.local/lib/python3.12/site-packages/airflow/example_dags/example_branch_datetime_operator.py
[2026-09-25T16:17:37.624+0000] {processor.py:925} INFO - DAG(s) 'example_branch_datetime_operator', 'example_branch_datetime_operator_2', 'example_branch_datetime_operator_3' retrieved from /home/airflow/.local/lib/python3.12/site-packages/airflow/example_dags/example_branch_datetime_operator.py
[2026-09-25T16:17:38.242+0000] {logging_mixin.py:190} INFO - [2026-09-25T16:17:38.242+0000] {dag.py:3239} INFO - Sync 3 DAGs
[2026-09-25T16:17:39.020+0000] {logging_mixin.py:190} INFO - [2026-09-25T16:17:39.020+0000] {dag.py:4180} INFO - Setting next_dagrun for example_branch_datetime_operator to 2026-09-24 00:00:00+00:00, run_after=2026-09-25 00:00:00+00:00
[2026-09-25T16:17:39.094+0000] {logging_mixin.py:190} INFO - [2026-09-25T16:17:39.093+0000] {dag.py:4180} INFO - Setting next_dagrun for example_branch_datetime_operator_2 to 2026-09-24 00:00:00+00:00, run_after=2026-09-25 00:00:00+00:00
[2026-09-25T16:17:39.145+0000] {logging_mixin.py:190} INFO - [2026-09-25T16:17:39.145+0000] {dag.py:4180} INFO - Setting next_dagrun for example_branch_datetime_operator_3 to 2026-09-24 00:00:00+00:00, run_after=2026-09-25 00:00:00+00:00
[2026-09-25T16:17:39.871+0000] {processor.py:208} INFO - Processing /home/airflow/.local/lib/python3.12/site-packages/airflow/example_dags/example_branch_datetime_operator.py took 2.556 seconds
[2026-09-25T16:19:25.785+0000] {processor.py:186} INFO - Started process (PID=236) to work on /home/airflow/.local/lib/python3.12/site-packages/airflow/example_dags/example_branch_datetime_operator.py
[2026-09-25T16:19:25.804+0000] {processor.py:914} INFO - Processing file /home/airflow/.local/lib/python3.12/site-packages/airflow/example_dags/example_branch_datetime_operator.py for tasks to queue
[2026-09-25T16:19:25.820+0000] {logging_mixin.py:190} INFO - [2026-09-25T16:19:25.819+0000] {dagbag.py:588} INFO - Filling up the DagBag from /home/airflow/.local/lib/python3.12/site-packages/airflow/example_dags/example_branch_datetime_operator.py
[2026-09-25T16:19:26.065+0000] {processor.py:925} INFO - DAG(s) 'example_branch_datetime_operator_3', 'example_branch_datetime_operator', 'example_branch_datetime_operator_2' retrieved from /home/airflow/.local/lib/python3.12/site-packages/airflow/example_dags/example_branch_datetime_operator.py
[2026-09-25T16:19:26.440+0000] {logging_mixin.py:190} INFO - [2026-09-25T16:19:26.439+0000] {dag.py:3239} INFO - Sync 3 DAGs
[2026-09-25T16:19:26.714+0000] {logging_mixin.py:190} INFO - [2026-09-25T16:19:26.713+0000] {dag.py:4180} INFO - Setting next_dagrun for example_branch_datetime_operator to 2026-09-24 00:00:00+00:00, run_after=2026-09-25 00:00:00+00:00
[2026-09-25T16:19:26.741+0000] {logging_mixin.py:190} INFO - [2026-09-25T16:19:26.741+0000] {dag.py:4180} INFO - Setting next_dagrun for example_branch_datetime_operator_2 to 2026-09-24 00:00:00+00:00, run_after=2026-09-25 00:00:00+00:00
[2026-09-25T16:19:26.765+0000] {logging_mixin.py:190} INFO - [2026-09-25T16:19:26.764+0000] {dag.py:4180} INFO - Setting next_dagrun for example_branch_datetime_operator_3 to 2026-09-24 00:00:00+00:00, run_after=2026-09-25 00:00:00+00:00
[2026-09-25T16:19:26.848+0000] {processor.py:208} INFO - Processing /home/airflow/.local/lib/python3.12/site-packages/airflow/example_dags/example_branch_datetime_operator.py took 1.276 seconds
[2026-09-25T16:20:26.645+0000] {processor.py:186} INFO - Started process (PID=293) to work on /home/airflow/.local/lib/python3.12/site-packages/airflow/example_dags/example_branch_datetime_operator.py
[2026-09-25T16:20:26.647+0000] {processor.py:914} INFO - Processing file /home/airflow/.local/lib/python3.12/site-packages/airflow/example_dags/example_branch_datetime_operator.py for tasks to queue
[2026-09-25T16:20:26.654+0000] {logging_mixin.py:190} INFO - [2026-09-25T16:20:26.653+0000] {dagbag.py:588} INFO - Filling up the DagBag from /home/airflow/.local/lib/python3.12/site-packages/airflow/example_dags/example_branch_datetime_operator.py
[2026-09-25T16:20:26.686+0000] {processor.py:925} INFO - DAG(s) 'example_branch_datetime_operator', 'example_branch_datetime_operator_3', 'example_branch_datetime_operator_2' retrieved from /home/airflow/.local/lib/python3.12/site-packages/airflow/example_dags/example_branch_datetime_operator.py
[2026-09-25T16:20:26.768+0000] {logging_mixin.py:190} INFO - [2026-09-25T16:20:26.768+0000] {dag.py:3239} INFO - Sync 3 DAGs
[2026-09-25T16:20:26.834+0000] {logging_mixin.py:190} INFO - [2026-09-25T16:20:26.834+0000] {dag.py:4180} INFO - Setting next_dagrun for example_branch_datetime_operator to 2026-09-24 00:00:00+00:00, run_after=2026-09-25 00:00:00+00:00
[2026-09-25T16:20:26.852+0000] {logging_mixin.py:190} INFO - [2026-09-25T16:20:26.851+0000] {dag.py:4180} INFO - Setting next_dagrun for example_branch_datetime_operator_2 to 2026-09-24 00:00:00+00:00, run_after=2026-09-25 00:00:00+00:00
[2026-09-25T16:20:26.858+0000] {logging_mixin.py:190} INFO - [2026-09-25T16:20:26.858+0000] {dag.py:4180} INFO - Setting next_dagrun for example_branch_datetime_operator_3 to 2026-09-24 00:00:00+00:00, run_after=2026-09-25 00:00:00+00:00
[2026-09-25T16:20:26.896+0000] {processor.py:208} INFO - Processing /home/airflow/.local/lib/python3.12/site-packages/airflow/example_dags/example_branch_datetime_operator.py took 0.268 seconds
[2026-09-25T16:21:19.726+0000] {processor.py:186} INFO - Started process (PID=347) to work on /home/airflow/.local/lib/python3.12/site-packages/airflow/example_dags/example_branch_datetime_operator.py
[2026-09-25T16:21:19.739+0000] {processor.py:914} INFO - Processing file /home/airflow/.local/lib/python3.12/site-packages/airflow/example_dags/example_branch_datetime_operator.py for tasks to queue
[2026-09-25T16:21:19.757+0000] {logging_mixin.py:190} INFO - [2026-09-25T16:21:19.750+0000] {dagbag.py:588} INFO - Filling up the DagBag from /home/airflow/.local/lib/python3.12/site-packages/airflow/example_dags/example_branch_datetime_operator.py
[2026-09-25T16:21:19.895+0000] {processor.py:925} INFO - DAG(s) 'example_branch_datetime_operator_2', 'example_branch_datetime_operator', 'example_branch_datetime_operator_3' retrieved from /home/airflow/.local/lib/python3.12/site-packages/airflow/example_dags/example_branch_datetime_operator.py
[2026-09-25T16:21:20.290+0000] {logging_mixin.py:190} INFO - [2026-09-25T16:21:20.290+0000] {dag.py:3239} INFO - Sync 3 DAGs
[2026-09-25T16:21:20.415+0000] {logging_mixin.py:190} INFO - [2026-09-25T16:21:20.414+0000] {dag.py:4180} INFO - Setting next_dagrun for example_branch_datetime_operator to 2026-09-24 00:00:00+00:00, run_after=2026-09-25 00:00:00+00:00
[2026-09-25T16:21:20.436+0000] {logging_mixin.py:190} INFO - [2026-09-25T16:21:20.436+0000] {dag.py:4180} INFO - Setting next_dagrun for example_branch_datetime_operator_2 to 2026-09-24 00:00:00+00:00, run_after=2026-09-25 00:00:00+00:00
[2026-09-25T16:21:20.445+0000] {logging_mixin.py:190} INFO - [2026-09-25T16:21:20.444+0000] {dag.py:4180} INFO - Setting next_dagrun for example_branch_datetime_operator_3 to 2026-09-24 00:00:00+00:00, run_after=2026-09-25 00:00:00+00:00
[2026-09-25T16:21:20.524+0000] {processor.py:208} INFO - Processing /home/airflow/.local/lib/python3.12/site-packages/airflow/example_dags/example_branch_datetime_operator.py took 0.839 seconds
[2026-09-25T16:22:26.838+0000] {processor.py:186} INFO - Started process (PID=414) to work on /home/airflow/.local/lib/python3.12/site-packages/airflow/example_dags/example_branch_datetime_operator.py
[2026-09-25T16:22:26.863+0000] {processor.py:914} INFO - Processing file /home/airflow/.local/lib/python3.12/site-packages/airflow/example_dags/example_branch_datetime_operator.py for tasks to queue
[2026-09-25T16:22:26.882+0000] {logging_mixin.py:190} INFO - [2026-09-25T16:22:26.873+0000] {dagbag.py:588} INFO - Filling up the DagBag from /home/airflow/.local/lib/python3.12/site-packages/airflow/example_dags/example_branch_datetime_operator.py
[2026-09-25T16:22:27.032+0000] {processor.py:925} INFO - DAG(s) 'example_branch_datetime_operator_2', 'example_branch_datetime_operator_3', 'example_branch_datetime_operator' retrieved from /home/airflow/.local/lib/python3.12/site-packages/airflow/example_dags/example_branch_datetime_operator.py
[2026-09-25T16:22:27.315+0000] {logging_mixin.py:190} INFO - [2026-09-25T16:22:27.314+0000] {dag.py:3239} INFO - Sync 3 DAGs
[2026-09-25T16:22:27.565+0000] {logging_mixin.py:190} INFO - [2026-09-25T16:22:27.565+0000] {dag.py:4180} INFO - Setting next_dagrun for example_branch_datetime_operator to 2026-09-24 00:00:00+00:00, run_after=2026-09-25 00:00:00+00:00
[2026-09-25T16:22:27.621+0000] {logging_mixin.py:190} INFO - [2026-09-25T16:22:27.606+0000] {dag.py:4180} INFO - Setting next_dagrun for example_branch_datetime_operator_2 to 2026-09-24 00:00:00+00:00, run_after=2026-09-25 00:00:00+00:00
[2026-09-25T16:22:27.719+0000] {logging_mixin.py:190} INFO - [2026-09-25T16:22:27.719+0000] {dag.py:4180} INFO - Setting next_dagrun for example_branch_datetime_operator_3 to 2026-09-24 00:00:00+00:00, run_after=2026-09-25 00:00:00+00:00
[2026-09-25T16:22:27.977+0000] {processor.py:208} INFO - Processing /home/airflow/.local/lib/python3.12/site-packages/airflow/example_dags/example_branch_datetime_operator.py took 1.210 seconds
[2026-09-25T16:23:08.272+0000] {processor.py:186} INFO - Started process (PID=483) to work on /home/airflow/.local/lib/python3.12/site-packages/airflow/example_dags/example_branch_datetime_operator.py
[2026-09-25T16:23:08.274+0000] {processor.py:914} INFO - Processing file /home/airflow/.local/lib/python3.12/site-packages/airflow/example_dags/example_branch_datetime_operator.py for tasks to queue
[2026-09-25T16:23:08.280+0000] {logging_mixin.py:190} INFO - [2026-09-25T16:23:08.279+0000] {dagbag.py:588} INFO - Filling up the DagBag from /home/airflow/.local/lib/python3.12/site-packages/airflow/example_dags/example_branch_datetime_operator.py
[2026-09-25T16:23:08.384+0000] {processor.py:925} INFO - DAG(s) 'example_branch_datetime_operator', 'example_branch_datetime_operator_2', 'example_branch_datetime_operator_3' retrieved from /home/airflow/.local/lib/python3.12/site-packages/airflow/example_dags/example_branch_datetime_operator.py
[2026-09-25T16:23:08.478+0000] {logging_mixin.py:190} INFO - [2026-09-25T16:23:08.478+0000] {dag.py:3239} INFO - Sync 3 DAGs
[2026-09-25T16:23:08.575+0000] {logging_mixin.py:190} INFO - [2026-09-25T16:23:08.575+0000] {dag.py:4180} INFO - Setting next_dagrun for example_branch_datetime_operator to 2026-09-24 00:00:00+00:00, run_after=2026-09-25 00:00:00+00:00
[2026-09-25T16:23:08.591+0000] {logging_mixin.py:190} INFO - [2026-09-25T16:23:08.591+0000] {dag.py:4180} INFO - Setting next_dagrun for example_branch_datetime_operator_2 to 2026-09-24 00:00:00+00:00, run_after=2026-09-25 00:00:00+00:00
[2026-09-25T16:23:08.598+0000] {logging_mixin.py:190} INFO - [2026-09-25T16:23:08.597+0000] {dag.py:4180} INFO - Setting next_dagrun for example_branch_datetime_operator_3 to 2026-09-24 00:00:00+00:00, run_after=2026-09-25 00:00:00+00:00
[2026-09-25T16:23:08.642+0000] {processor.py:208} INFO - Processing /home/airflow/.local/lib/python3.12/site-packages/airflow/example_dags/example_branch_datetime_operator.py took 0.390 seconds
[2026-09-25T16:23:48.916+0000] {processor.py:186} INFO - Started process (PID=538) to work on /home/airflow/.local/lib/python3.12/site-packages/airflow/example_dags/example_branch_datetime_operator.py
[2026-09-25T16:23:48.918+0000] {processor.py:914} INFO - Processing file /home/airflow/.local/lib/python3.12/site-packages/airflow/example_dags/example_branch_datetime_operator.py for tasks to queue
[2026-09-25T16:23:48.927+0000] {logging_mixin.py:190} INFO - [2026-09-25T16:23:48.926+0000] {dagbag.py:588} INFO - Filling up the DagBag from /home/airflow/.local/lib/python3.12/site-packages/airflow/example_dags/example_branch_datetime_operator.py
[2026-09-25T16:23:48.997+0000] {processor.py:925} INFO - DAG(s) 'example_branch_datetime_operator_3', 'example_branch_datetime_operator_2', 'example_branch_datetime_operator' retrieved from /home/airflow/.local/lib/python3.12/site-packages/airflow/example_dags/example_branch_datetime_operator.py
[2026-09-25T16:23:49.240+0000] {logging_mixin.py:190} INFO - [2026-09-25T16:23:49.240+0000] {dag.py:3239} INFO - Sync 3 DAGs
[2026-09-25T16:23:49.325+0000] {logging_mixin.py:190} INFO - [2026-09-25T16:23:49.325+0000] {dag.py:4180} INFO - Setting next_dagrun for example_branch_datetime_operator to 2026-09-24 00:00:00+00:00, run_after=2026-09-25 00:00:00+00:00
[2026-09-25T16:23:49.338+0000] {logging_mixin.py:190} INFO - [2026-09-25T16:23:49.338+0000] {dag.py:4180} INFO - Setting next_dagrun for example_branch_datetime_operator_2 to 2026-09-24 00:00:00+00:00, run_after=2026-09-25 00:00:00+00:00
[2026-09-25T16:23:49.344+0000] {logging_mixin.py:190} INFO - [2026-09-25T16:23:49.343+0000] {dag.py:4180} INFO - Setting next_dagrun for example_branch_datetime_operator_3 to 2026-09-24 00:00:00+00:00, run_after=2026-09-25 00:00:00+00:00
[2026-09-25T16:23:49.387+0000] {processor.py:208} INFO - Processing /home/airflow/.local/lib/python3.12/site-packages/airflow/example_dags/example_branch_datetime_operator.py took 0.505 seconds
[2026-09-25T16:24:19.777+0000] {processor.py:186} INFO - Started process (PID=601) to work on /home/airflow/.local/lib/python3.12/site-packages/airflow/example_dags/example_branch_datetime_operator.py
[2026-09-25T16:24:19.781+0000] {processor.py:914} INFO - Processing file /home/airflow/.local/lib/python3.12/site-packages/airflow/example_dags/example_branch_datetime_operator.py for tasks to queue
[2026-09-25T16:24:19.789+0000] {logging_mixin.py:190} INFO - [2026-09-25T16:24:19.788+0000] {dagbag.py:588} INFO - Filling up the DagBag from /home/airflow/.local/lib/python3.12/site-packages/airflow/example_dags/example_branch_datetime_operator.py
[2026-09-25T16:24:19.835+0000] {processor.py:925} INFO - DAG(s) 'example_branch_datetime_operator_2', 'example_branch_datetime_operator_3', 'example_branch_datetime_operator' retrieved from /home/airflow/.local/lib/python3.12/site-packages/airflow/example_dags/example_branch_datetime_operator.py
[2026-09-25T16:24:19.927+0000] {logging_mixin.py:190} INFO - [2026-09-25T16:24:19.926+0000] {dag.py:3239} INFO - Sync 3 DAGs
[2026-09-25T16:24:19.983+0000] {logging_mixin.py:190} INFO - [2026-09-25T16:24:19.983+0000] {dag.py:4180} INFO - Setting next_dagrun for example_branch_datetime_operator to 2026-09-24 00:00:00+00:00, run_after=2026-09-25 00:00:00+00:00
[2026-09-25T16:24:20.023+0000] {logging_mixin.py:190} INFO - [2026-09-25T16:24:20.022+0000] {dag.py:4180} INFO - Setting next_dagrun for example_branch_datetime_operator_2 to 2026-09-24 00:00:00+00:00, run_after=2026-09-25 00:00:00+00:00
[2026-09-25T16:24:20.037+0000] {logging_mixin.py:190} INFO - [2026-09-25T16:24:20.036+0000] {dag.py:4180} INFO - Setting next_dagrun for example_branch_datetime_operator_3 to 2026-09-24 00:00:00+00:00, run_after=2026-09-25 00:00:00+00:00
[2026-09-25T16:24:20.077+0000] {processor.py:208} INFO - Processing /home/airflow/.local/lib/python3.12/site-packages/airflow/example_dags/example_branch_datetime_operator.py took 0.318 seconds
[2026-09-25T16:25:00.191+0000] {processor.py:186} INFO - Started process (PID=660) to work on /home/airflow/.local/lib/python3.12/site-packages/airflow/example_dags/example_branch_datetime_operator.py
[2026-09-25T16:25:00.215+0000] {processor.py:914} INFO - Processing file /home/airflow/.local/lib/python3.12/site-packages/airflow/example_dags/example_branch_datetime_operator.py for tasks to queue
[2026-09-25T16:25:00.291+0000] {logging_mixin.py:190} INFO - [2026-09-25T16:25:00.257+0000] {dagbag.py:588} INFO - Filling up the DagBag from /home/airflow/.local/lib/python3.12/site-packages/airflow/example_dags/example_branch_datetime_operator.py
[2026-09-25T16:25:00.412+0000] {processor.py:925} INFO - DAG(s) 'example_branch_datetime_operator_3', 'example_branch_datetime_operator', 'example_branch_datetime_operator_2' retrieved from /home/airflow/.local/lib/python3.12/site-packages/airflow/example_dags/example_branch_datetime_operator.py
[2026-09-25T16:25:00.628+0000] {logging_mixin.py:190} INFO - [2026-09-25T16:25:00.628+0000] {dag.py:3239} INFO - Sync 3 DAGs
[2026-09-25T16:25:01.259+0000] {logging_mixin.py:190} INFO - [2026-09-25T16:25:01.259+0000] {dag.py:4180} INFO - Setting next_dagrun for example_branch_datetime_operator to 2026-09-24 00:00:00+00:00, run_after=2026-09-25 00:00:00+00:00
[2026-09-25T16:25:01.377+0000] {logging_mixin.py:190} INFO - [2026-09-25T16:25:01.377+0000] {dag.py:4180} INFO - Setting next_dagrun for example_branch_datetime_operator_2 to 2026-09-24 00:00:00+00:00, run_after=2026-09-25 00:00:00+00:00
[2026-09-25T16:25:01.431+0000] {logging_mixin.py:190} INFO - [2026-09-25T16:25:01.430+0000] {dag.py:4180} INFO - Setting next_dagrun for example_branch_datetime_operator_3 to 2026-09-24 00:00:00+00:00, run_after=2026-09-25 00:00:00+00:00
[2026-09-25T16:25:01.743+0000] {processor.py:208} INFO - Processing /home/airflow/.local/lib/python3.12/site-packages/airflow/example_dags/example_branch_datetime_operator.py took 1.601 seconds
[2026-09-25T16:25:32.496+0000] {processor.py:186} INFO - Started process (PID=723) to work on /home/airflow/.local/lib/python3.12/site-packages/airflow/example_dags/example_branch_datetime_operator.py
[2026-09-25T16:25:32.514+0000] {processor.py:914} INFO - Processing file /home/airflow/.local/lib/python3.12/site-packages/airflow/example_dags/example_branch_datetime_operator.py for tasks to queue
[2026-09-25T16:25:32.524+0000] {logging_mixin.py:190} INFO - [2026-09-25T16:25:32.522+0000] {dagbag.py:588} INFO - Filling up the DagBag from /home/airflow/.local/lib/python3.12/site-packages/airflow/example_dags/example_branch_datetime_operator.py
[2026-09-25T16:25:32.596+0000] {processor.py:925} INFO - DAG(s) 'example_branch_datetime_operator', 'example_branch_datetime_operator_2', 'example_branch_datetime_operator_3' retrieved from /home/airflow/.local/lib/python3.12/site-packages/airflow/example_dags/example_branch_datetime_operator.py
[2026-09-25T16:25:32.865+0000] {logging_mixin.py:190} INFO - [2026-09-25T16:25:32.864+0000] {dag.py:3239} INFO - Sync 3 DAGs
[2026-09-25T16:25:33.121+0000] {logging_mixin.py:190} INFO - [2026-09-25T16:25:33.121+0000] {dag.py:4180} INFO - Setting next_dagrun for example_branch_datetime_operator to 2026-09-24 00:00:00+00:00, run_after=2026-09-25 00:00:00+00:00
[2026-09-25T16:25:33.145+0000] {logging_mixin.py:190} INFO - [2026-09-25T16:25:33.145+0000] {dag.py:4180} INFO - Setting next_dagrun for example_branch_datetime_operator_2 to 2026-09-24 00:00:00+00:00, run_after=2026-09-25 00:00:00+00:00
[2026-09-25T16:25:33.160+0000] {logging_mixin.py:190} INFO - [2026-09-25T16:25:33.159+0000] {dag.py:4180} INFO - Setting next_dagrun for example_branch_datetime_operator_3 to 2026-09-24 00:00:00+00:00, run_after=2026-09-25 00:00:00+00:00
[2026-09-25T16:25:33.216+0000] {processor.py:208} INFO - Processing /home/airflow/.local/lib/python3.12/site-packages/airflow/example_dags/example_branch_datetime_operator.py took 0.739 seconds
[2026-09-25T16:26:07.540+0000] {processor.py:186} INFO - Started process (PID=785) to work on /home/airflow/.local/lib/python3.12/site-packages/airflow/example_dags/example_branch_datetime_operator.py
[2026-09-25T16:26:07.554+0000] {processor.py:914} INFO - Processing file /home/airflow/.local/lib/python3.12/site-packages/airflow/example_dags/example_branch_datetime_operator.py for tasks to queue
[2026-09-25T16:26:07.560+0000] {logging_mixin.py:190} INFO - [2026-09-25T16:26:07.560+0000] {dagbag.py:588} INFO - Filling up the DagBag from /home/airflow/.local/lib/python3.12/site-packages/airflow/example_dags/example_branch_datetime_operator.py
[2026-09-25T16:26:07.615+0000] {processor.py:925} INFO - DAG(s) 'example_branch_datetime_operator_2', 'example_branch_datetime_operator', 'example_branch_datetime_operator_3' retrieved from /home/airflow/.local/lib/python3.12/site-packages/airflow/example_dags/example_branch_datetime_operator.py
[2026-09-25T16:26:07.789+0000] {logging_mixin.py:190} INFO - [2026-09-25T16:26:07.786+0000] {dag.py:3239} INFO - Sync 3 DAGs
[2026-09-25T16:26:08.086+0000] {logging_mixin.py:190} INFO - [2026-09-25T16:26:08.086+0000] {dag.py:4180} INFO - Setting next_dagrun for example_branch_datetime_operator to 2026-09-24 00:00:00+00:00, run_after=2026-09-25 00:00:00+00:00
[2026-09-25T16:26:08.147+0000] {logging_mixin.py:190} INFO - [2026-09-25T16:26:08.135+0000] {dag.py:4180} INFO - Setting next_dagrun for example_branch_datetime_operator_2 to 2026-09-24 00:00:00+00:00, run_after=2026-09-25 00:00:00+00:00
[2026-09-25T16:26:08.205+0000] {logging_mixin.py:190} INFO - [2026-09-25T16:26:08.184+0000] {dag.py:4180} INFO - Setting next_dagrun for example_branch_datetime_operator_3 to 2026-09-24 00:00:00+00:00, run_after=2026-09-25 00:00:00+00:00
[2026-09-25T16:26:08.357+0000] {processor.py:208} INFO - Processing /home/airflow/.local/lib/python3.12/site-packages/airflow/example_dags/example_branch_datetime_operator.py took 0.836 seconds
[2026-09-25T16:26:39.118+0000] {processor.py:186} INFO - Started process (PID=847) to work on /home/airflow/.local/lib/python3.12/site-packages/airflow/example_dags/example_branch_datetime_operator.py
[2026-09-25T16:26:39.133+0000] {processor.py:914} INFO - Processing file /home/airflow/.local/lib/python3.12/site-packages/airflow/example_dags/example_branch_datetime_operator.py for tasks to queue
[2026-09-25T16:26:39.199+0000] {logging_mixin.py:190} INFO - [2026-09-25T16:26:39.198+0000] {dagbag.py:588} INFO - Filling up the DagBag from /home/airflow/.local/lib/python3.12/site-packages/airflow/example_dags/example_branch_datetime_operator.py
[2026-09-25T16:26:39.346+0000] {processor.py:925} INFO - DAG(s) 'example_branch_datetime_operator', 'example_branch_datetime_operator_2', 'example_branch_datetime_operator_3' retrieved from /home/airflow/.local/lib/python3.12/site-packages/airflow/example_dags/example_branch_datetime_operator.py
[2026-09-25T16:26:39.484+0000] {logging_mixin.py:190} INFO - [2026-09-25T16:26:39.484+0000] {dag.py:3239} INFO - Sync 3 DAGs
[2026-09-25T16:26:39.590+0000] {logging_mixin.py:190} INFO - [2026-09-25T16:26:39.590+0000] {dag.py:4180} INFO - Setting next_dagrun for example_branch_datetime_operator to 2026-09-24 00:00:00+00:00, run_after=2026-09-25 00:00:00+00:00
[2026-09-25T16:26:39.634+0000] {logging_mixin.py:190} INFO - [2026-09-25T16:26:39.634+0000] {dag.py:4180} INFO - Setting next_dagrun for example_branch_datetime_operator_2 to 2026-09-24 00:00:00+00:00, run_after=2026-09-25 00:00:00+00:00
[2026-09-25T16:26:39.654+0000] {logging_mixin.py:190} INFO - [2026-09-25T16:26:39.654+0000] {dag.py:4180} INFO - Setting next_dagrun for example_branch_datetime_operator_3 to 2026-09-24 00:00:00+00:00, run_after=2026-09-25 00:00:00+00:00
[2026-09-25T16:26:39.732+0000] {processor.py:208} INFO - Processing /home/airflow/.local/lib/python3.12/site-packages/airflow/example_dags/example_branch_datetime_operator.py took 0.765 seconds
[2026-09-25T16:27:17.548+0000] {processor.py:186} INFO - Started process (PID=915) to work on /home/airflow/.local/lib/python3.12/site-packages/airflow/example_dags/example_branch_datetime_operator.py
[2026-09-25T16:27:17.553+0000] {processor.py:914} INFO - Processing file /home/airflow/.local/lib/python3.12/site-packages/airflow/example_dags/example_branch_datetime_operator.py for tasks to queue
[2026-09-25T16:27:17.562+0000] {logging_mixin.py:190} INFO - [2026-09-25T16:27:17.561+0000] {dagbag.py:588} INFO - Filling up the DagBag from /home/airflow/.local/lib/python3.12/site-packages/airflow/example_dags/example_branch_datetime_operator.py
[2026-09-25T16:27:17.593+0000] {processor.py:925} INFO - DAG(s) 'example_branch_datetime_operator', 'example_branch_datetime_operator_2', 'example_branch_datetime_operator_3' retrieved from /home/airflow/.local/lib/python3.12/site-packages/airflow/example_dags/example_branch_datetime_operator.py
[2026-09-25T16:27:17.731+0000] {logging_mixin.py:190} INFO - [2026-09-25T16:27:17.730+0000] {dag.py:3239} INFO - Sync 3 DAGs
[2026-09-25T16:27:17.865+0000] {logging_mixin.py:190} INFO - [2026-09-25T16:27:17.864+0000] {dag.py:4180} INFO - Setting next_dagrun for example_branch_datetime_operator to 2026-09-24 00:00:00+00:00, run_after=2026-09-25 00:00:00+00:00
[2026-09-25T16:27:17.911+0000] {logging_mixin.py:190} INFO - [2026-09-25T16:27:17.910+0000] {dag.py:4180} INFO - Setting next_dagrun for example_branch_datetime_operator_2 to 2026-09-24 00:00:00+00:00, run_after=2026-09-25 00:00:00+00:00
[2026-09-25T16:27:17.943+0000] {logging_mixin.py:190} INFO - [2026-09-25T16:27:17.942+0000] {dag.py:4180} INFO - Setting next_dagrun for example_branch_datetime_operator_3 to 2026-09-24 00:00:00+00:00, run_after=2026-09-25 00:00:00+00:00
[2026-09-25T16:27:18.024+0000] {processor.py:208} INFO - Processing /home/airflow/.local/lib/python3.12/site-packages/airflow/example_dags/example_branch_datetime_operator.py took 0.493 seconds
[2026-09-25T16:28:05.283+0000] {processor.py:186} INFO - Started process (PID=970) to work on /home/airflow/.local/lib/python3.12/site-packages/airflow/example_dags/example_branch_datetime_operator.py
[2026-09-25T16:28:05.288+0000] {processor.py:914} INFO - Processing file /home/airflow/.local/lib/python3.12/site-packages/airflow/example_dags/example_branch_datetime_operator.py for tasks to queue
[2026-09-25T16:28:05.309+0000] {logging_mixin.py:190} INFO - [2026-09-25T16:28:05.308+0000] {dagbag.py:588} INFO - Filling up the DagBag from /home/airflow/.local/lib/python3.12/site-packages/airflow/example_dags/example_branch_datetime_operator.py
[2026-09-25T16:28:05.371+0000] {processor.py:925} INFO - DAG(s) 'example_branch_datetime_operator_2', 'example_branch_datetime_operator_3', 'example_branch_datetime_operator' retrieved from /home/airflow/.local/lib/python3.12/site-packages/airflow/example_dags/example_branch_datetime_operator.py
[2026-09-25T16:28:05.634+0000] {logging_mixin.py:190} INFO - [2026-09-25T16:28:05.633+0000] {dag.py:3239} INFO - Sync 3 DAGs
[2026-09-25T16:28:05.983+0000] {logging_mixin.py:190} INFO - [2026-09-25T16:28:05.983+0000] {dag.py:4180} INFO - Setting next_dagrun for example_branch_datetime_operator to 2026-09-24 00:00:00+00:00, run_after=2026-09-25 00:00:00+00:00
[2026-09-25T16:28:06.263+0000] {logging_mixin.py:190} INFO - [2026-09-25T16:28:06.263+0000] {dag.py:4180} INFO - Setting next_dagrun for example_branch_datetime_operator_2 to 2026-09-24 00:00:00+00:00, run_after=2026-09-25 00:00:00+00:00
[2026-09-25T16:28:06.319+0000] {logging_mixin.py:190} INFO - [2026-09-25T16:28:06.318+0000] {dag.py:4180} INFO - Setting next_dagrun for example_branch_datetime_operator_3 to 2026-09-24 00:00:00+00:00, run_after=2026-09-25 00:00:00+00:00
[2026-09-25T16:28:06.699+0000] {processor.py:208} INFO - Processing /home/airflow/.local/lib/python3.12/site-packages/airflow/example_dags/example_branch_datetime_operator.py took 1.505 seconds
[2026-09-25T16:28:58.186+0000] {processor.py:186} INFO - Started process (PID=1042) to work on /home/airflow/.local/lib/python3.12/site-packages/airflow/example_dags/example_branch_datetime_operator.py
[2026-09-25T16:28:58.190+0000] {processor.py:914} INFO - Processing file /home/airflow/.local/lib/python3.12/site-packages/airflow/example_dags/example_branch_datetime_operator.py for tasks to queue
[2026-09-25T16:28:58.200+0000] {logging_mixin.py:190} INFO - [2026-09-25T16:28:58.199+0000] {dagbag.py:588} INFO - Filling up the DagBag from /home/airflow/.local/lib/python3.12/site-packages/airflow/example_dags/example_branch_datetime_operator.py
[2026-09-25T16:28:58.279+0000] {processor.py:925} INFO - DAG(s) 'example_branch_datetime_operator', 'example_branch_datetime_operator_3', 'example_branch_datetime_operator_2' retrieved from /home/airflow/.local/lib/python3.12/site-packages/airflow/example_dags/example_branch_datetime_operator.py
[2026-09-25T16:28:58.413+0000] {logging_mixin.py:190} INFO - [2026-09-25T16:28:58.412+0000] {dag.py:3239} INFO - Sync 3 DAGs
[2026-09-25T16:28:58.649+0000] {logging_mixin.py:190} INFO - [2026-09-25T16:28:58.628+0000] {dag.py:4180} INFO - Setting next_dagrun for example_branch_datetime_operator to 2026-09-24 00:00:00+00:00, run_after=2026-09-25 00:00:00+00:00
[2026-09-25T16:28:58.675+0000] {logging_mixin.py:190} INFO - [2026-09-25T16:28:58.675+0000] {dag.py:4180} INFO - Setting next_dagrun for example_branch_datetime_operator_2 to 2026-09-24 00:00:00+00:00, run_after=2026-09-25 00:00:00+00:00
[2026-09-25T16:28:58.683+0000] {logging_mixin.py:190} INFO - [2026-09-25T16:28:58.683+0000] {dag.py:4180} INFO - Setting next_dagrun for example_branch_datetime_operator_3 to 2026-09-24 00:00:00+00:00, run_after=2026-09-25 00:00:00+00:00
[2026-09-25T16:28:58.769+0000] {processor.py:208} INFO - Processing /home/airflow/.local/lib/python3.12/site-packages/airflow/example_dags/example_branch_datetime_operator.py took 0.606 seconds
[2026-09-25T16:43:13.645+0000] {processor.py:186} INFO - Started process (PID=68) to work on /home/airflow/.local/lib/python3.12/site-packages/airflow/example_dags/example_branch_datetime_operator.py
[2026-09-25T16:43:13.656+0000] {processor.py:914} INFO - Processing file /home/airflow/.local/lib/python3.12/site-packages/airflow/example_dags/example_branch_datetime_operator.py for tasks to queue
[2026-09-25T16:43:13.805+0000] {logging_mixin.py:190} INFO - [2026-09-25T16:43:13.795+0000] {dagbag.py:588} INFO - Filling up the DagBag from /home/airflow/.local/lib/python3.12/site-packages/airflow/example_dags/example_branch_datetime_operator.py
[2026-09-25T16:43:14.210+0000] {processor.py:925} INFO - DAG(s) 'example_branch_datetime_operator', 'example_branch_datetime_operator_3', 'example_branch_datetime_operator_2' retrieved from /home/airflow/.local/lib/python3.12/site-packages/airflow/example_dags/example_branch_datetime_operator.py
[2026-09-25T16:43:15.171+0000] {logging_mixin.py:190} INFO - [2026-09-25T16:43:15.170+0000] {dag.py:3239} INFO - Sync 3 DAGs
[2026-09-25T16:43:15.538+0000] {logging_mixin.py:190} INFO - [2026-09-25T16:43:15.523+0000] {dag.py:4180} INFO - Setting next_dagrun for example_branch_datetime_operator to 2026-09-24 00:00:00+00:00, run_after=2026-09-25 00:00:00+00:00
[2026-09-25T16:43:15.648+0000] {logging_mixin.py:190} INFO - [2026-09-25T16:43:15.648+0000] {dag.py:4180} INFO - Setting next_dagrun for example_branch_datetime_operator_2 to 2026-09-24 00:00:00+00:00, run_after=2026-09-25 00:00:00+00:00
[2026-09-25T16:43:15.682+0000] {logging_mixin.py:190} INFO - [2026-09-25T16:43:15.682+0000] {dag.py:4180} INFO - Setting next_dagrun for example_branch_datetime_operator_3 to 2026-09-24 00:00:00+00:00, run_after=2026-09-25 00:00:00+00:00
[2026-09-25T16:43:16.299+0000] {processor.py:208} INFO - Processing /home/airflow/.local/lib/python3.12/site-packages/airflow/example_dags/example_branch_datetime_operator.py took 2.809 seconds
[2026-09-25T16:44:03.960+0000] {processor.py:186} INFO - Started process (PID=136) to work on /home/airflow/.local/lib/python3.12/site-packages/airflow/example_dags/example_branch_datetime_operator.py
[2026-09-25T16:44:03.982+0000] {processor.py:914} INFO - Processing file /home/airflow/.local/lib/python3.12/site-packages/airflow/example_dags/example_branch_datetime_operator.py for tasks to queue
[2026-09-25T16:44:03.994+0000] {logging_mixin.py:190} INFO - [2026-09-25T16:44:03.993+0000] {dagbag.py:588} INFO - Filling up the DagBag from /home/airflow/.local/lib/python3.12/site-packages/airflow/example_dags/example_branch_datetime_operator.py
[2026-09-25T16:44:04.049+0000] {processor.py:925} INFO - DAG(s) 'example_branch_datetime_operator', 'example_branch_datetime_operator_2', 'example_branch_datetime_operator_3' retrieved from /home/airflow/.local/lib/python3.12/site-packages/airflow/example_dags/example_branch_datetime_operator.py
[2026-09-25T16:44:04.124+0000] {logging_mixin.py:190} INFO - [2026-09-25T16:44:04.123+0000] {dag.py:3239} INFO - Sync 3 DAGs
[2026-09-25T16:44:04.200+0000] {logging_mixin.py:190} INFO - [2026-09-25T16:44:04.199+0000] {dag.py:4180} INFO - Setting next_dagrun for example_branch_datetime_operator to 2026-09-24 00:00:00+00:00, run_after=2026-09-25 00:00:00+00:00
[2026-09-25T16:44:04.213+0000] {logging_mixin.py:190} INFO - [2026-09-25T16:44:04.213+0000] {dag.py:4180} INFO - Setting next_dagrun for example_branch_datetime_operator_2 to 2026-09-24 00:00:00+00:00, run_after=2026-09-25 00:00:00+00:00
[2026-09-25T16:44:04.222+0000] {logging_mixin.py:190} INFO - [2026-09-25T16:44:04.221+0000] {dag.py:4180} INFO - Setting next_dagrun for example_branch_datetime_operator_3 to 2026-09-24 00:00:00+00:00, run_after=2026-09-25 00:00:00+00:00
[2026-09-25T16:44:04.288+0000] {processor.py:208} INFO - Processing /home/airflow/.local/lib/python3.12/site-packages/airflow/example_dags/example_branch_datetime_operator.py took 0.371 seconds
[2026-09-25T16:44:35.192+0000] {processor.py:186} INFO - Started process (PID=199) to work on /home/airflow/.local/lib/python3.12/site-packages/airflow/example_dags/example_branch_datetime_operator.py
[2026-09-25T16:44:35.195+0000] {processor.py:914} INFO - Processing file /home/airflow/.local/lib/python3.12/site-packages/airflow/example_dags/example_branch_datetime_operator.py for tasks to queue
[2026-09-25T16:44:35.206+0000] {logging_mixin.py:190} INFO - [2026-09-25T16:44:35.205+0000] {dagbag.py:588} INFO - Filling up the DagBag from /home/airflow/.local/lib/python3.12/site-packages/airflow/example_dags/example_branch_datetime_operator.py
[2026-09-25T16:44:35.259+0000] {processor.py:925} INFO - DAG(s) 'example_branch_datetime_operator', 'example_branch_datetime_operator_3', 'example_branch_datetime_operator_2' retrieved from /home/airflow/.local/lib/python3.12/site-packages/airflow/example_dags/example_branch_datetime_operator.py
[2026-09-25T16:44:35.332+0000] {logging_mixin.py:190} INFO - [2026-09-25T16:44:35.331+0000] {dag.py:3239} INFO - Sync 3 DAGs
[2026-09-25T16:44:35.409+0000] {logging_mixin.py:190} INFO - [2026-09-25T16:44:35.406+0000] {dag.py:4180} INFO - Setting next_dagrun for example_branch_datetime_operator to 2026-09-24 00:00:00+00:00, run_after=2026-09-25 00:00:00+00:00
[2026-09-25T16:44:35.421+0000] {logging_mixin.py:190} INFO - [2026-09-25T16:44:35.421+0000] {dag.py:4180} INFO - Setting next_dagrun for example_branch_datetime_operator_2 to 2026-09-24 00:00:00+00:00, run_after=2026-09-25 00:00:00+00:00
[2026-09-25T16:44:35.429+0000] {logging_mixin.py:190} INFO - [2026-09-25T16:44:35.429+0000] {dag.py:4180} INFO - Setting next_dagrun for example_branch_datetime_operator_3 to 2026-09-24 00:00:00+00:00, run_after=2026-09-25 00:00:00+00:00
[2026-09-25T16:44:35.479+0000] {processor.py:208} INFO - Processing /home/airflow/.local/lib/python3.12/site-packages/airflow/example_dags/example_branch_datetime_operator.py took 0.308 seconds
[2026-09-25T16:45:13.805+0000] {processor.py:186} INFO - Started process (PID=262) to work on /home/airflow/.local/lib/python3.12/site-packages/airflow/example_dags/example_branch_datetime_operator.py
[2026-09-25T16:45:13.808+0000] {processor.py:914} INFO - Processing file /home/airflow/.local/lib/python3.12/site-packages/airflow/example_dags/example_branch_datetime_operator.py for tasks to queue
[2026-09-25T16:45:13.813+0000] {logging_mixin.py:190} INFO - [2026-09-25T16:45:13.812+0000] {dagbag.py:588} INFO - Filling up the DagBag from /home/airflow/.local/lib/python3.12/site-packages/airflow/example_dags/example_branch_datetime_operator.py
[2026-09-25T16:45:13.840+0000] {processor.py:925} INFO - DAG(s) 'example_branch_datetime_operator_2', 'example_branch_datetime_operator', 'example_branch_datetime_operator_3' retrieved from /home/airflow/.local/lib/python3.12/site-packages/airflow/example_dags/example_branch_datetime_operator.py
[2026-09-25T16:45:13.929+0000] {logging_mixin.py:190} INFO - [2026-09-25T16:45:13.929+0000] {dag.py:3239} INFO - Sync 3 DAGs
[2026-09-25T16:45:13.996+0000] {logging_mixin.py:190} INFO - [2026-09-25T16:45:13.995+0000] {dag.py:4180} INFO - Setting next_dagrun for example_branch_datetime_operator to 2026-09-24 00:00:00+00:00, run_after=2026-09-25 00:00:00+00:00
[2026-09-25T16:45:14.013+0000] {logging_mixin.py:190} INFO - [2026-09-25T16:45:14.012+0000] {dag.py:4180} INFO - Setting next_dagrun for example_branch_datetime_operator_2 to 2026-09-24 00:00:00+00:00, run_after=2026-09-25 00:00:00+00:00
[2026-09-25T16:45:14.021+0000] {logging_mixin.py:190} INFO - [2026-09-25T16:45:14.020+0000] {dag.py:4180} INFO - Setting next_dagrun for example_branch_datetime_operator_3 to 2026-09-24 00:00:00+00:00, run_after=2026-09-25 00:00:00+00:00
[2026-09-25T16:45:14.055+0000] {processor.py:208} INFO - Processing /home/airflow/.local/lib/python3.12/site-packages/airflow/example_dags/example_branch_datetime_operator.py took 0.266 seconds
[2026-09-25T16:45:47.374+0000] {processor.py:186} INFO - Started process (PID=317) to work on /home/airflow/.local/lib/python3.12/site-packages/airflow/example_dags/example_branch_datetime_operator.py
[2026-09-25T16:45:47.377+0000] {processor.py:914} INFO - Processing file /home/airflow/.local/lib/python3.12/site-packages/airflow/example_dags/example_branch_datetime_operator.py for tasks to queue
[2026-09-25T16:45:47.385+0000] {logging_mixin.py:190} INFO - [2026-09-25T16:45:47.384+0000] {dagbag.py:588} INFO - Filling up the DagBag from /home/airflow/.local/lib/python3.12/site-packages/airflow/example_dags/example_branch_datetime_operator.py
[2026-09-25T16:45:47.424+0000] {processor.py:925} INFO - DAG(s) 'example_branch_datetime_operator', 'example_branch_datetime_operator_3', 'example_branch_datetime_operator_2' retrieved from /home/airflow/.local/lib/python3.12/site-packages/airflow/example_dags/example_branch_datetime_operator.py
[2026-09-25T16:45:47.498+0000] {logging_mixin.py:190} INFO - [2026-09-25T16:45:47.497+0000] {dag.py:3239} INFO - Sync 3 DAGs
[2026-09-25T16:45:47.589+0000] {logging_mixin.py:190} INFO - [2026-09-25T16:45:47.589+0000] {dag.py:4180} INFO - Setting next_dagrun for example_branch_datetime_operator to 2026-09-24 00:00:00+00:00, run_after=2026-09-25 00:00:00+00:00
[2026-09-25T16:45:47.613+0000] {logging_mixin.py:190} INFO - [2026-09-25T16:45:47.612+0000] {dag.py:4180} INFO - Setting next_dagrun for example_branch_datetime_operator_2 to 2026-09-24 00:00:00+00:00, run_after=2026-09-25 00:00:00+00:00
[2026-09-25T16:45:47.620+0000] {logging_mixin.py:190} INFO - [2026-09-25T16:45:47.620+0000] {dag.py:4180} INFO - Setting next_dagrun for example_branch_datetime_operator_3 to 2026-09-24 00:00:00+00:00, run_after=2026-09-25 00:00:00+00:00
[2026-09-25T16:45:47.666+0000] {processor.py:208} INFO - Processing /home/airflow/.local/lib/python3.12/site-packages/airflow/example_dags/example_branch_datetime_operator.py took 0.312 seconds
[2026-09-25T16:46:19.993+0000] {processor.py:186} INFO - Started process (PID=379) to work on /home/airflow/.local/lib/python3.12/site-packages/airflow/example_dags/example_branch_datetime_operator.py
[2026-09-25T16:46:20.025+0000] {processor.py:914} INFO - Processing file /home/airflow/.local/lib/python3.12/site-packages/airflow/example_dags/example_branch_datetime_operator.py for tasks to queue
[2026-09-25T16:46:20.045+0000] {logging_mixin.py:190} INFO - [2026-09-25T16:46:20.045+0000] {dagbag.py:588} INFO - Filling up the DagBag from /home/airflow/.local/lib/python3.12/site-packages/airflow/example_dags/example_branch_datetime_operator.py
[2026-09-25T16:46:20.169+0000] {processor.py:925} INFO - DAG(s) 'example_branch_datetime_operator', 'example_branch_datetime_operator_3', 'example_branch_datetime_operator_2' retrieved from /home/airflow/.local/lib/python3.12/site-packages/airflow/example_dags/example_branch_datetime_operator.py
[2026-09-25T16:46:20.333+0000] {logging_mixin.py:190} INFO - [2026-09-25T16:46:20.332+0000] {dag.py:3239} INFO - Sync 3 DAGs
[2026-09-25T16:46:20.464+0000] {logging_mixin.py:190} INFO - [2026-09-25T16:46:20.463+0000] {dag.py:4180} INFO - Setting next_dagrun for example_branch_datetime_operator to 2026-09-24 00:00:00+00:00, run_after=2026-09-25 00:00:00+00:00
[2026-09-25T16:46:20.478+0000] {logging_mixin.py:190} INFO - [2026-09-25T16:46:20.477+0000] {dag.py:4180} INFO - Setting next_dagrun for example_branch_datetime_operator_2 to 2026-09-24 00:00:00+00:00, run_after=2026-09-25 00:00:00+00:00
[2026-09-25T16:46:20.487+0000] {logging_mixin.py:190} INFO - [2026-09-25T16:46:20.486+0000] {dag.py:4180} INFO - Setting next_dagrun for example_branch_datetime_operator_3 to 2026-09-24 00:00:00+00:00, run_after=2026-09-25 00:00:00+00:00
[2026-09-25T16:46:20.533+0000] {processor.py:208} INFO - Processing /home/airflow/.local/lib/python3.12/site-packages/airflow/example_dags/example_branch_datetime_operator.py took 0.559 seconds
[2026-09-25T16:46:51.983+0000] {processor.py:186} INFO - Started process (PID=442) to work on /home/airflow/.local/lib/python3.12/site-packages/airflow/example_dags/example_branch_datetime_operator.py
[2026-09-25T16:46:51.985+0000] {processor.py:914} INFO - Processing file /home/airflow/.local/lib/python3.12/site-packages/airflow/example_dags/example_branch_datetime_operator.py for tasks to queue
[2026-09-25T16:46:51.992+0000] {logging_mixin.py:190} INFO - [2026-09-25T16:46:51.992+0000] {dagbag.py:588} INFO - Filling up the DagBag from /home/airflow/.local/lib/python3.12/site-packages/airflow/example_dags/example_branch_datetime_operator.py
[2026-09-25T16:46:52.037+0000] {processor.py:925} INFO - DAG(s) 'example_branch_datetime_operator_2', 'example_branch_datetime_operator', 'example_branch_datetime_operator_3' retrieved from /home/airflow/.local/lib/python3.12/site-packages/airflow/example_dags/example_branch_datetime_operator.py
[2026-09-25T16:46:52.112+0000] {logging_mixin.py:190} INFO - [2026-09-25T16:46:52.111+0000] {dag.py:3239} INFO - Sync 3 DAGs
[2026-09-25T16:46:52.177+0000] {logging_mixin.py:190} INFO - [2026-09-25T16:46:52.177+0000] {dag.py:4180} INFO - Setting next_dagrun for example_branch_datetime_operator to 2026-09-24 00:00:00+00:00, run_after=2026-09-25 00:00:00+00:00
[2026-09-25T16:46:52.190+0000] {logging_mixin.py:190} INFO - [2026-09-25T16:46:52.189+0000] {dag.py:4180} INFO - Setting next_dagrun for example_branch_datetime_operator_2 to 2026-09-24 00:00:00+00:00, run_after=2026-09-25 00:00:00+00:00
[2026-09-25T16:46:52.199+0000] {logging_mixin.py:190} INFO - [2026-09-25T16:46:52.198+0000] {dag.py:4180} INFO - Setting next_dagrun for example_branch_datetime_operator_3 to 2026-09-24 00:00:00+00:00, run_after=2026-09-25 00:00:00+00:00
[2026-09-25T16:46:52.262+0000] {processor.py:208} INFO - Processing /home/airflow/.local/lib/python3.12/site-packages/airflow/example_dags/example_branch_datetime_operator.py took 0.293 seconds
[2026-09-25T16:47:26.377+0000] {processor.py:186} INFO - Started process (PID=504) to work on /home/airflow/.local/lib/python3.12/site-packages/airflow/example_dags/example_branch_datetime_operator.py
[2026-09-25T16:47:26.380+0000] {processor.py:914} INFO - Processing file /home/airflow/.local/lib/python3.12/site-packages/airflow/example_dags/example_branch_datetime_operator.py for tasks to queue
[2026-09-25T16:47:26.386+0000] {logging_mixin.py:190} INFO - [2026-09-25T16:47:26.385+0000] {dagbag.py:588} INFO - Filling up the DagBag from /home/airflow/.local/lib/python3.12/site-packages/airflow/example_dags/example_branch_datetime_operator.py
[2026-09-25T16:47:26.451+0000] {processor.py:925} INFO - DAG(s) 'example_branch_datetime_operator', 'example_branch_datetime_operator_3', 'example_branch_datetime_operator_2' retrieved from /home/airflow/.local/lib/python3.12/site-packages/airflow/example_dags/example_branch_datetime_operator.py
[2026-09-25T16:47:26.602+0000] {logging_mixin.py:190} INFO - [2026-09-25T16:47:26.601+0000] {dag.py:3239} INFO - Sync 3 DAGs
[2026-09-25T16:47:26.664+0000] {logging_mixin.py:190} INFO - [2026-09-25T16:47:26.663+0000] {dag.py:4180} INFO - Setting next_dagrun for example_branch_datetime_operator to 2026-09-24 00:00:00+00:00, run_after=2026-09-25 00:00:00+00:00
[2026-09-25T16:47:26.679+0000] {logging_mixin.py:190} INFO - [2026-09-25T16:47:26.678+0000] {dag.py:4180} INFO - Setting next_dagrun for example_branch_datetime_operator_2 to 2026-09-24 00:00:00+00:00, run_after=2026-09-25 00:00:00+00:00
[2026-09-25T16:47:26.684+0000] {logging_mixin.py:190} INFO - [2026-09-25T16:47:26.684+0000] {dag.py:4180} INFO - Setting next_dagrun for example_branch_datetime_operator_3 to 2026-09-24 00:00:00+00:00, run_after=2026-09-25 00:00:00+00:00
[2026-09-25T16:47:26.732+0000] {processor.py:208} INFO - Processing /home/airflow/.local/lib/python3.12/site-packages/airflow/example_dags/example_branch_datetime_operator.py took 0.371 seconds
[2026-09-25T16:48:09.568+0000] {processor.py:186} INFO - Started process (PID=570) to work on /home/airflow/.local/lib/python3.12/site-packages/airflow/example_dags/example_branch_datetime_operator.py
[2026-09-25T16:48:09.593+0000] {processor.py:914} INFO - Processing file /home/airflow/.local/lib/python3.12/site-packages/airflow/example_dags/example_branch_datetime_operator.py for tasks to queue
[2026-09-25T16:48:09.611+0000] {logging_mixin.py:190} INFO - [2026-09-25T16:48:09.605+0000] {dagbag.py:588} INFO - Filling up the DagBag from /home/airflow/.local/lib/python3.12/site-packages/airflow/example_dags/example_branch_datetime_operator.py
[2026-09-25T16:48:09.705+0000] {processor.py:925} INFO - DAG(s) 'example_branch_datetime_operator', 'example_branch_datetime_operator_3', 'example_branch_datetime_operator_2' retrieved from /home/airflow/.local/lib/python3.12/site-packages/airflow/example_dags/example_branch_datetime_operator.py
[2026-09-25T16:48:09.821+0000] {logging_mixin.py:190} INFO - [2026-09-25T16:48:09.820+0000] {dag.py:3239} INFO - Sync 3 DAGs
[2026-09-25T16:48:09.968+0000] {logging_mixin.py:190} INFO - [2026-09-25T16:48:09.968+0000] {dag.py:4180} INFO - Setting next_dagrun for example_branch_datetime_operator to 2026-09-24 00:00:00+00:00, run_after=2026-09-25 00:00:00+00:00
[2026-09-25T16:48:10.008+0000] {logging_mixin.py:190} INFO - [2026-09-25T16:48:10.007+0000] {dag.py:4180} INFO - Setting next_dagrun for example_branch_datetime_operator_2 to 2026-09-24 00:00:00+00:00, run_after=2026-09-25 00:00:00+00:00
[2026-09-25T16:48:10.018+0000] {logging_mixin.py:190} INFO - [2026-09-25T16:48:10.017+0000] {dag.py:4180} INFO - Setting next_dagrun for example_branch_datetime_operator_3 to 2026-09-24 00:00:00+00:00, run_after=2026-09-25 00:00:00+00:00
[2026-09-25T16:48:10.078+0000] {processor.py:208} INFO - Processing /home/airflow/.local/lib/python3.12/site-packages/airflow/example_dags/example_branch_datetime_operator.py took 0.573 seconds
[2026-09-25T16:48:41.416+0000] {processor.py:186} INFO - Started process (PID=633) to work on /home/airflow/.local/lib/python3.12/site-packages/airflow/example_dags/example_branch_datetime_operator.py
[2026-09-25T16:48:41.422+0000] {processor.py:914} INFO - Processing file /home/airflow/.local/lib/python3.12/site-packages/airflow/example_dags/example_branch_datetime_operator.py for tasks to queue
[2026-09-25T16:48:41.434+0000] {logging_mixin.py:190} INFO - [2026-09-25T16:48:41.433+0000] {dagbag.py:588} INFO - Filling up the DagBag from /home/airflow/.local/lib/python3.12/site-packages/airflow/example_dags/example_branch_datetime_operator.py
[2026-09-25T16:48:41.498+0000] {processor.py:925} INFO - DAG(s) 'example_branch_datetime_operator', 'example_branch_datetime_operator_2', 'example_branch_datetime_operator_3' retrieved from /home/airflow/.local/lib/python3.12/site-packages/airflow/example_dags/example_branch_datetime_operator.py
[2026-09-25T16:48:41.671+0000] {logging_mixin.py:190} INFO - [2026-09-25T16:48:41.667+0000] {dag.py:3239} INFO - Sync 3 DAGs
[2026-09-25T16:48:42.138+0000] {logging_mixin.py:190} INFO - [2026-09-25T16:48:42.137+0000] {dag.py:4180} INFO - Setting next_dagrun for example_branch_datetime_operator to 2026-09-24 00:00:00+00:00, run_after=2026-09-25 00:00:00+00:00
[2026-09-25T16:48:42.181+0000] {logging_mixin.py:190} INFO - [2026-09-25T16:48:42.180+0000] {dag.py:4180} INFO - Setting next_dagrun for example_branch_datetime_operator_2 to 2026-09-24 00:00:00+00:00, run_after=2026-09-25 00:00:00+00:00
[2026-09-25T16:48:42.198+0000] {logging_mixin.py:190} INFO - [2026-09-25T16:48:42.198+0000] {dag.py:4180} INFO - Setting next_dagrun for example_branch_datetime_operator_3 to 2026-09-24 00:00:00+00:00, run_after=2026-09-25 00:00:00+00:00
[2026-09-25T16:48:42.277+0000] {processor.py:208} INFO - Processing /home/airflow/.local/lib/python3.12/site-packages/airflow/example_dags/example_branch_datetime_operator.py took 0.905 seconds
[2026-09-25T16:49:12.944+0000] {processor.py:186} INFO - Started process (PID=696) to work on /home/airflow/.local/lib/python3.12/site-packages/airflow/example_dags/example_branch_datetime_operator.py
[2026-09-25T16:49:12.947+0000] {processor.py:914} INFO - Processing file /home/airflow/.local/lib/python3.12/site-packages/airflow/example_dags/example_branch_datetime_operator.py for tasks to queue
[2026-09-25T16:49:12.952+0000] {logging_mixin.py:190} INFO - [2026-09-25T16:49:12.951+0000] {dagbag.py:588} INFO - Filling up the DagBag from /home/airflow/.local/lib/python3.12/site-packages/airflow/example_dags/example_branch_datetime_operator.py
[2026-09-25T16:49:12.983+0000] {processor.py:925} INFO - DAG(s) 'example_branch_datetime_operator', 'example_branch_datetime_operator_3', 'example_branch_datetime_operator_2' retrieved from /home/airflow/.local/lib/python3.12/site-packages/airflow/example_dags/example_branch_datetime_operator.py
[2026-09-25T16:49:13.061+0000] {logging_mixin.py:190} INFO - [2026-09-25T16:49:13.060+0000] {dag.py:3239} INFO - Sync 3 DAGs
[2026-09-25T16:49:13.146+0000] {logging_mixin.py:190} INFO - [2026-09-25T16:49:13.146+0000] {dag.py:4180} INFO - Setting next_dagrun for example_branch_datetime_operator to 2026-09-24 00:00:00+00:00, run_after=2026-09-25 00:00:00+00:00
[2026-09-25T16:49:13.171+0000] {logging_mixin.py:190} INFO - [2026-09-25T16:49:13.171+0000] {dag.py:4180} INFO - Setting next_dagrun for example_branch_datetime_operator_2 to 2026-09-24 00:00:00+00:00, run_after=2026-09-25 00:00:00+00:00
[2026-09-25T16:49:13.180+0000] {logging_mixin.py:190} INFO - [2026-09-25T16:49:13.180+0000] {dag.py:4180} INFO - Setting next_dagrun for example_branch_datetime_operator_3 to 2026-09-24 00:00:00+00:00, run_after=2026-09-25 00:00:00+00:00
[2026-09-25T16:49:13.228+0000] {processor.py:208} INFO - Processing /home/airflow/.local/lib/python3.12/site-packages/airflow/example_dags/example_branch_datetime_operator.py took 0.297 seconds
