[2026-09-25T16:15:17.499+0000] {processor.py:186} INFO - Started process (PID=85) to work on /home/airflow/.local/lib/python3.12/site-packages/airflow/example_dags/example_bash_decorator.py
[2026-09-25T16:15:17.526+0000] {processor.py:914} INFO - Processing file /home/airflow/.local/lib/python3.12/site-packages/airflow/example_dags/example_bash_decorator.py for tasks to queue
[2026-09-25T16:15:17.562+0000] {logging_mixin.py:190} INFO - [2026-09-25T16:15:17.561+0000] {dagbag.py:588} INFO - Filling up the DagBag from /home/airflow/.local/lib/python3.12/site-packages/airflow/example_dags/example_bash_decorator.py
[2026-09-25T16:15:18.049+0000] {processor.py:925} INFO - DAG(s) 'example_bash_decorator' retrieved from /home/airflow/.local/lib/python3.12/site-packages/airflow/example_dags/example_bash_decorator.py
[2026-09-25T16:15:20.349+0000] {logging_mixin.py:190} INFO - [2026-09-25T16:15:20.330+0000] {dag.py:3239} INFO - Sync 1 DAGs
[2026-09-25T16:15:20.428+0000] {logging_mixin.py:190} INFO - [2026-09-25T16:15:20.428+0000] {dag.py:4180} INFO - Setting next_dagrun for example_bash_decorator to None, run_after=None
[2026-09-25T16:15:20.750+0000] {processor.py:208} INFO - Processing /home/airflow/.local/lib/python3.12/site-packages/airflow/example_dags/example_bash_decorator.py took 3.323 seconds
[2026-09-25T16:17:37.313+0000] {processor.py:186} INFO - Started process (PID=172) to work on /home/airflow/.local/lib/python3.12/site-packages/airflow/example_dags/example_bash_decorator.py
[2026-09-25T16:17:37.364+0000] {processor.py:914} INFO - Processing file /home/airflow/.local/lib/python3.12/site-packages/airflow/example_dags/example_bash_decorator.py for tasks to queue
[2026-09-25T16:17:37.571+0000] {logging_mixin.py:190} INFO - [2026-09-25T16:17:37.557+0000] {dagbag.py:588} INFO - Filling up the DagBag from /home/airflow/.local/lib/python3.12/site-packages/airflow/example_dags/example_bash_decorator.py
[2026-09-25T16:17:37.804+0000] {processor.py:925} INFO - DAG(s) 'example_bash_decorator' retrieved from /home/airflow/.local/lib/python3.12/site-packages/airflow/example_dags/example_bash_decorator.py
[2026-09-25T16:17:38.286+0000] {logging_mixin.py:190} INFO - [2026-09-25T16:17:38.286+0000] {dag.py:3239} INFO - Sync 1 DAGs
[2026-09-25T16:17:38.700+0000] {logging_mixin.py:190} INFO - [2026-09-25T16:17:38.697+0000] {dag.py:4180} INFO - Setting next_dagrun for example_bash_decorator to None, run_after=None
[2026-09-25T16:17:39.564+0000] {processor.py:208} INFO - Processing /home/airflow/.local/lib/python3.12/site-packages/airflow/example_dags/example_bash_decorator.py took 2.505 seconds
[2026-09-25T16:19:25.237+0000] {processor.py:186} INFO - Started process (PID=235) to work on /home/airflow/.local/lib/python3.12/site-packages/airflow/example_dags/example_bash_decorator.py
[2026-09-25T16:19:25.245+0000] {processor.py:914} INFO - Processing file /home/airflow/.local/lib/python3.12/site-packages/airflow/example_dags/example_bash_decorator.py for tasks to queue
[2026-09-25T16:19:25.260+0000] {logging_mixin.py:190} INFO - [2026-09-25T16:19:25.259+0000] {dagbag.py:588} INFO - Filling up the DagBag from /home/airflow/.local/lib/python3.12/site-packages/airflow/example_dags/example_bash_decorator.py
[2026-09-25T16:19:25.405+0000] {processor.py:925} INFO - DAG(s) 'example_bash_decorator' retrieved from /home/airflow/.local/lib/python3.12/site-packages/airflow/example_dags/example_bash_decorator.py
[2026-09-25T16:19:25.922+0000] {logging_mixin.py:190} INFO - [2026-09-25T16:19:25.921+0000] {dag.py:3239} INFO - Sync 1 DAGs
[2026-09-25T16:19:26.188+0000] {logging_mixin.py:190} INFO - [2026-09-25T16:19:26.187+0000] {dag.py:4180} INFO - Setting next_dagrun for example_bash_decorator to None, run_after=None
[2026-09-25T16:19:26.518+0000] {processor.py:208} INFO - Processing /home/airflow/.local/lib/python3.12/site-packages/airflow/example_dags/example_bash_decorator.py took 1.358 seconds
[2026-09-25T16:20:26.156+0000] {processor.py:186} INFO - Started process (PID=292) to work on /home/airflow/.local/lib/python3.12/site-packages/airflow/example_dags/example_bash_decorator.py
[2026-09-25T16:20:26.160+0000] {processor.py:914} INFO - Processing file /home/airflow/.local/lib/python3.12/site-packages/airflow/example_dags/example_bash_decorator.py for tasks to queue
[2026-09-25T16:20:26.169+0000] {logging_mixin.py:190} INFO - [2026-09-25T16:20:26.168+0000] {dagbag.py:588} INFO - Filling up the DagBag from /home/airflow/.local/lib/python3.12/site-packages/airflow/example_dags/example_bash_decorator.py
[2026-09-25T16:20:26.226+0000] {processor.py:925} INFO - DAG(s) 'example_bash_decorator' retrieved from /home/airflow/.local/lib/python3.12/site-packages/airflow/example_dags/example_bash_decorator.py
[2026-09-25T16:20:26.307+0000] {logging_mixin.py:190} INFO - [2026-09-25T16:20:26.306+0000] {dag.py:3239} INFO - Sync 1 DAGs
[2026-09-25T16:20:26.460+0000] {logging_mixin.py:190} INFO - [2026-09-25T16:20:26.459+0000] {dag.py:4180} INFO - Setting next_dagrun for example_bash_decorator to None, run_after=None
[2026-09-25T16:20:26.574+0000] {processor.py:208} INFO - Processing /home/airflow/.local/lib/python3.12/site-packages/airflow/example_dags/example_bash_decorator.py took 0.436 seconds
[2026-09-25T16:21:19.056+0000] {processor.py:186} INFO - Started process (PID=346) to work on /home/airflow/.local/lib/python3.12/site-packages/airflow/example_dags/example_bash_decorator.py
[2026-09-25T16:21:19.064+0000] {processor.py:914} INFO - Processing file /home/airflow/.local/lib/python3.12/site-packages/airflow/example_dags/example_bash_decorator.py for tasks to queue
[2026-09-25T16:21:19.086+0000] {logging_mixin.py:190} INFO - [2026-09-25T16:21:19.085+0000] {dagbag.py:588} INFO - Filling up the DagBag from /home/airflow/.local/lib/python3.12/site-packages/airflow/example_dags/example_bash_decorator.py
[2026-09-25T16:21:19.198+0000] {processor.py:925} INFO - DAG(s) 'example_bash_decorator' retrieved from /home/airflow/.local/lib/python3.12/site-packages/airflow/example_dags/example_bash_decorator.py
[2026-09-25T16:21:19.539+0000] {logging_mixin.py:190} INFO - [2026-09-25T16:21:19.538+0000] {dag.py:3239} INFO - Sync 1 DAGs
[2026-09-25T16:21:19.691+0000] {logging_mixin.py:190} INFO - [2026-09-25T16:21:19.691+0000] {dag.py:4180} INFO - Setting next_dagrun for example_bash_decorator to None, run_after=None
[2026-09-25T16:21:19.917+0000] {processor.py:208} INFO - Processing /home/airflow/.local/lib/python3.12/site-packages/airflow/example_dags/example_bash_decorator.py took 0.966 seconds
[2026-09-25T16:22:26.613+0000] {processor.py:186} INFO - Started process (PID=413) to work on /home/airflow/.local/lib/python3.12/site-packages/airflow/example_dags/example_bash_decorator.py
[2026-09-25T16:22:26.615+0000] {processor.py:914} INFO - Processing file /home/airflow/.local/lib/python3.12/site-packages/airflow/example_dags/example_bash_decorator.py for tasks to queue
[2026-09-25T16:22:26.623+0000] {logging_mixin.py:190} INFO - [2026-09-25T16:22:26.623+0000] {dagbag.py:588} INFO - Filling up the DagBag from /home/airflow/.local/lib/python3.12/site-packages/airflow/example_dags/example_bash_decorator.py
[2026-09-25T16:22:26.794+0000] {processor.py:925} INFO - DAG(s) 'example_bash_decorator' retrieved from /home/airflow/.local/lib/python3.12/site-packages/airflow/example_dags/example_bash_decorator.py
[2026-09-25T16:22:26.926+0000] {logging_mixin.py:190} INFO - [2026-09-25T16:22:26.926+0000] {dag.py:3239} INFO - Sync 1 DAGs
[2026-09-25T16:22:27.046+0000] {logging_mixin.py:190} INFO - [2026-09-25T16:22:27.046+0000] {dag.py:4180} INFO - Setting next_dagrun for example_bash_decorator to None, run_after=None
[2026-09-25T16:22:27.158+0000] {processor.py:208} INFO - Processing /home/airflow/.local/lib/python3.12/site-packages/airflow/example_dags/example_bash_decorator.py took 0.562 seconds
[2026-09-25T16:23:07.956+0000] {processor.py:186} INFO - Started process (PID=482) to work on /home/airflow/.local/lib/python3.12/site-packages/airflow/example_dags/example_bash_decorator.py
[2026-09-25T16:23:07.958+0000] {processor.py:914} INFO - Processing file /home/airflow/.local/lib/python3.12/site-packages/airflow/example_dags/example_bash_decorator.py for tasks to queue
[2026-09-25T16:23:07.964+0000] {logging_mixin.py:190} INFO - [2026-09-25T16:23:07.963+0000] {dagbag.py:588} INFO - Filling up the DagBag from /home/airflow/.local/lib/python3.12/site-packages/airflow/example_dags/example_bash_decorator.py
[2026-09-25T16:23:08.018+0000] {processor.py:925} INFO - DAG(s) 'example_bash_decorator' retrieved from /home/airflow/.local/lib/python3.12/site-packages/airflow/example_dags/example_bash_decorator.py
[2026-09-25T16:23:08.082+0000] {logging_mixin.py:190} INFO - [2026-09-25T16:23:08.081+0000] {dag.py:3239} INFO - Sync 1 DAGs
[2026-09-25T16:23:08.120+0000] {logging_mixin.py:190} INFO - [2026-09-25T16:23:08.120+0000] {dag.py:4180} INFO - Setting next_dagrun for example_bash_decorator to None, run_after=None
[2026-09-25T16:23:08.176+0000] {processor.py:208} INFO - Processing /home/airflow/.local/lib/python3.12/site-packages/airflow/example_dags/example_bash_decorator.py took 0.234 seconds
[2026-09-25T16:23:48.592+0000] {processor.py:186} INFO - Started process (PID=537) to work on /home/airflow/.local/lib/python3.12/site-packages/airflow/example_dags/example_bash_decorator.py
[2026-09-25T16:23:48.673+0000] {processor.py:914} INFO - Processing file /home/airflow/.local/lib/python3.12/site-packages/airflow/example_dags/example_bash_decorator.py for tasks to queue
[2026-09-25T16:23:48.692+0000] {logging_mixin.py:190} INFO - [2026-09-25T16:23:48.691+0000] {dagbag.py:588} INFO - Filling up the DagBag from /home/airflow/.local/lib/python3.12/site-packages/airflow/example_dags/example_bash_decorator.py
[2026-09-25T16:23:48.798+0000] {processor.py:925} INFO - DAG(s) 'example_bash_decorator' retrieved from /home/airflow/.local/lib/python3.12/site-packages/airflow/example_dags/example_bash_decorator.py
[2026-09-25T16:23:48.924+0000] {logging_mixin.py:190} INFO - [2026-09-25T16:23:48.922+0000] {dag.py:3239} INFO - Sync 1 DAGs
[2026-09-25T16:23:49.010+0000] {logging_mixin.py:190} INFO - [2026-09-25T16:23:49.002+0000] {dag.py:4180} INFO - Setting next_dagrun for example_bash_decorator to None, run_after=None
[2026-09-25T16:23:49.185+0000] {processor.py:208} INFO - Processing /home/airflow/.local/lib/python3.12/site-packages/airflow/example_dags/example_bash_decorator.py took 0.642 seconds
[2026-09-25T16:24:19.527+0000] {processor.py:186} INFO - Started process (PID=600) to work on /home/airflow/.local/lib/python3.12/site-packages/airflow/example_dags/example_bash_decorator.py
[2026-09-25T16:24:19.531+0000] {processor.py:914} INFO - Processing file /home/airflow/.local/lib/python3.12/site-packages/airflow/example_dags/example_bash_decorator.py for tasks to queue
[2026-09-25T16:24:19.540+0000] {logging_mixin.py:190} INFO - [2026-09-25T16:24:19.538+0000] {dagbag.py:588} INFO - Filling up the DagBag from /home/airflow/.local/lib/python3.12/site-packages/airflow/example_dags/example_bash_decorator.py
[2026-09-25T16:24:19.607+0000] {processor.py:925} INFO - DAG(s) 'example_bash_decorator' retrieved from /home/airflow/.local/lib/python3.12/site-packages/airflow/example_dags/example_bash_decorator.py
[2026-09-25T16:24:19.695+0000] {logging_mixin.py:190} INFO - [2026-09-25T16:24:19.694+0000] {dag.py:3239} INFO - Sync 1 DAGs
[2026-09-25T16:24:19.763+0000] {logging_mixin.py:190} INFO - [2026-09-25T16:24:19.763+0000] {dag.py:4180} INFO - Setting next_dagrun for example_bash_decorator to None, run_after=None
[2026-09-25T16:24:19.830+0000] {processor.py:208} INFO - Processing /home/airflow/.local/lib/python3.12/site-packages/airflow/example_dags/example_bash_decorator.py took 0.320 seconds
[2026-09-25T16:24:59.417+0000] {processor.py:186} INFO - Started process (PID=659) to work on /home/airflow/.local/lib/python3.12/site-packages/airflow/example_dags/example_bash_decorator.py
[2026-09-25T16:24:59.448+0000] {processor.py:914} INFO - Processing file /home/airflow/.local/lib/python3.12/site-packages/airflow/example_dags/example_bash_decorator.py for tasks to queue
[2026-09-25T16:24:59.485+0000] {logging_mixin.py:190} INFO - [2026-09-25T16:24:59.484+0000] {dagbag.py:588} INFO - Filling up the DagBag from /home/airflow/.local/lib/python3.12/site-packages/airflow/example_dags/example_bash_decorator.py
[2026-09-25T16:24:59.644+0000] {processor.py:925} INFO - DAG(s) 'example_bash_decorator' retrieved from /home/airflow/.local/lib/python3.12/site-packages/airflow/example_dags/example_bash_decorator.py
[2026-09-25T16:25:00.064+0000] {logging_mixin.py:190} INFO - [2026-09-25T16:25:00.063+0000] {dag.py:3239} INFO - Sync 1 DAGs
[2026-09-25T16:25:00.288+0000] {logging_mixin.py:190} INFO - [2026-09-25T16:25:00.287+0000] {dag.py:4180} INFO - Setting next_dagrun for example_bash_decorator to None, run_after=None
[2026-09-25T16:25:00.426+0000] {processor.py:208} INFO - Processing /home/airflow/.local/lib/python3.12/site-packages/airflow/example_dags/example_bash_decorator.py took 1.063 seconds
[2026-09-25T16:25:31.104+0000] {processor.py:186} INFO - Started process (PID=722) to work on /home/airflow/.local/lib/python3.12/site-packages/airflow/example_dags/example_bash_decorator.py
[2026-09-25T16:25:31.109+0000] {processor.py:914} INFO - Processing file /home/airflow/.local/lib/python3.12/site-packages/airflow/example_dags/example_bash_decorator.py for tasks to queue
[2026-09-25T16:25:31.137+0000] {logging_mixin.py:190} INFO - [2026-09-25T16:25:31.136+0000] {dagbag.py:588} INFO - Filling up the DagBag from /home/airflow/.local/lib/python3.12/site-packages/airflow/example_dags/example_bash_decorator.py
[2026-09-25T16:25:31.337+0000] {processor.py:925} INFO - DAG(s) 'example_bash_decorator' retrieved from /home/airflow/.local/lib/python3.12/site-packages/airflow/example_dags/example_bash_decorator.py
[2026-09-25T16:25:31.465+0000] {logging_mixin.py:190} INFO - [2026-09-25T16:25:31.465+0000] {dag.py:3239} INFO - Sync 1 DAGs
[2026-09-25T16:25:31.513+0000] {logging_mixin.py:190} INFO - [2026-09-25T16:25:31.513+0000] {dag.py:4180} INFO - Setting next_dagrun for example_bash_decorator to None, run_after=None
[2026-09-25T16:25:31.598+0000] {processor.py:208} INFO - Processing /home/airflow/.local/lib/python3.12/site-packages/airflow/example_dags/example_bash_decorator.py took 0.544 seconds
[2026-09-25T16:26:06.770+0000] {processor.py:186} INFO - Started process (PID=783) to work on /home/airflow/.local/lib/python3.12/site-packages/airflow/example_dags/example_bash_decorator.py
[2026-09-25T16:26:06.778+0000] {processor.py:914} INFO - Processing file /home/airflow/.local/lib/python3.12/site-packages/airflow/example_dags/example_bash_decorator.py for tasks to queue
[2026-09-25T16:26:06.800+0000] {logging_mixin.py:190} INFO - [2026-09-25T16:26:06.800+0000] {dagbag.py:588} INFO - Filling up the DagBag from /home/airflow/.local/lib/python3.12/site-packages/airflow/example_dags/example_bash_decorator.py
[2026-09-25T16:26:06.987+0000] {processor.py:925} INFO - DAG(s) 'example_bash_decorator' retrieved from /home/airflow/.local/lib/python3.12/site-packages/airflow/example_dags/example_bash_decorator.py
[2026-09-25T16:26:07.182+0000] {logging_mixin.py:190} INFO - [2026-09-25T16:26:07.181+0000] {dag.py:3239} INFO - Sync 1 DAGs
[2026-09-25T16:26:07.321+0000] {logging_mixin.py:190} INFO - [2026-09-25T16:26:07.320+0000] {dag.py:4180} INFO - Setting next_dagrun for example_bash_decorator to None, run_after=None
[2026-09-25T16:26:07.432+0000] {processor.py:208} INFO - Processing /home/airflow/.local/lib/python3.12/site-packages/airflow/example_dags/example_bash_decorator.py took 0.716 seconds
[2026-09-25T16:26:37.578+0000] {processor.py:186} INFO - Started process (PID=845) to work on /home/airflow/.local/lib/python3.12/site-packages/airflow/example_dags/example_bash_decorator.py
[2026-09-25T16:26:37.581+0000] {processor.py:914} INFO - Processing file /home/airflow/.local/lib/python3.12/site-packages/airflow/example_dags/example_bash_decorator.py for tasks to queue
[2026-09-25T16:26:37.587+0000] {logging_mixin.py:190} INFO - [2026-09-25T16:26:37.586+0000] {dagbag.py:588} INFO - Filling up the DagBag from /home/airflow/.local/lib/python3.12/site-packages/airflow/example_dags/example_bash_decorator.py
[2026-09-25T16:26:37.665+0000] {processor.py:925} INFO - DAG(s) 'example_bash_decorator' retrieved from /home/airflow/.local/lib/python3.12/site-packages/airflow/example_dags/example_bash_decorator.py
[2026-09-25T16:26:37.739+0000] {logging_mixin.py:190} INFO - [2026-09-25T16:26:37.738+0000] {dag.py:3239} INFO - Sync 1 DAGs
[2026-09-25T16:26:37.783+0000] {logging_mixin.py:190} INFO - [2026-09-25T16:26:37.783+0000] {dag.py:4180} INFO - Setting next_dagrun for example_bash_decorator to None, run_after=None
[2026-09-25T16:26:37.840+0000] {processor.py:208} INFO - Processing /home/airflow/.local/lib/python3.12/site-packages/airflow/example_dags/example_bash_decorator.py took 0.276 seconds
[2026-09-25T16:27:17.450+0000] {processor.py:186} INFO - Started process (PID=914) to work on /home/airflow/.local/lib/python3.12/site-packages/airflow/example_dags/example_bash_decorator.py
[2026-09-25T16:27:17.456+0000] {processor.py:914} INFO - Processing file /home/airflow/.local/lib/python3.12/site-packages/airflow/example_dags/example_bash_decorator.py for tasks to queue
[2026-09-25T16:27:17.464+0000] {logging_mixin.py:190} INFO - [2026-09-25T16:27:17.463+0000] {dagbag.py:588} INFO - Filling up the DagBag from /home/airflow/.local/lib/python3.12/site-packages/airflow/example_dags/example_bash_decorator.py
[2026-09-25T16:27:17.531+0000] {processor.py:925} INFO - DAG(s) 'example_bash_decorator' retrieved from /home/airflow/.local/lib/python3.12/site-packages/airflow/example_dags/example_bash_decorator.py
[2026-09-25T16:27:17.598+0000] {logging_mixin.py:190} INFO - [2026-09-25T16:27:17.597+0000] {dag.py:3239} INFO - Sync 1 DAGs
[2026-09-25T16:27:17.662+0000] {logging_mixin.py:190} INFO - [2026-09-25T16:27:17.661+0000] {dag.py:4180} INFO - Setting next_dagrun for example_bash_decorator to None, run_after=None
[2026-09-25T16:27:17.734+0000] {processor.py:208} INFO - Processing /home/airflow/.local/lib/python3.12/site-packages/airflow/example_dags/example_bash_decorator.py took 0.314 seconds
[2026-09-25T16:28:04.478+0000] {processor.py:186} INFO - Started process (PID=969) to work on /home/airflow/.local/lib/python3.12/site-packages/airflow/example_dags/example_bash_decorator.py
[2026-09-25T16:28:04.553+0000] {processor.py:914} INFO - Processing file /home/airflow/.local/lib/python3.12/site-packages/airflow/example_dags/example_bash_decorator.py for tasks to queue
[2026-09-25T16:28:04.602+0000] {logging_mixin.py:190} INFO - [2026-09-25T16:28:04.601+0000] {dagbag.py:588} INFO - Filling up the DagBag from /home/airflow/.local/lib/python3.12/site-packages/airflow/example_dags/example_bash_decorator.py
[2026-09-25T16:28:04.771+0000] {processor.py:925} INFO - DAG(s) 'example_bash_decorator' retrieved from /home/airflow/.local/lib/python3.12/site-packages/airflow/example_dags/example_bash_decorator.py
[2026-09-25T16:28:04.878+0000] {logging_mixin.py:190} INFO - [2026-09-25T16:28:04.877+0000] {dag.py:3239} INFO - Sync 1 DAGs
[2026-09-25T16:28:04.948+0000] {logging_mixin.py:190} INFO - [2026-09-25T16:28:04.945+0000] {dag.py:4180} INFO - Setting next_dagrun for example_bash_decorator to None, run_after=None
[2026-09-25T16:28:05.228+0000] {processor.py:208} INFO - Processing /home/airflow/.local/lib/python3.12/site-packages/airflow/example_dags/example_bash_decorator.py took 0.813 seconds
[2026-09-25T16:28:58.056+0000] {processor.py:186} INFO - Started process (PID=1041) to work on /home/airflow/.local/lib/python3.12/site-packages/airflow/example_dags/example_bash_decorator.py
[2026-09-25T16:28:58.061+0000] {processor.py:914} INFO - Processing file /home/airflow/.local/lib/python3.12/site-packages/airflow/example_dags/example_bash_decorator.py for tasks to queue
[2026-09-25T16:28:58.076+0000] {logging_mixin.py:190} INFO - [2026-09-25T16:28:58.074+0000] {dagbag.py:588} INFO - Filling up the DagBag from /home/airflow/.local/lib/python3.12/site-packages/airflow/example_dags/example_bash_decorator.py
[2026-09-25T16:28:58.160+0000] {processor.py:925} INFO - DAG(s) 'example_bash_decorator' retrieved from /home/airflow/.local/lib/python3.12/site-packages/airflow/example_dags/example_bash_decorator.py
[2026-09-25T16:28:58.282+0000] {logging_mixin.py:190} INFO - [2026-09-25T16:28:58.282+0000] {dag.py:3239} INFO - Sync 1 DAGs
[2026-09-25T16:28:58.361+0000] {logging_mixin.py:190} INFO - [2026-09-25T16:28:58.361+0000] {dag.py:4180} INFO - Setting next_dagrun for example_bash_decorator to None, run_after=None
[2026-09-25T16:28:58.478+0000] {processor.py:208} INFO - Processing /home/airflow/.local/lib/python3.12/site-packages/airflow/example_dags/example_bash_decorator.py took 0.438 seconds
[2026-09-25T16:43:11.518+0000] {processor.py:186} INFO - Started process (PID=67) to work on /home/airflow/.local/lib/python3.12/site-packages/airflow/example_dags/example_bash_decorator.py
[2026-09-25T16:43:11.535+0000] {processor.py:914} INFO - Processing file /home/airflow/.local/lib/python3.12/site-packages/airflow/example_dags/example_bash_decorator.py for tasks to queue
[2026-09-25T16:43:11.542+0000] {logging_mixin.py:190} INFO - [2026-09-25T16:43:11.542+0000] {dagbag.py:588} INFO - Filling up the DagBag from /home/airflow/.local/lib/python3.12/site-packages/airflow/example_dags/example_bash_decorator.py
[2026-09-25T16:43:11.858+0000] {processor.py:925} INFO - DAG(s) 'example_bash_decorator' retrieved from /home/airflow/.local/lib/python3.12/site-packages/airflow/example_dags/example_bash_decorator.py
[2026-09-25T16:43:14.340+0000] {logging_mixin.py:190} INFO - [2026-09-25T16:43:14.339+0000] {dag.py:3239} INFO - Sync 1 DAGs
[2026-09-25T16:43:14.706+0000] {logging_mixin.py:190} INFO - [2026-09-25T16:43:14.705+0000] {dag.py:4180} INFO - Setting next_dagrun for example_bash_decorator to None, run_after=None
[2026-09-25T16:43:14.916+0000] {processor.py:208} INFO - Processing /home/airflow/.local/lib/python3.12/site-packages/airflow/example_dags/example_bash_decorator.py took 3.423 seconds
[2026-09-25T16:44:03.631+0000] {processor.py:186} INFO - Started process (PID=135) to work on /home/airflow/.local/lib/python3.12/site-packages/airflow/example_dags/example_bash_decorator.py
[2026-09-25T16:44:03.641+0000] {processor.py:914} INFO - Processing file /home/airflow/.local/lib/python3.12/site-packages/airflow/example_dags/example_bash_decorator.py for tasks to queue
[2026-09-25T16:44:03.656+0000] {logging_mixin.py:190} INFO - [2026-09-25T16:44:03.655+0000] {dagbag.py:588} INFO - Filling up the DagBag from /home/airflow/.local/lib/python3.12/site-packages/airflow/example_dags/example_bash_decorator.py
[2026-09-25T16:44:03.780+0000] {processor.py:925} INFO - DAG(s) 'example_bash_decorator' retrieved from /home/airflow/.local/lib/python3.12/site-packages/airflow/example_dags/example_bash_decorator.py
[2026-09-25T16:44:03.876+0000] {logging_mixin.py:190} INFO - [2026-09-25T16:44:03.876+0000] {dag.py:3239} INFO - Sync 1 DAGs
[2026-09-25T16:44:03.971+0000] {logging_mixin.py:190} INFO - [2026-09-25T16:44:03.970+0000] {dag.py:4180} INFO - Setting next_dagrun for example_bash_decorator to None, run_after=None
[2026-09-25T16:44:04.145+0000] {processor.py:208} INFO - Processing /home/airflow/.local/lib/python3.12/site-packages/airflow/example_dags/example_bash_decorator.py took 0.563 seconds
[2026-09-25T16:44:35.166+0000] {processor.py:186} INFO - Started process (PID=198) to work on /home/airflow/.local/lib/python3.12/site-packages/airflow/example_dags/example_bash_decorator.py
[2026-09-25T16:44:35.169+0000] {processor.py:914} INFO - Processing file /home/airflow/.local/lib/python3.12/site-packages/airflow/example_dags/example_bash_decorator.py for tasks to queue
[2026-09-25T16:44:35.177+0000] {logging_mixin.py:190} INFO - [2026-09-25T16:44:35.176+0000] {dagbag.py:588} INFO - Filling up the DagBag from /home/airflow/.local/lib/python3.12/site-packages/airflow/example_dags/example_bash_decorator.py
[2026-09-25T16:44:35.268+0000] {processor.py:925} INFO - DAG(s) 'example_bash_decorator' retrieved from /home/airflow/.local/lib/python3.12/site-packages/airflow/example_dags/example_bash_decorator.py
[2026-09-25T16:44:35.337+0000] {logging_mixin.py:190} INFO - [2026-09-25T16:44:35.336+0000] {dag.py:3239} INFO - Sync 1 DAGs
[2026-09-25T16:44:35.380+0000] {logging_mixin.py:190} INFO - [2026-09-25T16:44:35.379+0000] {dag.py:4180} INFO - Setting next_dagrun for example_bash_decorator to None, run_after=None
[2026-09-25T16:44:35.431+0000] {processor.py:208} INFO - Processing /home/airflow/.local/lib/python3.12/site-packages/airflow/example_dags/example_bash_decorator.py took 0.285 seconds
[2026-09-25T16:45:13.593+0000] {processor.py:186} INFO - Started process (PID=261) to work on /home/airflow/.local/lib/python3.12/site-packages/airflow/example_dags/example_bash_decorator.py
[2026-09-25T16:45:13.597+0000] {processor.py:914} INFO - Processing file /home/airflow/.local/lib/python3.12/site-packages/airflow/example_dags/example_bash_decorator.py for tasks to queue
[2026-09-25T16:45:13.602+0000] {logging_mixin.py:190} INFO - [2026-09-25T16:45:13.601+0000] {dagbag.py:588} INFO - Filling up the DagBag from /home/airflow/.local/lib/python3.12/site-packages/airflow/example_dags/example_bash_decorator.py
[2026-09-25T16:45:13.633+0000] {processor.py:925} INFO - DAG(s) 'example_bash_decorator' retrieved from /home/airflow/.local/lib/python3.12/site-packages/airflow/example_dags/example_bash_decorator.py
[2026-09-25T16:45:13.682+0000] {logging_mixin.py:190} INFO - [2026-09-25T16:45:13.681+0000] {dag.py:3239} INFO - Sync 1 DAGs
[2026-09-25T16:45:13.712+0000] {logging_mixin.py:190} INFO - [2026-09-25T16:45:13.711+0000] {dag.py:4180} INFO - Setting next_dagrun for example_bash_decorator to None, run_after=None
[2026-09-25T16:45:13.748+0000] {processor.py:208} INFO - Processing /home/airflow/.local/lib/python3.12/site-packages/airflow/example_dags/example_bash_decorator.py took 0.168 seconds
[2026-09-25T16:45:46.969+0000] {processor.py:186} INFO - Started process (PID=316) to work on /home/airflow/.local/lib/python3.12/site-packages/airflow/example_dags/example_bash_decorator.py
[2026-09-25T16:45:46.971+0000] {processor.py:914} INFO - Processing file /home/airflow/.local/lib/python3.12/site-packages/airflow/example_dags/example_bash_decorator.py for tasks to queue
[2026-09-25T16:45:46.978+0000] {logging_mixin.py:190} INFO - [2026-09-25T16:45:46.977+0000] {dagbag.py:588} INFO - Filling up the DagBag from /home/airflow/.local/lib/python3.12/site-packages/airflow/example_dags/example_bash_decorator.py
[2026-09-25T16:45:47.066+0000] {processor.py:925} INFO - DAG(s) 'example_bash_decorator' retrieved from /home/airflow/.local/lib/python3.12/site-packages/airflow/example_dags/example_bash_decorator.py
[2026-09-25T16:45:47.287+0000] {logging_mixin.py:190} INFO - [2026-09-25T16:45:47.287+0000] {dag.py:3239} INFO - Sync 1 DAGs
[2026-09-25T16:45:47.339+0000] {logging_mixin.py:190} INFO - [2026-09-25T16:45:47.339+0000] {dag.py:4180} INFO - Setting next_dagrun for example_bash_decorator to None, run_after=None
[2026-09-25T16:45:47.400+0000] {processor.py:208} INFO - Processing /home/airflow/.local/lib/python3.12/site-packages/airflow/example_dags/example_bash_decorator.py took 0.447 seconds
[2026-09-25T16:46:19.680+0000] {processor.py:186} INFO - Started process (PID=378) to work on /home/airflow/.local/lib/python3.12/site-packages/airflow/example_dags/example_bash_decorator.py
[2026-09-25T16:46:19.684+0000] {processor.py:914} INFO - Processing file /home/airflow/.local/lib/python3.12/site-packages/airflow/example_dags/example_bash_decorator.py for tasks to queue
[2026-09-25T16:46:19.689+0000] {logging_mixin.py:190} INFO - [2026-09-25T16:46:19.688+0000] {dagbag.py:588} INFO - Filling up the DagBag from /home/airflow/.local/lib/python3.12/site-packages/airflow/example_dags/example_bash_decorator.py
[2026-09-25T16:46:19.738+0000] {processor.py:925} INFO - DAG(s) 'example_bash_decorator' retrieved from /home/airflow/.local/lib/python3.12/site-packages/airflow/example_dags/example_bash_decorator.py
[2026-09-25T16:46:19.827+0000] {logging_mixin.py:190} INFO - [2026-09-25T16:46:19.827+0000] {dag.py:3239} INFO - Sync 1 DAGs
[2026-09-25T16:46:19.902+0000] {logging_mixin.py:190} INFO - [2026-09-25T16:46:19.902+0000] {dag.py:4180} INFO - Setting next_dagrun for example_bash_decorator to None, run_after=None
[2026-09-25T16:46:19.957+0000] {processor.py:208} INFO - Processing /home/airflow/.local/lib/python3.12/site-packages/airflow/example_dags/example_bash_decorator.py took 0.292 seconds
[2026-09-25T16:46:51.793+0000] {processor.py:186} INFO - Started process (PID=441) to work on /home/airflow/.local/lib/python3.12/site-packages/airflow/example_dags/example_bash_decorator.py
[2026-09-25T16:46:51.796+0000] {processor.py:914} INFO - Processing file /home/airflow/.local/lib/python3.12/site-packages/airflow/example_dags/example_bash_decorator.py for tasks to queue
[2026-09-25T16:46:51.803+0000] {logging_mixin.py:190} INFO - [2026-09-25T16:46:51.802+0000] {dagbag.py:588} INFO - Filling up the DagBag from /home/airflow/.local/lib/python3.12/site-packages/airflow/example_dags/example_bash_decorator.py
[2026-09-25T16:46:51.845+0000] {processor.py:925} INFO - DAG(s) 'example_bash_decorator' retrieved from /home/airflow/.local/lib/python3.12/site-packages/airflow/example_dags/example_bash_decorator.py
[2026-09-25T16:46:51.912+0000] {logging_mixin.py:190} INFO - [2026-09-25T16:46:51.911+0000] {dag.py:3239} INFO - Sync 1 DAGs
[2026-09-25T16:46:51.949+0000] {logging_mixin.py:190} INFO - [2026-09-25T16:46:51.949+0000] {dag.py:4180} INFO - Setting next_dagrun for example_bash_decorator to None, run_after=None
[2026-09-25T16:46:51.992+0000] {processor.py:208} INFO - Processing /home/airflow/.local/lib/python3.12/site-packages/airflow/example_dags/example_bash_decorator.py took 0.227 seconds
[2026-09-25T16:47:24.035+0000] {processor.py:186} INFO - Started process (PID=502) to work on /home/airflow/.local/lib/python3.12/site-packages/airflow/example_dags/example_bash_decorator.py
[2026-09-25T16:47:24.038+0000] {processor.py:914} INFO - Processing file /home/airflow/.local/lib/python3.12/site-packages/airflow/example_dags/example_bash_decorator.py for tasks to queue
[2026-09-25T16:47:24.047+0000] {logging_mixin.py:190} INFO - [2026-09-25T16:47:24.046+0000] {dagbag.py:588} INFO - Filling up the DagBag from /home/airflow/.local/lib/python3.12/site-packages/airflow/example_dags/example_bash_decorator.py
[2026-09-25T16:47:24.118+0000] {processor.py:925} INFO - DAG(s) 'example_bash_decorator' retrieved from /home/airflow/.local/lib/python3.12/site-packages/airflow/example_dags/example_bash_decorator.py
[2026-09-25T16:47:24.776+0000] {logging_mixin.py:190} INFO - [2026-09-25T16:47:24.775+0000] {dag.py:3239} INFO - Sync 1 DAGs
[2026-09-25T16:47:24.846+0000] {logging_mixin.py:190} INFO - [2026-09-25T16:47:24.846+0000] {dag.py:4180} INFO - Setting next_dagrun for example_bash_decorator to None, run_after=None
[2026-09-25T16:47:24.923+0000] {processor.py:208} INFO - Processing /home/airflow/.local/lib/python3.12/site-packages/airflow/example_dags/example_bash_decorator.py took 0.909 seconds
[2026-09-25T16:48:09.483+0000] {processor.py:186} INFO - Started process (PID=569) to work on /home/airflow/.local/lib/python3.12/site-packages/airflow/example_dags/example_bash_decorator.py
[2026-09-25T16:48:09.520+0000] {processor.py:914} INFO - Processing file /home/airflow/.local/lib/python3.12/site-packages/airflow/example_dags/example_bash_decorator.py for tasks to queue
[2026-09-25T16:48:09.567+0000] {logging_mixin.py:190} INFO - [2026-09-25T16:48:09.565+0000] {dagbag.py:588} INFO - Filling up the DagBag from /home/airflow/.local/lib/python3.12/site-packages/airflow/example_dags/example_bash_decorator.py
[2026-09-25T16:48:09.706+0000] {processor.py:925} INFO - DAG(s) 'example_bash_decorator' retrieved from /home/airflow/.local/lib/python3.12/site-packages/airflow/example_dags/example_bash_decorator.py
[2026-09-25T16:48:09.797+0000] {logging_mixin.py:190} INFO - [2026-09-25T16:48:09.794+0000] {dag.py:3239} INFO - Sync 1 DAGs
[2026-09-25T16:48:09.945+0000] {logging_mixin.py:190} INFO - [2026-09-25T16:48:09.944+0000] {dag.py:4180} INFO - Setting next_dagrun for example_bash_decorator to None, run_after=None
[2026-09-25T16:48:10.047+0000] {processor.py:208} INFO - Processing /home/airflow/.local/lib/python3.12/site-packages/airflow/example_dags/example_bash_decorator.py took 0.635 seconds
[2026-09-25T16:48:40.804+0000] {processor.py:186} INFO - Started process (PID=632) to work on /home/airflow/.local/lib/python3.12/site-packages/airflow/example_dags/example_bash_decorator.py
[2026-09-25T16:48:40.809+0000] {processor.py:914} INFO - Processing file /home/airflow/.local/lib/python3.12/site-packages/airflow/example_dags/example_bash_decorator.py for tasks to queue
[2026-09-25T16:48:40.818+0000] {logging_mixin.py:190} INFO - [2026-09-25T16:48:40.816+0000] {dagbag.py:588} INFO - Filling up the DagBag from /home/airflow/.local/lib/python3.12/site-packages/airflow/example_dags/example_bash_decorator.py
[2026-09-25T16:48:40.924+0000] {processor.py:925} INFO - DAG(s) 'example_bash_decorator' retrieved from /home/airflow/.local/lib/python3.12/site-packages/airflow/example_dags/example_bash_decorator.py
[2026-09-25T16:48:41.110+0000] {logging_mixin.py:190} INFO - [2026-09-25T16:48:41.109+0000] {dag.py:3239} INFO - Sync 1 DAGs
[2026-09-25T16:48:41.167+0000] {logging_mixin.py:190} INFO - [2026-09-25T16:48:41.166+0000] {dag.py:4180} INFO - Setting next_dagrun for example_bash_decorator to None, run_after=None
[2026-09-25T16:48:41.261+0000] {processor.py:208} INFO - Processing /home/airflow/.local/lib/python3.12/site-packages/airflow/example_dags/example_bash_decorator.py took 0.636 seconds
[2026-09-25T16:49:11.913+0000] {processor.py:186} INFO - Started process (PID=694) to work on /home/airflow/.local/lib/python3.12/site-packages/airflow/example_dags/example_bash_decorator.py
[2026-09-25T16:49:11.915+0000] {processor.py:914} INFO - Processing file /home/airflow/.local/lib/python3.12/site-packages/airflow/example_dags/example_bash_decorator.py for tasks to queue
[2026-09-25T16:49:11.920+0000] {logging_mixin.py:190} INFO - [2026-09-25T16:49:11.919+0000] {dagbag.py:588} INFO - Filling up the DagBag from /home/airflow/.local/lib/python3.12/site-packages/airflow/example_dags/example_bash_decorator.py
[2026-09-25T16:49:11.947+0000] {processor.py:925} INFO - DAG(s) 'example_bash_decorator' retrieved from /home/airflow/.local/lib/python3.12/site-packages/airflow/example_dags/example_bash_decorator.py
[2026-09-25T16:49:11.996+0000] {logging_mixin.py:190} INFO - [2026-09-25T16:49:11.996+0000] {dag.py:3239} INFO - Sync 1 DAGs
[2026-09-25T16:49:12.041+0000] {logging_mixin.py:190} INFO - [2026-09-25T16:49:12.041+0000] {dag.py:4180} INFO - Setting next_dagrun for example_bash_decorator to None, run_after=None
[2026-09-25T16:49:12.087+0000] {processor.py:208} INFO - Processing /home/airflow/.local/lib/python3.12/site-packages/airflow/example_dags/example_bash_decorator.py took 0.186 seconds
[2026-09-25T16:55:58.762+0000] {processor.py:186} INFO - Started process (PID=73) to work on /home/airflow/.local/lib/python3.12/site-packages/airflow/example_dags/example_bash_decorator.py
[2026-09-25T16:55:58.766+0000] {processor.py:914} INFO - Processing file /home/airflow/.local/lib/python3.12/site-packages/airflow/example_dags/example_bash_decorator.py for tasks to queue
[2026-09-25T16:55:58.802+0000] {logging_mixin.py:190} INFO - [2026-09-25T16:55:58.801+0000] {dagbag.py:588} INFO - Filling up the DagBag from /home/airflow/.local/lib/python3.12/site-packages/airflow/example_dags/example_bash_decorator.py
[2026-09-25T16:55:59.070+0000] {processor.py:925} INFO - DAG(s) 'example_bash_decorator' retrieved from /home/airflow/.local/lib/python3.12/site-packages/airflow/example_dags/example_bash_decorator.py
[2026-09-25T16:56:01.497+0000] {logging_mixin.py:190} INFO - [2026-09-25T16:56:01.496+0000] {dag.py:3239} INFO - Sync 1 DAGs
[2026-09-25T16:56:01.752+0000] {logging_mixin.py:190} INFO - [2026-09-25T16:56:01.751+0000] {dag.py:4180} INFO - Setting next_dagrun for example_bash_decorator to None, run_after=None
[2026-09-25T16:56:02.262+0000] {processor.py:208} INFO - Processing /home/airflow/.local/lib/python3.12/site-packages/airflow/example_dags/example_bash_decorator.py took 3.608 seconds
[2026-09-25T16:58:27.067+0000] {processor.py:186} INFO - Started process (PID=152) to work on /home/airflow/.local/lib/python3.12/site-packages/airflow/example_dags/example_bash_decorator.py
[2026-09-25T16:58:27.070+0000] {processor.py:914} INFO - Processing file /home/airflow/.local/lib/python3.12/site-packages/airflow/example_dags/example_bash_decorator.py for tasks to queue
[2026-09-25T16:58:27.085+0000] {logging_mixin.py:190} INFO - [2026-09-25T16:58:27.084+0000] {dagbag.py:588} INFO - Filling up the DagBag from /home/airflow/.local/lib/python3.12/site-packages/airflow/example_dags/example_bash_decorator.py
[2026-09-25T16:58:27.190+0000] {processor.py:925} INFO - DAG(s) 'example_bash_decorator' retrieved from /home/airflow/.local/lib/python3.12/site-packages/airflow/example_dags/example_bash_decorator.py
[2026-09-25T16:58:27.456+0000] {logging_mixin.py:190} INFO - [2026-09-25T16:58:27.456+0000] {dag.py:3239} INFO - Sync 1 DAGs
[2026-09-25T16:58:27.784+0000] {logging_mixin.py:190} INFO - [2026-09-25T16:58:27.783+0000] {dag.py:4180} INFO - Setting next_dagrun for example_bash_decorator to None, run_after=None
[2026-09-25T16:58:27.994+0000] {processor.py:208} INFO - Processing /home/airflow/.local/lib/python3.12/site-packages/airflow/example_dags/example_bash_decorator.py took 0.929 seconds
[2026-09-25T16:58:58.668+0000] {processor.py:186} INFO - Started process (PID=215) to work on /home/airflow/.local/lib/python3.12/site-packages/airflow/example_dags/example_bash_decorator.py
[2026-09-25T16:58:58.670+0000] {processor.py:914} INFO - Processing file /home/airflow/.local/lib/python3.12/site-packages/airflow/example_dags/example_bash_decorator.py for tasks to queue
[2026-09-25T16:58:58.676+0000] {logging_mixin.py:190} INFO - [2026-09-25T16:58:58.675+0000] {dagbag.py:588} INFO - Filling up the DagBag from /home/airflow/.local/lib/python3.12/site-packages/airflow/example_dags/example_bash_decorator.py
[2026-09-25T16:58:58.720+0000] {processor.py:925} INFO - DAG(s) 'example_bash_decorator' retrieved from /home/airflow/.local/lib/python3.12/site-packages/airflow/example_dags/example_bash_decorator.py
[2026-09-25T16:58:58.838+0000] {logging_mixin.py:190} INFO - [2026-09-25T16:58:58.837+0000] {dag.py:3239} INFO - Sync 1 DAGs
[2026-09-25T16:58:58.876+0000] {logging_mixin.py:190} INFO - [2026-09-25T16:58:58.875+0000] {dag.py:4180} INFO - Setting next_dagrun for example_bash_decorator to None, run_after=None
[2026-09-25T16:58:58.925+0000] {processor.py:208} INFO - Processing /home/airflow/.local/lib/python3.12/site-packages/airflow/example_dags/example_bash_decorator.py took 0.273 seconds
[2026-09-25T16:59:41.275+0000] {processor.py:186} INFO - Started process (PID=284) to work on /home/airflow/.local/lib/python3.12/site-packages/airflow/example_dags/example_bash_decorator.py
[2026-09-25T16:59:41.279+0000] {processor.py:914} INFO - Processing file /home/airflow/.local/lib/python3.12/site-packages/airflow/example_dags/example_bash_decorator.py for tasks to queue
[2026-09-25T16:59:41.286+0000] {logging_mixin.py:190} INFO - [2026-09-25T16:59:41.285+0000] {dagbag.py:588} INFO - Filling up the DagBag from /home/airflow/.local/lib/python3.12/site-packages/airflow/example_dags/example_bash_decorator.py
[2026-09-25T16:59:41.357+0000] {processor.py:925} INFO - DAG(s) 'example_bash_decorator' retrieved from /home/airflow/.local/lib/python3.12/site-packages/airflow/example_dags/example_bash_decorator.py
[2026-09-25T16:59:41.708+0000] {logging_mixin.py:190} INFO - [2026-09-25T16:59:41.699+0000] {dag.py:3239} INFO - Sync 1 DAGs
[2026-09-25T16:59:42.176+0000] {logging_mixin.py:190} INFO - [2026-09-25T16:59:42.174+0000] {dag.py:4180} INFO - Setting next_dagrun for example_bash_decorator to None, run_after=None
[2026-09-25T16:59:42.699+0000] {processor.py:208} INFO - Processing /home/airflow/.local/lib/python3.12/site-packages/airflow/example_dags/example_bash_decorator.py took 1.520 seconds
[2026-09-25T17:00:12.868+0000] {processor.py:186} INFO - Started process (PID=347) to work on /home/airflow/.local/lib/python3.12/site-packages/airflow/example_dags/example_bash_decorator.py
[2026-09-25T17:00:12.872+0000] {processor.py:914} INFO - Processing file /home/airflow/.local/lib/python3.12/site-packages/airflow/example_dags/example_bash_decorator.py for tasks to queue
[2026-09-25T17:00:12.879+0000] {logging_mixin.py:190} INFO - [2026-09-25T17:00:12.878+0000] {dagbag.py:588} INFO - Filling up the DagBag from /home/airflow/.local/lib/python3.12/site-packages/airflow/example_dags/example_bash_decorator.py
[2026-09-25T17:00:13.025+0000] {processor.py:925} INFO - DAG(s) 'example_bash_decorator' retrieved from /home/airflow/.local/lib/python3.12/site-packages/airflow/example_dags/example_bash_decorator.py
[2026-09-25T17:00:13.316+0000] {logging_mixin.py:190} INFO - [2026-09-25T17:00:13.315+0000] {dag.py:3239} INFO - Sync 1 DAGs
[2026-09-25T17:00:13.473+0000] {logging_mixin.py:190} INFO - [2026-09-25T17:00:13.473+0000] {dag.py:4180} INFO - Setting next_dagrun for example_bash_decorator to None, run_after=None
[2026-09-25T17:00:13.558+0000] {processor.py:208} INFO - Processing /home/airflow/.local/lib/python3.12/site-packages/airflow/example_dags/example_bash_decorator.py took 0.720 seconds
[2026-09-25T17:00:43.861+0000] {processor.py:186} INFO - Started process (PID=409) to work on /home/airflow/.local/lib/python3.12/site-packages/airflow/example_dags/example_bash_decorator.py
[2026-09-25T17:00:43.872+0000] {processor.py:914} INFO - Processing file /home/airflow/.local/lib/python3.12/site-packages/airflow/example_dags/example_bash_decorator.py for tasks to queue
[2026-09-25T17:00:43.885+0000] {logging_mixin.py:190} INFO - [2026-09-25T17:00:43.885+0000] {dagbag.py:588} INFO - Filling up the DagBag from /home/airflow/.local/lib/python3.12/site-packages/airflow/example_dags/example_bash_decorator.py
[2026-09-25T17:00:43.949+0000] {processor.py:925} INFO - DAG(s) 'example_bash_decorator' retrieved from /home/airflow/.local/lib/python3.12/site-packages/airflow/example_dags/example_bash_decorator.py
[2026-09-25T17:00:44.370+0000] {logging_mixin.py:190} INFO - [2026-09-25T17:00:44.369+0000] {dag.py:3239} INFO - Sync 1 DAGs
[2026-09-25T17:00:44.485+0000] {logging_mixin.py:190} INFO - [2026-09-25T17:00:44.485+0000] {dag.py:4180} INFO - Setting next_dagrun for example_bash_decorator to None, run_after=None
[2026-09-25T17:00:44.695+0000] {processor.py:208} INFO - Processing /home/airflow/.local/lib/python3.12/site-packages/airflow/example_dags/example_bash_decorator.py took 0.874 seconds
[2026-09-25T17:01:15.970+0000] {processor.py:186} INFO - Started process (PID=471) to work on /home/airflow/.local/lib/python3.12/site-packages/airflow/example_dags/example_bash_decorator.py
[2026-09-25T17:01:15.980+0000] {processor.py:914} INFO - Processing file /home/airflow/.local/lib/python3.12/site-packages/airflow/example_dags/example_bash_decorator.py for tasks to queue
[2026-09-25T17:01:15.990+0000] {logging_mixin.py:190} INFO - [2026-09-25T17:01:15.989+0000] {dagbag.py:588} INFO - Filling up the DagBag from /home/airflow/.local/lib/python3.12/site-packages/airflow/example_dags/example_bash_decorator.py
[2026-09-25T17:01:16.081+0000] {processor.py:925} INFO - DAG(s) 'example_bash_decorator' retrieved from /home/airflow/.local/lib/python3.12/site-packages/airflow/example_dags/example_bash_decorator.py
[2026-09-25T17:01:16.162+0000] {logging_mixin.py:190} INFO - [2026-09-25T17:01:16.162+0000] {dag.py:3239} INFO - Sync 1 DAGs
[2026-09-25T17:01:16.222+0000] {logging_mixin.py:190} INFO - [2026-09-25T17:01:16.221+0000] {dag.py:4180} INFO - Setting next_dagrun for example_bash_decorator to None, run_after=None
[2026-09-25T17:01:16.306+0000] {processor.py:208} INFO - Processing /home/airflow/.local/lib/python3.12/site-packages/airflow/example_dags/example_bash_decorator.py took 0.361 seconds
[2026-09-25T17:01:46.667+0000] {processor.py:186} INFO - Started process (PID=534) to work on /home/airflow/.local/lib/python3.12/site-packages/airflow/example_dags/example_bash_decorator.py
[2026-09-25T17:01:46.675+0000] {processor.py:914} INFO - Processing file /home/airflow/.local/lib/python3.12/site-packages/airflow/example_dags/example_bash_decorator.py for tasks to queue
[2026-09-25T17:01:46.684+0000] {logging_mixin.py:190} INFO - [2026-09-25T17:01:46.683+0000] {dagbag.py:588} INFO - Filling up the DagBag from /home/airflow/.local/lib/python3.12/site-packages/airflow/example_dags/example_bash_decorator.py
[2026-09-25T17:01:46.776+0000] {processor.py:925} INFO - DAG(s) 'example_bash_decorator' retrieved from /home/airflow/.local/lib/python3.12/site-packages/airflow/example_dags/example_bash_decorator.py
[2026-09-25T17:01:46.939+0000] {logging_mixin.py:190} INFO - [2026-09-25T17:01:46.939+0000] {dag.py:3239} INFO - Sync 1 DAGs
[2026-09-25T17:01:47.012+0000] {logging_mixin.py:190} INFO - [2026-09-25T17:01:47.011+0000] {dag.py:4180} INFO - Setting next_dagrun for example_bash_decorator to None, run_after=None
[2026-09-25T17:01:47.085+0000] {processor.py:208} INFO - Processing /home/airflow/.local/lib/python3.12/site-packages/airflow/example_dags/example_bash_decorator.py took 0.451 seconds
[2026-09-25T17:02:33.693+0000] {processor.py:186} INFO - Started process (PID=605) to work on /home/airflow/.local/lib/python3.12/site-packages/airflow/example_dags/example_bash_decorator.py
[2026-09-25T17:02:33.696+0000] {processor.py:914} INFO - Processing file /home/airflow/.local/lib/python3.12/site-packages/airflow/example_dags/example_bash_decorator.py for tasks to queue
[2026-09-25T17:02:33.702+0000] {logging_mixin.py:190} INFO - [2026-09-25T17:02:33.702+0000] {dagbag.py:588} INFO - Filling up the DagBag from /home/airflow/.local/lib/python3.12/site-packages/airflow/example_dags/example_bash_decorator.py
[2026-09-25T17:02:33.730+0000] {processor.py:925} INFO - DAG(s) 'example_bash_decorator' retrieved from /home/airflow/.local/lib/python3.12/site-packages/airflow/example_dags/example_bash_decorator.py
[2026-09-25T17:02:33.807+0000] {logging_mixin.py:190} INFO - [2026-09-25T17:02:33.806+0000] {dag.py:3239} INFO - Sync 1 DAGs
[2026-09-25T17:02:33.857+0000] {logging_mixin.py:190} INFO - [2026-09-25T17:02:33.857+0000] {dag.py:4180} INFO - Setting next_dagrun for example_bash_decorator to None, run_after=None
[2026-09-25T17:02:33.926+0000] {processor.py:208} INFO - Processing /home/airflow/.local/lib/python3.12/site-packages/airflow/example_dags/example_bash_decorator.py took 0.248 seconds
[2026-09-25T17:03:04.070+0000] {processor.py:186} INFO - Started process (PID=667) to work on /home/airflow/.local/lib/python3.12/site-packages/airflow/example_dags/example_bash_decorator.py
[2026-09-25T17:03:04.073+0000] {processor.py:914} INFO - Processing file /home/airflow/.local/lib/python3.12/site-packages/airflow/example_dags/example_bash_decorator.py for tasks to queue
[2026-09-25T17:03:04.078+0000] {logging_mixin.py:190} INFO - [2026-09-25T17:03:04.078+0000] {dagbag.py:588} INFO - Filling up the DagBag from /home/airflow/.local/lib/python3.12/site-packages/airflow/example_dags/example_bash_decorator.py
[2026-09-25T17:03:04.127+0000] {processor.py:925} INFO - DAG(s) 'example_bash_decorator' retrieved from /home/airflow/.local/lib/python3.12/site-packages/airflow/example_dags/example_bash_decorator.py
[2026-09-25T17:03:04.299+0000] {logging_mixin.py:190} INFO - [2026-09-25T17:03:04.298+0000] {dag.py:3239} INFO - Sync 1 DAGs
[2026-09-25T17:03:04.372+0000] {logging_mixin.py:190} INFO - [2026-09-25T17:03:04.372+0000] {dag.py:4180} INFO - Setting next_dagrun for example_bash_decorator to None, run_after=None
[2026-09-25T17:03:04.475+0000] {processor.py:208} INFO - Processing /home/airflow/.local/lib/python3.12/site-packages/airflow/example_dags/example_bash_decorator.py took 0.437 seconds
[2026-09-25T17:03:35.623+0000] {processor.py:186} INFO - Started process (PID=730) to work on /home/airflow/.local/lib/python3.12/site-packages/airflow/example_dags/example_bash_decorator.py
[2026-09-25T17:03:35.625+0000] {processor.py:914} INFO - Processing file /home/airflow/.local/lib/python3.12/site-packages/airflow/example_dags/example_bash_decorator.py for tasks to queue
[2026-09-25T17:03:35.630+0000] {logging_mixin.py:190} INFO - [2026-09-25T17:03:35.629+0000] {dagbag.py:588} INFO - Filling up the DagBag from /home/airflow/.local/lib/python3.12/site-packages/airflow/example_dags/example_bash_decorator.py
[2026-09-25T17:03:35.667+0000] {processor.py:925} INFO - DAG(s) 'example_bash_decorator' retrieved from /home/airflow/.local/lib/python3.12/site-packages/airflow/example_dags/example_bash_decorator.py
[2026-09-25T17:03:35.734+0000] {logging_mixin.py:190} INFO - [2026-09-25T17:03:35.732+0000] {dag.py:3239} INFO - Sync 1 DAGs
[2026-09-25T17:03:35.766+0000] {logging_mixin.py:190} INFO - [2026-09-25T17:03:35.765+0000] {dag.py:4180} INFO - Setting next_dagrun for example_bash_decorator to None, run_after=None
[2026-09-25T17:03:35.812+0000] {processor.py:208} INFO - Processing /home/airflow/.local/lib/python3.12/site-packages/airflow/example_dags/example_bash_decorator.py took 0.206 seconds
[2026-09-25T17:04:07.427+0000] {processor.py:186} INFO - Started process (PID=786) to work on /home/airflow/.local/lib/python3.12/site-packages/airflow/example_dags/example_bash_decorator.py
[2026-09-25T17:04:07.429+0000] {processor.py:914} INFO - Processing file /home/airflow/.local/lib/python3.12/site-packages/airflow/example_dags/example_bash_decorator.py for tasks to queue
[2026-09-25T17:04:07.435+0000] {logging_mixin.py:190} INFO - [2026-09-25T17:04:07.435+0000] {dagbag.py:588} INFO - Filling up the DagBag from /home/airflow/.local/lib/python3.12/site-packages/airflow/example_dags/example_bash_decorator.py
[2026-09-25T17:04:07.478+0000] {processor.py:925} INFO - DAG(s) 'example_bash_decorator' retrieved from /home/airflow/.local/lib/python3.12/site-packages/airflow/example_dags/example_bash_decorator.py
[2026-09-25T17:04:07.537+0000] {logging_mixin.py:190} INFO - [2026-09-25T17:04:07.537+0000] {dag.py:3239} INFO - Sync 1 DAGs
[2026-09-25T17:04:07.578+0000] {logging_mixin.py:190} INFO - [2026-09-25T17:04:07.578+0000] {dag.py:4180} INFO - Setting next_dagrun for example_bash_decorator to None, run_after=None
[2026-09-25T17:04:07.624+0000] {processor.py:208} INFO - Processing /home/airflow/.local/lib/python3.12/site-packages/airflow/example_dags/example_bash_decorator.py took 0.213 seconds
[2026-09-25T17:04:37.819+0000] {processor.py:186} INFO - Started process (PID=848) to work on /home/airflow/.local/lib/python3.12/site-packages/airflow/example_dags/example_bash_decorator.py
[2026-09-25T17:04:37.823+0000] {processor.py:914} INFO - Processing file /home/airflow/.local/lib/python3.12/site-packages/airflow/example_dags/example_bash_decorator.py for tasks to queue
[2026-09-25T17:04:37.829+0000] {logging_mixin.py:190} INFO - [2026-09-25T17:04:37.828+0000] {dagbag.py:588} INFO - Filling up the DagBag from /home/airflow/.local/lib/python3.12/site-packages/airflow/example_dags/example_bash_decorator.py
[2026-09-25T17:04:37.868+0000] {processor.py:925} INFO - DAG(s) 'example_bash_decorator' retrieved from /home/airflow/.local/lib/python3.12/site-packages/airflow/example_dags/example_bash_decorator.py
[2026-09-25T17:04:37.913+0000] {logging_mixin.py:190} INFO - [2026-09-25T17:04:37.913+0000] {dag.py:3239} INFO - Sync 1 DAGs
[2026-09-25T17:04:37.938+0000] {logging_mixin.py:190} INFO - [2026-09-25T17:04:37.937+0000] {dag.py:4180} INFO - Setting next_dagrun for example_bash_decorator to None, run_after=None
[2026-09-25T17:04:37.971+0000] {processor.py:208} INFO - Processing /home/airflow/.local/lib/python3.12/site-packages/airflow/example_dags/example_bash_decorator.py took 0.174 seconds
[2026-09-25T17:05:08.143+0000] {processor.py:186} INFO - Started process (PID=910) to work on /home/airflow/.local/lib/python3.12/site-packages/airflow/example_dags/example_bash_decorator.py
[2026-09-25T17:05:08.145+0000] {processor.py:914} INFO - Processing file /home/airflow/.local/lib/python3.12/site-packages/airflow/example_dags/example_bash_decorator.py for tasks to queue
[2026-09-25T17:05:08.150+0000] {logging_mixin.py:190} INFO - [2026-09-25T17:05:08.150+0000] {dagbag.py:588} INFO - Filling up the DagBag from /home/airflow/.local/lib/python3.12/site-packages/airflow/example_dags/example_bash_decorator.py
[2026-09-25T17:05:08.181+0000] {processor.py:925} INFO - DAG(s) 'example_bash_decorator' retrieved from /home/airflow/.local/lib/python3.12/site-packages/airflow/example_dags/example_bash_decorator.py
[2026-09-25T17:05:08.226+0000] {logging_mixin.py:190} INFO - [2026-09-25T17:05:08.226+0000] {dag.py:3239} INFO - Sync 1 DAGs
[2026-09-25T17:05:08.253+0000] {logging_mixin.py:190} INFO - [2026-09-25T17:05:08.252+0000] {dag.py:4180} INFO - Setting next_dagrun for example_bash_decorator to None, run_after=None
[2026-09-25T17:05:08.289+0000] {processor.py:208} INFO - Processing /home/airflow/.local/lib/python3.12/site-packages/airflow/example_dags/example_bash_decorator.py took 0.157 seconds
[2026-09-25T17:05:40.332+0000] {processor.py:186} INFO - Started process (PID=970) to work on /home/airflow/.local/lib/python3.12/site-packages/airflow/example_dags/example_bash_decorator.py
[2026-09-25T17:05:40.335+0000] {processor.py:914} INFO - Processing file /home/airflow/.local/lib/python3.12/site-packages/airflow/example_dags/example_bash_decorator.py for tasks to queue
[2026-09-25T17:05:40.339+0000] {logging_mixin.py:190} INFO - [2026-09-25T17:05:40.339+0000] {dagbag.py:588} INFO - Filling up the DagBag from /home/airflow/.local/lib/python3.12/site-packages/airflow/example_dags/example_bash_decorator.py
[2026-09-25T17:05:40.373+0000] {processor.py:925} INFO - DAG(s) 'example_bash_decorator' retrieved from /home/airflow/.local/lib/python3.12/site-packages/airflow/example_dags/example_bash_decorator.py
[2026-09-25T17:05:40.441+0000] {logging_mixin.py:190} INFO - [2026-09-25T17:05:40.440+0000] {dag.py:3239} INFO - Sync 1 DAGs
[2026-09-25T17:05:40.493+0000] {logging_mixin.py:190} INFO - [2026-09-25T17:05:40.492+0000] {dag.py:4180} INFO - Setting next_dagrun for example_bash_decorator to None, run_after=None
[2026-09-25T17:05:40.568+0000] {processor.py:208} INFO - Processing /home/airflow/.local/lib/python3.12/site-packages/airflow/example_dags/example_bash_decorator.py took 0.247 seconds
[2026-09-25T17:06:10.948+0000] {processor.py:186} INFO - Started process (PID=1020) to work on /home/airflow/.local/lib/python3.12/site-packages/airflow/example_dags/example_bash_decorator.py
[2026-09-25T17:06:10.950+0000] {processor.py:914} INFO - Processing file /home/airflow/.local/lib/python3.12/site-packages/airflow/example_dags/example_bash_decorator.py for tasks to queue
[2026-09-25T17:06:10.955+0000] {logging_mixin.py:190} INFO - [2026-09-25T17:06:10.954+0000] {dagbag.py:588} INFO - Filling up the DagBag from /home/airflow/.local/lib/python3.12/site-packages/airflow/example_dags/example_bash_decorator.py
[2026-09-25T17:06:10.985+0000] {processor.py:925} INFO - DAG(s) 'example_bash_decorator' retrieved from /home/airflow/.local/lib/python3.12/site-packages/airflow/example_dags/example_bash_decorator.py
[2026-09-25T17:06:11.052+0000] {logging_mixin.py:190} INFO - [2026-09-25T17:06:11.052+0000] {dag.py:3239} INFO - Sync 1 DAGs
[2026-09-25T17:06:11.086+0000] {logging_mixin.py:190} INFO - [2026-09-25T17:06:11.086+0000] {dag.py:4180} INFO - Setting next_dagrun for example_bash_decorator to None, run_after=None
[2026-09-25T17:06:11.135+0000] {processor.py:208} INFO - Processing /home/airflow/.local/lib/python3.12/site-packages/airflow/example_dags/example_bash_decorator.py took 0.199 seconds
[2026-09-25T17:06:49.047+0000] {processor.py:186} INFO - Started process (PID=1079) to work on /home/airflow/.local/lib/python3.12/site-packages/airflow/example_dags/example_bash_decorator.py
[2026-09-25T17:06:49.052+0000] {processor.py:914} INFO - Processing file /home/airflow/.local/lib/python3.12/site-packages/airflow/example_dags/example_bash_decorator.py for tasks to queue
[2026-09-25T17:06:49.059+0000] {logging_mixin.py:190} INFO - [2026-09-25T17:06:49.057+0000] {dagbag.py:588} INFO - Filling up the DagBag from /home/airflow/.local/lib/python3.12/site-packages/airflow/example_dags/example_bash_decorator.py
[2026-09-25T17:06:49.149+0000] {processor.py:925} INFO - DAG(s) 'example_bash_decorator' retrieved from /home/airflow/.local/lib/python3.12/site-packages/airflow/example_dags/example_bash_decorator.py
[2026-09-25T17:06:49.235+0000] {logging_mixin.py:190} INFO - [2026-09-25T17:06:49.234+0000] {dag.py:3239} INFO - Sync 1 DAGs
[2026-09-25T17:06:49.276+0000] {logging_mixin.py:190} INFO - [2026-09-25T17:06:49.276+0000] {dag.py:4180} INFO - Setting next_dagrun for example_bash_decorator to None, run_after=None
[2026-09-25T17:06:49.339+0000] {processor.py:208} INFO - Processing /home/airflow/.local/lib/python3.12/site-packages/airflow/example_dags/example_bash_decorator.py took 0.314 seconds
[2026-09-25T17:07:21.146+0000] {processor.py:186} INFO - Started process (PID=1141) to work on /home/airflow/.local/lib/python3.12/site-packages/airflow/example_dags/example_bash_decorator.py
[2026-09-25T17:07:21.179+0000] {processor.py:914} INFO - Processing file /home/airflow/.local/lib/python3.12/site-packages/airflow/example_dags/example_bash_decorator.py for tasks to queue
[2026-09-25T17:07:21.193+0000] {logging_mixin.py:190} INFO - [2026-09-25T17:07:21.192+0000] {dagbag.py:588} INFO - Filling up the DagBag from /home/airflow/.local/lib/python3.12/site-packages/airflow/example_dags/example_bash_decorator.py
[2026-09-25T17:07:21.293+0000] {processor.py:925} INFO - DAG(s) 'example_bash_decorator' retrieved from /home/airflow/.local/lib/python3.12/site-packages/airflow/example_dags/example_bash_decorator.py
[2026-09-25T17:07:21.451+0000] {logging_mixin.py:190} INFO - [2026-09-25T17:07:21.451+0000] {dag.py:3239} INFO - Sync 1 DAGs
[2026-09-25T17:07:21.489+0000] {logging_mixin.py:190} INFO - [2026-09-25T17:07:21.489+0000] {dag.py:4180} INFO - Setting next_dagrun for example_bash_decorator to None, run_after=None
[2026-09-25T17:07:21.531+0000] {processor.py:208} INFO - Processing /home/airflow/.local/lib/python3.12/site-packages/airflow/example_dags/example_bash_decorator.py took 0.405 seconds
[2026-09-25T17:07:52.400+0000] {processor.py:186} INFO - Started process (PID=1203) to work on /home/airflow/.local/lib/python3.12/site-packages/airflow/example_dags/example_bash_decorator.py
[2026-09-25T17:07:52.403+0000] {processor.py:914} INFO - Processing file /home/airflow/.local/lib/python3.12/site-packages/airflow/example_dags/example_bash_decorator.py for tasks to queue
[2026-09-25T17:07:52.411+0000] {logging_mixin.py:190} INFO - [2026-09-25T17:07:52.410+0000] {dagbag.py:588} INFO - Filling up the DagBag from /home/airflow/.local/lib/python3.12/site-packages/airflow/example_dags/example_bash_decorator.py
[2026-09-25T17:07:52.474+0000] {processor.py:925} INFO - DAG(s) 'example_bash_decorator' retrieved from /home/airflow/.local/lib/python3.12/site-packages/airflow/example_dags/example_bash_decorator.py
[2026-09-25T17:07:52.542+0000] {logging_mixin.py:190} INFO - [2026-09-25T17:07:52.541+0000] {dag.py:3239} INFO - Sync 1 DAGs
[2026-09-25T17:07:52.568+0000] {logging_mixin.py:190} INFO - [2026-09-25T17:07:52.568+0000] {dag.py:4180} INFO - Setting next_dagrun for example_bash_decorator to None, run_after=None
[2026-09-25T17:07:52.602+0000] {processor.py:208} INFO - Processing /home/airflow/.local/lib/python3.12/site-packages/airflow/example_dags/example_bash_decorator.py took 0.231 seconds
[2026-09-25T17:08:22.745+0000] {processor.py:186} INFO - Started process (PID=1266) to work on /home/airflow/.local/lib/python3.12/site-packages/airflow/example_dags/example_bash_decorator.py
[2026-09-25T17:08:22.748+0000] {processor.py:914} INFO - Processing file /home/airflow/.local/lib/python3.12/site-packages/airflow/example_dags/example_bash_decorator.py for tasks to queue
[2026-09-25T17:08:22.753+0000] {logging_mixin.py:190} INFO - [2026-09-25T17:08:22.752+0000] {dagbag.py:588} INFO - Filling up the DagBag from /home/airflow/.local/lib/python3.12/site-packages/airflow/example_dags/example_bash_decorator.py
[2026-09-25T17:08:22.782+0000] {processor.py:925} INFO - DAG(s) 'example_bash_decorator' retrieved from /home/airflow/.local/lib/python3.12/site-packages/airflow/example_dags/example_bash_decorator.py
[2026-09-25T17:08:22.826+0000] {logging_mixin.py:190} INFO - [2026-09-25T17:08:22.826+0000] {dag.py:3239} INFO - Sync 1 DAGs
[2026-09-25T17:08:22.852+0000] {logging_mixin.py:190} INFO - [2026-09-25T17:08:22.852+0000] {dag.py:4180} INFO - Setting next_dagrun for example_bash_decorator to None, run_after=None
[2026-09-25T17:08:22.889+0000] {processor.py:208} INFO - Processing /home/airflow/.local/lib/python3.12/site-packages/airflow/example_dags/example_bash_decorator.py took 0.154 seconds
[2026-09-25T17:08:55.775+0000] {processor.py:186} INFO - Started process (PID=1317) to work on /home/airflow/.local/lib/python3.12/site-packages/airflow/example_dags/example_bash_decorator.py
[2026-09-25T17:08:55.776+0000] {processor.py:914} INFO - Processing file /home/airflow/.local/lib/python3.12/site-packages/airflow/example_dags/example_bash_decorator.py for tasks to queue
[2026-09-25T17:08:55.780+0000] {logging_mixin.py:190} INFO - [2026-09-25T17:08:55.780+0000] {dagbag.py:588} INFO - Filling up the DagBag from /home/airflow/.local/lib/python3.12/site-packages/airflow/example_dags/example_bash_decorator.py
[2026-09-25T17:08:55.810+0000] {processor.py:925} INFO - DAG(s) 'example_bash_decorator' retrieved from /home/airflow/.local/lib/python3.12/site-packages/airflow/example_dags/example_bash_decorator.py
[2026-09-25T17:08:55.869+0000] {logging_mixin.py:190} INFO - [2026-09-25T17:08:55.869+0000] {dag.py:3239} INFO - Sync 1 DAGs
[2026-09-25T17:08:55.896+0000] {logging_mixin.py:190} INFO - [2026-09-25T17:08:55.896+0000] {dag.py:4180} INFO - Setting next_dagrun for example_bash_decorator to None, run_after=None
[2026-09-25T17:08:55.938+0000] {processor.py:208} INFO - Processing /home/airflow/.local/lib/python3.12/site-packages/airflow/example_dags/example_bash_decorator.py took 0.174 seconds
[2026-09-25T17:09:31.694+0000] {processor.py:186} INFO - Started process (PID=1375) to work on /home/airflow/.local/lib/python3.12/site-packages/airflow/example_dags/example_bash_decorator.py
[2026-09-25T17:09:31.697+0000] {processor.py:914} INFO - Processing file /home/airflow/.local/lib/python3.12/site-packages/airflow/example_dags/example_bash_decorator.py for tasks to queue
[2026-09-25T17:09:31.702+0000] {logging_mixin.py:190} INFO - [2026-09-25T17:09:31.702+0000] {dagbag.py:588} INFO - Filling up the DagBag from /home/airflow/.local/lib/python3.12/site-packages/airflow/example_dags/example_bash_decorator.py
[2026-09-25T17:09:32.253+0000] {processor.py:925} INFO - DAG(s) 'example_bash_decorator' retrieved from /home/airflow/.local/lib/python3.12/site-packages/airflow/example_dags/example_bash_decorator.py
[2026-09-25T17:09:32.889+0000] {logging_mixin.py:190} INFO - [2026-09-25T17:09:32.885+0000] {dag.py:3239} INFO - Sync 1 DAGs
[2026-09-25T17:09:33.144+0000] {logging_mixin.py:190} INFO - [2026-09-25T17:09:33.144+0000] {dag.py:4180} INFO - Setting next_dagrun for example_bash_decorator to None, run_after=None
[2026-09-25T17:09:34.056+0000] {processor.py:208} INFO - Processing /home/airflow/.local/lib/python3.12/site-packages/airflow/example_dags/example_bash_decorator.py took 2.400 seconds
[2026-09-25T17:11:26.407+0000] {processor.py:186} INFO - Started process (PID=1459) to work on /home/airflow/.local/lib/python3.12/site-packages/airflow/example_dags/example_bash_decorator.py
[2026-09-25T17:11:26.424+0000] {processor.py:914} INFO - Processing file /home/airflow/.local/lib/python3.12/site-packages/airflow/example_dags/example_bash_decorator.py for tasks to queue
[2026-09-25T17:11:26.466+0000] {logging_mixin.py:190} INFO - [2026-09-25T17:11:26.465+0000] {dagbag.py:588} INFO - Filling up the DagBag from /home/airflow/.local/lib/python3.12/site-packages/airflow/example_dags/example_bash_decorator.py
[2026-09-25T17:11:27.092+0000] {processor.py:925} INFO - DAG(s) 'example_bash_decorator' retrieved from /home/airflow/.local/lib/python3.12/site-packages/airflow/example_dags/example_bash_decorator.py
[2026-09-25T17:11:27.447+0000] {logging_mixin.py:190} INFO - [2026-09-25T17:11:27.438+0000] {dag.py:3239} INFO - Sync 1 DAGs
[2026-09-25T17:11:27.726+0000] {logging_mixin.py:190} INFO - [2026-09-25T17:11:27.718+0000] {dag.py:4180} INFO - Setting next_dagrun for example_bash_decorator to None, run_after=None
[2026-09-25T17:11:28.143+0000] {processor.py:208} INFO - Processing /home/airflow/.local/lib/python3.12/site-packages/airflow/example_dags/example_bash_decorator.py took 1.924 seconds
[2026-09-25T17:13:07.491+0000] {processor.py:186} INFO - Started process (PID=1510) to work on /home/airflow/.local/lib/python3.12/site-packages/airflow/example_dags/example_bash_decorator.py
[2026-09-25T17:13:07.534+0000] {processor.py:914} INFO - Processing file /home/airflow/.local/lib/python3.12/site-packages/airflow/example_dags/example_bash_decorator.py for tasks to queue
[2026-09-25T17:13:07.566+0000] {logging_mixin.py:190} INFO - [2026-09-25T17:13:07.553+0000] {dagbag.py:588} INFO - Filling up the DagBag from /home/airflow/.local/lib/python3.12/site-packages/airflow/example_dags/example_bash_decorator.py
[2026-09-25T17:13:07.778+0000] {processor.py:925} INFO - DAG(s) 'example_bash_decorator' retrieved from /home/airflow/.local/lib/python3.12/site-packages/airflow/example_dags/example_bash_decorator.py
[2026-09-25T17:13:08.590+0000] {logging_mixin.py:190} INFO - [2026-09-25T17:13:08.589+0000] {dag.py:3239} INFO - Sync 1 DAGs
[2026-09-25T17:13:08.783+0000] {logging_mixin.py:190} INFO - [2026-09-25T17:13:08.780+0000] {dag.py:4180} INFO - Setting next_dagrun for example_bash_decorator to None, run_after=None
[2026-09-25T17:13:08.930+0000] {processor.py:208} INFO - Processing /home/airflow/.local/lib/python3.12/site-packages/airflow/example_dags/example_bash_decorator.py took 1.860 seconds
[2026-09-25T17:14:38.777+0000] {processor.py:186} INFO - Started process (PID=1567) to work on /home/airflow/.local/lib/python3.12/site-packages/airflow/example_dags/example_bash_decorator.py
[2026-09-25T17:14:38.783+0000] {processor.py:914} INFO - Processing file /home/airflow/.local/lib/python3.12/site-packages/airflow/example_dags/example_bash_decorator.py for tasks to queue
[2026-09-25T17:14:38.804+0000] {logging_mixin.py:190} INFO - [2026-09-25T17:14:38.801+0000] {dagbag.py:588} INFO - Filling up the DagBag from /home/airflow/.local/lib/python3.12/site-packages/airflow/example_dags/example_bash_decorator.py
[2026-09-25T17:14:38.978+0000] {processor.py:925} INFO - DAG(s) 'example_bash_decorator' retrieved from /home/airflow/.local/lib/python3.12/site-packages/airflow/example_dags/example_bash_decorator.py
[2026-09-25T17:14:39.325+0000] {logging_mixin.py:190} INFO - [2026-09-25T17:14:39.324+0000] {dag.py:3239} INFO - Sync 1 DAGs
[2026-09-25T17:14:39.612+0000] {logging_mixin.py:190} INFO - [2026-09-25T17:14:39.609+0000] {dag.py:4180} INFO - Setting next_dagrun for example_bash_decorator to None, run_after=None
[2026-09-25T17:14:39.795+0000] {processor.py:208} INFO - Processing /home/airflow/.local/lib/python3.12/site-packages/airflow/example_dags/example_bash_decorator.py took 1.072 seconds
[2026-09-25T17:15:21.203+0000] {processor.py:186} INFO - Started process (PID=1630) to work on /home/airflow/.local/lib/python3.12/site-packages/airflow/example_dags/example_bash_decorator.py
[2026-09-25T17:15:21.206+0000] {processor.py:914} INFO - Processing file /home/airflow/.local/lib/python3.12/site-packages/airflow/example_dags/example_bash_decorator.py for tasks to queue
[2026-09-25T17:15:21.210+0000] {logging_mixin.py:190} INFO - [2026-09-25T17:15:21.210+0000] {dagbag.py:588} INFO - Filling up the DagBag from /home/airflow/.local/lib/python3.12/site-packages/airflow/example_dags/example_bash_decorator.py
[2026-09-25T17:15:21.261+0000] {processor.py:925} INFO - DAG(s) 'example_bash_decorator' retrieved from /home/airflow/.local/lib/python3.12/site-packages/airflow/example_dags/example_bash_decorator.py
[2026-09-25T17:15:21.358+0000] {logging_mixin.py:190} INFO - [2026-09-25T17:15:21.357+0000] {dag.py:3239} INFO - Sync 1 DAGs
[2026-09-25T17:15:21.397+0000] {logging_mixin.py:190} INFO - [2026-09-25T17:15:21.397+0000] {dag.py:4180} INFO - Setting next_dagrun for example_bash_decorator to None, run_after=None
[2026-09-25T17:15:21.446+0000] {processor.py:208} INFO - Processing /home/airflow/.local/lib/python3.12/site-packages/airflow/example_dags/example_bash_decorator.py took 0.261 seconds
[2026-09-25T17:15:57.027+0000] {processor.py:186} INFO - Started process (PID=1690) to work on /home/airflow/.local/lib/python3.12/site-packages/airflow/example_dags/example_bash_decorator.py
[2026-09-25T17:15:57.040+0000] {processor.py:914} INFO - Processing file /home/airflow/.local/lib/python3.12/site-packages/airflow/example_dags/example_bash_decorator.py for tasks to queue
[2026-09-25T17:15:57.057+0000] {logging_mixin.py:190} INFO - [2026-09-25T17:15:57.056+0000] {dagbag.py:588} INFO - Filling up the DagBag from /home/airflow/.local/lib/python3.12/site-packages/airflow/example_dags/example_bash_decorator.py
[2026-09-25T17:15:57.168+0000] {processor.py:925} INFO - DAG(s) 'example_bash_decorator' retrieved from /home/airflow/.local/lib/python3.12/site-packages/airflow/example_dags/example_bash_decorator.py
[2026-09-25T17:15:57.242+0000] {logging_mixin.py:190} INFO - [2026-09-25T17:15:57.241+0000] {dag.py:3239} INFO - Sync 1 DAGs
[2026-09-25T17:15:57.290+0000] {logging_mixin.py:190} INFO - [2026-09-25T17:15:57.289+0000] {dag.py:4180} INFO - Setting next_dagrun for example_bash_decorator to None, run_after=None
[2026-09-25T17:15:57.359+0000] {processor.py:208} INFO - Processing /home/airflow/.local/lib/python3.12/site-packages/airflow/example_dags/example_bash_decorator.py took 0.391 seconds
[2026-09-25T17:16:44.385+0000] {processor.py:186} INFO - Started process (PID=1746) to work on /home/airflow/.local/lib/python3.12/site-packages/airflow/example_dags/example_bash_decorator.py
[2026-09-25T17:16:44.391+0000] {processor.py:914} INFO - Processing file /home/airflow/.local/lib/python3.12/site-packages/airflow/example_dags/example_bash_decorator.py for tasks to queue
[2026-09-25T17:16:44.405+0000] {logging_mixin.py:190} INFO - [2026-09-25T17:16:44.404+0000] {dagbag.py:588} INFO - Filling up the DagBag from /home/airflow/.local/lib/python3.12/site-packages/airflow/example_dags/example_bash_decorator.py
[2026-09-25T17:16:44.461+0000] {processor.py:925} INFO - DAG(s) 'example_bash_decorator' retrieved from /home/airflow/.local/lib/python3.12/site-packages/airflow/example_dags/example_bash_decorator.py
[2026-09-25T17:16:44.556+0000] {logging_mixin.py:190} INFO - [2026-09-25T17:16:44.555+0000] {dag.py:3239} INFO - Sync 1 DAGs
[2026-09-25T17:16:44.612+0000] {logging_mixin.py:190} INFO - [2026-09-25T17:16:44.611+0000] {dag.py:4180} INFO - Setting next_dagrun for example_bash_decorator to None, run_after=None
[2026-09-25T17:16:44.714+0000] {processor.py:208} INFO - Processing /home/airflow/.local/lib/python3.12/site-packages/airflow/example_dags/example_bash_decorator.py took 0.376 seconds
[2026-09-25T17:17:16.650+0000] {processor.py:186} INFO - Started process (PID=1808) to work on /home/airflow/.local/lib/python3.12/site-packages/airflow/example_dags/example_bash_decorator.py
[2026-09-25T17:17:16.678+0000] {processor.py:914} INFO - Processing file /home/airflow/.local/lib/python3.12/site-packages/airflow/example_dags/example_bash_decorator.py for tasks to queue
[2026-09-25T17:17:16.920+0000] {logging_mixin.py:190} INFO - [2026-09-25T17:17:16.903+0000] {dagbag.py:588} INFO - Filling up the DagBag from /home/airflow/.local/lib/python3.12/site-packages/airflow/example_dags/example_bash_decorator.py
[2026-09-25T17:17:17.066+0000] {processor.py:925} INFO - DAG(s) 'example_bash_decorator' retrieved from /home/airflow/.local/lib/python3.12/site-packages/airflow/example_dags/example_bash_decorator.py
[2026-09-25T17:17:17.148+0000] {logging_mixin.py:190} INFO - [2026-09-25T17:17:17.147+0000] {dag.py:3239} INFO - Sync 1 DAGs
[2026-09-25T17:17:17.195+0000] {logging_mixin.py:190} INFO - [2026-09-25T17:17:17.195+0000] {dag.py:4180} INFO - Setting next_dagrun for example_bash_decorator to None, run_after=None
[2026-09-25T17:17:17.255+0000] {processor.py:208} INFO - Processing /home/airflow/.local/lib/python3.12/site-packages/airflow/example_dags/example_bash_decorator.py took 0.669 seconds
[2026-09-25T17:17:53.005+0000] {processor.py:186} INFO - Started process (PID=1871) to work on /home/airflow/.local/lib/python3.12/site-packages/airflow/example_dags/example_bash_decorator.py
[2026-09-25T17:17:53.008+0000] {processor.py:914} INFO - Processing file /home/airflow/.local/lib/python3.12/site-packages/airflow/example_dags/example_bash_decorator.py for tasks to queue
[2026-09-25T17:17:53.015+0000] {logging_mixin.py:190} INFO - [2026-09-25T17:17:53.014+0000] {dagbag.py:588} INFO - Filling up the DagBag from /home/airflow/.local/lib/python3.12/site-packages/airflow/example_dags/example_bash_decorator.py
[2026-09-25T17:17:53.115+0000] {processor.py:925} INFO - DAG(s) 'example_bash_decorator' retrieved from /home/airflow/.local/lib/python3.12/site-packages/airflow/example_dags/example_bash_decorator.py
[2026-09-25T17:17:53.317+0000] {logging_mixin.py:190} INFO - [2026-09-25T17:17:53.316+0000] {dag.py:3239} INFO - Sync 1 DAGs
[2026-09-25T17:17:53.379+0000] {logging_mixin.py:190} INFO - [2026-09-25T17:17:53.379+0000] {dag.py:4180} INFO - Setting next_dagrun for example_bash_decorator to None, run_after=None
[2026-09-25T17:17:53.434+0000] {processor.py:208} INFO - Processing /home/airflow/.local/lib/python3.12/site-packages/airflow/example_dags/example_bash_decorator.py took 0.445 seconds
[2026-09-25T17:18:30.142+0000] {processor.py:186} INFO - Started process (PID=1943) to work on /home/airflow/.local/lib/python3.12/site-packages/airflow/example_dags/example_bash_decorator.py
[2026-09-25T17:18:30.145+0000] {processor.py:914} INFO - Processing file /home/airflow/.local/lib/python3.12/site-packages/airflow/example_dags/example_bash_decorator.py for tasks to queue
[2026-09-25T17:18:30.153+0000] {logging_mixin.py:190} INFO - [2026-09-25T17:18:30.151+0000] {dagbag.py:588} INFO - Filling up the DagBag from /home/airflow/.local/lib/python3.12/site-packages/airflow/example_dags/example_bash_decorator.py
[2026-09-25T17:18:30.207+0000] {processor.py:925} INFO - DAG(s) 'example_bash_decorator' retrieved from /home/airflow/.local/lib/python3.12/site-packages/airflow/example_dags/example_bash_decorator.py
[2026-09-25T17:18:30.290+0000] {logging_mixin.py:190} INFO - [2026-09-25T17:18:30.288+0000] {dag.py:3239} INFO - Sync 1 DAGs
[2026-09-25T17:18:30.343+0000] {logging_mixin.py:190} INFO - [2026-09-25T17:18:30.343+0000] {dag.py:4180} INFO - Setting next_dagrun for example_bash_decorator to None, run_after=None
[2026-09-25T17:18:30.396+0000] {processor.py:208} INFO - Processing /home/airflow/.local/lib/python3.12/site-packages/airflow/example_dags/example_bash_decorator.py took 0.275 seconds
[2026-09-25T17:19:03.416+0000] {processor.py:186} INFO - Started process (PID=2005) to work on /home/airflow/.local/lib/python3.12/site-packages/airflow/example_dags/example_bash_decorator.py
[2026-09-25T17:19:03.419+0000] {processor.py:914} INFO - Processing file /home/airflow/.local/lib/python3.12/site-packages/airflow/example_dags/example_bash_decorator.py for tasks to queue
[2026-09-25T17:19:03.427+0000] {logging_mixin.py:190} INFO - [2026-09-25T17:19:03.426+0000] {dagbag.py:588} INFO - Filling up the DagBag from /home/airflow/.local/lib/python3.12/site-packages/airflow/example_dags/example_bash_decorator.py
[2026-09-25T17:19:03.490+0000] {processor.py:925} INFO - DAG(s) 'example_bash_decorator' retrieved from /home/airflow/.local/lib/python3.12/site-packages/airflow/example_dags/example_bash_decorator.py
[2026-09-25T17:19:03.585+0000] {logging_mixin.py:190} INFO - [2026-09-25T17:19:03.585+0000] {dag.py:3239} INFO - Sync 1 DAGs
[2026-09-25T17:19:03.645+0000] {logging_mixin.py:190} INFO - [2026-09-25T17:19:03.643+0000] {dag.py:4180} INFO - Setting next_dagrun for example_bash_decorator to None, run_after=None
[2026-09-25T17:19:03.710+0000] {processor.py:208} INFO - Processing /home/airflow/.local/lib/python3.12/site-packages/airflow/example_dags/example_bash_decorator.py took 0.326 seconds
[2026-09-25T17:19:34.737+0000] {processor.py:186} INFO - Started process (PID=2067) to work on /home/airflow/.local/lib/python3.12/site-packages/airflow/example_dags/example_bash_decorator.py
[2026-09-25T17:19:34.744+0000] {processor.py:914} INFO - Processing file /home/airflow/.local/lib/python3.12/site-packages/airflow/example_dags/example_bash_decorator.py for tasks to queue
[2026-09-25T17:19:34.755+0000] {logging_mixin.py:190} INFO - [2026-09-25T17:19:34.754+0000] {dagbag.py:588} INFO - Filling up the DagBag from /home/airflow/.local/lib/python3.12/site-packages/airflow/example_dags/example_bash_decorator.py
[2026-09-25T17:19:34.803+0000] {processor.py:925} INFO - DAG(s) 'example_bash_decorator' retrieved from /home/airflow/.local/lib/python3.12/site-packages/airflow/example_dags/example_bash_decorator.py
[2026-09-25T17:19:34.916+0000] {logging_mixin.py:190} INFO - [2026-09-25T17:19:34.911+0000] {dag.py:3239} INFO - Sync 1 DAGs
[2026-09-25T17:19:34.989+0000] {logging_mixin.py:190} INFO - [2026-09-25T17:19:34.988+0000] {dag.py:4180} INFO - Setting next_dagrun for example_bash_decorator to None, run_after=None
[2026-09-25T17:19:35.099+0000] {processor.py:208} INFO - Processing /home/airflow/.local/lib/python3.12/site-packages/airflow/example_dags/example_bash_decorator.py took 0.393 seconds
[2026-09-25T17:20:06.226+0000] {processor.py:186} INFO - Started process (PID=2130) to work on /home/airflow/.local/lib/python3.12/site-packages/airflow/example_dags/example_bash_decorator.py
[2026-09-25T17:20:06.240+0000] {processor.py:914} INFO - Processing file /home/airflow/.local/lib/python3.12/site-packages/airflow/example_dags/example_bash_decorator.py for tasks to queue
[2026-09-25T17:20:06.257+0000] {logging_mixin.py:190} INFO - [2026-09-25T17:20:06.256+0000] {dagbag.py:588} INFO - Filling up the DagBag from /home/airflow/.local/lib/python3.12/site-packages/airflow/example_dags/example_bash_decorator.py
[2026-09-25T17:20:06.396+0000] {processor.py:925} INFO - DAG(s) 'example_bash_decorator' retrieved from /home/airflow/.local/lib/python3.12/site-packages/airflow/example_dags/example_bash_decorator.py
[2026-09-25T17:20:06.563+0000] {logging_mixin.py:190} INFO - [2026-09-25T17:20:06.562+0000] {dag.py:3239} INFO - Sync 1 DAGs
[2026-09-25T17:20:06.615+0000] {logging_mixin.py:190} INFO - [2026-09-25T17:20:06.614+0000] {dag.py:4180} INFO - Setting next_dagrun for example_bash_decorator to None, run_after=None
[2026-09-25T17:20:06.899+0000] {processor.py:208} INFO - Processing /home/airflow/.local/lib/python3.12/site-packages/airflow/example_dags/example_bash_decorator.py took 0.738 seconds
[2026-09-25T17:20:53.570+0000] {processor.py:186} INFO - Started process (PID=2192) to work on /home/airflow/.local/lib/python3.12/site-packages/airflow/example_dags/example_bash_decorator.py
[2026-09-25T17:20:53.587+0000] {processor.py:914} INFO - Processing file /home/airflow/.local/lib/python3.12/site-packages/airflow/example_dags/example_bash_decorator.py for tasks to queue
[2026-09-25T17:20:53.603+0000] {logging_mixin.py:190} INFO - [2026-09-25T17:20:53.601+0000] {dagbag.py:588} INFO - Filling up the DagBag from /home/airflow/.local/lib/python3.12/site-packages/airflow/example_dags/example_bash_decorator.py
[2026-09-25T17:20:53.735+0000] {processor.py:925} INFO - DAG(s) 'example_bash_decorator' retrieved from /home/airflow/.local/lib/python3.12/site-packages/airflow/example_dags/example_bash_decorator.py
[2026-09-25T17:20:53.900+0000] {logging_mixin.py:190} INFO - [2026-09-25T17:20:53.899+0000] {dag.py:3239} INFO - Sync 1 DAGs
[2026-09-25T17:20:54.044+0000] {logging_mixin.py:190} INFO - [2026-09-25T17:20:54.043+0000] {dag.py:4180} INFO - Setting next_dagrun for example_bash_decorator to None, run_after=None
[2026-09-25T17:20:54.118+0000] {processor.py:208} INFO - Processing /home/airflow/.local/lib/python3.12/site-packages/airflow/example_dags/example_bash_decorator.py took 0.652 seconds
[2026-09-25T17:21:28.326+0000] {processor.py:186} INFO - Started process (PID=2251) to work on /home/airflow/.local/lib/python3.12/site-packages/airflow/example_dags/example_bash_decorator.py
[2026-09-25T17:21:28.329+0000] {processor.py:914} INFO - Processing file /home/airflow/.local/lib/python3.12/site-packages/airflow/example_dags/example_bash_decorator.py for tasks to queue
[2026-09-25T17:21:28.345+0000] {logging_mixin.py:190} INFO - [2026-09-25T17:21:28.344+0000] {dagbag.py:588} INFO - Filling up the DagBag from /home/airflow/.local/lib/python3.12/site-packages/airflow/example_dags/example_bash_decorator.py
[2026-09-25T17:21:28.395+0000] {processor.py:925} INFO - DAG(s) 'example_bash_decorator' retrieved from /home/airflow/.local/lib/python3.12/site-packages/airflow/example_dags/example_bash_decorator.py
[2026-09-25T17:21:28.484+0000] {logging_mixin.py:190} INFO - [2026-09-25T17:21:28.484+0000] {dag.py:3239} INFO - Sync 1 DAGs
[2026-09-25T17:21:28.528+0000] {logging_mixin.py:190} INFO - [2026-09-25T17:21:28.528+0000] {dag.py:4180} INFO - Setting next_dagrun for example_bash_decorator to None, run_after=None
[2026-09-25T17:21:28.608+0000] {processor.py:208} INFO - Processing /home/airflow/.local/lib/python3.12/site-packages/airflow/example_dags/example_bash_decorator.py took 0.297 seconds
[2026-09-25T17:22:24.816+0000] {processor.py:186} INFO - Started process (PID=2295) to work on /home/airflow/.local/lib/python3.12/site-packages/airflow/example_dags/example_bash_decorator.py
[2026-09-25T17:22:24.829+0000] {processor.py:914} INFO - Processing file /home/airflow/.local/lib/python3.12/site-packages/airflow/example_dags/example_bash_decorator.py for tasks to queue
[2026-09-25T17:22:24.867+0000] {logging_mixin.py:190} INFO - [2026-09-25T17:22:24.865+0000] {dagbag.py:588} INFO - Filling up the DagBag from /home/airflow/.local/lib/python3.12/site-packages/airflow/example_dags/example_bash_decorator.py
[2026-09-25T17:22:25.007+0000] {processor.py:925} INFO - DAG(s) 'example_bash_decorator' retrieved from /home/airflow/.local/lib/python3.12/site-packages/airflow/example_dags/example_bash_decorator.py
[2026-09-25T17:22:25.196+0000] {logging_mixin.py:190} INFO - [2026-09-25T17:22:25.195+0000] {dag.py:3239} INFO - Sync 1 DAGs
[2026-09-25T17:22:25.262+0000] {logging_mixin.py:190} INFO - [2026-09-25T17:22:25.262+0000] {dag.py:4180} INFO - Setting next_dagrun for example_bash_decorator to None, run_after=None
[2026-09-25T17:22:25.340+0000] {processor.py:208} INFO - Processing /home/airflow/.local/lib/python3.12/site-packages/airflow/example_dags/example_bash_decorator.py took 0.590 seconds
[2026-09-25T17:23:04.354+0000] {processor.py:186} INFO - Started process (PID=2358) to work on /home/airflow/.local/lib/python3.12/site-packages/airflow/example_dags/example_bash_decorator.py
[2026-09-25T17:23:04.364+0000] {processor.py:914} INFO - Processing file /home/airflow/.local/lib/python3.12/site-packages/airflow/example_dags/example_bash_decorator.py for tasks to queue
[2026-09-25T17:23:04.377+0000] {logging_mixin.py:190} INFO - [2026-09-25T17:23:04.376+0000] {dagbag.py:588} INFO - Filling up the DagBag from /home/airflow/.local/lib/python3.12/site-packages/airflow/example_dags/example_bash_decorator.py
[2026-09-25T17:23:04.605+0000] {processor.py:925} INFO - DAG(s) 'example_bash_decorator' retrieved from /home/airflow/.local/lib/python3.12/site-packages/airflow/example_dags/example_bash_decorator.py
[2026-09-25T17:23:04.787+0000] {logging_mixin.py:190} INFO - [2026-09-25T17:23:04.786+0000] {dag.py:3239} INFO - Sync 1 DAGs
[2026-09-25T17:23:05.051+0000] {logging_mixin.py:190} INFO - [2026-09-25T17:23:05.051+0000] {dag.py:4180} INFO - Setting next_dagrun for example_bash_decorator to None, run_after=None
[2026-09-25T17:23:05.185+0000] {processor.py:208} INFO - Processing /home/airflow/.local/lib/python3.12/site-packages/airflow/example_dags/example_bash_decorator.py took 0.902 seconds
[2026-09-25T17:23:41.418+0000] {processor.py:186} INFO - Started process (PID=2426) to work on /home/airflow/.local/lib/python3.12/site-packages/airflow/example_dags/example_bash_decorator.py
[2026-09-25T17:23:41.432+0000] {processor.py:914} INFO - Processing file /home/airflow/.local/lib/python3.12/site-packages/airflow/example_dags/example_bash_decorator.py for tasks to queue
[2026-09-25T17:23:41.511+0000] {logging_mixin.py:190} INFO - [2026-09-25T17:23:41.510+0000] {dagbag.py:588} INFO - Filling up the DagBag from /home/airflow/.local/lib/python3.12/site-packages/airflow/example_dags/example_bash_decorator.py
[2026-09-25T17:23:41.629+0000] {processor.py:925} INFO - DAG(s) 'example_bash_decorator' retrieved from /home/airflow/.local/lib/python3.12/site-packages/airflow/example_dags/example_bash_decorator.py
[2026-09-25T17:23:41.763+0000] {logging_mixin.py:190} INFO - [2026-09-25T17:23:41.763+0000] {dag.py:3239} INFO - Sync 1 DAGs
[2026-09-25T17:23:41.829+0000] {logging_mixin.py:190} INFO - [2026-09-25T17:23:41.829+0000] {dag.py:4180} INFO - Setting next_dagrun for example_bash_decorator to None, run_after=None
[2026-09-25T17:23:42.491+0000] {processor.py:208} INFO - Processing /home/airflow/.local/lib/python3.12/site-packages/airflow/example_dags/example_bash_decorator.py took 1.447 seconds
[2026-09-25T17:24:12.953+0000] {processor.py:186} INFO - Started process (PID=2489) to work on /home/airflow/.local/lib/python3.12/site-packages/airflow/example_dags/example_bash_decorator.py
[2026-09-25T17:24:13.068+0000] {processor.py:914} INFO - Processing file /home/airflow/.local/lib/python3.12/site-packages/airflow/example_dags/example_bash_decorator.py for tasks to queue
[2026-09-25T17:24:13.270+0000] {logging_mixin.py:190} INFO - [2026-09-25T17:24:13.123+0000] {dagbag.py:588} INFO - Filling up the DagBag from /home/airflow/.local/lib/python3.12/site-packages/airflow/example_dags/example_bash_decorator.py
[2026-09-25T17:24:13.547+0000] {processor.py:925} INFO - DAG(s) 'example_bash_decorator' retrieved from /home/airflow/.local/lib/python3.12/site-packages/airflow/example_dags/example_bash_decorator.py
[2026-09-25T17:24:13.865+0000] {logging_mixin.py:190} INFO - [2026-09-25T17:24:13.865+0000] {dag.py:3239} INFO - Sync 1 DAGs
[2026-09-25T17:24:14.119+0000] {logging_mixin.py:190} INFO - [2026-09-25T17:24:14.119+0000] {dag.py:4180} INFO - Setting next_dagrun for example_bash_decorator to None, run_after=None
[2026-09-25T17:24:15.308+0000] {processor.py:208} INFO - Processing /home/airflow/.local/lib/python3.12/site-packages/airflow/example_dags/example_bash_decorator.py took 2.399 seconds
[2026-09-25T17:24:48.377+0000] {processor.py:186} INFO - Started process (PID=2551) to work on /home/airflow/.local/lib/python3.12/site-packages/airflow/example_dags/example_bash_decorator.py
[2026-09-25T17:24:48.411+0000] {processor.py:914} INFO - Processing file /home/airflow/.local/lib/python3.12/site-packages/airflow/example_dags/example_bash_decorator.py for tasks to queue
[2026-09-25T17:24:48.417+0000] {logging_mixin.py:190} INFO - [2026-09-25T17:24:48.416+0000] {dagbag.py:588} INFO - Filling up the DagBag from /home/airflow/.local/lib/python3.12/site-packages/airflow/example_dags/example_bash_decorator.py
[2026-09-25T17:24:48.525+0000] {processor.py:925} INFO - DAG(s) 'example_bash_decorator' retrieved from /home/airflow/.local/lib/python3.12/site-packages/airflow/example_dags/example_bash_decorator.py
[2026-09-25T17:24:48.664+0000] {logging_mixin.py:190} INFO - [2026-09-25T17:24:48.663+0000] {dag.py:3239} INFO - Sync 1 DAGs
[2026-09-25T17:24:48.738+0000] {logging_mixin.py:190} INFO - [2026-09-25T17:24:48.736+0000] {dag.py:4180} INFO - Setting next_dagrun for example_bash_decorator to None, run_after=None
[2026-09-25T17:24:48.826+0000] {processor.py:208} INFO - Processing /home/airflow/.local/lib/python3.12/site-packages/airflow/example_dags/example_bash_decorator.py took 0.478 seconds
