[2026-09-25T16:16:32.859+0000] {processor.py:186} INFO - Started process (PID=136) to work on /home/airflow/.local/lib/python3.12/site-packages/airflow/example_dags/example_python_operator.py
[2026-09-25T16:16:32.896+0000] {processor.py:914} INFO - Processing file /home/airflow/.local/lib/python3.12/site-packages/airflow/example_dags/example_python_operator.py for tasks to queue
[2026-09-25T16:16:32.937+0000] {logging_mixin.py:190} INFO - [2026-09-25T16:16:32.934+0000] {dagbag.py:588} INFO - Filling up the DagBag from /home/airflow/.local/lib/python3.12/site-packages/airflow/example_dags/example_python_operator.py
[2026-09-25T16:16:33.331+0000] {processor.py:925} INFO - DAG(s) 'example_python_operator' retrieved from /home/airflow/.local/lib/python3.12/site-packages/airflow/example_dags/example_python_operator.py
[2026-09-25T16:16:40.528+0000] {logging_mixin.py:190} INFO - [2026-09-25T16:16:40.526+0000] {override.py:1912} INFO - Created Permission View: can read on DAG:example_python_operator
[2026-09-25T16:16:40.953+0000] {logging_mixin.py:190} INFO - [2026-09-25T16:16:40.952+0000] {override.py:1912} INFO - Created Permission View: can delete on DAG:example_python_operator
[2026-09-25T16:16:41.301+0000] {logging_mixin.py:190} INFO - [2026-09-25T16:16:41.300+0000] {override.py:1912} INFO - Created Permission View: can edit on DAG:example_python_operator
[2026-09-25T16:16:41.660+0000] {logging_mixin.py:190} INFO - [2026-09-25T16:16:41.659+0000] {override.py:1912} INFO - Created Permission View: can read on DAG Run:example_python_operator
[2026-09-25T16:16:41.932+0000] {logging_mixin.py:190} INFO - [2026-09-25T16:16:41.919+0000] {override.py:1912} INFO - Created Permission View: can delete on DAG Run:example_python_operator
[2026-09-25T16:16:42.030+0000] {logging_mixin.py:190} INFO - [2026-09-25T16:16:42.012+0000] {override.py:1912} INFO - Created Permission View: menu access on DAG Run:example_python_operator
[2026-09-25T16:16:42.237+0000] {logging_mixin.py:190} INFO - [2026-09-25T16:16:42.237+0000] {override.py:1912} INFO - Created Permission View: can create on DAG Run:example_python_operator
[2026-09-25T16:16:42.241+0000] {logging_mixin.py:190} INFO - [2026-09-25T16:16:42.240+0000] {dag.py:3239} INFO - Sync 1 DAGs
[2026-09-25T16:16:42.853+0000] {logging_mixin.py:190} INFO - [2026-09-25T16:16:42.853+0000] {dag.py:3262} INFO - Creating ORM DAG for example_python_operator
[2026-09-25T16:16:42.858+0000] {logging_mixin.py:190} INFO - [2026-09-25T16:16:42.857+0000] {dag.py:4180} INFO - Setting next_dagrun for example_python_operator to None, run_after=None
[2026-09-25T16:16:43.016+0000] {processor.py:208} INFO - Processing /home/airflow/.local/lib/python3.12/site-packages/airflow/example_dags/example_python_operator.py took 10.468 seconds
[2026-09-25T16:19:53.747+0000] {processor.py:186} INFO - Started process (PID=262) to work on /home/airflow/.local/lib/python3.12/site-packages/airflow/example_dags/example_python_operator.py
[2026-09-25T16:19:53.829+0000] {processor.py:914} INFO - Processing file /home/airflow/.local/lib/python3.12/site-packages/airflow/example_dags/example_python_operator.py for tasks to queue
[2026-09-25T16:19:54.047+0000] {logging_mixin.py:190} INFO - [2026-09-25T16:19:53.941+0000] {dagbag.py:588} INFO - Filling up the DagBag from /home/airflow/.local/lib/python3.12/site-packages/airflow/example_dags/example_python_operator.py
[2026-09-25T16:19:54.139+0000] {processor.py:925} INFO - DAG(s) 'example_python_operator' retrieved from /home/airflow/.local/lib/python3.12/site-packages/airflow/example_dags/example_python_operator.py
[2026-09-25T16:19:54.900+0000] {logging_mixin.py:190} INFO - [2026-09-25T16:19:54.899+0000] {dag.py:3239} INFO - Sync 1 DAGs
[2026-09-25T16:19:55.167+0000] {logging_mixin.py:190} INFO - [2026-09-25T16:19:55.167+0000] {dag.py:4180} INFO - Setting next_dagrun for example_python_operator to None, run_after=None
[2026-09-25T16:19:55.924+0000] {processor.py:208} INFO - Processing /home/airflow/.local/lib/python3.12/site-packages/airflow/example_dags/example_python_operator.py took 2.643 seconds
[2026-09-25T16:21:30.324+0000] {processor.py:186} INFO - Started process (PID=364) to work on /home/airflow/.local/lib/python3.12/site-packages/airflow/example_dags/example_python_operator.py
[2026-09-25T16:21:30.327+0000] {processor.py:914} INFO - Processing file /home/airflow/.local/lib/python3.12/site-packages/airflow/example_dags/example_python_operator.py for tasks to queue
[2026-09-25T16:21:30.346+0000] {logging_mixin.py:190} INFO - [2026-09-25T16:21:30.342+0000] {dagbag.py:588} INFO - Filling up the DagBag from /home/airflow/.local/lib/python3.12/site-packages/airflow/example_dags/example_python_operator.py
[2026-09-25T16:21:30.470+0000] {processor.py:925} INFO - DAG(s) 'example_python_operator' retrieved from /home/airflow/.local/lib/python3.12/site-packages/airflow/example_dags/example_python_operator.py
[2026-09-25T16:21:30.977+0000] {logging_mixin.py:190} INFO - [2026-09-25T16:21:30.976+0000] {dag.py:3239} INFO - Sync 1 DAGs
[2026-09-25T16:21:31.272+0000] {logging_mixin.py:190} INFO - [2026-09-25T16:21:31.271+0000] {dag.py:4180} INFO - Setting next_dagrun for example_python_operator to None, run_after=None
[2026-09-25T16:21:31.612+0000] {processor.py:208} INFO - Processing /home/airflow/.local/lib/python3.12/site-packages/airflow/example_dags/example_python_operator.py took 1.372 seconds
[2026-09-25T16:22:37.710+0000] {processor.py:186} INFO - Started process (PID=437) to work on /home/airflow/.local/lib/python3.12/site-packages/airflow/example_dags/example_python_operator.py
[2026-09-25T16:22:37.717+0000] {processor.py:914} INFO - Processing file /home/airflow/.local/lib/python3.12/site-packages/airflow/example_dags/example_python_operator.py for tasks to queue
[2026-09-25T16:22:37.732+0000] {logging_mixin.py:190} INFO - [2026-09-25T16:22:37.731+0000] {dagbag.py:588} INFO - Filling up the DagBag from /home/airflow/.local/lib/python3.12/site-packages/airflow/example_dags/example_python_operator.py
[2026-09-25T16:22:37.771+0000] {processor.py:925} INFO - DAG(s) 'example_python_operator' retrieved from /home/airflow/.local/lib/python3.12/site-packages/airflow/example_dags/example_python_operator.py
[2026-09-25T16:22:37.842+0000] {logging_mixin.py:190} INFO - [2026-09-25T16:22:37.841+0000] {dag.py:3239} INFO - Sync 1 DAGs
[2026-09-25T16:22:37.887+0000] {logging_mixin.py:190} INFO - [2026-09-25T16:22:37.887+0000] {dag.py:4180} INFO - Setting next_dagrun for example_python_operator to None, run_after=None
[2026-09-25T16:22:37.947+0000] {processor.py:208} INFO - Processing /home/airflow/.local/lib/python3.12/site-packages/airflow/example_dags/example_python_operator.py took 0.257 seconds
[2026-09-25T16:23:13.728+0000] {processor.py:186} INFO - Started process (PID=501) to work on /home/airflow/.local/lib/python3.12/site-packages/airflow/example_dags/example_python_operator.py
[2026-09-25T16:23:13.760+0000] {processor.py:914} INFO - Processing file /home/airflow/.local/lib/python3.12/site-packages/airflow/example_dags/example_python_operator.py for tasks to queue
[2026-09-25T16:23:13.769+0000] {logging_mixin.py:190} INFO - [2026-09-25T16:23:13.768+0000] {dagbag.py:588} INFO - Filling up the DagBag from /home/airflow/.local/lib/python3.12/site-packages/airflow/example_dags/example_python_operator.py
[2026-09-25T16:23:13.816+0000] {processor.py:925} INFO - DAG(s) 'example_python_operator' retrieved from /home/airflow/.local/lib/python3.12/site-packages/airflow/example_dags/example_python_operator.py
[2026-09-25T16:23:13.990+0000] {logging_mixin.py:190} INFO - [2026-09-25T16:23:13.990+0000] {dag.py:3239} INFO - Sync 1 DAGs
[2026-09-25T16:23:14.078+0000] {logging_mixin.py:190} INFO - [2026-09-25T16:23:14.078+0000] {dag.py:4180} INFO - Setting next_dagrun for example_python_operator to None, run_after=None
[2026-09-25T16:23:14.199+0000] {processor.py:208} INFO - Processing /home/airflow/.local/lib/python3.12/site-packages/airflow/example_dags/example_python_operator.py took 0.486 seconds
[2026-09-25T16:23:54.730+0000] {processor.py:186} INFO - Started process (PID=564) to work on /home/airflow/.local/lib/python3.12/site-packages/airflow/example_dags/example_python_operator.py
[2026-09-25T16:23:54.733+0000] {processor.py:914} INFO - Processing file /home/airflow/.local/lib/python3.12/site-packages/airflow/example_dags/example_python_operator.py for tasks to queue
[2026-09-25T16:23:54.740+0000] {logging_mixin.py:190} INFO - [2026-09-25T16:23:54.739+0000] {dagbag.py:588} INFO - Filling up the DagBag from /home/airflow/.local/lib/python3.12/site-packages/airflow/example_dags/example_python_operator.py
[2026-09-25T16:23:54.783+0000] {processor.py:925} INFO - DAG(s) 'example_python_operator' retrieved from /home/airflow/.local/lib/python3.12/site-packages/airflow/example_dags/example_python_operator.py
[2026-09-25T16:23:54.840+0000] {logging_mixin.py:190} INFO - [2026-09-25T16:23:54.839+0000] {dag.py:3239} INFO - Sync 1 DAGs
[2026-09-25T16:23:54.886+0000] {logging_mixin.py:190} INFO - [2026-09-25T16:23:54.885+0000] {dag.py:4180} INFO - Setting next_dagrun for example_python_operator to None, run_after=None
[2026-09-25T16:23:54.934+0000] {processor.py:208} INFO - Processing /home/airflow/.local/lib/python3.12/site-packages/airflow/example_dags/example_python_operator.py took 0.218 seconds
[2026-09-25T16:24:25.281+0000] {processor.py:186} INFO - Started process (PID=627) to work on /home/airflow/.local/lib/python3.12/site-packages/airflow/example_dags/example_python_operator.py
[2026-09-25T16:24:25.283+0000] {processor.py:914} INFO - Processing file /home/airflow/.local/lib/python3.12/site-packages/airflow/example_dags/example_python_operator.py for tasks to queue
[2026-09-25T16:24:25.289+0000] {logging_mixin.py:190} INFO - [2026-09-25T16:24:25.288+0000] {dagbag.py:588} INFO - Filling up the DagBag from /home/airflow/.local/lib/python3.12/site-packages/airflow/example_dags/example_python_operator.py
[2026-09-25T16:24:25.326+0000] {processor.py:925} INFO - DAG(s) 'example_python_operator' retrieved from /home/airflow/.local/lib/python3.12/site-packages/airflow/example_dags/example_python_operator.py
[2026-09-25T16:24:25.381+0000] {logging_mixin.py:190} INFO - [2026-09-25T16:24:25.381+0000] {dag.py:3239} INFO - Sync 1 DAGs
[2026-09-25T16:24:25.425+0000] {logging_mixin.py:190} INFO - [2026-09-25T16:24:25.424+0000] {dag.py:4180} INFO - Setting next_dagrun for example_python_operator to None, run_after=None
[2026-09-25T16:24:25.485+0000] {processor.py:208} INFO - Processing /home/airflow/.local/lib/python3.12/site-packages/airflow/example_dags/example_python_operator.py took 0.217 seconds
[2026-09-25T16:25:12.484+0000] {processor.py:186} INFO - Started process (PID=688) to work on /home/airflow/.local/lib/python3.12/site-packages/airflow/example_dags/example_python_operator.py
[2026-09-25T16:25:12.489+0000] {processor.py:914} INFO - Processing file /home/airflow/.local/lib/python3.12/site-packages/airflow/example_dags/example_python_operator.py for tasks to queue
[2026-09-25T16:25:12.498+0000] {logging_mixin.py:190} INFO - [2026-09-25T16:25:12.497+0000] {dagbag.py:588} INFO - Filling up the DagBag from /home/airflow/.local/lib/python3.12/site-packages/airflow/example_dags/example_python_operator.py
[2026-09-25T16:25:12.571+0000] {processor.py:925} INFO - DAG(s) 'example_python_operator' retrieved from /home/airflow/.local/lib/python3.12/site-packages/airflow/example_dags/example_python_operator.py
[2026-09-25T16:25:12.739+0000] {logging_mixin.py:190} INFO - [2026-09-25T16:25:12.739+0000] {dag.py:3239} INFO - Sync 1 DAGs
[2026-09-25T16:25:12.830+0000] {logging_mixin.py:190} INFO - [2026-09-25T16:25:12.830+0000] {dag.py:4180} INFO - Setting next_dagrun for example_python_operator to None, run_after=None
[2026-09-25T16:25:12.915+0000] {processor.py:208} INFO - Processing /home/airflow/.local/lib/python3.12/site-packages/airflow/example_dags/example_python_operator.py took 0.450 seconds
[2026-09-25T16:25:53.029+0000] {processor.py:186} INFO - Started process (PID=750) to work on /home/airflow/.local/lib/python3.12/site-packages/airflow/example_dags/example_python_operator.py
[2026-09-25T16:25:53.032+0000] {processor.py:914} INFO - Processing file /home/airflow/.local/lib/python3.12/site-packages/airflow/example_dags/example_python_operator.py for tasks to queue
[2026-09-25T16:25:53.041+0000] {logging_mixin.py:190} INFO - [2026-09-25T16:25:53.040+0000] {dagbag.py:588} INFO - Filling up the DagBag from /home/airflow/.local/lib/python3.12/site-packages/airflow/example_dags/example_python_operator.py
[2026-09-25T16:25:53.071+0000] {processor.py:925} INFO - DAG(s) 'example_python_operator' retrieved from /home/airflow/.local/lib/python3.12/site-packages/airflow/example_dags/example_python_operator.py
[2026-09-25T16:25:53.136+0000] {logging_mixin.py:190} INFO - [2026-09-25T16:25:53.135+0000] {dag.py:3239} INFO - Sync 1 DAGs
[2026-09-25T16:25:53.180+0000] {logging_mixin.py:190} INFO - [2026-09-25T16:25:53.180+0000] {dag.py:4180} INFO - Setting next_dagrun for example_python_operator to None, run_after=None
[2026-09-25T16:25:53.234+0000] {processor.py:208} INFO - Processing /home/airflow/.local/lib/python3.12/site-packages/airflow/example_dags/example_python_operator.py took 0.230 seconds
[2026-09-25T16:26:23.422+0000] {processor.py:186} INFO - Started process (PID=812) to work on /home/airflow/.local/lib/python3.12/site-packages/airflow/example_dags/example_python_operator.py
[2026-09-25T16:26:23.424+0000] {processor.py:914} INFO - Processing file /home/airflow/.local/lib/python3.12/site-packages/airflow/example_dags/example_python_operator.py for tasks to queue
[2026-09-25T16:26:23.428+0000] {logging_mixin.py:190} INFO - [2026-09-25T16:26:23.428+0000] {dagbag.py:588} INFO - Filling up the DagBag from /home/airflow/.local/lib/python3.12/site-packages/airflow/example_dags/example_python_operator.py
[2026-09-25T16:26:23.455+0000] {processor.py:925} INFO - DAG(s) 'example_python_operator' retrieved from /home/airflow/.local/lib/python3.12/site-packages/airflow/example_dags/example_python_operator.py
[2026-09-25T16:26:23.497+0000] {logging_mixin.py:190} INFO - [2026-09-25T16:26:23.497+0000] {dag.py:3239} INFO - Sync 1 DAGs
[2026-09-25T16:26:23.524+0000] {logging_mixin.py:190} INFO - [2026-09-25T16:26:23.524+0000] {dag.py:4180} INFO - Setting next_dagrun for example_python_operator to None, run_after=None
[2026-09-25T16:26:23.576+0000] {processor.py:208} INFO - Processing /home/airflow/.local/lib/python3.12/site-packages/airflow/example_dags/example_python_operator.py took 0.165 seconds
[2026-09-25T16:27:01.494+0000] {processor.py:186} INFO - Started process (PID=877) to work on /home/airflow/.local/lib/python3.12/site-packages/airflow/example_dags/example_python_operator.py
[2026-09-25T16:27:01.497+0000] {processor.py:914} INFO - Processing file /home/airflow/.local/lib/python3.12/site-packages/airflow/example_dags/example_python_operator.py for tasks to queue
[2026-09-25T16:27:01.504+0000] {logging_mixin.py:190} INFO - [2026-09-25T16:27:01.503+0000] {dagbag.py:588} INFO - Filling up the DagBag from /home/airflow/.local/lib/python3.12/site-packages/airflow/example_dags/example_python_operator.py
[2026-09-25T16:27:01.531+0000] {processor.py:925} INFO - DAG(s) 'example_python_operator' retrieved from /home/airflow/.local/lib/python3.12/site-packages/airflow/example_dags/example_python_operator.py
[2026-09-25T16:27:01.589+0000] {logging_mixin.py:190} INFO - [2026-09-25T16:27:01.588+0000] {dag.py:3239} INFO - Sync 1 DAGs
[2026-09-25T16:27:01.627+0000] {logging_mixin.py:190} INFO - [2026-09-25T16:27:01.627+0000] {dag.py:4180} INFO - Setting next_dagrun for example_python_operator to None, run_after=None
[2026-09-25T16:27:01.670+0000] {processor.py:208} INFO - Processing /home/airflow/.local/lib/python3.12/site-packages/airflow/example_dags/example_python_operator.py took 0.192 seconds
[2026-09-25T16:27:34.883+0000] {processor.py:186} INFO - Started process (PID=939) to work on /home/airflow/.local/lib/python3.12/site-packages/airflow/example_dags/example_python_operator.py
[2026-09-25T16:27:34.885+0000] {processor.py:914} INFO - Processing file /home/airflow/.local/lib/python3.12/site-packages/airflow/example_dags/example_python_operator.py for tasks to queue
[2026-09-25T16:27:34.892+0000] {logging_mixin.py:190} INFO - [2026-09-25T16:27:34.891+0000] {dagbag.py:588} INFO - Filling up the DagBag from /home/airflow/.local/lib/python3.12/site-packages/airflow/example_dags/example_python_operator.py
[2026-09-25T16:27:34.992+0000] {processor.py:925} INFO - DAG(s) 'example_python_operator' retrieved from /home/airflow/.local/lib/python3.12/site-packages/airflow/example_dags/example_python_operator.py
[2026-09-25T16:27:35.139+0000] {logging_mixin.py:190} INFO - [2026-09-25T16:27:35.138+0000] {dag.py:3239} INFO - Sync 1 DAGs
[2026-09-25T16:27:35.184+0000] {logging_mixin.py:190} INFO - [2026-09-25T16:27:35.184+0000] {dag.py:4180} INFO - Setting next_dagrun for example_python_operator to None, run_after=None
[2026-09-25T16:27:35.237+0000] {processor.py:208} INFO - Processing /home/airflow/.local/lib/python3.12/site-packages/airflow/example_dags/example_python_operator.py took 0.370 seconds
[2026-09-25T16:28:27.849+0000] {processor.py:186} INFO - Started process (PID=1007) to work on /home/airflow/.local/lib/python3.12/site-packages/airflow/example_dags/example_python_operator.py
[2026-09-25T16:28:27.862+0000] {processor.py:914} INFO - Processing file /home/airflow/.local/lib/python3.12/site-packages/airflow/example_dags/example_python_operator.py for tasks to queue
[2026-09-25T16:28:27.868+0000] {logging_mixin.py:190} INFO - [2026-09-25T16:28:27.867+0000] {dagbag.py:588} INFO - Filling up the DagBag from /home/airflow/.local/lib/python3.12/site-packages/airflow/example_dags/example_python_operator.py
[2026-09-25T16:28:27.929+0000] {processor.py:925} INFO - DAG(s) 'example_python_operator' retrieved from /home/airflow/.local/lib/python3.12/site-packages/airflow/example_dags/example_python_operator.py
[2026-09-25T16:28:28.035+0000] {logging_mixin.py:190} INFO - [2026-09-25T16:28:28.035+0000] {dag.py:3239} INFO - Sync 1 DAGs
[2026-09-25T16:28:28.123+0000] {logging_mixin.py:190} INFO - [2026-09-25T16:28:28.121+0000] {dag.py:4180} INFO - Setting next_dagrun for example_python_operator to None, run_after=None
[2026-09-25T16:28:28.338+0000] {processor.py:208} INFO - Processing /home/airflow/.local/lib/python3.12/site-packages/airflow/example_dags/example_python_operator.py took 0.504 seconds
[2026-09-25T16:43:53.594+0000] {processor.py:186} INFO - Started process (PID=105) to work on /home/airflow/.local/lib/python3.12/site-packages/airflow/example_dags/example_python_operator.py
[2026-09-25T16:43:53.607+0000] {processor.py:914} INFO - Processing file /home/airflow/.local/lib/python3.12/site-packages/airflow/example_dags/example_python_operator.py for tasks to queue
[2026-09-25T16:43:53.618+0000] {logging_mixin.py:190} INFO - [2026-09-25T16:43:53.616+0000] {dagbag.py:588} INFO - Filling up the DagBag from /home/airflow/.local/lib/python3.12/site-packages/airflow/example_dags/example_python_operator.py
[2026-09-25T16:43:53.679+0000] {processor.py:925} INFO - DAG(s) 'example_python_operator' retrieved from /home/airflow/.local/lib/python3.12/site-packages/airflow/example_dags/example_python_operator.py
[2026-09-25T16:43:54.774+0000] {logging_mixin.py:190} INFO - [2026-09-25T16:43:54.774+0000] {dag.py:3239} INFO - Sync 1 DAGs
[2026-09-25T16:43:55.127+0000] {logging_mixin.py:190} INFO - [2026-09-25T16:43:55.126+0000] {dag.py:4180} INFO - Setting next_dagrun for example_python_operator to None, run_after=None
[2026-09-25T16:43:55.211+0000] {processor.py:208} INFO - Processing /home/airflow/.local/lib/python3.12/site-packages/airflow/example_dags/example_python_operator.py took 1.661 seconds
[2026-09-25T16:44:26.431+0000] {processor.py:186} INFO - Started process (PID=167) to work on /home/airflow/.local/lib/python3.12/site-packages/airflow/example_dags/example_python_operator.py
[2026-09-25T16:44:26.434+0000] {processor.py:914} INFO - Processing file /home/airflow/.local/lib/python3.12/site-packages/airflow/example_dags/example_python_operator.py for tasks to queue
[2026-09-25T16:44:26.442+0000] {logging_mixin.py:190} INFO - [2026-09-25T16:44:26.441+0000] {dagbag.py:588} INFO - Filling up the DagBag from /home/airflow/.local/lib/python3.12/site-packages/airflow/example_dags/example_python_operator.py
[2026-09-25T16:44:26.481+0000] {processor.py:925} INFO - DAG(s) 'example_python_operator' retrieved from /home/airflow/.local/lib/python3.12/site-packages/airflow/example_dags/example_python_operator.py
[2026-09-25T16:44:26.552+0000] {logging_mixin.py:190} INFO - [2026-09-25T16:44:26.551+0000] {dag.py:3239} INFO - Sync 1 DAGs
[2026-09-25T16:44:26.605+0000] {logging_mixin.py:190} INFO - [2026-09-25T16:44:26.604+0000] {dag.py:4180} INFO - Setting next_dagrun for example_python_operator to None, run_after=None
[2026-09-25T16:44:26.652+0000] {processor.py:208} INFO - Processing /home/airflow/.local/lib/python3.12/site-packages/airflow/example_dags/example_python_operator.py took 0.237 seconds
[2026-09-25T16:45:01.479+0000] {processor.py:186} INFO - Started process (PID=231) to work on /home/airflow/.local/lib/python3.12/site-packages/airflow/example_dags/example_python_operator.py
[2026-09-25T16:45:01.482+0000] {processor.py:914} INFO - Processing file /home/airflow/.local/lib/python3.12/site-packages/airflow/example_dags/example_python_operator.py for tasks to queue
[2026-09-25T16:45:01.494+0000] {logging_mixin.py:190} INFO - [2026-09-25T16:45:01.489+0000] {dagbag.py:588} INFO - Filling up the DagBag from /home/airflow/.local/lib/python3.12/site-packages/airflow/example_dags/example_python_operator.py
[2026-09-25T16:45:01.535+0000] {processor.py:925} INFO - DAG(s) 'example_python_operator' retrieved from /home/airflow/.local/lib/python3.12/site-packages/airflow/example_dags/example_python_operator.py
[2026-09-25T16:45:01.651+0000] {logging_mixin.py:190} INFO - [2026-09-25T16:45:01.614+0000] {dag.py:3239} INFO - Sync 1 DAGs
[2026-09-25T16:45:02.105+0000] {logging_mixin.py:190} INFO - [2026-09-25T16:45:02.104+0000] {dag.py:4180} INFO - Setting next_dagrun for example_python_operator to None, run_after=None
[2026-09-25T16:45:02.831+0000] {processor.py:208} INFO - Processing /home/airflow/.local/lib/python3.12/site-packages/airflow/example_dags/example_python_operator.py took 1.374 seconds
[2026-09-25T16:45:33.466+0000] {processor.py:186} INFO - Started process (PID=298) to work on /home/airflow/.local/lib/python3.12/site-packages/airflow/example_dags/example_python_operator.py
[2026-09-25T16:45:33.468+0000] {processor.py:914} INFO - Processing file /home/airflow/.local/lib/python3.12/site-packages/airflow/example_dags/example_python_operator.py for tasks to queue
[2026-09-25T16:45:33.473+0000] {logging_mixin.py:190} INFO - [2026-09-25T16:45:33.472+0000] {dagbag.py:588} INFO - Filling up the DagBag from /home/airflow/.local/lib/python3.12/site-packages/airflow/example_dags/example_python_operator.py
[2026-09-25T16:45:33.505+0000] {processor.py:925} INFO - DAG(s) 'example_python_operator' retrieved from /home/airflow/.local/lib/python3.12/site-packages/airflow/example_dags/example_python_operator.py
[2026-09-25T16:45:33.549+0000] {logging_mixin.py:190} INFO - [2026-09-25T16:45:33.549+0000] {dag.py:3239} INFO - Sync 1 DAGs
[2026-09-25T16:45:33.579+0000] {logging_mixin.py:190} INFO - [2026-09-25T16:45:33.579+0000] {dag.py:4180} INFO - Setting next_dagrun for example_python_operator to None, run_after=None
[2026-09-25T16:45:33.648+0000] {processor.py:208} INFO - Processing /home/airflow/.local/lib/python3.12/site-packages/airflow/example_dags/example_python_operator.py took 0.195 seconds
[2026-09-25T16:46:07.304+0000] {processor.py:186} INFO - Started process (PID=360) to work on /home/airflow/.local/lib/python3.12/site-packages/airflow/example_dags/example_python_operator.py
[2026-09-25T16:46:07.312+0000] {processor.py:914} INFO - Processing file /home/airflow/.local/lib/python3.12/site-packages/airflow/example_dags/example_python_operator.py for tasks to queue
[2026-09-25T16:46:07.330+0000] {logging_mixin.py:190} INFO - [2026-09-25T16:46:07.329+0000] {dagbag.py:588} INFO - Filling up the DagBag from /home/airflow/.local/lib/python3.12/site-packages/airflow/example_dags/example_python_operator.py
[2026-09-25T16:46:07.368+0000] {processor.py:925} INFO - DAG(s) 'example_python_operator' retrieved from /home/airflow/.local/lib/python3.12/site-packages/airflow/example_dags/example_python_operator.py
[2026-09-25T16:46:07.439+0000] {logging_mixin.py:190} INFO - [2026-09-25T16:46:07.438+0000] {dag.py:3239} INFO - Sync 1 DAGs
[2026-09-25T16:46:07.470+0000] {logging_mixin.py:190} INFO - [2026-09-25T16:46:07.469+0000] {dag.py:4180} INFO - Setting next_dagrun for example_python_operator to None, run_after=None
[2026-09-25T16:46:07.547+0000] {processor.py:208} INFO - Processing /home/airflow/.local/lib/python3.12/site-packages/airflow/example_dags/example_python_operator.py took 0.264 seconds
[2026-09-25T16:46:38.022+0000] {processor.py:186} INFO - Started process (PID=422) to work on /home/airflow/.local/lib/python3.12/site-packages/airflow/example_dags/example_python_operator.py
[2026-09-25T16:46:38.027+0000] {processor.py:914} INFO - Processing file /home/airflow/.local/lib/python3.12/site-packages/airflow/example_dags/example_python_operator.py for tasks to queue
[2026-09-25T16:46:38.038+0000] {logging_mixin.py:190} INFO - [2026-09-25T16:46:38.037+0000] {dagbag.py:588} INFO - Filling up the DagBag from /home/airflow/.local/lib/python3.12/site-packages/airflow/example_dags/example_python_operator.py
[2026-09-25T16:46:38.087+0000] {processor.py:925} INFO - DAG(s) 'example_python_operator' retrieved from /home/airflow/.local/lib/python3.12/site-packages/airflow/example_dags/example_python_operator.py
[2026-09-25T16:46:38.158+0000] {logging_mixin.py:190} INFO - [2026-09-25T16:46:38.158+0000] {dag.py:3239} INFO - Sync 1 DAGs
[2026-09-25T16:46:38.205+0000] {logging_mixin.py:190} INFO - [2026-09-25T16:46:38.205+0000] {dag.py:4180} INFO - Setting next_dagrun for example_python_operator to None, run_after=None
[2026-09-25T16:46:38.269+0000] {processor.py:208} INFO - Processing /home/airflow/.local/lib/python3.12/site-packages/airflow/example_dags/example_python_operator.py took 0.276 seconds
[2026-09-25T16:47:08.852+0000] {processor.py:186} INFO - Started process (PID=484) to work on /home/airflow/.local/lib/python3.12/site-packages/airflow/example_dags/example_python_operator.py
[2026-09-25T16:47:08.854+0000] {processor.py:914} INFO - Processing file /home/airflow/.local/lib/python3.12/site-packages/airflow/example_dags/example_python_operator.py for tasks to queue
[2026-09-25T16:47:08.860+0000] {logging_mixin.py:190} INFO - [2026-09-25T16:47:08.859+0000] {dagbag.py:588} INFO - Filling up the DagBag from /home/airflow/.local/lib/python3.12/site-packages/airflow/example_dags/example_python_operator.py
[2026-09-25T16:47:08.895+0000] {processor.py:925} INFO - DAG(s) 'example_python_operator' retrieved from /home/airflow/.local/lib/python3.12/site-packages/airflow/example_dags/example_python_operator.py
[2026-09-25T16:47:09.036+0000] {logging_mixin.py:190} INFO - [2026-09-25T16:47:09.026+0000] {dag.py:3239} INFO - Sync 1 DAGs
[2026-09-25T16:47:09.154+0000] {logging_mixin.py:190} INFO - [2026-09-25T16:47:09.152+0000] {dag.py:4180} INFO - Setting next_dagrun for example_python_operator to None, run_after=None
[2026-09-25T16:47:09.206+0000] {processor.py:208} INFO - Processing /home/airflow/.local/lib/python3.12/site-packages/airflow/example_dags/example_python_operator.py took 0.371 seconds
[2026-09-25T16:48:00.922+0000] {processor.py:186} INFO - Started process (PID=552) to work on /home/airflow/.local/lib/python3.12/site-packages/airflow/example_dags/example_python_operator.py
[2026-09-25T16:48:00.925+0000] {processor.py:914} INFO - Processing file /home/airflow/.local/lib/python3.12/site-packages/airflow/example_dags/example_python_operator.py for tasks to queue
[2026-09-25T16:48:00.938+0000] {logging_mixin.py:190} INFO - [2026-09-25T16:48:00.938+0000] {dagbag.py:588} INFO - Filling up the DagBag from /home/airflow/.local/lib/python3.12/site-packages/airflow/example_dags/example_python_operator.py
[2026-09-25T16:48:00.976+0000] {processor.py:925} INFO - DAG(s) 'example_python_operator' retrieved from /home/airflow/.local/lib/python3.12/site-packages/airflow/example_dags/example_python_operator.py
[2026-09-25T16:48:01.075+0000] {logging_mixin.py:190} INFO - [2026-09-25T16:48:01.074+0000] {dag.py:3239} INFO - Sync 1 DAGs
[2026-09-25T16:48:01.115+0000] {logging_mixin.py:190} INFO - [2026-09-25T16:48:01.115+0000] {dag.py:4180} INFO - Setting next_dagrun for example_python_operator to None, run_after=None
[2026-09-25T16:48:01.160+0000] {processor.py:208} INFO - Processing /home/airflow/.local/lib/python3.12/site-packages/airflow/example_dags/example_python_operator.py took 0.256 seconds
[2026-09-25T16:48:34.491+0000] {processor.py:186} INFO - Started process (PID=615) to work on /home/airflow/.local/lib/python3.12/site-packages/airflow/example_dags/example_python_operator.py
[2026-09-25T16:48:34.493+0000] {processor.py:914} INFO - Processing file /home/airflow/.local/lib/python3.12/site-packages/airflow/example_dags/example_python_operator.py for tasks to queue
[2026-09-25T16:48:34.498+0000] {logging_mixin.py:190} INFO - [2026-09-25T16:48:34.498+0000] {dagbag.py:588} INFO - Filling up the DagBag from /home/airflow/.local/lib/python3.12/site-packages/airflow/example_dags/example_python_operator.py
[2026-09-25T16:48:34.532+0000] {processor.py:925} INFO - DAG(s) 'example_python_operator' retrieved from /home/airflow/.local/lib/python3.12/site-packages/airflow/example_dags/example_python_operator.py
[2026-09-25T16:48:34.582+0000] {logging_mixin.py:190} INFO - [2026-09-25T16:48:34.581+0000] {dag.py:3239} INFO - Sync 1 DAGs
[2026-09-25T16:48:34.613+0000] {logging_mixin.py:190} INFO - [2026-09-25T16:48:34.613+0000] {dag.py:4180} INFO - Setting next_dagrun for example_python_operator to None, run_after=None
[2026-09-25T16:48:34.678+0000] {processor.py:208} INFO - Processing /home/airflow/.local/lib/python3.12/site-packages/airflow/example_dags/example_python_operator.py took 0.198 seconds
[2026-09-25T16:49:08.546+0000] {processor.py:186} INFO - Started process (PID=685) to work on /home/airflow/.local/lib/python3.12/site-packages/airflow/example_dags/example_python_operator.py
[2026-09-25T16:49:08.550+0000] {processor.py:914} INFO - Processing file /home/airflow/.local/lib/python3.12/site-packages/airflow/example_dags/example_python_operator.py for tasks to queue
[2026-09-25T16:49:08.562+0000] {logging_mixin.py:190} INFO - [2026-09-25T16:49:08.561+0000] {dagbag.py:588} INFO - Filling up the DagBag from /home/airflow/.local/lib/python3.12/site-packages/airflow/example_dags/example_python_operator.py
[2026-09-25T16:49:08.600+0000] {processor.py:925} INFO - DAG(s) 'example_python_operator' retrieved from /home/airflow/.local/lib/python3.12/site-packages/airflow/example_dags/example_python_operator.py
[2026-09-25T16:49:08.676+0000] {logging_mixin.py:190} INFO - [2026-09-25T16:49:08.675+0000] {dag.py:3239} INFO - Sync 1 DAGs
[2026-09-25T16:49:08.729+0000] {logging_mixin.py:190} INFO - [2026-09-25T16:49:08.728+0000] {dag.py:4180} INFO - Setting next_dagrun for example_python_operator to None, run_after=None
[2026-09-25T16:49:08.776+0000] {processor.py:208} INFO - Processing /home/airflow/.local/lib/python3.12/site-packages/airflow/example_dags/example_python_operator.py took 0.251 seconds
