[2026-09-25T16:15:01.474+0000] {processor.py:186} INFO - Started process (PID=79) to work on /home/airflow/.local/lib/python3.12/site-packages/airflow/example_dags/example_task_group.py
[2026-09-25T16:15:01.510+0000] {processor.py:914} INFO - Processing file /home/airflow/.local/lib/python3.12/site-packages/airflow/example_dags/example_task_group.py for tasks to queue
[2026-09-25T16:15:01.524+0000] {logging_mixin.py:190} INFO - [2026-09-25T16:15:01.523+0000] {dagbag.py:588} INFO - Filling up the DagBag from /home/airflow/.local/lib/python3.12/site-packages/airflow/example_dags/example_task_group.py
[2026-09-25T16:15:01.788+0000] {processor.py:925} INFO - DAG(s) 'example_task_group' retrieved from /home/airflow/.local/lib/python3.12/site-packages/airflow/example_dags/example_task_group.py
[2026-09-25T16:15:02.199+0000] {logging_mixin.py:190} INFO - [2026-09-25T16:15:02.198+0000] {dag.py:3239} INFO - Sync 1 DAGs
[2026-09-25T16:15:02.529+0000] {logging_mixin.py:190} INFO - [2026-09-25T16:15:02.529+0000] {dag.py:4180} INFO - Setting next_dagrun for example_task_group to None, run_after=None
[2026-09-25T16:15:02.736+0000] {processor.py:208} INFO - Processing /home/airflow/.local/lib/python3.12/site-packages/airflow/example_dags/example_task_group.py took 1.260 seconds
[2026-09-25T16:17:24.709+0000] {processor.py:186} INFO - Started process (PID=166) to work on /home/airflow/.local/lib/python3.12/site-packages/airflow/example_dags/example_task_group.py
[2026-09-25T16:17:24.757+0000] {processor.py:914} INFO - Processing file /home/airflow/.local/lib/python3.12/site-packages/airflow/example_dags/example_task_group.py for tasks to queue
[2026-09-25T16:17:24.773+0000] {logging_mixin.py:190} INFO - [2026-09-25T16:17:24.773+0000] {dagbag.py:588} INFO - Filling up the DagBag from /home/airflow/.local/lib/python3.12/site-packages/airflow/example_dags/example_task_group.py
[2026-09-25T16:17:25.201+0000] {processor.py:925} INFO - DAG(s) 'example_task_group' retrieved from /home/airflow/.local/lib/python3.12/site-packages/airflow/example_dags/example_task_group.py
[2026-09-25T16:17:26.616+0000] {logging_mixin.py:190} INFO - [2026-09-25T16:17:26.616+0000] {dag.py:3239} INFO - Sync 1 DAGs
[2026-09-25T16:17:27.768+0000] {logging_mixin.py:190} INFO - [2026-09-25T16:17:27.768+0000] {dag.py:4180} INFO - Setting next_dagrun for example_task_group to None, run_after=None
[2026-09-25T16:17:28.299+0000] {processor.py:208} INFO - Processing /home/airflow/.local/lib/python3.12/site-packages/airflow/example_dags/example_task_group.py took 3.627 seconds
[2026-09-25T16:19:20.190+0000] {processor.py:186} INFO - Started process (PID=229) to work on /home/airflow/.local/lib/python3.12/site-packages/airflow/example_dags/example_task_group.py
[2026-09-25T16:19:20.196+0000] {processor.py:914} INFO - Processing file /home/airflow/.local/lib/python3.12/site-packages/airflow/example_dags/example_task_group.py for tasks to queue
[2026-09-25T16:19:20.216+0000] {logging_mixin.py:190} INFO - [2026-09-25T16:19:20.215+0000] {dagbag.py:588} INFO - Filling up the DagBag from /home/airflow/.local/lib/python3.12/site-packages/airflow/example_dags/example_task_group.py
[2026-09-25T16:19:20.301+0000] {processor.py:925} INFO - DAG(s) 'example_task_group' retrieved from /home/airflow/.local/lib/python3.12/site-packages/airflow/example_dags/example_task_group.py
[2026-09-25T16:19:20.394+0000] {logging_mixin.py:190} INFO - [2026-09-25T16:19:20.393+0000] {dag.py:3239} INFO - Sync 1 DAGs
[2026-09-25T16:19:20.456+0000] {logging_mixin.py:190} INFO - [2026-09-25T16:19:20.456+0000] {dag.py:4180} INFO - Setting next_dagrun for example_task_group to None, run_after=None
[2026-09-25T16:19:20.592+0000] {processor.py:208} INFO - Processing /home/airflow/.local/lib/python3.12/site-packages/airflow/example_dags/example_task_group.py took 0.472 seconds
[2026-09-25T16:20:24.716+0000] {processor.py:186} INFO - Started process (PID=286) to work on /home/airflow/.local/lib/python3.12/site-packages/airflow/example_dags/example_task_group.py
[2026-09-25T16:20:24.724+0000] {processor.py:914} INFO - Processing file /home/airflow/.local/lib/python3.12/site-packages/airflow/example_dags/example_task_group.py for tasks to queue
[2026-09-25T16:20:24.741+0000] {logging_mixin.py:190} INFO - [2026-09-25T16:20:24.740+0000] {dagbag.py:588} INFO - Filling up the DagBag from /home/airflow/.local/lib/python3.12/site-packages/airflow/example_dags/example_task_group.py
[2026-09-25T16:20:24.811+0000] {processor.py:925} INFO - DAG(s) 'example_task_group' retrieved from /home/airflow/.local/lib/python3.12/site-packages/airflow/example_dags/example_task_group.py
[2026-09-25T16:20:24.878+0000] {logging_mixin.py:190} INFO - [2026-09-25T16:20:24.877+0000] {dag.py:3239} INFO - Sync 1 DAGs
[2026-09-25T16:20:25.032+0000] {logging_mixin.py:190} INFO - [2026-09-25T16:20:25.031+0000] {dag.py:4180} INFO - Setting next_dagrun for example_task_group to None, run_after=None
[2026-09-25T16:20:25.122+0000] {processor.py:208} INFO - Processing /home/airflow/.local/lib/python3.12/site-packages/airflow/example_dags/example_task_group.py took 0.490 seconds
[2026-09-25T16:21:15.798+0000] {processor.py:186} INFO - Started process (PID=340) to work on /home/airflow/.local/lib/python3.12/site-packages/airflow/example_dags/example_task_group.py
[2026-09-25T16:21:15.812+0000] {processor.py:914} INFO - Processing file /home/airflow/.local/lib/python3.12/site-packages/airflow/example_dags/example_task_group.py for tasks to queue
[2026-09-25T16:21:15.828+0000] {logging_mixin.py:190} INFO - [2026-09-25T16:21:15.827+0000] {dagbag.py:588} INFO - Filling up the DagBag from /home/airflow/.local/lib/python3.12/site-packages/airflow/example_dags/example_task_group.py
[2026-09-25T16:21:15.941+0000] {processor.py:925} INFO - DAG(s) 'example_task_group' retrieved from /home/airflow/.local/lib/python3.12/site-packages/airflow/example_dags/example_task_group.py
[2026-09-25T16:21:16.189+0000] {logging_mixin.py:190} INFO - [2026-09-25T16:21:16.188+0000] {dag.py:3239} INFO - Sync 1 DAGs
[2026-09-25T16:21:16.467+0000] {logging_mixin.py:190} INFO - [2026-09-25T16:21:16.467+0000] {dag.py:4180} INFO - Setting next_dagrun for example_task_group to None, run_after=None
[2026-09-25T16:21:16.707+0000] {processor.py:208} INFO - Processing /home/airflow/.local/lib/python3.12/site-packages/airflow/example_dags/example_task_group.py took 0.956 seconds
[2026-09-25T16:22:22.265+0000] {processor.py:186} INFO - Started process (PID=407) to work on /home/airflow/.local/lib/python3.12/site-packages/airflow/example_dags/example_task_group.py
[2026-09-25T16:22:22.270+0000] {processor.py:914} INFO - Processing file /home/airflow/.local/lib/python3.12/site-packages/airflow/example_dags/example_task_group.py for tasks to queue
[2026-09-25T16:22:22.282+0000] {logging_mixin.py:190} INFO - [2026-09-25T16:22:22.277+0000] {dagbag.py:588} INFO - Filling up the DagBag from /home/airflow/.local/lib/python3.12/site-packages/airflow/example_dags/example_task_group.py
[2026-09-25T16:22:22.554+0000] {processor.py:925} INFO - DAG(s) 'example_task_group' retrieved from /home/airflow/.local/lib/python3.12/site-packages/airflow/example_dags/example_task_group.py
[2026-09-25T16:22:23.031+0000] {logging_mixin.py:190} INFO - [2026-09-25T16:22:23.025+0000] {dag.py:3239} INFO - Sync 1 DAGs
[2026-09-25T16:22:23.276+0000] {logging_mixin.py:190} INFO - [2026-09-25T16:22:23.275+0000] {dag.py:4180} INFO - Setting next_dagrun for example_task_group to None, run_after=None
[2026-09-25T16:22:23.350+0000] {processor.py:208} INFO - Processing /home/airflow/.local/lib/python3.12/site-packages/airflow/example_dags/example_task_group.py took 1.233 seconds
[2026-09-25T16:23:06.068+0000] {processor.py:186} INFO - Started process (PID=476) to work on /home/airflow/.local/lib/python3.12/site-packages/airflow/example_dags/example_task_group.py
[2026-09-25T16:23:06.077+0000] {processor.py:914} INFO - Processing file /home/airflow/.local/lib/python3.12/site-packages/airflow/example_dags/example_task_group.py for tasks to queue
[2026-09-25T16:23:06.089+0000] {logging_mixin.py:190} INFO - [2026-09-25T16:23:06.088+0000] {dagbag.py:588} INFO - Filling up the DagBag from /home/airflow/.local/lib/python3.12/site-packages/airflow/example_dags/example_task_group.py
[2026-09-25T16:23:06.128+0000] {processor.py:925} INFO - DAG(s) 'example_task_group' retrieved from /home/airflow/.local/lib/python3.12/site-packages/airflow/example_dags/example_task_group.py
[2026-09-25T16:23:06.190+0000] {logging_mixin.py:190} INFO - [2026-09-25T16:23:06.190+0000] {dag.py:3239} INFO - Sync 1 DAGs
[2026-09-25T16:23:06.242+0000] {logging_mixin.py:190} INFO - [2026-09-25T16:23:06.242+0000] {dag.py:4180} INFO - Setting next_dagrun for example_task_group to None, run_after=None
[2026-09-25T16:23:06.291+0000] {processor.py:208} INFO - Processing /home/airflow/.local/lib/python3.12/site-packages/airflow/example_dags/example_task_group.py took 0.254 seconds
[2026-09-25T16:23:45.935+0000] {processor.py:186} INFO - Started process (PID=531) to work on /home/airflow/.local/lib/python3.12/site-packages/airflow/example_dags/example_task_group.py
[2026-09-25T16:23:45.938+0000] {processor.py:914} INFO - Processing file /home/airflow/.local/lib/python3.12/site-packages/airflow/example_dags/example_task_group.py for tasks to queue
[2026-09-25T16:23:45.944+0000] {logging_mixin.py:190} INFO - [2026-09-25T16:23:45.943+0000] {dagbag.py:588} INFO - Filling up the DagBag from /home/airflow/.local/lib/python3.12/site-packages/airflow/example_dags/example_task_group.py
[2026-09-25T16:23:45.989+0000] {processor.py:925} INFO - DAG(s) 'example_task_group' retrieved from /home/airflow/.local/lib/python3.12/site-packages/airflow/example_dags/example_task_group.py
[2026-09-25T16:23:46.077+0000] {logging_mixin.py:190} INFO - [2026-09-25T16:23:46.076+0000] {dag.py:3239} INFO - Sync 1 DAGs
[2026-09-25T16:23:46.172+0000] {logging_mixin.py:190} INFO - [2026-09-25T16:23:46.171+0000] {dag.py:4180} INFO - Setting next_dagrun for example_task_group to None, run_after=None
[2026-09-25T16:23:46.250+0000] {processor.py:208} INFO - Processing /home/airflow/.local/lib/python3.12/site-packages/airflow/example_dags/example_task_group.py took 0.329 seconds
[2026-09-25T16:24:17.102+0000] {processor.py:186} INFO - Started process (PID=594) to work on /home/airflow/.local/lib/python3.12/site-packages/airflow/example_dags/example_task_group.py
[2026-09-25T16:24:17.110+0000] {processor.py:914} INFO - Processing file /home/airflow/.local/lib/python3.12/site-packages/airflow/example_dags/example_task_group.py for tasks to queue
[2026-09-25T16:24:17.120+0000] {logging_mixin.py:190} INFO - [2026-09-25T16:24:17.119+0000] {dagbag.py:588} INFO - Filling up the DagBag from /home/airflow/.local/lib/python3.12/site-packages/airflow/example_dags/example_task_group.py
[2026-09-25T16:24:17.161+0000] {processor.py:925} INFO - DAG(s) 'example_task_group' retrieved from /home/airflow/.local/lib/python3.12/site-packages/airflow/example_dags/example_task_group.py
[2026-09-25T16:24:17.273+0000] {logging_mixin.py:190} INFO - [2026-09-25T16:24:17.272+0000] {dag.py:3239} INFO - Sync 1 DAGs
[2026-09-25T16:24:17.423+0000] {logging_mixin.py:190} INFO - [2026-09-25T16:24:17.423+0000] {dag.py:4180} INFO - Setting next_dagrun for example_task_group to None, run_after=None
[2026-09-25T16:24:17.489+0000] {processor.py:208} INFO - Processing /home/airflow/.local/lib/python3.12/site-packages/airflow/example_dags/example_task_group.py took 0.408 seconds
[2026-09-25T16:24:53.666+0000] {processor.py:186} INFO - Started process (PID=653) to work on /home/airflow/.local/lib/python3.12/site-packages/airflow/example_dags/example_task_group.py
[2026-09-25T16:24:53.674+0000] {processor.py:914} INFO - Processing file /home/airflow/.local/lib/python3.12/site-packages/airflow/example_dags/example_task_group.py for tasks to queue
[2026-09-25T16:24:53.683+0000] {logging_mixin.py:190} INFO - [2026-09-25T16:24:53.682+0000] {dagbag.py:588} INFO - Filling up the DagBag from /home/airflow/.local/lib/python3.12/site-packages/airflow/example_dags/example_task_group.py
[2026-09-25T16:24:53.762+0000] {processor.py:925} INFO - DAG(s) 'example_task_group' retrieved from /home/airflow/.local/lib/python3.12/site-packages/airflow/example_dags/example_task_group.py
[2026-09-25T16:24:53.877+0000] {logging_mixin.py:190} INFO - [2026-09-25T16:24:53.876+0000] {dag.py:3239} INFO - Sync 1 DAGs
[2026-09-25T16:24:54.129+0000] {logging_mixin.py:190} INFO - [2026-09-25T16:24:54.120+0000] {dag.py:4180} INFO - Setting next_dagrun for example_task_group to None, run_after=None
[2026-09-25T16:24:54.303+0000] {processor.py:208} INFO - Processing /home/airflow/.local/lib/python3.12/site-packages/airflow/example_dags/example_task_group.py took 0.673 seconds
[2026-09-25T16:25:24.564+0000] {processor.py:186} INFO - Started process (PID=715) to work on /home/airflow/.local/lib/python3.12/site-packages/airflow/example_dags/example_task_group.py
[2026-09-25T16:25:24.572+0000] {processor.py:914} INFO - Processing file /home/airflow/.local/lib/python3.12/site-packages/airflow/example_dags/example_task_group.py for tasks to queue
[2026-09-25T16:25:24.593+0000] {logging_mixin.py:190} INFO - [2026-09-25T16:25:24.592+0000] {dagbag.py:588} INFO - Filling up the DagBag from /home/airflow/.local/lib/python3.12/site-packages/airflow/example_dags/example_task_group.py
[2026-09-25T16:25:24.640+0000] {processor.py:925} INFO - DAG(s) 'example_task_group' retrieved from /home/airflow/.local/lib/python3.12/site-packages/airflow/example_dags/example_task_group.py
[2026-09-25T16:25:24.773+0000] {logging_mixin.py:190} INFO - [2026-09-25T16:25:24.772+0000] {dag.py:3239} INFO - Sync 1 DAGs
[2026-09-25T16:25:24.824+0000] {logging_mixin.py:190} INFO - [2026-09-25T16:25:24.823+0000] {dag.py:4180} INFO - Setting next_dagrun for example_task_group to None, run_after=None
[2026-09-25T16:25:24.872+0000] {processor.py:208} INFO - Processing /home/airflow/.local/lib/python3.12/site-packages/airflow/example_dags/example_task_group.py took 0.354 seconds
[2026-09-25T16:26:04.452+0000] {processor.py:186} INFO - Started process (PID=777) to work on /home/airflow/.local/lib/python3.12/site-packages/airflow/example_dags/example_task_group.py
[2026-09-25T16:26:04.458+0000] {processor.py:914} INFO - Processing file /home/airflow/.local/lib/python3.12/site-packages/airflow/example_dags/example_task_group.py for tasks to queue
[2026-09-25T16:26:04.472+0000] {logging_mixin.py:190} INFO - [2026-09-25T16:26:04.471+0000] {dagbag.py:588} INFO - Filling up the DagBag from /home/airflow/.local/lib/python3.12/site-packages/airflow/example_dags/example_task_group.py
[2026-09-25T16:26:04.524+0000] {processor.py:925} INFO - DAG(s) 'example_task_group' retrieved from /home/airflow/.local/lib/python3.12/site-packages/airflow/example_dags/example_task_group.py
[2026-09-25T16:26:04.660+0000] {logging_mixin.py:190} INFO - [2026-09-25T16:26:04.659+0000] {dag.py:3239} INFO - Sync 1 DAGs
[2026-09-25T16:26:04.748+0000] {logging_mixin.py:190} INFO - [2026-09-25T16:26:04.747+0000] {dag.py:4180} INFO - Setting next_dagrun for example_task_group to None, run_after=None
[2026-09-25T16:26:04.948+0000] {processor.py:208} INFO - Processing /home/airflow/.local/lib/python3.12/site-packages/airflow/example_dags/example_task_group.py took 0.522 seconds
[2026-09-25T16:26:35.190+0000] {processor.py:186} INFO - Started process (PID=838) to work on /home/airflow/.local/lib/python3.12/site-packages/airflow/example_dags/example_task_group.py
[2026-09-25T16:26:35.192+0000] {processor.py:914} INFO - Processing file /home/airflow/.local/lib/python3.12/site-packages/airflow/example_dags/example_task_group.py for tasks to queue
[2026-09-25T16:26:35.198+0000] {logging_mixin.py:190} INFO - [2026-09-25T16:26:35.197+0000] {dagbag.py:588} INFO - Filling up the DagBag from /home/airflow/.local/lib/python3.12/site-packages/airflow/example_dags/example_task_group.py
[2026-09-25T16:26:35.214+0000] {processor.py:925} INFO - DAG(s) 'example_task_group' retrieved from /home/airflow/.local/lib/python3.12/site-packages/airflow/example_dags/example_task_group.py
[2026-09-25T16:26:35.252+0000] {logging_mixin.py:190} INFO - [2026-09-25T16:26:35.251+0000] {dag.py:3239} INFO - Sync 1 DAGs
[2026-09-25T16:26:35.275+0000] {logging_mixin.py:190} INFO - [2026-09-25T16:26:35.275+0000] {dag.py:4180} INFO - Setting next_dagrun for example_task_group to None, run_after=None
[2026-09-25T16:26:35.310+0000] {processor.py:208} INFO - Processing /home/airflow/.local/lib/python3.12/site-packages/airflow/example_dags/example_task_group.py took 0.131 seconds
[2026-09-25T16:27:14.866+0000] {processor.py:186} INFO - Started process (PID=908) to work on /home/airflow/.local/lib/python3.12/site-packages/airflow/example_dags/example_task_group.py
[2026-09-25T16:27:14.871+0000] {processor.py:914} INFO - Processing file /home/airflow/.local/lib/python3.12/site-packages/airflow/example_dags/example_task_group.py for tasks to queue
[2026-09-25T16:27:14.877+0000] {logging_mixin.py:190} INFO - [2026-09-25T16:27:14.876+0000] {dagbag.py:588} INFO - Filling up the DagBag from /home/airflow/.local/lib/python3.12/site-packages/airflow/example_dags/example_task_group.py
[2026-09-25T16:27:14.902+0000] {processor.py:925} INFO - DAG(s) 'example_task_group' retrieved from /home/airflow/.local/lib/python3.12/site-packages/airflow/example_dags/example_task_group.py
[2026-09-25T16:27:15.060+0000] {logging_mixin.py:190} INFO - [2026-09-25T16:27:15.060+0000] {dag.py:3239} INFO - Sync 1 DAGs
[2026-09-25T16:27:15.119+0000] {logging_mixin.py:190} INFO - [2026-09-25T16:27:15.119+0000] {dag.py:4180} INFO - Setting next_dagrun for example_task_group to None, run_after=None
[2026-09-25T16:27:15.219+0000] {processor.py:208} INFO - Processing /home/airflow/.local/lib/python3.12/site-packages/airflow/example_dags/example_task_group.py took 0.379 seconds
[2026-09-25T16:27:56.230+0000] {processor.py:186} INFO - Started process (PID=963) to work on /home/airflow/.local/lib/python3.12/site-packages/airflow/example_dags/example_task_group.py
[2026-09-25T16:27:56.235+0000] {processor.py:914} INFO - Processing file /home/airflow/.local/lib/python3.12/site-packages/airflow/example_dags/example_task_group.py for tasks to queue
[2026-09-25T16:27:56.271+0000] {logging_mixin.py:190} INFO - [2026-09-25T16:27:56.264+0000] {dagbag.py:588} INFO - Filling up the DagBag from /home/airflow/.local/lib/python3.12/site-packages/airflow/example_dags/example_task_group.py
[2026-09-25T16:27:56.463+0000] {processor.py:925} INFO - DAG(s) 'example_task_group' retrieved from /home/airflow/.local/lib/python3.12/site-packages/airflow/example_dags/example_task_group.py
[2026-09-25T16:27:56.686+0000] {logging_mixin.py:190} INFO - [2026-09-25T16:27:56.685+0000] {dag.py:3239} INFO - Sync 1 DAGs
[2026-09-25T16:27:56.799+0000] {logging_mixin.py:190} INFO - [2026-09-25T16:27:56.798+0000] {dag.py:4180} INFO - Setting next_dagrun for example_task_group to None, run_after=None
[2026-09-25T16:27:56.865+0000] {processor.py:208} INFO - Processing /home/airflow/.local/lib/python3.12/site-packages/airflow/example_dags/example_task_group.py took 0.656 seconds
[2026-09-25T16:28:40.771+0000] {processor.py:186} INFO - Started process (PID=1021) to work on /home/airflow/.local/lib/python3.12/site-packages/airflow/example_dags/example_task_group.py
[2026-09-25T16:28:40.792+0000] {processor.py:914} INFO - Processing file /home/airflow/.local/lib/python3.12/site-packages/airflow/example_dags/example_task_group.py for tasks to queue
[2026-09-25T16:28:40.856+0000] {logging_mixin.py:190} INFO - [2026-09-25T16:28:40.834+0000] {dagbag.py:588} INFO - Filling up the DagBag from /home/airflow/.local/lib/python3.12/site-packages/airflow/example_dags/example_task_group.py
[2026-09-25T16:28:41.029+0000] {processor.py:925} INFO - DAG(s) 'example_task_group' retrieved from /home/airflow/.local/lib/python3.12/site-packages/airflow/example_dags/example_task_group.py
[2026-09-25T16:28:41.662+0000] {logging_mixin.py:190} INFO - [2026-09-25T16:28:41.661+0000] {dag.py:3239} INFO - Sync 1 DAGs
[2026-09-25T16:28:43.162+0000] {logging_mixin.py:190} INFO - [2026-09-25T16:28:42.972+0000] {dag.py:4180} INFO - Setting next_dagrun for example_task_group to None, run_after=None
[2026-09-25T16:28:43.468+0000] {processor.py:208} INFO - Processing /home/airflow/.local/lib/python3.12/site-packages/airflow/example_dags/example_task_group.py took 2.789 seconds
[2026-09-25T16:43:03.733+0000] {processor.py:186} INFO - Started process (PID=61) to work on /home/airflow/.local/lib/python3.12/site-packages/airflow/example_dags/example_task_group.py
[2026-09-25T16:43:03.740+0000] {processor.py:914} INFO - Processing file /home/airflow/.local/lib/python3.12/site-packages/airflow/example_dags/example_task_group.py for tasks to queue
[2026-09-25T16:43:03.753+0000] {logging_mixin.py:190} INFO - [2026-09-25T16:43:03.752+0000] {dagbag.py:588} INFO - Filling up the DagBag from /home/airflow/.local/lib/python3.12/site-packages/airflow/example_dags/example_task_group.py
[2026-09-25T16:43:03.856+0000] {processor.py:925} INFO - DAG(s) 'example_task_group' retrieved from /home/airflow/.local/lib/python3.12/site-packages/airflow/example_dags/example_task_group.py
[2026-09-25T16:43:04.047+0000] {logging_mixin.py:190} INFO - [2026-09-25T16:43:04.047+0000] {dag.py:3239} INFO - Sync 1 DAGs
[2026-09-25T16:43:04.201+0000] {logging_mixin.py:190} INFO - [2026-09-25T16:43:04.201+0000] {dag.py:4180} INFO - Setting next_dagrun for example_task_group to None, run_after=None
[2026-09-25T16:43:04.555+0000] {processor.py:208} INFO - Processing /home/airflow/.local/lib/python3.12/site-packages/airflow/example_dags/example_task_group.py took 0.879 seconds
[2026-09-25T16:44:01.866+0000] {processor.py:186} INFO - Started process (PID=123) to work on /home/airflow/.local/lib/python3.12/site-packages/airflow/example_dags/example_task_group.py
[2026-09-25T16:44:01.872+0000] {processor.py:914} INFO - Processing file /home/airflow/.local/lib/python3.12/site-packages/airflow/example_dags/example_task_group.py for tasks to queue
[2026-09-25T16:44:01.882+0000] {logging_mixin.py:190} INFO - [2026-09-25T16:44:01.880+0000] {dagbag.py:588} INFO - Filling up the DagBag from /home/airflow/.local/lib/python3.12/site-packages/airflow/example_dags/example_task_group.py
[2026-09-25T16:44:01.905+0000] {processor.py:925} INFO - DAG(s) 'example_task_group' retrieved from /home/airflow/.local/lib/python3.12/site-packages/airflow/example_dags/example_task_group.py
[2026-09-25T16:44:01.969+0000] {logging_mixin.py:190} INFO - [2026-09-25T16:44:01.968+0000] {dag.py:3239} INFO - Sync 1 DAGs
[2026-09-25T16:44:02.092+0000] {logging_mixin.py:190} INFO - [2026-09-25T16:44:02.090+0000] {dag.py:4180} INFO - Setting next_dagrun for example_task_group to None, run_after=None
[2026-09-25T16:44:02.261+0000] {processor.py:208} INFO - Processing /home/airflow/.local/lib/python3.12/site-packages/airflow/example_dags/example_task_group.py took 0.409 seconds
[2026-09-25T16:44:32.612+0000] {processor.py:186} INFO - Started process (PID=192) to work on /home/airflow/.local/lib/python3.12/site-packages/airflow/example_dags/example_task_group.py
[2026-09-25T16:44:32.615+0000] {processor.py:914} INFO - Processing file /home/airflow/.local/lib/python3.12/site-packages/airflow/example_dags/example_task_group.py for tasks to queue
[2026-09-25T16:44:32.621+0000] {logging_mixin.py:190} INFO - [2026-09-25T16:44:32.621+0000] {dagbag.py:588} INFO - Filling up the DagBag from /home/airflow/.local/lib/python3.12/site-packages/airflow/example_dags/example_task_group.py
[2026-09-25T16:44:32.650+0000] {processor.py:925} INFO - DAG(s) 'example_task_group' retrieved from /home/airflow/.local/lib/python3.12/site-packages/airflow/example_dags/example_task_group.py
[2026-09-25T16:44:32.713+0000] {logging_mixin.py:190} INFO - [2026-09-25T16:44:32.713+0000] {dag.py:3239} INFO - Sync 1 DAGs
[2026-09-25T16:44:32.767+0000] {logging_mixin.py:190} INFO - [2026-09-25T16:44:32.767+0000] {dag.py:4180} INFO - Setting next_dagrun for example_task_group to None, run_after=None
[2026-09-25T16:44:32.827+0000] {processor.py:208} INFO - Processing /home/airflow/.local/lib/python3.12/site-packages/airflow/example_dags/example_task_group.py took 0.232 seconds
[2026-09-25T16:45:11.419+0000] {processor.py:186} INFO - Started process (PID=248) to work on /home/airflow/.local/lib/python3.12/site-packages/airflow/example_dags/example_task_group.py
[2026-09-25T16:45:11.422+0000] {processor.py:914} INFO - Processing file /home/airflow/.local/lib/python3.12/site-packages/airflow/example_dags/example_task_group.py for tasks to queue
[2026-09-25T16:45:11.432+0000] {logging_mixin.py:190} INFO - [2026-09-25T16:45:11.431+0000] {dagbag.py:588} INFO - Filling up the DagBag from /home/airflow/.local/lib/python3.12/site-packages/airflow/example_dags/example_task_group.py
[2026-09-25T16:45:11.455+0000] {processor.py:925} INFO - DAG(s) 'example_task_group' retrieved from /home/airflow/.local/lib/python3.12/site-packages/airflow/example_dags/example_task_group.py
[2026-09-25T16:45:11.535+0000] {logging_mixin.py:190} INFO - [2026-09-25T16:45:11.535+0000] {dag.py:3239} INFO - Sync 1 DAGs
[2026-09-25T16:45:11.577+0000] {logging_mixin.py:190} INFO - [2026-09-25T16:45:11.576+0000] {dag.py:4180} INFO - Setting next_dagrun for example_task_group to None, run_after=None
[2026-09-25T16:45:11.682+0000] {processor.py:208} INFO - Processing /home/airflow/.local/lib/python3.12/site-packages/airflow/example_dags/example_task_group.py took 0.275 seconds
[2026-09-25T16:45:45.211+0000] {processor.py:186} INFO - Started process (PID=310) to work on /home/airflow/.local/lib/python3.12/site-packages/airflow/example_dags/example_task_group.py
[2026-09-25T16:45:45.214+0000] {processor.py:914} INFO - Processing file /home/airflow/.local/lib/python3.12/site-packages/airflow/example_dags/example_task_group.py for tasks to queue
[2026-09-25T16:45:45.222+0000] {logging_mixin.py:190} INFO - [2026-09-25T16:45:45.222+0000] {dagbag.py:588} INFO - Filling up the DagBag from /home/airflow/.local/lib/python3.12/site-packages/airflow/example_dags/example_task_group.py
[2026-09-25T16:45:45.249+0000] {processor.py:925} INFO - DAG(s) 'example_task_group' retrieved from /home/airflow/.local/lib/python3.12/site-packages/airflow/example_dags/example_task_group.py
[2026-09-25T16:45:45.319+0000] {logging_mixin.py:190} INFO - [2026-09-25T16:45:45.318+0000] {dag.py:3239} INFO - Sync 1 DAGs
[2026-09-25T16:45:45.415+0000] {logging_mixin.py:190} INFO - [2026-09-25T16:45:45.414+0000] {dag.py:4180} INFO - Setting next_dagrun for example_task_group to None, run_after=None
[2026-09-25T16:45:45.490+0000] {processor.py:208} INFO - Processing /home/airflow/.local/lib/python3.12/site-packages/airflow/example_dags/example_task_group.py took 0.300 seconds
[2026-09-25T16:46:15.814+0000] {processor.py:186} INFO - Started process (PID=371) to work on /home/airflow/.local/lib/python3.12/site-packages/airflow/example_dags/example_task_group.py
[2026-09-25T16:46:15.817+0000] {processor.py:914} INFO - Processing file /home/airflow/.local/lib/python3.12/site-packages/airflow/example_dags/example_task_group.py for tasks to queue
[2026-09-25T16:46:15.825+0000] {logging_mixin.py:190} INFO - [2026-09-25T16:46:15.824+0000] {dagbag.py:588} INFO - Filling up the DagBag from /home/airflow/.local/lib/python3.12/site-packages/airflow/example_dags/example_task_group.py
[2026-09-25T16:46:15.871+0000] {processor.py:925} INFO - DAG(s) 'example_task_group' retrieved from /home/airflow/.local/lib/python3.12/site-packages/airflow/example_dags/example_task_group.py
[2026-09-25T16:46:15.937+0000] {logging_mixin.py:190} INFO - [2026-09-25T16:46:15.936+0000] {dag.py:3239} INFO - Sync 1 DAGs
[2026-09-25T16:46:16.031+0000] {logging_mixin.py:190} INFO - [2026-09-25T16:46:16.030+0000] {dag.py:4180} INFO - Setting next_dagrun for example_task_group to None, run_after=None
[2026-09-25T16:46:16.116+0000] {processor.py:208} INFO - Processing /home/airflow/.local/lib/python3.12/site-packages/airflow/example_dags/example_task_group.py took 0.340 seconds
[2026-09-25T16:46:46.895+0000] {processor.py:186} INFO - Started process (PID=433) to work on /home/airflow/.local/lib/python3.12/site-packages/airflow/example_dags/example_task_group.py
[2026-09-25T16:46:46.902+0000] {processor.py:914} INFO - Processing file /home/airflow/.local/lib/python3.12/site-packages/airflow/example_dags/example_task_group.py for tasks to queue
[2026-09-25T16:46:46.909+0000] {logging_mixin.py:190} INFO - [2026-09-25T16:46:46.908+0000] {dagbag.py:588} INFO - Filling up the DagBag from /home/airflow/.local/lib/python3.12/site-packages/airflow/example_dags/example_task_group.py
[2026-09-25T16:46:46.933+0000] {processor.py:925} INFO - DAG(s) 'example_task_group' retrieved from /home/airflow/.local/lib/python3.12/site-packages/airflow/example_dags/example_task_group.py
[2026-09-25T16:46:47.007+0000] {logging_mixin.py:190} INFO - [2026-09-25T16:46:47.006+0000] {dag.py:3239} INFO - Sync 1 DAGs
[2026-09-25T16:46:47.070+0000] {logging_mixin.py:190} INFO - [2026-09-25T16:46:47.070+0000] {dag.py:4180} INFO - Setting next_dagrun for example_task_group to None, run_after=None
[2026-09-25T16:46:47.124+0000] {processor.py:208} INFO - Processing /home/airflow/.local/lib/python3.12/site-packages/airflow/example_dags/example_task_group.py took 0.244 seconds
[2026-09-25T16:47:17.366+0000] {processor.py:186} INFO - Started process (PID=495) to work on /home/airflow/.local/lib/python3.12/site-packages/airflow/example_dags/example_task_group.py
[2026-09-25T16:47:17.368+0000] {processor.py:914} INFO - Processing file /home/airflow/.local/lib/python3.12/site-packages/airflow/example_dags/example_task_group.py for tasks to queue
[2026-09-25T16:47:17.375+0000] {logging_mixin.py:190} INFO - [2026-09-25T16:47:17.374+0000] {dagbag.py:588} INFO - Filling up the DagBag from /home/airflow/.local/lib/python3.12/site-packages/airflow/example_dags/example_task_group.py
[2026-09-25T16:47:17.413+0000] {processor.py:925} INFO - DAG(s) 'example_task_group' retrieved from /home/airflow/.local/lib/python3.12/site-packages/airflow/example_dags/example_task_group.py
[2026-09-25T16:47:17.479+0000] {logging_mixin.py:190} INFO - [2026-09-25T16:47:17.479+0000] {dag.py:3239} INFO - Sync 1 DAGs
[2026-09-25T16:47:17.509+0000] {logging_mixin.py:190} INFO - [2026-09-25T16:47:17.508+0000] {dag.py:4180} INFO - Setting next_dagrun for example_task_group to None, run_after=None
[2026-09-25T16:47:17.551+0000] {processor.py:208} INFO - Processing /home/airflow/.local/lib/python3.12/site-packages/airflow/example_dags/example_task_group.py took 0.205 seconds
[2026-09-25T16:48:03.740+0000] {processor.py:186} INFO - Started process (PID=558) to work on /home/airflow/.local/lib/python3.12/site-packages/airflow/example_dags/example_task_group.py
[2026-09-25T16:48:03.743+0000] {processor.py:914} INFO - Processing file /home/airflow/.local/lib/python3.12/site-packages/airflow/example_dags/example_task_group.py for tasks to queue
[2026-09-25T16:48:03.750+0000] {logging_mixin.py:190} INFO - [2026-09-25T16:48:03.749+0000] {dagbag.py:588} INFO - Filling up the DagBag from /home/airflow/.local/lib/python3.12/site-packages/airflow/example_dags/example_task_group.py
[2026-09-25T16:48:03.776+0000] {processor.py:925} INFO - DAG(s) 'example_task_group' retrieved from /home/airflow/.local/lib/python3.12/site-packages/airflow/example_dags/example_task_group.py
[2026-09-25T16:48:03.862+0000] {logging_mixin.py:190} INFO - [2026-09-25T16:48:03.861+0000] {dag.py:3239} INFO - Sync 1 DAGs
[2026-09-25T16:48:03.910+0000] {logging_mixin.py:190} INFO - [2026-09-25T16:48:03.909+0000] {dag.py:4180} INFO - Setting next_dagrun for example_task_group to None, run_after=None
[2026-09-25T16:48:04.472+0000] {processor.py:208} INFO - Processing /home/airflow/.local/lib/python3.12/site-packages/airflow/example_dags/example_task_group.py took 0.750 seconds
[2026-09-25T16:48:35.266+0000] {processor.py:186} INFO - Started process (PID=619) to work on /home/airflow/.local/lib/python3.12/site-packages/airflow/example_dags/example_task_group.py
[2026-09-25T16:48:35.269+0000] {processor.py:914} INFO - Processing file /home/airflow/.local/lib/python3.12/site-packages/airflow/example_dags/example_task_group.py for tasks to queue
[2026-09-25T16:48:35.274+0000] {logging_mixin.py:190} INFO - [2026-09-25T16:48:35.273+0000] {dagbag.py:588} INFO - Filling up the DagBag from /home/airflow/.local/lib/python3.12/site-packages/airflow/example_dags/example_task_group.py
[2026-09-25T16:48:35.295+0000] {processor.py:925} INFO - DAG(s) 'example_task_group' retrieved from /home/airflow/.local/lib/python3.12/site-packages/airflow/example_dags/example_task_group.py
[2026-09-25T16:48:35.345+0000] {logging_mixin.py:190} INFO - [2026-09-25T16:48:35.344+0000] {dag.py:3239} INFO - Sync 1 DAGs
[2026-09-25T16:48:35.380+0000] {logging_mixin.py:190} INFO - [2026-09-25T16:48:35.380+0000] {dag.py:4180} INFO - Setting next_dagrun for example_task_group to None, run_after=None
[2026-09-25T16:48:35.421+0000] {processor.py:208} INFO - Processing /home/airflow/.local/lib/python3.12/site-packages/airflow/example_dags/example_task_group.py took 0.165 seconds
[2026-09-25T16:49:07.589+0000] {processor.py:186} INFO - Started process (PID=680) to work on /home/airflow/.local/lib/python3.12/site-packages/airflow/example_dags/example_task_group.py
[2026-09-25T16:49:07.592+0000] {processor.py:914} INFO - Processing file /home/airflow/.local/lib/python3.12/site-packages/airflow/example_dags/example_task_group.py for tasks to queue
[2026-09-25T16:49:07.597+0000] {logging_mixin.py:190} INFO - [2026-09-25T16:49:07.597+0000] {dagbag.py:588} INFO - Filling up the DagBag from /home/airflow/.local/lib/python3.12/site-packages/airflow/example_dags/example_task_group.py
[2026-09-25T16:49:07.623+0000] {processor.py:925} INFO - DAG(s) 'example_task_group' retrieved from /home/airflow/.local/lib/python3.12/site-packages/airflow/example_dags/example_task_group.py
[2026-09-25T16:49:07.700+0000] {logging_mixin.py:190} INFO - [2026-09-25T16:49:07.699+0000] {dag.py:3239} INFO - Sync 1 DAGs
[2026-09-25T16:49:07.742+0000] {logging_mixin.py:190} INFO - [2026-09-25T16:49:07.742+0000] {dag.py:4180} INFO - Setting next_dagrun for example_task_group to None, run_after=None
[2026-09-25T16:49:07.797+0000] {processor.py:208} INFO - Processing /home/airflow/.local/lib/python3.12/site-packages/airflow/example_dags/example_task_group.py took 0.224 seconds
[2026-09-25T16:49:38.998+0000] {processor.py:186} INFO - Started process (PID=740) to work on /home/airflow/.local/lib/python3.12/site-packages/airflow/example_dags/example_task_group.py
[2026-09-25T16:49:39.035+0000] {processor.py:914} INFO - Processing file /home/airflow/.local/lib/python3.12/site-packages/airflow/example_dags/example_task_group.py for tasks to queue
[2026-09-25T16:49:39.198+0000] {logging_mixin.py:190} INFO - [2026-09-25T16:49:39.149+0000] {dagbag.py:588} INFO - Filling up the DagBag from /home/airflow/.local/lib/python3.12/site-packages/airflow/example_dags/example_task_group.py
[2026-09-25T16:49:39.316+0000] {processor.py:925} INFO - DAG(s) 'example_task_group' retrieved from /home/airflow/.local/lib/python3.12/site-packages/airflow/example_dags/example_task_group.py
[2026-09-25T16:49:39.518+0000] {logging_mixin.py:190} INFO - [2026-09-25T16:49:39.517+0000] {dag.py:3239} INFO - Sync 1 DAGs
[2026-09-25T16:49:39.694+0000] {logging_mixin.py:190} INFO - [2026-09-25T16:49:39.691+0000] {dag.py:4180} INFO - Setting next_dagrun for example_task_group to None, run_after=None
[2026-09-25T16:49:39.919+0000] {processor.py:208} INFO - Processing /home/airflow/.local/lib/python3.12/site-packages/airflow/example_dags/example_task_group.py took 0.982 seconds
[2026-09-25T16:55:47.619+0000] {processor.py:186} INFO - Started process (PID=61) to work on /home/airflow/.local/lib/python3.12/site-packages/airflow/example_dags/example_task_group.py
[2026-09-25T16:55:47.622+0000] {processor.py:914} INFO - Processing file /home/airflow/.local/lib/python3.12/site-packages/airflow/example_dags/example_task_group.py for tasks to queue
[2026-09-25T16:55:47.628+0000] {logging_mixin.py:190} INFO - [2026-09-25T16:55:47.628+0000] {dagbag.py:588} INFO - Filling up the DagBag from /home/airflow/.local/lib/python3.12/site-packages/airflow/example_dags/example_task_group.py
[2026-09-25T16:55:47.657+0000] {processor.py:925} INFO - DAG(s) 'example_task_group' retrieved from /home/airflow/.local/lib/python3.12/site-packages/airflow/example_dags/example_task_group.py
[2026-09-25T16:55:47.818+0000] {logging_mixin.py:190} INFO - [2026-09-25T16:55:47.815+0000] {dag.py:3239} INFO - Sync 1 DAGs
[2026-09-25T16:55:47.924+0000] {logging_mixin.py:190} INFO - [2026-09-25T16:55:47.924+0000] {dag.py:4180} INFO - Setting next_dagrun for example_task_group to None, run_after=None
[2026-09-25T16:55:48.113+0000] {processor.py:208} INFO - Processing /home/airflow/.local/lib/python3.12/site-packages/airflow/example_dags/example_task_group.py took 0.510 seconds
[2026-09-25T16:58:23.611+0000] {processor.py:186} INFO - Started process (PID=146) to work on /home/airflow/.local/lib/python3.12/site-packages/airflow/example_dags/example_task_group.py
[2026-09-25T16:58:23.632+0000] {processor.py:914} INFO - Processing file /home/airflow/.local/lib/python3.12/site-packages/airflow/example_dags/example_task_group.py for tasks to queue
[2026-09-25T16:58:23.639+0000] {logging_mixin.py:190} INFO - [2026-09-25T16:58:23.638+0000] {dagbag.py:588} INFO - Filling up the DagBag from /home/airflow/.local/lib/python3.12/site-packages/airflow/example_dags/example_task_group.py
[2026-09-25T16:58:23.677+0000] {processor.py:925} INFO - DAG(s) 'example_task_group' retrieved from /home/airflow/.local/lib/python3.12/site-packages/airflow/example_dags/example_task_group.py
[2026-09-25T16:58:23.795+0000] {logging_mixin.py:190} INFO - [2026-09-25T16:58:23.795+0000] {dag.py:3239} INFO - Sync 1 DAGs
[2026-09-25T16:58:23.882+0000] {logging_mixin.py:190} INFO - [2026-09-25T16:58:23.882+0000] {dag.py:4180} INFO - Setting next_dagrun for example_task_group to None, run_after=None
[2026-09-25T16:58:23.935+0000] {processor.py:208} INFO - Processing /home/airflow/.local/lib/python3.12/site-packages/airflow/example_dags/example_task_group.py took 0.361 seconds
[2026-09-25T16:58:56.774+0000] {processor.py:186} INFO - Started process (PID=209) to work on /home/airflow/.local/lib/python3.12/site-packages/airflow/example_dags/example_task_group.py
[2026-09-25T16:58:56.788+0000] {processor.py:914} INFO - Processing file /home/airflow/.local/lib/python3.12/site-packages/airflow/example_dags/example_task_group.py for tasks to queue
[2026-09-25T16:58:56.802+0000] {logging_mixin.py:190} INFO - [2026-09-25T16:58:56.800+0000] {dagbag.py:588} INFO - Filling up the DagBag from /home/airflow/.local/lib/python3.12/site-packages/airflow/example_dags/example_task_group.py
[2026-09-25T16:58:56.885+0000] {processor.py:925} INFO - DAG(s) 'example_task_group' retrieved from /home/airflow/.local/lib/python3.12/site-packages/airflow/example_dags/example_task_group.py
[2026-09-25T16:58:57.065+0000] {logging_mixin.py:190} INFO - [2026-09-25T16:58:57.065+0000] {dag.py:3239} INFO - Sync 1 DAGs
[2026-09-25T16:58:57.129+0000] {logging_mixin.py:190} INFO - [2026-09-25T16:58:57.129+0000] {dag.py:4180} INFO - Setting next_dagrun for example_task_group to None, run_after=None
[2026-09-25T16:58:57.270+0000] {processor.py:208} INFO - Processing /home/airflow/.local/lib/python3.12/site-packages/airflow/example_dags/example_task_group.py took 0.530 seconds
[2026-09-25T16:59:27.610+0000] {processor.py:186} INFO - Started process (PID=272) to work on /home/airflow/.local/lib/python3.12/site-packages/airflow/example_dags/example_task_group.py
[2026-09-25T16:59:27.618+0000] {processor.py:914} INFO - Processing file /home/airflow/.local/lib/python3.12/site-packages/airflow/example_dags/example_task_group.py for tasks to queue
[2026-09-25T16:59:27.631+0000] {logging_mixin.py:190} INFO - [2026-09-25T16:59:27.630+0000] {dagbag.py:588} INFO - Filling up the DagBag from /home/airflow/.local/lib/python3.12/site-packages/airflow/example_dags/example_task_group.py
[2026-09-25T16:59:27.698+0000] {processor.py:925} INFO - DAG(s) 'example_task_group' retrieved from /home/airflow/.local/lib/python3.12/site-packages/airflow/example_dags/example_task_group.py
[2026-09-25T16:59:27.814+0000] {logging_mixin.py:190} INFO - [2026-09-25T16:59:27.814+0000] {dag.py:3239} INFO - Sync 1 DAGs
[2026-09-25T16:59:27.875+0000] {logging_mixin.py:190} INFO - [2026-09-25T16:59:27.874+0000] {dag.py:4180} INFO - Setting next_dagrun for example_task_group to None, run_after=None
[2026-09-25T16:59:27.943+0000] {processor.py:208} INFO - Processing /home/airflow/.local/lib/python3.12/site-packages/airflow/example_dags/example_task_group.py took 0.370 seconds
[2026-09-25T16:59:59.156+0000] {processor.py:186} INFO - Started process (PID=327) to work on /home/airflow/.local/lib/python3.12/site-packages/airflow/example_dags/example_task_group.py
[2026-09-25T16:59:59.160+0000] {processor.py:914} INFO - Processing file /home/airflow/.local/lib/python3.12/site-packages/airflow/example_dags/example_task_group.py for tasks to queue
[2026-09-25T16:59:59.168+0000] {logging_mixin.py:190} INFO - [2026-09-25T16:59:59.166+0000] {dagbag.py:588} INFO - Filling up the DagBag from /home/airflow/.local/lib/python3.12/site-packages/airflow/example_dags/example_task_group.py
[2026-09-25T16:59:59.189+0000] {processor.py:925} INFO - DAG(s) 'example_task_group' retrieved from /home/airflow/.local/lib/python3.12/site-packages/airflow/example_dags/example_task_group.py
[2026-09-25T16:59:59.240+0000] {logging_mixin.py:190} INFO - [2026-09-25T16:59:59.240+0000] {dag.py:3239} INFO - Sync 1 DAGs
[2026-09-25T16:59:59.285+0000] {logging_mixin.py:190} INFO - [2026-09-25T16:59:59.284+0000] {dag.py:4180} INFO - Setting next_dagrun for example_task_group to None, run_after=None
[2026-09-25T16:59:59.324+0000] {processor.py:208} INFO - Processing /home/airflow/.local/lib/python3.12/site-packages/airflow/example_dags/example_task_group.py took 0.186 seconds
[2026-09-25T17:00:33.438+0000] {processor.py:186} INFO - Started process (PID=396) to work on /home/airflow/.local/lib/python3.12/site-packages/airflow/example_dags/example_task_group.py
[2026-09-25T17:00:33.442+0000] {processor.py:914} INFO - Processing file /home/airflow/.local/lib/python3.12/site-packages/airflow/example_dags/example_task_group.py for tasks to queue
[2026-09-25T17:00:33.470+0000] {logging_mixin.py:190} INFO - [2026-09-25T17:00:33.469+0000] {dagbag.py:588} INFO - Filling up the DagBag from /home/airflow/.local/lib/python3.12/site-packages/airflow/example_dags/example_task_group.py
[2026-09-25T17:00:33.518+0000] {processor.py:925} INFO - DAG(s) 'example_task_group' retrieved from /home/airflow/.local/lib/python3.12/site-packages/airflow/example_dags/example_task_group.py
[2026-09-25T17:00:33.567+0000] {logging_mixin.py:190} INFO - [2026-09-25T17:00:33.567+0000] {dag.py:3239} INFO - Sync 1 DAGs
[2026-09-25T17:00:33.595+0000] {logging_mixin.py:190} INFO - [2026-09-25T17:00:33.594+0000] {dag.py:4180} INFO - Setting next_dagrun for example_task_group to None, run_after=None
[2026-09-25T17:00:33.629+0000] {processor.py:208} INFO - Processing /home/airflow/.local/lib/python3.12/site-packages/airflow/example_dags/example_task_group.py took 0.211 seconds
[2026-09-25T17:01:08.083+0000] {processor.py:186} INFO - Started process (PID=458) to work on /home/airflow/.local/lib/python3.12/site-packages/airflow/example_dags/example_task_group.py
[2026-09-25T17:01:08.085+0000] {processor.py:914} INFO - Processing file /home/airflow/.local/lib/python3.12/site-packages/airflow/example_dags/example_task_group.py for tasks to queue
[2026-09-25T17:01:08.094+0000] {logging_mixin.py:190} INFO - [2026-09-25T17:01:08.093+0000] {dagbag.py:588} INFO - Filling up the DagBag from /home/airflow/.local/lib/python3.12/site-packages/airflow/example_dags/example_task_group.py
[2026-09-25T17:01:08.116+0000] {processor.py:925} INFO - DAG(s) 'example_task_group' retrieved from /home/airflow/.local/lib/python3.12/site-packages/airflow/example_dags/example_task_group.py
[2026-09-25T17:01:08.172+0000] {logging_mixin.py:190} INFO - [2026-09-25T17:01:08.171+0000] {dag.py:3239} INFO - Sync 1 DAGs
[2026-09-25T17:01:08.216+0000] {logging_mixin.py:190} INFO - [2026-09-25T17:01:08.215+0000] {dag.py:4180} INFO - Setting next_dagrun for example_task_group to None, run_after=None
[2026-09-25T17:01:08.264+0000] {processor.py:208} INFO - Processing /home/airflow/.local/lib/python3.12/site-packages/airflow/example_dags/example_task_group.py took 0.194 seconds
[2026-09-25T17:01:40.719+0000] {processor.py:186} INFO - Started process (PID=520) to work on /home/airflow/.local/lib/python3.12/site-packages/airflow/example_dags/example_task_group.py
[2026-09-25T17:01:40.723+0000] {processor.py:914} INFO - Processing file /home/airflow/.local/lib/python3.12/site-packages/airflow/example_dags/example_task_group.py for tasks to queue
[2026-09-25T17:01:40.744+0000] {logging_mixin.py:190} INFO - [2026-09-25T17:01:40.740+0000] {dagbag.py:588} INFO - Filling up the DagBag from /home/airflow/.local/lib/python3.12/site-packages/airflow/example_dags/example_task_group.py
[2026-09-25T17:01:40.783+0000] {processor.py:925} INFO - DAG(s) 'example_task_group' retrieved from /home/airflow/.local/lib/python3.12/site-packages/airflow/example_dags/example_task_group.py
[2026-09-25T17:01:40.865+0000] {logging_mixin.py:190} INFO - [2026-09-25T17:01:40.864+0000] {dag.py:3239} INFO - Sync 1 DAGs
[2026-09-25T17:01:40.934+0000] {logging_mixin.py:190} INFO - [2026-09-25T17:01:40.934+0000] {dag.py:4180} INFO - Setting next_dagrun for example_task_group to None, run_after=None
[2026-09-25T17:01:41.032+0000] {processor.py:208} INFO - Processing /home/airflow/.local/lib/python3.12/site-packages/airflow/example_dags/example_task_group.py took 0.344 seconds
[2026-09-25T17:02:16.638+0000] {processor.py:186} INFO - Started process (PID=567) to work on /home/airflow/.local/lib/python3.12/site-packages/airflow/example_dags/example_task_group.py
[2026-09-25T17:02:16.642+0000] {processor.py:914} INFO - Processing file /home/airflow/.local/lib/python3.12/site-packages/airflow/example_dags/example_task_group.py for tasks to queue
[2026-09-25T17:02:16.664+0000] {logging_mixin.py:190} INFO - [2026-09-25T17:02:16.663+0000] {dagbag.py:588} INFO - Filling up the DagBag from /home/airflow/.local/lib/python3.12/site-packages/airflow/example_dags/example_task_group.py
[2026-09-25T17:02:16.691+0000] {processor.py:925} INFO - DAG(s) 'example_task_group' retrieved from /home/airflow/.local/lib/python3.12/site-packages/airflow/example_dags/example_task_group.py
[2026-09-25T17:02:16.773+0000] {logging_mixin.py:190} INFO - [2026-09-25T17:02:16.773+0000] {dag.py:3239} INFO - Sync 1 DAGs
[2026-09-25T17:02:16.832+0000] {logging_mixin.py:190} INFO - [2026-09-25T17:02:16.831+0000] {dag.py:4180} INFO - Setting next_dagrun for example_task_group to None, run_after=None
[2026-09-25T17:02:16.887+0000] {processor.py:208} INFO - Processing /home/airflow/.local/lib/python3.12/site-packages/airflow/example_dags/example_task_group.py took 0.264 seconds
[2026-09-25T17:02:48.144+0000] {processor.py:186} INFO - Started process (PID=630) to work on /home/airflow/.local/lib/python3.12/site-packages/airflow/example_dags/example_task_group.py
[2026-09-25T17:02:48.162+0000] {processor.py:914} INFO - Processing file /home/airflow/.local/lib/python3.12/site-packages/airflow/example_dags/example_task_group.py for tasks to queue
[2026-09-25T17:02:48.207+0000] {logging_mixin.py:190} INFO - [2026-09-25T17:02:48.204+0000] {dagbag.py:588} INFO - Filling up the DagBag from /home/airflow/.local/lib/python3.12/site-packages/airflow/example_dags/example_task_group.py
[2026-09-25T17:02:48.282+0000] {processor.py:925} INFO - DAG(s) 'example_task_group' retrieved from /home/airflow/.local/lib/python3.12/site-packages/airflow/example_dags/example_task_group.py
[2026-09-25T17:02:48.531+0000] {logging_mixin.py:190} INFO - [2026-09-25T17:02:48.530+0000] {dag.py:3239} INFO - Sync 1 DAGs
[2026-09-25T17:02:48.671+0000] {logging_mixin.py:190} INFO - [2026-09-25T17:02:48.670+0000] {dag.py:4180} INFO - Setting next_dagrun for example_task_group to None, run_after=None
[2026-09-25T17:02:48.816+0000] {processor.py:208} INFO - Processing /home/airflow/.local/lib/python3.12/site-packages/airflow/example_dags/example_task_group.py took 0.701 seconds
[2026-09-25T17:03:19.190+0000] {processor.py:186} INFO - Started process (PID=693) to work on /home/airflow/.local/lib/python3.12/site-packages/airflow/example_dags/example_task_group.py
[2026-09-25T17:03:19.194+0000] {processor.py:914} INFO - Processing file /home/airflow/.local/lib/python3.12/site-packages/airflow/example_dags/example_task_group.py for tasks to queue
[2026-09-25T17:03:19.200+0000] {logging_mixin.py:190} INFO - [2026-09-25T17:03:19.199+0000] {dagbag.py:588} INFO - Filling up the DagBag from /home/airflow/.local/lib/python3.12/site-packages/airflow/example_dags/example_task_group.py
[2026-09-25T17:03:19.217+0000] {processor.py:925} INFO - DAG(s) 'example_task_group' retrieved from /home/airflow/.local/lib/python3.12/site-packages/airflow/example_dags/example_task_group.py
[2026-09-25T17:03:19.256+0000] {logging_mixin.py:190} INFO - [2026-09-25T17:03:19.256+0000] {dag.py:3239} INFO - Sync 1 DAGs
[2026-09-25T17:03:19.289+0000] {logging_mixin.py:190} INFO - [2026-09-25T17:03:19.288+0000] {dag.py:4180} INFO - Setting next_dagrun for example_task_group to None, run_after=None
[2026-09-25T17:03:19.368+0000] {processor.py:208} INFO - Processing /home/airflow/.local/lib/python3.12/site-packages/airflow/example_dags/example_task_group.py took 0.189 seconds
[2026-09-25T17:03:51.538+0000] {processor.py:186} INFO - Started process (PID=754) to work on /home/airflow/.local/lib/python3.12/site-packages/airflow/example_dags/example_task_group.py
[2026-09-25T17:03:51.541+0000] {processor.py:914} INFO - Processing file /home/airflow/.local/lib/python3.12/site-packages/airflow/example_dags/example_task_group.py for tasks to queue
[2026-09-25T17:03:51.546+0000] {logging_mixin.py:190} INFO - [2026-09-25T17:03:51.545+0000] {dagbag.py:588} INFO - Filling up the DagBag from /home/airflow/.local/lib/python3.12/site-packages/airflow/example_dags/example_task_group.py
[2026-09-25T17:03:51.565+0000] {processor.py:925} INFO - DAG(s) 'example_task_group' retrieved from /home/airflow/.local/lib/python3.12/site-packages/airflow/example_dags/example_task_group.py
[2026-09-25T17:03:51.603+0000] {logging_mixin.py:190} INFO - [2026-09-25T17:03:51.603+0000] {dag.py:3239} INFO - Sync 1 DAGs
[2026-09-25T17:03:51.633+0000] {logging_mixin.py:190} INFO - [2026-09-25T17:03:51.632+0000] {dag.py:4180} INFO - Setting next_dagrun for example_task_group to None, run_after=None
[2026-09-25T17:03:51.667+0000] {processor.py:208} INFO - Processing /home/airflow/.local/lib/python3.12/site-packages/airflow/example_dags/example_task_group.py took 0.140 seconds
[2026-09-25T17:04:22.821+0000] {processor.py:186} INFO - Started process (PID=817) to work on /home/airflow/.local/lib/python3.12/site-packages/airflow/example_dags/example_task_group.py
[2026-09-25T17:04:22.825+0000] {processor.py:914} INFO - Processing file /home/airflow/.local/lib/python3.12/site-packages/airflow/example_dags/example_task_group.py for tasks to queue
[2026-09-25T17:04:22.833+0000] {logging_mixin.py:190} INFO - [2026-09-25T17:04:22.832+0000] {dagbag.py:588} INFO - Filling up the DagBag from /home/airflow/.local/lib/python3.12/site-packages/airflow/example_dags/example_task_group.py
[2026-09-25T17:04:22.857+0000] {processor.py:925} INFO - DAG(s) 'example_task_group' retrieved from /home/airflow/.local/lib/python3.12/site-packages/airflow/example_dags/example_task_group.py
[2026-09-25T17:04:22.924+0000] {logging_mixin.py:190} INFO - [2026-09-25T17:04:22.924+0000] {dag.py:3239} INFO - Sync 1 DAGs
[2026-09-25T17:04:22.963+0000] {logging_mixin.py:190} INFO - [2026-09-25T17:04:22.962+0000] {dag.py:4180} INFO - Setting next_dagrun for example_task_group to None, run_after=None
[2026-09-25T17:04:23.003+0000] {processor.py:208} INFO - Processing /home/airflow/.local/lib/python3.12/site-packages/airflow/example_dags/example_task_group.py took 0.193 seconds
[2026-09-25T17:04:57.229+0000] {processor.py:186} INFO - Started process (PID=876) to work on /home/airflow/.local/lib/python3.12/site-packages/airflow/example_dags/example_task_group.py
[2026-09-25T17:04:57.232+0000] {processor.py:914} INFO - Processing file /home/airflow/.local/lib/python3.12/site-packages/airflow/example_dags/example_task_group.py for tasks to queue
[2026-09-25T17:04:57.247+0000] {logging_mixin.py:190} INFO - [2026-09-25T17:04:57.246+0000] {dagbag.py:588} INFO - Filling up the DagBag from /home/airflow/.local/lib/python3.12/site-packages/airflow/example_dags/example_task_group.py
[2026-09-25T17:04:57.271+0000] {processor.py:925} INFO - DAG(s) 'example_task_group' retrieved from /home/airflow/.local/lib/python3.12/site-packages/airflow/example_dags/example_task_group.py
[2026-09-25T17:04:57.329+0000] {logging_mixin.py:190} INFO - [2026-09-25T17:04:57.328+0000] {dag.py:3239} INFO - Sync 1 DAGs
[2026-09-25T17:04:57.376+0000] {logging_mixin.py:190} INFO - [2026-09-25T17:04:57.375+0000] {dag.py:4180} INFO - Setting next_dagrun for example_task_group to None, run_after=None
[2026-09-25T17:04:57.922+0000] {processor.py:208} INFO - Processing /home/airflow/.local/lib/python3.12/site-packages/airflow/example_dags/example_task_group.py took 0.706 seconds
[2026-09-25T17:05:33.198+0000] {processor.py:186} INFO - Started process (PID=937) to work on /home/airflow/.local/lib/python3.12/site-packages/airflow/example_dags/example_task_group.py
[2026-09-25T17:05:33.202+0000] {processor.py:914} INFO - Processing file /home/airflow/.local/lib/python3.12/site-packages/airflow/example_dags/example_task_group.py for tasks to queue
[2026-09-25T17:05:33.209+0000] {logging_mixin.py:190} INFO - [2026-09-25T17:05:33.208+0000] {dagbag.py:588} INFO - Filling up the DagBag from /home/airflow/.local/lib/python3.12/site-packages/airflow/example_dags/example_task_group.py
[2026-09-25T17:05:33.227+0000] {processor.py:925} INFO - DAG(s) 'example_task_group' retrieved from /home/airflow/.local/lib/python3.12/site-packages/airflow/example_dags/example_task_group.py
[2026-09-25T17:05:33.306+0000] {logging_mixin.py:190} INFO - [2026-09-25T17:05:33.306+0000] {dag.py:3239} INFO - Sync 1 DAGs
[2026-09-25T17:05:33.349+0000] {logging_mixin.py:190} INFO - [2026-09-25T17:05:33.349+0000] {dag.py:4180} INFO - Setting next_dagrun for example_task_group to None, run_after=None
[2026-09-25T17:05:33.387+0000] {processor.py:208} INFO - Processing /home/airflow/.local/lib/python3.12/site-packages/airflow/example_dags/example_task_group.py took 0.201 seconds
[2026-09-25T17:06:04.069+0000] {processor.py:186} INFO - Started process (PID=990) to work on /home/airflow/.local/lib/python3.12/site-packages/airflow/example_dags/example_task_group.py
[2026-09-25T17:06:04.072+0000] {processor.py:914} INFO - Processing file /home/airflow/.local/lib/python3.12/site-packages/airflow/example_dags/example_task_group.py for tasks to queue
[2026-09-25T17:06:04.078+0000] {logging_mixin.py:190} INFO - [2026-09-25T17:06:04.078+0000] {dagbag.py:588} INFO - Filling up the DagBag from /home/airflow/.local/lib/python3.12/site-packages/airflow/example_dags/example_task_group.py
[2026-09-25T17:06:04.110+0000] {processor.py:925} INFO - DAG(s) 'example_task_group' retrieved from /home/airflow/.local/lib/python3.12/site-packages/airflow/example_dags/example_task_group.py
[2026-09-25T17:06:04.215+0000] {logging_mixin.py:190} INFO - [2026-09-25T17:06:04.214+0000] {dag.py:3239} INFO - Sync 1 DAGs
[2026-09-25T17:06:04.256+0000] {logging_mixin.py:190} INFO - [2026-09-25T17:06:04.256+0000] {dag.py:4180} INFO - Setting next_dagrun for example_task_group to None, run_after=None
[2026-09-25T17:06:04.311+0000] {processor.py:208} INFO - Processing /home/airflow/.local/lib/python3.12/site-packages/airflow/example_dags/example_task_group.py took 0.259 seconds
[2026-09-25T17:06:36.387+0000] {processor.py:186} INFO - Started process (PID=1049) to work on /home/airflow/.local/lib/python3.12/site-packages/airflow/example_dags/example_task_group.py
[2026-09-25T17:06:36.402+0000] {processor.py:914} INFO - Processing file /home/airflow/.local/lib/python3.12/site-packages/airflow/example_dags/example_task_group.py for tasks to queue
[2026-09-25T17:06:36.428+0000] {logging_mixin.py:190} INFO - [2026-09-25T17:06:36.415+0000] {dagbag.py:588} INFO - Filling up the DagBag from /home/airflow/.local/lib/python3.12/site-packages/airflow/example_dags/example_task_group.py
[2026-09-25T17:06:36.579+0000] {processor.py:925} INFO - DAG(s) 'example_task_group' retrieved from /home/airflow/.local/lib/python3.12/site-packages/airflow/example_dags/example_task_group.py
[2026-09-25T17:06:36.845+0000] {logging_mixin.py:190} INFO - [2026-09-25T17:06:36.844+0000] {dag.py:3239} INFO - Sync 1 DAGs
[2026-09-25T17:06:36.991+0000] {logging_mixin.py:190} INFO - [2026-09-25T17:06:36.990+0000] {dag.py:4180} INFO - Setting next_dagrun for example_task_group to None, run_after=None
[2026-09-25T17:06:37.223+0000] {processor.py:208} INFO - Processing /home/airflow/.local/lib/python3.12/site-packages/airflow/example_dags/example_task_group.py took 1.290 seconds
[2026-09-25T17:07:09.240+0000] {processor.py:186} INFO - Started process (PID=1114) to work on /home/airflow/.local/lib/python3.12/site-packages/airflow/example_dags/example_task_group.py
[2026-09-25T17:07:09.243+0000] {processor.py:914} INFO - Processing file /home/airflow/.local/lib/python3.12/site-packages/airflow/example_dags/example_task_group.py for tasks to queue
[2026-09-25T17:07:09.255+0000] {logging_mixin.py:190} INFO - [2026-09-25T17:07:09.255+0000] {dagbag.py:588} INFO - Filling up the DagBag from /home/airflow/.local/lib/python3.12/site-packages/airflow/example_dags/example_task_group.py
[2026-09-25T17:07:09.276+0000] {processor.py:925} INFO - DAG(s) 'example_task_group' retrieved from /home/airflow/.local/lib/python3.12/site-packages/airflow/example_dags/example_task_group.py
[2026-09-25T17:07:09.330+0000] {logging_mixin.py:190} INFO - [2026-09-25T17:07:09.329+0000] {dag.py:3239} INFO - Sync 1 DAGs
[2026-09-25T17:07:09.371+0000] {logging_mixin.py:190} INFO - [2026-09-25T17:07:09.370+0000] {dag.py:4180} INFO - Setting next_dagrun for example_task_group to None, run_after=None
[2026-09-25T17:07:09.412+0000] {processor.py:208} INFO - Processing /home/airflow/.local/lib/python3.12/site-packages/airflow/example_dags/example_task_group.py took 0.216 seconds
[2026-09-25T17:07:44.109+0000] {processor.py:186} INFO - Started process (PID=1177) to work on /home/airflow/.local/lib/python3.12/site-packages/airflow/example_dags/example_task_group.py
[2026-09-25T17:07:44.112+0000] {processor.py:914} INFO - Processing file /home/airflow/.local/lib/python3.12/site-packages/airflow/example_dags/example_task_group.py for tasks to queue
[2026-09-25T17:07:44.117+0000] {logging_mixin.py:190} INFO - [2026-09-25T17:07:44.117+0000] {dagbag.py:588} INFO - Filling up the DagBag from /home/airflow/.local/lib/python3.12/site-packages/airflow/example_dags/example_task_group.py
[2026-09-25T17:07:44.133+0000] {processor.py:925} INFO - DAG(s) 'example_task_group' retrieved from /home/airflow/.local/lib/python3.12/site-packages/airflow/example_dags/example_task_group.py
[2026-09-25T17:07:44.176+0000] {logging_mixin.py:190} INFO - [2026-09-25T17:07:44.175+0000] {dag.py:3239} INFO - Sync 1 DAGs
[2026-09-25T17:07:44.206+0000] {logging_mixin.py:190} INFO - [2026-09-25T17:07:44.206+0000] {dag.py:4180} INFO - Setting next_dagrun for example_task_group to None, run_after=None
[2026-09-25T17:07:44.242+0000] {processor.py:208} INFO - Processing /home/airflow/.local/lib/python3.12/site-packages/airflow/example_dags/example_task_group.py took 0.143 seconds
[2026-09-25T17:08:14.636+0000] {processor.py:186} INFO - Started process (PID=1239) to work on /home/airflow/.local/lib/python3.12/site-packages/airflow/example_dags/example_task_group.py
[2026-09-25T17:08:14.643+0000] {processor.py:914} INFO - Processing file /home/airflow/.local/lib/python3.12/site-packages/airflow/example_dags/example_task_group.py for tasks to queue
[2026-09-25T17:08:14.653+0000] {logging_mixin.py:190} INFO - [2026-09-25T17:08:14.652+0000] {dagbag.py:588} INFO - Filling up the DagBag from /home/airflow/.local/lib/python3.12/site-packages/airflow/example_dags/example_task_group.py
[2026-09-25T17:08:14.679+0000] {processor.py:925} INFO - DAG(s) 'example_task_group' retrieved from /home/airflow/.local/lib/python3.12/site-packages/airflow/example_dags/example_task_group.py
[2026-09-25T17:08:14.733+0000] {logging_mixin.py:190} INFO - [2026-09-25T17:08:14.732+0000] {dag.py:3239} INFO - Sync 1 DAGs
[2026-09-25T17:08:14.762+0000] {logging_mixin.py:190} INFO - [2026-09-25T17:08:14.762+0000] {dag.py:4180} INFO - Setting next_dagrun for example_task_group to None, run_after=None
[2026-09-25T17:08:14.797+0000] {processor.py:208} INFO - Processing /home/airflow/.local/lib/python3.12/site-packages/airflow/example_dags/example_task_group.py took 0.197 seconds
[2026-09-25T17:08:45.286+0000] {processor.py:186} INFO - Started process (PID=1301) to work on /home/airflow/.local/lib/python3.12/site-packages/airflow/example_dags/example_task_group.py
[2026-09-25T17:08:45.292+0000] {processor.py:914} INFO - Processing file /home/airflow/.local/lib/python3.12/site-packages/airflow/example_dags/example_task_group.py for tasks to queue
[2026-09-25T17:08:45.326+0000] {logging_mixin.py:190} INFO - [2026-09-25T17:08:45.325+0000] {dagbag.py:588} INFO - Filling up the DagBag from /home/airflow/.local/lib/python3.12/site-packages/airflow/example_dags/example_task_group.py
[2026-09-25T17:08:45.397+0000] {processor.py:925} INFO - DAG(s) 'example_task_group' retrieved from /home/airflow/.local/lib/python3.12/site-packages/airflow/example_dags/example_task_group.py
[2026-09-25T17:08:46.265+0000] {logging_mixin.py:190} INFO - [2026-09-25T17:08:46.264+0000] {dag.py:3239} INFO - Sync 1 DAGs
[2026-09-25T17:08:46.431+0000] {logging_mixin.py:190} INFO - [2026-09-25T17:08:46.431+0000] {dag.py:4180} INFO - Setting next_dagrun for example_task_group to None, run_after=None
[2026-09-25T17:08:46.612+0000] {processor.py:208} INFO - Processing /home/airflow/.local/lib/python3.12/site-packages/airflow/example_dags/example_task_group.py took 1.372 seconds
[2026-09-25T17:09:16.836+0000] {processor.py:186} INFO - Started process (PID=1364) to work on /home/airflow/.local/lib/python3.12/site-packages/airflow/example_dags/example_task_group.py
[2026-09-25T17:09:16.840+0000] {processor.py:914} INFO - Processing file /home/airflow/.local/lib/python3.12/site-packages/airflow/example_dags/example_task_group.py for tasks to queue
[2026-09-25T17:09:16.850+0000] {logging_mixin.py:190} INFO - [2026-09-25T17:09:16.850+0000] {dagbag.py:588} INFO - Filling up the DagBag from /home/airflow/.local/lib/python3.12/site-packages/airflow/example_dags/example_task_group.py
[2026-09-25T17:09:16.886+0000] {processor.py:925} INFO - DAG(s) 'example_task_group' retrieved from /home/airflow/.local/lib/python3.12/site-packages/airflow/example_dags/example_task_group.py
[2026-09-25T17:09:17.090+0000] {logging_mixin.py:190} INFO - [2026-09-25T17:09:17.089+0000] {dag.py:3239} INFO - Sync 1 DAGs
[2026-09-25T17:09:17.203+0000] {logging_mixin.py:190} INFO - [2026-09-25T17:09:17.203+0000] {dag.py:4180} INFO - Setting next_dagrun for example_task_group to None, run_after=None
[2026-09-25T17:09:17.282+0000] {processor.py:208} INFO - Processing /home/airflow/.local/lib/python3.12/site-packages/airflow/example_dags/example_task_group.py took 0.466 seconds
[2026-09-25T17:10:59.678+0000] {processor.py:186} INFO - Started process (PID=1446) to work on /home/airflow/.local/lib/python3.12/site-packages/airflow/example_dags/example_task_group.py
[2026-09-25T17:10:59.703+0000] {processor.py:914} INFO - Processing file /home/airflow/.local/lib/python3.12/site-packages/airflow/example_dags/example_task_group.py for tasks to queue
[2026-09-25T17:10:59.792+0000] {logging_mixin.py:190} INFO - [2026-09-25T17:10:59.728+0000] {dagbag.py:588} INFO - Filling up the DagBag from /home/airflow/.local/lib/python3.12/site-packages/airflow/example_dags/example_task_group.py
[2026-09-25T17:11:00.050+0000] {processor.py:925} INFO - DAG(s) 'example_task_group' retrieved from /home/airflow/.local/lib/python3.12/site-packages/airflow/example_dags/example_task_group.py
[2026-09-25T17:11:01.141+0000] {logging_mixin.py:190} INFO - [2026-09-25T17:11:01.140+0000] {dag.py:3239} INFO - Sync 1 DAGs
[2026-09-25T17:11:01.526+0000] {logging_mixin.py:190} INFO - [2026-09-25T17:11:01.526+0000] {dag.py:4180} INFO - Setting next_dagrun for example_task_group to None, run_after=None
[2026-09-25T17:11:03.511+0000] {processor.py:208} INFO - Processing /home/airflow/.local/lib/python3.12/site-packages/airflow/example_dags/example_task_group.py took 4.192 seconds
[2026-09-25T17:13:00.465+0000] {processor.py:186} INFO - Started process (PID=1504) to work on /home/airflow/.local/lib/python3.12/site-packages/airflow/example_dags/example_task_group.py
[2026-09-25T17:13:00.493+0000] {processor.py:914} INFO - Processing file /home/airflow/.local/lib/python3.12/site-packages/airflow/example_dags/example_task_group.py for tasks to queue
[2026-09-25T17:13:00.539+0000] {logging_mixin.py:190} INFO - [2026-09-25T17:13:00.538+0000] {dagbag.py:588} INFO - Filling up the DagBag from /home/airflow/.local/lib/python3.12/site-packages/airflow/example_dags/example_task_group.py
[2026-09-25T17:13:00.650+0000] {processor.py:925} INFO - DAG(s) 'example_task_group' retrieved from /home/airflow/.local/lib/python3.12/site-packages/airflow/example_dags/example_task_group.py
[2026-09-25T17:13:00.886+0000] {logging_mixin.py:190} INFO - [2026-09-25T17:13:00.880+0000] {dag.py:3239} INFO - Sync 1 DAGs
[2026-09-25T17:13:01.155+0000] {logging_mixin.py:190} INFO - [2026-09-25T17:13:01.153+0000] {dag.py:4180} INFO - Setting next_dagrun for example_task_group to None, run_after=None
[2026-09-25T17:13:01.465+0000] {processor.py:208} INFO - Processing /home/airflow/.local/lib/python3.12/site-packages/airflow/example_dags/example_task_group.py took 1.049 seconds
[2026-09-25T17:14:32.358+0000] {processor.py:186} INFO - Started process (PID=1561) to work on /home/airflow/.local/lib/python3.12/site-packages/airflow/example_dags/example_task_group.py
[2026-09-25T17:14:32.372+0000] {processor.py:914} INFO - Processing file /home/airflow/.local/lib/python3.12/site-packages/airflow/example_dags/example_task_group.py for tasks to queue
[2026-09-25T17:14:32.412+0000] {logging_mixin.py:190} INFO - [2026-09-25T17:14:32.411+0000] {dagbag.py:588} INFO - Filling up the DagBag from /home/airflow/.local/lib/python3.12/site-packages/airflow/example_dags/example_task_group.py
[2026-09-25T17:14:32.526+0000] {processor.py:925} INFO - DAG(s) 'example_task_group' retrieved from /home/airflow/.local/lib/python3.12/site-packages/airflow/example_dags/example_task_group.py
[2026-09-25T17:14:32.713+0000] {logging_mixin.py:190} INFO - [2026-09-25T17:14:32.713+0000] {dag.py:3239} INFO - Sync 1 DAGs
[2026-09-25T17:14:32.846+0000] {logging_mixin.py:190} INFO - [2026-09-25T17:14:32.844+0000] {dag.py:4180} INFO - Setting next_dagrun for example_task_group to None, run_after=None
[2026-09-25T17:14:33.296+0000] {processor.py:208} INFO - Processing /home/airflow/.local/lib/python3.12/site-packages/airflow/example_dags/example_task_group.py took 0.996 seconds
[2026-09-25T17:15:19.441+0000] {processor.py:186} INFO - Started process (PID=1624) to work on /home/airflow/.local/lib/python3.12/site-packages/airflow/example_dags/example_task_group.py
[2026-09-25T17:15:19.444+0000] {processor.py:914} INFO - Processing file /home/airflow/.local/lib/python3.12/site-packages/airflow/example_dags/example_task_group.py for tasks to queue
[2026-09-25T17:15:19.449+0000] {logging_mixin.py:190} INFO - [2026-09-25T17:15:19.448+0000] {dagbag.py:588} INFO - Filling up the DagBag from /home/airflow/.local/lib/python3.12/site-packages/airflow/example_dags/example_task_group.py
[2026-09-25T17:15:19.529+0000] {processor.py:925} INFO - DAG(s) 'example_task_group' retrieved from /home/airflow/.local/lib/python3.12/site-packages/airflow/example_dags/example_task_group.py
[2026-09-25T17:15:19.800+0000] {logging_mixin.py:190} INFO - [2026-09-25T17:15:19.799+0000] {dag.py:3239} INFO - Sync 1 DAGs
[2026-09-25T17:15:19.902+0000] {logging_mixin.py:190} INFO - [2026-09-25T17:15:19.899+0000] {dag.py:4180} INFO - Setting next_dagrun for example_task_group to None, run_after=None
[2026-09-25T17:15:20.071+0000] {processor.py:208} INFO - Processing /home/airflow/.local/lib/python3.12/site-packages/airflow/example_dags/example_task_group.py took 0.656 seconds
[2026-09-25T17:15:54.895+0000] {processor.py:186} INFO - Started process (PID=1684) to work on /home/airflow/.local/lib/python3.12/site-packages/airflow/example_dags/example_task_group.py
[2026-09-25T17:15:54.898+0000] {processor.py:914} INFO - Processing file /home/airflow/.local/lib/python3.12/site-packages/airflow/example_dags/example_task_group.py for tasks to queue
[2026-09-25T17:15:54.906+0000] {logging_mixin.py:190} INFO - [2026-09-25T17:15:54.906+0000] {dagbag.py:588} INFO - Filling up the DagBag from /home/airflow/.local/lib/python3.12/site-packages/airflow/example_dags/example_task_group.py
[2026-09-25T17:15:54.928+0000] {processor.py:925} INFO - DAG(s) 'example_task_group' retrieved from /home/airflow/.local/lib/python3.12/site-packages/airflow/example_dags/example_task_group.py
[2026-09-25T17:15:55.045+0000] {logging_mixin.py:190} INFO - [2026-09-25T17:15:55.045+0000] {dag.py:3239} INFO - Sync 1 DAGs
[2026-09-25T17:15:55.084+0000] {logging_mixin.py:190} INFO - [2026-09-25T17:15:55.084+0000] {dag.py:4180} INFO - Setting next_dagrun for example_task_group to None, run_after=None
[2026-09-25T17:15:55.155+0000] {processor.py:208} INFO - Processing /home/airflow/.local/lib/python3.12/site-packages/airflow/example_dags/example_task_group.py took 0.279 seconds
[2026-09-25T17:16:37.071+0000] {processor.py:186} INFO - Started process (PID=1740) to work on /home/airflow/.local/lib/python3.12/site-packages/airflow/example_dags/example_task_group.py
[2026-09-25T17:16:37.091+0000] {processor.py:914} INFO - Processing file /home/airflow/.local/lib/python3.12/site-packages/airflow/example_dags/example_task_group.py for tasks to queue
[2026-09-25T17:16:37.135+0000] {logging_mixin.py:190} INFO - [2026-09-25T17:16:37.133+0000] {dagbag.py:588} INFO - Filling up the DagBag from /home/airflow/.local/lib/python3.12/site-packages/airflow/example_dags/example_task_group.py
[2026-09-25T17:16:37.237+0000] {processor.py:925} INFO - DAG(s) 'example_task_group' retrieved from /home/airflow/.local/lib/python3.12/site-packages/airflow/example_dags/example_task_group.py
[2026-09-25T17:16:38.483+0000] {logging_mixin.py:190} INFO - [2026-09-25T17:16:38.476+0000] {dag.py:3239} INFO - Sync 1 DAGs
[2026-09-25T17:16:39.238+0000] {logging_mixin.py:190} INFO - [2026-09-25T17:16:39.237+0000] {dag.py:4180} INFO - Setting next_dagrun for example_task_group to None, run_after=None
[2026-09-25T17:16:39.550+0000] {processor.py:208} INFO - Processing /home/airflow/.local/lib/python3.12/site-packages/airflow/example_dags/example_task_group.py took 2.530 seconds
[2026-09-25T17:17:10.788+0000] {processor.py:186} INFO - Started process (PID=1801) to work on /home/airflow/.local/lib/python3.12/site-packages/airflow/example_dags/example_task_group.py
[2026-09-25T17:17:10.793+0000] {processor.py:914} INFO - Processing file /home/airflow/.local/lib/python3.12/site-packages/airflow/example_dags/example_task_group.py for tasks to queue
[2026-09-25T17:17:10.818+0000] {logging_mixin.py:190} INFO - [2026-09-25T17:17:10.816+0000] {dagbag.py:588} INFO - Filling up the DagBag from /home/airflow/.local/lib/python3.12/site-packages/airflow/example_dags/example_task_group.py
[2026-09-25T17:17:10.849+0000] {processor.py:925} INFO - DAG(s) 'example_task_group' retrieved from /home/airflow/.local/lib/python3.12/site-packages/airflow/example_dags/example_task_group.py
[2026-09-25T17:17:10.924+0000] {logging_mixin.py:190} INFO - [2026-09-25T17:17:10.923+0000] {dag.py:3239} INFO - Sync 1 DAGs
[2026-09-25T17:17:10.968+0000] {logging_mixin.py:190} INFO - [2026-09-25T17:17:10.967+0000] {dag.py:4180} INFO - Setting next_dagrun for example_task_group to None, run_after=None
[2026-09-25T17:17:11.023+0000] {processor.py:208} INFO - Processing /home/airflow/.local/lib/python3.12/site-packages/airflow/example_dags/example_task_group.py took 0.255 seconds
[2026-09-25T17:17:50.849+0000] {processor.py:186} INFO - Started process (PID=1864) to work on /home/airflow/.local/lib/python3.12/site-packages/airflow/example_dags/example_task_group.py
[2026-09-25T17:17:50.852+0000] {processor.py:914} INFO - Processing file /home/airflow/.local/lib/python3.12/site-packages/airflow/example_dags/example_task_group.py for tasks to queue
[2026-09-25T17:17:50.874+0000] {logging_mixin.py:190} INFO - [2026-09-25T17:17:50.872+0000] {dagbag.py:588} INFO - Filling up the DagBag from /home/airflow/.local/lib/python3.12/site-packages/airflow/example_dags/example_task_group.py
[2026-09-25T17:17:50.966+0000] {processor.py:925} INFO - DAG(s) 'example_task_group' retrieved from /home/airflow/.local/lib/python3.12/site-packages/airflow/example_dags/example_task_group.py
[2026-09-25T17:17:51.100+0000] {logging_mixin.py:190} INFO - [2026-09-25T17:17:51.099+0000] {dag.py:3239} INFO - Sync 1 DAGs
[2026-09-25T17:17:51.160+0000] {logging_mixin.py:190} INFO - [2026-09-25T17:17:51.159+0000] {dag.py:4180} INFO - Setting next_dagrun for example_task_group to None, run_after=None
[2026-09-25T17:17:51.208+0000] {processor.py:208} INFO - Processing /home/airflow/.local/lib/python3.12/site-packages/airflow/example_dags/example_task_group.py took 0.390 seconds
[2026-09-25T17:18:21.654+0000] {processor.py:186} INFO - Started process (PID=1924) to work on /home/airflow/.local/lib/python3.12/site-packages/airflow/example_dags/example_task_group.py
[2026-09-25T17:18:21.659+0000] {processor.py:914} INFO - Processing file /home/airflow/.local/lib/python3.12/site-packages/airflow/example_dags/example_task_group.py for tasks to queue
[2026-09-25T17:18:21.686+0000] {logging_mixin.py:190} INFO - [2026-09-25T17:18:21.682+0000] {dagbag.py:588} INFO - Filling up the DagBag from /home/airflow/.local/lib/python3.12/site-packages/airflow/example_dags/example_task_group.py
[2026-09-25T17:18:21.741+0000] {processor.py:925} INFO - DAG(s) 'example_task_group' retrieved from /home/airflow/.local/lib/python3.12/site-packages/airflow/example_dags/example_task_group.py
[2026-09-25T17:18:21.836+0000] {logging_mixin.py:190} INFO - [2026-09-25T17:18:21.836+0000] {dag.py:3239} INFO - Sync 1 DAGs
[2026-09-25T17:18:21.926+0000] {logging_mixin.py:190} INFO - [2026-09-25T17:18:21.926+0000] {dag.py:4180} INFO - Setting next_dagrun for example_task_group to None, run_after=None
[2026-09-25T17:18:22.005+0000] {processor.py:208} INFO - Processing /home/airflow/.local/lib/python3.12/site-packages/airflow/example_dags/example_task_group.py took 0.407 seconds
[2026-09-25T17:18:52.823+0000] {processor.py:186} INFO - Started process (PID=1987) to work on /home/airflow/.local/lib/python3.12/site-packages/airflow/example_dags/example_task_group.py
[2026-09-25T17:18:52.835+0000] {processor.py:914} INFO - Processing file /home/airflow/.local/lib/python3.12/site-packages/airflow/example_dags/example_task_group.py for tasks to queue
[2026-09-25T17:18:52.857+0000] {logging_mixin.py:190} INFO - [2026-09-25T17:18:52.857+0000] {dagbag.py:588} INFO - Filling up the DagBag from /home/airflow/.local/lib/python3.12/site-packages/airflow/example_dags/example_task_group.py
[2026-09-25T17:18:52.922+0000] {processor.py:925} INFO - DAG(s) 'example_task_group' retrieved from /home/airflow/.local/lib/python3.12/site-packages/airflow/example_dags/example_task_group.py
[2026-09-25T17:18:53.009+0000] {logging_mixin.py:190} INFO - [2026-09-25T17:18:53.008+0000] {dag.py:3239} INFO - Sync 1 DAGs
[2026-09-25T17:18:53.212+0000] {logging_mixin.py:190} INFO - [2026-09-25T17:18:53.212+0000] {dag.py:4180} INFO - Setting next_dagrun for example_task_group to None, run_after=None
[2026-09-25T17:18:53.327+0000] {processor.py:208} INFO - Processing /home/airflow/.local/lib/python3.12/site-packages/airflow/example_dags/example_task_group.py took 0.548 seconds
[2026-09-25T17:19:23.572+0000] {processor.py:186} INFO - Started process (PID=2050) to work on /home/airflow/.local/lib/python3.12/site-packages/airflow/example_dags/example_task_group.py
[2026-09-25T17:19:23.574+0000] {processor.py:914} INFO - Processing file /home/airflow/.local/lib/python3.12/site-packages/airflow/example_dags/example_task_group.py for tasks to queue
[2026-09-25T17:19:23.581+0000] {logging_mixin.py:190} INFO - [2026-09-25T17:19:23.579+0000] {dagbag.py:588} INFO - Filling up the DagBag from /home/airflow/.local/lib/python3.12/site-packages/airflow/example_dags/example_task_group.py
[2026-09-25T17:19:23.614+0000] {processor.py:925} INFO - DAG(s) 'example_task_group' retrieved from /home/airflow/.local/lib/python3.12/site-packages/airflow/example_dags/example_task_group.py
[2026-09-25T17:19:23.684+0000] {logging_mixin.py:190} INFO - [2026-09-25T17:19:23.684+0000] {dag.py:3239} INFO - Sync 1 DAGs
[2026-09-25T17:19:23.725+0000] {logging_mixin.py:190} INFO - [2026-09-25T17:19:23.724+0000] {dag.py:4180} INFO - Setting next_dagrun for example_task_group to None, run_after=None
[2026-09-25T17:19:23.790+0000] {processor.py:208} INFO - Processing /home/airflow/.local/lib/python3.12/site-packages/airflow/example_dags/example_task_group.py took 0.232 seconds
[2026-09-25T17:19:58.850+0000] {processor.py:186} INFO - Started process (PID=2113) to work on /home/airflow/.local/lib/python3.12/site-packages/airflow/example_dags/example_task_group.py
[2026-09-25T17:19:58.854+0000] {processor.py:914} INFO - Processing file /home/airflow/.local/lib/python3.12/site-packages/airflow/example_dags/example_task_group.py for tasks to queue
[2026-09-25T17:19:58.862+0000] {logging_mixin.py:190} INFO - [2026-09-25T17:19:58.861+0000] {dagbag.py:588} INFO - Filling up the DagBag from /home/airflow/.local/lib/python3.12/site-packages/airflow/example_dags/example_task_group.py
[2026-09-25T17:19:58.895+0000] {processor.py:925} INFO - DAG(s) 'example_task_group' retrieved from /home/airflow/.local/lib/python3.12/site-packages/airflow/example_dags/example_task_group.py
[2026-09-25T17:19:58.990+0000] {logging_mixin.py:190} INFO - [2026-09-25T17:19:58.989+0000] {dag.py:3239} INFO - Sync 1 DAGs
[2026-09-25T17:19:59.051+0000] {logging_mixin.py:190} INFO - [2026-09-25T17:19:59.050+0000] {dag.py:4180} INFO - Setting next_dagrun for example_task_group to None, run_after=None
[2026-09-25T17:19:59.119+0000] {processor.py:208} INFO - Processing /home/airflow/.local/lib/python3.12/site-packages/airflow/example_dags/example_task_group.py took 0.292 seconds
[2026-09-25T17:20:39.201+0000] {processor.py:186} INFO - Started process (PID=2167) to work on /home/airflow/.local/lib/python3.12/site-packages/airflow/example_dags/example_task_group.py
[2026-09-25T17:20:39.204+0000] {processor.py:914} INFO - Processing file /home/airflow/.local/lib/python3.12/site-packages/airflow/example_dags/example_task_group.py for tasks to queue
[2026-09-25T17:20:39.210+0000] {logging_mixin.py:190} INFO - [2026-09-25T17:20:39.210+0000] {dagbag.py:588} INFO - Filling up the DagBag from /home/airflow/.local/lib/python3.12/site-packages/airflow/example_dags/example_task_group.py
[2026-09-25T17:20:39.320+0000] {processor.py:925} INFO - DAG(s) 'example_task_group' retrieved from /home/airflow/.local/lib/python3.12/site-packages/airflow/example_dags/example_task_group.py
[2026-09-25T17:20:39.671+0000] {logging_mixin.py:190} INFO - [2026-09-25T17:20:39.669+0000] {dag.py:3239} INFO - Sync 1 DAGs
[2026-09-25T17:20:39.770+0000] {logging_mixin.py:190} INFO - [2026-09-25T17:20:39.769+0000] {dag.py:4180} INFO - Setting next_dagrun for example_task_group to None, run_after=None
[2026-09-25T17:20:39.842+0000] {processor.py:208} INFO - Processing /home/airflow/.local/lib/python3.12/site-packages/airflow/example_dags/example_task_group.py took 0.656 seconds
[2026-09-25T17:21:17.459+0000] {processor.py:186} INFO - Started process (PID=2222) to work on /home/airflow/.local/lib/python3.12/site-packages/airflow/example_dags/example_task_group.py
[2026-09-25T17:21:17.462+0000] {processor.py:914} INFO - Processing file /home/airflow/.local/lib/python3.12/site-packages/airflow/example_dags/example_task_group.py for tasks to queue
[2026-09-25T17:21:17.479+0000] {logging_mixin.py:190} INFO - [2026-09-25T17:21:17.478+0000] {dagbag.py:588} INFO - Filling up the DagBag from /home/airflow/.local/lib/python3.12/site-packages/airflow/example_dags/example_task_group.py
[2026-09-25T17:21:17.542+0000] {processor.py:925} INFO - DAG(s) 'example_task_group' retrieved from /home/airflow/.local/lib/python3.12/site-packages/airflow/example_dags/example_task_group.py
[2026-09-25T17:21:17.637+0000] {logging_mixin.py:190} INFO - [2026-09-25T17:21:17.636+0000] {dag.py:3239} INFO - Sync 1 DAGs
[2026-09-25T17:21:17.710+0000] {logging_mixin.py:190} INFO - [2026-09-25T17:21:17.698+0000] {dag.py:4180} INFO - Setting next_dagrun for example_task_group to None, run_after=None
[2026-09-25T17:21:17.817+0000] {processor.py:208} INFO - Processing /home/airflow/.local/lib/python3.12/site-packages/airflow/example_dags/example_task_group.py took 0.389 seconds
[2026-09-25T17:22:18.009+0000] {processor.py:186} INFO - Started process (PID=2289) to work on /home/airflow/.local/lib/python3.12/site-packages/airflow/example_dags/example_task_group.py
[2026-09-25T17:22:18.016+0000] {processor.py:914} INFO - Processing file /home/airflow/.local/lib/python3.12/site-packages/airflow/example_dags/example_task_group.py for tasks to queue
[2026-09-25T17:22:18.029+0000] {logging_mixin.py:190} INFO - [2026-09-25T17:22:18.025+0000] {dagbag.py:588} INFO - Filling up the DagBag from /home/airflow/.local/lib/python3.12/site-packages/airflow/example_dags/example_task_group.py
[2026-09-25T17:22:18.065+0000] {processor.py:925} INFO - DAG(s) 'example_task_group' retrieved from /home/airflow/.local/lib/python3.12/site-packages/airflow/example_dags/example_task_group.py
[2026-09-25T17:22:18.264+0000] {logging_mixin.py:190} INFO - [2026-09-25T17:22:18.263+0000] {dag.py:3239} INFO - Sync 1 DAGs
[2026-09-25T17:22:18.519+0000] {logging_mixin.py:190} INFO - [2026-09-25T17:22:18.518+0000] {dag.py:4180} INFO - Setting next_dagrun for example_task_group to None, run_after=None
[2026-09-25T17:22:18.698+0000] {processor.py:208} INFO - Processing /home/airflow/.local/lib/python3.12/site-packages/airflow/example_dags/example_task_group.py took 0.713 seconds
[2026-09-25T17:22:55.974+0000] {processor.py:186} INFO - Started process (PID=2352) to work on /home/airflow/.local/lib/python3.12/site-packages/airflow/example_dags/example_task_group.py
[2026-09-25T17:22:55.985+0000] {processor.py:914} INFO - Processing file /home/airflow/.local/lib/python3.12/site-packages/airflow/example_dags/example_task_group.py for tasks to queue
[2026-09-25T17:22:56.010+0000] {logging_mixin.py:190} INFO - [2026-09-25T17:22:56.005+0000] {dagbag.py:588} INFO - Filling up the DagBag from /home/airflow/.local/lib/python3.12/site-packages/airflow/example_dags/example_task_group.py
[2026-09-25T17:22:56.084+0000] {processor.py:925} INFO - DAG(s) 'example_task_group' retrieved from /home/airflow/.local/lib/python3.12/site-packages/airflow/example_dags/example_task_group.py
[2026-09-25T17:22:56.750+0000] {logging_mixin.py:190} INFO - [2026-09-25T17:22:56.750+0000] {dag.py:3239} INFO - Sync 1 DAGs
[2026-09-25T17:22:56.991+0000] {logging_mixin.py:190} INFO - [2026-09-25T17:22:56.990+0000] {dag.py:4180} INFO - Setting next_dagrun for example_task_group to None, run_after=None
[2026-09-25T17:22:57.406+0000] {processor.py:208} INFO - Processing /home/airflow/.local/lib/python3.12/site-packages/airflow/example_dags/example_task_group.py took 1.919 seconds
[2026-09-25T17:23:28.709+0000] {processor.py:186} INFO - Started process (PID=2405) to work on /home/airflow/.local/lib/python3.12/site-packages/airflow/example_dags/example_task_group.py
[2026-09-25T17:23:28.712+0000] {processor.py:914} INFO - Processing file /home/airflow/.local/lib/python3.12/site-packages/airflow/example_dags/example_task_group.py for tasks to queue
[2026-09-25T17:23:28.719+0000] {logging_mixin.py:190} INFO - [2026-09-25T17:23:28.718+0000] {dagbag.py:588} INFO - Filling up the DagBag from /home/airflow/.local/lib/python3.12/site-packages/airflow/example_dags/example_task_group.py
[2026-09-25T17:23:28.761+0000] {processor.py:925} INFO - DAG(s) 'example_task_group' retrieved from /home/airflow/.local/lib/python3.12/site-packages/airflow/example_dags/example_task_group.py
[2026-09-25T17:23:28.844+0000] {logging_mixin.py:190} INFO - [2026-09-25T17:23:28.844+0000] {dag.py:3239} INFO - Sync 1 DAGs
[2026-09-25T17:23:28.907+0000] {logging_mixin.py:190} INFO - [2026-09-25T17:23:28.904+0000] {dag.py:4180} INFO - Setting next_dagrun for example_task_group to None, run_after=None
[2026-09-25T17:23:29.061+0000] {processor.py:208} INFO - Processing /home/airflow/.local/lib/python3.12/site-packages/airflow/example_dags/example_task_group.py took 0.375 seconds
[2026-09-25T17:24:01.684+0000] {processor.py:186} INFO - Started process (PID=2461) to work on /home/airflow/.local/lib/python3.12/site-packages/airflow/example_dags/example_task_group.py
[2026-09-25T17:24:01.708+0000] {processor.py:914} INFO - Processing file /home/airflow/.local/lib/python3.12/site-packages/airflow/example_dags/example_task_group.py for tasks to queue
[2026-09-25T17:24:01.712+0000] {logging_mixin.py:190} INFO - [2026-09-25T17:24:01.712+0000] {dagbag.py:588} INFO - Filling up the DagBag from /home/airflow/.local/lib/python3.12/site-packages/airflow/example_dags/example_task_group.py
[2026-09-25T17:24:02.206+0000] {processor.py:925} INFO - DAG(s) 'example_task_group' retrieved from /home/airflow/.local/lib/python3.12/site-packages/airflow/example_dags/example_task_group.py
[2026-09-25T17:24:02.356+0000] {logging_mixin.py:190} INFO - [2026-09-25T17:24:02.356+0000] {dag.py:3239} INFO - Sync 1 DAGs
[2026-09-25T17:24:02.423+0000] {logging_mixin.py:190} INFO - [2026-09-25T17:24:02.423+0000] {dag.py:4180} INFO - Setting next_dagrun for example_task_group to None, run_after=None
[2026-09-25T17:24:02.954+0000] {processor.py:208} INFO - Processing /home/airflow/.local/lib/python3.12/site-packages/airflow/example_dags/example_task_group.py took 1.289 seconds
[2026-09-25T17:24:39.777+0000] {processor.py:186} INFO - Started process (PID=2530) to work on /home/airflow/.local/lib/python3.12/site-packages/airflow/example_dags/example_task_group.py
[2026-09-25T17:24:39.797+0000] {processor.py:914} INFO - Processing file /home/airflow/.local/lib/python3.12/site-packages/airflow/example_dags/example_task_group.py for tasks to queue
[2026-09-25T17:24:39.809+0000] {logging_mixin.py:190} INFO - [2026-09-25T17:24:39.808+0000] {dagbag.py:588} INFO - Filling up the DagBag from /home/airflow/.local/lib/python3.12/site-packages/airflow/example_dags/example_task_group.py
[2026-09-25T17:24:39.859+0000] {processor.py:925} INFO - DAG(s) 'example_task_group' retrieved from /home/airflow/.local/lib/python3.12/site-packages/airflow/example_dags/example_task_group.py
[2026-09-25T17:24:39.956+0000] {logging_mixin.py:190} INFO - [2026-09-25T17:24:39.955+0000] {dag.py:3239} INFO - Sync 1 DAGs
[2026-09-25T17:24:40.017+0000] {logging_mixin.py:190} INFO - [2026-09-25T17:24:40.017+0000] {dag.py:4180} INFO - Setting next_dagrun for example_task_group to None, run_after=None
[2026-09-25T17:24:40.084+0000] {processor.py:208} INFO - Processing /home/airflow/.local/lib/python3.12/site-packages/airflow/example_dags/example_task_group.py took 0.339 seconds
[2026-09-25T17:25:11.618+0000] {processor.py:186} INFO - Started process (PID=2588) to work on /home/airflow/.local/lib/python3.12/site-packages/airflow/example_dags/example_task_group.py
[2026-09-25T17:25:11.624+0000] {processor.py:914} INFO - Processing file /home/airflow/.local/lib/python3.12/site-packages/airflow/example_dags/example_task_group.py for tasks to queue
[2026-09-25T17:25:11.644+0000] {logging_mixin.py:190} INFO - [2026-09-25T17:25:11.639+0000] {dagbag.py:588} INFO - Filling up the DagBag from /home/airflow/.local/lib/python3.12/site-packages/airflow/example_dags/example_task_group.py
[2026-09-25T17:25:11.729+0000] {processor.py:925} INFO - DAG(s) 'example_task_group' retrieved from /home/airflow/.local/lib/python3.12/site-packages/airflow/example_dags/example_task_group.py
[2026-09-25T17:25:11.975+0000] {logging_mixin.py:190} INFO - [2026-09-25T17:25:11.967+0000] {dag.py:3239} INFO - Sync 1 DAGs
[2026-09-25T17:25:12.084+0000] {logging_mixin.py:190} INFO - [2026-09-25T17:25:12.083+0000] {dag.py:4180} INFO - Setting next_dagrun for example_task_group to None, run_after=None
[2026-09-25T17:25:12.167+0000] {processor.py:208} INFO - Processing /home/airflow/.local/lib/python3.12/site-packages/airflow/example_dags/example_task_group.py took 0.567 seconds
