[2026-09-25T16:16:56.100+0000] {processor.py:186} INFO - Started process (PID=145) to work on /home/airflow/.local/lib/python3.12/site-packages/airflow/example_dags/example_time_delta_sensor_async.py
[2026-09-25T16:16:56.112+0000] {processor.py:914} INFO - Processing file /home/airflow/.local/lib/python3.12/site-packages/airflow/example_dags/example_time_delta_sensor_async.py for tasks to queue
[2026-09-25T16:16:56.237+0000] {logging_mixin.py:190} INFO - [2026-09-25T16:16:56.234+0000] {dagbag.py:588} INFO - Filling up the DagBag from /home/airflow/.local/lib/python3.12/site-packages/airflow/example_dags/example_time_delta_sensor_async.py
[2026-09-25T16:16:57.849+0000] {processor.py:925} INFO - DAG(s) 'example_time_delta_sensor_async' retrieved from /home/airflow/.local/lib/python3.12/site-packages/airflow/example_dags/example_time_delta_sensor_async.py
[2026-09-25T16:17:01.877+0000] {logging_mixin.py:190} INFO - [2026-09-25T16:17:01.875+0000] {override.py:1912} INFO - Created Permission View: can read on DAG:example_time_delta_sensor_async
[2026-09-25T16:17:01.930+0000] {logging_mixin.py:190} INFO - [2026-09-25T16:17:01.929+0000] {override.py:1912} INFO - Created Permission View: can delete on DAG:example_time_delta_sensor_async
[2026-09-25T16:17:02.026+0000] {logging_mixin.py:190} INFO - [2026-09-25T16:17:02.026+0000] {override.py:1912} INFO - Created Permission View: can edit on DAG:example_time_delta_sensor_async
[2026-09-25T16:17:02.091+0000] {logging_mixin.py:190} INFO - [2026-09-25T16:17:02.081+0000] {override.py:1912} INFO - Created Permission View: can read on DAG Run:example_time_delta_sensor_async
[2026-09-25T16:17:02.237+0000] {logging_mixin.py:190} INFO - [2026-09-25T16:17:02.233+0000] {override.py:1912} INFO - Created Permission View: can delete on DAG Run:example_time_delta_sensor_async
[2026-09-25T16:17:02.361+0000] {logging_mixin.py:190} INFO - [2026-09-25T16:17:02.359+0000] {override.py:1912} INFO - Created Permission View: menu access on DAG Run:example_time_delta_sensor_async
[2026-09-25T16:17:02.429+0000] {logging_mixin.py:190} INFO - [2026-09-25T16:17:02.428+0000] {override.py:1912} INFO - Created Permission View: can create on DAG Run:example_time_delta_sensor_async
[2026-09-25T16:17:02.432+0000] {logging_mixin.py:190} INFO - [2026-09-25T16:17:02.431+0000] {dag.py:3239} INFO - Sync 1 DAGs
[2026-09-25T16:17:02.563+0000] {logging_mixin.py:190} INFO - [2026-09-25T16:17:02.562+0000] {dag.py:3262} INFO - Creating ORM DAG for example_time_delta_sensor_async
[2026-09-25T16:17:02.581+0000] {logging_mixin.py:190} INFO - [2026-09-25T16:17:02.581+0000] {dag.py:4180} INFO - Setting next_dagrun for example_time_delta_sensor_async to None, run_after=None
[2026-09-25T16:17:03.070+0000] {processor.py:208} INFO - Processing /home/airflow/.local/lib/python3.12/site-packages/airflow/example_dags/example_time_delta_sensor_async.py took 7.200 seconds
[2026-09-25T16:20:15.096+0000] {processor.py:186} INFO - Started process (PID=271) to work on /home/airflow/.local/lib/python3.12/site-packages/airflow/example_dags/example_time_delta_sensor_async.py
[2026-09-25T16:20:15.108+0000] {processor.py:914} INFO - Processing file /home/airflow/.local/lib/python3.12/site-packages/airflow/example_dags/example_time_delta_sensor_async.py for tasks to queue
[2026-09-25T16:20:15.552+0000] {logging_mixin.py:190} INFO - [2026-09-25T16:20:15.480+0000] {dagbag.py:588} INFO - Filling up the DagBag from /home/airflow/.local/lib/python3.12/site-packages/airflow/example_dags/example_time_delta_sensor_async.py
[2026-09-25T16:20:16.251+0000] {processor.py:925} INFO - DAG(s) 'example_time_delta_sensor_async' retrieved from /home/airflow/.local/lib/python3.12/site-packages/airflow/example_dags/example_time_delta_sensor_async.py
[2026-09-25T16:20:16.942+0000] {logging_mixin.py:190} INFO - [2026-09-25T16:20:16.941+0000] {dag.py:3239} INFO - Sync 1 DAGs
[2026-09-25T16:20:17.421+0000] {logging_mixin.py:190} INFO - [2026-09-25T16:20:17.421+0000] {dag.py:4180} INFO - Setting next_dagrun for example_time_delta_sensor_async to None, run_after=None
[2026-09-25T16:20:18.035+0000] {processor.py:208} INFO - Processing /home/airflow/.local/lib/python3.12/site-packages/airflow/example_dags/example_time_delta_sensor_async.py took 3.217 seconds
[2026-09-25T16:21:36.661+0000] {processor.py:186} INFO - Started process (PID=373) to work on /home/airflow/.local/lib/python3.12/site-packages/airflow/example_dags/example_time_delta_sensor_async.py
[2026-09-25T16:21:36.663+0000] {processor.py:914} INFO - Processing file /home/airflow/.local/lib/python3.12/site-packages/airflow/example_dags/example_time_delta_sensor_async.py for tasks to queue
[2026-09-25T16:21:36.668+0000] {logging_mixin.py:190} INFO - [2026-09-25T16:21:36.668+0000] {dagbag.py:588} INFO - Filling up the DagBag from /home/airflow/.local/lib/python3.12/site-packages/airflow/example_dags/example_time_delta_sensor_async.py
[2026-09-25T16:21:36.682+0000] {processor.py:925} INFO - DAG(s) 'example_time_delta_sensor_async' retrieved from /home/airflow/.local/lib/python3.12/site-packages/airflow/example_dags/example_time_delta_sensor_async.py
[2026-09-25T16:21:36.719+0000] {logging_mixin.py:190} INFO - [2026-09-25T16:21:36.719+0000] {dag.py:3239} INFO - Sync 1 DAGs
[2026-09-25T16:21:36.748+0000] {logging_mixin.py:190} INFO - [2026-09-25T16:21:36.748+0000] {dag.py:4180} INFO - Setting next_dagrun for example_time_delta_sensor_async to None, run_after=None
[2026-09-25T16:21:36.792+0000] {processor.py:208} INFO - Processing /home/airflow/.local/lib/python3.12/site-packages/airflow/example_dags/example_time_delta_sensor_async.py took 0.142 seconds
[2026-09-25T16:23:02.288+0000] {processor.py:186} INFO - Started process (PID=456) to work on /home/airflow/.local/lib/python3.12/site-packages/airflow/example_dags/example_time_delta_sensor_async.py
[2026-09-25T16:23:02.291+0000] {processor.py:914} INFO - Processing file /home/airflow/.local/lib/python3.12/site-packages/airflow/example_dags/example_time_delta_sensor_async.py for tasks to queue
[2026-09-25T16:23:02.296+0000] {logging_mixin.py:190} INFO - [2026-09-25T16:23:02.296+0000] {dagbag.py:588} INFO - Filling up the DagBag from /home/airflow/.local/lib/python3.12/site-packages/airflow/example_dags/example_time_delta_sensor_async.py
[2026-09-25T16:23:02.324+0000] {processor.py:925} INFO - DAG(s) 'example_time_delta_sensor_async' retrieved from /home/airflow/.local/lib/python3.12/site-packages/airflow/example_dags/example_time_delta_sensor_async.py
[2026-09-25T16:23:02.406+0000] {logging_mixin.py:190} INFO - [2026-09-25T16:23:02.403+0000] {dag.py:3239} INFO - Sync 1 DAGs
[2026-09-25T16:23:02.462+0000] {logging_mixin.py:190} INFO - [2026-09-25T16:23:02.462+0000] {dag.py:4180} INFO - Setting next_dagrun for example_time_delta_sensor_async to None, run_after=None
[2026-09-25T16:23:02.522+0000] {processor.py:208} INFO - Processing /home/airflow/.local/lib/python3.12/site-packages/airflow/example_dags/example_time_delta_sensor_async.py took 0.249 seconds
[2026-09-25T16:23:50.118+0000] {processor.py:186} INFO - Started process (PID=543) to work on /home/airflow/.local/lib/python3.12/site-packages/airflow/example_dags/example_time_delta_sensor_async.py
[2026-09-25T16:23:50.121+0000] {processor.py:914} INFO - Processing file /home/airflow/.local/lib/python3.12/site-packages/airflow/example_dags/example_time_delta_sensor_async.py for tasks to queue
[2026-09-25T16:23:50.128+0000] {logging_mixin.py:190} INFO - [2026-09-25T16:23:50.127+0000] {dagbag.py:588} INFO - Filling up the DagBag from /home/airflow/.local/lib/python3.12/site-packages/airflow/example_dags/example_time_delta_sensor_async.py
[2026-09-25T16:23:50.162+0000] {processor.py:925} INFO - DAG(s) 'example_time_delta_sensor_async' retrieved from /home/airflow/.local/lib/python3.12/site-packages/airflow/example_dags/example_time_delta_sensor_async.py
[2026-09-25T16:23:50.234+0000] {logging_mixin.py:190} INFO - [2026-09-25T16:23:50.233+0000] {dag.py:3239} INFO - Sync 1 DAGs
[2026-09-25T16:23:50.269+0000] {logging_mixin.py:190} INFO - [2026-09-25T16:23:50.269+0000] {dag.py:4180} INFO - Setting next_dagrun for example_time_delta_sensor_async to None, run_after=None
[2026-09-25T16:23:50.358+0000] {processor.py:208} INFO - Processing /home/airflow/.local/lib/python3.12/site-packages/airflow/example_dags/example_time_delta_sensor_async.py took 0.268 seconds
[2026-09-25T16:24:20.552+0000] {processor.py:186} INFO - Started process (PID=606) to work on /home/airflow/.local/lib/python3.12/site-packages/airflow/example_dags/example_time_delta_sensor_async.py
[2026-09-25T16:24:20.554+0000] {processor.py:914} INFO - Processing file /home/airflow/.local/lib/python3.12/site-packages/airflow/example_dags/example_time_delta_sensor_async.py for tasks to queue
[2026-09-25T16:24:20.559+0000] {logging_mixin.py:190} INFO - [2026-09-25T16:24:20.559+0000] {dagbag.py:588} INFO - Filling up the DagBag from /home/airflow/.local/lib/python3.12/site-packages/airflow/example_dags/example_time_delta_sensor_async.py
[2026-09-25T16:24:20.574+0000] {processor.py:925} INFO - DAG(s) 'example_time_delta_sensor_async' retrieved from /home/airflow/.local/lib/python3.12/site-packages/airflow/example_dags/example_time_delta_sensor_async.py
[2026-09-25T16:24:20.618+0000] {logging_mixin.py:190} INFO - [2026-09-25T16:24:20.617+0000] {dag.py:3239} INFO - Sync 1 DAGs
[2026-09-25T16:24:20.654+0000] {logging_mixin.py:190} INFO - [2026-09-25T16:24:20.653+0000] {dag.py:4180} INFO - Setting next_dagrun for example_time_delta_sensor_async to None, run_after=None
[2026-09-25T16:24:20.704+0000] {processor.py:208} INFO - Processing /home/airflow/.local/lib/python3.12/site-packages/airflow/example_dags/example_time_delta_sensor_async.py took 0.164 seconds
[2026-09-25T16:25:08.391+0000] {processor.py:186} INFO - Started process (PID=674) to work on /home/airflow/.local/lib/python3.12/site-packages/airflow/example_dags/example_time_delta_sensor_async.py
[2026-09-25T16:25:08.416+0000] {processor.py:914} INFO - Processing file /home/airflow/.local/lib/python3.12/site-packages/airflow/example_dags/example_time_delta_sensor_async.py for tasks to queue
[2026-09-25T16:25:08.437+0000] {logging_mixin.py:190} INFO - [2026-09-25T16:25:08.436+0000] {dagbag.py:588} INFO - Filling up the DagBag from /home/airflow/.local/lib/python3.12/site-packages/airflow/example_dags/example_time_delta_sensor_async.py
[2026-09-25T16:25:08.490+0000] {processor.py:925} INFO - DAG(s) 'example_time_delta_sensor_async' retrieved from /home/airflow/.local/lib/python3.12/site-packages/airflow/example_dags/example_time_delta_sensor_async.py
[2026-09-25T16:25:08.601+0000] {logging_mixin.py:190} INFO - [2026-09-25T16:25:08.600+0000] {dag.py:3239} INFO - Sync 1 DAGs
[2026-09-25T16:25:08.648+0000] {logging_mixin.py:190} INFO - [2026-09-25T16:25:08.647+0000] {dag.py:4180} INFO - Setting next_dagrun for example_time_delta_sensor_async to None, run_after=None
[2026-09-25T16:25:08.717+0000] {processor.py:208} INFO - Processing /home/airflow/.local/lib/python3.12/site-packages/airflow/example_dags/example_time_delta_sensor_async.py took 0.357 seconds
[2026-09-25T16:25:47.392+0000] {processor.py:186} INFO - Started process (PID=737) to work on /home/airflow/.local/lib/python3.12/site-packages/airflow/example_dags/example_time_delta_sensor_async.py
[2026-09-25T16:25:47.441+0000] {processor.py:914} INFO - Processing file /home/airflow/.local/lib/python3.12/site-packages/airflow/example_dags/example_time_delta_sensor_async.py for tasks to queue
[2026-09-25T16:25:47.483+0000] {logging_mixin.py:190} INFO - [2026-09-25T16:25:47.481+0000] {dagbag.py:588} INFO - Filling up the DagBag from /home/airflow/.local/lib/python3.12/site-packages/airflow/example_dags/example_time_delta_sensor_async.py
[2026-09-25T16:25:47.563+0000] {processor.py:925} INFO - DAG(s) 'example_time_delta_sensor_async' retrieved from /home/airflow/.local/lib/python3.12/site-packages/airflow/example_dags/example_time_delta_sensor_async.py
[2026-09-25T16:25:47.784+0000] {logging_mixin.py:190} INFO - [2026-09-25T16:25:47.783+0000] {dag.py:3239} INFO - Sync 1 DAGs
[2026-09-25T16:25:47.838+0000] {logging_mixin.py:190} INFO - [2026-09-25T16:25:47.837+0000] {dag.py:4180} INFO - Setting next_dagrun for example_time_delta_sensor_async to None, run_after=None
[2026-09-25T16:25:47.901+0000] {processor.py:208} INFO - Processing /home/airflow/.local/lib/python3.12/site-packages/airflow/example_dags/example_time_delta_sensor_async.py took 0.532 seconds
[2026-09-25T16:26:18.680+0000] {processor.py:186} INFO - Started process (PID=799) to work on /home/airflow/.local/lib/python3.12/site-packages/airflow/example_dags/example_time_delta_sensor_async.py
[2026-09-25T16:26:18.682+0000] {processor.py:914} INFO - Processing file /home/airflow/.local/lib/python3.12/site-packages/airflow/example_dags/example_time_delta_sensor_async.py for tasks to queue
[2026-09-25T16:26:18.695+0000] {logging_mixin.py:190} INFO - [2026-09-25T16:26:18.693+0000] {dagbag.py:588} INFO - Filling up the DagBag from /home/airflow/.local/lib/python3.12/site-packages/airflow/example_dags/example_time_delta_sensor_async.py
[2026-09-25T16:26:18.757+0000] {processor.py:925} INFO - DAG(s) 'example_time_delta_sensor_async' retrieved from /home/airflow/.local/lib/python3.12/site-packages/airflow/example_dags/example_time_delta_sensor_async.py
[2026-09-25T16:26:18.839+0000] {logging_mixin.py:190} INFO - [2026-09-25T16:26:18.839+0000] {dag.py:3239} INFO - Sync 1 DAGs
[2026-09-25T16:26:18.919+0000] {logging_mixin.py:190} INFO - [2026-09-25T16:26:18.919+0000] {dag.py:4180} INFO - Setting next_dagrun for example_time_delta_sensor_async to None, run_after=None
[2026-09-25T16:26:19.046+0000] {processor.py:208} INFO - Processing /home/airflow/.local/lib/python3.12/site-packages/airflow/example_dags/example_time_delta_sensor_async.py took 0.390 seconds
[2026-09-25T16:26:49.602+0000] {processor.py:186} INFO - Started process (PID=861) to work on /home/airflow/.local/lib/python3.12/site-packages/airflow/example_dags/example_time_delta_sensor_async.py
[2026-09-25T16:26:49.662+0000] {processor.py:914} INFO - Processing file /home/airflow/.local/lib/python3.12/site-packages/airflow/example_dags/example_time_delta_sensor_async.py for tasks to queue
[2026-09-25T16:26:49.678+0000] {logging_mixin.py:190} INFO - [2026-09-25T16:26:49.677+0000] {dagbag.py:588} INFO - Filling up the DagBag from /home/airflow/.local/lib/python3.12/site-packages/airflow/example_dags/example_time_delta_sensor_async.py
[2026-09-25T16:26:49.729+0000] {processor.py:925} INFO - DAG(s) 'example_time_delta_sensor_async' retrieved from /home/airflow/.local/lib/python3.12/site-packages/airflow/example_dags/example_time_delta_sensor_async.py
[2026-09-25T16:26:49.939+0000] {logging_mixin.py:190} INFO - [2026-09-25T16:26:49.939+0000] {dag.py:3239} INFO - Sync 1 DAGs
[2026-09-25T16:26:50.167+0000] {logging_mixin.py:190} INFO - [2026-09-25T16:26:50.167+0000] {dag.py:4180} INFO - Setting next_dagrun for example_time_delta_sensor_async to None, run_after=None
[2026-09-25T16:26:50.238+0000] {processor.py:208} INFO - Processing /home/airflow/.local/lib/python3.12/site-packages/airflow/example_dags/example_time_delta_sensor_async.py took 0.653 seconds
[2026-09-25T16:27:20.379+0000] {processor.py:186} INFO - Started process (PID=922) to work on /home/airflow/.local/lib/python3.12/site-packages/airflow/example_dags/example_time_delta_sensor_async.py
[2026-09-25T16:27:20.396+0000] {processor.py:914} INFO - Processing file /home/airflow/.local/lib/python3.12/site-packages/airflow/example_dags/example_time_delta_sensor_async.py for tasks to queue
[2026-09-25T16:27:20.403+0000] {logging_mixin.py:190} INFO - [2026-09-25T16:27:20.402+0000] {dagbag.py:588} INFO - Filling up the DagBag from /home/airflow/.local/lib/python3.12/site-packages/airflow/example_dags/example_time_delta_sensor_async.py
[2026-09-25T16:27:20.431+0000] {processor.py:925} INFO - DAG(s) 'example_time_delta_sensor_async' retrieved from /home/airflow/.local/lib/python3.12/site-packages/airflow/example_dags/example_time_delta_sensor_async.py
[2026-09-25T16:27:20.546+0000] {logging_mixin.py:190} INFO - [2026-09-25T16:27:20.546+0000] {dag.py:3239} INFO - Sync 1 DAGs
[2026-09-25T16:27:20.598+0000] {logging_mixin.py:190} INFO - [2026-09-25T16:27:20.597+0000] {dag.py:4180} INFO - Setting next_dagrun for example_time_delta_sensor_async to None, run_after=None
[2026-09-25T16:27:20.746+0000] {processor.py:208} INFO - Processing /home/airflow/.local/lib/python3.12/site-packages/airflow/example_dags/example_time_delta_sensor_async.py took 0.387 seconds
[2026-09-25T16:28:20.359+0000] {processor.py:186} INFO - Started process (PID=993) to work on /home/airflow/.local/lib/python3.12/site-packages/airflow/example_dags/example_time_delta_sensor_async.py
[2026-09-25T16:28:20.363+0000] {processor.py:914} INFO - Processing file /home/airflow/.local/lib/python3.12/site-packages/airflow/example_dags/example_time_delta_sensor_async.py for tasks to queue
[2026-09-25T16:28:20.407+0000] {logging_mixin.py:190} INFO - [2026-09-25T16:28:20.405+0000] {dagbag.py:588} INFO - Filling up the DagBag from /home/airflow/.local/lib/python3.12/site-packages/airflow/example_dags/example_time_delta_sensor_async.py
[2026-09-25T16:28:20.508+0000] {processor.py:925} INFO - DAG(s) 'example_time_delta_sensor_async' retrieved from /home/airflow/.local/lib/python3.12/site-packages/airflow/example_dags/example_time_delta_sensor_async.py
[2026-09-25T16:28:20.614+0000] {logging_mixin.py:190} INFO - [2026-09-25T16:28:20.613+0000] {dag.py:3239} INFO - Sync 1 DAGs
[2026-09-25T16:28:20.776+0000] {logging_mixin.py:190} INFO - [2026-09-25T16:28:20.765+0000] {dag.py:4180} INFO - Setting next_dagrun for example_time_delta_sensor_async to None, run_after=None
[2026-09-25T16:28:20.923+0000] {processor.py:208} INFO - Processing /home/airflow/.local/lib/python3.12/site-packages/airflow/example_dags/example_time_delta_sensor_async.py took 0.653 seconds
[2026-09-25T16:29:08.213+0000] {processor.py:186} INFO - Started process (PID=1065) to work on /home/airflow/.local/lib/python3.12/site-packages/airflow/example_dags/example_time_delta_sensor_async.py
[2026-09-25T16:29:08.218+0000] {processor.py:914} INFO - Processing file /home/airflow/.local/lib/python3.12/site-packages/airflow/example_dags/example_time_delta_sensor_async.py for tasks to queue
[2026-09-25T16:29:08.234+0000] {logging_mixin.py:190} INFO - [2026-09-25T16:29:08.233+0000] {dagbag.py:588} INFO - Filling up the DagBag from /home/airflow/.local/lib/python3.12/site-packages/airflow/example_dags/example_time_delta_sensor_async.py
[2026-09-25T16:29:08.294+0000] {processor.py:925} INFO - DAG(s) 'example_time_delta_sensor_async' retrieved from /home/airflow/.local/lib/python3.12/site-packages/airflow/example_dags/example_time_delta_sensor_async.py
[2026-09-25T16:29:08.371+0000] {logging_mixin.py:190} INFO - [2026-09-25T16:29:08.370+0000] {dag.py:3239} INFO - Sync 1 DAGs
[2026-09-25T16:29:08.425+0000] {logging_mixin.py:190} INFO - [2026-09-25T16:29:08.424+0000] {dag.py:4180} INFO - Setting next_dagrun for example_time_delta_sensor_async to None, run_after=None
[2026-09-25T16:29:08.495+0000] {processor.py:208} INFO - Processing /home/airflow/.local/lib/python3.12/site-packages/airflow/example_dags/example_time_delta_sensor_async.py took 0.310 seconds
[2026-09-25T16:43:57.319+0000] {processor.py:186} INFO - Started process (PID=108) to work on /home/airflow/.local/lib/python3.12/site-packages/airflow/example_dags/example_time_delta_sensor_async.py
[2026-09-25T16:43:57.324+0000] {processor.py:914} INFO - Processing file /home/airflow/.local/lib/python3.12/site-packages/airflow/example_dags/example_time_delta_sensor_async.py for tasks to queue
[2026-09-25T16:43:57.335+0000] {logging_mixin.py:190} INFO - [2026-09-25T16:43:57.334+0000] {dagbag.py:588} INFO - Filling up the DagBag from /home/airflow/.local/lib/python3.12/site-packages/airflow/example_dags/example_time_delta_sensor_async.py
[2026-09-25T16:43:57.371+0000] {processor.py:925} INFO - DAG(s) 'example_time_delta_sensor_async' retrieved from /home/airflow/.local/lib/python3.12/site-packages/airflow/example_dags/example_time_delta_sensor_async.py
[2026-09-25T16:43:57.465+0000] {logging_mixin.py:190} INFO - [2026-09-25T16:43:57.464+0000] {dag.py:3239} INFO - Sync 1 DAGs
[2026-09-25T16:43:57.534+0000] {logging_mixin.py:190} INFO - [2026-09-25T16:43:57.530+0000] {dag.py:4180} INFO - Setting next_dagrun for example_time_delta_sensor_async to None, run_after=None
[2026-09-25T16:43:58.194+0000] {processor.py:208} INFO - Processing /home/airflow/.local/lib/python3.12/site-packages/airflow/example_dags/example_time_delta_sensor_async.py took 0.907 seconds
[2026-09-25T16:44:28.946+0000] {processor.py:186} INFO - Started process (PID=170) to work on /home/airflow/.local/lib/python3.12/site-packages/airflow/example_dags/example_time_delta_sensor_async.py
[2026-09-25T16:44:28.948+0000] {processor.py:914} INFO - Processing file /home/airflow/.local/lib/python3.12/site-packages/airflow/example_dags/example_time_delta_sensor_async.py for tasks to queue
[2026-09-25T16:44:28.962+0000] {logging_mixin.py:190} INFO - [2026-09-25T16:44:28.958+0000] {dagbag.py:588} INFO - Filling up the DagBag from /home/airflow/.local/lib/python3.12/site-packages/airflow/example_dags/example_time_delta_sensor_async.py
[2026-09-25T16:44:28.987+0000] {processor.py:925} INFO - DAG(s) 'example_time_delta_sensor_async' retrieved from /home/airflow/.local/lib/python3.12/site-packages/airflow/example_dags/example_time_delta_sensor_async.py
[2026-09-25T16:44:29.048+0000] {logging_mixin.py:190} INFO - [2026-09-25T16:44:29.048+0000] {dag.py:3239} INFO - Sync 1 DAGs
[2026-09-25T16:44:29.090+0000] {logging_mixin.py:190} INFO - [2026-09-25T16:44:29.089+0000] {dag.py:4180} INFO - Setting next_dagrun for example_time_delta_sensor_async to None, run_after=None
[2026-09-25T16:44:29.149+0000] {processor.py:208} INFO - Processing /home/airflow/.local/lib/python3.12/site-packages/airflow/example_dags/example_time_delta_sensor_async.py took 0.294 seconds
[2026-09-25T16:45:04.251+0000] {processor.py:186} INFO - Started process (PID=239) to work on /home/airflow/.local/lib/python3.12/site-packages/airflow/example_dags/example_time_delta_sensor_async.py
[2026-09-25T16:45:04.253+0000] {processor.py:914} INFO - Processing file /home/airflow/.local/lib/python3.12/site-packages/airflow/example_dags/example_time_delta_sensor_async.py for tasks to queue
[2026-09-25T16:45:04.261+0000] {logging_mixin.py:190} INFO - [2026-09-25T16:45:04.260+0000] {dagbag.py:588} INFO - Filling up the DagBag from /home/airflow/.local/lib/python3.12/site-packages/airflow/example_dags/example_time_delta_sensor_async.py
[2026-09-25T16:45:04.284+0000] {processor.py:925} INFO - DAG(s) 'example_time_delta_sensor_async' retrieved from /home/airflow/.local/lib/python3.12/site-packages/airflow/example_dags/example_time_delta_sensor_async.py
[2026-09-25T16:45:04.379+0000] {logging_mixin.py:190} INFO - [2026-09-25T16:45:04.378+0000] {dag.py:3239} INFO - Sync 1 DAGs
[2026-09-25T16:45:04.438+0000] {logging_mixin.py:190} INFO - [2026-09-25T16:45:04.438+0000] {dag.py:4180} INFO - Setting next_dagrun for example_time_delta_sensor_async to None, run_after=None
[2026-09-25T16:45:04.633+0000] {processor.py:208} INFO - Processing /home/airflow/.local/lib/python3.12/site-packages/airflow/example_dags/example_time_delta_sensor_async.py took 0.402 seconds
[2026-09-25T16:45:35.205+0000] {processor.py:186} INFO - Started process (PID=300) to work on /home/airflow/.local/lib/python3.12/site-packages/airflow/example_dags/example_time_delta_sensor_async.py
[2026-09-25T16:45:35.208+0000] {processor.py:914} INFO - Processing file /home/airflow/.local/lib/python3.12/site-packages/airflow/example_dags/example_time_delta_sensor_async.py for tasks to queue
[2026-09-25T16:45:35.213+0000] {logging_mixin.py:190} INFO - [2026-09-25T16:45:35.212+0000] {dagbag.py:588} INFO - Filling up the DagBag from /home/airflow/.local/lib/python3.12/site-packages/airflow/example_dags/example_time_delta_sensor_async.py
[2026-09-25T16:45:35.230+0000] {processor.py:925} INFO - DAG(s) 'example_time_delta_sensor_async' retrieved from /home/airflow/.local/lib/python3.12/site-packages/airflow/example_dags/example_time_delta_sensor_async.py
[2026-09-25T16:45:35.280+0000] {logging_mixin.py:190} INFO - [2026-09-25T16:45:35.279+0000] {dag.py:3239} INFO - Sync 1 DAGs
[2026-09-25T16:45:35.317+0000] {logging_mixin.py:190} INFO - [2026-09-25T16:45:35.317+0000] {dag.py:4180} INFO - Setting next_dagrun for example_time_delta_sensor_async to None, run_after=None
[2026-09-25T16:45:35.361+0000] {processor.py:208} INFO - Processing /home/airflow/.local/lib/python3.12/site-packages/airflow/example_dags/example_time_delta_sensor_async.py took 0.170 seconds
[2026-09-25T16:46:08.322+0000] {processor.py:186} INFO - Started process (PID=362) to work on /home/airflow/.local/lib/python3.12/site-packages/airflow/example_dags/example_time_delta_sensor_async.py
[2026-09-25T16:46:08.325+0000] {processor.py:914} INFO - Processing file /home/airflow/.local/lib/python3.12/site-packages/airflow/example_dags/example_time_delta_sensor_async.py for tasks to queue
[2026-09-25T16:46:08.333+0000] {logging_mixin.py:190} INFO - [2026-09-25T16:46:08.333+0000] {dagbag.py:588} INFO - Filling up the DagBag from /home/airflow/.local/lib/python3.12/site-packages/airflow/example_dags/example_time_delta_sensor_async.py
[2026-09-25T16:46:08.365+0000] {processor.py:925} INFO - DAG(s) 'example_time_delta_sensor_async' retrieved from /home/airflow/.local/lib/python3.12/site-packages/airflow/example_dags/example_time_delta_sensor_async.py
[2026-09-25T16:46:08.416+0000] {logging_mixin.py:190} INFO - [2026-09-25T16:46:08.415+0000] {dag.py:3239} INFO - Sync 1 DAGs
[2026-09-25T16:46:08.468+0000] {logging_mixin.py:190} INFO - [2026-09-25T16:46:08.468+0000] {dag.py:4180} INFO - Setting next_dagrun for example_time_delta_sensor_async to None, run_after=None
[2026-09-25T16:46:08.527+0000] {processor.py:208} INFO - Processing /home/airflow/.local/lib/python3.12/site-packages/airflow/example_dags/example_time_delta_sensor_async.py took 0.235 seconds
[2026-09-25T16:46:39.529+0000] {processor.py:186} INFO - Started process (PID=425) to work on /home/airflow/.local/lib/python3.12/site-packages/airflow/example_dags/example_time_delta_sensor_async.py
[2026-09-25T16:46:39.531+0000] {processor.py:914} INFO - Processing file /home/airflow/.local/lib/python3.12/site-packages/airflow/example_dags/example_time_delta_sensor_async.py for tasks to queue
[2026-09-25T16:46:39.537+0000] {logging_mixin.py:190} INFO - [2026-09-25T16:46:39.536+0000] {dagbag.py:588} INFO - Filling up the DagBag from /home/airflow/.local/lib/python3.12/site-packages/airflow/example_dags/example_time_delta_sensor_async.py
[2026-09-25T16:46:39.562+0000] {processor.py:925} INFO - DAG(s) 'example_time_delta_sensor_async' retrieved from /home/airflow/.local/lib/python3.12/site-packages/airflow/example_dags/example_time_delta_sensor_async.py
[2026-09-25T16:46:39.624+0000] {logging_mixin.py:190} INFO - [2026-09-25T16:46:39.623+0000] {dag.py:3239} INFO - Sync 1 DAGs
[2026-09-25T16:46:39.666+0000] {logging_mixin.py:190} INFO - [2026-09-25T16:46:39.665+0000] {dag.py:4180} INFO - Setting next_dagrun for example_time_delta_sensor_async to None, run_after=None
[2026-09-25T16:46:39.721+0000] {processor.py:208} INFO - Processing /home/airflow/.local/lib/python3.12/site-packages/airflow/example_dags/example_time_delta_sensor_async.py took 0.207 seconds
[2026-09-25T16:47:10.273+0000] {processor.py:186} INFO - Started process (PID=486) to work on /home/airflow/.local/lib/python3.12/site-packages/airflow/example_dags/example_time_delta_sensor_async.py
[2026-09-25T16:47:10.275+0000] {processor.py:914} INFO - Processing file /home/airflow/.local/lib/python3.12/site-packages/airflow/example_dags/example_time_delta_sensor_async.py for tasks to queue
[2026-09-25T16:47:10.282+0000] {logging_mixin.py:190} INFO - [2026-09-25T16:47:10.281+0000] {dagbag.py:588} INFO - Filling up the DagBag from /home/airflow/.local/lib/python3.12/site-packages/airflow/example_dags/example_time_delta_sensor_async.py
[2026-09-25T16:47:10.301+0000] {processor.py:925} INFO - DAG(s) 'example_time_delta_sensor_async' retrieved from /home/airflow/.local/lib/python3.12/site-packages/airflow/example_dags/example_time_delta_sensor_async.py
[2026-09-25T16:47:10.353+0000] {logging_mixin.py:190} INFO - [2026-09-25T16:47:10.352+0000] {dag.py:3239} INFO - Sync 1 DAGs
[2026-09-25T16:47:10.395+0000] {logging_mixin.py:190} INFO - [2026-09-25T16:47:10.394+0000] {dag.py:4180} INFO - Setting next_dagrun for example_time_delta_sensor_async to None, run_after=None
[2026-09-25T16:47:10.445+0000] {processor.py:208} INFO - Processing /home/airflow/.local/lib/python3.12/site-packages/airflow/example_dags/example_time_delta_sensor_async.py took 0.192 seconds
[2026-09-25T16:48:01.259+0000] {processor.py:186} INFO - Started process (PID=554) to work on /home/airflow/.local/lib/python3.12/site-packages/airflow/example_dags/example_time_delta_sensor_async.py
[2026-09-25T16:48:01.266+0000] {processor.py:914} INFO - Processing file /home/airflow/.local/lib/python3.12/site-packages/airflow/example_dags/example_time_delta_sensor_async.py for tasks to queue
[2026-09-25T16:48:01.345+0000] {logging_mixin.py:190} INFO - [2026-09-25T16:48:01.279+0000] {dagbag.py:588} INFO - Filling up the DagBag from /home/airflow/.local/lib/python3.12/site-packages/airflow/example_dags/example_time_delta_sensor_async.py
[2026-09-25T16:48:01.390+0000] {processor.py:925} INFO - DAG(s) 'example_time_delta_sensor_async' retrieved from /home/airflow/.local/lib/python3.12/site-packages/airflow/example_dags/example_time_delta_sensor_async.py
[2026-09-25T16:48:01.469+0000] {logging_mixin.py:190} INFO - [2026-09-25T16:48:01.468+0000] {dag.py:3239} INFO - Sync 1 DAGs
[2026-09-25T16:48:01.512+0000] {logging_mixin.py:190} INFO - [2026-09-25T16:48:01.511+0000] {dag.py:4180} INFO - Setting next_dagrun for example_time_delta_sensor_async to None, run_after=None
[2026-09-25T16:48:01.567+0000] {processor.py:208} INFO - Processing /home/airflow/.local/lib/python3.12/site-packages/airflow/example_dags/example_time_delta_sensor_async.py took 0.327 seconds
[2026-09-25T16:48:34.807+0000] {processor.py:186} INFO - Started process (PID=617) to work on /home/airflow/.local/lib/python3.12/site-packages/airflow/example_dags/example_time_delta_sensor_async.py
[2026-09-25T16:48:34.841+0000] {processor.py:914} INFO - Processing file /home/airflow/.local/lib/python3.12/site-packages/airflow/example_dags/example_time_delta_sensor_async.py for tasks to queue
[2026-09-25T16:48:34.876+0000] {logging_mixin.py:190} INFO - [2026-09-25T16:48:34.875+0000] {dagbag.py:588} INFO - Filling up the DagBag from /home/airflow/.local/lib/python3.12/site-packages/airflow/example_dags/example_time_delta_sensor_async.py
[2026-09-25T16:48:34.910+0000] {processor.py:925} INFO - DAG(s) 'example_time_delta_sensor_async' retrieved from /home/airflow/.local/lib/python3.12/site-packages/airflow/example_dags/example_time_delta_sensor_async.py
[2026-09-25T16:48:34.983+0000] {logging_mixin.py:190} INFO - [2026-09-25T16:48:34.981+0000] {dag.py:3239} INFO - Sync 1 DAGs
[2026-09-25T16:48:35.135+0000] {logging_mixin.py:190} INFO - [2026-09-25T16:48:35.129+0000] {dag.py:4180} INFO - Setting next_dagrun for example_time_delta_sensor_async to None, run_after=None
[2026-09-25T16:48:35.210+0000] {processor.py:208} INFO - Processing /home/airflow/.local/lib/python3.12/site-packages/airflow/example_dags/example_time_delta_sensor_async.py took 0.421 seconds
[2026-09-25T16:49:08.862+0000] {processor.py:186} INFO - Started process (PID=687) to work on /home/airflow/.local/lib/python3.12/site-packages/airflow/example_dags/example_time_delta_sensor_async.py
[2026-09-25T16:49:08.864+0000] {processor.py:914} INFO - Processing file /home/airflow/.local/lib/python3.12/site-packages/airflow/example_dags/example_time_delta_sensor_async.py for tasks to queue
[2026-09-25T16:49:08.871+0000] {logging_mixin.py:190} INFO - [2026-09-25T16:49:08.870+0000] {dagbag.py:588} INFO - Filling up the DagBag from /home/airflow/.local/lib/python3.12/site-packages/airflow/example_dags/example_time_delta_sensor_async.py
[2026-09-25T16:49:08.894+0000] {processor.py:925} INFO - DAG(s) 'example_time_delta_sensor_async' retrieved from /home/airflow/.local/lib/python3.12/site-packages/airflow/example_dags/example_time_delta_sensor_async.py
[2026-09-25T16:49:09.008+0000] {logging_mixin.py:190} INFO - [2026-09-25T16:49:09.008+0000] {dag.py:3239} INFO - Sync 1 DAGs
[2026-09-25T16:49:09.091+0000] {logging_mixin.py:190} INFO - [2026-09-25T16:49:09.090+0000] {dag.py:4180} INFO - Setting next_dagrun for example_time_delta_sensor_async to None, run_after=None
[2026-09-25T16:49:09.173+0000] {processor.py:208} INFO - Processing /home/airflow/.local/lib/python3.12/site-packages/airflow/example_dags/example_time_delta_sensor_async.py took 0.330 seconds
[2026-09-25T16:58:07.249+0000] {processor.py:186} INFO - Started process (PID=131) to work on /home/airflow/.local/lib/python3.12/site-packages/airflow/example_dags/example_time_delta_sensor_async.py
[2026-09-25T16:58:07.291+0000] {processor.py:914} INFO - Processing file /home/airflow/.local/lib/python3.12/site-packages/airflow/example_dags/example_time_delta_sensor_async.py for tasks to queue
[2026-09-25T16:58:07.301+0000] {logging_mixin.py:190} INFO - [2026-09-25T16:58:07.299+0000] {dagbag.py:588} INFO - Filling up the DagBag from /home/airflow/.local/lib/python3.12/site-packages/airflow/example_dags/example_time_delta_sensor_async.py
[2026-09-25T16:58:07.387+0000] {processor.py:925} INFO - DAG(s) 'example_time_delta_sensor_async' retrieved from /home/airflow/.local/lib/python3.12/site-packages/airflow/example_dags/example_time_delta_sensor_async.py
[2026-09-25T16:58:07.946+0000] {logging_mixin.py:190} INFO - [2026-09-25T16:58:07.916+0000] {dag.py:3239} INFO - Sync 1 DAGs
[2026-09-25T16:58:08.291+0000] {logging_mixin.py:190} INFO - [2026-09-25T16:58:08.290+0000] {dag.py:4180} INFO - Setting next_dagrun for example_time_delta_sensor_async to None, run_after=None
[2026-09-25T16:58:09.383+0000] {processor.py:208} INFO - Processing /home/airflow/.local/lib/python3.12/site-packages/airflow/example_dags/example_time_delta_sensor_async.py took 2.212 seconds
[2026-09-25T16:58:43.768+0000] {processor.py:186} INFO - Started process (PID=194) to work on /home/airflow/.local/lib/python3.12/site-packages/airflow/example_dags/example_time_delta_sensor_async.py
[2026-09-25T16:58:43.771+0000] {processor.py:914} INFO - Processing file /home/airflow/.local/lib/python3.12/site-packages/airflow/example_dags/example_time_delta_sensor_async.py for tasks to queue
[2026-09-25T16:58:43.778+0000] {logging_mixin.py:190} INFO - [2026-09-25T16:58:43.778+0000] {dagbag.py:588} INFO - Filling up the DagBag from /home/airflow/.local/lib/python3.12/site-packages/airflow/example_dags/example_time_delta_sensor_async.py
[2026-09-25T16:58:43.809+0000] {processor.py:925} INFO - DAG(s) 'example_time_delta_sensor_async' retrieved from /home/airflow/.local/lib/python3.12/site-packages/airflow/example_dags/example_time_delta_sensor_async.py
[2026-09-25T16:58:43.860+0000] {logging_mixin.py:190} INFO - [2026-09-25T16:58:43.859+0000] {dag.py:3239} INFO - Sync 1 DAGs
[2026-09-25T16:58:43.898+0000] {logging_mixin.py:190} INFO - [2026-09-25T16:58:43.897+0000] {dag.py:4180} INFO - Setting next_dagrun for example_time_delta_sensor_async to None, run_after=None
[2026-09-25T16:58:43.940+0000] {processor.py:208} INFO - Processing /home/airflow/.local/lib/python3.12/site-packages/airflow/example_dags/example_time_delta_sensor_async.py took 0.194 seconds
[2026-09-25T16:59:20.158+0000] {processor.py:186} INFO - Started process (PID=258) to work on /home/airflow/.local/lib/python3.12/site-packages/airflow/example_dags/example_time_delta_sensor_async.py
[2026-09-25T16:59:20.161+0000] {processor.py:914} INFO - Processing file /home/airflow/.local/lib/python3.12/site-packages/airflow/example_dags/example_time_delta_sensor_async.py for tasks to queue
[2026-09-25T16:59:20.171+0000] {logging_mixin.py:190} INFO - [2026-09-25T16:59:20.170+0000] {dagbag.py:588} INFO - Filling up the DagBag from /home/airflow/.local/lib/python3.12/site-packages/airflow/example_dags/example_time_delta_sensor_async.py
[2026-09-25T16:59:20.191+0000] {processor.py:925} INFO - DAG(s) 'example_time_delta_sensor_async' retrieved from /home/airflow/.local/lib/python3.12/site-packages/airflow/example_dags/example_time_delta_sensor_async.py
[2026-09-25T16:59:20.251+0000] {logging_mixin.py:190} INFO - [2026-09-25T16:59:20.250+0000] {dag.py:3239} INFO - Sync 1 DAGs
[2026-09-25T16:59:20.294+0000] {logging_mixin.py:190} INFO - [2026-09-25T16:59:20.293+0000] {dag.py:4180} INFO - Setting next_dagrun for example_time_delta_sensor_async to None, run_after=None
[2026-09-25T16:59:20.408+0000] {processor.py:208} INFO - Processing /home/airflow/.local/lib/python3.12/site-packages/airflow/example_dags/example_time_delta_sensor_async.py took 0.275 seconds
[2026-09-25T16:59:57.962+0000] {processor.py:186} INFO - Started process (PID=321) to work on /home/airflow/.local/lib/python3.12/site-packages/airflow/example_dags/example_time_delta_sensor_async.py
[2026-09-25T16:59:57.964+0000] {processor.py:914} INFO - Processing file /home/airflow/.local/lib/python3.12/site-packages/airflow/example_dags/example_time_delta_sensor_async.py for tasks to queue
[2026-09-25T16:59:57.970+0000] {logging_mixin.py:190} INFO - [2026-09-25T16:59:57.969+0000] {dagbag.py:588} INFO - Filling up the DagBag from /home/airflow/.local/lib/python3.12/site-packages/airflow/example_dags/example_time_delta_sensor_async.py
[2026-09-25T16:59:57.984+0000] {processor.py:925} INFO - DAG(s) 'example_time_delta_sensor_async' retrieved from /home/airflow/.local/lib/python3.12/site-packages/airflow/example_dags/example_time_delta_sensor_async.py
[2026-09-25T16:59:58.033+0000] {logging_mixin.py:190} INFO - [2026-09-25T16:59:58.033+0000] {dag.py:3239} INFO - Sync 1 DAGs
[2026-09-25T16:59:58.061+0000] {logging_mixin.py:190} INFO - [2026-09-25T16:59:58.061+0000] {dag.py:4180} INFO - Setting next_dagrun for example_time_delta_sensor_async to None, run_after=None
[2026-09-25T16:59:58.102+0000] {processor.py:208} INFO - Processing /home/airflow/.local/lib/python3.12/site-packages/airflow/example_dags/example_time_delta_sensor_async.py took 0.153 seconds
[2026-09-25T17:00:32.613+0000] {processor.py:186} INFO - Started process (PID=391) to work on /home/airflow/.local/lib/python3.12/site-packages/airflow/example_dags/example_time_delta_sensor_async.py
[2026-09-25T17:00:32.616+0000] {processor.py:914} INFO - Processing file /home/airflow/.local/lib/python3.12/site-packages/airflow/example_dags/example_time_delta_sensor_async.py for tasks to queue
[2026-09-25T17:00:32.625+0000] {logging_mixin.py:190} INFO - [2026-09-25T17:00:32.623+0000] {dagbag.py:588} INFO - Filling up the DagBag from /home/airflow/.local/lib/python3.12/site-packages/airflow/example_dags/example_time_delta_sensor_async.py
[2026-09-25T17:00:32.652+0000] {processor.py:925} INFO - DAG(s) 'example_time_delta_sensor_async' retrieved from /home/airflow/.local/lib/python3.12/site-packages/airflow/example_dags/example_time_delta_sensor_async.py
[2026-09-25T17:00:32.726+0000] {logging_mixin.py:190} INFO - [2026-09-25T17:00:32.726+0000] {dag.py:3239} INFO - Sync 1 DAGs
[2026-09-25T17:00:32.767+0000] {logging_mixin.py:190} INFO - [2026-09-25T17:00:32.766+0000] {dag.py:4180} INFO - Setting next_dagrun for example_time_delta_sensor_async to None, run_after=None
[2026-09-25T17:00:32.828+0000] {processor.py:208} INFO - Processing /home/airflow/.local/lib/python3.12/site-packages/airflow/example_dags/example_time_delta_sensor_async.py took 0.238 seconds
[2026-09-25T17:01:06.870+0000] {processor.py:186} INFO - Started process (PID=453) to work on /home/airflow/.local/lib/python3.12/site-packages/airflow/example_dags/example_time_delta_sensor_async.py
[2026-09-25T17:01:06.873+0000] {processor.py:914} INFO - Processing file /home/airflow/.local/lib/python3.12/site-packages/airflow/example_dags/example_time_delta_sensor_async.py for tasks to queue
[2026-09-25T17:01:06.914+0000] {logging_mixin.py:190} INFO - [2026-09-25T17:01:06.899+0000] {dagbag.py:588} INFO - Filling up the DagBag from /home/airflow/.local/lib/python3.12/site-packages/airflow/example_dags/example_time_delta_sensor_async.py
[2026-09-25T17:01:06.970+0000] {processor.py:925} INFO - DAG(s) 'example_time_delta_sensor_async' retrieved from /home/airflow/.local/lib/python3.12/site-packages/airflow/example_dags/example_time_delta_sensor_async.py
[2026-09-25T17:01:07.084+0000] {logging_mixin.py:190} INFO - [2026-09-25T17:01:07.083+0000] {dag.py:3239} INFO - Sync 1 DAGs
[2026-09-25T17:01:07.148+0000] {logging_mixin.py:190} INFO - [2026-09-25T17:01:07.148+0000] {dag.py:4180} INFO - Setting next_dagrun for example_time_delta_sensor_async to None, run_after=None
[2026-09-25T17:01:07.284+0000] {processor.py:208} INFO - Processing /home/airflow/.local/lib/python3.12/site-packages/airflow/example_dags/example_time_delta_sensor_async.py took 0.480 seconds
[2026-09-25T17:01:41.450+0000] {processor.py:186} INFO - Started process (PID=523) to work on /home/airflow/.local/lib/python3.12/site-packages/airflow/example_dags/example_time_delta_sensor_async.py
[2026-09-25T17:01:41.452+0000] {processor.py:914} INFO - Processing file /home/airflow/.local/lib/python3.12/site-packages/airflow/example_dags/example_time_delta_sensor_async.py for tasks to queue
[2026-09-25T17:01:41.457+0000] {logging_mixin.py:190} INFO - [2026-09-25T17:01:41.456+0000] {dagbag.py:588} INFO - Filling up the DagBag from /home/airflow/.local/lib/python3.12/site-packages/airflow/example_dags/example_time_delta_sensor_async.py
[2026-09-25T17:01:41.470+0000] {processor.py:925} INFO - DAG(s) 'example_time_delta_sensor_async' retrieved from /home/airflow/.local/lib/python3.12/site-packages/airflow/example_dags/example_time_delta_sensor_async.py
[2026-09-25T17:01:41.511+0000] {logging_mixin.py:190} INFO - [2026-09-25T17:01:41.510+0000] {dag.py:3239} INFO - Sync 1 DAGs
[2026-09-25T17:01:41.539+0000] {logging_mixin.py:190} INFO - [2026-09-25T17:01:41.539+0000] {dag.py:4180} INFO - Setting next_dagrun for example_time_delta_sensor_async to None, run_after=None
[2026-09-25T17:01:41.577+0000] {processor.py:208} INFO - Processing /home/airflow/.local/lib/python3.12/site-packages/airflow/example_dags/example_time_delta_sensor_async.py took 0.145 seconds
[2026-09-25T17:02:30.426+0000] {processor.py:186} INFO - Started process (PID=587) to work on /home/airflow/.local/lib/python3.12/site-packages/airflow/example_dags/example_time_delta_sensor_async.py
[2026-09-25T17:02:30.429+0000] {processor.py:914} INFO - Processing file /home/airflow/.local/lib/python3.12/site-packages/airflow/example_dags/example_time_delta_sensor_async.py for tasks to queue
[2026-09-25T17:02:30.435+0000] {logging_mixin.py:190} INFO - [2026-09-25T17:02:30.434+0000] {dagbag.py:588} INFO - Filling up the DagBag from /home/airflow/.local/lib/python3.12/site-packages/airflow/example_dags/example_time_delta_sensor_async.py
[2026-09-25T17:02:30.448+0000] {processor.py:925} INFO - DAG(s) 'example_time_delta_sensor_async' retrieved from /home/airflow/.local/lib/python3.12/site-packages/airflow/example_dags/example_time_delta_sensor_async.py
[2026-09-25T17:02:30.490+0000] {logging_mixin.py:190} INFO - [2026-09-25T17:02:30.489+0000] {dag.py:3239} INFO - Sync 1 DAGs
[2026-09-25T17:02:30.531+0000] {logging_mixin.py:190} INFO - [2026-09-25T17:02:30.530+0000] {dag.py:4180} INFO - Setting next_dagrun for example_time_delta_sensor_async to None, run_after=None
[2026-09-25T17:02:30.578+0000] {processor.py:208} INFO - Processing /home/airflow/.local/lib/python3.12/site-packages/airflow/example_dags/example_time_delta_sensor_async.py took 0.162 seconds
[2026-09-25T17:03:01.455+0000] {processor.py:186} INFO - Started process (PID=650) to work on /home/airflow/.local/lib/python3.12/site-packages/airflow/example_dags/example_time_delta_sensor_async.py
[2026-09-25T17:03:01.457+0000] {processor.py:914} INFO - Processing file /home/airflow/.local/lib/python3.12/site-packages/airflow/example_dags/example_time_delta_sensor_async.py for tasks to queue
[2026-09-25T17:03:01.462+0000] {logging_mixin.py:190} INFO - [2026-09-25T17:03:01.461+0000] {dagbag.py:588} INFO - Filling up the DagBag from /home/airflow/.local/lib/python3.12/site-packages/airflow/example_dags/example_time_delta_sensor_async.py
[2026-09-25T17:03:01.474+0000] {processor.py:925} INFO - DAG(s) 'example_time_delta_sensor_async' retrieved from /home/airflow/.local/lib/python3.12/site-packages/airflow/example_dags/example_time_delta_sensor_async.py
[2026-09-25T17:03:01.509+0000] {logging_mixin.py:190} INFO - [2026-09-25T17:03:01.508+0000] {dag.py:3239} INFO - Sync 1 DAGs
[2026-09-25T17:03:01.535+0000] {logging_mixin.py:190} INFO - [2026-09-25T17:03:01.535+0000] {dag.py:4180} INFO - Setting next_dagrun for example_time_delta_sensor_async to None, run_after=None
[2026-09-25T17:03:01.570+0000] {processor.py:208} INFO - Processing /home/airflow/.local/lib/python3.12/site-packages/airflow/example_dags/example_time_delta_sensor_async.py took 0.125 seconds
[2026-09-25T17:03:32.805+0000] {processor.py:186} INFO - Started process (PID=712) to work on /home/airflow/.local/lib/python3.12/site-packages/airflow/example_dags/example_time_delta_sensor_async.py
[2026-09-25T17:03:32.807+0000] {processor.py:914} INFO - Processing file /home/airflow/.local/lib/python3.12/site-packages/airflow/example_dags/example_time_delta_sensor_async.py for tasks to queue
[2026-09-25T17:03:32.813+0000] {logging_mixin.py:190} INFO - [2026-09-25T17:03:32.812+0000] {dagbag.py:588} INFO - Filling up the DagBag from /home/airflow/.local/lib/python3.12/site-packages/airflow/example_dags/example_time_delta_sensor_async.py
[2026-09-25T17:03:32.826+0000] {processor.py:925} INFO - DAG(s) 'example_time_delta_sensor_async' retrieved from /home/airflow/.local/lib/python3.12/site-packages/airflow/example_dags/example_time_delta_sensor_async.py
[2026-09-25T17:03:32.896+0000] {logging_mixin.py:190} INFO - [2026-09-25T17:03:32.895+0000] {dag.py:3239} INFO - Sync 1 DAGs
[2026-09-25T17:03:32.924+0000] {logging_mixin.py:190} INFO - [2026-09-25T17:03:32.924+0000] {dag.py:4180} INFO - Setting next_dagrun for example_time_delta_sensor_async to None, run_after=None
[2026-09-25T17:03:32.969+0000] {processor.py:208} INFO - Processing /home/airflow/.local/lib/python3.12/site-packages/airflow/example_dags/example_time_delta_sensor_async.py took 0.179 seconds
[2026-09-25T17:04:03.547+0000] {processor.py:186} INFO - Started process (PID=774) to work on /home/airflow/.local/lib/python3.12/site-packages/airflow/example_dags/example_time_delta_sensor_async.py
[2026-09-25T17:04:03.566+0000] {processor.py:914} INFO - Processing file /home/airflow/.local/lib/python3.12/site-packages/airflow/example_dags/example_time_delta_sensor_async.py for tasks to queue
[2026-09-25T17:04:03.586+0000] {logging_mixin.py:190} INFO - [2026-09-25T17:04:03.585+0000] {dagbag.py:588} INFO - Filling up the DagBag from /home/airflow/.local/lib/python3.12/site-packages/airflow/example_dags/example_time_delta_sensor_async.py
[2026-09-25T17:04:03.657+0000] {processor.py:925} INFO - DAG(s) 'example_time_delta_sensor_async' retrieved from /home/airflow/.local/lib/python3.12/site-packages/airflow/example_dags/example_time_delta_sensor_async.py
[2026-09-25T17:04:03.810+0000] {logging_mixin.py:190} INFO - [2026-09-25T17:04:03.809+0000] {dag.py:3239} INFO - Sync 1 DAGs
[2026-09-25T17:04:04.029+0000] {logging_mixin.py:190} INFO - [2026-09-25T17:04:04.028+0000] {dag.py:4180} INFO - Setting next_dagrun for example_time_delta_sensor_async to None, run_after=None
[2026-09-25T17:04:04.260+0000] {processor.py:208} INFO - Processing /home/airflow/.local/lib/python3.12/site-packages/airflow/example_dags/example_time_delta_sensor_async.py took 0.751 seconds
[2026-09-25T17:04:35.115+0000] {processor.py:186} INFO - Started process (PID=842) to work on /home/airflow/.local/lib/python3.12/site-packages/airflow/example_dags/example_time_delta_sensor_async.py
[2026-09-25T17:04:35.118+0000] {processor.py:914} INFO - Processing file /home/airflow/.local/lib/python3.12/site-packages/airflow/example_dags/example_time_delta_sensor_async.py for tasks to queue
[2026-09-25T17:04:35.123+0000] {logging_mixin.py:190} INFO - [2026-09-25T17:04:35.122+0000] {dagbag.py:588} INFO - Filling up the DagBag from /home/airflow/.local/lib/python3.12/site-packages/airflow/example_dags/example_time_delta_sensor_async.py
[2026-09-25T17:04:35.135+0000] {processor.py:925} INFO - DAG(s) 'example_time_delta_sensor_async' retrieved from /home/airflow/.local/lib/python3.12/site-packages/airflow/example_dags/example_time_delta_sensor_async.py
[2026-09-25T17:04:35.174+0000] {logging_mixin.py:190} INFO - [2026-09-25T17:04:35.174+0000] {dag.py:3239} INFO - Sync 1 DAGs
[2026-09-25T17:04:35.198+0000] {logging_mixin.py:190} INFO - [2026-09-25T17:04:35.198+0000] {dag.py:4180} INFO - Setting next_dagrun for example_time_delta_sensor_async to None, run_after=None
[2026-09-25T17:04:35.231+0000] {processor.py:208} INFO - Processing /home/airflow/.local/lib/python3.12/site-packages/airflow/example_dags/example_time_delta_sensor_async.py took 0.128 seconds
[2026-09-25T17:05:06.713+0000] {processor.py:186} INFO - Started process (PID=904) to work on /home/airflow/.local/lib/python3.12/site-packages/airflow/example_dags/example_time_delta_sensor_async.py
[2026-09-25T17:05:06.716+0000] {processor.py:914} INFO - Processing file /home/airflow/.local/lib/python3.12/site-packages/airflow/example_dags/example_time_delta_sensor_async.py for tasks to queue
[2026-09-25T17:05:06.722+0000] {logging_mixin.py:190} INFO - [2026-09-25T17:05:06.722+0000] {dagbag.py:588} INFO - Filling up the DagBag from /home/airflow/.local/lib/python3.12/site-packages/airflow/example_dags/example_time_delta_sensor_async.py
[2026-09-25T17:05:06.736+0000] {processor.py:925} INFO - DAG(s) 'example_time_delta_sensor_async' retrieved from /home/airflow/.local/lib/python3.12/site-packages/airflow/example_dags/example_time_delta_sensor_async.py
[2026-09-25T17:05:06.772+0000] {logging_mixin.py:190} INFO - [2026-09-25T17:05:06.772+0000] {dag.py:3239} INFO - Sync 1 DAGs
[2026-09-25T17:05:06.801+0000] {logging_mixin.py:190} INFO - [2026-09-25T17:05:06.800+0000] {dag.py:4180} INFO - Setting next_dagrun for example_time_delta_sensor_async to None, run_after=None
[2026-09-25T17:05:06.836+0000] {processor.py:208} INFO - Processing /home/airflow/.local/lib/python3.12/site-packages/airflow/example_dags/example_time_delta_sensor_async.py took 0.136 seconds
[2026-09-25T17:05:40.583+0000] {processor.py:186} INFO - Started process (PID=971) to work on /home/airflow/.local/lib/python3.12/site-packages/airflow/example_dags/example_time_delta_sensor_async.py
[2026-09-25T17:05:40.585+0000] {processor.py:914} INFO - Processing file /home/airflow/.local/lib/python3.12/site-packages/airflow/example_dags/example_time_delta_sensor_async.py for tasks to queue
[2026-09-25T17:05:40.590+0000] {logging_mixin.py:190} INFO - [2026-09-25T17:05:40.589+0000] {dagbag.py:588} INFO - Filling up the DagBag from /home/airflow/.local/lib/python3.12/site-packages/airflow/example_dags/example_time_delta_sensor_async.py
[2026-09-25T17:05:40.614+0000] {processor.py:925} INFO - DAG(s) 'example_time_delta_sensor_async' retrieved from /home/airflow/.local/lib/python3.12/site-packages/airflow/example_dags/example_time_delta_sensor_async.py
[2026-09-25T17:05:40.654+0000] {logging_mixin.py:190} INFO - [2026-09-25T17:05:40.653+0000] {dag.py:3239} INFO - Sync 1 DAGs
[2026-09-25T17:05:40.685+0000] {logging_mixin.py:190} INFO - [2026-09-25T17:05:40.684+0000] {dag.py:4180} INFO - Setting next_dagrun for example_time_delta_sensor_async to None, run_after=None
[2026-09-25T17:05:40.727+0000] {processor.py:208} INFO - Processing /home/airflow/.local/lib/python3.12/site-packages/airflow/example_dags/example_time_delta_sensor_async.py took 0.156 seconds
[2026-09-25T17:06:12.878+0000] {processor.py:186} INFO - Started process (PID=1034) to work on /home/airflow/.local/lib/python3.12/site-packages/airflow/example_dags/example_time_delta_sensor_async.py
[2026-09-25T17:06:12.880+0000] {processor.py:914} INFO - Processing file /home/airflow/.local/lib/python3.12/site-packages/airflow/example_dags/example_time_delta_sensor_async.py for tasks to queue
[2026-09-25T17:06:12.885+0000] {logging_mixin.py:190} INFO - [2026-09-25T17:06:12.884+0000] {dagbag.py:588} INFO - Filling up the DagBag from /home/airflow/.local/lib/python3.12/site-packages/airflow/example_dags/example_time_delta_sensor_async.py
[2026-09-25T17:06:12.899+0000] {processor.py:925} INFO - DAG(s) 'example_time_delta_sensor_async' retrieved from /home/airflow/.local/lib/python3.12/site-packages/airflow/example_dags/example_time_delta_sensor_async.py
[2026-09-25T17:06:12.937+0000] {logging_mixin.py:190} INFO - [2026-09-25T17:06:12.936+0000] {dag.py:3239} INFO - Sync 1 DAGs
[2026-09-25T17:06:12.963+0000] {logging_mixin.py:190} INFO - [2026-09-25T17:06:12.962+0000] {dag.py:4180} INFO - Setting next_dagrun for example_time_delta_sensor_async to None, run_after=None
[2026-09-25T17:06:13.014+0000] {processor.py:208} INFO - Processing /home/airflow/.local/lib/python3.12/site-packages/airflow/example_dags/example_time_delta_sensor_async.py took 0.148 seconds
[2026-09-25T17:06:53.538+0000] {processor.py:186} INFO - Started process (PID=1096) to work on /home/airflow/.local/lib/python3.12/site-packages/airflow/example_dags/example_time_delta_sensor_async.py
[2026-09-25T17:06:53.544+0000] {processor.py:914} INFO - Processing file /home/airflow/.local/lib/python3.12/site-packages/airflow/example_dags/example_time_delta_sensor_async.py for tasks to queue
[2026-09-25T17:06:53.551+0000] {logging_mixin.py:190} INFO - [2026-09-25T17:06:53.550+0000] {dagbag.py:588} INFO - Filling up the DagBag from /home/airflow/.local/lib/python3.12/site-packages/airflow/example_dags/example_time_delta_sensor_async.py
[2026-09-25T17:06:53.569+0000] {processor.py:925} INFO - DAG(s) 'example_time_delta_sensor_async' retrieved from /home/airflow/.local/lib/python3.12/site-packages/airflow/example_dags/example_time_delta_sensor_async.py
[2026-09-25T17:06:53.623+0000] {logging_mixin.py:190} INFO - [2026-09-25T17:06:53.621+0000] {dag.py:3239} INFO - Sync 1 DAGs
[2026-09-25T17:06:53.666+0000] {logging_mixin.py:190} INFO - [2026-09-25T17:06:53.665+0000] {dag.py:4180} INFO - Setting next_dagrun for example_time_delta_sensor_async to None, run_after=None
[2026-09-25T17:06:53.711+0000] {processor.py:208} INFO - Processing /home/airflow/.local/lib/python3.12/site-packages/airflow/example_dags/example_time_delta_sensor_async.py took 0.187 seconds
[2026-09-25T17:07:29.927+0000] {processor.py:186} INFO - Started process (PID=1158) to work on /home/airflow/.local/lib/python3.12/site-packages/airflow/example_dags/example_time_delta_sensor_async.py
[2026-09-25T17:07:29.930+0000] {processor.py:914} INFO - Processing file /home/airflow/.local/lib/python3.12/site-packages/airflow/example_dags/example_time_delta_sensor_async.py for tasks to queue
[2026-09-25T17:07:29.937+0000] {logging_mixin.py:190} INFO - [2026-09-25T17:07:29.936+0000] {dagbag.py:588} INFO - Filling up the DagBag from /home/airflow/.local/lib/python3.12/site-packages/airflow/example_dags/example_time_delta_sensor_async.py
[2026-09-25T17:07:29.953+0000] {processor.py:925} INFO - DAG(s) 'example_time_delta_sensor_async' retrieved from /home/airflow/.local/lib/python3.12/site-packages/airflow/example_dags/example_time_delta_sensor_async.py
[2026-09-25T17:07:30.028+0000] {logging_mixin.py:190} INFO - [2026-09-25T17:07:30.028+0000] {dag.py:3239} INFO - Sync 1 DAGs
[2026-09-25T17:07:30.079+0000] {logging_mixin.py:190} INFO - [2026-09-25T17:07:30.079+0000] {dag.py:4180} INFO - Setting next_dagrun for example_time_delta_sensor_async to None, run_after=None
[2026-09-25T17:07:30.129+0000] {processor.py:208} INFO - Processing /home/airflow/.local/lib/python3.12/site-packages/airflow/example_dags/example_time_delta_sensor_async.py took 0.217 seconds
[2026-09-25T17:08:01.479+0000] {processor.py:186} INFO - Started process (PID=1221) to work on /home/airflow/.local/lib/python3.12/site-packages/airflow/example_dags/example_time_delta_sensor_async.py
[2026-09-25T17:08:01.482+0000] {processor.py:914} INFO - Processing file /home/airflow/.local/lib/python3.12/site-packages/airflow/example_dags/example_time_delta_sensor_async.py for tasks to queue
[2026-09-25T17:08:01.492+0000] {logging_mixin.py:190} INFO - [2026-09-25T17:08:01.487+0000] {dagbag.py:588} INFO - Filling up the DagBag from /home/airflow/.local/lib/python3.12/site-packages/airflow/example_dags/example_time_delta_sensor_async.py
[2026-09-25T17:08:01.529+0000] {processor.py:925} INFO - DAG(s) 'example_time_delta_sensor_async' retrieved from /home/airflow/.local/lib/python3.12/site-packages/airflow/example_dags/example_time_delta_sensor_async.py
[2026-09-25T17:08:01.607+0000] {logging_mixin.py:190} INFO - [2026-09-25T17:08:01.605+0000] {dag.py:3239} INFO - Sync 1 DAGs
[2026-09-25T17:08:01.654+0000] {logging_mixin.py:190} INFO - [2026-09-25T17:08:01.653+0000] {dag.py:4180} INFO - Setting next_dagrun for example_time_delta_sensor_async to None, run_after=None
[2026-09-25T17:08:01.710+0000] {processor.py:208} INFO - Processing /home/airflow/.local/lib/python3.12/site-packages/airflow/example_dags/example_time_delta_sensor_async.py took 0.249 seconds
[2026-09-25T17:08:33.682+0000] {processor.py:186} INFO - Started process (PID=1285) to work on /home/airflow/.local/lib/python3.12/site-packages/airflow/example_dags/example_time_delta_sensor_async.py
[2026-09-25T17:08:33.684+0000] {processor.py:914} INFO - Processing file /home/airflow/.local/lib/python3.12/site-packages/airflow/example_dags/example_time_delta_sensor_async.py for tasks to queue
[2026-09-25T17:08:33.690+0000] {logging_mixin.py:190} INFO - [2026-09-25T17:08:33.689+0000] {dagbag.py:588} INFO - Filling up the DagBag from /home/airflow/.local/lib/python3.12/site-packages/airflow/example_dags/example_time_delta_sensor_async.py
[2026-09-25T17:08:33.705+0000] {processor.py:925} INFO - DAG(s) 'example_time_delta_sensor_async' retrieved from /home/airflow/.local/lib/python3.12/site-packages/airflow/example_dags/example_time_delta_sensor_async.py
[2026-09-25T17:08:33.739+0000] {logging_mixin.py:190} INFO - [2026-09-25T17:08:33.739+0000] {dag.py:3239} INFO - Sync 1 DAGs
[2026-09-25T17:08:33.768+0000] {logging_mixin.py:190} INFO - [2026-09-25T17:08:33.768+0000] {dag.py:4180} INFO - Setting next_dagrun for example_time_delta_sensor_async to None, run_after=None
[2026-09-25T17:08:33.807+0000] {processor.py:208} INFO - Processing /home/airflow/.local/lib/python3.12/site-packages/airflow/example_dags/example_time_delta_sensor_async.py took 0.139 seconds
[2026-09-25T17:09:05.491+0000] {processor.py:186} INFO - Started process (PID=1349) to work on /home/airflow/.local/lib/python3.12/site-packages/airflow/example_dags/example_time_delta_sensor_async.py
[2026-09-25T17:09:05.512+0000] {processor.py:914} INFO - Processing file /home/airflow/.local/lib/python3.12/site-packages/airflow/example_dags/example_time_delta_sensor_async.py for tasks to queue
[2026-09-25T17:09:05.525+0000] {logging_mixin.py:190} INFO - [2026-09-25T17:09:05.524+0000] {dagbag.py:588} INFO - Filling up the DagBag from /home/airflow/.local/lib/python3.12/site-packages/airflow/example_dags/example_time_delta_sensor_async.py
[2026-09-25T17:09:05.692+0000] {processor.py:925} INFO - DAG(s) 'example_time_delta_sensor_async' retrieved from /home/airflow/.local/lib/python3.12/site-packages/airflow/example_dags/example_time_delta_sensor_async.py
[2026-09-25T17:09:06.083+0000] {logging_mixin.py:190} INFO - [2026-09-25T17:09:06.082+0000] {dag.py:3239} INFO - Sync 1 DAGs
[2026-09-25T17:09:06.330+0000] {logging_mixin.py:190} INFO - [2026-09-25T17:09:06.329+0000] {dag.py:4180} INFO - Setting next_dagrun for example_time_delta_sensor_async to None, run_after=None
[2026-09-25T17:09:06.558+0000] {processor.py:208} INFO - Processing /home/airflow/.local/lib/python3.12/site-packages/airflow/example_dags/example_time_delta_sensor_async.py took 1.103 seconds
[2026-09-25T17:10:36.674+0000] {processor.py:186} INFO - Started process (PID=1425) to work on /home/airflow/.local/lib/python3.12/site-packages/airflow/example_dags/example_time_delta_sensor_async.py
[2026-09-25T17:10:36.685+0000] {processor.py:914} INFO - Processing file /home/airflow/.local/lib/python3.12/site-packages/airflow/example_dags/example_time_delta_sensor_async.py for tasks to queue
[2026-09-25T17:10:36.722+0000] {logging_mixin.py:190} INFO - [2026-09-25T17:10:36.721+0000] {dagbag.py:588} INFO - Filling up the DagBag from /home/airflow/.local/lib/python3.12/site-packages/airflow/example_dags/example_time_delta_sensor_async.py
[2026-09-25T17:10:36.795+0000] {processor.py:925} INFO - DAG(s) 'example_time_delta_sensor_async' retrieved from /home/airflow/.local/lib/python3.12/site-packages/airflow/example_dags/example_time_delta_sensor_async.py
[2026-09-25T17:10:36.906+0000] {logging_mixin.py:190} INFO - [2026-09-25T17:10:36.906+0000] {dag.py:3239} INFO - Sync 1 DAGs
[2026-09-25T17:10:37.003+0000] {logging_mixin.py:190} INFO - [2026-09-25T17:10:37.002+0000] {dag.py:4180} INFO - Setting next_dagrun for example_time_delta_sensor_async to None, run_after=None
[2026-09-25T17:10:37.159+0000] {processor.py:208} INFO - Processing /home/airflow/.local/lib/python3.12/site-packages/airflow/example_dags/example_time_delta_sensor_async.py took 0.548 seconds
[2026-09-25T17:14:14.681+0000] {processor.py:186} INFO - Started process (PID=1540) to work on /home/airflow/.local/lib/python3.12/site-packages/airflow/example_dags/example_time_delta_sensor_async.py
[2026-09-25T17:14:14.689+0000] {processor.py:914} INFO - Processing file /home/airflow/.local/lib/python3.12/site-packages/airflow/example_dags/example_time_delta_sensor_async.py for tasks to queue
[2026-09-25T17:14:14.736+0000] {logging_mixin.py:190} INFO - [2026-09-25T17:14:14.716+0000] {dagbag.py:588} INFO - Filling up the DagBag from /home/airflow/.local/lib/python3.12/site-packages/airflow/example_dags/example_time_delta_sensor_async.py
[2026-09-25T17:14:14.794+0000] {processor.py:925} INFO - DAG(s) 'example_time_delta_sensor_async' retrieved from /home/airflow/.local/lib/python3.12/site-packages/airflow/example_dags/example_time_delta_sensor_async.py
[2026-09-25T17:14:15.067+0000] {logging_mixin.py:190} INFO - [2026-09-25T17:14:15.065+0000] {dag.py:3239} INFO - Sync 1 DAGs
[2026-09-25T17:14:15.443+0000] {logging_mixin.py:190} INFO - [2026-09-25T17:14:15.442+0000] {dag.py:4180} INFO - Setting next_dagrun for example_time_delta_sensor_async to None, run_after=None
[2026-09-25T17:14:16.029+0000] {processor.py:208} INFO - Processing /home/airflow/.local/lib/python3.12/site-packages/airflow/example_dags/example_time_delta_sensor_async.py took 1.458 seconds
[2026-09-25T17:15:17.980+0000] {processor.py:186} INFO - Started process (PID=1616) to work on /home/airflow/.local/lib/python3.12/site-packages/airflow/example_dags/example_time_delta_sensor_async.py
[2026-09-25T17:15:17.985+0000] {processor.py:914} INFO - Processing file /home/airflow/.local/lib/python3.12/site-packages/airflow/example_dags/example_time_delta_sensor_async.py for tasks to queue
[2026-09-25T17:15:17.991+0000] {logging_mixin.py:190} INFO - [2026-09-25T17:15:17.990+0000] {dagbag.py:588} INFO - Filling up the DagBag from /home/airflow/.local/lib/python3.12/site-packages/airflow/example_dags/example_time_delta_sensor_async.py
[2026-09-25T17:15:18.011+0000] {processor.py:925} INFO - DAG(s) 'example_time_delta_sensor_async' retrieved from /home/airflow/.local/lib/python3.12/site-packages/airflow/example_dags/example_time_delta_sensor_async.py
[2026-09-25T17:15:18.080+0000] {logging_mixin.py:190} INFO - [2026-09-25T17:15:18.080+0000] {dag.py:3239} INFO - Sync 1 DAGs
[2026-09-25T17:15:18.120+0000] {logging_mixin.py:190} INFO - [2026-09-25T17:15:18.120+0000] {dag.py:4180} INFO - Setting next_dagrun for example_time_delta_sensor_async to None, run_after=None
[2026-09-25T17:15:18.181+0000] {processor.py:208} INFO - Processing /home/airflow/.local/lib/python3.12/site-packages/airflow/example_dags/example_time_delta_sensor_async.py took 0.216 seconds
[2026-09-25T17:15:53.834+0000] {processor.py:186} INFO - Started process (PID=1679) to work on /home/airflow/.local/lib/python3.12/site-packages/airflow/example_dags/example_time_delta_sensor_async.py
[2026-09-25T17:15:53.838+0000] {processor.py:914} INFO - Processing file /home/airflow/.local/lib/python3.12/site-packages/airflow/example_dags/example_time_delta_sensor_async.py for tasks to queue
[2026-09-25T17:15:53.845+0000] {logging_mixin.py:190} INFO - [2026-09-25T17:15:53.844+0000] {dagbag.py:588} INFO - Filling up the DagBag from /home/airflow/.local/lib/python3.12/site-packages/airflow/example_dags/example_time_delta_sensor_async.py
[2026-09-25T17:15:53.875+0000] {processor.py:925} INFO - DAG(s) 'example_time_delta_sensor_async' retrieved from /home/airflow/.local/lib/python3.12/site-packages/airflow/example_dags/example_time_delta_sensor_async.py
[2026-09-25T17:15:53.957+0000] {logging_mixin.py:190} INFO - [2026-09-25T17:15:53.956+0000] {dag.py:3239} INFO - Sync 1 DAGs
[2026-09-25T17:15:54.060+0000] {logging_mixin.py:190} INFO - [2026-09-25T17:15:54.058+0000] {dag.py:4180} INFO - Setting next_dagrun for example_time_delta_sensor_async to None, run_after=None
[2026-09-25T17:15:54.117+0000] {processor.py:208} INFO - Processing /home/airflow/.local/lib/python3.12/site-packages/airflow/example_dags/example_time_delta_sensor_async.py took 0.302 seconds
[2026-09-25T17:16:52.154+0000] {processor.py:186} INFO - Started process (PID=1770) to work on /home/airflow/.local/lib/python3.12/site-packages/airflow/example_dags/example_time_delta_sensor_async.py
[2026-09-25T17:16:52.158+0000] {processor.py:914} INFO - Processing file /home/airflow/.local/lib/python3.12/site-packages/airflow/example_dags/example_time_delta_sensor_async.py for tasks to queue
[2026-09-25T17:16:52.166+0000] {logging_mixin.py:190} INFO - [2026-09-25T17:16:52.165+0000] {dagbag.py:588} INFO - Filling up the DagBag from /home/airflow/.local/lib/python3.12/site-packages/airflow/example_dags/example_time_delta_sensor_async.py
[2026-09-25T17:16:52.203+0000] {processor.py:925} INFO - DAG(s) 'example_time_delta_sensor_async' retrieved from /home/airflow/.local/lib/python3.12/site-packages/airflow/example_dags/example_time_delta_sensor_async.py
[2026-09-25T17:16:52.262+0000] {logging_mixin.py:190} INFO - [2026-09-25T17:16:52.261+0000] {dag.py:3239} INFO - Sync 1 DAGs
[2026-09-25T17:16:52.336+0000] {logging_mixin.py:190} INFO - [2026-09-25T17:16:52.335+0000] {dag.py:4180} INFO - Setting next_dagrun for example_time_delta_sensor_async to None, run_after=None
[2026-09-25T17:16:52.437+0000] {processor.py:208} INFO - Processing /home/airflow/.local/lib/python3.12/site-packages/airflow/example_dags/example_time_delta_sensor_async.py took 0.302 seconds
[2026-09-25T17:17:22.888+0000] {processor.py:186} INFO - Started process (PID=1832) to work on /home/airflow/.local/lib/python3.12/site-packages/airflow/example_dags/example_time_delta_sensor_async.py
[2026-09-25T17:17:22.894+0000] {processor.py:914} INFO - Processing file /home/airflow/.local/lib/python3.12/site-packages/airflow/example_dags/example_time_delta_sensor_async.py for tasks to queue
[2026-09-25T17:17:22.899+0000] {logging_mixin.py:190} INFO - [2026-09-25T17:17:22.899+0000] {dagbag.py:588} INFO - Filling up the DagBag from /home/airflow/.local/lib/python3.12/site-packages/airflow/example_dags/example_time_delta_sensor_async.py
[2026-09-25T17:17:22.915+0000] {processor.py:925} INFO - DAG(s) 'example_time_delta_sensor_async' retrieved from /home/airflow/.local/lib/python3.12/site-packages/airflow/example_dags/example_time_delta_sensor_async.py
[2026-09-25T17:17:23.096+0000] {logging_mixin.py:190} INFO - [2026-09-25T17:17:23.095+0000] {dag.py:3239} INFO - Sync 1 DAGs
[2026-09-25T17:17:23.394+0000] {logging_mixin.py:190} INFO - [2026-09-25T17:17:23.393+0000] {dag.py:4180} INFO - Setting next_dagrun for example_time_delta_sensor_async to None, run_after=None
[2026-09-25T17:17:23.469+0000] {processor.py:208} INFO - Processing /home/airflow/.local/lib/python3.12/site-packages/airflow/example_dags/example_time_delta_sensor_async.py took 0.596 seconds
[2026-09-25T17:18:00.122+0000] {processor.py:186} INFO - Started process (PID=1904) to work on /home/airflow/.local/lib/python3.12/site-packages/airflow/example_dags/example_time_delta_sensor_async.py
[2026-09-25T17:18:00.126+0000] {processor.py:914} INFO - Processing file /home/airflow/.local/lib/python3.12/site-packages/airflow/example_dags/example_time_delta_sensor_async.py for tasks to queue
[2026-09-25T17:18:00.143+0000] {logging_mixin.py:190} INFO - [2026-09-25T17:18:00.141+0000] {dagbag.py:588} INFO - Filling up the DagBag from /home/airflow/.local/lib/python3.12/site-packages/airflow/example_dags/example_time_delta_sensor_async.py
[2026-09-25T17:18:00.163+0000] {processor.py:925} INFO - DAG(s) 'example_time_delta_sensor_async' retrieved from /home/airflow/.local/lib/python3.12/site-packages/airflow/example_dags/example_time_delta_sensor_async.py
[2026-09-25T17:18:00.223+0000] {logging_mixin.py:190} INFO - [2026-09-25T17:18:00.222+0000] {dag.py:3239} INFO - Sync 1 DAGs
[2026-09-25T17:18:00.252+0000] {logging_mixin.py:190} INFO - [2026-09-25T17:18:00.252+0000] {dag.py:4180} INFO - Setting next_dagrun for example_time_delta_sensor_async to None, run_after=None
[2026-09-25T17:18:00.310+0000] {processor.py:208} INFO - Processing /home/airflow/.local/lib/python3.12/site-packages/airflow/example_dags/example_time_delta_sensor_async.py took 0.443 seconds
[2026-09-25T17:18:35.927+0000] {processor.py:186} INFO - Started process (PID=1967) to work on /home/airflow/.local/lib/python3.12/site-packages/airflow/example_dags/example_time_delta_sensor_async.py
[2026-09-25T17:18:35.943+0000] {processor.py:914} INFO - Processing file /home/airflow/.local/lib/python3.12/site-packages/airflow/example_dags/example_time_delta_sensor_async.py for tasks to queue
[2026-09-25T17:18:35.954+0000] {logging_mixin.py:190} INFO - [2026-09-25T17:18:35.953+0000] {dagbag.py:588} INFO - Filling up the DagBag from /home/airflow/.local/lib/python3.12/site-packages/airflow/example_dags/example_time_delta_sensor_async.py
[2026-09-25T17:18:35.993+0000] {processor.py:925} INFO - DAG(s) 'example_time_delta_sensor_async' retrieved from /home/airflow/.local/lib/python3.12/site-packages/airflow/example_dags/example_time_delta_sensor_async.py
[2026-09-25T17:18:36.127+0000] {logging_mixin.py:190} INFO - [2026-09-25T17:18:36.126+0000] {dag.py:3239} INFO - Sync 1 DAGs
[2026-09-25T17:18:36.326+0000] {logging_mixin.py:190} INFO - [2026-09-25T17:18:36.326+0000] {dag.py:4180} INFO - Setting next_dagrun for example_time_delta_sensor_async to None, run_after=None
[2026-09-25T17:18:36.428+0000] {processor.py:208} INFO - Processing /home/airflow/.local/lib/python3.12/site-packages/airflow/example_dags/example_time_delta_sensor_async.py took 0.553 seconds
[2026-09-25T17:19:10.548+0000] {processor.py:186} INFO - Started process (PID=2030) to work on /home/airflow/.local/lib/python3.12/site-packages/airflow/example_dags/example_time_delta_sensor_async.py
[2026-09-25T17:19:10.556+0000] {processor.py:914} INFO - Processing file /home/airflow/.local/lib/python3.12/site-packages/airflow/example_dags/example_time_delta_sensor_async.py for tasks to queue
[2026-09-25T17:19:10.571+0000] {logging_mixin.py:190} INFO - [2026-09-25T17:19:10.569+0000] {dagbag.py:588} INFO - Filling up the DagBag from /home/airflow/.local/lib/python3.12/site-packages/airflow/example_dags/example_time_delta_sensor_async.py
[2026-09-25T17:19:10.607+0000] {processor.py:925} INFO - DAG(s) 'example_time_delta_sensor_async' retrieved from /home/airflow/.local/lib/python3.12/site-packages/airflow/example_dags/example_time_delta_sensor_async.py
[2026-09-25T17:19:10.682+0000] {logging_mixin.py:190} INFO - [2026-09-25T17:19:10.681+0000] {dag.py:3239} INFO - Sync 1 DAGs
[2026-09-25T17:19:10.718+0000] {logging_mixin.py:190} INFO - [2026-09-25T17:19:10.718+0000] {dag.py:4180} INFO - Setting next_dagrun for example_time_delta_sensor_async to None, run_after=None
[2026-09-25T17:19:10.778+0000] {processor.py:208} INFO - Processing /home/airflow/.local/lib/python3.12/site-packages/airflow/example_dags/example_time_delta_sensor_async.py took 0.262 seconds
[2026-09-25T17:19:51.720+0000] {processor.py:186} INFO - Started process (PID=2093) to work on /home/airflow/.local/lib/python3.12/site-packages/airflow/example_dags/example_time_delta_sensor_async.py
[2026-09-25T17:19:51.746+0000] {processor.py:914} INFO - Processing file /home/airflow/.local/lib/python3.12/site-packages/airflow/example_dags/example_time_delta_sensor_async.py for tasks to queue
[2026-09-25T17:19:51.757+0000] {logging_mixin.py:190} INFO - [2026-09-25T17:19:51.755+0000] {dagbag.py:588} INFO - Filling up the DagBag from /home/airflow/.local/lib/python3.12/site-packages/airflow/example_dags/example_time_delta_sensor_async.py
[2026-09-25T17:19:51.776+0000] {processor.py:925} INFO - DAG(s) 'example_time_delta_sensor_async' retrieved from /home/airflow/.local/lib/python3.12/site-packages/airflow/example_dags/example_time_delta_sensor_async.py
[2026-09-25T17:19:51.849+0000] {logging_mixin.py:190} INFO - [2026-09-25T17:19:51.848+0000] {dag.py:3239} INFO - Sync 1 DAGs
[2026-09-25T17:19:51.897+0000] {logging_mixin.py:190} INFO - [2026-09-25T17:19:51.897+0000] {dag.py:4180} INFO - Setting next_dagrun for example_time_delta_sensor_async to None, run_after=None
[2026-09-25T17:19:51.965+0000] {processor.py:208} INFO - Processing /home/airflow/.local/lib/python3.12/site-packages/airflow/example_dags/example_time_delta_sensor_async.py took 0.260 seconds
[2026-09-25T17:20:49.414+0000] {processor.py:186} INFO - Started process (PID=2182) to work on /home/airflow/.local/lib/python3.12/site-packages/airflow/example_dags/example_time_delta_sensor_async.py
[2026-09-25T17:20:49.421+0000] {processor.py:914} INFO - Processing file /home/airflow/.local/lib/python3.12/site-packages/airflow/example_dags/example_time_delta_sensor_async.py for tasks to queue
[2026-09-25T17:20:49.434+0000] {logging_mixin.py:190} INFO - [2026-09-25T17:20:49.433+0000] {dagbag.py:588} INFO - Filling up the DagBag from /home/airflow/.local/lib/python3.12/site-packages/airflow/example_dags/example_time_delta_sensor_async.py
[2026-09-25T17:20:49.456+0000] {processor.py:925} INFO - DAG(s) 'example_time_delta_sensor_async' retrieved from /home/airflow/.local/lib/python3.12/site-packages/airflow/example_dags/example_time_delta_sensor_async.py
[2026-09-25T17:20:49.541+0000] {logging_mixin.py:190} INFO - [2026-09-25T17:20:49.540+0000] {dag.py:3239} INFO - Sync 1 DAGs
[2026-09-25T17:20:49.684+0000] {logging_mixin.py:190} INFO - [2026-09-25T17:20:49.683+0000] {dag.py:4180} INFO - Setting next_dagrun for example_time_delta_sensor_async to None, run_after=None
[2026-09-25T17:20:49.889+0000] {processor.py:208} INFO - Processing /home/airflow/.local/lib/python3.12/site-packages/airflow/example_dags/example_time_delta_sensor_async.py took 0.495 seconds
[2026-09-25T17:21:25.914+0000] {processor.py:186} INFO - Started process (PID=2245) to work on /home/airflow/.local/lib/python3.12/site-packages/airflow/example_dags/example_time_delta_sensor_async.py
[2026-09-25T17:21:25.919+0000] {processor.py:914} INFO - Processing file /home/airflow/.local/lib/python3.12/site-packages/airflow/example_dags/example_time_delta_sensor_async.py for tasks to queue
[2026-09-25T17:21:25.929+0000] {logging_mixin.py:190} INFO - [2026-09-25T17:21:25.928+0000] {dagbag.py:588} INFO - Filling up the DagBag from /home/airflow/.local/lib/python3.12/site-packages/airflow/example_dags/example_time_delta_sensor_async.py
[2026-09-25T17:21:25.977+0000] {processor.py:925} INFO - DAG(s) 'example_time_delta_sensor_async' retrieved from /home/airflow/.local/lib/python3.12/site-packages/airflow/example_dags/example_time_delta_sensor_async.py
[2026-09-25T17:21:26.073+0000] {logging_mixin.py:190} INFO - [2026-09-25T17:21:26.072+0000] {dag.py:3239} INFO - Sync 1 DAGs
[2026-09-25T17:21:26.221+0000] {logging_mixin.py:190} INFO - [2026-09-25T17:21:26.214+0000] {dag.py:4180} INFO - Setting next_dagrun for example_time_delta_sensor_async to None, run_after=None
[2026-09-25T17:21:26.414+0000] {processor.py:208} INFO - Processing /home/airflow/.local/lib/python3.12/site-packages/airflow/example_dags/example_time_delta_sensor_async.py took 0.525 seconds
[2026-09-25T17:22:45.381+0000] {processor.py:186} INFO - Started process (PID=2328) to work on /home/airflow/.local/lib/python3.12/site-packages/airflow/example_dags/example_time_delta_sensor_async.py
[2026-09-25T17:22:45.388+0000] {processor.py:914} INFO - Processing file /home/airflow/.local/lib/python3.12/site-packages/airflow/example_dags/example_time_delta_sensor_async.py for tasks to queue
[2026-09-25T17:22:45.415+0000] {logging_mixin.py:190} INFO - [2026-09-25T17:22:45.414+0000] {dagbag.py:588} INFO - Filling up the DagBag from /home/airflow/.local/lib/python3.12/site-packages/airflow/example_dags/example_time_delta_sensor_async.py
[2026-09-25T17:22:45.573+0000] {processor.py:925} INFO - DAG(s) 'example_time_delta_sensor_async' retrieved from /home/airflow/.local/lib/python3.12/site-packages/airflow/example_dags/example_time_delta_sensor_async.py
[2026-09-25T17:22:45.800+0000] {logging_mixin.py:190} INFO - [2026-09-25T17:22:45.799+0000] {dag.py:3239} INFO - Sync 1 DAGs
[2026-09-25T17:22:45.883+0000] {logging_mixin.py:190} INFO - [2026-09-25T17:22:45.882+0000] {dag.py:4180} INFO - Setting next_dagrun for example_time_delta_sensor_async to None, run_after=None
[2026-09-25T17:22:46.926+0000] {processor.py:208} INFO - Processing /home/airflow/.local/lib/python3.12/site-packages/airflow/example_dags/example_time_delta_sensor_async.py took 1.603 seconds
[2026-09-25T17:23:25.909+0000] {processor.py:186} INFO - Started process (PID=2393) to work on /home/airflow/.local/lib/python3.12/site-packages/airflow/example_dags/example_time_delta_sensor_async.py
[2026-09-25T17:23:25.913+0000] {processor.py:914} INFO - Processing file /home/airflow/.local/lib/python3.12/site-packages/airflow/example_dags/example_time_delta_sensor_async.py for tasks to queue
[2026-09-25T17:23:25.920+0000] {logging_mixin.py:190} INFO - [2026-09-25T17:23:25.919+0000] {dagbag.py:588} INFO - Filling up the DagBag from /home/airflow/.local/lib/python3.12/site-packages/airflow/example_dags/example_time_delta_sensor_async.py
[2026-09-25T17:23:25.953+0000] {processor.py:925} INFO - DAG(s) 'example_time_delta_sensor_async' retrieved from /home/airflow/.local/lib/python3.12/site-packages/airflow/example_dags/example_time_delta_sensor_async.py
[2026-09-25T17:23:26.187+0000] {logging_mixin.py:190} INFO - [2026-09-25T17:23:26.186+0000] {dag.py:3239} INFO - Sync 1 DAGs
[2026-09-25T17:23:26.292+0000] {logging_mixin.py:190} INFO - [2026-09-25T17:23:26.291+0000] {dag.py:4180} INFO - Setting next_dagrun for example_time_delta_sensor_async to None, run_after=None
[2026-09-25T17:23:26.468+0000] {processor.py:208} INFO - Processing /home/airflow/.local/lib/python3.12/site-packages/airflow/example_dags/example_time_delta_sensor_async.py took 0.614 seconds
[2026-09-25T17:24:00.605+0000] {processor.py:186} INFO - Started process (PID=2455) to work on /home/airflow/.local/lib/python3.12/site-packages/airflow/example_dags/example_time_delta_sensor_async.py
[2026-09-25T17:24:00.607+0000] {processor.py:914} INFO - Processing file /home/airflow/.local/lib/python3.12/site-packages/airflow/example_dags/example_time_delta_sensor_async.py for tasks to queue
[2026-09-25T17:24:00.615+0000] {logging_mixin.py:190} INFO - [2026-09-25T17:24:00.614+0000] {dagbag.py:588} INFO - Filling up the DagBag from /home/airflow/.local/lib/python3.12/site-packages/airflow/example_dags/example_time_delta_sensor_async.py
[2026-09-25T17:24:00.653+0000] {processor.py:925} INFO - DAG(s) 'example_time_delta_sensor_async' retrieved from /home/airflow/.local/lib/python3.12/site-packages/airflow/example_dags/example_time_delta_sensor_async.py
[2026-09-25T17:24:00.720+0000] {logging_mixin.py:190} INFO - [2026-09-25T17:24:00.719+0000] {dag.py:3239} INFO - Sync 1 DAGs
[2026-09-25T17:24:00.789+0000] {logging_mixin.py:190} INFO - [2026-09-25T17:24:00.789+0000] {dag.py:4180} INFO - Setting next_dagrun for example_time_delta_sensor_async to None, run_after=None
[2026-09-25T17:24:00.847+0000] {processor.py:208} INFO - Processing /home/airflow/.local/lib/python3.12/site-packages/airflow/example_dags/example_time_delta_sensor_async.py took 0.266 seconds
[2026-09-25T17:24:39.253+0000] {processor.py:186} INFO - Started process (PID=2527) to work on /home/airflow/.local/lib/python3.12/site-packages/airflow/example_dags/example_time_delta_sensor_async.py
[2026-09-25T17:24:39.258+0000] {processor.py:914} INFO - Processing file /home/airflow/.local/lib/python3.12/site-packages/airflow/example_dags/example_time_delta_sensor_async.py for tasks to queue
[2026-09-25T17:24:39.265+0000] {logging_mixin.py:190} INFO - [2026-09-25T17:24:39.264+0000] {dagbag.py:588} INFO - Filling up the DagBag from /home/airflow/.local/lib/python3.12/site-packages/airflow/example_dags/example_time_delta_sensor_async.py
[2026-09-25T17:24:39.286+0000] {processor.py:925} INFO - DAG(s) 'example_time_delta_sensor_async' retrieved from /home/airflow/.local/lib/python3.12/site-packages/airflow/example_dags/example_time_delta_sensor_async.py
[2026-09-25T17:24:39.366+0000] {logging_mixin.py:190} INFO - [2026-09-25T17:24:39.366+0000] {dag.py:3239} INFO - Sync 1 DAGs
[2026-09-25T17:24:39.422+0000] {logging_mixin.py:190} INFO - [2026-09-25T17:24:39.422+0000] {dag.py:4180} INFO - Setting next_dagrun for example_time_delta_sensor_async to None, run_after=None
[2026-09-25T17:24:39.488+0000] {processor.py:208} INFO - Processing /home/airflow/.local/lib/python3.12/site-packages/airflow/example_dags/example_time_delta_sensor_async.py took 0.253 seconds
