[2026-09-25T16:15:17.003+0000] {processor.py:186} INFO - Started process (PID=84) to work on /home/airflow/.local/lib/python3.12/site-packages/airflow/example_dags/example_params_trigger_ui.py
[2026-09-25T16:15:17.015+0000] {processor.py:914} INFO - Processing file /home/airflow/.local/lib/python3.12/site-packages/airflow/example_dags/example_params_trigger_ui.py for tasks to queue
[2026-09-25T16:15:17.043+0000] {logging_mixin.py:190} INFO - [2026-09-25T16:15:17.042+0000] {dagbag.py:588} INFO - Filling up the DagBag from /home/airflow/.local/lib/python3.12/site-packages/airflow/example_dags/example_params_trigger_ui.py
[2026-09-25T16:15:17.147+0000] {processor.py:925} INFO - DAG(s) 'example_params_trigger_ui' retrieved from /home/airflow/.local/lib/python3.12/site-packages/airflow/example_dags/example_params_trigger_ui.py
[2026-09-25T16:15:17.586+0000] {logging_mixin.py:190} INFO - [2026-09-25T16:15:17.585+0000] {dag.py:3239} INFO - Sync 1 DAGs
[2026-09-25T16:15:17.932+0000] {logging_mixin.py:190} INFO - [2026-09-25T16:15:17.932+0000] {dag.py:4180} INFO - Setting next_dagrun for example_params_trigger_ui to None, run_after=None
[2026-09-25T16:15:18.110+0000] {processor.py:208} INFO - Processing /home/airflow/.local/lib/python3.12/site-packages/airflow/example_dags/example_params_trigger_ui.py took 1.246 seconds
[2026-09-25T16:17:33.772+0000] {processor.py:186} INFO - Started process (PID=171) to work on /home/airflow/.local/lib/python3.12/site-packages/airflow/example_dags/example_params_trigger_ui.py
[2026-09-25T16:17:34.188+0000] {processor.py:914} INFO - Processing file /home/airflow/.local/lib/python3.12/site-packages/airflow/example_dags/example_params_trigger_ui.py for tasks to queue
[2026-09-25T16:17:34.429+0000] {logging_mixin.py:190} INFO - [2026-09-25T16:17:34.402+0000] {dagbag.py:588} INFO - Filling up the DagBag from /home/airflow/.local/lib/python3.12/site-packages/airflow/example_dags/example_params_trigger_ui.py
[2026-09-25T16:17:34.787+0000] {processor.py:925} INFO - DAG(s) 'example_params_trigger_ui' retrieved from /home/airflow/.local/lib/python3.12/site-packages/airflow/example_dags/example_params_trigger_ui.py
[2026-09-25T16:17:35.881+0000] {logging_mixin.py:190} INFO - [2026-09-25T16:17:35.880+0000] {dag.py:3239} INFO - Sync 1 DAGs
[2026-09-25T16:17:36.431+0000] {logging_mixin.py:190} INFO - [2026-09-25T16:17:36.429+0000] {dag.py:4180} INFO - Setting next_dagrun for example_params_trigger_ui to None, run_after=None
[2026-09-25T16:17:36.891+0000] {processor.py:208} INFO - Processing /home/airflow/.local/lib/python3.12/site-packages/airflow/example_dags/example_params_trigger_ui.py took 3.168 seconds
[2026-09-25T16:19:24.335+0000] {processor.py:186} INFO - Started process (PID=234) to work on /home/airflow/.local/lib/python3.12/site-packages/airflow/example_dags/example_params_trigger_ui.py
[2026-09-25T16:19:24.338+0000] {processor.py:914} INFO - Processing file /home/airflow/.local/lib/python3.12/site-packages/airflow/example_dags/example_params_trigger_ui.py for tasks to queue
[2026-09-25T16:19:24.347+0000] {logging_mixin.py:190} INFO - [2026-09-25T16:19:24.345+0000] {dagbag.py:588} INFO - Filling up the DagBag from /home/airflow/.local/lib/python3.12/site-packages/airflow/example_dags/example_params_trigger_ui.py
[2026-09-25T16:19:24.492+0000] {processor.py:925} INFO - DAG(s) 'example_params_trigger_ui' retrieved from /home/airflow/.local/lib/python3.12/site-packages/airflow/example_dags/example_params_trigger_ui.py
[2026-09-25T16:19:25.044+0000] {logging_mixin.py:190} INFO - [2026-09-25T16:19:25.043+0000] {dag.py:3239} INFO - Sync 1 DAGs
[2026-09-25T16:19:25.142+0000] {logging_mixin.py:190} INFO - [2026-09-25T16:19:25.138+0000] {dag.py:4180} INFO - Setting next_dagrun for example_params_trigger_ui to None, run_after=None
[2026-09-25T16:19:25.337+0000] {processor.py:208} INFO - Processing /home/airflow/.local/lib/python3.12/site-packages/airflow/example_dags/example_params_trigger_ui.py took 1.064 seconds
[2026-09-25T16:20:26.138+0000] {processor.py:186} INFO - Started process (PID=291) to work on /home/airflow/.local/lib/python3.12/site-packages/airflow/example_dags/example_params_trigger_ui.py
[2026-09-25T16:20:26.142+0000] {processor.py:914} INFO - Processing file /home/airflow/.local/lib/python3.12/site-packages/airflow/example_dags/example_params_trigger_ui.py for tasks to queue
[2026-09-25T16:20:26.148+0000] {logging_mixin.py:190} INFO - [2026-09-25T16:20:26.147+0000] {dagbag.py:588} INFO - Filling up the DagBag from /home/airflow/.local/lib/python3.12/site-packages/airflow/example_dags/example_params_trigger_ui.py
[2026-09-25T16:20:26.188+0000] {processor.py:925} INFO - DAG(s) 'example_params_trigger_ui' retrieved from /home/airflow/.local/lib/python3.12/site-packages/airflow/example_dags/example_params_trigger_ui.py
[2026-09-25T16:20:26.434+0000] {logging_mixin.py:190} INFO - [2026-09-25T16:20:26.422+0000] {dag.py:3239} INFO - Sync 1 DAGs
[2026-09-25T16:20:26.494+0000] {logging_mixin.py:190} INFO - [2026-09-25T16:20:26.493+0000] {dag.py:4180} INFO - Setting next_dagrun for example_params_trigger_ui to None, run_after=None
[2026-09-25T16:20:26.546+0000] {processor.py:208} INFO - Processing /home/airflow/.local/lib/python3.12/site-packages/airflow/example_dags/example_params_trigger_ui.py took 0.424 seconds
[2026-09-25T16:21:18.741+0000] {processor.py:186} INFO - Started process (PID=345) to work on /home/airflow/.local/lib/python3.12/site-packages/airflow/example_dags/example_params_trigger_ui.py
[2026-09-25T16:21:18.751+0000] {processor.py:914} INFO - Processing file /home/airflow/.local/lib/python3.12/site-packages/airflow/example_dags/example_params_trigger_ui.py for tasks to queue
[2026-09-25T16:21:18.761+0000] {logging_mixin.py:190} INFO - [2026-09-25T16:21:18.760+0000] {dagbag.py:588} INFO - Filling up the DagBag from /home/airflow/.local/lib/python3.12/site-packages/airflow/example_dags/example_params_trigger_ui.py
[2026-09-25T16:21:18.882+0000] {processor.py:925} INFO - DAG(s) 'example_params_trigger_ui' retrieved from /home/airflow/.local/lib/python3.12/site-packages/airflow/example_dags/example_params_trigger_ui.py
[2026-09-25T16:21:19.199+0000] {logging_mixin.py:190} INFO - [2026-09-25T16:21:19.198+0000] {dag.py:3239} INFO - Sync 1 DAGs
[2026-09-25T16:21:19.336+0000] {logging_mixin.py:190} INFO - [2026-09-25T16:21:19.331+0000] {dag.py:4180} INFO - Setting next_dagrun for example_params_trigger_ui to None, run_after=None
[2026-09-25T16:21:19.484+0000] {processor.py:208} INFO - Processing /home/airflow/.local/lib/python3.12/site-packages/airflow/example_dags/example_params_trigger_ui.py took 0.814 seconds
[2026-09-25T16:22:25.378+0000] {processor.py:186} INFO - Started process (PID=412) to work on /home/airflow/.local/lib/python3.12/site-packages/airflow/example_dags/example_params_trigger_ui.py
[2026-09-25T16:22:25.420+0000] {processor.py:914} INFO - Processing file /home/airflow/.local/lib/python3.12/site-packages/airflow/example_dags/example_params_trigger_ui.py for tasks to queue
[2026-09-25T16:22:25.442+0000] {logging_mixin.py:190} INFO - [2026-09-25T16:22:25.441+0000] {dagbag.py:588} INFO - Filling up the DagBag from /home/airflow/.local/lib/python3.12/site-packages/airflow/example_dags/example_params_trigger_ui.py
[2026-09-25T16:22:25.624+0000] {processor.py:925} INFO - DAG(s) 'example_params_trigger_ui' retrieved from /home/airflow/.local/lib/python3.12/site-packages/airflow/example_dags/example_params_trigger_ui.py
[2026-09-25T16:22:26.388+0000] {logging_mixin.py:190} INFO - [2026-09-25T16:22:26.387+0000] {dag.py:3239} INFO - Sync 1 DAGs
[2026-09-25T16:22:26.471+0000] {logging_mixin.py:190} INFO - [2026-09-25T16:22:26.470+0000] {dag.py:4180} INFO - Setting next_dagrun for example_params_trigger_ui to None, run_after=None
[2026-09-25T16:22:26.590+0000] {processor.py:208} INFO - Processing /home/airflow/.local/lib/python3.12/site-packages/airflow/example_dags/example_params_trigger_ui.py took 1.380 seconds
[2026-09-25T16:23:07.942+0000] {processor.py:186} INFO - Started process (PID=481) to work on /home/airflow/.local/lib/python3.12/site-packages/airflow/example_dags/example_params_trigger_ui.py
[2026-09-25T16:23:07.944+0000] {processor.py:914} INFO - Processing file /home/airflow/.local/lib/python3.12/site-packages/airflow/example_dags/example_params_trigger_ui.py for tasks to queue
[2026-09-25T16:23:07.950+0000] {logging_mixin.py:190} INFO - [2026-09-25T16:23:07.949+0000] {dagbag.py:588} INFO - Filling up the DagBag from /home/airflow/.local/lib/python3.12/site-packages/airflow/example_dags/example_params_trigger_ui.py
[2026-09-25T16:23:07.980+0000] {processor.py:925} INFO - DAG(s) 'example_params_trigger_ui' retrieved from /home/airflow/.local/lib/python3.12/site-packages/airflow/example_dags/example_params_trigger_ui.py
[2026-09-25T16:23:08.117+0000] {logging_mixin.py:190} INFO - [2026-09-25T16:23:08.117+0000] {dag.py:3239} INFO - Sync 1 DAGs
[2026-09-25T16:23:08.161+0000] {logging_mixin.py:190} INFO - [2026-09-25T16:23:08.160+0000] {dag.py:4180} INFO - Setting next_dagrun for example_params_trigger_ui to None, run_after=None
[2026-09-25T16:23:08.218+0000] {processor.py:208} INFO - Processing /home/airflow/.local/lib/python3.12/site-packages/airflow/example_dags/example_params_trigger_ui.py took 0.291 seconds
[2026-09-25T16:23:48.011+0000] {processor.py:186} INFO - Started process (PID=536) to work on /home/airflow/.local/lib/python3.12/site-packages/airflow/example_dags/example_params_trigger_ui.py
[2026-09-25T16:23:48.039+0000] {processor.py:914} INFO - Processing file /home/airflow/.local/lib/python3.12/site-packages/airflow/example_dags/example_params_trigger_ui.py for tasks to queue
[2026-09-25T16:23:48.047+0000] {logging_mixin.py:190} INFO - [2026-09-25T16:23:48.045+0000] {dagbag.py:588} INFO - Filling up the DagBag from /home/airflow/.local/lib/python3.12/site-packages/airflow/example_dags/example_params_trigger_ui.py
[2026-09-25T16:23:48.119+0000] {processor.py:925} INFO - DAG(s) 'example_params_trigger_ui' retrieved from /home/airflow/.local/lib/python3.12/site-packages/airflow/example_dags/example_params_trigger_ui.py
[2026-09-25T16:23:48.470+0000] {logging_mixin.py:190} INFO - [2026-09-25T16:23:48.469+0000] {dag.py:3239} INFO - Sync 1 DAGs
[2026-09-25T16:23:48.559+0000] {logging_mixin.py:190} INFO - [2026-09-25T16:23:48.559+0000] {dag.py:4180} INFO - Setting next_dagrun for example_params_trigger_ui to None, run_after=None
[2026-09-25T16:23:48.790+0000] {processor.py:208} INFO - Processing /home/airflow/.local/lib/python3.12/site-packages/airflow/example_dags/example_params_trigger_ui.py took 0.820 seconds
[2026-09-25T16:24:19.301+0000] {processor.py:186} INFO - Started process (PID=599) to work on /home/airflow/.local/lib/python3.12/site-packages/airflow/example_dags/example_params_trigger_ui.py
[2026-09-25T16:24:19.305+0000] {processor.py:914} INFO - Processing file /home/airflow/.local/lib/python3.12/site-packages/airflow/example_dags/example_params_trigger_ui.py for tasks to queue
[2026-09-25T16:24:19.316+0000] {logging_mixin.py:190} INFO - [2026-09-25T16:24:19.315+0000] {dagbag.py:588} INFO - Filling up the DagBag from /home/airflow/.local/lib/python3.12/site-packages/airflow/example_dags/example_params_trigger_ui.py
[2026-09-25T16:24:19.368+0000] {processor.py:925} INFO - DAG(s) 'example_params_trigger_ui' retrieved from /home/airflow/.local/lib/python3.12/site-packages/airflow/example_dags/example_params_trigger_ui.py
[2026-09-25T16:24:19.534+0000] {logging_mixin.py:190} INFO - [2026-09-25T16:24:19.533+0000] {dag.py:3239} INFO - Sync 1 DAGs
[2026-09-25T16:24:19.621+0000] {logging_mixin.py:190} INFO - [2026-09-25T16:24:19.619+0000] {dag.py:4180} INFO - Setting next_dagrun for example_params_trigger_ui to None, run_after=None
[2026-09-25T16:24:19.690+0000] {processor.py:208} INFO - Processing /home/airflow/.local/lib/python3.12/site-packages/airflow/example_dags/example_params_trigger_ui.py took 0.405 seconds
[2026-09-25T16:24:58.307+0000] {processor.py:186} INFO - Started process (PID=658) to work on /home/airflow/.local/lib/python3.12/site-packages/airflow/example_dags/example_params_trigger_ui.py
[2026-09-25T16:24:58.311+0000] {processor.py:914} INFO - Processing file /home/airflow/.local/lib/python3.12/site-packages/airflow/example_dags/example_params_trigger_ui.py for tasks to queue
[2026-09-25T16:24:58.322+0000] {logging_mixin.py:190} INFO - [2026-09-25T16:24:58.320+0000] {dagbag.py:588} INFO - Filling up the DagBag from /home/airflow/.local/lib/python3.12/site-packages/airflow/example_dags/example_params_trigger_ui.py
[2026-09-25T16:24:58.431+0000] {processor.py:925} INFO - DAG(s) 'example_params_trigger_ui' retrieved from /home/airflow/.local/lib/python3.12/site-packages/airflow/example_dags/example_params_trigger_ui.py
[2026-09-25T16:24:59.106+0000] {logging_mixin.py:190} INFO - [2026-09-25T16:24:59.094+0000] {dag.py:3239} INFO - Sync 1 DAGs
[2026-09-25T16:24:59.301+0000] {logging_mixin.py:190} INFO - [2026-09-25T16:24:59.290+0000] {dag.py:4180} INFO - Setting next_dagrun for example_params_trigger_ui to None, run_after=None
[2026-09-25T16:24:59.648+0000] {processor.py:208} INFO - Processing /home/airflow/.local/lib/python3.12/site-packages/airflow/example_dags/example_params_trigger_ui.py took 1.381 seconds
[2026-09-25T16:25:30.652+0000] {processor.py:186} INFO - Started process (PID=721) to work on /home/airflow/.local/lib/python3.12/site-packages/airflow/example_dags/example_params_trigger_ui.py
[2026-09-25T16:25:30.668+0000] {processor.py:914} INFO - Processing file /home/airflow/.local/lib/python3.12/site-packages/airflow/example_dags/example_params_trigger_ui.py for tasks to queue
[2026-09-25T16:25:30.674+0000] {logging_mixin.py:190} INFO - [2026-09-25T16:25:30.673+0000] {dagbag.py:588} INFO - Filling up the DagBag from /home/airflow/.local/lib/python3.12/site-packages/airflow/example_dags/example_params_trigger_ui.py
[2026-09-25T16:25:30.741+0000] {processor.py:925} INFO - DAG(s) 'example_params_trigger_ui' retrieved from /home/airflow/.local/lib/python3.12/site-packages/airflow/example_dags/example_params_trigger_ui.py
[2026-09-25T16:25:30.913+0000] {logging_mixin.py:190} INFO - [2026-09-25T16:25:30.912+0000] {dag.py:3239} INFO - Sync 1 DAGs
[2026-09-25T16:25:30.993+0000] {logging_mixin.py:190} INFO - [2026-09-25T16:25:30.993+0000] {dag.py:4180} INFO - Setting next_dagrun for example_params_trigger_ui to None, run_after=None
[2026-09-25T16:25:31.120+0000] {processor.py:208} INFO - Processing /home/airflow/.local/lib/python3.12/site-packages/airflow/example_dags/example_params_trigger_ui.py took 0.497 seconds
[2026-09-25T16:26:06.696+0000] {processor.py:186} INFO - Started process (PID=782) to work on /home/airflow/.local/lib/python3.12/site-packages/airflow/example_dags/example_params_trigger_ui.py
[2026-09-25T16:26:06.706+0000] {processor.py:914} INFO - Processing file /home/airflow/.local/lib/python3.12/site-packages/airflow/example_dags/example_params_trigger_ui.py for tasks to queue
[2026-09-25T16:26:06.711+0000] {logging_mixin.py:190} INFO - [2026-09-25T16:26:06.710+0000] {dagbag.py:588} INFO - Filling up the DagBag from /home/airflow/.local/lib/python3.12/site-packages/airflow/example_dags/example_params_trigger_ui.py
[2026-09-25T16:26:06.763+0000] {processor.py:925} INFO - DAG(s) 'example_params_trigger_ui' retrieved from /home/airflow/.local/lib/python3.12/site-packages/airflow/example_dags/example_params_trigger_ui.py
[2026-09-25T16:26:06.959+0000] {logging_mixin.py:190} INFO - [2026-09-25T16:26:06.959+0000] {dag.py:3239} INFO - Sync 1 DAGs
[2026-09-25T16:26:07.029+0000] {logging_mixin.py:190} INFO - [2026-09-25T16:26:07.029+0000] {dag.py:4180} INFO - Setting next_dagrun for example_params_trigger_ui to None, run_after=None
[2026-09-25T16:26:07.229+0000] {processor.py:208} INFO - Processing /home/airflow/.local/lib/python3.12/site-packages/airflow/example_dags/example_params_trigger_ui.py took 0.567 seconds
[2026-09-25T16:26:37.499+0000] {processor.py:186} INFO - Started process (PID=844) to work on /home/airflow/.local/lib/python3.12/site-packages/airflow/example_dags/example_params_trigger_ui.py
[2026-09-25T16:26:37.501+0000] {processor.py:914} INFO - Processing file /home/airflow/.local/lib/python3.12/site-packages/airflow/example_dags/example_params_trigger_ui.py for tasks to queue
[2026-09-25T16:26:37.509+0000] {logging_mixin.py:190} INFO - [2026-09-25T16:26:37.507+0000] {dagbag.py:588} INFO - Filling up the DagBag from /home/airflow/.local/lib/python3.12/site-packages/airflow/example_dags/example_params_trigger_ui.py
[2026-09-25T16:26:37.541+0000] {processor.py:925} INFO - DAG(s) 'example_params_trigger_ui' retrieved from /home/airflow/.local/lib/python3.12/site-packages/airflow/example_dags/example_params_trigger_ui.py
[2026-09-25T16:26:37.725+0000] {logging_mixin.py:190} INFO - [2026-09-25T16:26:37.725+0000] {dag.py:3239} INFO - Sync 1 DAGs
[2026-09-25T16:26:37.765+0000] {logging_mixin.py:190} INFO - [2026-09-25T16:26:37.765+0000] {dag.py:4180} INFO - Setting next_dagrun for example_params_trigger_ui to None, run_after=None
[2026-09-25T16:26:37.816+0000] {processor.py:208} INFO - Processing /home/airflow/.local/lib/python3.12/site-packages/airflow/example_dags/example_params_trigger_ui.py took 0.334 seconds
[2026-09-25T16:27:16.922+0000] {processor.py:186} INFO - Started process (PID=913) to work on /home/airflow/.local/lib/python3.12/site-packages/airflow/example_dags/example_params_trigger_ui.py
[2026-09-25T16:27:16.929+0000] {processor.py:914} INFO - Processing file /home/airflow/.local/lib/python3.12/site-packages/airflow/example_dags/example_params_trigger_ui.py for tasks to queue
[2026-09-25T16:27:16.940+0000] {logging_mixin.py:190} INFO - [2026-09-25T16:27:16.939+0000] {dagbag.py:588} INFO - Filling up the DagBag from /home/airflow/.local/lib/python3.12/site-packages/airflow/example_dags/example_params_trigger_ui.py
[2026-09-25T16:27:17.007+0000] {processor.py:925} INFO - DAG(s) 'example_params_trigger_ui' retrieved from /home/airflow/.local/lib/python3.12/site-packages/airflow/example_dags/example_params_trigger_ui.py
[2026-09-25T16:27:17.332+0000] {logging_mixin.py:190} INFO - [2026-09-25T16:27:17.332+0000] {dag.py:3239} INFO - Sync 1 DAGs
[2026-09-25T16:27:17.386+0000] {logging_mixin.py:190} INFO - [2026-09-25T16:27:17.385+0000] {dag.py:4180} INFO - Setting next_dagrun for example_params_trigger_ui to None, run_after=None
[2026-09-25T16:27:17.460+0000] {processor.py:208} INFO - Processing /home/airflow/.local/lib/python3.12/site-packages/airflow/example_dags/example_params_trigger_ui.py took 0.612 seconds
[2026-09-25T16:28:03.634+0000] {processor.py:186} INFO - Started process (PID=968) to work on /home/airflow/.local/lib/python3.12/site-packages/airflow/example_dags/example_params_trigger_ui.py
[2026-09-25T16:28:03.656+0000] {processor.py:914} INFO - Processing file /home/airflow/.local/lib/python3.12/site-packages/airflow/example_dags/example_params_trigger_ui.py for tasks to queue
[2026-09-25T16:28:03.663+0000] {logging_mixin.py:190} INFO - [2026-09-25T16:28:03.662+0000] {dagbag.py:588} INFO - Filling up the DagBag from /home/airflow/.local/lib/python3.12/site-packages/airflow/example_dags/example_params_trigger_ui.py
[2026-09-25T16:28:03.792+0000] {processor.py:925} INFO - DAG(s) 'example_params_trigger_ui' retrieved from /home/airflow/.local/lib/python3.12/site-packages/airflow/example_dags/example_params_trigger_ui.py
[2026-09-25T16:28:04.126+0000] {logging_mixin.py:190} INFO - [2026-09-25T16:28:04.126+0000] {dag.py:3239} INFO - Sync 1 DAGs
[2026-09-25T16:28:04.209+0000] {logging_mixin.py:190} INFO - [2026-09-25T16:28:04.207+0000] {dag.py:4180} INFO - Setting next_dagrun for example_params_trigger_ui to None, run_after=None
[2026-09-25T16:28:04.286+0000] {processor.py:208} INFO - Processing /home/airflow/.local/lib/python3.12/site-packages/airflow/example_dags/example_params_trigger_ui.py took 0.678 seconds
[2026-09-25T16:28:57.565+0000] {processor.py:186} INFO - Started process (PID=1040) to work on /home/airflow/.local/lib/python3.12/site-packages/airflow/example_dags/example_params_trigger_ui.py
[2026-09-25T16:28:57.568+0000] {processor.py:914} INFO - Processing file /home/airflow/.local/lib/python3.12/site-packages/airflow/example_dags/example_params_trigger_ui.py for tasks to queue
[2026-09-25T16:28:57.577+0000] {logging_mixin.py:190} INFO - [2026-09-25T16:28:57.574+0000] {dagbag.py:588} INFO - Filling up the DagBag from /home/airflow/.local/lib/python3.12/site-packages/airflow/example_dags/example_params_trigger_ui.py
[2026-09-25T16:28:57.617+0000] {processor.py:925} INFO - DAG(s) 'example_params_trigger_ui' retrieved from /home/airflow/.local/lib/python3.12/site-packages/airflow/example_dags/example_params_trigger_ui.py
[2026-09-25T16:28:57.769+0000] {logging_mixin.py:190} INFO - [2026-09-25T16:28:57.768+0000] {dag.py:3239} INFO - Sync 1 DAGs
[2026-09-25T16:28:57.818+0000] {logging_mixin.py:190} INFO - [2026-09-25T16:28:57.817+0000] {dag.py:4180} INFO - Setting next_dagrun for example_params_trigger_ui to None, run_after=None
[2026-09-25T16:28:57.953+0000] {processor.py:208} INFO - Processing /home/airflow/.local/lib/python3.12/site-packages/airflow/example_dags/example_params_trigger_ui.py took 0.407 seconds
[2026-09-25T16:43:11.308+0000] {processor.py:186} INFO - Started process (PID=66) to work on /home/airflow/.local/lib/python3.12/site-packages/airflow/example_dags/example_params_trigger_ui.py
[2026-09-25T16:43:11.318+0000] {processor.py:914} INFO - Processing file /home/airflow/.local/lib/python3.12/site-packages/airflow/example_dags/example_params_trigger_ui.py for tasks to queue
[2026-09-25T16:43:11.334+0000] {logging_mixin.py:190} INFO - [2026-09-25T16:43:11.330+0000] {dagbag.py:588} INFO - Filling up the DagBag from /home/airflow/.local/lib/python3.12/site-packages/airflow/example_dags/example_params_trigger_ui.py
[2026-09-25T16:43:11.413+0000] {processor.py:925} INFO - DAG(s) 'example_params_trigger_ui' retrieved from /home/airflow/.local/lib/python3.12/site-packages/airflow/example_dags/example_params_trigger_ui.py
[2026-09-25T16:43:11.924+0000] {logging_mixin.py:190} INFO - [2026-09-25T16:43:11.924+0000] {dag.py:3239} INFO - Sync 1 DAGs
[2026-09-25T16:43:12.773+0000] {logging_mixin.py:190} INFO - [2026-09-25T16:43:12.771+0000] {dag.py:4180} INFO - Setting next_dagrun for example_params_trigger_ui to None, run_after=None
[2026-09-25T16:43:13.245+0000] {processor.py:208} INFO - Processing /home/airflow/.local/lib/python3.12/site-packages/airflow/example_dags/example_params_trigger_ui.py took 1.970 seconds
[2026-09-25T16:44:03.162+0000] {processor.py:186} INFO - Started process (PID=134) to work on /home/airflow/.local/lib/python3.12/site-packages/airflow/example_dags/example_params_trigger_ui.py
[2026-09-25T16:44:03.180+0000] {processor.py:914} INFO - Processing file /home/airflow/.local/lib/python3.12/site-packages/airflow/example_dags/example_params_trigger_ui.py for tasks to queue
[2026-09-25T16:44:03.196+0000] {logging_mixin.py:190} INFO - [2026-09-25T16:44:03.195+0000] {dagbag.py:588} INFO - Filling up the DagBag from /home/airflow/.local/lib/python3.12/site-packages/airflow/example_dags/example_params_trigger_ui.py
[2026-09-25T16:44:03.282+0000] {processor.py:925} INFO - DAG(s) 'example_params_trigger_ui' retrieved from /home/airflow/.local/lib/python3.12/site-packages/airflow/example_dags/example_params_trigger_ui.py
[2026-09-25T16:44:03.558+0000] {logging_mixin.py:190} INFO - [2026-09-25T16:44:03.558+0000] {dag.py:3239} INFO - Sync 1 DAGs
[2026-09-25T16:44:03.652+0000] {logging_mixin.py:190} INFO - [2026-09-25T16:44:03.652+0000] {dag.py:4180} INFO - Setting next_dagrun for example_params_trigger_ui to None, run_after=None
[2026-09-25T16:44:03.805+0000] {processor.py:208} INFO - Processing /home/airflow/.local/lib/python3.12/site-packages/airflow/example_dags/example_params_trigger_ui.py took 0.676 seconds
[2026-09-25T16:44:34.367+0000] {processor.py:186} INFO - Started process (PID=197) to work on /home/airflow/.local/lib/python3.12/site-packages/airflow/example_dags/example_params_trigger_ui.py
[2026-09-25T16:44:34.370+0000] {processor.py:914} INFO - Processing file /home/airflow/.local/lib/python3.12/site-packages/airflow/example_dags/example_params_trigger_ui.py for tasks to queue
[2026-09-25T16:44:34.379+0000] {logging_mixin.py:190} INFO - [2026-09-25T16:44:34.379+0000] {dagbag.py:588} INFO - Filling up the DagBag from /home/airflow/.local/lib/python3.12/site-packages/airflow/example_dags/example_params_trigger_ui.py
[2026-09-25T16:44:34.470+0000] {processor.py:925} INFO - DAG(s) 'example_params_trigger_ui' retrieved from /home/airflow/.local/lib/python3.12/site-packages/airflow/example_dags/example_params_trigger_ui.py
[2026-09-25T16:44:34.708+0000] {logging_mixin.py:190} INFO - [2026-09-25T16:44:34.708+0000] {dag.py:3239} INFO - Sync 1 DAGs
[2026-09-25T16:44:34.878+0000] {logging_mixin.py:190} INFO - [2026-09-25T16:44:34.877+0000] {dag.py:4180} INFO - Setting next_dagrun for example_params_trigger_ui to None, run_after=None
[2026-09-25T16:44:35.096+0000] {processor.py:208} INFO - Processing /home/airflow/.local/lib/python3.12/site-packages/airflow/example_dags/example_params_trigger_ui.py took 0.762 seconds
[2026-09-25T16:45:12.310+0000] {processor.py:186} INFO - Started process (PID=253) to work on /home/airflow/.local/lib/python3.12/site-packages/airflow/example_dags/example_params_trigger_ui.py
[2026-09-25T16:45:12.313+0000] {processor.py:914} INFO - Processing file /home/airflow/.local/lib/python3.12/site-packages/airflow/example_dags/example_params_trigger_ui.py for tasks to queue
[2026-09-25T16:45:12.321+0000] {logging_mixin.py:190} INFO - [2026-09-25T16:45:12.320+0000] {dagbag.py:588} INFO - Filling up the DagBag from /home/airflow/.local/lib/python3.12/site-packages/airflow/example_dags/example_params_trigger_ui.py
[2026-09-25T16:45:12.393+0000] {processor.py:925} INFO - DAG(s) 'example_params_trigger_ui' retrieved from /home/airflow/.local/lib/python3.12/site-packages/airflow/example_dags/example_params_trigger_ui.py
[2026-09-25T16:45:12.577+0000] {logging_mixin.py:190} INFO - [2026-09-25T16:45:12.576+0000] {dag.py:3239} INFO - Sync 1 DAGs
[2026-09-25T16:45:12.633+0000] {logging_mixin.py:190} INFO - [2026-09-25T16:45:12.632+0000] {dag.py:4180} INFO - Setting next_dagrun for example_params_trigger_ui to None, run_after=None
[2026-09-25T16:45:12.683+0000] {processor.py:208} INFO - Processing /home/airflow/.local/lib/python3.12/site-packages/airflow/example_dags/example_params_trigger_ui.py took 0.399 seconds
[2026-09-25T16:45:46.816+0000] {processor.py:186} INFO - Started process (PID=315) to work on /home/airflow/.local/lib/python3.12/site-packages/airflow/example_dags/example_params_trigger_ui.py
[2026-09-25T16:45:46.820+0000] {processor.py:914} INFO - Processing file /home/airflow/.local/lib/python3.12/site-packages/airflow/example_dags/example_params_trigger_ui.py for tasks to queue
[2026-09-25T16:45:46.827+0000] {logging_mixin.py:190} INFO - [2026-09-25T16:45:46.826+0000] {dagbag.py:588} INFO - Filling up the DagBag from /home/airflow/.local/lib/python3.12/site-packages/airflow/example_dags/example_params_trigger_ui.py
[2026-09-25T16:45:46.865+0000] {processor.py:925} INFO - DAG(s) 'example_params_trigger_ui' retrieved from /home/airflow/.local/lib/python3.12/site-packages/airflow/example_dags/example_params_trigger_ui.py
[2026-09-25T16:45:47.001+0000] {logging_mixin.py:190} INFO - [2026-09-25T16:45:47.000+0000] {dag.py:3239} INFO - Sync 1 DAGs
[2026-09-25T16:45:47.121+0000] {logging_mixin.py:190} INFO - [2026-09-25T16:45:47.121+0000] {dag.py:4180} INFO - Setting next_dagrun for example_params_trigger_ui to None, run_after=None
[2026-09-25T16:45:47.289+0000] {processor.py:208} INFO - Processing /home/airflow/.local/lib/python3.12/site-packages/airflow/example_dags/example_params_trigger_ui.py took 0.532 seconds
[2026-09-25T16:46:19.567+0000] {processor.py:186} INFO - Started process (PID=377) to work on /home/airflow/.local/lib/python3.12/site-packages/airflow/example_dags/example_params_trigger_ui.py
[2026-09-25T16:46:19.569+0000] {processor.py:914} INFO - Processing file /home/airflow/.local/lib/python3.12/site-packages/airflow/example_dags/example_params_trigger_ui.py for tasks to queue
[2026-09-25T16:46:19.576+0000] {logging_mixin.py:190} INFO - [2026-09-25T16:46:19.575+0000] {dagbag.py:588} INFO - Filling up the DagBag from /home/airflow/.local/lib/python3.12/site-packages/airflow/example_dags/example_params_trigger_ui.py
[2026-09-25T16:46:19.618+0000] {processor.py:925} INFO - DAG(s) 'example_params_trigger_ui' retrieved from /home/airflow/.local/lib/python3.12/site-packages/airflow/example_dags/example_params_trigger_ui.py
[2026-09-25T16:46:19.776+0000] {logging_mixin.py:190} INFO - [2026-09-25T16:46:19.775+0000] {dag.py:3239} INFO - Sync 1 DAGs
[2026-09-25T16:46:19.839+0000] {logging_mixin.py:190} INFO - [2026-09-25T16:46:19.839+0000] {dag.py:4180} INFO - Setting next_dagrun for example_params_trigger_ui to None, run_after=None
[2026-09-25T16:46:19.911+0000] {processor.py:208} INFO - Processing /home/airflow/.local/lib/python3.12/site-packages/airflow/example_dags/example_params_trigger_ui.py took 0.364 seconds
[2026-09-25T16:46:51.575+0000] {processor.py:186} INFO - Started process (PID=440) to work on /home/airflow/.local/lib/python3.12/site-packages/airflow/example_dags/example_params_trigger_ui.py
[2026-09-25T16:46:51.577+0000] {processor.py:914} INFO - Processing file /home/airflow/.local/lib/python3.12/site-packages/airflow/example_dags/example_params_trigger_ui.py for tasks to queue
[2026-09-25T16:46:51.584+0000] {logging_mixin.py:190} INFO - [2026-09-25T16:46:51.583+0000] {dagbag.py:588} INFO - Filling up the DagBag from /home/airflow/.local/lib/python3.12/site-packages/airflow/example_dags/example_params_trigger_ui.py
[2026-09-25T16:46:51.621+0000] {processor.py:925} INFO - DAG(s) 'example_params_trigger_ui' retrieved from /home/airflow/.local/lib/python3.12/site-packages/airflow/example_dags/example_params_trigger_ui.py
[2026-09-25T16:46:51.829+0000] {logging_mixin.py:190} INFO - [2026-09-25T16:46:51.829+0000] {dag.py:3239} INFO - Sync 1 DAGs
[2026-09-25T16:46:51.870+0000] {logging_mixin.py:190} INFO - [2026-09-25T16:46:51.870+0000] {dag.py:4180} INFO - Setting next_dagrun for example_params_trigger_ui to None, run_after=None
[2026-09-25T16:46:51.916+0000] {processor.py:208} INFO - Processing /home/airflow/.local/lib/python3.12/site-packages/airflow/example_dags/example_params_trigger_ui.py took 0.360 seconds
[2026-09-25T16:47:23.494+0000] {processor.py:186} INFO - Started process (PID=501) to work on /home/airflow/.local/lib/python3.12/site-packages/airflow/example_dags/example_params_trigger_ui.py
[2026-09-25T16:47:23.498+0000] {processor.py:914} INFO - Processing file /home/airflow/.local/lib/python3.12/site-packages/airflow/example_dags/example_params_trigger_ui.py for tasks to queue
[2026-09-25T16:47:23.506+0000] {logging_mixin.py:190} INFO - [2026-09-25T16:47:23.505+0000] {dagbag.py:588} INFO - Filling up the DagBag from /home/airflow/.local/lib/python3.12/site-packages/airflow/example_dags/example_params_trigger_ui.py
[2026-09-25T16:47:23.531+0000] {processor.py:925} INFO - DAG(s) 'example_params_trigger_ui' retrieved from /home/airflow/.local/lib/python3.12/site-packages/airflow/example_dags/example_params_trigger_ui.py
[2026-09-25T16:47:23.794+0000] {logging_mixin.py:190} INFO - [2026-09-25T16:47:23.794+0000] {dag.py:3239} INFO - Sync 1 DAGs
[2026-09-25T16:47:23.870+0000] {logging_mixin.py:190} INFO - [2026-09-25T16:47:23.869+0000] {dag.py:4180} INFO - Setting next_dagrun for example_params_trigger_ui to None, run_after=None
[2026-09-25T16:47:23.943+0000] {processor.py:208} INFO - Processing /home/airflow/.local/lib/python3.12/site-packages/airflow/example_dags/example_params_trigger_ui.py took 0.462 seconds
[2026-09-25T16:48:08.538+0000] {processor.py:186} INFO - Started process (PID=568) to work on /home/airflow/.local/lib/python3.12/site-packages/airflow/example_dags/example_params_trigger_ui.py
[2026-09-25T16:48:08.541+0000] {processor.py:914} INFO - Processing file /home/airflow/.local/lib/python3.12/site-packages/airflow/example_dags/example_params_trigger_ui.py for tasks to queue
[2026-09-25T16:48:08.546+0000] {logging_mixin.py:190} INFO - [2026-09-25T16:48:08.545+0000] {dagbag.py:588} INFO - Filling up the DagBag from /home/airflow/.local/lib/python3.12/site-packages/airflow/example_dags/example_params_trigger_ui.py
[2026-09-25T16:48:08.569+0000] {processor.py:925} INFO - DAG(s) 'example_params_trigger_ui' retrieved from /home/airflow/.local/lib/python3.12/site-packages/airflow/example_dags/example_params_trigger_ui.py
[2026-09-25T16:48:08.749+0000] {logging_mixin.py:190} INFO - [2026-09-25T16:48:08.748+0000] {dag.py:3239} INFO - Sync 1 DAGs
[2026-09-25T16:48:08.786+0000] {logging_mixin.py:190} INFO - [2026-09-25T16:48:08.785+0000] {dag.py:4180} INFO - Setting next_dagrun for example_params_trigger_ui to None, run_after=None
[2026-09-25T16:48:08.879+0000] {processor.py:208} INFO - Processing /home/airflow/.local/lib/python3.12/site-packages/airflow/example_dags/example_params_trigger_ui.py took 0.357 seconds
[2026-09-25T16:48:40.346+0000] {processor.py:186} INFO - Started process (PID=631) to work on /home/airflow/.local/lib/python3.12/site-packages/airflow/example_dags/example_params_trigger_ui.py
[2026-09-25T16:48:40.352+0000] {processor.py:914} INFO - Processing file /home/airflow/.local/lib/python3.12/site-packages/airflow/example_dags/example_params_trigger_ui.py for tasks to queue
[2026-09-25T16:48:40.361+0000] {logging_mixin.py:190} INFO - [2026-09-25T16:48:40.360+0000] {dagbag.py:588} INFO - Filling up the DagBag from /home/airflow/.local/lib/python3.12/site-packages/airflow/example_dags/example_params_trigger_ui.py
[2026-09-25T16:48:40.393+0000] {processor.py:925} INFO - DAG(s) 'example_params_trigger_ui' retrieved from /home/airflow/.local/lib/python3.12/site-packages/airflow/example_dags/example_params_trigger_ui.py
[2026-09-25T16:48:40.488+0000] {logging_mixin.py:190} INFO - [2026-09-25T16:48:40.488+0000] {dag.py:3239} INFO - Sync 1 DAGs
[2026-09-25T16:48:40.516+0000] {logging_mixin.py:190} INFO - [2026-09-25T16:48:40.515+0000] {dag.py:4180} INFO - Setting next_dagrun for example_params_trigger_ui to None, run_after=None
[2026-09-25T16:48:40.575+0000] {processor.py:208} INFO - Processing /home/airflow/.local/lib/python3.12/site-packages/airflow/example_dags/example_params_trigger_ui.py took 0.241 seconds
[2026-09-25T16:49:10.889+0000] {processor.py:186} INFO - Started process (PID=693) to work on /home/airflow/.local/lib/python3.12/site-packages/airflow/example_dags/example_params_trigger_ui.py
[2026-09-25T16:49:10.891+0000] {processor.py:914} INFO - Processing file /home/airflow/.local/lib/python3.12/site-packages/airflow/example_dags/example_params_trigger_ui.py for tasks to queue
[2026-09-25T16:49:10.897+0000] {logging_mixin.py:190} INFO - [2026-09-25T16:49:10.897+0000] {dagbag.py:588} INFO - Filling up the DagBag from /home/airflow/.local/lib/python3.12/site-packages/airflow/example_dags/example_params_trigger_ui.py
[2026-09-25T16:49:10.923+0000] {processor.py:925} INFO - DAG(s) 'example_params_trigger_ui' retrieved from /home/airflow/.local/lib/python3.12/site-packages/airflow/example_dags/example_params_trigger_ui.py
[2026-09-25T16:49:11.024+0000] {logging_mixin.py:190} INFO - [2026-09-25T16:49:11.023+0000] {dag.py:3239} INFO - Sync 1 DAGs
[2026-09-25T16:49:11.060+0000] {logging_mixin.py:190} INFO - [2026-09-25T16:49:11.059+0000] {dag.py:4180} INFO - Setting next_dagrun for example_params_trigger_ui to None, run_after=None
[2026-09-25T16:49:11.108+0000] {processor.py:208} INFO - Processing /home/airflow/.local/lib/python3.12/site-packages/airflow/example_dags/example_params_trigger_ui.py took 0.232 seconds
[2026-09-25T16:55:57.591+0000] {processor.py:186} INFO - Started process (PID=72) to work on /home/airflow/.local/lib/python3.12/site-packages/airflow/example_dags/example_params_trigger_ui.py
[2026-09-25T16:55:57.598+0000] {processor.py:914} INFO - Processing file /home/airflow/.local/lib/python3.12/site-packages/airflow/example_dags/example_params_trigger_ui.py for tasks to queue
[2026-09-25T16:55:57.608+0000] {logging_mixin.py:190} INFO - [2026-09-25T16:55:57.608+0000] {dagbag.py:588} INFO - Filling up the DagBag from /home/airflow/.local/lib/python3.12/site-packages/airflow/example_dags/example_params_trigger_ui.py
[2026-09-25T16:55:57.752+0000] {processor.py:925} INFO - DAG(s) 'example_params_trigger_ui' retrieved from /home/airflow/.local/lib/python3.12/site-packages/airflow/example_dags/example_params_trigger_ui.py
[2026-09-25T16:55:58.973+0000] {logging_mixin.py:190} INFO - [2026-09-25T16:55:58.968+0000] {dag.py:3239} INFO - Sync 1 DAGs
[2026-09-25T16:55:59.329+0000] {logging_mixin.py:190} INFO - [2026-09-25T16:55:59.328+0000] {dag.py:4180} INFO - Setting next_dagrun for example_params_trigger_ui to None, run_after=None
[2026-09-25T16:55:59.751+0000] {processor.py:208} INFO - Processing /home/airflow/.local/lib/python3.12/site-packages/airflow/example_dags/example_params_trigger_ui.py took 2.205 seconds
[2026-09-25T16:58:26.109+0000] {processor.py:186} INFO - Started process (PID=151) to work on /home/airflow/.local/lib/python3.12/site-packages/airflow/example_dags/example_params_trigger_ui.py
[2026-09-25T16:58:26.136+0000] {processor.py:914} INFO - Processing file /home/airflow/.local/lib/python3.12/site-packages/airflow/example_dags/example_params_trigger_ui.py for tasks to queue
[2026-09-25T16:58:26.171+0000] {logging_mixin.py:190} INFO - [2026-09-25T16:58:26.158+0000] {dagbag.py:588} INFO - Filling up the DagBag from /home/airflow/.local/lib/python3.12/site-packages/airflow/example_dags/example_params_trigger_ui.py
[2026-09-25T16:58:26.326+0000] {processor.py:925} INFO - DAG(s) 'example_params_trigger_ui' retrieved from /home/airflow/.local/lib/python3.12/site-packages/airflow/example_dags/example_params_trigger_ui.py
[2026-09-25T16:58:26.817+0000] {logging_mixin.py:190} INFO - [2026-09-25T16:58:26.817+0000] {dag.py:3239} INFO - Sync 1 DAGs
[2026-09-25T16:58:26.903+0000] {logging_mixin.py:190} INFO - [2026-09-25T16:58:26.902+0000] {dag.py:4180} INFO - Setting next_dagrun for example_params_trigger_ui to None, run_after=None
[2026-09-25T16:58:27.014+0000] {processor.py:208} INFO - Processing /home/airflow/.local/lib/python3.12/site-packages/airflow/example_dags/example_params_trigger_ui.py took 0.971 seconds
[2026-09-25T16:58:58.537+0000] {processor.py:186} INFO - Started process (PID=214) to work on /home/airflow/.local/lib/python3.12/site-packages/airflow/example_dags/example_params_trigger_ui.py
[2026-09-25T16:58:58.540+0000] {processor.py:914} INFO - Processing file /home/airflow/.local/lib/python3.12/site-packages/airflow/example_dags/example_params_trigger_ui.py for tasks to queue
[2026-09-25T16:58:58.546+0000] {logging_mixin.py:190} INFO - [2026-09-25T16:58:58.545+0000] {dagbag.py:588} INFO - Filling up the DagBag from /home/airflow/.local/lib/python3.12/site-packages/airflow/example_dags/example_params_trigger_ui.py
[2026-09-25T16:58:58.574+0000] {processor.py:925} INFO - DAG(s) 'example_params_trigger_ui' retrieved from /home/airflow/.local/lib/python3.12/site-packages/airflow/example_dags/example_params_trigger_ui.py
[2026-09-25T16:58:58.708+0000] {logging_mixin.py:190} INFO - [2026-09-25T16:58:58.707+0000] {dag.py:3239} INFO - Sync 1 DAGs
[2026-09-25T16:58:58.798+0000] {logging_mixin.py:190} INFO - [2026-09-25T16:58:58.797+0000] {dag.py:4180} INFO - Setting next_dagrun for example_params_trigger_ui to None, run_after=None
[2026-09-25T16:58:58.887+0000] {processor.py:208} INFO - Processing /home/airflow/.local/lib/python3.12/site-packages/airflow/example_dags/example_params_trigger_ui.py took 0.363 seconds
[2026-09-25T16:59:39.760+0000] {processor.py:186} INFO - Started process (PID=283) to work on /home/airflow/.local/lib/python3.12/site-packages/airflow/example_dags/example_params_trigger_ui.py
[2026-09-25T16:59:39.763+0000] {processor.py:914} INFO - Processing file /home/airflow/.local/lib/python3.12/site-packages/airflow/example_dags/example_params_trigger_ui.py for tasks to queue
[2026-09-25T16:59:39.795+0000] {logging_mixin.py:190} INFO - [2026-09-25T16:59:39.794+0000] {dagbag.py:588} INFO - Filling up the DagBag from /home/airflow/.local/lib/python3.12/site-packages/airflow/example_dags/example_params_trigger_ui.py
[2026-09-25T16:59:40.341+0000] {processor.py:925} INFO - DAG(s) 'example_params_trigger_ui' retrieved from /home/airflow/.local/lib/python3.12/site-packages/airflow/example_dags/example_params_trigger_ui.py
[2026-09-25T16:59:40.940+0000] {logging_mixin.py:190} INFO - [2026-09-25T16:59:40.939+0000] {dag.py:3239} INFO - Sync 1 DAGs
[2026-09-25T16:59:41.102+0000] {logging_mixin.py:190} INFO - [2026-09-25T16:59:41.101+0000] {dag.py:4180} INFO - Setting next_dagrun for example_params_trigger_ui to None, run_after=None
[2026-09-25T16:59:41.188+0000] {processor.py:208} INFO - Processing /home/airflow/.local/lib/python3.12/site-packages/airflow/example_dags/example_params_trigger_ui.py took 1.513 seconds
[2026-09-25T17:00:11.754+0000] {processor.py:186} INFO - Started process (PID=346) to work on /home/airflow/.local/lib/python3.12/site-packages/airflow/example_dags/example_params_trigger_ui.py
[2026-09-25T17:00:11.784+0000] {processor.py:914} INFO - Processing file /home/airflow/.local/lib/python3.12/site-packages/airflow/example_dags/example_params_trigger_ui.py for tasks to queue
[2026-09-25T17:00:11.832+0000] {logging_mixin.py:190} INFO - [2026-09-25T17:00:11.831+0000] {dagbag.py:588} INFO - Filling up the DagBag from /home/airflow/.local/lib/python3.12/site-packages/airflow/example_dags/example_params_trigger_ui.py
[2026-09-25T17:00:12.018+0000] {processor.py:925} INFO - DAG(s) 'example_params_trigger_ui' retrieved from /home/airflow/.local/lib/python3.12/site-packages/airflow/example_dags/example_params_trigger_ui.py
[2026-09-25T17:00:12.419+0000] {logging_mixin.py:190} INFO - [2026-09-25T17:00:12.418+0000] {dag.py:3239} INFO - Sync 1 DAGs
[2026-09-25T17:00:12.557+0000] {logging_mixin.py:190} INFO - [2026-09-25T17:00:12.557+0000] {dag.py:4180} INFO - Setting next_dagrun for example_params_trigger_ui to None, run_after=None
[2026-09-25T17:00:12.734+0000] {processor.py:208} INFO - Processing /home/airflow/.local/lib/python3.12/site-packages/airflow/example_dags/example_params_trigger_ui.py took 1.138 seconds
[2026-09-25T17:00:43.772+0000] {processor.py:186} INFO - Started process (PID=408) to work on /home/airflow/.local/lib/python3.12/site-packages/airflow/example_dags/example_params_trigger_ui.py
[2026-09-25T17:00:43.787+0000] {processor.py:914} INFO - Processing file /home/airflow/.local/lib/python3.12/site-packages/airflow/example_dags/example_params_trigger_ui.py for tasks to queue
[2026-09-25T17:00:43.801+0000] {logging_mixin.py:190} INFO - [2026-09-25T17:00:43.800+0000] {dagbag.py:588} INFO - Filling up the DagBag from /home/airflow/.local/lib/python3.12/site-packages/airflow/example_dags/example_params_trigger_ui.py
[2026-09-25T17:00:43.880+0000] {processor.py:925} INFO - DAG(s) 'example_params_trigger_ui' retrieved from /home/airflow/.local/lib/python3.12/site-packages/airflow/example_dags/example_params_trigger_ui.py
[2026-09-25T17:00:44.535+0000] {logging_mixin.py:190} INFO - [2026-09-25T17:00:44.535+0000] {dag.py:3239} INFO - Sync 1 DAGs
[2026-09-25T17:00:44.905+0000] {logging_mixin.py:190} INFO - [2026-09-25T17:00:44.905+0000] {dag.py:4180} INFO - Setting next_dagrun for example_params_trigger_ui to None, run_after=None
[2026-09-25T17:00:45.122+0000] {processor.py:208} INFO - Processing /home/airflow/.local/lib/python3.12/site-packages/airflow/example_dags/example_params_trigger_ui.py took 1.382 seconds
[2026-09-25T17:01:15.965+0000] {processor.py:186} INFO - Started process (PID=470) to work on /home/airflow/.local/lib/python3.12/site-packages/airflow/example_dags/example_params_trigger_ui.py
[2026-09-25T17:01:15.973+0000] {processor.py:914} INFO - Processing file /home/airflow/.local/lib/python3.12/site-packages/airflow/example_dags/example_params_trigger_ui.py for tasks to queue
[2026-09-25T17:01:15.990+0000] {logging_mixin.py:190} INFO - [2026-09-25T17:01:15.988+0000] {dagbag.py:588} INFO - Filling up the DagBag from /home/airflow/.local/lib/python3.12/site-packages/airflow/example_dags/example_params_trigger_ui.py
[2026-09-25T17:01:16.082+0000] {processor.py:925} INFO - DAG(s) 'example_params_trigger_ui' retrieved from /home/airflow/.local/lib/python3.12/site-packages/airflow/example_dags/example_params_trigger_ui.py
[2026-09-25T17:01:16.229+0000] {logging_mixin.py:190} INFO - [2026-09-25T17:01:16.229+0000] {dag.py:3239} INFO - Sync 1 DAGs
[2026-09-25T17:01:16.303+0000] {logging_mixin.py:190} INFO - [2026-09-25T17:01:16.303+0000] {dag.py:4180} INFO - Setting next_dagrun for example_params_trigger_ui to None, run_after=None
[2026-09-25T17:01:16.382+0000] {processor.py:208} INFO - Processing /home/airflow/.local/lib/python3.12/site-packages/airflow/example_dags/example_params_trigger_ui.py took 0.460 seconds
[2026-09-25T17:01:46.670+0000] {processor.py:186} INFO - Started process (PID=533) to work on /home/airflow/.local/lib/python3.12/site-packages/airflow/example_dags/example_params_trigger_ui.py
[2026-09-25T17:01:46.673+0000] {processor.py:914} INFO - Processing file /home/airflow/.local/lib/python3.12/site-packages/airflow/example_dags/example_params_trigger_ui.py for tasks to queue
[2026-09-25T17:01:46.717+0000] {logging_mixin.py:190} INFO - [2026-09-25T17:01:46.716+0000] {dagbag.py:588} INFO - Filling up the DagBag from /home/airflow/.local/lib/python3.12/site-packages/airflow/example_dags/example_params_trigger_ui.py
[2026-09-25T17:01:46.771+0000] {processor.py:925} INFO - DAG(s) 'example_params_trigger_ui' retrieved from /home/airflow/.local/lib/python3.12/site-packages/airflow/example_dags/example_params_trigger_ui.py
[2026-09-25T17:01:46.956+0000] {logging_mixin.py:190} INFO - [2026-09-25T17:01:46.956+0000] {dag.py:3239} INFO - Sync 1 DAGs
[2026-09-25T17:01:47.040+0000] {logging_mixin.py:190} INFO - [2026-09-25T17:01:47.040+0000] {dag.py:4180} INFO - Setting next_dagrun for example_params_trigger_ui to None, run_after=None
[2026-09-25T17:01:47.142+0000] {processor.py:208} INFO - Processing /home/airflow/.local/lib/python3.12/site-packages/airflow/example_dags/example_params_trigger_ui.py took 0.508 seconds
[2026-09-25T17:02:33.273+0000] {processor.py:186} INFO - Started process (PID=598) to work on /home/airflow/.local/lib/python3.12/site-packages/airflow/example_dags/example_params_trigger_ui.py
[2026-09-25T17:02:33.276+0000] {processor.py:914} INFO - Processing file /home/airflow/.local/lib/python3.12/site-packages/airflow/example_dags/example_params_trigger_ui.py for tasks to queue
[2026-09-25T17:02:33.282+0000] {logging_mixin.py:190} INFO - [2026-09-25T17:02:33.281+0000] {dagbag.py:588} INFO - Filling up the DagBag from /home/airflow/.local/lib/python3.12/site-packages/airflow/example_dags/example_params_trigger_ui.py
[2026-09-25T17:02:33.315+0000] {processor.py:925} INFO - DAG(s) 'example_params_trigger_ui' retrieved from /home/airflow/.local/lib/python3.12/site-packages/airflow/example_dags/example_params_trigger_ui.py
[2026-09-25T17:02:33.563+0000] {logging_mixin.py:190} INFO - [2026-09-25T17:02:33.562+0000] {dag.py:3239} INFO - Sync 1 DAGs
[2026-09-25T17:02:33.592+0000] {logging_mixin.py:190} INFO - [2026-09-25T17:02:33.591+0000] {dag.py:4180} INFO - Setting next_dagrun for example_params_trigger_ui to None, run_after=None
[2026-09-25T17:02:33.627+0000] {processor.py:208} INFO - Processing /home/airflow/.local/lib/python3.12/site-packages/airflow/example_dags/example_params_trigger_ui.py took 0.374 seconds
[2026-09-25T17:03:03.810+0000] {processor.py:186} INFO - Started process (PID=666) to work on /home/airflow/.local/lib/python3.12/site-packages/airflow/example_dags/example_params_trigger_ui.py
[2026-09-25T17:03:03.812+0000] {processor.py:914} INFO - Processing file /home/airflow/.local/lib/python3.12/site-packages/airflow/example_dags/example_params_trigger_ui.py for tasks to queue
[2026-09-25T17:03:03.816+0000] {logging_mixin.py:190} INFO - [2026-09-25T17:03:03.816+0000] {dagbag.py:588} INFO - Filling up the DagBag from /home/airflow/.local/lib/python3.12/site-packages/airflow/example_dags/example_params_trigger_ui.py
[2026-09-25T17:03:03.837+0000] {processor.py:925} INFO - DAG(s) 'example_params_trigger_ui' retrieved from /home/airflow/.local/lib/python3.12/site-packages/airflow/example_dags/example_params_trigger_ui.py
[2026-09-25T17:03:03.919+0000] {logging_mixin.py:190} INFO - [2026-09-25T17:03:03.918+0000] {dag.py:3239} INFO - Sync 1 DAGs
[2026-09-25T17:03:03.947+0000] {logging_mixin.py:190} INFO - [2026-09-25T17:03:03.947+0000] {dag.py:4180} INFO - Setting next_dagrun for example_params_trigger_ui to None, run_after=None
[2026-09-25T17:03:03.985+0000] {processor.py:208} INFO - Processing /home/airflow/.local/lib/python3.12/site-packages/airflow/example_dags/example_params_trigger_ui.py took 0.186 seconds
[2026-09-25T17:03:35.446+0000] {processor.py:186} INFO - Started process (PID=729) to work on /home/airflow/.local/lib/python3.12/site-packages/airflow/example_dags/example_params_trigger_ui.py
[2026-09-25T17:03:35.454+0000] {processor.py:914} INFO - Processing file /home/airflow/.local/lib/python3.12/site-packages/airflow/example_dags/example_params_trigger_ui.py for tasks to queue
[2026-09-25T17:03:35.473+0000] {logging_mixin.py:190} INFO - [2026-09-25T17:03:35.472+0000] {dagbag.py:588} INFO - Filling up the DagBag from /home/airflow/.local/lib/python3.12/site-packages/airflow/example_dags/example_params_trigger_ui.py
[2026-09-25T17:03:35.522+0000] {processor.py:925} INFO - DAG(s) 'example_params_trigger_ui' retrieved from /home/airflow/.local/lib/python3.12/site-packages/airflow/example_dags/example_params_trigger_ui.py
[2026-09-25T17:03:35.700+0000] {logging_mixin.py:190} INFO - [2026-09-25T17:03:35.699+0000] {dag.py:3239} INFO - Sync 1 DAGs
[2026-09-25T17:03:35.737+0000] {logging_mixin.py:190} INFO - [2026-09-25T17:03:35.737+0000] {dag.py:4180} INFO - Setting next_dagrun for example_params_trigger_ui to None, run_after=None
[2026-09-25T17:03:35.780+0000] {processor.py:208} INFO - Processing /home/airflow/.local/lib/python3.12/site-packages/airflow/example_dags/example_params_trigger_ui.py took 0.355 seconds
[2026-09-25T17:04:07.131+0000] {processor.py:186} INFO - Started process (PID=785) to work on /home/airflow/.local/lib/python3.12/site-packages/airflow/example_dags/example_params_trigger_ui.py
[2026-09-25T17:04:07.138+0000] {processor.py:914} INFO - Processing file /home/airflow/.local/lib/python3.12/site-packages/airflow/example_dags/example_params_trigger_ui.py for tasks to queue
[2026-09-25T17:04:07.146+0000] {logging_mixin.py:190} INFO - [2026-09-25T17:04:07.145+0000] {dagbag.py:588} INFO - Filling up the DagBag from /home/airflow/.local/lib/python3.12/site-packages/airflow/example_dags/example_params_trigger_ui.py
[2026-09-25T17:04:07.175+0000] {processor.py:925} INFO - DAG(s) 'example_params_trigger_ui' retrieved from /home/airflow/.local/lib/python3.12/site-packages/airflow/example_dags/example_params_trigger_ui.py
[2026-09-25T17:04:07.281+0000] {logging_mixin.py:190} INFO - [2026-09-25T17:04:07.280+0000] {dag.py:3239} INFO - Sync 1 DAGs
[2026-09-25T17:04:07.318+0000] {logging_mixin.py:190} INFO - [2026-09-25T17:04:07.317+0000] {dag.py:4180} INFO - Setting next_dagrun for example_params_trigger_ui to None, run_after=None
[2026-09-25T17:04:07.363+0000] {processor.py:208} INFO - Processing /home/airflow/.local/lib/python3.12/site-packages/airflow/example_dags/example_params_trigger_ui.py took 0.252 seconds
[2026-09-25T17:04:37.762+0000] {processor.py:186} INFO - Started process (PID=847) to work on /home/airflow/.local/lib/python3.12/site-packages/airflow/example_dags/example_params_trigger_ui.py
[2026-09-25T17:04:37.764+0000] {processor.py:914} INFO - Processing file /home/airflow/.local/lib/python3.12/site-packages/airflow/example_dags/example_params_trigger_ui.py for tasks to queue
[2026-09-25T17:04:37.774+0000] {logging_mixin.py:190} INFO - [2026-09-25T17:04:37.774+0000] {dagbag.py:588} INFO - Filling up the DagBag from /home/airflow/.local/lib/python3.12/site-packages/airflow/example_dags/example_params_trigger_ui.py
[2026-09-25T17:04:37.805+0000] {processor.py:925} INFO - DAG(s) 'example_params_trigger_ui' retrieved from /home/airflow/.local/lib/python3.12/site-packages/airflow/example_dags/example_params_trigger_ui.py
[2026-09-25T17:04:37.917+0000] {logging_mixin.py:190} INFO - [2026-09-25T17:04:37.917+0000] {dag.py:3239} INFO - Sync 1 DAGs
[2026-09-25T17:04:37.944+0000] {logging_mixin.py:190} INFO - [2026-09-25T17:04:37.944+0000] {dag.py:4180} INFO - Setting next_dagrun for example_params_trigger_ui to None, run_after=None
[2026-09-25T17:04:37.982+0000] {processor.py:208} INFO - Processing /home/airflow/.local/lib/python3.12/site-packages/airflow/example_dags/example_params_trigger_ui.py took 0.241 seconds
[2026-09-25T17:05:08.117+0000] {processor.py:186} INFO - Started process (PID=909) to work on /home/airflow/.local/lib/python3.12/site-packages/airflow/example_dags/example_params_trigger_ui.py
[2026-09-25T17:05:08.119+0000] {processor.py:914} INFO - Processing file /home/airflow/.local/lib/python3.12/site-packages/airflow/example_dags/example_params_trigger_ui.py for tasks to queue
[2026-09-25T17:05:08.124+0000] {logging_mixin.py:190} INFO - [2026-09-25T17:05:08.124+0000] {dagbag.py:588} INFO - Filling up the DagBag from /home/airflow/.local/lib/python3.12/site-packages/airflow/example_dags/example_params_trigger_ui.py
[2026-09-25T17:05:08.146+0000] {processor.py:925} INFO - DAG(s) 'example_params_trigger_ui' retrieved from /home/airflow/.local/lib/python3.12/site-packages/airflow/example_dags/example_params_trigger_ui.py
[2026-09-25T17:05:08.232+0000] {logging_mixin.py:190} INFO - [2026-09-25T17:05:08.232+0000] {dag.py:3239} INFO - Sync 1 DAGs
[2026-09-25T17:05:08.259+0000] {logging_mixin.py:190} INFO - [2026-09-25T17:05:08.259+0000] {dag.py:4180} INFO - Setting next_dagrun for example_params_trigger_ui to None, run_after=None
[2026-09-25T17:05:08.294+0000] {processor.py:208} INFO - Processing /home/airflow/.local/lib/python3.12/site-packages/airflow/example_dags/example_params_trigger_ui.py took 0.190 seconds
[2026-09-25T17:05:40.246+0000] {processor.py:186} INFO - Started process (PID=969) to work on /home/airflow/.local/lib/python3.12/site-packages/airflow/example_dags/example_params_trigger_ui.py
[2026-09-25T17:05:40.259+0000] {processor.py:914} INFO - Processing file /home/airflow/.local/lib/python3.12/site-packages/airflow/example_dags/example_params_trigger_ui.py for tasks to queue
[2026-09-25T17:05:40.269+0000] {logging_mixin.py:190} INFO - [2026-09-25T17:05:40.269+0000] {dagbag.py:588} INFO - Filling up the DagBag from /home/airflow/.local/lib/python3.12/site-packages/airflow/example_dags/example_params_trigger_ui.py
[2026-09-25T17:05:40.294+0000] {processor.py:925} INFO - DAG(s) 'example_params_trigger_ui' retrieved from /home/airflow/.local/lib/python3.12/site-packages/airflow/example_dags/example_params_trigger_ui.py
[2026-09-25T17:05:40.394+0000] {logging_mixin.py:190} INFO - [2026-09-25T17:05:40.394+0000] {dag.py:3239} INFO - Sync 1 DAGs
[2026-09-25T17:05:40.446+0000] {logging_mixin.py:190} INFO - [2026-09-25T17:05:40.445+0000] {dag.py:4180} INFO - Setting next_dagrun for example_params_trigger_ui to None, run_after=None
[2026-09-25T17:05:40.516+0000] {processor.py:208} INFO - Processing /home/airflow/.local/lib/python3.12/site-packages/airflow/example_dags/example_params_trigger_ui.py took 0.285 seconds
[2026-09-25T17:06:10.844+0000] {processor.py:186} INFO - Started process (PID=1019) to work on /home/airflow/.local/lib/python3.12/site-packages/airflow/example_dags/example_params_trigger_ui.py
[2026-09-25T17:06:10.847+0000] {processor.py:914} INFO - Processing file /home/airflow/.local/lib/python3.12/site-packages/airflow/example_dags/example_params_trigger_ui.py for tasks to queue
[2026-09-25T17:06:10.852+0000] {logging_mixin.py:190} INFO - [2026-09-25T17:06:10.851+0000] {dagbag.py:588} INFO - Filling up the DagBag from /home/airflow/.local/lib/python3.12/site-packages/airflow/example_dags/example_params_trigger_ui.py
[2026-09-25T17:06:10.872+0000] {processor.py:925} INFO - DAG(s) 'example_params_trigger_ui' retrieved from /home/airflow/.local/lib/python3.12/site-packages/airflow/example_dags/example_params_trigger_ui.py
[2026-09-25T17:06:10.964+0000] {logging_mixin.py:190} INFO - [2026-09-25T17:06:10.964+0000] {dag.py:3239} INFO - Sync 1 DAGs
[2026-09-25T17:06:10.994+0000] {logging_mixin.py:190} INFO - [2026-09-25T17:06:10.993+0000] {dag.py:4180} INFO - Setting next_dagrun for example_params_trigger_ui to None, run_after=None
[2026-09-25T17:06:11.040+0000] {processor.py:208} INFO - Processing /home/airflow/.local/lib/python3.12/site-packages/airflow/example_dags/example_params_trigger_ui.py took 0.208 seconds
[2026-09-25T17:06:48.762+0000] {processor.py:186} INFO - Started process (PID=1078) to work on /home/airflow/.local/lib/python3.12/site-packages/airflow/example_dags/example_params_trigger_ui.py
[2026-09-25T17:06:48.771+0000] {processor.py:914} INFO - Processing file /home/airflow/.local/lib/python3.12/site-packages/airflow/example_dags/example_params_trigger_ui.py for tasks to queue
[2026-09-25T17:06:48.778+0000] {logging_mixin.py:190} INFO - [2026-09-25T17:06:48.777+0000] {dagbag.py:588} INFO - Filling up the DagBag from /home/airflow/.local/lib/python3.12/site-packages/airflow/example_dags/example_params_trigger_ui.py
[2026-09-25T17:06:48.808+0000] {processor.py:925} INFO - DAG(s) 'example_params_trigger_ui' retrieved from /home/airflow/.local/lib/python3.12/site-packages/airflow/example_dags/example_params_trigger_ui.py
[2026-09-25T17:06:48.956+0000] {logging_mixin.py:190} INFO - [2026-09-25T17:06:48.955+0000] {dag.py:3239} INFO - Sync 1 DAGs
[2026-09-25T17:06:49.008+0000] {logging_mixin.py:190} INFO - [2026-09-25T17:06:49.008+0000] {dag.py:4180} INFO - Setting next_dagrun for example_params_trigger_ui to None, run_after=None
[2026-09-25T17:06:49.145+0000] {processor.py:208} INFO - Processing /home/airflow/.local/lib/python3.12/site-packages/airflow/example_dags/example_params_trigger_ui.py took 0.399 seconds
[2026-09-25T17:07:20.097+0000] {processor.py:186} INFO - Started process (PID=1140) to work on /home/airflow/.local/lib/python3.12/site-packages/airflow/example_dags/example_params_trigger_ui.py
[2026-09-25T17:07:20.143+0000] {processor.py:914} INFO - Processing file /home/airflow/.local/lib/python3.12/site-packages/airflow/example_dags/example_params_trigger_ui.py for tasks to queue
[2026-09-25T17:07:20.162+0000] {logging_mixin.py:190} INFO - [2026-09-25T17:07:20.157+0000] {dagbag.py:588} INFO - Filling up the DagBag from /home/airflow/.local/lib/python3.12/site-packages/airflow/example_dags/example_params_trigger_ui.py
[2026-09-25T17:07:20.253+0000] {processor.py:925} INFO - DAG(s) 'example_params_trigger_ui' retrieved from /home/airflow/.local/lib/python3.12/site-packages/airflow/example_dags/example_params_trigger_ui.py
[2026-09-25T17:07:20.662+0000] {logging_mixin.py:190} INFO - [2026-09-25T17:07:20.659+0000] {dag.py:3239} INFO - Sync 1 DAGs
[2026-09-25T17:07:20.891+0000] {logging_mixin.py:190} INFO - [2026-09-25T17:07:20.889+0000] {dag.py:4180} INFO - Setting next_dagrun for example_params_trigger_ui to None, run_after=None
[2026-09-25T17:07:20.981+0000] {processor.py:208} INFO - Processing /home/airflow/.local/lib/python3.12/site-packages/airflow/example_dags/example_params_trigger_ui.py took 0.934 seconds
[2026-09-25T17:07:51.258+0000] {processor.py:186} INFO - Started process (PID=1202) to work on /home/airflow/.local/lib/python3.12/site-packages/airflow/example_dags/example_params_trigger_ui.py
[2026-09-25T17:07:51.261+0000] {processor.py:914} INFO - Processing file /home/airflow/.local/lib/python3.12/site-packages/airflow/example_dags/example_params_trigger_ui.py for tasks to queue
[2026-09-25T17:07:51.265+0000] {logging_mixin.py:190} INFO - [2026-09-25T17:07:51.264+0000] {dagbag.py:588} INFO - Filling up the DagBag from /home/airflow/.local/lib/python3.12/site-packages/airflow/example_dags/example_params_trigger_ui.py
[2026-09-25T17:07:51.292+0000] {processor.py:925} INFO - DAG(s) 'example_params_trigger_ui' retrieved from /home/airflow/.local/lib/python3.12/site-packages/airflow/example_dags/example_params_trigger_ui.py
[2026-09-25T17:07:51.371+0000] {logging_mixin.py:190} INFO - [2026-09-25T17:07:51.370+0000] {dag.py:3239} INFO - Sync 1 DAGs
[2026-09-25T17:07:51.394+0000] {logging_mixin.py:190} INFO - [2026-09-25T17:07:51.393+0000] {dag.py:4180} INFO - Setting next_dagrun for example_params_trigger_ui to None, run_after=None
[2026-09-25T17:07:51.426+0000] {processor.py:208} INFO - Processing /home/airflow/.local/lib/python3.12/site-packages/airflow/example_dags/example_params_trigger_ui.py took 0.177 seconds
[2026-09-25T17:08:21.667+0000] {processor.py:186} INFO - Started process (PID=1265) to work on /home/airflow/.local/lib/python3.12/site-packages/airflow/example_dags/example_params_trigger_ui.py
[2026-09-25T17:08:21.672+0000] {processor.py:914} INFO - Processing file /home/airflow/.local/lib/python3.12/site-packages/airflow/example_dags/example_params_trigger_ui.py for tasks to queue
[2026-09-25T17:08:21.677+0000] {logging_mixin.py:190} INFO - [2026-09-25T17:08:21.676+0000] {dagbag.py:588} INFO - Filling up the DagBag from /home/airflow/.local/lib/python3.12/site-packages/airflow/example_dags/example_params_trigger_ui.py
[2026-09-25T17:08:21.708+0000] {processor.py:925} INFO - DAG(s) 'example_params_trigger_ui' retrieved from /home/airflow/.local/lib/python3.12/site-packages/airflow/example_dags/example_params_trigger_ui.py
[2026-09-25T17:08:21.788+0000] {logging_mixin.py:190} INFO - [2026-09-25T17:08:21.788+0000] {dag.py:3239} INFO - Sync 1 DAGs
[2026-09-25T17:08:21.816+0000] {logging_mixin.py:190} INFO - [2026-09-25T17:08:21.815+0000] {dag.py:4180} INFO - Setting next_dagrun for example_params_trigger_ui to None, run_after=None
[2026-09-25T17:08:21.855+0000] {processor.py:208} INFO - Processing /home/airflow/.local/lib/python3.12/site-packages/airflow/example_dags/example_params_trigger_ui.py took 0.204 seconds
[2026-09-25T17:08:55.744+0000] {processor.py:186} INFO - Started process (PID=1316) to work on /home/airflow/.local/lib/python3.12/site-packages/airflow/example_dags/example_params_trigger_ui.py
[2026-09-25T17:08:55.749+0000] {processor.py:914} INFO - Processing file /home/airflow/.local/lib/python3.12/site-packages/airflow/example_dags/example_params_trigger_ui.py for tasks to queue
[2026-09-25T17:08:55.758+0000] {logging_mixin.py:190} INFO - [2026-09-25T17:08:55.757+0000] {dagbag.py:588} INFO - Filling up the DagBag from /home/airflow/.local/lib/python3.12/site-packages/airflow/example_dags/example_params_trigger_ui.py
[2026-09-25T17:08:55.778+0000] {processor.py:925} INFO - DAG(s) 'example_params_trigger_ui' retrieved from /home/airflow/.local/lib/python3.12/site-packages/airflow/example_dags/example_params_trigger_ui.py
[2026-09-25T17:08:55.874+0000] {logging_mixin.py:190} INFO - [2026-09-25T17:08:55.874+0000] {dag.py:3239} INFO - Sync 1 DAGs
[2026-09-25T17:08:55.901+0000] {logging_mixin.py:190} INFO - [2026-09-25T17:08:55.901+0000] {dag.py:4180} INFO - Setting next_dagrun for example_params_trigger_ui to None, run_after=None
[2026-09-25T17:08:55.950+0000] {processor.py:208} INFO - Processing /home/airflow/.local/lib/python3.12/site-packages/airflow/example_dags/example_params_trigger_ui.py took 0.227 seconds
[2026-09-25T17:09:31.067+0000] {processor.py:186} INFO - Started process (PID=1374) to work on /home/airflow/.local/lib/python3.12/site-packages/airflow/example_dags/example_params_trigger_ui.py
[2026-09-25T17:09:31.092+0000] {processor.py:914} INFO - Processing file /home/airflow/.local/lib/python3.12/site-packages/airflow/example_dags/example_params_trigger_ui.py for tasks to queue
[2026-09-25T17:09:31.102+0000] {logging_mixin.py:190} INFO - [2026-09-25T17:09:31.101+0000] {dagbag.py:588} INFO - Filling up the DagBag from /home/airflow/.local/lib/python3.12/site-packages/airflow/example_dags/example_params_trigger_ui.py
[2026-09-25T17:09:31.168+0000] {processor.py:925} INFO - DAG(s) 'example_params_trigger_ui' retrieved from /home/airflow/.local/lib/python3.12/site-packages/airflow/example_dags/example_params_trigger_ui.py
[2026-09-25T17:09:31.394+0000] {logging_mixin.py:190} INFO - [2026-09-25T17:09:31.394+0000] {dag.py:3239} INFO - Sync 1 DAGs
[2026-09-25T17:09:31.475+0000] {logging_mixin.py:190} INFO - [2026-09-25T17:09:31.474+0000] {dag.py:4180} INFO - Setting next_dagrun for example_params_trigger_ui to None, run_after=None
[2026-09-25T17:09:31.565+0000] {processor.py:208} INFO - Processing /home/airflow/.local/lib/python3.12/site-packages/airflow/example_dags/example_params_trigger_ui.py took 0.519 seconds
[2026-09-25T17:11:23.820+0000] {processor.py:186} INFO - Started process (PID=1458) to work on /home/airflow/.local/lib/python3.12/site-packages/airflow/example_dags/example_params_trigger_ui.py
[2026-09-25T17:11:23.935+0000] {processor.py:914} INFO - Processing file /home/airflow/.local/lib/python3.12/site-packages/airflow/example_dags/example_params_trigger_ui.py for tasks to queue
[2026-09-25T17:11:24.036+0000] {logging_mixin.py:190} INFO - [2026-09-25T17:11:24.033+0000] {dagbag.py:588} INFO - Filling up the DagBag from /home/airflow/.local/lib/python3.12/site-packages/airflow/example_dags/example_params_trigger_ui.py
[2026-09-25T17:11:24.544+0000] {processor.py:925} INFO - DAG(s) 'example_params_trigger_ui' retrieved from /home/airflow/.local/lib/python3.12/site-packages/airflow/example_dags/example_params_trigger_ui.py
[2026-09-25T17:11:25.968+0000] {logging_mixin.py:190} INFO - [2026-09-25T17:11:25.967+0000] {dag.py:3239} INFO - Sync 1 DAGs
[2026-09-25T17:11:26.220+0000] {logging_mixin.py:190} INFO - [2026-09-25T17:11:26.219+0000] {dag.py:4180} INFO - Setting next_dagrun for example_params_trigger_ui to None, run_after=None
[2026-09-25T17:11:27.147+0000] {processor.py:208} INFO - Processing /home/airflow/.local/lib/python3.12/site-packages/airflow/example_dags/example_params_trigger_ui.py took 3.793 seconds
[2026-09-25T17:13:04.562+0000] {processor.py:186} INFO - Started process (PID=1509) to work on /home/airflow/.local/lib/python3.12/site-packages/airflow/example_dags/example_params_trigger_ui.py
[2026-09-25T17:13:04.572+0000] {processor.py:914} INFO - Processing file /home/airflow/.local/lib/python3.12/site-packages/airflow/example_dags/example_params_trigger_ui.py for tasks to queue
[2026-09-25T17:13:04.587+0000] {logging_mixin.py:190} INFO - [2026-09-25T17:13:04.586+0000] {dagbag.py:588} INFO - Filling up the DagBag from /home/airflow/.local/lib/python3.12/site-packages/airflow/example_dags/example_params_trigger_ui.py
[2026-09-25T17:13:04.757+0000] {processor.py:925} INFO - DAG(s) 'example_params_trigger_ui' retrieved from /home/airflow/.local/lib/python3.12/site-packages/airflow/example_dags/example_params_trigger_ui.py
[2026-09-25T17:13:07.647+0000] {logging_mixin.py:190} INFO - [2026-09-25T17:13:07.646+0000] {dag.py:3239} INFO - Sync 1 DAGs
[2026-09-25T17:13:08.179+0000] {logging_mixin.py:190} INFO - [2026-09-25T17:13:08.178+0000] {dag.py:4180} INFO - Setting next_dagrun for example_params_trigger_ui to None, run_after=None
[2026-09-25T17:13:08.533+0000] {processor.py:208} INFO - Processing /home/airflow/.local/lib/python3.12/site-packages/airflow/example_dags/example_params_trigger_ui.py took 4.048 seconds
[2026-09-25T17:14:38.291+0000] {processor.py:186} INFO - Started process (PID=1566) to work on /home/airflow/.local/lib/python3.12/site-packages/airflow/example_dags/example_params_trigger_ui.py
[2026-09-25T17:14:38.311+0000] {processor.py:914} INFO - Processing file /home/airflow/.local/lib/python3.12/site-packages/airflow/example_dags/example_params_trigger_ui.py for tasks to queue
[2026-09-25T17:14:38.340+0000] {logging_mixin.py:190} INFO - [2026-09-25T17:14:38.338+0000] {dagbag.py:588} INFO - Filling up the DagBag from /home/airflow/.local/lib/python3.12/site-packages/airflow/example_dags/example_params_trigger_ui.py
[2026-09-25T17:14:38.393+0000] {processor.py:925} INFO - DAG(s) 'example_params_trigger_ui' retrieved from /home/airflow/.local/lib/python3.12/site-packages/airflow/example_dags/example_params_trigger_ui.py
[2026-09-25T17:14:38.708+0000] {logging_mixin.py:190} INFO - [2026-09-25T17:14:38.708+0000] {dag.py:3239} INFO - Sync 1 DAGs
[2026-09-25T17:14:38.828+0000] {logging_mixin.py:190} INFO - [2026-09-25T17:14:38.827+0000] {dag.py:4180} INFO - Setting next_dagrun for example_params_trigger_ui to None, run_after=None
[2026-09-25T17:14:38.983+0000] {processor.py:208} INFO - Processing /home/airflow/.local/lib/python3.12/site-packages/airflow/example_dags/example_params_trigger_ui.py took 0.997 seconds
[2026-09-25T17:15:21.190+0000] {processor.py:186} INFO - Started process (PID=1629) to work on /home/airflow/.local/lib/python3.12/site-packages/airflow/example_dags/example_params_trigger_ui.py
[2026-09-25T17:15:21.196+0000] {processor.py:914} INFO - Processing file /home/airflow/.local/lib/python3.12/site-packages/airflow/example_dags/example_params_trigger_ui.py for tasks to queue
[2026-09-25T17:15:21.203+0000] {logging_mixin.py:190} INFO - [2026-09-25T17:15:21.203+0000] {dagbag.py:588} INFO - Filling up the DagBag from /home/airflow/.local/lib/python3.12/site-packages/airflow/example_dags/example_params_trigger_ui.py
[2026-09-25T17:15:21.237+0000] {processor.py:925} INFO - DAG(s) 'example_params_trigger_ui' retrieved from /home/airflow/.local/lib/python3.12/site-packages/airflow/example_dags/example_params_trigger_ui.py
[2026-09-25T17:15:21.405+0000] {logging_mixin.py:190} INFO - [2026-09-25T17:15:21.405+0000] {dag.py:3239} INFO - Sync 1 DAGs
[2026-09-25T17:15:21.460+0000] {logging_mixin.py:190} INFO - [2026-09-25T17:15:21.460+0000] {dag.py:4180} INFO - Setting next_dagrun for example_params_trigger_ui to None, run_after=None
[2026-09-25T17:15:21.515+0000] {processor.py:208} INFO - Processing /home/airflow/.local/lib/python3.12/site-packages/airflow/example_dags/example_params_trigger_ui.py took 0.348 seconds
[2026-09-25T17:15:56.880+0000] {processor.py:186} INFO - Started process (PID=1689) to work on /home/airflow/.local/lib/python3.12/site-packages/airflow/example_dags/example_params_trigger_ui.py
[2026-09-25T17:15:56.894+0000] {processor.py:914} INFO - Processing file /home/airflow/.local/lib/python3.12/site-packages/airflow/example_dags/example_params_trigger_ui.py for tasks to queue
[2026-09-25T17:15:56.922+0000] {logging_mixin.py:190} INFO - [2026-09-25T17:15:56.921+0000] {dagbag.py:588} INFO - Filling up the DagBag from /home/airflow/.local/lib/python3.12/site-packages/airflow/example_dags/example_params_trigger_ui.py
[2026-09-25T17:15:57.053+0000] {processor.py:925} INFO - DAG(s) 'example_params_trigger_ui' retrieved from /home/airflow/.local/lib/python3.12/site-packages/airflow/example_dags/example_params_trigger_ui.py
[2026-09-25T17:15:57.249+0000] {logging_mixin.py:190} INFO - [2026-09-25T17:15:57.248+0000] {dag.py:3239} INFO - Sync 1 DAGs
[2026-09-25T17:15:57.301+0000] {logging_mixin.py:190} INFO - [2026-09-25T17:15:57.300+0000] {dag.py:4180} INFO - Setting next_dagrun for example_params_trigger_ui to None, run_after=None
[2026-09-25T17:15:57.364+0000] {processor.py:208} INFO - Processing /home/airflow/.local/lib/python3.12/site-packages/airflow/example_dags/example_params_trigger_ui.py took 0.636 seconds
[2026-09-25T17:16:44.132+0000] {processor.py:186} INFO - Started process (PID=1745) to work on /home/airflow/.local/lib/python3.12/site-packages/airflow/example_dags/example_params_trigger_ui.py
[2026-09-25T17:16:44.135+0000] {processor.py:914} INFO - Processing file /home/airflow/.local/lib/python3.12/site-packages/airflow/example_dags/example_params_trigger_ui.py for tasks to queue
[2026-09-25T17:16:44.143+0000] {logging_mixin.py:190} INFO - [2026-09-25T17:16:44.142+0000] {dagbag.py:588} INFO - Filling up the DagBag from /home/airflow/.local/lib/python3.12/site-packages/airflow/example_dags/example_params_trigger_ui.py
[2026-09-25T17:16:44.194+0000] {processor.py:925} INFO - DAG(s) 'example_params_trigger_ui' retrieved from /home/airflow/.local/lib/python3.12/site-packages/airflow/example_dags/example_params_trigger_ui.py
[2026-09-25T17:16:44.367+0000] {logging_mixin.py:190} INFO - [2026-09-25T17:16:44.364+0000] {dag.py:3239} INFO - Sync 1 DAGs
[2026-09-25T17:16:44.430+0000] {logging_mixin.py:190} INFO - [2026-09-25T17:16:44.429+0000] {dag.py:4180} INFO - Setting next_dagrun for example_params_trigger_ui to None, run_after=None
[2026-09-25T17:16:44.714+0000] {processor.py:208} INFO - Processing /home/airflow/.local/lib/python3.12/site-packages/airflow/example_dags/example_params_trigger_ui.py took 0.604 seconds
[2026-09-25T17:17:15.059+0000] {processor.py:186} INFO - Started process (PID=1807) to work on /home/airflow/.local/lib/python3.12/site-packages/airflow/example_dags/example_params_trigger_ui.py
[2026-09-25T17:17:15.063+0000] {processor.py:914} INFO - Processing file /home/airflow/.local/lib/python3.12/site-packages/airflow/example_dags/example_params_trigger_ui.py for tasks to queue
[2026-09-25T17:17:15.068+0000] {logging_mixin.py:190} INFO - [2026-09-25T17:17:15.067+0000] {dagbag.py:588} INFO - Filling up the DagBag from /home/airflow/.local/lib/python3.12/site-packages/airflow/example_dags/example_params_trigger_ui.py
[2026-09-25T17:17:15.103+0000] {processor.py:925} INFO - DAG(s) 'example_params_trigger_ui' retrieved from /home/airflow/.local/lib/python3.12/site-packages/airflow/example_dags/example_params_trigger_ui.py
[2026-09-25T17:17:15.267+0000] {logging_mixin.py:190} INFO - [2026-09-25T17:17:15.266+0000] {dag.py:3239} INFO - Sync 1 DAGs
[2026-09-25T17:17:15.341+0000] {logging_mixin.py:190} INFO - [2026-09-25T17:17:15.341+0000] {dag.py:4180} INFO - Setting next_dagrun for example_params_trigger_ui to None, run_after=None
[2026-09-25T17:17:15.582+0000] {processor.py:208} INFO - Processing /home/airflow/.local/lib/python3.12/site-packages/airflow/example_dags/example_params_trigger_ui.py took 0.666 seconds
[2026-09-25T17:17:52.654+0000] {processor.py:186} INFO - Started process (PID=1870) to work on /home/airflow/.local/lib/python3.12/site-packages/airflow/example_dags/example_params_trigger_ui.py
[2026-09-25T17:17:52.657+0000] {processor.py:914} INFO - Processing file /home/airflow/.local/lib/python3.12/site-packages/airflow/example_dags/example_params_trigger_ui.py for tasks to queue
[2026-09-25T17:17:52.662+0000] {logging_mixin.py:190} INFO - [2026-09-25T17:17:52.661+0000] {dagbag.py:588} INFO - Filling up the DagBag from /home/airflow/.local/lib/python3.12/site-packages/airflow/example_dags/example_params_trigger_ui.py
[2026-09-25T17:17:52.688+0000] {processor.py:925} INFO - DAG(s) 'example_params_trigger_ui' retrieved from /home/airflow/.local/lib/python3.12/site-packages/airflow/example_dags/example_params_trigger_ui.py
[2026-09-25T17:17:52.842+0000] {logging_mixin.py:190} INFO - [2026-09-25T17:17:52.841+0000] {dag.py:3239} INFO - Sync 1 DAGs
[2026-09-25T17:17:52.885+0000] {logging_mixin.py:190} INFO - [2026-09-25T17:17:52.884+0000] {dag.py:4180} INFO - Setting next_dagrun for example_params_trigger_ui to None, run_after=None
[2026-09-25T17:17:52.937+0000] {processor.py:208} INFO - Processing /home/airflow/.local/lib/python3.12/site-packages/airflow/example_dags/example_params_trigger_ui.py took 0.312 seconds
[2026-09-25T17:18:28.302+0000] {processor.py:186} INFO - Started process (PID=1931) to work on /home/airflow/.local/lib/python3.12/site-packages/airflow/example_dags/example_params_trigger_ui.py
[2026-09-25T17:18:28.305+0000] {processor.py:914} INFO - Processing file /home/airflow/.local/lib/python3.12/site-packages/airflow/example_dags/example_params_trigger_ui.py for tasks to queue
[2026-09-25T17:18:28.318+0000] {logging_mixin.py:190} INFO - [2026-09-25T17:18:28.317+0000] {dagbag.py:588} INFO - Filling up the DagBag from /home/airflow/.local/lib/python3.12/site-packages/airflow/example_dags/example_params_trigger_ui.py
[2026-09-25T17:18:28.418+0000] {processor.py:925} INFO - DAG(s) 'example_params_trigger_ui' retrieved from /home/airflow/.local/lib/python3.12/site-packages/airflow/example_dags/example_params_trigger_ui.py
[2026-09-25T17:18:28.612+0000] {logging_mixin.py:190} INFO - [2026-09-25T17:18:28.611+0000] {dag.py:3239} INFO - Sync 1 DAGs
[2026-09-25T17:18:28.671+0000] {logging_mixin.py:190} INFO - [2026-09-25T17:18:28.670+0000] {dag.py:4180} INFO - Setting next_dagrun for example_params_trigger_ui to None, run_after=None
[2026-09-25T17:18:28.737+0000] {processor.py:208} INFO - Processing /home/airflow/.local/lib/python3.12/site-packages/airflow/example_dags/example_params_trigger_ui.py took 0.478 seconds
[2026-09-25T17:19:02.592+0000] {processor.py:186} INFO - Started process (PID=2004) to work on /home/airflow/.local/lib/python3.12/site-packages/airflow/example_dags/example_params_trigger_ui.py
[2026-09-25T17:19:02.597+0000] {processor.py:914} INFO - Processing file /home/airflow/.local/lib/python3.12/site-packages/airflow/example_dags/example_params_trigger_ui.py for tasks to queue
[2026-09-25T17:19:02.606+0000] {logging_mixin.py:190} INFO - [2026-09-25T17:19:02.605+0000] {dagbag.py:588} INFO - Filling up the DagBag from /home/airflow/.local/lib/python3.12/site-packages/airflow/example_dags/example_params_trigger_ui.py
[2026-09-25T17:19:02.675+0000] {processor.py:925} INFO - DAG(s) 'example_params_trigger_ui' retrieved from /home/airflow/.local/lib/python3.12/site-packages/airflow/example_dags/example_params_trigger_ui.py
[2026-09-25T17:19:02.867+0000] {logging_mixin.py:190} INFO - [2026-09-25T17:19:02.866+0000] {dag.py:3239} INFO - Sync 1 DAGs
[2026-09-25T17:19:02.917+0000] {logging_mixin.py:190} INFO - [2026-09-25T17:19:02.917+0000] {dag.py:4180} INFO - Setting next_dagrun for example_params_trigger_ui to None, run_after=None
[2026-09-25T17:19:03.062+0000] {processor.py:208} INFO - Processing /home/airflow/.local/lib/python3.12/site-packages/airflow/example_dags/example_params_trigger_ui.py took 0.504 seconds
[2026-09-25T17:19:34.404+0000] {processor.py:186} INFO - Started process (PID=2066) to work on /home/airflow/.local/lib/python3.12/site-packages/airflow/example_dags/example_params_trigger_ui.py
[2026-09-25T17:19:34.413+0000] {processor.py:914} INFO - Processing file /home/airflow/.local/lib/python3.12/site-packages/airflow/example_dags/example_params_trigger_ui.py for tasks to queue
[2026-09-25T17:19:34.422+0000] {logging_mixin.py:190} INFO - [2026-09-25T17:19:34.420+0000] {dagbag.py:588} INFO - Filling up the DagBag from /home/airflow/.local/lib/python3.12/site-packages/airflow/example_dags/example_params_trigger_ui.py
[2026-09-25T17:19:34.472+0000] {processor.py:925} INFO - DAG(s) 'example_params_trigger_ui' retrieved from /home/airflow/.local/lib/python3.12/site-packages/airflow/example_dags/example_params_trigger_ui.py
[2026-09-25T17:19:34.705+0000] {logging_mixin.py:190} INFO - [2026-09-25T17:19:34.704+0000] {dag.py:3239} INFO - Sync 1 DAGs
[2026-09-25T17:19:34.775+0000] {logging_mixin.py:190} INFO - [2026-09-25T17:19:34.772+0000] {dag.py:4180} INFO - Setting next_dagrun for example_params_trigger_ui to None, run_after=None
[2026-09-25T17:19:34.850+0000] {processor.py:208} INFO - Processing /home/airflow/.local/lib/python3.12/site-packages/airflow/example_dags/example_params_trigger_ui.py took 0.489 seconds
[2026-09-25T17:20:04.994+0000] {processor.py:186} INFO - Started process (PID=2129) to work on /home/airflow/.local/lib/python3.12/site-packages/airflow/example_dags/example_params_trigger_ui.py
[2026-09-25T17:20:04.998+0000] {processor.py:914} INFO - Processing file /home/airflow/.local/lib/python3.12/site-packages/airflow/example_dags/example_params_trigger_ui.py for tasks to queue
[2026-09-25T17:20:05.037+0000] {logging_mixin.py:190} INFO - [2026-09-25T17:20:05.036+0000] {dagbag.py:588} INFO - Filling up the DagBag from /home/airflow/.local/lib/python3.12/site-packages/airflow/example_dags/example_params_trigger_ui.py
[2026-09-25T17:20:05.088+0000] {processor.py:925} INFO - DAG(s) 'example_params_trigger_ui' retrieved from /home/airflow/.local/lib/python3.12/site-packages/airflow/example_dags/example_params_trigger_ui.py
[2026-09-25T17:20:05.283+0000] {logging_mixin.py:190} INFO - [2026-09-25T17:20:05.278+0000] {dag.py:3239} INFO - Sync 1 DAGs
[2026-09-25T17:20:05.391+0000] {logging_mixin.py:190} INFO - [2026-09-25T17:20:05.391+0000] {dag.py:4180} INFO - Setting next_dagrun for example_params_trigger_ui to None, run_after=None
[2026-09-25T17:20:05.987+0000] {processor.py:208} INFO - Processing /home/airflow/.local/lib/python3.12/site-packages/airflow/example_dags/example_params_trigger_ui.py took 1.022 seconds
[2026-09-25T17:20:52.311+0000] {processor.py:186} INFO - Started process (PID=2191) to work on /home/airflow/.local/lib/python3.12/site-packages/airflow/example_dags/example_params_trigger_ui.py
[2026-09-25T17:20:52.317+0000] {processor.py:914} INFO - Processing file /home/airflow/.local/lib/python3.12/site-packages/airflow/example_dags/example_params_trigger_ui.py for tasks to queue
[2026-09-25T17:20:52.343+0000] {logging_mixin.py:190} INFO - [2026-09-25T17:20:52.336+0000] {dagbag.py:588} INFO - Filling up the DagBag from /home/airflow/.local/lib/python3.12/site-packages/airflow/example_dags/example_params_trigger_ui.py
[2026-09-25T17:20:52.407+0000] {processor.py:925} INFO - DAG(s) 'example_params_trigger_ui' retrieved from /home/airflow/.local/lib/python3.12/site-packages/airflow/example_dags/example_params_trigger_ui.py
[2026-09-25T17:20:52.809+0000] {logging_mixin.py:190} INFO - [2026-09-25T17:20:52.808+0000] {dag.py:3239} INFO - Sync 1 DAGs
[2026-09-25T17:20:52.911+0000] {logging_mixin.py:190} INFO - [2026-09-25T17:20:52.911+0000] {dag.py:4180} INFO - Setting next_dagrun for example_params_trigger_ui to None, run_after=None
[2026-09-25T17:20:53.032+0000] {processor.py:208} INFO - Processing /home/airflow/.local/lib/python3.12/site-packages/airflow/example_dags/example_params_trigger_ui.py took 0.749 seconds
[2026-09-25T17:21:27.843+0000] {processor.py:186} INFO - Started process (PID=2250) to work on /home/airflow/.local/lib/python3.12/site-packages/airflow/example_dags/example_params_trigger_ui.py
[2026-09-25T17:21:27.847+0000] {processor.py:914} INFO - Processing file /home/airflow/.local/lib/python3.12/site-packages/airflow/example_dags/example_params_trigger_ui.py for tasks to queue
[2026-09-25T17:21:27.856+0000] {logging_mixin.py:190} INFO - [2026-09-25T17:21:27.855+0000] {dagbag.py:588} INFO - Filling up the DagBag from /home/airflow/.local/lib/python3.12/site-packages/airflow/example_dags/example_params_trigger_ui.py
[2026-09-25T17:21:27.890+0000] {processor.py:925} INFO - DAG(s) 'example_params_trigger_ui' retrieved from /home/airflow/.local/lib/python3.12/site-packages/airflow/example_dags/example_params_trigger_ui.py
[2026-09-25T17:21:28.126+0000] {logging_mixin.py:190} INFO - [2026-09-25T17:21:28.125+0000] {dag.py:3239} INFO - Sync 1 DAGs
[2026-09-25T17:21:28.184+0000] {logging_mixin.py:190} INFO - [2026-09-25T17:21:28.184+0000] {dag.py:4180} INFO - Setting next_dagrun for example_params_trigger_ui to None, run_after=None
[2026-09-25T17:21:28.245+0000] {processor.py:208} INFO - Processing /home/airflow/.local/lib/python3.12/site-packages/airflow/example_dags/example_params_trigger_ui.py took 0.428 seconds
[2026-09-25T17:22:24.604+0000] {processor.py:186} INFO - Started process (PID=2294) to work on /home/airflow/.local/lib/python3.12/site-packages/airflow/example_dags/example_params_trigger_ui.py
[2026-09-25T17:22:24.609+0000] {processor.py:914} INFO - Processing file /home/airflow/.local/lib/python3.12/site-packages/airflow/example_dags/example_params_trigger_ui.py for tasks to queue
[2026-09-25T17:22:24.626+0000] {logging_mixin.py:190} INFO - [2026-09-25T17:22:24.625+0000] {dagbag.py:588} INFO - Filling up the DagBag from /home/airflow/.local/lib/python3.12/site-packages/airflow/example_dags/example_params_trigger_ui.py
[2026-09-25T17:22:24.835+0000] {processor.py:925} INFO - DAG(s) 'example_params_trigger_ui' retrieved from /home/airflow/.local/lib/python3.12/site-packages/airflow/example_dags/example_params_trigger_ui.py
[2026-09-25T17:22:25.334+0000] {logging_mixin.py:190} INFO - [2026-09-25T17:22:25.334+0000] {dag.py:3239} INFO - Sync 1 DAGs
[2026-09-25T17:22:25.560+0000] {logging_mixin.py:190} INFO - [2026-09-25T17:22:25.560+0000] {dag.py:4180} INFO - Setting next_dagrun for example_params_trigger_ui to None, run_after=None
[2026-09-25T17:22:25.663+0000] {processor.py:208} INFO - Processing /home/airflow/.local/lib/python3.12/site-packages/airflow/example_dags/example_params_trigger_ui.py took 1.424 seconds
[2026-09-25T17:23:04.228+0000] {processor.py:186} INFO - Started process (PID=2357) to work on /home/airflow/.local/lib/python3.12/site-packages/airflow/example_dags/example_params_trigger_ui.py
[2026-09-25T17:23:04.243+0000] {processor.py:914} INFO - Processing file /home/airflow/.local/lib/python3.12/site-packages/airflow/example_dags/example_params_trigger_ui.py for tasks to queue
[2026-09-25T17:23:04.259+0000] {logging_mixin.py:190} INFO - [2026-09-25T17:23:04.257+0000] {dagbag.py:588} INFO - Filling up the DagBag from /home/airflow/.local/lib/python3.12/site-packages/airflow/example_dags/example_params_trigger_ui.py
[2026-09-25T17:23:04.305+0000] {processor.py:925} INFO - DAG(s) 'example_params_trigger_ui' retrieved from /home/airflow/.local/lib/python3.12/site-packages/airflow/example_dags/example_params_trigger_ui.py
[2026-09-25T17:23:04.613+0000] {logging_mixin.py:190} INFO - [2026-09-25T17:23:04.611+0000] {dag.py:3239} INFO - Sync 1 DAGs
[2026-09-25T17:23:04.743+0000] {logging_mixin.py:190} INFO - [2026-09-25T17:23:04.741+0000] {dag.py:4180} INFO - Setting next_dagrun for example_params_trigger_ui to None, run_after=None
[2026-09-25T17:23:04.935+0000] {processor.py:208} INFO - Processing /home/airflow/.local/lib/python3.12/site-packages/airflow/example_dags/example_params_trigger_ui.py took 0.745 seconds
[2026-09-25T17:23:39.322+0000] {processor.py:186} INFO - Started process (PID=2425) to work on /home/airflow/.local/lib/python3.12/site-packages/airflow/example_dags/example_params_trigger_ui.py
[2026-09-25T17:23:39.335+0000] {processor.py:914} INFO - Processing file /home/airflow/.local/lib/python3.12/site-packages/airflow/example_dags/example_params_trigger_ui.py for tasks to queue
[2026-09-25T17:23:39.360+0000] {logging_mixin.py:190} INFO - [2026-09-25T17:23:39.357+0000] {dagbag.py:588} INFO - Filling up the DagBag from /home/airflow/.local/lib/python3.12/site-packages/airflow/example_dags/example_params_trigger_ui.py
[2026-09-25T17:23:39.535+0000] {processor.py:925} INFO - DAG(s) 'example_params_trigger_ui' retrieved from /home/airflow/.local/lib/python3.12/site-packages/airflow/example_dags/example_params_trigger_ui.py
[2026-09-25T17:23:40.017+0000] {logging_mixin.py:190} INFO - [2026-09-25T17:23:40.016+0000] {dag.py:3239} INFO - Sync 1 DAGs
[2026-09-25T17:23:40.125+0000] {logging_mixin.py:190} INFO - [2026-09-25T17:23:40.124+0000] {dag.py:4180} INFO - Setting next_dagrun for example_params_trigger_ui to None, run_after=None
[2026-09-25T17:23:40.240+0000] {processor.py:208} INFO - Processing /home/airflow/.local/lib/python3.12/site-packages/airflow/example_dags/example_params_trigger_ui.py took 0.964 seconds
[2026-09-25T17:24:10.339+0000] {processor.py:186} INFO - Started process (PID=2487) to work on /home/airflow/.local/lib/python3.12/site-packages/airflow/example_dags/example_params_trigger_ui.py
[2026-09-25T17:24:10.341+0000] {processor.py:914} INFO - Processing file /home/airflow/.local/lib/python3.12/site-packages/airflow/example_dags/example_params_trigger_ui.py for tasks to queue
[2026-09-25T17:24:10.349+0000] {logging_mixin.py:190} INFO - [2026-09-25T17:24:10.348+0000] {dagbag.py:588} INFO - Filling up the DagBag from /home/airflow/.local/lib/python3.12/site-packages/airflow/example_dags/example_params_trigger_ui.py
[2026-09-25T17:24:10.378+0000] {processor.py:925} INFO - DAG(s) 'example_params_trigger_ui' retrieved from /home/airflow/.local/lib/python3.12/site-packages/airflow/example_dags/example_params_trigger_ui.py
[2026-09-25T17:24:10.499+0000] {logging_mixin.py:190} INFO - [2026-09-25T17:24:10.499+0000] {dag.py:3239} INFO - Sync 1 DAGs
[2026-09-25T17:24:10.573+0000] {logging_mixin.py:190} INFO - [2026-09-25T17:24:10.573+0000] {dag.py:4180} INFO - Setting next_dagrun for example_params_trigger_ui to None, run_after=None
[2026-09-25T17:24:10.772+0000] {processor.py:208} INFO - Processing /home/airflow/.local/lib/python3.12/site-packages/airflow/example_dags/example_params_trigger_ui.py took 0.455 seconds
[2026-09-25T17:24:47.672+0000] {processor.py:186} INFO - Started process (PID=2550) to work on /home/airflow/.local/lib/python3.12/site-packages/airflow/example_dags/example_params_trigger_ui.py
[2026-09-25T17:24:47.675+0000] {processor.py:914} INFO - Processing file /home/airflow/.local/lib/python3.12/site-packages/airflow/example_dags/example_params_trigger_ui.py for tasks to queue
[2026-09-25T17:24:47.684+0000] {logging_mixin.py:190} INFO - [2026-09-25T17:24:47.683+0000] {dagbag.py:588} INFO - Filling up the DagBag from /home/airflow/.local/lib/python3.12/site-packages/airflow/example_dags/example_params_trigger_ui.py
[2026-09-25T17:24:47.734+0000] {processor.py:925} INFO - DAG(s) 'example_params_trigger_ui' retrieved from /home/airflow/.local/lib/python3.12/site-packages/airflow/example_dags/example_params_trigger_ui.py
[2026-09-25T17:24:48.057+0000] {logging_mixin.py:190} INFO - [2026-09-25T17:24:48.057+0000] {dag.py:3239} INFO - Sync 1 DAGs
[2026-09-25T17:24:48.117+0000] {logging_mixin.py:190} INFO - [2026-09-25T17:24:48.115+0000] {dag.py:4180} INFO - Setting next_dagrun for example_params_trigger_ui to None, run_after=None
[2026-09-25T17:24:48.788+0000] {processor.py:208} INFO - Processing /home/airflow/.local/lib/python3.12/site-packages/airflow/example_dags/example_params_trigger_ui.py took 1.146 seconds
