[2026-09-25T16:15:21.129+0000] {processor.py:186} INFO - Started process (PID=88) to work on /home/airflow/.local/lib/python3.12/site-packages/airflow/example_dags/example_bash_operator.py
[2026-09-25T16:15:21.144+0000] {processor.py:914} INFO - Processing file /home/airflow/.local/lib/python3.12/site-packages/airflow/example_dags/example_bash_operator.py for tasks to queue
[2026-09-25T16:15:21.167+0000] {logging_mixin.py:190} INFO - [2026-09-25T16:15:21.162+0000] {dagbag.py:588} INFO - Filling up the DagBag from /home/airflow/.local/lib/python3.12/site-packages/airflow/example_dags/example_bash_operator.py
[2026-09-25T16:15:21.537+0000] {processor.py:925} INFO - DAG(s) 'example_bash_operator' retrieved from /home/airflow/.local/lib/python3.12/site-packages/airflow/example_dags/example_bash_operator.py
[2026-09-25T16:15:21.959+0000] {logging_mixin.py:190} INFO - [2026-09-25T16:15:21.958+0000] {dag.py:3239} INFO - Sync 1 DAGs
[2026-09-25T16:15:23.120+0000] {logging_mixin.py:190} INFO - [2026-09-25T16:15:23.120+0000] {dag.py:4180} INFO - Setting next_dagrun for example_bash_operator to 2026-09-24 00:00:00+00:00, run_after=2026-09-25 00:00:00+00:00
[2026-09-25T16:15:23.888+0000] {processor.py:208} INFO - Processing /home/airflow/.local/lib/python3.12/site-packages/airflow/example_dags/example_bash_operator.py took 2.804 seconds
[2026-09-25T16:17:41.388+0000] {processor.py:186} INFO - Started process (PID=175) to work on /home/airflow/.local/lib/python3.12/site-packages/airflow/example_dags/example_bash_operator.py
[2026-09-25T16:17:41.486+0000] {processor.py:914} INFO - Processing file /home/airflow/.local/lib/python3.12/site-packages/airflow/example_dags/example_bash_operator.py for tasks to queue
[2026-09-25T16:17:41.501+0000] {logging_mixin.py:190} INFO - [2026-09-25T16:17:41.500+0000] {dagbag.py:588} INFO - Filling up the DagBag from /home/airflow/.local/lib/python3.12/site-packages/airflow/example_dags/example_bash_operator.py
[2026-09-25T16:17:41.787+0000] {processor.py:925} INFO - DAG(s) 'example_bash_operator' retrieved from /home/airflow/.local/lib/python3.12/site-packages/airflow/example_dags/example_bash_operator.py
[2026-09-25T16:17:42.613+0000] {logging_mixin.py:190} INFO - [2026-09-25T16:17:42.612+0000] {dag.py:3239} INFO - Sync 1 DAGs
[2026-09-25T16:17:43.339+0000] {logging_mixin.py:190} INFO - [2026-09-25T16:17:43.336+0000] {dag.py:4180} INFO - Setting next_dagrun for example_bash_operator to 2026-09-24 00:00:00+00:00, run_after=2026-09-25 00:00:00+00:00
[2026-09-25T16:17:43.758+0000] {processor.py:208} INFO - Processing /home/airflow/.local/lib/python3.12/site-packages/airflow/example_dags/example_bash_operator.py took 2.518 seconds
[2026-09-25T16:19:27.178+0000] {processor.py:186} INFO - Started process (PID=238) to work on /home/airflow/.local/lib/python3.12/site-packages/airflow/example_dags/example_bash_operator.py
[2026-09-25T16:19:27.189+0000] {processor.py:914} INFO - Processing file /home/airflow/.local/lib/python3.12/site-packages/airflow/example_dags/example_bash_operator.py for tasks to queue
[2026-09-25T16:19:27.232+0000] {logging_mixin.py:190} INFO - [2026-09-25T16:19:27.231+0000] {dagbag.py:588} INFO - Filling up the DagBag from /home/airflow/.local/lib/python3.12/site-packages/airflow/example_dags/example_bash_operator.py
[2026-09-25T16:19:27.329+0000] {processor.py:925} INFO - DAG(s) 'example_bash_operator' retrieved from /home/airflow/.local/lib/python3.12/site-packages/airflow/example_dags/example_bash_operator.py
[2026-09-25T16:19:27.467+0000] {logging_mixin.py:190} INFO - [2026-09-25T16:19:27.466+0000] {dag.py:3239} INFO - Sync 1 DAGs
[2026-09-25T16:19:27.741+0000] {logging_mixin.py:190} INFO - [2026-09-25T16:19:27.741+0000] {dag.py:4180} INFO - Setting next_dagrun for example_bash_operator to 2026-09-24 00:00:00+00:00, run_after=2026-09-25 00:00:00+00:00
[2026-09-25T16:19:27.843+0000] {processor.py:208} INFO - Processing /home/airflow/.local/lib/python3.12/site-packages/airflow/example_dags/example_bash_operator.py took 0.808 seconds
[2026-09-25T16:20:26.994+0000] {processor.py:186} INFO - Started process (PID=295) to work on /home/airflow/.local/lib/python3.12/site-packages/airflow/example_dags/example_bash_operator.py
[2026-09-25T16:20:26.997+0000] {processor.py:914} INFO - Processing file /home/airflow/.local/lib/python3.12/site-packages/airflow/example_dags/example_bash_operator.py for tasks to queue
[2026-09-25T16:20:27.019+0000] {logging_mixin.py:190} INFO - [2026-09-25T16:20:27.017+0000] {dagbag.py:588} INFO - Filling up the DagBag from /home/airflow/.local/lib/python3.12/site-packages/airflow/example_dags/example_bash_operator.py
[2026-09-25T16:20:27.051+0000] {processor.py:925} INFO - DAG(s) 'example_bash_operator' retrieved from /home/airflow/.local/lib/python3.12/site-packages/airflow/example_dags/example_bash_operator.py
[2026-09-25T16:20:27.133+0000] {logging_mixin.py:190} INFO - [2026-09-25T16:20:27.133+0000] {dag.py:3239} INFO - Sync 1 DAGs
[2026-09-25T16:20:27.223+0000] {logging_mixin.py:190} INFO - [2026-09-25T16:20:27.223+0000] {dag.py:4180} INFO - Setting next_dagrun for example_bash_operator to 2026-09-24 00:00:00+00:00, run_after=2026-09-25 00:00:00+00:00
[2026-09-25T16:20:27.311+0000] {processor.py:208} INFO - Processing /home/airflow/.local/lib/python3.12/site-packages/airflow/example_dags/example_bash_operator.py took 0.334 seconds
[2026-09-25T16:21:20.961+0000] {processor.py:186} INFO - Started process (PID=349) to work on /home/airflow/.local/lib/python3.12/site-packages/airflow/example_dags/example_bash_operator.py
[2026-09-25T16:21:20.983+0000] {processor.py:914} INFO - Processing file /home/airflow/.local/lib/python3.12/site-packages/airflow/example_dags/example_bash_operator.py for tasks to queue
[2026-09-25T16:21:21.012+0000] {logging_mixin.py:190} INFO - [2026-09-25T16:21:21.011+0000] {dagbag.py:588} INFO - Filling up the DagBag from /home/airflow/.local/lib/python3.12/site-packages/airflow/example_dags/example_bash_operator.py
[2026-09-25T16:21:21.145+0000] {processor.py:925} INFO - DAG(s) 'example_bash_operator' retrieved from /home/airflow/.local/lib/python3.12/site-packages/airflow/example_dags/example_bash_operator.py
[2026-09-25T16:21:21.350+0000] {logging_mixin.py:190} INFO - [2026-09-25T16:21:21.350+0000] {dag.py:3239} INFO - Sync 1 DAGs
[2026-09-25T16:21:21.739+0000] {logging_mixin.py:190} INFO - [2026-09-25T16:21:21.739+0000] {dag.py:4180} INFO - Setting next_dagrun for example_bash_operator to 2026-09-24 00:00:00+00:00, run_after=2026-09-25 00:00:00+00:00
[2026-09-25T16:21:21.937+0000] {processor.py:208} INFO - Processing /home/airflow/.local/lib/python3.12/site-packages/airflow/example_dags/example_bash_operator.py took 1.050 seconds
[2026-09-25T16:22:28.155+0000] {processor.py:186} INFO - Started process (PID=416) to work on /home/airflow/.local/lib/python3.12/site-packages/airflow/example_dags/example_bash_operator.py
[2026-09-25T16:22:28.162+0000] {processor.py:914} INFO - Processing file /home/airflow/.local/lib/python3.12/site-packages/airflow/example_dags/example_bash_operator.py for tasks to queue
[2026-09-25T16:22:28.177+0000] {logging_mixin.py:190} INFO - [2026-09-25T16:22:28.176+0000] {dagbag.py:588} INFO - Filling up the DagBag from /home/airflow/.local/lib/python3.12/site-packages/airflow/example_dags/example_bash_operator.py
[2026-09-25T16:22:28.234+0000] {processor.py:925} INFO - DAG(s) 'example_bash_operator' retrieved from /home/airflow/.local/lib/python3.12/site-packages/airflow/example_dags/example_bash_operator.py
[2026-09-25T16:22:28.464+0000] {logging_mixin.py:190} INFO - [2026-09-25T16:22:28.462+0000] {dag.py:3239} INFO - Sync 1 DAGs
[2026-09-25T16:22:28.592+0000] {logging_mixin.py:190} INFO - [2026-09-25T16:22:28.589+0000] {dag.py:4180} INFO - Setting next_dagrun for example_bash_operator to 2026-09-24 00:00:00+00:00, run_after=2026-09-25 00:00:00+00:00
[2026-09-25T16:22:28.698+0000] {processor.py:208} INFO - Processing /home/airflow/.local/lib/python3.12/site-packages/airflow/example_dags/example_bash_operator.py took 0.606 seconds
[2026-09-25T16:23:08.753+0000] {processor.py:186} INFO - Started process (PID=485) to work on /home/airflow/.local/lib/python3.12/site-packages/airflow/example_dags/example_bash_operator.py
[2026-09-25T16:23:08.756+0000] {processor.py:914} INFO - Processing file /home/airflow/.local/lib/python3.12/site-packages/airflow/example_dags/example_bash_operator.py for tasks to queue
[2026-09-25T16:23:08.760+0000] {logging_mixin.py:190} INFO - [2026-09-25T16:23:08.759+0000] {dagbag.py:588} INFO - Filling up the DagBag from /home/airflow/.local/lib/python3.12/site-packages/airflow/example_dags/example_bash_operator.py
[2026-09-25T16:23:08.785+0000] {processor.py:925} INFO - DAG(s) 'example_bash_operator' retrieved from /home/airflow/.local/lib/python3.12/site-packages/airflow/example_dags/example_bash_operator.py
[2026-09-25T16:23:08.841+0000] {logging_mixin.py:190} INFO - [2026-09-25T16:23:08.841+0000] {dag.py:3239} INFO - Sync 1 DAGs
[2026-09-25T16:23:08.910+0000] {logging_mixin.py:190} INFO - [2026-09-25T16:23:08.910+0000] {dag.py:4180} INFO - Setting next_dagrun for example_bash_operator to 2026-09-24 00:00:00+00:00, run_after=2026-09-25 00:00:00+00:00
[2026-09-25T16:23:08.953+0000] {processor.py:208} INFO - Processing /home/airflow/.local/lib/python3.12/site-packages/airflow/example_dags/example_bash_operator.py took 0.215 seconds
[2026-09-25T16:23:49.466+0000] {processor.py:186} INFO - Started process (PID=540) to work on /home/airflow/.local/lib/python3.12/site-packages/airflow/example_dags/example_bash_operator.py
[2026-09-25T16:23:49.469+0000] {processor.py:914} INFO - Processing file /home/airflow/.local/lib/python3.12/site-packages/airflow/example_dags/example_bash_operator.py for tasks to queue
[2026-09-25T16:23:49.474+0000] {logging_mixin.py:190} INFO - [2026-09-25T16:23:49.473+0000] {dagbag.py:588} INFO - Filling up the DagBag from /home/airflow/.local/lib/python3.12/site-packages/airflow/example_dags/example_bash_operator.py
[2026-09-25T16:23:49.502+0000] {processor.py:925} INFO - DAG(s) 'example_bash_operator' retrieved from /home/airflow/.local/lib/python3.12/site-packages/airflow/example_dags/example_bash_operator.py
[2026-09-25T16:23:49.640+0000] {logging_mixin.py:190} INFO - [2026-09-25T16:23:49.639+0000] {dag.py:3239} INFO - Sync 1 DAGs
[2026-09-25T16:23:49.734+0000] {logging_mixin.py:190} INFO - [2026-09-25T16:23:49.733+0000] {dag.py:4180} INFO - Setting next_dagrun for example_bash_operator to 2026-09-24 00:00:00+00:00, run_after=2026-09-25 00:00:00+00:00
[2026-09-25T16:23:49.824+0000] {processor.py:208} INFO - Processing /home/airflow/.local/lib/python3.12/site-packages/airflow/example_dags/example_bash_operator.py took 0.371 seconds
[2026-09-25T16:24:20.130+0000] {processor.py:186} INFO - Started process (PID=603) to work on /home/airflow/.local/lib/python3.12/site-packages/airflow/example_dags/example_bash_operator.py
[2026-09-25T16:24:20.133+0000] {processor.py:914} INFO - Processing file /home/airflow/.local/lib/python3.12/site-packages/airflow/example_dags/example_bash_operator.py for tasks to queue
[2026-09-25T16:24:20.141+0000] {logging_mixin.py:190} INFO - [2026-09-25T16:24:20.140+0000] {dagbag.py:588} INFO - Filling up the DagBag from /home/airflow/.local/lib/python3.12/site-packages/airflow/example_dags/example_bash_operator.py
[2026-09-25T16:24:20.185+0000] {processor.py:925} INFO - DAG(s) 'example_bash_operator' retrieved from /home/airflow/.local/lib/python3.12/site-packages/airflow/example_dags/example_bash_operator.py
[2026-09-25T16:24:20.284+0000] {logging_mixin.py:190} INFO - [2026-09-25T16:24:20.284+0000] {dag.py:3239} INFO - Sync 1 DAGs
[2026-09-25T16:24:20.393+0000] {logging_mixin.py:190} INFO - [2026-09-25T16:24:20.393+0000] {dag.py:4180} INFO - Setting next_dagrun for example_bash_operator to 2026-09-24 00:00:00+00:00, run_after=2026-09-25 00:00:00+00:00
[2026-09-25T16:24:20.436+0000] {processor.py:208} INFO - Processing /home/airflow/.local/lib/python3.12/site-packages/airflow/example_dags/example_bash_operator.py took 0.319 seconds
[2026-09-25T16:25:02.005+0000] {processor.py:186} INFO - Started process (PID=662) to work on /home/airflow/.local/lib/python3.12/site-packages/airflow/example_dags/example_bash_operator.py
[2026-09-25T16:25:02.046+0000] {processor.py:914} INFO - Processing file /home/airflow/.local/lib/python3.12/site-packages/airflow/example_dags/example_bash_operator.py for tasks to queue
[2026-09-25T16:25:02.128+0000] {logging_mixin.py:190} INFO - [2026-09-25T16:25:02.127+0000] {dagbag.py:588} INFO - Filling up the DagBag from /home/airflow/.local/lib/python3.12/site-packages/airflow/example_dags/example_bash_operator.py
[2026-09-25T16:25:02.382+0000] {processor.py:925} INFO - DAG(s) 'example_bash_operator' retrieved from /home/airflow/.local/lib/python3.12/site-packages/airflow/example_dags/example_bash_operator.py
[2026-09-25T16:25:02.580+0000] {logging_mixin.py:190} INFO - [2026-09-25T16:25:02.579+0000] {dag.py:3239} INFO - Sync 1 DAGs
[2026-09-25T16:25:02.754+0000] {logging_mixin.py:190} INFO - [2026-09-25T16:25:02.754+0000] {dag.py:4180} INFO - Setting next_dagrun for example_bash_operator to 2026-09-24 00:00:00+00:00, run_after=2026-09-25 00:00:00+00:00
[2026-09-25T16:25:02.879+0000] {processor.py:208} INFO - Processing /home/airflow/.local/lib/python3.12/site-packages/airflow/example_dags/example_bash_operator.py took 0.916 seconds
[2026-09-25T16:25:33.640+0000] {processor.py:186} INFO - Started process (PID=725) to work on /home/airflow/.local/lib/python3.12/site-packages/airflow/example_dags/example_bash_operator.py
[2026-09-25T16:25:33.643+0000] {processor.py:914} INFO - Processing file /home/airflow/.local/lib/python3.12/site-packages/airflow/example_dags/example_bash_operator.py for tasks to queue
[2026-09-25T16:25:33.674+0000] {logging_mixin.py:190} INFO - [2026-09-25T16:25:33.672+0000] {dagbag.py:588} INFO - Filling up the DagBag from /home/airflow/.local/lib/python3.12/site-packages/airflow/example_dags/example_bash_operator.py
[2026-09-25T16:25:34.073+0000] {processor.py:925} INFO - DAG(s) 'example_bash_operator' retrieved from /home/airflow/.local/lib/python3.12/site-packages/airflow/example_dags/example_bash_operator.py
[2026-09-25T16:25:34.333+0000] {logging_mixin.py:190} INFO - [2026-09-25T16:25:34.333+0000] {dag.py:3239} INFO - Sync 1 DAGs
[2026-09-25T16:25:34.567+0000] {logging_mixin.py:190} INFO - [2026-09-25T16:25:34.565+0000] {dag.py:4180} INFO - Setting next_dagrun for example_bash_operator to 2026-09-24 00:00:00+00:00, run_after=2026-09-25 00:00:00+00:00
[2026-09-25T16:25:34.828+0000] {processor.py:208} INFO - Processing /home/airflow/.local/lib/python3.12/site-packages/airflow/example_dags/example_bash_operator.py took 1.239 seconds
[2026-09-25T16:26:08.716+0000] {processor.py:186} INFO - Started process (PID=787) to work on /home/airflow/.local/lib/python3.12/site-packages/airflow/example_dags/example_bash_operator.py
[2026-09-25T16:26:08.719+0000] {processor.py:914} INFO - Processing file /home/airflow/.local/lib/python3.12/site-packages/airflow/example_dags/example_bash_operator.py for tasks to queue
[2026-09-25T16:26:08.732+0000] {logging_mixin.py:190} INFO - [2026-09-25T16:26:08.732+0000] {dagbag.py:588} INFO - Filling up the DagBag from /home/airflow/.local/lib/python3.12/site-packages/airflow/example_dags/example_bash_operator.py
[2026-09-25T16:26:08.783+0000] {processor.py:925} INFO - DAG(s) 'example_bash_operator' retrieved from /home/airflow/.local/lib/python3.12/site-packages/airflow/example_dags/example_bash_operator.py
[2026-09-25T16:26:08.894+0000] {logging_mixin.py:190} INFO - [2026-09-25T16:26:08.893+0000] {dag.py:3239} INFO - Sync 1 DAGs
[2026-09-25T16:26:09.073+0000] {logging_mixin.py:190} INFO - [2026-09-25T16:26:09.072+0000] {dag.py:4180} INFO - Setting next_dagrun for example_bash_operator to 2026-09-24 00:00:00+00:00, run_after=2026-09-25 00:00:00+00:00
[2026-09-25T16:26:09.661+0000] {processor.py:208} INFO - Processing /home/airflow/.local/lib/python3.12/site-packages/airflow/example_dags/example_bash_operator.py took 1.016 seconds
[2026-09-25T16:26:39.836+0000] {processor.py:186} INFO - Started process (PID=854) to work on /home/airflow/.local/lib/python3.12/site-packages/airflow/example_dags/example_bash_operator.py
[2026-09-25T16:26:39.838+0000] {processor.py:914} INFO - Processing file /home/airflow/.local/lib/python3.12/site-packages/airflow/example_dags/example_bash_operator.py for tasks to queue
[2026-09-25T16:26:39.853+0000] {logging_mixin.py:190} INFO - [2026-09-25T16:26:39.848+0000] {dagbag.py:588} INFO - Filling up the DagBag from /home/airflow/.local/lib/python3.12/site-packages/airflow/example_dags/example_bash_operator.py
[2026-09-25T16:26:39.915+0000] {processor.py:925} INFO - DAG(s) 'example_bash_operator' retrieved from /home/airflow/.local/lib/python3.12/site-packages/airflow/example_dags/example_bash_operator.py
[2026-09-25T16:26:40.038+0000] {logging_mixin.py:190} INFO - [2026-09-25T16:26:40.037+0000] {dag.py:3239} INFO - Sync 1 DAGs
[2026-09-25T16:26:40.107+0000] {logging_mixin.py:190} INFO - [2026-09-25T16:26:40.107+0000] {dag.py:4180} INFO - Setting next_dagrun for example_bash_operator to 2026-09-24 00:00:00+00:00, run_after=2026-09-25 00:00:00+00:00
[2026-09-25T16:26:40.157+0000] {processor.py:208} INFO - Processing /home/airflow/.local/lib/python3.12/site-packages/airflow/example_dags/example_bash_operator.py took 0.348 seconds
[2026-09-25T16:27:18.144+0000] {processor.py:186} INFO - Started process (PID=917) to work on /home/airflow/.local/lib/python3.12/site-packages/airflow/example_dags/example_bash_operator.py
[2026-09-25T16:27:18.147+0000] {processor.py:914} INFO - Processing file /home/airflow/.local/lib/python3.12/site-packages/airflow/example_dags/example_bash_operator.py for tasks to queue
[2026-09-25T16:27:18.155+0000] {logging_mixin.py:190} INFO - [2026-09-25T16:27:18.155+0000] {dagbag.py:588} INFO - Filling up the DagBag from /home/airflow/.local/lib/python3.12/site-packages/airflow/example_dags/example_bash_operator.py
[2026-09-25T16:27:18.238+0000] {processor.py:925} INFO - DAG(s) 'example_bash_operator' retrieved from /home/airflow/.local/lib/python3.12/site-packages/airflow/example_dags/example_bash_operator.py
[2026-09-25T16:27:18.410+0000] {logging_mixin.py:190} INFO - [2026-09-25T16:27:18.409+0000] {dag.py:3239} INFO - Sync 1 DAGs
[2026-09-25T16:27:18.561+0000] {logging_mixin.py:190} INFO - [2026-09-25T16:27:18.560+0000] {dag.py:4180} INFO - Setting next_dagrun for example_bash_operator to 2026-09-24 00:00:00+00:00, run_after=2026-09-25 00:00:00+00:00
[2026-09-25T16:27:18.622+0000] {processor.py:208} INFO - Processing /home/airflow/.local/lib/python3.12/site-packages/airflow/example_dags/example_bash_operator.py took 0.503 seconds
[2026-09-25T16:28:06.967+0000] {processor.py:186} INFO - Started process (PID=972) to work on /home/airflow/.local/lib/python3.12/site-packages/airflow/example_dags/example_bash_operator.py
[2026-09-25T16:28:06.970+0000] {processor.py:914} INFO - Processing file /home/airflow/.local/lib/python3.12/site-packages/airflow/example_dags/example_bash_operator.py for tasks to queue
[2026-09-25T16:28:06.988+0000] {logging_mixin.py:190} INFO - [2026-09-25T16:28:06.987+0000] {dagbag.py:588} INFO - Filling up the DagBag from /home/airflow/.local/lib/python3.12/site-packages/airflow/example_dags/example_bash_operator.py
[2026-09-25T16:28:07.123+0000] {processor.py:925} INFO - DAG(s) 'example_bash_operator' retrieved from /home/airflow/.local/lib/python3.12/site-packages/airflow/example_dags/example_bash_operator.py
[2026-09-25T16:28:07.740+0000] {logging_mixin.py:190} INFO - [2026-09-25T16:28:07.739+0000] {dag.py:3239} INFO - Sync 1 DAGs
[2026-09-25T16:28:08.444+0000] {logging_mixin.py:190} INFO - [2026-09-25T16:28:08.442+0000] {dag.py:4180} INFO - Setting next_dagrun for example_bash_operator to 2026-09-24 00:00:00+00:00, run_after=2026-09-25 00:00:00+00:00
[2026-09-25T16:28:09.184+0000] {processor.py:208} INFO - Processing /home/airflow/.local/lib/python3.12/site-packages/airflow/example_dags/example_bash_operator.py took 2.263 seconds
[2026-09-25T16:28:58.900+0000] {processor.py:186} INFO - Started process (PID=1044) to work on /home/airflow/.local/lib/python3.12/site-packages/airflow/example_dags/example_bash_operator.py
[2026-09-25T16:28:58.908+0000] {processor.py:914} INFO - Processing file /home/airflow/.local/lib/python3.12/site-packages/airflow/example_dags/example_bash_operator.py for tasks to queue
[2026-09-25T16:28:58.919+0000] {logging_mixin.py:190} INFO - [2026-09-25T16:28:58.916+0000] {dagbag.py:588} INFO - Filling up the DagBag from /home/airflow/.local/lib/python3.12/site-packages/airflow/example_dags/example_bash_operator.py
[2026-09-25T16:28:58.998+0000] {processor.py:925} INFO - DAG(s) 'example_bash_operator' retrieved from /home/airflow/.local/lib/python3.12/site-packages/airflow/example_dags/example_bash_operator.py
[2026-09-25T16:28:59.242+0000] {logging_mixin.py:190} INFO - [2026-09-25T16:28:59.237+0000] {dag.py:3239} INFO - Sync 1 DAGs
[2026-09-25T16:28:59.732+0000] {logging_mixin.py:190} INFO - [2026-09-25T16:28:59.731+0000] {dag.py:4180} INFO - Setting next_dagrun for example_bash_operator to 2026-09-24 00:00:00+00:00, run_after=2026-09-25 00:00:00+00:00
[2026-09-25T16:28:59.840+0000] {processor.py:208} INFO - Processing /home/airflow/.local/lib/python3.12/site-packages/airflow/example_dags/example_bash_operator.py took 0.979 seconds
[2026-09-25T16:43:17.070+0000] {processor.py:186} INFO - Started process (PID=70) to work on /home/airflow/.local/lib/python3.12/site-packages/airflow/example_dags/example_bash_operator.py
[2026-09-25T16:43:17.097+0000] {processor.py:914} INFO - Processing file /home/airflow/.local/lib/python3.12/site-packages/airflow/example_dags/example_bash_operator.py for tasks to queue
[2026-09-25T16:43:17.154+0000] {logging_mixin.py:190} INFO - [2026-09-25T16:43:17.152+0000] {dagbag.py:588} INFO - Filling up the DagBag from /home/airflow/.local/lib/python3.12/site-packages/airflow/example_dags/example_bash_operator.py
[2026-09-25T16:43:17.648+0000] {processor.py:925} INFO - DAG(s) 'example_bash_operator' retrieved from /home/airflow/.local/lib/python3.12/site-packages/airflow/example_dags/example_bash_operator.py
[2026-09-25T16:43:18.291+0000] {logging_mixin.py:190} INFO - [2026-09-25T16:43:18.290+0000] {dag.py:3239} INFO - Sync 1 DAGs
[2026-09-25T16:43:18.800+0000] {logging_mixin.py:190} INFO - [2026-09-25T16:43:18.798+0000] {dag.py:4180} INFO - Setting next_dagrun for example_bash_operator to 2026-09-24 00:00:00+00:00, run_after=2026-09-25 00:00:00+00:00
[2026-09-25T16:43:18.992+0000] {processor.py:208} INFO - Processing /home/airflow/.local/lib/python3.12/site-packages/airflow/example_dags/example_bash_operator.py took 2.391 seconds
[2026-09-25T16:44:04.374+0000] {processor.py:186} INFO - Started process (PID=138) to work on /home/airflow/.local/lib/python3.12/site-packages/airflow/example_dags/example_bash_operator.py
[2026-09-25T16:44:04.377+0000] {processor.py:914} INFO - Processing file /home/airflow/.local/lib/python3.12/site-packages/airflow/example_dags/example_bash_operator.py for tasks to queue
[2026-09-25T16:44:04.383+0000] {logging_mixin.py:190} INFO - [2026-09-25T16:44:04.383+0000] {dagbag.py:588} INFO - Filling up the DagBag from /home/airflow/.local/lib/python3.12/site-packages/airflow/example_dags/example_bash_operator.py
[2026-09-25T16:44:04.575+0000] {processor.py:925} INFO - DAG(s) 'example_bash_operator' retrieved from /home/airflow/.local/lib/python3.12/site-packages/airflow/example_dags/example_bash_operator.py
[2026-09-25T16:44:04.823+0000] {logging_mixin.py:190} INFO - [2026-09-25T16:44:04.823+0000] {dag.py:3239} INFO - Sync 1 DAGs
[2026-09-25T16:44:05.082+0000] {logging_mixin.py:190} INFO - [2026-09-25T16:44:05.082+0000] {dag.py:4180} INFO - Setting next_dagrun for example_bash_operator to 2026-09-24 00:00:00+00:00, run_after=2026-09-25 00:00:00+00:00
[2026-09-25T16:44:05.145+0000] {processor.py:208} INFO - Processing /home/airflow/.local/lib/python3.12/site-packages/airflow/example_dags/example_bash_operator.py took 0.792 seconds
[2026-09-25T16:44:35.565+0000] {processor.py:186} INFO - Started process (PID=201) to work on /home/airflow/.local/lib/python3.12/site-packages/airflow/example_dags/example_bash_operator.py
[2026-09-25T16:44:35.568+0000] {processor.py:914} INFO - Processing file /home/airflow/.local/lib/python3.12/site-packages/airflow/example_dags/example_bash_operator.py for tasks to queue
[2026-09-25T16:44:35.580+0000] {logging_mixin.py:190} INFO - [2026-09-25T16:44:35.579+0000] {dagbag.py:588} INFO - Filling up the DagBag from /home/airflow/.local/lib/python3.12/site-packages/airflow/example_dags/example_bash_operator.py
[2026-09-25T16:44:35.617+0000] {processor.py:925} INFO - DAG(s) 'example_bash_operator' retrieved from /home/airflow/.local/lib/python3.12/site-packages/airflow/example_dags/example_bash_operator.py
[2026-09-25T16:44:35.783+0000] {logging_mixin.py:190} INFO - [2026-09-25T16:44:35.782+0000] {dag.py:3239} INFO - Sync 1 DAGs
[2026-09-25T16:44:35.904+0000] {logging_mixin.py:190} INFO - [2026-09-25T16:44:35.903+0000] {dag.py:4180} INFO - Setting next_dagrun for example_bash_operator to 2026-09-24 00:00:00+00:00, run_after=2026-09-25 00:00:00+00:00
[2026-09-25T16:44:35.964+0000] {processor.py:208} INFO - Processing /home/airflow/.local/lib/python3.12/site-packages/airflow/example_dags/example_bash_operator.py took 0.420 seconds
[2026-09-25T16:45:14.360+0000] {processor.py:186} INFO - Started process (PID=264) to work on /home/airflow/.local/lib/python3.12/site-packages/airflow/example_dags/example_bash_operator.py
[2026-09-25T16:45:14.365+0000] {processor.py:914} INFO - Processing file /home/airflow/.local/lib/python3.12/site-packages/airflow/example_dags/example_bash_operator.py for tasks to queue
[2026-09-25T16:45:14.371+0000] {logging_mixin.py:190} INFO - [2026-09-25T16:45:14.370+0000] {dagbag.py:588} INFO - Filling up the DagBag from /home/airflow/.local/lib/python3.12/site-packages/airflow/example_dags/example_bash_operator.py
[2026-09-25T16:45:14.408+0000] {processor.py:925} INFO - DAG(s) 'example_bash_operator' retrieved from /home/airflow/.local/lib/python3.12/site-packages/airflow/example_dags/example_bash_operator.py
[2026-09-25T16:45:14.694+0000] {logging_mixin.py:190} INFO - [2026-09-25T16:45:14.692+0000] {dag.py:3239} INFO - Sync 1 DAGs
[2026-09-25T16:45:14.833+0000] {logging_mixin.py:190} INFO - [2026-09-25T16:45:14.832+0000] {dag.py:4180} INFO - Setting next_dagrun for example_bash_operator to 2026-09-24 00:00:00+00:00, run_after=2026-09-25 00:00:00+00:00
[2026-09-25T16:45:14.952+0000] {processor.py:208} INFO - Processing /home/airflow/.local/lib/python3.12/site-packages/airflow/example_dags/example_bash_operator.py took 0.604 seconds
[2026-09-25T16:45:47.736+0000] {processor.py:186} INFO - Started process (PID=319) to work on /home/airflow/.local/lib/python3.12/site-packages/airflow/example_dags/example_bash_operator.py
[2026-09-25T16:45:47.738+0000] {processor.py:914} INFO - Processing file /home/airflow/.local/lib/python3.12/site-packages/airflow/example_dags/example_bash_operator.py for tasks to queue
[2026-09-25T16:45:47.744+0000] {logging_mixin.py:190} INFO - [2026-09-25T16:45:47.743+0000] {dagbag.py:588} INFO - Filling up the DagBag from /home/airflow/.local/lib/python3.12/site-packages/airflow/example_dags/example_bash_operator.py
[2026-09-25T16:45:47.785+0000] {processor.py:925} INFO - DAG(s) 'example_bash_operator' retrieved from /home/airflow/.local/lib/python3.12/site-packages/airflow/example_dags/example_bash_operator.py
[2026-09-25T16:45:47.873+0000] {logging_mixin.py:190} INFO - [2026-09-25T16:45:47.872+0000] {dag.py:3239} INFO - Sync 1 DAGs
[2026-09-25T16:45:47.947+0000] {logging_mixin.py:190} INFO - [2026-09-25T16:45:47.947+0000] {dag.py:4180} INFO - Setting next_dagrun for example_bash_operator to 2026-09-24 00:00:00+00:00, run_after=2026-09-25 00:00:00+00:00
[2026-09-25T16:45:47.999+0000] {processor.py:208} INFO - Processing /home/airflow/.local/lib/python3.12/site-packages/airflow/example_dags/example_bash_operator.py took 0.277 seconds
[2026-09-25T16:46:20.590+0000] {processor.py:186} INFO - Started process (PID=381) to work on /home/airflow/.local/lib/python3.12/site-packages/airflow/example_dags/example_bash_operator.py
[2026-09-25T16:46:20.593+0000] {processor.py:914} INFO - Processing file /home/airflow/.local/lib/python3.12/site-packages/airflow/example_dags/example_bash_operator.py for tasks to queue
[2026-09-25T16:46:20.601+0000] {logging_mixin.py:190} INFO - [2026-09-25T16:46:20.601+0000] {dagbag.py:588} INFO - Filling up the DagBag from /home/airflow/.local/lib/python3.12/site-packages/airflow/example_dags/example_bash_operator.py
[2026-09-25T16:46:20.634+0000] {processor.py:925} INFO - DAG(s) 'example_bash_operator' retrieved from /home/airflow/.local/lib/python3.12/site-packages/airflow/example_dags/example_bash_operator.py
[2026-09-25T16:46:20.702+0000] {logging_mixin.py:190} INFO - [2026-09-25T16:46:20.702+0000] {dag.py:3239} INFO - Sync 1 DAGs
[2026-09-25T16:46:20.757+0000] {logging_mixin.py:190} INFO - [2026-09-25T16:46:20.756+0000] {dag.py:4180} INFO - Setting next_dagrun for example_bash_operator to 2026-09-24 00:00:00+00:00, run_after=2026-09-25 00:00:00+00:00
[2026-09-25T16:46:20.808+0000] {processor.py:208} INFO - Processing /home/airflow/.local/lib/python3.12/site-packages/airflow/example_dags/example_bash_operator.py took 0.232 seconds
[2026-09-25T16:46:52.389+0000] {processor.py:186} INFO - Started process (PID=444) to work on /home/airflow/.local/lib/python3.12/site-packages/airflow/example_dags/example_bash_operator.py
[2026-09-25T16:46:52.391+0000] {processor.py:914} INFO - Processing file /home/airflow/.local/lib/python3.12/site-packages/airflow/example_dags/example_bash_operator.py for tasks to queue
[2026-09-25T16:46:52.398+0000] {logging_mixin.py:190} INFO - [2026-09-25T16:46:52.397+0000] {dagbag.py:588} INFO - Filling up the DagBag from /home/airflow/.local/lib/python3.12/site-packages/airflow/example_dags/example_bash_operator.py
[2026-09-25T16:46:52.446+0000] {processor.py:925} INFO - DAG(s) 'example_bash_operator' retrieved from /home/airflow/.local/lib/python3.12/site-packages/airflow/example_dags/example_bash_operator.py
[2026-09-25T16:46:52.565+0000] {logging_mixin.py:190} INFO - [2026-09-25T16:46:52.564+0000] {dag.py:3239} INFO - Sync 1 DAGs
[2026-09-25T16:46:52.657+0000] {logging_mixin.py:190} INFO - [2026-09-25T16:46:52.657+0000] {dag.py:4180} INFO - Setting next_dagrun for example_bash_operator to 2026-09-24 00:00:00+00:00, run_after=2026-09-25 00:00:00+00:00
[2026-09-25T16:46:52.712+0000] {processor.py:208} INFO - Processing /home/airflow/.local/lib/python3.12/site-packages/airflow/example_dags/example_bash_operator.py took 0.339 seconds
[2026-09-25T16:47:27.149+0000] {processor.py:186} INFO - Started process (PID=506) to work on /home/airflow/.local/lib/python3.12/site-packages/airflow/example_dags/example_bash_operator.py
[2026-09-25T16:47:27.155+0000] {processor.py:914} INFO - Processing file /home/airflow/.local/lib/python3.12/site-packages/airflow/example_dags/example_bash_operator.py for tasks to queue
[2026-09-25T16:47:27.164+0000] {logging_mixin.py:190} INFO - [2026-09-25T16:47:27.164+0000] {dagbag.py:588} INFO - Filling up the DagBag from /home/airflow/.local/lib/python3.12/site-packages/airflow/example_dags/example_bash_operator.py
[2026-09-25T16:47:27.205+0000] {processor.py:925} INFO - DAG(s) 'example_bash_operator' retrieved from /home/airflow/.local/lib/python3.12/site-packages/airflow/example_dags/example_bash_operator.py
[2026-09-25T16:47:27.369+0000] {logging_mixin.py:190} INFO - [2026-09-25T16:47:27.368+0000] {dag.py:3239} INFO - Sync 1 DAGs
[2026-09-25T16:47:27.483+0000] {logging_mixin.py:190} INFO - [2026-09-25T16:47:27.482+0000] {dag.py:4180} INFO - Setting next_dagrun for example_bash_operator to 2026-09-24 00:00:00+00:00, run_after=2026-09-25 00:00:00+00:00
[2026-09-25T16:47:27.596+0000] {processor.py:208} INFO - Processing /home/airflow/.local/lib/python3.12/site-packages/airflow/example_dags/example_bash_operator.py took 0.464 seconds
[2026-09-25T16:48:10.138+0000] {processor.py:186} INFO - Started process (PID=572) to work on /home/airflow/.local/lib/python3.12/site-packages/airflow/example_dags/example_bash_operator.py
[2026-09-25T16:48:10.140+0000] {processor.py:914} INFO - Processing file /home/airflow/.local/lib/python3.12/site-packages/airflow/example_dags/example_bash_operator.py for tasks to queue
[2026-09-25T16:48:10.144+0000] {logging_mixin.py:190} INFO - [2026-09-25T16:48:10.143+0000] {dagbag.py:588} INFO - Filling up the DagBag from /home/airflow/.local/lib/python3.12/site-packages/airflow/example_dags/example_bash_operator.py
[2026-09-25T16:48:10.174+0000] {processor.py:925} INFO - DAG(s) 'example_bash_operator' retrieved from /home/airflow/.local/lib/python3.12/site-packages/airflow/example_dags/example_bash_operator.py
[2026-09-25T16:48:11.048+0000] {logging_mixin.py:190} INFO - [2026-09-25T16:48:11.047+0000] {dag.py:3239} INFO - Sync 1 DAGs
[2026-09-25T16:48:11.146+0000] {logging_mixin.py:190} INFO - [2026-09-25T16:48:11.145+0000] {dag.py:4180} INFO - Setting next_dagrun for example_bash_operator to 2026-09-24 00:00:00+00:00, run_after=2026-09-25 00:00:00+00:00
[2026-09-25T16:48:11.231+0000] {processor.py:208} INFO - Processing /home/airflow/.local/lib/python3.12/site-packages/airflow/example_dags/example_bash_operator.py took 1.107 seconds
[2026-09-25T16:48:42.797+0000] {processor.py:186} INFO - Started process (PID=635) to work on /home/airflow/.local/lib/python3.12/site-packages/airflow/example_dags/example_bash_operator.py
[2026-09-25T16:48:42.804+0000] {processor.py:914} INFO - Processing file /home/airflow/.local/lib/python3.12/site-packages/airflow/example_dags/example_bash_operator.py for tasks to queue
[2026-09-25T16:48:42.856+0000] {logging_mixin.py:190} INFO - [2026-09-25T16:48:42.855+0000] {dagbag.py:588} INFO - Filling up the DagBag from /home/airflow/.local/lib/python3.12/site-packages/airflow/example_dags/example_bash_operator.py
[2026-09-25T16:48:42.921+0000] {processor.py:925} INFO - DAG(s) 'example_bash_operator' retrieved from /home/airflow/.local/lib/python3.12/site-packages/airflow/example_dags/example_bash_operator.py
[2026-09-25T16:48:42.980+0000] {logging_mixin.py:190} INFO - [2026-09-25T16:48:42.979+0000] {dag.py:3239} INFO - Sync 1 DAGs
[2026-09-25T16:48:43.126+0000] {logging_mixin.py:190} INFO - [2026-09-25T16:48:43.125+0000] {dag.py:4180} INFO - Setting next_dagrun for example_bash_operator to 2026-09-24 00:00:00+00:00, run_after=2026-09-25 00:00:00+00:00
[2026-09-25T16:48:43.220+0000] {processor.py:208} INFO - Processing /home/airflow/.local/lib/python3.12/site-packages/airflow/example_dags/example_bash_operator.py took 0.440 seconds
[2026-09-25T16:49:13.751+0000] {processor.py:186} INFO - Started process (PID=698) to work on /home/airflow/.local/lib/python3.12/site-packages/airflow/example_dags/example_bash_operator.py
[2026-09-25T16:49:13.756+0000] {processor.py:914} INFO - Processing file /home/airflow/.local/lib/python3.12/site-packages/airflow/example_dags/example_bash_operator.py for tasks to queue
[2026-09-25T16:49:13.765+0000] {logging_mixin.py:190} INFO - [2026-09-25T16:49:13.764+0000] {dagbag.py:588} INFO - Filling up the DagBag from /home/airflow/.local/lib/python3.12/site-packages/airflow/example_dags/example_bash_operator.py
[2026-09-25T16:49:13.797+0000] {processor.py:925} INFO - DAG(s) 'example_bash_operator' retrieved from /home/airflow/.local/lib/python3.12/site-packages/airflow/example_dags/example_bash_operator.py
[2026-09-25T16:49:13.895+0000] {logging_mixin.py:190} INFO - [2026-09-25T16:49:13.894+0000] {dag.py:3239} INFO - Sync 1 DAGs
[2026-09-25T16:49:13.962+0000] {logging_mixin.py:190} INFO - [2026-09-25T16:49:13.961+0000] {dag.py:4180} INFO - Setting next_dagrun for example_bash_operator to 2026-09-24 00:00:00+00:00, run_after=2026-09-25 00:00:00+00:00
[2026-09-25T16:49:14.023+0000] {processor.py:208} INFO - Processing /home/airflow/.local/lib/python3.12/site-packages/airflow/example_dags/example_bash_operator.py took 0.287 seconds
[2026-09-25T16:56:03.284+0000] {processor.py:186} INFO - Started process (PID=76) to work on /home/airflow/.local/lib/python3.12/site-packages/airflow/example_dags/example_bash_operator.py
[2026-09-25T16:56:03.311+0000] {processor.py:914} INFO - Processing file /home/airflow/.local/lib/python3.12/site-packages/airflow/example_dags/example_bash_operator.py for tasks to queue
[2026-09-25T16:56:03.317+0000] {logging_mixin.py:190} INFO - [2026-09-25T16:56:03.316+0000] {dagbag.py:588} INFO - Filling up the DagBag from /home/airflow/.local/lib/python3.12/site-packages/airflow/example_dags/example_bash_operator.py
[2026-09-25T16:56:03.647+0000] {processor.py:925} INFO - DAG(s) 'example_bash_operator' retrieved from /home/airflow/.local/lib/python3.12/site-packages/airflow/example_dags/example_bash_operator.py
[2026-09-25T16:56:08.423+0000] {logging_mixin.py:190} INFO - [2026-09-25T16:56:08.272+0000] {dag.py:3239} INFO - Sync 1 DAGs
[2026-09-25T16:56:10.742+0000] {logging_mixin.py:190} INFO - [2026-09-25T16:56:10.742+0000] {dag.py:4180} INFO - Setting next_dagrun for example_bash_operator to 2026-09-24 00:00:00+00:00, run_after=2026-09-25 00:00:00+00:00
[2026-09-25T16:56:10.945+0000] {processor.py:208} INFO - Processing /home/airflow/.local/lib/python3.12/site-packages/airflow/example_dags/example_bash_operator.py took 8.357 seconds
[2026-09-25T16:58:28.706+0000] {processor.py:186} INFO - Started process (PID=161) to work on /home/airflow/.local/lib/python3.12/site-packages/airflow/example_dags/example_bash_operator.py
[2026-09-25T16:58:28.709+0000] {processor.py:914} INFO - Processing file /home/airflow/.local/lib/python3.12/site-packages/airflow/example_dags/example_bash_operator.py for tasks to queue
[2026-09-25T16:58:28.716+0000] {logging_mixin.py:190} INFO - [2026-09-25T16:58:28.715+0000] {dagbag.py:588} INFO - Filling up the DagBag from /home/airflow/.local/lib/python3.12/site-packages/airflow/example_dags/example_bash_operator.py
[2026-09-25T16:58:28.806+0000] {processor.py:925} INFO - DAG(s) 'example_bash_operator' retrieved from /home/airflow/.local/lib/python3.12/site-packages/airflow/example_dags/example_bash_operator.py
[2026-09-25T16:58:29.070+0000] {logging_mixin.py:190} INFO - [2026-09-25T16:58:29.069+0000] {dag.py:3239} INFO - Sync 1 DAGs
[2026-09-25T16:58:29.190+0000] {logging_mixin.py:190} INFO - [2026-09-25T16:58:29.189+0000] {dag.py:4180} INFO - Setting next_dagrun for example_bash_operator to 2026-09-24 00:00:00+00:00, run_after=2026-09-25 00:00:00+00:00
[2026-09-25T16:58:29.446+0000] {processor.py:208} INFO - Processing /home/airflow/.local/lib/python3.12/site-packages/airflow/example_dags/example_bash_operator.py took 0.755 seconds
[2026-09-25T16:59:00.354+0000] {processor.py:186} INFO - Started process (PID=224) to work on /home/airflow/.local/lib/python3.12/site-packages/airflow/example_dags/example_bash_operator.py
[2026-09-25T16:59:00.357+0000] {processor.py:914} INFO - Processing file /home/airflow/.local/lib/python3.12/site-packages/airflow/example_dags/example_bash_operator.py for tasks to queue
[2026-09-25T16:59:00.363+0000] {logging_mixin.py:190} INFO - [2026-09-25T16:59:00.363+0000] {dagbag.py:588} INFO - Filling up the DagBag from /home/airflow/.local/lib/python3.12/site-packages/airflow/example_dags/example_bash_operator.py
[2026-09-25T16:59:00.408+0000] {processor.py:925} INFO - DAG(s) 'example_bash_operator' retrieved from /home/airflow/.local/lib/python3.12/site-packages/airflow/example_dags/example_bash_operator.py
[2026-09-25T16:59:00.479+0000] {logging_mixin.py:190} INFO - [2026-09-25T16:59:00.478+0000] {dag.py:3239} INFO - Sync 1 DAGs
[2026-09-25T16:59:00.538+0000] {logging_mixin.py:190} INFO - [2026-09-25T16:59:00.537+0000] {dag.py:4180} INFO - Setting next_dagrun for example_bash_operator to 2026-09-24 00:00:00+00:00, run_after=2026-09-25 00:00:00+00:00
[2026-09-25T16:59:00.585+0000] {processor.py:208} INFO - Processing /home/airflow/.local/lib/python3.12/site-packages/airflow/example_dags/example_bash_operator.py took 0.246 seconds
[2026-09-25T16:59:43.680+0000] {processor.py:186} INFO - Started process (PID=287) to work on /home/airflow/.local/lib/python3.12/site-packages/airflow/example_dags/example_bash_operator.py
[2026-09-25T16:59:43.708+0000] {processor.py:914} INFO - Processing file /home/airflow/.local/lib/python3.12/site-packages/airflow/example_dags/example_bash_operator.py for tasks to queue
[2026-09-25T16:59:43.737+0000] {logging_mixin.py:190} INFO - [2026-09-25T16:59:43.737+0000] {dagbag.py:588} INFO - Filling up the DagBag from /home/airflow/.local/lib/python3.12/site-packages/airflow/example_dags/example_bash_operator.py
[2026-09-25T16:59:43.831+0000] {processor.py:925} INFO - DAG(s) 'example_bash_operator' retrieved from /home/airflow/.local/lib/python3.12/site-packages/airflow/example_dags/example_bash_operator.py
[2026-09-25T16:59:44.062+0000] {logging_mixin.py:190} INFO - [2026-09-25T16:59:44.061+0000] {dag.py:3239} INFO - Sync 1 DAGs
[2026-09-25T16:59:44.179+0000] {logging_mixin.py:190} INFO - [2026-09-25T16:59:44.179+0000] {dag.py:4180} INFO - Setting next_dagrun for example_bash_operator to 2026-09-24 00:00:00+00:00, run_after=2026-09-25 00:00:00+00:00
[2026-09-25T16:59:44.308+0000] {processor.py:208} INFO - Processing /home/airflow/.local/lib/python3.12/site-packages/airflow/example_dags/example_bash_operator.py took 0.707 seconds
[2026-09-25T17:00:17.495+0000] {processor.py:186} INFO - Started process (PID=350) to work on /home/airflow/.local/lib/python3.12/site-packages/airflow/example_dags/example_bash_operator.py
[2026-09-25T17:00:17.508+0000] {processor.py:914} INFO - Processing file /home/airflow/.local/lib/python3.12/site-packages/airflow/example_dags/example_bash_operator.py for tasks to queue
[2026-09-25T17:00:17.517+0000] {logging_mixin.py:190} INFO - [2026-09-25T17:00:17.515+0000] {dagbag.py:588} INFO - Filling up the DagBag from /home/airflow/.local/lib/python3.12/site-packages/airflow/example_dags/example_bash_operator.py
[2026-09-25T17:00:17.584+0000] {processor.py:925} INFO - DAG(s) 'example_bash_operator' retrieved from /home/airflow/.local/lib/python3.12/site-packages/airflow/example_dags/example_bash_operator.py
[2026-09-25T17:00:18.118+0000] {logging_mixin.py:190} INFO - [2026-09-25T17:00:18.117+0000] {dag.py:3239} INFO - Sync 1 DAGs
[2026-09-25T17:00:18.255+0000] {logging_mixin.py:190} INFO - [2026-09-25T17:00:18.254+0000] {dag.py:4180} INFO - Setting next_dagrun for example_bash_operator to 2026-09-24 00:00:00+00:00, run_after=2026-09-25 00:00:00+00:00
[2026-09-25T17:00:18.367+0000] {processor.py:208} INFO - Processing /home/airflow/.local/lib/python3.12/site-packages/airflow/example_dags/example_bash_operator.py took 0.906 seconds
[2026-09-25T17:00:48.784+0000] {processor.py:186} INFO - Started process (PID=413) to work on /home/airflow/.local/lib/python3.12/site-packages/airflow/example_dags/example_bash_operator.py
[2026-09-25T17:00:48.788+0000] {processor.py:914} INFO - Processing file /home/airflow/.local/lib/python3.12/site-packages/airflow/example_dags/example_bash_operator.py for tasks to queue
[2026-09-25T17:00:48.822+0000] {logging_mixin.py:190} INFO - [2026-09-25T17:00:48.820+0000] {dagbag.py:588} INFO - Filling up the DagBag from /home/airflow/.local/lib/python3.12/site-packages/airflow/example_dags/example_bash_operator.py
[2026-09-25T17:00:48.929+0000] {processor.py:925} INFO - DAG(s) 'example_bash_operator' retrieved from /home/airflow/.local/lib/python3.12/site-packages/airflow/example_dags/example_bash_operator.py
[2026-09-25T17:00:49.379+0000] {logging_mixin.py:190} INFO - [2026-09-25T17:00:49.378+0000] {dag.py:3239} INFO - Sync 1 DAGs
[2026-09-25T17:00:49.493+0000] {logging_mixin.py:190} INFO - [2026-09-25T17:00:49.493+0000] {dag.py:4180} INFO - Setting next_dagrun for example_bash_operator to 2026-09-24 00:00:00+00:00, run_after=2026-09-25 00:00:00+00:00
[2026-09-25T17:00:49.669+0000] {processor.py:208} INFO - Processing /home/airflow/.local/lib/python3.12/site-packages/airflow/example_dags/example_bash_operator.py took 0.935 seconds
[2026-09-25T17:01:20.353+0000] {processor.py:186} INFO - Started process (PID=474) to work on /home/airflow/.local/lib/python3.12/site-packages/airflow/example_dags/example_bash_operator.py
[2026-09-25T17:01:20.357+0000] {processor.py:914} INFO - Processing file /home/airflow/.local/lib/python3.12/site-packages/airflow/example_dags/example_bash_operator.py for tasks to queue
[2026-09-25T17:01:20.384+0000] {logging_mixin.py:190} INFO - [2026-09-25T17:01:20.382+0000] {dagbag.py:588} INFO - Filling up the DagBag from /home/airflow/.local/lib/python3.12/site-packages/airflow/example_dags/example_bash_operator.py
[2026-09-25T17:01:20.504+0000] {processor.py:925} INFO - DAG(s) 'example_bash_operator' retrieved from /home/airflow/.local/lib/python3.12/site-packages/airflow/example_dags/example_bash_operator.py
[2026-09-25T17:01:20.610+0000] {logging_mixin.py:190} INFO - [2026-09-25T17:01:20.610+0000] {dag.py:3239} INFO - Sync 1 DAGs
[2026-09-25T17:01:20.735+0000] {logging_mixin.py:190} INFO - [2026-09-25T17:01:20.734+0000] {dag.py:4180} INFO - Setting next_dagrun for example_bash_operator to 2026-09-24 00:00:00+00:00, run_after=2026-09-25 00:00:00+00:00
[2026-09-25T17:01:20.831+0000] {processor.py:208} INFO - Processing /home/airflow/.local/lib/python3.12/site-packages/airflow/example_dags/example_bash_operator.py took 0.516 seconds
[2026-09-25T17:01:51.575+0000] {processor.py:186} INFO - Started process (PID=537) to work on /home/airflow/.local/lib/python3.12/site-packages/airflow/example_dags/example_bash_operator.py
[2026-09-25T17:01:51.578+0000] {processor.py:914} INFO - Processing file /home/airflow/.local/lib/python3.12/site-packages/airflow/example_dags/example_bash_operator.py for tasks to queue
[2026-09-25T17:01:51.582+0000] {logging_mixin.py:190} INFO - [2026-09-25T17:01:51.582+0000] {dagbag.py:588} INFO - Filling up the DagBag from /home/airflow/.local/lib/python3.12/site-packages/airflow/example_dags/example_bash_operator.py
[2026-09-25T17:01:51.606+0000] {processor.py:925} INFO - DAG(s) 'example_bash_operator' retrieved from /home/airflow/.local/lib/python3.12/site-packages/airflow/example_dags/example_bash_operator.py
[2026-09-25T17:01:51.672+0000] {logging_mixin.py:190} INFO - [2026-09-25T17:01:51.671+0000] {dag.py:3239} INFO - Sync 1 DAGs
[2026-09-25T17:01:51.713+0000] {logging_mixin.py:190} INFO - [2026-09-25T17:01:51.713+0000] {dag.py:4180} INFO - Setting next_dagrun for example_bash_operator to 2026-09-24 00:00:00+00:00, run_after=2026-09-25 00:00:00+00:00
[2026-09-25T17:01:51.743+0000] {processor.py:208} INFO - Processing /home/airflow/.local/lib/python3.12/site-packages/airflow/example_dags/example_bash_operator.py took 0.178 seconds
[2026-09-25T17:02:35.277+0000] {processor.py:186} INFO - Started process (PID=608) to work on /home/airflow/.local/lib/python3.12/site-packages/airflow/example_dags/example_bash_operator.py
[2026-09-25T17:02:35.280+0000] {processor.py:914} INFO - Processing file /home/airflow/.local/lib/python3.12/site-packages/airflow/example_dags/example_bash_operator.py for tasks to queue
[2026-09-25T17:02:35.315+0000] {logging_mixin.py:190} INFO - [2026-09-25T17:02:35.314+0000] {dagbag.py:588} INFO - Filling up the DagBag from /home/airflow/.local/lib/python3.12/site-packages/airflow/example_dags/example_bash_operator.py
[2026-09-25T17:02:35.385+0000] {processor.py:925} INFO - DAG(s) 'example_bash_operator' retrieved from /home/airflow/.local/lib/python3.12/site-packages/airflow/example_dags/example_bash_operator.py
[2026-09-25T17:02:35.450+0000] {logging_mixin.py:190} INFO - [2026-09-25T17:02:35.449+0000] {dag.py:3239} INFO - Sync 1 DAGs
[2026-09-25T17:02:35.524+0000] {logging_mixin.py:190} INFO - [2026-09-25T17:02:35.524+0000] {dag.py:4180} INFO - Setting next_dagrun for example_bash_operator to 2026-09-24 00:00:00+00:00, run_after=2026-09-25 00:00:00+00:00
[2026-09-25T17:02:35.625+0000] {processor.py:208} INFO - Processing /home/airflow/.local/lib/python3.12/site-packages/airflow/example_dags/example_bash_operator.py took 0.367 seconds
[2026-09-25T17:03:06.507+0000] {processor.py:186} INFO - Started process (PID=671) to work on /home/airflow/.local/lib/python3.12/site-packages/airflow/example_dags/example_bash_operator.py
[2026-09-25T17:03:06.510+0000] {processor.py:914} INFO - Processing file /home/airflow/.local/lib/python3.12/site-packages/airflow/example_dags/example_bash_operator.py for tasks to queue
[2026-09-25T17:03:06.515+0000] {logging_mixin.py:190} INFO - [2026-09-25T17:03:06.514+0000] {dagbag.py:588} INFO - Filling up the DagBag from /home/airflow/.local/lib/python3.12/site-packages/airflow/example_dags/example_bash_operator.py
[2026-09-25T17:03:06.551+0000] {processor.py:925} INFO - DAG(s) 'example_bash_operator' retrieved from /home/airflow/.local/lib/python3.12/site-packages/airflow/example_dags/example_bash_operator.py
[2026-09-25T17:03:06.629+0000] {logging_mixin.py:190} INFO - [2026-09-25T17:03:06.628+0000] {dag.py:3239} INFO - Sync 1 DAGs
[2026-09-25T17:03:06.683+0000] {logging_mixin.py:190} INFO - [2026-09-25T17:03:06.683+0000] {dag.py:4180} INFO - Setting next_dagrun for example_bash_operator to 2026-09-24 00:00:00+00:00, run_after=2026-09-25 00:00:00+00:00
[2026-09-25T17:03:06.720+0000] {processor.py:208} INFO - Processing /home/airflow/.local/lib/python3.12/site-packages/airflow/example_dags/example_bash_operator.py took 0.222 seconds
[2026-09-25T17:03:36.917+0000] {processor.py:186} INFO - Started process (PID=733) to work on /home/airflow/.local/lib/python3.12/site-packages/airflow/example_dags/example_bash_operator.py
[2026-09-25T17:03:36.920+0000] {processor.py:914} INFO - Processing file /home/airflow/.local/lib/python3.12/site-packages/airflow/example_dags/example_bash_operator.py for tasks to queue
[2026-09-25T17:03:36.924+0000] {logging_mixin.py:190} INFO - [2026-09-25T17:03:36.923+0000] {dagbag.py:588} INFO - Filling up the DagBag from /home/airflow/.local/lib/python3.12/site-packages/airflow/example_dags/example_bash_operator.py
[2026-09-25T17:03:36.953+0000] {processor.py:925} INFO - DAG(s) 'example_bash_operator' retrieved from /home/airflow/.local/lib/python3.12/site-packages/airflow/example_dags/example_bash_operator.py
[2026-09-25T17:03:37.068+0000] {logging_mixin.py:190} INFO - [2026-09-25T17:03:37.068+0000] {dag.py:3239} INFO - Sync 1 DAGs
[2026-09-25T17:03:37.135+0000] {logging_mixin.py:190} INFO - [2026-09-25T17:03:37.134+0000] {dag.py:4180} INFO - Setting next_dagrun for example_bash_operator to 2026-09-24 00:00:00+00:00, run_after=2026-09-25 00:00:00+00:00
[2026-09-25T17:03:37.172+0000] {processor.py:208} INFO - Processing /home/airflow/.local/lib/python3.12/site-packages/airflow/example_dags/example_bash_operator.py took 0.266 seconds
[2026-09-25T17:04:11.271+0000] {processor.py:186} INFO - Started process (PID=797) to work on /home/airflow/.local/lib/python3.12/site-packages/airflow/example_dags/example_bash_operator.py
[2026-09-25T17:04:11.274+0000] {processor.py:914} INFO - Processing file /home/airflow/.local/lib/python3.12/site-packages/airflow/example_dags/example_bash_operator.py for tasks to queue
[2026-09-25T17:04:11.279+0000] {logging_mixin.py:190} INFO - [2026-09-25T17:04:11.279+0000] {dagbag.py:588} INFO - Filling up the DagBag from /home/airflow/.local/lib/python3.12/site-packages/airflow/example_dags/example_bash_operator.py
[2026-09-25T17:04:11.312+0000] {processor.py:925} INFO - DAG(s) 'example_bash_operator' retrieved from /home/airflow/.local/lib/python3.12/site-packages/airflow/example_dags/example_bash_operator.py
[2026-09-25T17:04:11.377+0000] {logging_mixin.py:190} INFO - [2026-09-25T17:04:11.377+0000] {dag.py:3239} INFO - Sync 1 DAGs
[2026-09-25T17:04:11.436+0000] {logging_mixin.py:190} INFO - [2026-09-25T17:04:11.436+0000] {dag.py:4180} INFO - Setting next_dagrun for example_bash_operator to 2026-09-24 00:00:00+00:00, run_after=2026-09-25 00:00:00+00:00
[2026-09-25T17:04:11.480+0000] {processor.py:208} INFO - Processing /home/airflow/.local/lib/python3.12/site-packages/airflow/example_dags/example_bash_operator.py took 0.224 seconds
[2026-09-25T17:04:53.679+0000] {processor.py:186} INFO - Started process (PID=858) to work on /home/airflow/.local/lib/python3.12/site-packages/airflow/example_dags/example_bash_operator.py
[2026-09-25T17:04:53.682+0000] {processor.py:914} INFO - Processing file /home/airflow/.local/lib/python3.12/site-packages/airflow/example_dags/example_bash_operator.py for tasks to queue
[2026-09-25T17:04:53.687+0000] {logging_mixin.py:190} INFO - [2026-09-25T17:04:53.687+0000] {dagbag.py:588} INFO - Filling up the DagBag from /home/airflow/.local/lib/python3.12/site-packages/airflow/example_dags/example_bash_operator.py
[2026-09-25T17:04:53.729+0000] {processor.py:925} INFO - DAG(s) 'example_bash_operator' retrieved from /home/airflow/.local/lib/python3.12/site-packages/airflow/example_dags/example_bash_operator.py
[2026-09-25T17:04:53.822+0000] {logging_mixin.py:190} INFO - [2026-09-25T17:04:53.822+0000] {dag.py:3239} INFO - Sync 1 DAGs
[2026-09-25T17:04:53.899+0000] {logging_mixin.py:190} INFO - [2026-09-25T17:04:53.898+0000] {dag.py:4180} INFO - Setting next_dagrun for example_bash_operator to 2026-09-24 00:00:00+00:00, run_after=2026-09-25 00:00:00+00:00
[2026-09-25T17:04:53.939+0000] {processor.py:208} INFO - Processing /home/airflow/.local/lib/python3.12/site-packages/airflow/example_dags/example_bash_operator.py took 0.273 seconds
[2026-09-25T17:05:28.653+0000] {processor.py:186} INFO - Started process (PID=920) to work on /home/airflow/.local/lib/python3.12/site-packages/airflow/example_dags/example_bash_operator.py
[2026-09-25T17:05:28.663+0000] {processor.py:914} INFO - Processing file /home/airflow/.local/lib/python3.12/site-packages/airflow/example_dags/example_bash_operator.py for tasks to queue
[2026-09-25T17:05:28.676+0000] {logging_mixin.py:190} INFO - [2026-09-25T17:05:28.675+0000] {dagbag.py:588} INFO - Filling up the DagBag from /home/airflow/.local/lib/python3.12/site-packages/airflow/example_dags/example_bash_operator.py
[2026-09-25T17:05:28.720+0000] {processor.py:925} INFO - DAG(s) 'example_bash_operator' retrieved from /home/airflow/.local/lib/python3.12/site-packages/airflow/example_dags/example_bash_operator.py
[2026-09-25T17:05:28.805+0000] {logging_mixin.py:190} INFO - [2026-09-25T17:05:28.804+0000] {dag.py:3239} INFO - Sync 1 DAGs
[2026-09-25T17:05:28.869+0000] {logging_mixin.py:190} INFO - [2026-09-25T17:05:28.869+0000] {dag.py:4180} INFO - Setting next_dagrun for example_bash_operator to 2026-09-24 00:00:00+00:00, run_after=2026-09-25 00:00:00+00:00
[2026-09-25T17:05:28.914+0000] {processor.py:208} INFO - Processing /home/airflow/.local/lib/python3.12/site-packages/airflow/example_dags/example_bash_operator.py took 0.281 seconds
[2026-09-25T17:06:02.333+0000] {processor.py:186} INFO - Started process (PID=983) to work on /home/airflow/.local/lib/python3.12/site-packages/airflow/example_dags/example_bash_operator.py
[2026-09-25T17:06:02.336+0000] {processor.py:914} INFO - Processing file /home/airflow/.local/lib/python3.12/site-packages/airflow/example_dags/example_bash_operator.py for tasks to queue
[2026-09-25T17:06:02.342+0000] {logging_mixin.py:190} INFO - [2026-09-25T17:06:02.341+0000] {dagbag.py:588} INFO - Filling up the DagBag from /home/airflow/.local/lib/python3.12/site-packages/airflow/example_dags/example_bash_operator.py
[2026-09-25T17:06:02.378+0000] {processor.py:925} INFO - DAG(s) 'example_bash_operator' retrieved from /home/airflow/.local/lib/python3.12/site-packages/airflow/example_dags/example_bash_operator.py
[2026-09-25T17:06:02.464+0000] {logging_mixin.py:190} INFO - [2026-09-25T17:06:02.464+0000] {dag.py:3239} INFO - Sync 1 DAGs
[2026-09-25T17:06:02.535+0000] {logging_mixin.py:190} INFO - [2026-09-25T17:06:02.535+0000] {dag.py:4180} INFO - Setting next_dagrun for example_bash_operator to 2026-09-24 00:00:00+00:00, run_after=2026-09-25 00:00:00+00:00
[2026-09-25T17:06:02.577+0000] {processor.py:208} INFO - Processing /home/airflow/.local/lib/python3.12/site-packages/airflow/example_dags/example_bash_operator.py took 0.260 seconds
[2026-09-25T17:06:34.288+0000] {processor.py:186} INFO - Started process (PID=1046) to work on /home/airflow/.local/lib/python3.12/site-packages/airflow/example_dags/example_bash_operator.py
[2026-09-25T17:06:34.291+0000] {processor.py:914} INFO - Processing file /home/airflow/.local/lib/python3.12/site-packages/airflow/example_dags/example_bash_operator.py for tasks to queue
[2026-09-25T17:06:34.296+0000] {logging_mixin.py:190} INFO - [2026-09-25T17:06:34.295+0000] {dagbag.py:588} INFO - Filling up the DagBag from /home/airflow/.local/lib/python3.12/site-packages/airflow/example_dags/example_bash_operator.py
[2026-09-25T17:06:34.321+0000] {processor.py:925} INFO - DAG(s) 'example_bash_operator' retrieved from /home/airflow/.local/lib/python3.12/site-packages/airflow/example_dags/example_bash_operator.py
[2026-09-25T17:06:34.380+0000] {logging_mixin.py:190} INFO - [2026-09-25T17:06:34.379+0000] {dag.py:3239} INFO - Sync 1 DAGs
[2026-09-25T17:06:34.434+0000] {logging_mixin.py:190} INFO - [2026-09-25T17:06:34.434+0000] {dag.py:4180} INFO - Setting next_dagrun for example_bash_operator to 2026-09-24 00:00:00+00:00, run_after=2026-09-25 00:00:00+00:00
[2026-09-25T17:06:34.468+0000] {processor.py:208} INFO - Processing /home/airflow/.local/lib/python3.12/site-packages/airflow/example_dags/example_bash_operator.py took 0.191 seconds
[2026-09-25T17:07:10.500+0000] {processor.py:186} INFO - Started process (PID=1118) to work on /home/airflow/.local/lib/python3.12/site-packages/airflow/example_dags/example_bash_operator.py
[2026-09-25T17:07:10.512+0000] {processor.py:914} INFO - Processing file /home/airflow/.local/lib/python3.12/site-packages/airflow/example_dags/example_bash_operator.py for tasks to queue
[2026-09-25T17:07:10.517+0000] {logging_mixin.py:190} INFO - [2026-09-25T17:07:10.516+0000] {dagbag.py:588} INFO - Filling up the DagBag from /home/airflow/.local/lib/python3.12/site-packages/airflow/example_dags/example_bash_operator.py
[2026-09-25T17:07:10.548+0000] {processor.py:925} INFO - DAG(s) 'example_bash_operator' retrieved from /home/airflow/.local/lib/python3.12/site-packages/airflow/example_dags/example_bash_operator.py
[2026-09-25T17:07:10.621+0000] {logging_mixin.py:190} INFO - [2026-09-25T17:07:10.621+0000] {dag.py:3239} INFO - Sync 1 DAGs
[2026-09-25T17:07:10.676+0000] {logging_mixin.py:190} INFO - [2026-09-25T17:07:10.676+0000] {dag.py:4180} INFO - Setting next_dagrun for example_bash_operator to 2026-09-24 00:00:00+00:00, run_after=2026-09-25 00:00:00+00:00
[2026-09-25T17:07:10.718+0000] {processor.py:208} INFO - Processing /home/airflow/.local/lib/python3.12/site-packages/airflow/example_dags/example_bash_operator.py took 0.233 seconds
[2026-09-25T17:07:44.748+0000] {processor.py:186} INFO - Started process (PID=1181) to work on /home/airflow/.local/lib/python3.12/site-packages/airflow/example_dags/example_bash_operator.py
[2026-09-25T17:07:44.753+0000] {processor.py:914} INFO - Processing file /home/airflow/.local/lib/python3.12/site-packages/airflow/example_dags/example_bash_operator.py for tasks to queue
[2026-09-25T17:07:44.760+0000] {logging_mixin.py:190} INFO - [2026-09-25T17:07:44.759+0000] {dagbag.py:588} INFO - Filling up the DagBag from /home/airflow/.local/lib/python3.12/site-packages/airflow/example_dags/example_bash_operator.py
[2026-09-25T17:07:44.799+0000] {processor.py:925} INFO - DAG(s) 'example_bash_operator' retrieved from /home/airflow/.local/lib/python3.12/site-packages/airflow/example_dags/example_bash_operator.py
[2026-09-25T17:07:44.874+0000] {logging_mixin.py:190} INFO - [2026-09-25T17:07:44.873+0000] {dag.py:3239} INFO - Sync 1 DAGs
[2026-09-25T17:07:44.999+0000] {logging_mixin.py:190} INFO - [2026-09-25T17:07:44.998+0000] {dag.py:4180} INFO - Setting next_dagrun for example_bash_operator to 2026-09-24 00:00:00+00:00, run_after=2026-09-25 00:00:00+00:00
[2026-09-25T17:07:45.193+0000] {processor.py:208} INFO - Processing /home/airflow/.local/lib/python3.12/site-packages/airflow/example_dags/example_bash_operator.py took 0.461 seconds
[2026-09-25T17:08:16.593+0000] {processor.py:186} INFO - Started process (PID=1244) to work on /home/airflow/.local/lib/python3.12/site-packages/airflow/example_dags/example_bash_operator.py
[2026-09-25T17:08:16.597+0000] {processor.py:914} INFO - Processing file /home/airflow/.local/lib/python3.12/site-packages/airflow/example_dags/example_bash_operator.py for tasks to queue
[2026-09-25T17:08:16.604+0000] {logging_mixin.py:190} INFO - [2026-09-25T17:08:16.604+0000] {dagbag.py:588} INFO - Filling up the DagBag from /home/airflow/.local/lib/python3.12/site-packages/airflow/example_dags/example_bash_operator.py
[2026-09-25T17:08:16.629+0000] {processor.py:925} INFO - DAG(s) 'example_bash_operator' retrieved from /home/airflow/.local/lib/python3.12/site-packages/airflow/example_dags/example_bash_operator.py
[2026-09-25T17:08:16.681+0000] {logging_mixin.py:190} INFO - [2026-09-25T17:08:16.681+0000] {dag.py:3239} INFO - Sync 1 DAGs
[2026-09-25T17:08:16.728+0000] {logging_mixin.py:190} INFO - [2026-09-25T17:08:16.727+0000] {dag.py:4180} INFO - Setting next_dagrun for example_bash_operator to 2026-09-24 00:00:00+00:00, run_after=2026-09-25 00:00:00+00:00
[2026-09-25T17:08:16.771+0000] {processor.py:208} INFO - Processing /home/airflow/.local/lib/python3.12/site-packages/airflow/example_dags/example_bash_operator.py took 0.190 seconds
[2026-09-25T17:08:52.996+0000] {processor.py:186} INFO - Started process (PID=1308) to work on /home/airflow/.local/lib/python3.12/site-packages/airflow/example_dags/example_bash_operator.py
[2026-09-25T17:08:52.999+0000] {processor.py:914} INFO - Processing file /home/airflow/.local/lib/python3.12/site-packages/airflow/example_dags/example_bash_operator.py for tasks to queue
[2026-09-25T17:08:53.008+0000] {logging_mixin.py:190} INFO - [2026-09-25T17:08:53.006+0000] {dagbag.py:588} INFO - Filling up the DagBag from /home/airflow/.local/lib/python3.12/site-packages/airflow/example_dags/example_bash_operator.py
[2026-09-25T17:08:53.057+0000] {processor.py:925} INFO - DAG(s) 'example_bash_operator' retrieved from /home/airflow/.local/lib/python3.12/site-packages/airflow/example_dags/example_bash_operator.py
[2026-09-25T17:08:53.136+0000] {logging_mixin.py:190} INFO - [2026-09-25T17:08:53.135+0000] {dag.py:3239} INFO - Sync 1 DAGs
[2026-09-25T17:08:53.210+0000] {logging_mixin.py:190} INFO - [2026-09-25T17:08:53.210+0000] {dag.py:4180} INFO - Setting next_dagrun for example_bash_operator to 2026-09-24 00:00:00+00:00, run_after=2026-09-25 00:00:00+00:00
[2026-09-25T17:08:53.260+0000] {processor.py:208} INFO - Processing /home/airflow/.local/lib/python3.12/site-packages/airflow/example_dags/example_bash_operator.py took 0.282 seconds
[2026-09-25T17:09:34.472+0000] {processor.py:186} INFO - Started process (PID=1377) to work on /home/airflow/.local/lib/python3.12/site-packages/airflow/example_dags/example_bash_operator.py
[2026-09-25T17:09:34.476+0000] {processor.py:914} INFO - Processing file /home/airflow/.local/lib/python3.12/site-packages/airflow/example_dags/example_bash_operator.py for tasks to queue
[2026-09-25T17:09:34.491+0000] {logging_mixin.py:190} INFO - [2026-09-25T17:09:34.490+0000] {dagbag.py:588} INFO - Filling up the DagBag from /home/airflow/.local/lib/python3.12/site-packages/airflow/example_dags/example_bash_operator.py
[2026-09-25T17:09:34.588+0000] {processor.py:925} INFO - DAG(s) 'example_bash_operator' retrieved from /home/airflow/.local/lib/python3.12/site-packages/airflow/example_dags/example_bash_operator.py
[2026-09-25T17:09:34.858+0000] {logging_mixin.py:190} INFO - [2026-09-25T17:09:34.847+0000] {dag.py:3239} INFO - Sync 1 DAGs
[2026-09-25T17:09:35.212+0000] {logging_mixin.py:190} INFO - [2026-09-25T17:09:35.211+0000] {dag.py:4180} INFO - Setting next_dagrun for example_bash_operator to 2026-09-24 00:00:00+00:00, run_after=2026-09-25 00:00:00+00:00
[2026-09-25T17:09:35.373+0000] {processor.py:208} INFO - Processing /home/airflow/.local/lib/python3.12/site-packages/airflow/example_dags/example_bash_operator.py took 0.955 seconds
[2026-09-25T17:11:31.641+0000] {processor.py:186} INFO - Started process (PID=1462) to work on /home/airflow/.local/lib/python3.12/site-packages/airflow/example_dags/example_bash_operator.py
[2026-09-25T17:11:31.662+0000] {processor.py:914} INFO - Processing file /home/airflow/.local/lib/python3.12/site-packages/airflow/example_dags/example_bash_operator.py for tasks to queue
[2026-09-25T17:11:31.723+0000] {logging_mixin.py:190} INFO - [2026-09-25T17:11:31.722+0000] {dagbag.py:588} INFO - Filling up the DagBag from /home/airflow/.local/lib/python3.12/site-packages/airflow/example_dags/example_bash_operator.py
[2026-09-25T17:11:32.009+0000] {processor.py:925} INFO - DAG(s) 'example_bash_operator' retrieved from /home/airflow/.local/lib/python3.12/site-packages/airflow/example_dags/example_bash_operator.py
[2026-09-25T17:11:32.806+0000] {logging_mixin.py:190} INFO - [2026-09-25T17:11:32.806+0000] {dag.py:3239} INFO - Sync 1 DAGs
[2026-09-25T17:11:33.649+0000] {logging_mixin.py:190} INFO - [2026-09-25T17:11:33.648+0000] {dag.py:4180} INFO - Setting next_dagrun for example_bash_operator to 2026-09-24 00:00:00+00:00, run_after=2026-09-25 00:00:00+00:00
[2026-09-25T17:11:37.919+0000] {processor.py:208} INFO - Processing /home/airflow/.local/lib/python3.12/site-packages/airflow/example_dags/example_bash_operator.py took 6.452 seconds
[2026-09-25T17:13:10.823+0000] {processor.py:186} INFO - Started process (PID=1513) to work on /home/airflow/.local/lib/python3.12/site-packages/airflow/example_dags/example_bash_operator.py
[2026-09-25T17:13:10.833+0000] {processor.py:914} INFO - Processing file /home/airflow/.local/lib/python3.12/site-packages/airflow/example_dags/example_bash_operator.py for tasks to queue
[2026-09-25T17:13:10.853+0000] {logging_mixin.py:190} INFO - [2026-09-25T17:13:10.849+0000] {dagbag.py:588} INFO - Filling up the DagBag from /home/airflow/.local/lib/python3.12/site-packages/airflow/example_dags/example_bash_operator.py
[2026-09-25T17:13:10.919+0000] {processor.py:925} INFO - DAG(s) 'example_bash_operator' retrieved from /home/airflow/.local/lib/python3.12/site-packages/airflow/example_dags/example_bash_operator.py
[2026-09-25T17:13:11.158+0000] {logging_mixin.py:190} INFO - [2026-09-25T17:13:11.157+0000] {dag.py:3239} INFO - Sync 1 DAGs
[2026-09-25T17:13:11.269+0000] {logging_mixin.py:190} INFO - [2026-09-25T17:13:11.268+0000] {dag.py:4180} INFO - Setting next_dagrun for example_bash_operator to 2026-09-24 00:00:00+00:00, run_after=2026-09-25 00:00:00+00:00
[2026-09-25T17:13:11.369+0000] {processor.py:208} INFO - Processing /home/airflow/.local/lib/python3.12/site-packages/airflow/example_dags/example_bash_operator.py took 0.575 seconds
[2026-09-25T17:14:41.156+0000] {processor.py:186} INFO - Started process (PID=1570) to work on /home/airflow/.local/lib/python3.12/site-packages/airflow/example_dags/example_bash_operator.py
[2026-09-25T17:14:41.207+0000] {processor.py:914} INFO - Processing file /home/airflow/.local/lib/python3.12/site-packages/airflow/example_dags/example_bash_operator.py for tasks to queue
[2026-09-25T17:14:41.217+0000] {logging_mixin.py:190} INFO - [2026-09-25T17:14:41.216+0000] {dagbag.py:588} INFO - Filling up the DagBag from /home/airflow/.local/lib/python3.12/site-packages/airflow/example_dags/example_bash_operator.py
[2026-09-25T17:14:42.283+0000] {processor.py:925} INFO - DAG(s) 'example_bash_operator' retrieved from /home/airflow/.local/lib/python3.12/site-packages/airflow/example_dags/example_bash_operator.py
[2026-09-25T17:14:43.111+0000] {logging_mixin.py:190} INFO - [2026-09-25T17:14:43.111+0000] {dag.py:3239} INFO - Sync 1 DAGs
[2026-09-25T17:14:43.385+0000] {logging_mixin.py:190} INFO - [2026-09-25T17:14:43.385+0000] {dag.py:4180} INFO - Setting next_dagrun for example_bash_operator to 2026-09-24 00:00:00+00:00, run_after=2026-09-25 00:00:00+00:00
[2026-09-25T17:14:43.614+0000] {processor.py:208} INFO - Processing /home/airflow/.local/lib/python3.12/site-packages/airflow/example_dags/example_bash_operator.py took 2.513 seconds
[2026-09-25T17:15:22.194+0000] {processor.py:186} INFO - Started process (PID=1633) to work on /home/airflow/.local/lib/python3.12/site-packages/airflow/example_dags/example_bash_operator.py
[2026-09-25T17:15:22.198+0000] {processor.py:914} INFO - Processing file /home/airflow/.local/lib/python3.12/site-packages/airflow/example_dags/example_bash_operator.py for tasks to queue
[2026-09-25T17:15:22.204+0000] {logging_mixin.py:190} INFO - [2026-09-25T17:15:22.203+0000] {dagbag.py:588} INFO - Filling up the DagBag from /home/airflow/.local/lib/python3.12/site-packages/airflow/example_dags/example_bash_operator.py
[2026-09-25T17:15:22.257+0000] {processor.py:925} INFO - DAG(s) 'example_bash_operator' retrieved from /home/airflow/.local/lib/python3.12/site-packages/airflow/example_dags/example_bash_operator.py
[2026-09-25T17:15:22.328+0000] {logging_mixin.py:190} INFO - [2026-09-25T17:15:22.328+0000] {dag.py:3239} INFO - Sync 1 DAGs
[2026-09-25T17:15:22.683+0000] {logging_mixin.py:190} INFO - [2026-09-25T17:15:22.681+0000] {dag.py:4180} INFO - Setting next_dagrun for example_bash_operator to 2026-09-24 00:00:00+00:00, run_after=2026-09-25 00:00:00+00:00
[2026-09-25T17:15:23.208+0000] {processor.py:208} INFO - Processing /home/airflow/.local/lib/python3.12/site-packages/airflow/example_dags/example_bash_operator.py took 1.028 seconds
[2026-09-25T17:15:57.764+0000] {processor.py:186} INFO - Started process (PID=1699) to work on /home/airflow/.local/lib/python3.12/site-packages/airflow/example_dags/example_bash_operator.py
[2026-09-25T17:15:57.767+0000] {processor.py:914} INFO - Processing file /home/airflow/.local/lib/python3.12/site-packages/airflow/example_dags/example_bash_operator.py for tasks to queue
[2026-09-25T17:15:57.777+0000] {logging_mixin.py:190} INFO - [2026-09-25T17:15:57.776+0000] {dagbag.py:588} INFO - Filling up the DagBag from /home/airflow/.local/lib/python3.12/site-packages/airflow/example_dags/example_bash_operator.py
[2026-09-25T17:15:57.838+0000] {processor.py:925} INFO - DAG(s) 'example_bash_operator' retrieved from /home/airflow/.local/lib/python3.12/site-packages/airflow/example_dags/example_bash_operator.py
[2026-09-25T17:15:58.049+0000] {logging_mixin.py:190} INFO - [2026-09-25T17:15:58.048+0000] {dag.py:3239} INFO - Sync 1 DAGs
[2026-09-25T17:15:58.163+0000] {logging_mixin.py:190} INFO - [2026-09-25T17:15:58.162+0000] {dag.py:4180} INFO - Setting next_dagrun for example_bash_operator to 2026-09-24 00:00:00+00:00, run_after=2026-09-25 00:00:00+00:00
[2026-09-25T17:15:58.239+0000] {processor.py:208} INFO - Processing /home/airflow/.local/lib/python3.12/site-packages/airflow/example_dags/example_bash_operator.py took 0.498 seconds
[2026-09-25T17:16:45.357+0000] {processor.py:186} INFO - Started process (PID=1749) to work on /home/airflow/.local/lib/python3.12/site-packages/airflow/example_dags/example_bash_operator.py
[2026-09-25T17:16:45.362+0000] {processor.py:914} INFO - Processing file /home/airflow/.local/lib/python3.12/site-packages/airflow/example_dags/example_bash_operator.py for tasks to queue
[2026-09-25T17:16:45.370+0000] {logging_mixin.py:190} INFO - [2026-09-25T17:16:45.369+0000] {dagbag.py:588} INFO - Filling up the DagBag from /home/airflow/.local/lib/python3.12/site-packages/airflow/example_dags/example_bash_operator.py
[2026-09-25T17:16:45.433+0000] {processor.py:925} INFO - DAG(s) 'example_bash_operator' retrieved from /home/airflow/.local/lib/python3.12/site-packages/airflow/example_dags/example_bash_operator.py
[2026-09-25T17:16:45.565+0000] {logging_mixin.py:190} INFO - [2026-09-25T17:16:45.564+0000] {dag.py:3239} INFO - Sync 1 DAGs
[2026-09-25T17:16:45.675+0000] {logging_mixin.py:190} INFO - [2026-09-25T17:16:45.673+0000] {dag.py:4180} INFO - Setting next_dagrun for example_bash_operator to 2026-09-24 00:00:00+00:00, run_after=2026-09-25 00:00:00+00:00
[2026-09-25T17:16:45.831+0000] {processor.py:208} INFO - Processing /home/airflow/.local/lib/python3.12/site-packages/airflow/example_dags/example_bash_operator.py took 0.502 seconds
[2026-09-25T17:17:18.151+0000] {processor.py:186} INFO - Started process (PID=1811) to work on /home/airflow/.local/lib/python3.12/site-packages/airflow/example_dags/example_bash_operator.py
[2026-09-25T17:17:18.153+0000] {processor.py:914} INFO - Processing file /home/airflow/.local/lib/python3.12/site-packages/airflow/example_dags/example_bash_operator.py for tasks to queue
[2026-09-25T17:17:18.160+0000] {logging_mixin.py:190} INFO - [2026-09-25T17:17:18.159+0000] {dagbag.py:588} INFO - Filling up the DagBag from /home/airflow/.local/lib/python3.12/site-packages/airflow/example_dags/example_bash_operator.py
[2026-09-25T17:17:18.188+0000] {processor.py:925} INFO - DAG(s) 'example_bash_operator' retrieved from /home/airflow/.local/lib/python3.12/site-packages/airflow/example_dags/example_bash_operator.py
[2026-09-25T17:17:18.508+0000] {logging_mixin.py:190} INFO - [2026-09-25T17:17:18.508+0000] {dag.py:3239} INFO - Sync 1 DAGs
[2026-09-25T17:17:18.675+0000] {logging_mixin.py:190} INFO - [2026-09-25T17:17:18.675+0000] {dag.py:4180} INFO - Setting next_dagrun for example_bash_operator to 2026-09-24 00:00:00+00:00, run_after=2026-09-25 00:00:00+00:00
[2026-09-25T17:17:18.798+0000] {processor.py:208} INFO - Processing /home/airflow/.local/lib/python3.12/site-packages/airflow/example_dags/example_bash_operator.py took 0.677 seconds
[2026-09-25T17:17:53.902+0000] {processor.py:186} INFO - Started process (PID=1874) to work on /home/airflow/.local/lib/python3.12/site-packages/airflow/example_dags/example_bash_operator.py
[2026-09-25T17:17:53.904+0000] {processor.py:914} INFO - Processing file /home/airflow/.local/lib/python3.12/site-packages/airflow/example_dags/example_bash_operator.py for tasks to queue
[2026-09-25T17:17:53.912+0000] {logging_mixin.py:190} INFO - [2026-09-25T17:17:53.910+0000] {dagbag.py:588} INFO - Filling up the DagBag from /home/airflow/.local/lib/python3.12/site-packages/airflow/example_dags/example_bash_operator.py
[2026-09-25T17:17:53.964+0000] {processor.py:925} INFO - DAG(s) 'example_bash_operator' retrieved from /home/airflow/.local/lib/python3.12/site-packages/airflow/example_dags/example_bash_operator.py
[2026-09-25T17:17:54.069+0000] {logging_mixin.py:190} INFO - [2026-09-25T17:17:54.068+0000] {dag.py:3239} INFO - Sync 1 DAGs
[2026-09-25T17:17:54.147+0000] {logging_mixin.py:190} INFO - [2026-09-25T17:17:54.146+0000] {dag.py:4180} INFO - Setting next_dagrun for example_bash_operator to 2026-09-24 00:00:00+00:00, run_after=2026-09-25 00:00:00+00:00
[2026-09-25T17:17:54.196+0000] {processor.py:208} INFO - Processing /home/airflow/.local/lib/python3.12/site-packages/airflow/example_dags/example_bash_operator.py took 0.308 seconds
[2026-09-25T17:18:31.408+0000] {processor.py:186} INFO - Started process (PID=1946) to work on /home/airflow/.local/lib/python3.12/site-packages/airflow/example_dags/example_bash_operator.py
[2026-09-25T17:18:31.410+0000] {processor.py:914} INFO - Processing file /home/airflow/.local/lib/python3.12/site-packages/airflow/example_dags/example_bash_operator.py for tasks to queue
[2026-09-25T17:18:31.419+0000] {logging_mixin.py:190} INFO - [2026-09-25T17:18:31.418+0000] {dagbag.py:588} INFO - Filling up the DagBag from /home/airflow/.local/lib/python3.12/site-packages/airflow/example_dags/example_bash_operator.py
[2026-09-25T17:18:31.489+0000] {processor.py:925} INFO - DAG(s) 'example_bash_operator' retrieved from /home/airflow/.local/lib/python3.12/site-packages/airflow/example_dags/example_bash_operator.py
[2026-09-25T17:18:31.686+0000] {logging_mixin.py:190} INFO - [2026-09-25T17:18:31.685+0000] {dag.py:3239} INFO - Sync 1 DAGs
[2026-09-25T17:18:31.800+0000] {logging_mixin.py:190} INFO - [2026-09-25T17:18:31.799+0000] {dag.py:4180} INFO - Setting next_dagrun for example_bash_operator to 2026-09-24 00:00:00+00:00, run_after=2026-09-25 00:00:00+00:00
[2026-09-25T17:18:31.861+0000] {processor.py:208} INFO - Processing /home/airflow/.local/lib/python3.12/site-packages/airflow/example_dags/example_bash_operator.py took 0.467 seconds
[2026-09-25T17:19:04.752+0000] {processor.py:186} INFO - Started process (PID=2009) to work on /home/airflow/.local/lib/python3.12/site-packages/airflow/example_dags/example_bash_operator.py
[2026-09-25T17:19:04.755+0000] {processor.py:914} INFO - Processing file /home/airflow/.local/lib/python3.12/site-packages/airflow/example_dags/example_bash_operator.py for tasks to queue
[2026-09-25T17:19:04.761+0000] {logging_mixin.py:190} INFO - [2026-09-25T17:19:04.760+0000] {dagbag.py:588} INFO - Filling up the DagBag from /home/airflow/.local/lib/python3.12/site-packages/airflow/example_dags/example_bash_operator.py
[2026-09-25T17:19:04.799+0000] {processor.py:925} INFO - DAG(s) 'example_bash_operator' retrieved from /home/airflow/.local/lib/python3.12/site-packages/airflow/example_dags/example_bash_operator.py
[2026-09-25T17:19:04.879+0000] {logging_mixin.py:190} INFO - [2026-09-25T17:19:04.878+0000] {dag.py:3239} INFO - Sync 1 DAGs
[2026-09-25T17:19:04.952+0000] {logging_mixin.py:190} INFO - [2026-09-25T17:19:04.951+0000] {dag.py:4180} INFO - Setting next_dagrun for example_bash_operator to 2026-09-24 00:00:00+00:00, run_after=2026-09-25 00:00:00+00:00
[2026-09-25T17:19:05.183+0000] {processor.py:208} INFO - Processing /home/airflow/.local/lib/python3.12/site-packages/airflow/example_dags/example_bash_operator.py took 0.458 seconds
[2026-09-25T17:19:36.900+0000] {processor.py:186} INFO - Started process (PID=2071) to work on /home/airflow/.local/lib/python3.12/site-packages/airflow/example_dags/example_bash_operator.py
[2026-09-25T17:19:36.904+0000] {processor.py:914} INFO - Processing file /home/airflow/.local/lib/python3.12/site-packages/airflow/example_dags/example_bash_operator.py for tasks to queue
[2026-09-25T17:19:36.910+0000] {logging_mixin.py:190} INFO - [2026-09-25T17:19:36.909+0000] {dagbag.py:588} INFO - Filling up the DagBag from /home/airflow/.local/lib/python3.12/site-packages/airflow/example_dags/example_bash_operator.py
[2026-09-25T17:19:36.966+0000] {processor.py:925} INFO - DAG(s) 'example_bash_operator' retrieved from /home/airflow/.local/lib/python3.12/site-packages/airflow/example_dags/example_bash_operator.py
[2026-09-25T17:19:37.083+0000] {logging_mixin.py:190} INFO - [2026-09-25T17:19:37.082+0000] {dag.py:3239} INFO - Sync 1 DAGs
[2026-09-25T17:19:37.199+0000] {logging_mixin.py:190} INFO - [2026-09-25T17:19:37.199+0000] {dag.py:4180} INFO - Setting next_dagrun for example_bash_operator to 2026-09-24 00:00:00+00:00, run_after=2026-09-25 00:00:00+00:00
[2026-09-25T17:19:37.264+0000] {processor.py:208} INFO - Processing /home/airflow/.local/lib/python3.12/site-packages/airflow/example_dags/example_bash_operator.py took 0.382 seconds
[2026-09-25T17:20:07.995+0000] {processor.py:186} INFO - Started process (PID=2133) to work on /home/airflow/.local/lib/python3.12/site-packages/airflow/example_dags/example_bash_operator.py
[2026-09-25T17:20:07.998+0000] {processor.py:914} INFO - Processing file /home/airflow/.local/lib/python3.12/site-packages/airflow/example_dags/example_bash_operator.py for tasks to queue
[2026-09-25T17:20:08.011+0000] {logging_mixin.py:190} INFO - [2026-09-25T17:20:08.010+0000] {dagbag.py:588} INFO - Filling up the DagBag from /home/airflow/.local/lib/python3.12/site-packages/airflow/example_dags/example_bash_operator.py
[2026-09-25T17:20:08.069+0000] {processor.py:925} INFO - DAG(s) 'example_bash_operator' retrieved from /home/airflow/.local/lib/python3.12/site-packages/airflow/example_dags/example_bash_operator.py
[2026-09-25T17:20:08.178+0000] {logging_mixin.py:190} INFO - [2026-09-25T17:20:08.178+0000] {dag.py:3239} INFO - Sync 1 DAGs
[2026-09-25T17:20:08.269+0000] {logging_mixin.py:190} INFO - [2026-09-25T17:20:08.268+0000] {dag.py:4180} INFO - Setting next_dagrun for example_bash_operator to 2026-09-24 00:00:00+00:00, run_after=2026-09-25 00:00:00+00:00
[2026-09-25T17:20:08.357+0000] {processor.py:208} INFO - Processing /home/airflow/.local/lib/python3.12/site-packages/airflow/example_dags/example_bash_operator.py took 0.381 seconds
[2026-09-25T17:20:56.185+0000] {processor.py:186} INFO - Started process (PID=2195) to work on /home/airflow/.local/lib/python3.12/site-packages/airflow/example_dags/example_bash_operator.py
[2026-09-25T17:20:56.204+0000] {processor.py:914} INFO - Processing file /home/airflow/.local/lib/python3.12/site-packages/airflow/example_dags/example_bash_operator.py for tasks to queue
[2026-09-25T17:20:56.237+0000] {logging_mixin.py:190} INFO - [2026-09-25T17:20:56.236+0000] {dagbag.py:588} INFO - Filling up the DagBag from /home/airflow/.local/lib/python3.12/site-packages/airflow/example_dags/example_bash_operator.py
[2026-09-25T17:20:56.385+0000] {processor.py:925} INFO - DAG(s) 'example_bash_operator' retrieved from /home/airflow/.local/lib/python3.12/site-packages/airflow/example_dags/example_bash_operator.py
[2026-09-25T17:20:56.647+0000] {logging_mixin.py:190} INFO - [2026-09-25T17:20:56.643+0000] {dag.py:3239} INFO - Sync 1 DAGs
[2026-09-25T17:20:56.890+0000] {logging_mixin.py:190} INFO - [2026-09-25T17:20:56.889+0000] {dag.py:4180} INFO - Setting next_dagrun for example_bash_operator to 2026-09-24 00:00:00+00:00, run_after=2026-09-25 00:00:00+00:00
[2026-09-25T17:20:57.066+0000] {processor.py:208} INFO - Processing /home/airflow/.local/lib/python3.12/site-packages/airflow/example_dags/example_bash_operator.py took 1.093 seconds
[2026-09-25T17:21:30.504+0000] {processor.py:186} INFO - Started process (PID=2254) to work on /home/airflow/.local/lib/python3.12/site-packages/airflow/example_dags/example_bash_operator.py
[2026-09-25T17:21:30.588+0000] {processor.py:914} INFO - Processing file /home/airflow/.local/lib/python3.12/site-packages/airflow/example_dags/example_bash_operator.py for tasks to queue
[2026-09-25T17:21:30.605+0000] {logging_mixin.py:190} INFO - [2026-09-25T17:21:30.603+0000] {dagbag.py:588} INFO - Filling up the DagBag from /home/airflow/.local/lib/python3.12/site-packages/airflow/example_dags/example_bash_operator.py
[2026-09-25T17:21:30.722+0000] {processor.py:925} INFO - DAG(s) 'example_bash_operator' retrieved from /home/airflow/.local/lib/python3.12/site-packages/airflow/example_dags/example_bash_operator.py
[2026-09-25T17:21:30.936+0000] {logging_mixin.py:190} INFO - [2026-09-25T17:21:30.930+0000] {dag.py:3239} INFO - Sync 1 DAGs
[2026-09-25T17:21:31.195+0000] {logging_mixin.py:190} INFO - [2026-09-25T17:21:31.193+0000] {dag.py:4180} INFO - Setting next_dagrun for example_bash_operator to 2026-09-24 00:00:00+00:00, run_after=2026-09-25 00:00:00+00:00
[2026-09-25T17:21:31.352+0000] {processor.py:208} INFO - Processing /home/airflow/.local/lib/python3.12/site-packages/airflow/example_dags/example_bash_operator.py took 0.872 seconds
[2026-09-25T17:22:26.654+0000] {processor.py:186} INFO - Started process (PID=2298) to work on /home/airflow/.local/lib/python3.12/site-packages/airflow/example_dags/example_bash_operator.py
[2026-09-25T17:22:26.670+0000] {processor.py:914} INFO - Processing file /home/airflow/.local/lib/python3.12/site-packages/airflow/example_dags/example_bash_operator.py for tasks to queue
[2026-09-25T17:22:26.706+0000] {logging_mixin.py:190} INFO - [2026-09-25T17:22:26.705+0000] {dagbag.py:588} INFO - Filling up the DagBag from /home/airflow/.local/lib/python3.12/site-packages/airflow/example_dags/example_bash_operator.py
[2026-09-25T17:22:26.801+0000] {processor.py:925} INFO - DAG(s) 'example_bash_operator' retrieved from /home/airflow/.local/lib/python3.12/site-packages/airflow/example_dags/example_bash_operator.py
[2026-09-25T17:22:27.022+0000] {logging_mixin.py:190} INFO - [2026-09-25T17:22:27.021+0000] {dag.py:3239} INFO - Sync 1 DAGs
[2026-09-25T17:22:27.311+0000] {logging_mixin.py:190} INFO - [2026-09-25T17:22:27.311+0000] {dag.py:4180} INFO - Setting next_dagrun for example_bash_operator to 2026-09-24 00:00:00+00:00, run_after=2026-09-25 00:00:00+00:00
[2026-09-25T17:22:27.705+0000] {processor.py:208} INFO - Processing /home/airflow/.local/lib/python3.12/site-packages/airflow/example_dags/example_bash_operator.py took 1.148 seconds
[2026-09-25T17:23:06.285+0000] {processor.py:186} INFO - Started process (PID=2367) to work on /home/airflow/.local/lib/python3.12/site-packages/airflow/example_dags/example_bash_operator.py
[2026-09-25T17:23:06.306+0000] {processor.py:914} INFO - Processing file /home/airflow/.local/lib/python3.12/site-packages/airflow/example_dags/example_bash_operator.py for tasks to queue
[2026-09-25T17:23:06.324+0000] {logging_mixin.py:190} INFO - [2026-09-25T17:23:06.323+0000] {dagbag.py:588} INFO - Filling up the DagBag from /home/airflow/.local/lib/python3.12/site-packages/airflow/example_dags/example_bash_operator.py
[2026-09-25T17:23:06.668+0000] {processor.py:925} INFO - DAG(s) 'example_bash_operator' retrieved from /home/airflow/.local/lib/python3.12/site-packages/airflow/example_dags/example_bash_operator.py
[2026-09-25T17:23:07.102+0000] {logging_mixin.py:190} INFO - [2026-09-25T17:23:07.101+0000] {dag.py:3239} INFO - Sync 1 DAGs
[2026-09-25T17:23:07.316+0000] {logging_mixin.py:190} INFO - [2026-09-25T17:23:07.315+0000] {dag.py:4180} INFO - Setting next_dagrun for example_bash_operator to 2026-09-24 00:00:00+00:00, run_after=2026-09-25 00:00:00+00:00
[2026-09-25T17:23:07.469+0000] {processor.py:208} INFO - Processing /home/airflow/.local/lib/python3.12/site-packages/airflow/example_dags/example_bash_operator.py took 1.362 seconds
[2026-09-25T17:23:43.853+0000] {processor.py:186} INFO - Started process (PID=2429) to work on /home/airflow/.local/lib/python3.12/site-packages/airflow/example_dags/example_bash_operator.py
[2026-09-25T17:23:43.861+0000] {processor.py:914} INFO - Processing file /home/airflow/.local/lib/python3.12/site-packages/airflow/example_dags/example_bash_operator.py for tasks to queue
[2026-09-25T17:23:43.889+0000] {logging_mixin.py:190} INFO - [2026-09-25T17:23:43.886+0000] {dagbag.py:588} INFO - Filling up the DagBag from /home/airflow/.local/lib/python3.12/site-packages/airflow/example_dags/example_bash_operator.py
[2026-09-25T17:23:44.063+0000] {processor.py:925} INFO - DAG(s) 'example_bash_operator' retrieved from /home/airflow/.local/lib/python3.12/site-packages/airflow/example_dags/example_bash_operator.py
[2026-09-25T17:23:45.062+0000] {logging_mixin.py:190} INFO - [2026-09-25T17:23:45.061+0000] {dag.py:3239} INFO - Sync 1 DAGs
[2026-09-25T17:23:45.431+0000] {logging_mixin.py:190} INFO - [2026-09-25T17:23:45.430+0000] {dag.py:4180} INFO - Setting next_dagrun for example_bash_operator to 2026-09-24 00:00:00+00:00, run_after=2026-09-25 00:00:00+00:00
[2026-09-25T17:23:45.727+0000] {processor.py:208} INFO - Processing /home/airflow/.local/lib/python3.12/site-packages/airflow/example_dags/example_bash_operator.py took 1.916 seconds
[2026-09-25T17:24:18.867+0000] {processor.py:186} INFO - Started process (PID=2492) to work on /home/airflow/.local/lib/python3.12/site-packages/airflow/example_dags/example_bash_operator.py
[2026-09-25T17:24:18.876+0000] {processor.py:914} INFO - Processing file /home/airflow/.local/lib/python3.12/site-packages/airflow/example_dags/example_bash_operator.py for tasks to queue
[2026-09-25T17:24:18.905+0000] {logging_mixin.py:190} INFO - [2026-09-25T17:24:18.903+0000] {dagbag.py:588} INFO - Filling up the DagBag from /home/airflow/.local/lib/python3.12/site-packages/airflow/example_dags/example_bash_operator.py
[2026-09-25T17:24:18.960+0000] {processor.py:925} INFO - DAG(s) 'example_bash_operator' retrieved from /home/airflow/.local/lib/python3.12/site-packages/airflow/example_dags/example_bash_operator.py
[2026-09-25T17:24:19.155+0000] {logging_mixin.py:190} INFO - [2026-09-25T17:24:19.154+0000] {dag.py:3239} INFO - Sync 1 DAGs
[2026-09-25T17:24:19.254+0000] {logging_mixin.py:190} INFO - [2026-09-25T17:24:19.254+0000] {dag.py:4180} INFO - Setting next_dagrun for example_bash_operator to 2026-09-24 00:00:00+00:00, run_after=2026-09-25 00:00:00+00:00
[2026-09-25T17:24:19.540+0000] {processor.py:208} INFO - Processing /home/airflow/.local/lib/python3.12/site-packages/airflow/example_dags/example_bash_operator.py took 0.702 seconds
[2026-09-25T17:24:49.913+0000] {processor.py:186} INFO - Started process (PID=2555) to work on /home/airflow/.local/lib/python3.12/site-packages/airflow/example_dags/example_bash_operator.py
[2026-09-25T17:24:49.930+0000] {processor.py:914} INFO - Processing file /home/airflow/.local/lib/python3.12/site-packages/airflow/example_dags/example_bash_operator.py for tasks to queue
[2026-09-25T17:24:49.950+0000] {logging_mixin.py:190} INFO - [2026-09-25T17:24:49.947+0000] {dagbag.py:588} INFO - Filling up the DagBag from /home/airflow/.local/lib/python3.12/site-packages/airflow/example_dags/example_bash_operator.py
[2026-09-25T17:24:50.081+0000] {processor.py:925} INFO - DAG(s) 'example_bash_operator' retrieved from /home/airflow/.local/lib/python3.12/site-packages/airflow/example_dags/example_bash_operator.py
[2026-09-25T17:24:50.235+0000] {logging_mixin.py:190} INFO - [2026-09-25T17:24:50.234+0000] {dag.py:3239} INFO - Sync 1 DAGs
[2026-09-25T17:24:50.327+0000] {logging_mixin.py:190} INFO - [2026-09-25T17:24:50.326+0000] {dag.py:4180} INFO - Setting next_dagrun for example_bash_operator to 2026-09-24 00:00:00+00:00, run_after=2026-09-25 00:00:00+00:00
[2026-09-25T17:24:50.675+0000] {processor.py:208} INFO - Processing /home/airflow/.local/lib/python3.12/site-packages/airflow/example_dags/example_bash_operator.py took 0.794 seconds
