[2026-09-25T16:15:25.160+0000] {processor.py:186} INFO - Started process (PID=95) to work on /home/airflow/.local/lib/python3.12/site-packages/airflow/example_dags/example_dag_decorator.py
[2026-09-25T16:15:25.193+0000] {processor.py:914} INFO - Processing file /home/airflow/.local/lib/python3.12/site-packages/airflow/example_dags/example_dag_decorator.py for tasks to queue
[2026-09-25T16:15:25.243+0000] {logging_mixin.py:190} INFO - [2026-09-25T16:15:25.231+0000] {dagbag.py:588} INFO - Filling up the DagBag from /home/airflow/.local/lib/python3.12/site-packages/airflow/example_dags/example_dag_decorator.py
[2026-09-25T16:15:30.164+0000] {processor.py:925} INFO - DAG(s) 'example_dag_decorator' retrieved from /home/airflow/.local/lib/python3.12/site-packages/airflow/example_dags/example_dag_decorator.py
[2026-09-25T16:15:32.911+0000] {logging_mixin.py:190} INFO - [2026-09-25T16:15:32.911+0000] {dag.py:3239} INFO - Sync 1 DAGs
[2026-09-25T16:15:33.194+0000] {logging_mixin.py:190} INFO - [2026-09-25T16:15:33.193+0000] {dag.py:4180} INFO - Setting next_dagrun for example_dag_decorator to None, run_after=None
[2026-09-25T16:15:33.331+0000] {processor.py:208} INFO - Processing /home/airflow/.local/lib/python3.12/site-packages/airflow/example_dags/example_dag_decorator.py took 8.379 seconds
[2026-09-25T16:17:43.291+0000] {processor.py:186} INFO - Started process (PID=176) to work on /home/airflow/.local/lib/python3.12/site-packages/airflow/example_dags/example_dag_decorator.py
[2026-09-25T16:17:43.293+0000] {processor.py:914} INFO - Processing file /home/airflow/.local/lib/python3.12/site-packages/airflow/example_dags/example_dag_decorator.py for tasks to queue
[2026-09-25T16:17:43.365+0000] {logging_mixin.py:190} INFO - [2026-09-25T16:17:43.364+0000] {dagbag.py:588} INFO - Filling up the DagBag from /home/airflow/.local/lib/python3.12/site-packages/airflow/example_dags/example_dag_decorator.py
[2026-09-25T16:17:44.496+0000] {processor.py:925} INFO - DAG(s) 'example_dag_decorator' retrieved from /home/airflow/.local/lib/python3.12/site-packages/airflow/example_dags/example_dag_decorator.py
[2026-09-25T16:17:52.634+0000] {logging_mixin.py:190} INFO - [2026-09-25T16:17:52.632+0000] {dag.py:3239} INFO - Sync 1 DAGs
[2026-09-25T16:17:52.877+0000] {logging_mixin.py:190} INFO - [2026-09-25T16:17:52.876+0000] {dag.py:4180} INFO - Setting next_dagrun for example_dag_decorator to None, run_after=None
[2026-09-25T16:17:53.159+0000] {processor.py:208} INFO - Processing /home/airflow/.local/lib/python3.12/site-packages/airflow/example_dags/example_dag_decorator.py took 9.946 seconds
[2026-09-25T16:19:28.105+0000] {processor.py:186} INFO - Started process (PID=239) to work on /home/airflow/.local/lib/python3.12/site-packages/airflow/example_dags/example_dag_decorator.py
[2026-09-25T16:19:28.117+0000] {processor.py:914} INFO - Processing file /home/airflow/.local/lib/python3.12/site-packages/airflow/example_dags/example_dag_decorator.py for tasks to queue
[2026-09-25T16:19:28.141+0000] {logging_mixin.py:190} INFO - [2026-09-25T16:19:28.140+0000] {dagbag.py:588} INFO - Filling up the DagBag from /home/airflow/.local/lib/python3.12/site-packages/airflow/example_dags/example_dag_decorator.py
[2026-09-25T16:19:30.161+0000] {processor.py:925} INFO - DAG(s) 'example_dag_decorator' retrieved from /home/airflow/.local/lib/python3.12/site-packages/airflow/example_dags/example_dag_decorator.py
[2026-09-25T16:19:31.988+0000] {logging_mixin.py:190} INFO - [2026-09-25T16:19:31.988+0000] {dag.py:3239} INFO - Sync 1 DAGs
[2026-09-25T16:19:32.211+0000] {logging_mixin.py:190} INFO - [2026-09-25T16:19:32.210+0000] {dag.py:4180} INFO - Setting next_dagrun for example_dag_decorator to None, run_after=None
[2026-09-25T16:19:32.354+0000] {processor.py:208} INFO - Processing /home/airflow/.local/lib/python3.12/site-packages/airflow/example_dags/example_dag_decorator.py took 4.297 seconds
[2026-09-25T16:20:27.405+0000] {processor.py:186} INFO - Started process (PID=296) to work on /home/airflow/.local/lib/python3.12/site-packages/airflow/example_dags/example_dag_decorator.py
[2026-09-25T16:20:27.411+0000] {processor.py:914} INFO - Processing file /home/airflow/.local/lib/python3.12/site-packages/airflow/example_dags/example_dag_decorator.py for tasks to queue
[2026-09-25T16:20:27.418+0000] {logging_mixin.py:190} INFO - [2026-09-25T16:20:27.417+0000] {dagbag.py:588} INFO - Filling up the DagBag from /home/airflow/.local/lib/python3.12/site-packages/airflow/example_dags/example_dag_decorator.py
[2026-09-25T16:20:27.815+0000] {processor.py:925} INFO - DAG(s) 'example_dag_decorator' retrieved from /home/airflow/.local/lib/python3.12/site-packages/airflow/example_dags/example_dag_decorator.py
[2026-09-25T16:20:28.091+0000] {logging_mixin.py:190} INFO - [2026-09-25T16:20:28.090+0000] {dag.py:3239} INFO - Sync 1 DAGs
[2026-09-25T16:20:28.124+0000] {logging_mixin.py:190} INFO - [2026-09-25T16:20:28.124+0000] {dag.py:4180} INFO - Setting next_dagrun for example_dag_decorator to None, run_after=None
[2026-09-25T16:20:28.171+0000] {processor.py:208} INFO - Processing /home/airflow/.local/lib/python3.12/site-packages/airflow/example_dags/example_dag_decorator.py took 0.790 seconds
[2026-09-25T16:21:22.192+0000] {processor.py:186} INFO - Started process (PID=350) to work on /home/airflow/.local/lib/python3.12/site-packages/airflow/example_dags/example_dag_decorator.py
[2026-09-25T16:21:22.196+0000] {processor.py:914} INFO - Processing file /home/airflow/.local/lib/python3.12/site-packages/airflow/example_dags/example_dag_decorator.py for tasks to queue
[2026-09-25T16:21:22.202+0000] {logging_mixin.py:190} INFO - [2026-09-25T16:21:22.201+0000] {dagbag.py:588} INFO - Filling up the DagBag from /home/airflow/.local/lib/python3.12/site-packages/airflow/example_dags/example_dag_decorator.py
[2026-09-25T16:21:22.697+0000] {processor.py:925} INFO - DAG(s) 'example_dag_decorator' retrieved from /home/airflow/.local/lib/python3.12/site-packages/airflow/example_dags/example_dag_decorator.py
[2026-09-25T16:21:23.715+0000] {logging_mixin.py:190} INFO - [2026-09-25T16:21:23.703+0000] {dag.py:3239} INFO - Sync 1 DAGs
[2026-09-25T16:21:23.813+0000] {logging_mixin.py:190} INFO - [2026-09-25T16:21:23.813+0000] {dag.py:4180} INFO - Setting next_dagrun for example_dag_decorator to None, run_after=None
[2026-09-25T16:21:23.957+0000] {processor.py:208} INFO - Processing /home/airflow/.local/lib/python3.12/site-packages/airflow/example_dags/example_dag_decorator.py took 1.838 seconds
[2026-09-25T16:22:28.425+0000] {processor.py:186} INFO - Started process (PID=417) to work on /home/airflow/.local/lib/python3.12/site-packages/airflow/example_dags/example_dag_decorator.py
[2026-09-25T16:22:28.428+0000] {processor.py:914} INFO - Processing file /home/airflow/.local/lib/python3.12/site-packages/airflow/example_dags/example_dag_decorator.py for tasks to queue
[2026-09-25T16:22:28.441+0000] {logging_mixin.py:190} INFO - [2026-09-25T16:22:28.440+0000] {dagbag.py:588} INFO - Filling up the DagBag from /home/airflow/.local/lib/python3.12/site-packages/airflow/example_dags/example_dag_decorator.py
[2026-09-25T16:22:29.323+0000] {processor.py:925} INFO - DAG(s) 'example_dag_decorator' retrieved from /home/airflow/.local/lib/python3.12/site-packages/airflow/example_dags/example_dag_decorator.py
[2026-09-25T16:22:31.025+0000] {logging_mixin.py:190} INFO - [2026-09-25T16:22:31.022+0000] {dag.py:3239} INFO - Sync 1 DAGs
[2026-09-25T16:22:31.090+0000] {logging_mixin.py:190} INFO - [2026-09-25T16:22:31.089+0000] {dag.py:4180} INFO - Setting next_dagrun for example_dag_decorator to None, run_after=None
[2026-09-25T16:22:31.222+0000] {processor.py:208} INFO - Processing /home/airflow/.local/lib/python3.12/site-packages/airflow/example_dags/example_dag_decorator.py took 2.836 seconds
[2026-09-25T16:23:09.036+0000] {processor.py:186} INFO - Started process (PID=486) to work on /home/airflow/.local/lib/python3.12/site-packages/airflow/example_dags/example_dag_decorator.py
[2026-09-25T16:23:09.041+0000] {processor.py:914} INFO - Processing file /home/airflow/.local/lib/python3.12/site-packages/airflow/example_dags/example_dag_decorator.py for tasks to queue
[2026-09-25T16:23:09.047+0000] {logging_mixin.py:190} INFO - [2026-09-25T16:23:09.047+0000] {dagbag.py:588} INFO - Filling up the DagBag from /home/airflow/.local/lib/python3.12/site-packages/airflow/example_dags/example_dag_decorator.py
[2026-09-25T16:23:09.372+0000] {processor.py:925} INFO - DAG(s) 'example_dag_decorator' retrieved from /home/airflow/.local/lib/python3.12/site-packages/airflow/example_dags/example_dag_decorator.py
[2026-09-25T16:23:09.796+0000] {logging_mixin.py:190} INFO - [2026-09-25T16:23:09.795+0000] {dag.py:3239} INFO - Sync 1 DAGs
[2026-09-25T16:23:09.894+0000] {logging_mixin.py:190} INFO - [2026-09-25T16:23:09.893+0000] {dag.py:4180} INFO - Setting next_dagrun for example_dag_decorator to None, run_after=None
[2026-09-25T16:23:09.966+0000] {processor.py:208} INFO - Processing /home/airflow/.local/lib/python3.12/site-packages/airflow/example_dags/example_dag_decorator.py took 0.943 seconds
[2026-09-25T16:23:51.409+0000] {processor.py:186} INFO - Started process (PID=552) to work on /home/airflow/.local/lib/python3.12/site-packages/airflow/example_dags/example_dag_decorator.py
[2026-09-25T16:23:51.413+0000] {processor.py:914} INFO - Processing file /home/airflow/.local/lib/python3.12/site-packages/airflow/example_dags/example_dag_decorator.py for tasks to queue
[2026-09-25T16:23:51.421+0000] {logging_mixin.py:190} INFO - [2026-09-25T16:23:51.421+0000] {dagbag.py:588} INFO - Filling up the DagBag from /home/airflow/.local/lib/python3.12/site-packages/airflow/example_dags/example_dag_decorator.py
[2026-09-25T16:23:51.832+0000] {processor.py:925} INFO - DAG(s) 'example_dag_decorator' retrieved from /home/airflow/.local/lib/python3.12/site-packages/airflow/example_dags/example_dag_decorator.py
[2026-09-25T16:23:52.327+0000] {logging_mixin.py:190} INFO - [2026-09-25T16:23:52.327+0000] {dag.py:3239} INFO - Sync 1 DAGs
[2026-09-25T16:23:52.359+0000] {logging_mixin.py:190} INFO - [2026-09-25T16:23:52.359+0000] {dag.py:4180} INFO - Setting next_dagrun for example_dag_decorator to None, run_after=None
[2026-09-25T16:23:52.412+0000] {processor.py:208} INFO - Processing /home/airflow/.local/lib/python3.12/site-packages/airflow/example_dags/example_dag_decorator.py took 1.020 seconds
[2026-09-25T16:24:22.647+0000] {processor.py:186} INFO - Started process (PID=616) to work on /home/airflow/.local/lib/python3.12/site-packages/airflow/example_dags/example_dag_decorator.py
[2026-09-25T16:24:22.650+0000] {processor.py:914} INFO - Processing file /home/airflow/.local/lib/python3.12/site-packages/airflow/example_dags/example_dag_decorator.py for tasks to queue
[2026-09-25T16:24:22.656+0000] {logging_mixin.py:190} INFO - [2026-09-25T16:24:22.655+0000] {dagbag.py:588} INFO - Filling up the DagBag from /home/airflow/.local/lib/python3.12/site-packages/airflow/example_dags/example_dag_decorator.py
[2026-09-25T16:24:22.908+0000] {processor.py:925} INFO - DAG(s) 'example_dag_decorator' retrieved from /home/airflow/.local/lib/python3.12/site-packages/airflow/example_dags/example_dag_decorator.py
[2026-09-25T16:24:23.315+0000] {logging_mixin.py:190} INFO - [2026-09-25T16:24:23.315+0000] {dag.py:3239} INFO - Sync 1 DAGs
[2026-09-25T16:24:23.349+0000] {logging_mixin.py:190} INFO - [2026-09-25T16:24:23.346+0000] {dag.py:4180} INFO - Setting next_dagrun for example_dag_decorator to None, run_after=None
[2026-09-25T16:24:23.393+0000] {processor.py:208} INFO - Processing /home/airflow/.local/lib/python3.12/site-packages/airflow/example_dags/example_dag_decorator.py took 0.765 seconds
[2026-09-25T16:25:08.799+0000] {processor.py:186} INFO - Started process (PID=676) to work on /home/airflow/.local/lib/python3.12/site-packages/airflow/example_dags/example_dag_decorator.py
[2026-09-25T16:25:08.812+0000] {processor.py:914} INFO - Processing file /home/airflow/.local/lib/python3.12/site-packages/airflow/example_dags/example_dag_decorator.py for tasks to queue
[2026-09-25T16:25:08.819+0000] {logging_mixin.py:190} INFO - [2026-09-25T16:25:08.818+0000] {dagbag.py:588} INFO - Filling up the DagBag from /home/airflow/.local/lib/python3.12/site-packages/airflow/example_dags/example_dag_decorator.py
[2026-09-25T16:25:09.518+0000] {processor.py:925} INFO - DAG(s) 'example_dag_decorator' retrieved from /home/airflow/.local/lib/python3.12/site-packages/airflow/example_dags/example_dag_decorator.py
[2026-09-25T16:25:10.285+0000] {logging_mixin.py:190} INFO - [2026-09-25T16:25:10.285+0000] {dag.py:3239} INFO - Sync 1 DAGs
[2026-09-25T16:25:10.373+0000] {logging_mixin.py:190} INFO - [2026-09-25T16:25:10.372+0000] {dag.py:4180} INFO - Setting next_dagrun for example_dag_decorator to None, run_after=None
[2026-09-25T16:25:10.483+0000] {processor.py:208} INFO - Processing /home/airflow/.local/lib/python3.12/site-packages/airflow/example_dags/example_dag_decorator.py took 1.699 seconds
[2026-09-25T16:25:47.915+0000] {processor.py:186} INFO - Started process (PID=738) to work on /home/airflow/.local/lib/python3.12/site-packages/airflow/example_dags/example_dag_decorator.py
[2026-09-25T16:25:47.918+0000] {processor.py:914} INFO - Processing file /home/airflow/.local/lib/python3.12/site-packages/airflow/example_dags/example_dag_decorator.py for tasks to queue
[2026-09-25T16:25:47.934+0000] {logging_mixin.py:190} INFO - [2026-09-25T16:25:47.932+0000] {dagbag.py:588} INFO - Filling up the DagBag from /home/airflow/.local/lib/python3.12/site-packages/airflow/example_dags/example_dag_decorator.py
[2026-09-25T16:25:48.482+0000] {processor.py:925} INFO - DAG(s) 'example_dag_decorator' retrieved from /home/airflow/.local/lib/python3.12/site-packages/airflow/example_dags/example_dag_decorator.py
[2026-09-25T16:25:49.166+0000] {logging_mixin.py:190} INFO - [2026-09-25T16:25:49.165+0000] {dag.py:3239} INFO - Sync 1 DAGs
[2026-09-25T16:25:49.420+0000] {logging_mixin.py:190} INFO - [2026-09-25T16:25:49.419+0000] {dag.py:4180} INFO - Setting next_dagrun for example_dag_decorator to None, run_after=None
[2026-09-25T16:25:49.568+0000] {processor.py:208} INFO - Processing /home/airflow/.local/lib/python3.12/site-packages/airflow/example_dags/example_dag_decorator.py took 1.684 seconds
[2026-09-25T16:26:19.946+0000] {processor.py:186} INFO - Started process (PID=802) to work on /home/airflow/.local/lib/python3.12/site-packages/airflow/example_dags/example_dag_decorator.py
[2026-09-25T16:26:19.949+0000] {processor.py:914} INFO - Processing file /home/airflow/.local/lib/python3.12/site-packages/airflow/example_dags/example_dag_decorator.py for tasks to queue
[2026-09-25T16:26:19.955+0000] {logging_mixin.py:190} INFO - [2026-09-25T16:26:19.954+0000] {dagbag.py:588} INFO - Filling up the DagBag from /home/airflow/.local/lib/python3.12/site-packages/airflow/example_dags/example_dag_decorator.py
[2026-09-25T16:26:20.220+0000] {processor.py:925} INFO - DAG(s) 'example_dag_decorator' retrieved from /home/airflow/.local/lib/python3.12/site-packages/airflow/example_dags/example_dag_decorator.py
[2026-09-25T16:26:20.457+0000] {logging_mixin.py:190} INFO - [2026-09-25T16:26:20.456+0000] {dag.py:3239} INFO - Sync 1 DAGs
[2026-09-25T16:26:20.482+0000] {logging_mixin.py:190} INFO - [2026-09-25T16:26:20.481+0000] {dag.py:4180} INFO - Setting next_dagrun for example_dag_decorator to None, run_after=None
[2026-09-25T16:26:20.523+0000] {processor.py:208} INFO - Processing /home/airflow/.local/lib/python3.12/site-packages/airflow/example_dags/example_dag_decorator.py took 0.592 seconds
[2026-09-25T16:26:52.698+0000] {processor.py:186} INFO - Started process (PID=864) to work on /home/airflow/.local/lib/python3.12/site-packages/airflow/example_dags/example_dag_decorator.py
[2026-09-25T16:26:52.705+0000] {processor.py:914} INFO - Processing file /home/airflow/.local/lib/python3.12/site-packages/airflow/example_dags/example_dag_decorator.py for tasks to queue
[2026-09-25T16:26:52.721+0000] {logging_mixin.py:190} INFO - [2026-09-25T16:26:52.720+0000] {dagbag.py:588} INFO - Filling up the DagBag from /home/airflow/.local/lib/python3.12/site-packages/airflow/example_dags/example_dag_decorator.py
[2026-09-25T16:26:53.566+0000] {processor.py:925} INFO - DAG(s) 'example_dag_decorator' retrieved from /home/airflow/.local/lib/python3.12/site-packages/airflow/example_dags/example_dag_decorator.py
[2026-09-25T16:26:54.261+0000] {logging_mixin.py:190} INFO - [2026-09-25T16:26:54.260+0000] {dag.py:3239} INFO - Sync 1 DAGs
[2026-09-25T16:26:54.406+0000] {logging_mixin.py:190} INFO - [2026-09-25T16:26:54.406+0000] {dag.py:4180} INFO - Setting next_dagrun for example_dag_decorator to None, run_after=None
[2026-09-25T16:26:54.526+0000] {processor.py:208} INFO - Processing /home/airflow/.local/lib/python3.12/site-packages/airflow/example_dags/example_dag_decorator.py took 1.899 seconds
[2026-09-25T16:27:24.869+0000] {processor.py:186} INFO - Started process (PID=925) to work on /home/airflow/.local/lib/python3.12/site-packages/airflow/example_dags/example_dag_decorator.py
[2026-09-25T16:27:24.873+0000] {processor.py:914} INFO - Processing file /home/airflow/.local/lib/python3.12/site-packages/airflow/example_dags/example_dag_decorator.py for tasks to queue
[2026-09-25T16:27:24.896+0000] {logging_mixin.py:190} INFO - [2026-09-25T16:27:24.895+0000] {dagbag.py:588} INFO - Filling up the DagBag from /home/airflow/.local/lib/python3.12/site-packages/airflow/example_dags/example_dag_decorator.py
[2026-09-25T16:27:25.369+0000] {processor.py:925} INFO - DAG(s) 'example_dag_decorator' retrieved from /home/airflow/.local/lib/python3.12/site-packages/airflow/example_dags/example_dag_decorator.py
[2026-09-25T16:27:26.176+0000] {logging_mixin.py:190} INFO - [2026-09-25T16:27:26.175+0000] {dag.py:3239} INFO - Sync 1 DAGs
[2026-09-25T16:27:26.243+0000] {logging_mixin.py:190} INFO - [2026-09-25T16:27:26.242+0000] {dag.py:4180} INFO - Setting next_dagrun for example_dag_decorator to None, run_after=None
[2026-09-25T16:27:26.422+0000] {processor.py:208} INFO - Processing /home/airflow/.local/lib/python3.12/site-packages/airflow/example_dags/example_dag_decorator.py took 1.563 seconds
[2026-09-25T16:28:21.711+0000] {processor.py:186} INFO - Started process (PID=996) to work on /home/airflow/.local/lib/python3.12/site-packages/airflow/example_dags/example_dag_decorator.py
[2026-09-25T16:28:21.726+0000] {processor.py:914} INFO - Processing file /home/airflow/.local/lib/python3.12/site-packages/airflow/example_dags/example_dag_decorator.py for tasks to queue
[2026-09-25T16:28:21.776+0000] {logging_mixin.py:190} INFO - [2026-09-25T16:28:21.756+0000] {dagbag.py:588} INFO - Filling up the DagBag from /home/airflow/.local/lib/python3.12/site-packages/airflow/example_dags/example_dag_decorator.py
[2026-09-25T16:28:22.661+0000] {processor.py:925} INFO - DAG(s) 'example_dag_decorator' retrieved from /home/airflow/.local/lib/python3.12/site-packages/airflow/example_dags/example_dag_decorator.py
[2026-09-25T16:28:23.959+0000] {logging_mixin.py:190} INFO - [2026-09-25T16:28:23.958+0000] {dag.py:3239} INFO - Sync 1 DAGs
[2026-09-25T16:28:24.057+0000] {logging_mixin.py:190} INFO - [2026-09-25T16:28:24.056+0000] {dag.py:4180} INFO - Setting next_dagrun for example_dag_decorator to None, run_after=None
[2026-09-25T16:28:24.414+0000] {processor.py:208} INFO - Processing /home/airflow/.local/lib/python3.12/site-packages/airflow/example_dags/example_dag_decorator.py took 2.741 seconds
[2026-09-25T16:28:59.918+0000] {processor.py:186} INFO - Started process (PID=1045) to work on /home/airflow/.local/lib/python3.12/site-packages/airflow/example_dags/example_dag_decorator.py
[2026-09-25T16:28:59.922+0000] {processor.py:914} INFO - Processing file /home/airflow/.local/lib/python3.12/site-packages/airflow/example_dags/example_dag_decorator.py for tasks to queue
[2026-09-25T16:28:59.929+0000] {logging_mixin.py:190} INFO - [2026-09-25T16:28:59.928+0000] {dagbag.py:588} INFO - Filling up the DagBag from /home/airflow/.local/lib/python3.12/site-packages/airflow/example_dags/example_dag_decorator.py
[2026-09-25T16:29:00.264+0000] {processor.py:925} INFO - DAG(s) 'example_dag_decorator' retrieved from /home/airflow/.local/lib/python3.12/site-packages/airflow/example_dags/example_dag_decorator.py
[2026-09-25T16:29:01.127+0000] {logging_mixin.py:190} INFO - [2026-09-25T16:29:01.126+0000] {dag.py:3239} INFO - Sync 1 DAGs
[2026-09-25T16:29:01.175+0000] {logging_mixin.py:190} INFO - [2026-09-25T16:29:01.175+0000] {dag.py:4180} INFO - Setting next_dagrun for example_dag_decorator to None, run_after=None
[2026-09-25T16:29:01.308+0000] {processor.py:208} INFO - Processing /home/airflow/.local/lib/python3.12/site-packages/airflow/example_dags/example_dag_decorator.py took 1.425 seconds
[2026-09-25T16:43:18.272+0000] {processor.py:186} INFO - Started process (PID=71) to work on /home/airflow/.local/lib/python3.12/site-packages/airflow/example_dags/example_dag_decorator.py
[2026-09-25T16:43:18.279+0000] {processor.py:914} INFO - Processing file /home/airflow/.local/lib/python3.12/site-packages/airflow/example_dags/example_dag_decorator.py for tasks to queue
[2026-09-25T16:43:18.286+0000] {logging_mixin.py:190} INFO - [2026-09-25T16:43:18.285+0000] {dagbag.py:588} INFO - Filling up the DagBag from /home/airflow/.local/lib/python3.12/site-packages/airflow/example_dags/example_dag_decorator.py
[2026-09-25T16:43:24.532+0000] {processor.py:925} INFO - DAG(s) 'example_dag_decorator' retrieved from /home/airflow/.local/lib/python3.12/site-packages/airflow/example_dags/example_dag_decorator.py
[2026-09-25T16:43:26.760+0000] {logging_mixin.py:190} INFO - [2026-09-25T16:43:26.759+0000] {dag.py:3239} INFO - Sync 1 DAGs
[2026-09-25T16:43:27.138+0000] {logging_mixin.py:190} INFO - [2026-09-25T16:43:27.135+0000] {dag.py:4180} INFO - Setting next_dagrun for example_dag_decorator to None, run_after=None
[2026-09-25T16:43:27.539+0000] {processor.py:208} INFO - Processing /home/airflow/.local/lib/python3.12/site-packages/airflow/example_dags/example_dag_decorator.py took 9.295 seconds
[2026-09-25T16:44:05.001+0000] {processor.py:186} INFO - Started process (PID=139) to work on /home/airflow/.local/lib/python3.12/site-packages/airflow/example_dags/example_dag_decorator.py
[2026-09-25T16:44:05.022+0000] {processor.py:914} INFO - Processing file /home/airflow/.local/lib/python3.12/site-packages/airflow/example_dags/example_dag_decorator.py for tasks to queue
[2026-09-25T16:44:05.045+0000] {logging_mixin.py:190} INFO - [2026-09-25T16:44:05.045+0000] {dagbag.py:588} INFO - Filling up the DagBag from /home/airflow/.local/lib/python3.12/site-packages/airflow/example_dags/example_dag_decorator.py
[2026-09-25T16:44:05.392+0000] {processor.py:925} INFO - DAG(s) 'example_dag_decorator' retrieved from /home/airflow/.local/lib/python3.12/site-packages/airflow/example_dags/example_dag_decorator.py
[2026-09-25T16:44:05.833+0000] {logging_mixin.py:190} INFO - [2026-09-25T16:44:05.831+0000] {dag.py:3239} INFO - Sync 1 DAGs
[2026-09-25T16:44:05.888+0000] {logging_mixin.py:190} INFO - [2026-09-25T16:44:05.887+0000] {dag.py:4180} INFO - Setting next_dagrun for example_dag_decorator to None, run_after=None
[2026-09-25T16:44:05.976+0000] {processor.py:208} INFO - Processing /home/airflow/.local/lib/python3.12/site-packages/airflow/example_dags/example_dag_decorator.py took 1.002 seconds
[2026-09-25T16:44:36.333+0000] {processor.py:186} INFO - Started process (PID=204) to work on /home/airflow/.local/lib/python3.12/site-packages/airflow/example_dags/example_dag_decorator.py
[2026-09-25T16:44:36.336+0000] {processor.py:914} INFO - Processing file /home/airflow/.local/lib/python3.12/site-packages/airflow/example_dags/example_dag_decorator.py for tasks to queue
[2026-09-25T16:44:36.347+0000] {logging_mixin.py:190} INFO - [2026-09-25T16:44:36.346+0000] {dagbag.py:588} INFO - Filling up the DagBag from /home/airflow/.local/lib/python3.12/site-packages/airflow/example_dags/example_dag_decorator.py
[2026-09-25T16:44:36.576+0000] {processor.py:925} INFO - DAG(s) 'example_dag_decorator' retrieved from /home/airflow/.local/lib/python3.12/site-packages/airflow/example_dags/example_dag_decorator.py
[2026-09-25T16:44:36.833+0000] {logging_mixin.py:190} INFO - [2026-09-25T16:44:36.833+0000] {dag.py:3239} INFO - Sync 1 DAGs
[2026-09-25T16:44:36.867+0000] {logging_mixin.py:190} INFO - [2026-09-25T16:44:36.867+0000] {dag.py:4180} INFO - Setting next_dagrun for example_dag_decorator to None, run_after=None
[2026-09-25T16:44:36.910+0000] {processor.py:208} INFO - Processing /home/airflow/.local/lib/python3.12/site-packages/airflow/example_dags/example_dag_decorator.py took 0.599 seconds
[2026-09-25T16:45:14.423+0000] {processor.py:186} INFO - Started process (PID=265) to work on /home/airflow/.local/lib/python3.12/site-packages/airflow/example_dags/example_dag_decorator.py
[2026-09-25T16:45:14.428+0000] {processor.py:914} INFO - Processing file /home/airflow/.local/lib/python3.12/site-packages/airflow/example_dags/example_dag_decorator.py for tasks to queue
[2026-09-25T16:45:14.435+0000] {logging_mixin.py:190} INFO - [2026-09-25T16:45:14.434+0000] {dagbag.py:588} INFO - Filling up the DagBag from /home/airflow/.local/lib/python3.12/site-packages/airflow/example_dags/example_dag_decorator.py
[2026-09-25T16:45:15.152+0000] {processor.py:925} INFO - DAG(s) 'example_dag_decorator' retrieved from /home/airflow/.local/lib/python3.12/site-packages/airflow/example_dags/example_dag_decorator.py
[2026-09-25T16:45:15.430+0000] {logging_mixin.py:190} INFO - [2026-09-25T16:45:15.429+0000] {dag.py:3239} INFO - Sync 1 DAGs
[2026-09-25T16:45:15.461+0000] {logging_mixin.py:190} INFO - [2026-09-25T16:45:15.461+0000] {dag.py:4180} INFO - Setting next_dagrun for example_dag_decorator to None, run_after=None
[2026-09-25T16:45:15.504+0000] {processor.py:208} INFO - Processing /home/airflow/.local/lib/python3.12/site-packages/airflow/example_dags/example_dag_decorator.py took 1.120 seconds
[2026-09-25T16:45:47.831+0000] {processor.py:186} INFO - Started process (PID=320) to work on /home/airflow/.local/lib/python3.12/site-packages/airflow/example_dags/example_dag_decorator.py
[2026-09-25T16:45:47.834+0000] {processor.py:914} INFO - Processing file /home/airflow/.local/lib/python3.12/site-packages/airflow/example_dags/example_dag_decorator.py for tasks to queue
[2026-09-25T16:45:47.840+0000] {logging_mixin.py:190} INFO - [2026-09-25T16:45:47.839+0000] {dagbag.py:588} INFO - Filling up the DagBag from /home/airflow/.local/lib/python3.12/site-packages/airflow/example_dags/example_dag_decorator.py
[2026-09-25T16:45:48.137+0000] {processor.py:925} INFO - DAG(s) 'example_dag_decorator' retrieved from /home/airflow/.local/lib/python3.12/site-packages/airflow/example_dags/example_dag_decorator.py
[2026-09-25T16:45:48.459+0000] {logging_mixin.py:190} INFO - [2026-09-25T16:45:48.458+0000] {dag.py:3239} INFO - Sync 1 DAGs
[2026-09-25T16:45:48.495+0000] {logging_mixin.py:190} INFO - [2026-09-25T16:45:48.494+0000] {dag.py:4180} INFO - Setting next_dagrun for example_dag_decorator to None, run_after=None
[2026-09-25T16:45:48.549+0000] {processor.py:208} INFO - Processing /home/airflow/.local/lib/python3.12/site-packages/airflow/example_dags/example_dag_decorator.py took 0.737 seconds
[2026-09-25T16:46:20.879+0000] {processor.py:186} INFO - Started process (PID=382) to work on /home/airflow/.local/lib/python3.12/site-packages/airflow/example_dags/example_dag_decorator.py
[2026-09-25T16:46:20.882+0000] {processor.py:914} INFO - Processing file /home/airflow/.local/lib/python3.12/site-packages/airflow/example_dags/example_dag_decorator.py for tasks to queue
[2026-09-25T16:46:20.888+0000] {logging_mixin.py:190} INFO - [2026-09-25T16:46:20.887+0000] {dagbag.py:588} INFO - Filling up the DagBag from /home/airflow/.local/lib/python3.12/site-packages/airflow/example_dags/example_dag_decorator.py
[2026-09-25T16:46:21.358+0000] {processor.py:925} INFO - DAG(s) 'example_dag_decorator' retrieved from /home/airflow/.local/lib/python3.12/site-packages/airflow/example_dags/example_dag_decorator.py
[2026-09-25T16:46:21.791+0000] {logging_mixin.py:190} INFO - [2026-09-25T16:46:21.791+0000] {dag.py:3239} INFO - Sync 1 DAGs
[2026-09-25T16:46:21.858+0000] {logging_mixin.py:190} INFO - [2026-09-25T16:46:21.857+0000] {dag.py:4180} INFO - Setting next_dagrun for example_dag_decorator to None, run_after=None
[2026-09-25T16:46:21.920+0000] {processor.py:208} INFO - Processing /home/airflow/.local/lib/python3.12/site-packages/airflow/example_dags/example_dag_decorator.py took 1.062 seconds
[2026-09-25T16:46:52.801+0000] {processor.py:186} INFO - Started process (PID=446) to work on /home/airflow/.local/lib/python3.12/site-packages/airflow/example_dags/example_dag_decorator.py
[2026-09-25T16:46:52.805+0000] {processor.py:914} INFO - Processing file /home/airflow/.local/lib/python3.12/site-packages/airflow/example_dags/example_dag_decorator.py for tasks to queue
[2026-09-25T16:46:52.819+0000] {logging_mixin.py:190} INFO - [2026-09-25T16:46:52.818+0000] {dagbag.py:588} INFO - Filling up the DagBag from /home/airflow/.local/lib/python3.12/site-packages/airflow/example_dags/example_dag_decorator.py
[2026-09-25T16:46:53.226+0000] {processor.py:925} INFO - DAG(s) 'example_dag_decorator' retrieved from /home/airflow/.local/lib/python3.12/site-packages/airflow/example_dags/example_dag_decorator.py
[2026-09-25T16:46:53.619+0000] {logging_mixin.py:190} INFO - [2026-09-25T16:46:53.618+0000] {dag.py:3239} INFO - Sync 1 DAGs
[2026-09-25T16:46:53.691+0000] {logging_mixin.py:190} INFO - [2026-09-25T16:46:53.690+0000] {dag.py:4180} INFO - Setting next_dagrun for example_dag_decorator to None, run_after=None
[2026-09-25T16:46:53.786+0000] {processor.py:208} INFO - Processing /home/airflow/.local/lib/python3.12/site-packages/airflow/example_dags/example_dag_decorator.py took 1.006 seconds
[2026-09-25T16:47:27.771+0000] {processor.py:186} INFO - Started process (PID=507) to work on /home/airflow/.local/lib/python3.12/site-packages/airflow/example_dags/example_dag_decorator.py
[2026-09-25T16:47:27.779+0000] {processor.py:914} INFO - Processing file /home/airflow/.local/lib/python3.12/site-packages/airflow/example_dags/example_dag_decorator.py for tasks to queue
[2026-09-25T16:47:27.788+0000] {logging_mixin.py:190} INFO - [2026-09-25T16:47:27.787+0000] {dagbag.py:588} INFO - Filling up the DagBag from /home/airflow/.local/lib/python3.12/site-packages/airflow/example_dags/example_dag_decorator.py
[2026-09-25T16:47:28.446+0000] {processor.py:925} INFO - DAG(s) 'example_dag_decorator' retrieved from /home/airflow/.local/lib/python3.12/site-packages/airflow/example_dags/example_dag_decorator.py
[2026-09-25T16:47:28.568+0000] {logging_mixin.py:190} INFO - [2026-09-25T16:47:28.567+0000] {dag.py:3239} INFO - Sync 1 DAGs
[2026-09-25T16:47:28.684+0000] {logging_mixin.py:190} INFO - [2026-09-25T16:47:28.683+0000] {dag.py:4180} INFO - Setting next_dagrun for example_dag_decorator to None, run_after=None
[2026-09-25T16:47:28.857+0000] {processor.py:208} INFO - Processing /home/airflow/.local/lib/python3.12/site-packages/airflow/example_dags/example_dag_decorator.py took 1.129 seconds
[2026-09-25T16:48:11.283+0000] {processor.py:186} INFO - Started process (PID=573) to work on /home/airflow/.local/lib/python3.12/site-packages/airflow/example_dags/example_dag_decorator.py
[2026-09-25T16:48:11.287+0000] {processor.py:914} INFO - Processing file /home/airflow/.local/lib/python3.12/site-packages/airflow/example_dags/example_dag_decorator.py for tasks to queue
[2026-09-25T16:48:11.292+0000] {logging_mixin.py:190} INFO - [2026-09-25T16:48:11.291+0000] {dagbag.py:588} INFO - Filling up the DagBag from /home/airflow/.local/lib/python3.12/site-packages/airflow/example_dags/example_dag_decorator.py
[2026-09-25T16:48:11.486+0000] {processor.py:925} INFO - DAG(s) 'example_dag_decorator' retrieved from /home/airflow/.local/lib/python3.12/site-packages/airflow/example_dags/example_dag_decorator.py
[2026-09-25T16:48:11.747+0000] {logging_mixin.py:190} INFO - [2026-09-25T16:48:11.747+0000] {dag.py:3239} INFO - Sync 1 DAGs
[2026-09-25T16:48:11.786+0000] {logging_mixin.py:190} INFO - [2026-09-25T16:48:11.786+0000] {dag.py:4180} INFO - Setting next_dagrun for example_dag_decorator to None, run_after=None
[2026-09-25T16:48:11.822+0000] {processor.py:208} INFO - Processing /home/airflow/.local/lib/python3.12/site-packages/airflow/example_dags/example_dag_decorator.py took 0.552 seconds
[2026-09-25T16:48:42.939+0000] {processor.py:186} INFO - Started process (PID=636) to work on /home/airflow/.local/lib/python3.12/site-packages/airflow/example_dags/example_dag_decorator.py
[2026-09-25T16:48:42.942+0000] {processor.py:914} INFO - Processing file /home/airflow/.local/lib/python3.12/site-packages/airflow/example_dags/example_dag_decorator.py for tasks to queue
[2026-09-25T16:48:42.948+0000] {logging_mixin.py:190} INFO - [2026-09-25T16:48:42.947+0000] {dagbag.py:588} INFO - Filling up the DagBag from /home/airflow/.local/lib/python3.12/site-packages/airflow/example_dags/example_dag_decorator.py
[2026-09-25T16:48:43.359+0000] {processor.py:925} INFO - DAG(s) 'example_dag_decorator' retrieved from /home/airflow/.local/lib/python3.12/site-packages/airflow/example_dags/example_dag_decorator.py
[2026-09-25T16:48:43.848+0000] {logging_mixin.py:190} INFO - [2026-09-25T16:48:43.836+0000] {dag.py:3239} INFO - Sync 1 DAGs
[2026-09-25T16:48:43.970+0000] {logging_mixin.py:190} INFO - [2026-09-25T16:48:43.970+0000] {dag.py:4180} INFO - Setting next_dagrun for example_dag_decorator to None, run_after=None
[2026-09-25T16:48:44.049+0000] {processor.py:208} INFO - Processing /home/airflow/.local/lib/python3.12/site-packages/airflow/example_dags/example_dag_decorator.py took 1.125 seconds
[2026-09-25T16:49:14.511+0000] {processor.py:186} INFO - Started process (PID=700) to work on /home/airflow/.local/lib/python3.12/site-packages/airflow/example_dags/example_dag_decorator.py
[2026-09-25T16:49:14.516+0000] {processor.py:914} INFO - Processing file /home/airflow/.local/lib/python3.12/site-packages/airflow/example_dags/example_dag_decorator.py for tasks to queue
[2026-09-25T16:49:14.528+0000] {logging_mixin.py:190} INFO - [2026-09-25T16:49:14.527+0000] {dagbag.py:588} INFO - Filling up the DagBag from /home/airflow/.local/lib/python3.12/site-packages/airflow/example_dags/example_dag_decorator.py
[2026-09-25T16:49:14.937+0000] {processor.py:925} INFO - DAG(s) 'example_dag_decorator' retrieved from /home/airflow/.local/lib/python3.12/site-packages/airflow/example_dags/example_dag_decorator.py
[2026-09-25T16:49:15.289+0000] {logging_mixin.py:190} INFO - [2026-09-25T16:49:15.288+0000] {dag.py:3239} INFO - Sync 1 DAGs
[2026-09-25T16:49:15.324+0000] {logging_mixin.py:190} INFO - [2026-09-25T16:49:15.323+0000] {dag.py:4180} INFO - Setting next_dagrun for example_dag_decorator to None, run_after=None
[2026-09-25T16:49:15.384+0000] {processor.py:208} INFO - Processing /home/airflow/.local/lib/python3.12/site-packages/airflow/example_dags/example_dag_decorator.py took 0.908 seconds
