[2026-09-25T16:15:13.452+0000] {processor.py:186} INFO - Started process (PID=82) to work on /home/airflow/.local/lib/python3.12/site-packages/airflow/example_dags/example_python_decorator.py
[2026-09-25T16:15:13.499+0000] {processor.py:914} INFO - Processing file /home/airflow/.local/lib/python3.12/site-packages/airflow/example_dags/example_python_decorator.py for tasks to queue
[2026-09-25T16:15:13.530+0000] {logging_mixin.py:190} INFO - [2026-09-25T16:15:13.529+0000] {dagbag.py:588} INFO - Filling up the DagBag from /home/airflow/.local/lib/python3.12/site-packages/airflow/example_dags/example_python_decorator.py
[2026-09-25T16:15:14.119+0000] {processor.py:925} INFO - DAG(s) 'example_python_decorator' retrieved from /home/airflow/.local/lib/python3.12/site-packages/airflow/example_dags/example_python_decorator.py
[2026-09-25T16:15:16.257+0000] {logging_mixin.py:190} INFO - [2026-09-25T16:15:16.256+0000] {dag.py:3239} INFO - Sync 1 DAGs
[2026-09-25T16:15:16.729+0000] {logging_mixin.py:190} INFO - [2026-09-25T16:15:16.728+0000] {dag.py:4180} INFO - Setting next_dagrun for example_python_decorator to None, run_after=None
[2026-09-25T16:15:17.174+0000] {processor.py:208} INFO - Processing /home/airflow/.local/lib/python3.12/site-packages/airflow/example_dags/example_python_decorator.py took 3.796 seconds
[2026-09-25T16:17:30.529+0000] {processor.py:186} INFO - Started process (PID=169) to work on /home/airflow/.local/lib/python3.12/site-packages/airflow/example_dags/example_python_decorator.py
[2026-09-25T16:17:30.533+0000] {processor.py:914} INFO - Processing file /home/airflow/.local/lib/python3.12/site-packages/airflow/example_dags/example_python_decorator.py for tasks to queue
[2026-09-25T16:17:30.545+0000] {logging_mixin.py:190} INFO - [2026-09-25T16:17:30.543+0000] {dagbag.py:588} INFO - Filling up the DagBag from /home/airflow/.local/lib/python3.12/site-packages/airflow/example_dags/example_python_decorator.py
[2026-09-25T16:17:30.704+0000] {processor.py:925} INFO - DAG(s) 'example_python_decorator' retrieved from /home/airflow/.local/lib/python3.12/site-packages/airflow/example_dags/example_python_decorator.py
[2026-09-25T16:17:31.085+0000] {logging_mixin.py:190} INFO - [2026-09-25T16:17:31.084+0000] {dag.py:3239} INFO - Sync 1 DAGs
[2026-09-25T16:17:31.997+0000] {logging_mixin.py:190} INFO - [2026-09-25T16:17:31.996+0000] {dag.py:4180} INFO - Setting next_dagrun for example_python_decorator to None, run_after=None
[2026-09-25T16:17:32.643+0000] {processor.py:208} INFO - Processing /home/airflow/.local/lib/python3.12/site-packages/airflow/example_dags/example_python_decorator.py took 2.181 seconds
[2026-09-25T16:19:22.251+0000] {processor.py:186} INFO - Started process (PID=232) to work on /home/airflow/.local/lib/python3.12/site-packages/airflow/example_dags/example_python_decorator.py
[2026-09-25T16:19:22.272+0000] {processor.py:914} INFO - Processing file /home/airflow/.local/lib/python3.12/site-packages/airflow/example_dags/example_python_decorator.py for tasks to queue
[2026-09-25T16:19:22.356+0000] {logging_mixin.py:190} INFO - [2026-09-25T16:19:22.343+0000] {dagbag.py:588} INFO - Filling up the DagBag from /home/airflow/.local/lib/python3.12/site-packages/airflow/example_dags/example_python_decorator.py
[2026-09-25T16:19:23.100+0000] {processor.py:925} INFO - DAG(s) 'example_python_decorator' retrieved from /home/airflow/.local/lib/python3.12/site-packages/airflow/example_dags/example_python_decorator.py
[2026-09-25T16:19:23.395+0000] {logging_mixin.py:190} INFO - [2026-09-25T16:19:23.395+0000] {dag.py:3239} INFO - Sync 1 DAGs
[2026-09-25T16:19:23.556+0000] {logging_mixin.py:190} INFO - [2026-09-25T16:19:23.555+0000] {dag.py:4180} INFO - Setting next_dagrun for example_python_decorator to None, run_after=None
[2026-09-25T16:19:24.045+0000] {processor.py:208} INFO - Processing /home/airflow/.local/lib/python3.12/site-packages/airflow/example_dags/example_python_decorator.py took 2.190 seconds
[2026-09-25T16:20:25.425+0000] {processor.py:186} INFO - Started process (PID=289) to work on /home/airflow/.local/lib/python3.12/site-packages/airflow/example_dags/example_python_decorator.py
[2026-09-25T16:20:25.430+0000] {processor.py:914} INFO - Processing file /home/airflow/.local/lib/python3.12/site-packages/airflow/example_dags/example_python_decorator.py for tasks to queue
[2026-09-25T16:20:25.436+0000] {logging_mixin.py:190} INFO - [2026-09-25T16:20:25.435+0000] {dagbag.py:588} INFO - Filling up the DagBag from /home/airflow/.local/lib/python3.12/site-packages/airflow/example_dags/example_python_decorator.py
[2026-09-25T16:20:25.519+0000] {processor.py:925} INFO - DAG(s) 'example_python_decorator' retrieved from /home/airflow/.local/lib/python3.12/site-packages/airflow/example_dags/example_python_decorator.py
[2026-09-25T16:20:25.606+0000] {logging_mixin.py:190} INFO - [2026-09-25T16:20:25.606+0000] {dag.py:3239} INFO - Sync 1 DAGs
[2026-09-25T16:20:25.650+0000] {logging_mixin.py:190} INFO - [2026-09-25T16:20:25.649+0000] {dag.py:4180} INFO - Setting next_dagrun for example_python_decorator to None, run_after=None
[2026-09-25T16:20:25.755+0000] {processor.py:208} INFO - Processing /home/airflow/.local/lib/python3.12/site-packages/airflow/example_dags/example_python_decorator.py took 0.343 seconds
[2026-09-25T16:21:17.576+0000] {processor.py:186} INFO - Started process (PID=343) to work on /home/airflow/.local/lib/python3.12/site-packages/airflow/example_dags/example_python_decorator.py
[2026-09-25T16:21:17.594+0000] {processor.py:914} INFO - Processing file /home/airflow/.local/lib/python3.12/site-packages/airflow/example_dags/example_python_decorator.py for tasks to queue
[2026-09-25T16:21:17.614+0000] {logging_mixin.py:190} INFO - [2026-09-25T16:21:17.605+0000] {dagbag.py:588} INFO - Filling up the DagBag from /home/airflow/.local/lib/python3.12/site-packages/airflow/example_dags/example_python_decorator.py
[2026-09-25T16:21:17.786+0000] {processor.py:925} INFO - DAG(s) 'example_python_decorator' retrieved from /home/airflow/.local/lib/python3.12/site-packages/airflow/example_dags/example_python_decorator.py
[2026-09-25T16:21:18.055+0000] {logging_mixin.py:190} INFO - [2026-09-25T16:21:18.054+0000] {dag.py:3239} INFO - Sync 1 DAGs
[2026-09-25T16:21:18.235+0000] {logging_mixin.py:190} INFO - [2026-09-25T16:21:18.234+0000] {dag.py:4180} INFO - Setting next_dagrun for example_python_decorator to None, run_after=None
[2026-09-25T16:21:18.589+0000] {processor.py:208} INFO - Processing /home/airflow/.local/lib/python3.12/site-packages/airflow/example_dags/example_python_decorator.py took 1.056 seconds
[2026-09-25T16:22:23.935+0000] {processor.py:186} INFO - Started process (PID=410) to work on /home/airflow/.local/lib/python3.12/site-packages/airflow/example_dags/example_python_decorator.py
[2026-09-25T16:22:23.938+0000] {processor.py:914} INFO - Processing file /home/airflow/.local/lib/python3.12/site-packages/airflow/example_dags/example_python_decorator.py for tasks to queue
[2026-09-25T16:22:23.943+0000] {logging_mixin.py:190} INFO - [2026-09-25T16:22:23.942+0000] {dagbag.py:588} INFO - Filling up the DagBag from /home/airflow/.local/lib/python3.12/site-packages/airflow/example_dags/example_python_decorator.py
[2026-09-25T16:22:24.111+0000] {processor.py:925} INFO - DAG(s) 'example_python_decorator' retrieved from /home/airflow/.local/lib/python3.12/site-packages/airflow/example_dags/example_python_decorator.py
[2026-09-25T16:22:24.358+0000] {logging_mixin.py:190} INFO - [2026-09-25T16:22:24.333+0000] {dag.py:3239} INFO - Sync 1 DAGs
[2026-09-25T16:22:24.709+0000] {logging_mixin.py:190} INFO - [2026-09-25T16:22:24.708+0000] {dag.py:4180} INFO - Setting next_dagrun for example_python_decorator to None, run_after=None
[2026-09-25T16:22:24.892+0000] {processor.py:208} INFO - Processing /home/airflow/.local/lib/python3.12/site-packages/airflow/example_dags/example_python_decorator.py took 1.020 seconds
[2026-09-25T16:23:07.409+0000] {processor.py:186} INFO - Started process (PID=479) to work on /home/airflow/.local/lib/python3.12/site-packages/airflow/example_dags/example_python_decorator.py
[2026-09-25T16:23:07.429+0000] {processor.py:914} INFO - Processing file /home/airflow/.local/lib/python3.12/site-packages/airflow/example_dags/example_python_decorator.py for tasks to queue
[2026-09-25T16:23:07.455+0000] {logging_mixin.py:190} INFO - [2026-09-25T16:23:07.442+0000] {dagbag.py:588} INFO - Filling up the DagBag from /home/airflow/.local/lib/python3.12/site-packages/airflow/example_dags/example_python_decorator.py
[2026-09-25T16:23:07.591+0000] {processor.py:925} INFO - DAG(s) 'example_python_decorator' retrieved from /home/airflow/.local/lib/python3.12/site-packages/airflow/example_dags/example_python_decorator.py
[2026-09-25T16:23:07.775+0000] {logging_mixin.py:190} INFO - [2026-09-25T16:23:07.774+0000] {dag.py:3239} INFO - Sync 1 DAGs
[2026-09-25T16:23:07.826+0000] {logging_mixin.py:190} INFO - [2026-09-25T16:23:07.826+0000] {dag.py:4180} INFO - Setting next_dagrun for example_python_decorator to None, run_after=None
[2026-09-25T16:23:07.880+0000] {processor.py:208} INFO - Processing /home/airflow/.local/lib/python3.12/site-packages/airflow/example_dags/example_python_decorator.py took 0.547 seconds
[2026-09-25T16:23:47.322+0000] {processor.py:186} INFO - Started process (PID=534) to work on /home/airflow/.local/lib/python3.12/site-packages/airflow/example_dags/example_python_decorator.py
[2026-09-25T16:23:47.362+0000] {processor.py:914} INFO - Processing file /home/airflow/.local/lib/python3.12/site-packages/airflow/example_dags/example_python_decorator.py for tasks to queue
[2026-09-25T16:23:47.367+0000] {logging_mixin.py:190} INFO - [2026-09-25T16:23:47.366+0000] {dagbag.py:588} INFO - Filling up the DagBag from /home/airflow/.local/lib/python3.12/site-packages/airflow/example_dags/example_python_decorator.py
[2026-09-25T16:23:47.492+0000] {processor.py:925} INFO - DAG(s) 'example_python_decorator' retrieved from /home/airflow/.local/lib/python3.12/site-packages/airflow/example_dags/example_python_decorator.py
[2026-09-25T16:23:47.639+0000] {logging_mixin.py:190} INFO - [2026-09-25T16:23:47.638+0000] {dag.py:3239} INFO - Sync 1 DAGs
[2026-09-25T16:23:47.723+0000] {logging_mixin.py:190} INFO - [2026-09-25T16:23:47.722+0000] {dag.py:4180} INFO - Setting next_dagrun for example_python_decorator to None, run_after=None
[2026-09-25T16:23:47.822+0000] {processor.py:208} INFO - Processing /home/airflow/.local/lib/python3.12/site-packages/airflow/example_dags/example_python_decorator.py took 0.541 seconds
[2026-09-25T16:24:18.099+0000] {processor.py:186} INFO - Started process (PID=597) to work on /home/airflow/.local/lib/python3.12/site-packages/airflow/example_dags/example_python_decorator.py
[2026-09-25T16:24:18.102+0000] {processor.py:914} INFO - Processing file /home/airflow/.local/lib/python3.12/site-packages/airflow/example_dags/example_python_decorator.py for tasks to queue
[2026-09-25T16:24:18.109+0000] {logging_mixin.py:190} INFO - [2026-09-25T16:24:18.108+0000] {dagbag.py:588} INFO - Filling up the DagBag from /home/airflow/.local/lib/python3.12/site-packages/airflow/example_dags/example_python_decorator.py
[2026-09-25T16:24:18.151+0000] {processor.py:925} INFO - DAG(s) 'example_python_decorator' retrieved from /home/airflow/.local/lib/python3.12/site-packages/airflow/example_dags/example_python_decorator.py
[2026-09-25T16:24:18.224+0000] {logging_mixin.py:190} INFO - [2026-09-25T16:24:18.224+0000] {dag.py:3239} INFO - Sync 1 DAGs
[2026-09-25T16:24:18.276+0000] {logging_mixin.py:190} INFO - [2026-09-25T16:24:18.275+0000] {dag.py:4180} INFO - Setting next_dagrun for example_python_decorator to None, run_after=None
[2026-09-25T16:24:18.333+0000] {processor.py:208} INFO - Processing /home/airflow/.local/lib/python3.12/site-packages/airflow/example_dags/example_python_decorator.py took 0.251 seconds
[2026-09-25T16:24:56.696+0000] {processor.py:186} INFO - Started process (PID=656) to work on /home/airflow/.local/lib/python3.12/site-packages/airflow/example_dags/example_python_decorator.py
[2026-09-25T16:24:56.716+0000] {processor.py:914} INFO - Processing file /home/airflow/.local/lib/python3.12/site-packages/airflow/example_dags/example_python_decorator.py for tasks to queue
[2026-09-25T16:24:56.824+0000] {logging_mixin.py:190} INFO - [2026-09-25T16:24:56.823+0000] {dagbag.py:588} INFO - Filling up the DagBag from /home/airflow/.local/lib/python3.12/site-packages/airflow/example_dags/example_python_decorator.py
[2026-09-25T16:24:56.965+0000] {processor.py:925} INFO - DAG(s) 'example_python_decorator' retrieved from /home/airflow/.local/lib/python3.12/site-packages/airflow/example_dags/example_python_decorator.py
[2026-09-25T16:24:57.233+0000] {logging_mixin.py:190} INFO - [2026-09-25T16:24:57.232+0000] {dag.py:3239} INFO - Sync 1 DAGs
[2026-09-25T16:24:57.473+0000] {logging_mixin.py:190} INFO - [2026-09-25T16:24:57.472+0000] {dag.py:4180} INFO - Setting next_dagrun for example_python_decorator to None, run_after=None
[2026-09-25T16:24:57.973+0000] {processor.py:208} INFO - Processing /home/airflow/.local/lib/python3.12/site-packages/airflow/example_dags/example_python_decorator.py took 1.346 seconds
[2026-09-25T16:25:28.249+0000] {processor.py:186} INFO - Started process (PID=718) to work on /home/airflow/.local/lib/python3.12/site-packages/airflow/example_dags/example_python_decorator.py
[2026-09-25T16:25:28.266+0000] {processor.py:914} INFO - Processing file /home/airflow/.local/lib/python3.12/site-packages/airflow/example_dags/example_python_decorator.py for tasks to queue
[2026-09-25T16:25:28.291+0000] {logging_mixin.py:190} INFO - [2026-09-25T16:25:28.283+0000] {dagbag.py:588} INFO - Filling up the DagBag from /home/airflow/.local/lib/python3.12/site-packages/airflow/example_dags/example_python_decorator.py
[2026-09-25T16:25:28.499+0000] {processor.py:925} INFO - DAG(s) 'example_python_decorator' retrieved from /home/airflow/.local/lib/python3.12/site-packages/airflow/example_dags/example_python_decorator.py
[2026-09-25T16:25:28.633+0000] {logging_mixin.py:190} INFO - [2026-09-25T16:25:28.632+0000] {dag.py:3239} INFO - Sync 1 DAGs
[2026-09-25T16:25:28.685+0000] {logging_mixin.py:190} INFO - [2026-09-25T16:25:28.685+0000] {dag.py:4180} INFO - Setting next_dagrun for example_python_decorator to None, run_after=None
[2026-09-25T16:25:28.798+0000] {processor.py:208} INFO - Processing /home/airflow/.local/lib/python3.12/site-packages/airflow/example_dags/example_python_decorator.py took 0.615 seconds
[2026-09-25T16:26:05.663+0000] {processor.py:186} INFO - Started process (PID=780) to work on /home/airflow/.local/lib/python3.12/site-packages/airflow/example_dags/example_python_decorator.py
[2026-09-25T16:26:05.665+0000] {processor.py:914} INFO - Processing file /home/airflow/.local/lib/python3.12/site-packages/airflow/example_dags/example_python_decorator.py for tasks to queue
[2026-09-25T16:26:05.677+0000] {logging_mixin.py:190} INFO - [2026-09-25T16:26:05.676+0000] {dagbag.py:588} INFO - Filling up the DagBag from /home/airflow/.local/lib/python3.12/site-packages/airflow/example_dags/example_python_decorator.py
[2026-09-25T16:26:05.732+0000] {processor.py:925} INFO - DAG(s) 'example_python_decorator' retrieved from /home/airflow/.local/lib/python3.12/site-packages/airflow/example_dags/example_python_decorator.py
[2026-09-25T16:26:05.877+0000] {logging_mixin.py:190} INFO - [2026-09-25T16:26:05.877+0000] {dag.py:3239} INFO - Sync 1 DAGs
[2026-09-25T16:26:05.989+0000] {logging_mixin.py:190} INFO - [2026-09-25T16:26:05.988+0000] {dag.py:4180} INFO - Setting next_dagrun for example_python_decorator to None, run_after=None
[2026-09-25T16:26:06.069+0000] {processor.py:208} INFO - Processing /home/airflow/.local/lib/python3.12/site-packages/airflow/example_dags/example_python_decorator.py took 0.451 seconds
[2026-09-25T16:26:37.180+0000] {processor.py:186} INFO - Started process (PID=842) to work on /home/airflow/.local/lib/python3.12/site-packages/airflow/example_dags/example_python_decorator.py
[2026-09-25T16:26:37.184+0000] {processor.py:914} INFO - Processing file /home/airflow/.local/lib/python3.12/site-packages/airflow/example_dags/example_python_decorator.py for tasks to queue
[2026-09-25T16:26:37.196+0000] {logging_mixin.py:190} INFO - [2026-09-25T16:26:37.193+0000] {dagbag.py:588} INFO - Filling up the DagBag from /home/airflow/.local/lib/python3.12/site-packages/airflow/example_dags/example_python_decorator.py
[2026-09-25T16:26:37.246+0000] {processor.py:925} INFO - DAG(s) 'example_python_decorator' retrieved from /home/airflow/.local/lib/python3.12/site-packages/airflow/example_dags/example_python_decorator.py
[2026-09-25T16:26:37.318+0000] {logging_mixin.py:190} INFO - [2026-09-25T16:26:37.318+0000] {dag.py:3239} INFO - Sync 1 DAGs
[2026-09-25T16:26:37.382+0000] {logging_mixin.py:190} INFO - [2026-09-25T16:26:37.382+0000] {dag.py:4180} INFO - Setting next_dagrun for example_python_decorator to None, run_after=None
[2026-09-25T16:26:37.431+0000] {processor.py:208} INFO - Processing /home/airflow/.local/lib/python3.12/site-packages/airflow/example_dags/example_python_decorator.py took 0.265 seconds
[2026-09-25T16:27:16.514+0000] {processor.py:186} INFO - Started process (PID=911) to work on /home/airflow/.local/lib/python3.12/site-packages/airflow/example_dags/example_python_decorator.py
[2026-09-25T16:27:16.517+0000] {processor.py:914} INFO - Processing file /home/airflow/.local/lib/python3.12/site-packages/airflow/example_dags/example_python_decorator.py for tasks to queue
[2026-09-25T16:27:16.523+0000] {logging_mixin.py:190} INFO - [2026-09-25T16:27:16.522+0000] {dagbag.py:588} INFO - Filling up the DagBag from /home/airflow/.local/lib/python3.12/site-packages/airflow/example_dags/example_python_decorator.py
[2026-09-25T16:27:16.570+0000] {processor.py:925} INFO - DAG(s) 'example_python_decorator' retrieved from /home/airflow/.local/lib/python3.12/site-packages/airflow/example_dags/example_python_decorator.py
[2026-09-25T16:27:16.652+0000] {logging_mixin.py:190} INFO - [2026-09-25T16:27:16.651+0000] {dag.py:3239} INFO - Sync 1 DAGs
[2026-09-25T16:27:16.694+0000] {logging_mixin.py:190} INFO - [2026-09-25T16:27:16.693+0000] {dag.py:4180} INFO - Setting next_dagrun for example_python_decorator to None, run_after=None
[2026-09-25T16:27:16.746+0000] {processor.py:208} INFO - Processing /home/airflow/.local/lib/python3.12/site-packages/airflow/example_dags/example_python_decorator.py took 0.246 seconds
[2026-09-25T16:28:02.710+0000] {processor.py:186} INFO - Started process (PID=966) to work on /home/airflow/.local/lib/python3.12/site-packages/airflow/example_dags/example_python_decorator.py
[2026-09-25T16:28:02.762+0000] {processor.py:914} INFO - Processing file /home/airflow/.local/lib/python3.12/site-packages/airflow/example_dags/example_python_decorator.py for tasks to queue
[2026-09-25T16:28:02.822+0000] {logging_mixin.py:190} INFO - [2026-09-25T16:28:02.821+0000] {dagbag.py:588} INFO - Filling up the DagBag from /home/airflow/.local/lib/python3.12/site-packages/airflow/example_dags/example_python_decorator.py
[2026-09-25T16:28:02.893+0000] {processor.py:925} INFO - DAG(s) 'example_python_decorator' retrieved from /home/airflow/.local/lib/python3.12/site-packages/airflow/example_dags/example_python_decorator.py
[2026-09-25T16:28:03.216+0000] {logging_mixin.py:190} INFO - [2026-09-25T16:28:03.216+0000] {dag.py:3239} INFO - Sync 1 DAGs
[2026-09-25T16:28:03.356+0000] {logging_mixin.py:190} INFO - [2026-09-25T16:28:03.355+0000] {dag.py:4180} INFO - Setting next_dagrun for example_python_decorator to None, run_after=None
[2026-09-25T16:28:03.433+0000] {processor.py:208} INFO - Processing /home/airflow/.local/lib/python3.12/site-packages/airflow/example_dags/example_python_decorator.py took 0.740 seconds
[2026-09-25T16:28:49.522+0000] {processor.py:186} INFO - Started process (PID=1031) to work on /home/airflow/.local/lib/python3.12/site-packages/airflow/example_dags/example_python_decorator.py
[2026-09-25T16:28:49.548+0000] {processor.py:914} INFO - Processing file /home/airflow/.local/lib/python3.12/site-packages/airflow/example_dags/example_python_decorator.py for tasks to queue
[2026-09-25T16:28:49.605+0000] {logging_mixin.py:190} INFO - [2026-09-25T16:28:49.604+0000] {dagbag.py:588} INFO - Filling up the DagBag from /home/airflow/.local/lib/python3.12/site-packages/airflow/example_dags/example_python_decorator.py
[2026-09-25T16:28:49.826+0000] {processor.py:925} INFO - DAG(s) 'example_python_decorator' retrieved from /home/airflow/.local/lib/python3.12/site-packages/airflow/example_dags/example_python_decorator.py
[2026-09-25T16:28:50.420+0000] {logging_mixin.py:190} INFO - [2026-09-25T16:28:50.420+0000] {dag.py:3239} INFO - Sync 1 DAGs
[2026-09-25T16:28:50.753+0000] {logging_mixin.py:190} INFO - [2026-09-25T16:28:50.752+0000] {dag.py:4180} INFO - Setting next_dagrun for example_python_decorator to None, run_after=None
[2026-09-25T16:28:51.027+0000] {processor.py:208} INFO - Processing /home/airflow/.local/lib/python3.12/site-packages/airflow/example_dags/example_python_decorator.py took 1.644 seconds
[2026-09-25T16:43:09.734+0000] {processor.py:186} INFO - Started process (PID=64) to work on /home/airflow/.local/lib/python3.12/site-packages/airflow/example_dags/example_python_decorator.py
[2026-09-25T16:43:09.745+0000] {processor.py:914} INFO - Processing file /home/airflow/.local/lib/python3.12/site-packages/airflow/example_dags/example_python_decorator.py for tasks to queue
[2026-09-25T16:43:09.769+0000] {logging_mixin.py:190} INFO - [2026-09-25T16:43:09.768+0000] {dagbag.py:588} INFO - Filling up the DagBag from /home/airflow/.local/lib/python3.12/site-packages/airflow/example_dags/example_python_decorator.py
[2026-09-25T16:43:09.829+0000] {processor.py:925} INFO - DAG(s) 'example_python_decorator' retrieved from /home/airflow/.local/lib/python3.12/site-packages/airflow/example_dags/example_python_decorator.py
[2026-09-25T16:43:10.593+0000] {logging_mixin.py:190} INFO - [2026-09-25T16:43:10.592+0000] {dag.py:3239} INFO - Sync 1 DAGs
[2026-09-25T16:43:10.713+0000] {logging_mixin.py:190} INFO - [2026-09-25T16:43:10.711+0000] {dag.py:4180} INFO - Setting next_dagrun for example_python_decorator to None, run_after=None
[2026-09-25T16:43:10.784+0000] {processor.py:208} INFO - Processing /home/airflow/.local/lib/python3.12/site-packages/airflow/example_dags/example_python_decorator.py took 1.068 seconds
[2026-09-25T16:44:02.725+0000] {processor.py:186} INFO - Started process (PID=132) to work on /home/airflow/.local/lib/python3.12/site-packages/airflow/example_dags/example_python_decorator.py
[2026-09-25T16:44:02.728+0000] {processor.py:914} INFO - Processing file /home/airflow/.local/lib/python3.12/site-packages/airflow/example_dags/example_python_decorator.py for tasks to queue
[2026-09-25T16:44:02.734+0000] {logging_mixin.py:190} INFO - [2026-09-25T16:44:02.734+0000] {dagbag.py:588} INFO - Filling up the DagBag from /home/airflow/.local/lib/python3.12/site-packages/airflow/example_dags/example_python_decorator.py
[2026-09-25T16:44:02.776+0000] {processor.py:925} INFO - DAG(s) 'example_python_decorator' retrieved from /home/airflow/.local/lib/python3.12/site-packages/airflow/example_dags/example_python_decorator.py
[2026-09-25T16:44:02.859+0000] {logging_mixin.py:190} INFO - [2026-09-25T16:44:02.859+0000] {dag.py:3239} INFO - Sync 1 DAGs
[2026-09-25T16:44:02.899+0000] {logging_mixin.py:190} INFO - [2026-09-25T16:44:02.899+0000] {dag.py:4180} INFO - Setting next_dagrun for example_python_decorator to None, run_after=None
[2026-09-25T16:44:02.956+0000] {processor.py:208} INFO - Processing /home/airflow/.local/lib/python3.12/site-packages/airflow/example_dags/example_python_decorator.py took 0.247 seconds
[2026-09-25T16:44:33.605+0000] {processor.py:186} INFO - Started process (PID=195) to work on /home/airflow/.local/lib/python3.12/site-packages/airflow/example_dags/example_python_decorator.py
[2026-09-25T16:44:33.609+0000] {processor.py:914} INFO - Processing file /home/airflow/.local/lib/python3.12/site-packages/airflow/example_dags/example_python_decorator.py for tasks to queue
[2026-09-25T16:44:33.615+0000] {logging_mixin.py:190} INFO - [2026-09-25T16:44:33.614+0000] {dagbag.py:588} INFO - Filling up the DagBag from /home/airflow/.local/lib/python3.12/site-packages/airflow/example_dags/example_python_decorator.py
[2026-09-25T16:44:33.660+0000] {processor.py:925} INFO - DAG(s) 'example_python_decorator' retrieved from /home/airflow/.local/lib/python3.12/site-packages/airflow/example_dags/example_python_decorator.py
[2026-09-25T16:44:33.734+0000] {logging_mixin.py:190} INFO - [2026-09-25T16:44:33.734+0000] {dag.py:3239} INFO - Sync 1 DAGs
[2026-09-25T16:44:33.778+0000] {logging_mixin.py:190} INFO - [2026-09-25T16:44:33.778+0000] {dag.py:4180} INFO - Setting next_dagrun for example_python_decorator to None, run_after=None
[2026-09-25T16:44:33.866+0000] {processor.py:208} INFO - Processing /home/airflow/.local/lib/python3.12/site-packages/airflow/example_dags/example_python_decorator.py took 0.277 seconds
[2026-09-25T16:45:11.966+0000] {processor.py:186} INFO - Started process (PID=251) to work on /home/airflow/.local/lib/python3.12/site-packages/airflow/example_dags/example_python_decorator.py
[2026-09-25T16:45:11.969+0000] {processor.py:914} INFO - Processing file /home/airflow/.local/lib/python3.12/site-packages/airflow/example_dags/example_python_decorator.py for tasks to queue
[2026-09-25T16:45:11.975+0000] {logging_mixin.py:190} INFO - [2026-09-25T16:45:11.974+0000] {dagbag.py:588} INFO - Filling up the DagBag from /home/airflow/.local/lib/python3.12/site-packages/airflow/example_dags/example_python_decorator.py
[2026-09-25T16:45:12.033+0000] {processor.py:925} INFO - DAG(s) 'example_python_decorator' retrieved from /home/airflow/.local/lib/python3.12/site-packages/airflow/example_dags/example_python_decorator.py
[2026-09-25T16:45:12.127+0000] {logging_mixin.py:190} INFO - [2026-09-25T16:45:12.126+0000] {dag.py:3239} INFO - Sync 1 DAGs
[2026-09-25T16:45:12.168+0000] {logging_mixin.py:190} INFO - [2026-09-25T16:45:12.168+0000] {dag.py:4180} INFO - Setting next_dagrun for example_python_decorator to None, run_after=None
[2026-09-25T16:45:12.226+0000] {processor.py:208} INFO - Processing /home/airflow/.local/lib/python3.12/site-packages/airflow/example_dags/example_python_decorator.py took 0.277 seconds
[2026-09-25T16:45:46.288+0000] {processor.py:186} INFO - Started process (PID=313) to work on /home/airflow/.local/lib/python3.12/site-packages/airflow/example_dags/example_python_decorator.py
[2026-09-25T16:45:46.291+0000] {processor.py:914} INFO - Processing file /home/airflow/.local/lib/python3.12/site-packages/airflow/example_dags/example_python_decorator.py for tasks to queue
[2026-09-25T16:45:46.301+0000] {logging_mixin.py:190} INFO - [2026-09-25T16:45:46.299+0000] {dagbag.py:588} INFO - Filling up the DagBag from /home/airflow/.local/lib/python3.12/site-packages/airflow/example_dags/example_python_decorator.py
[2026-09-25T16:45:46.373+0000] {processor.py:925} INFO - DAG(s) 'example_python_decorator' retrieved from /home/airflow/.local/lib/python3.12/site-packages/airflow/example_dags/example_python_decorator.py
[2026-09-25T16:45:46.467+0000] {logging_mixin.py:190} INFO - [2026-09-25T16:45:46.467+0000] {dag.py:3239} INFO - Sync 1 DAGs
[2026-09-25T16:45:46.540+0000] {logging_mixin.py:190} INFO - [2026-09-25T16:45:46.539+0000] {dag.py:4180} INFO - Setting next_dagrun for example_python_decorator to None, run_after=None
[2026-09-25T16:45:46.615+0000] {processor.py:208} INFO - Processing /home/airflow/.local/lib/python3.12/site-packages/airflow/example_dags/example_python_decorator.py took 0.343 seconds
[2026-09-25T16:46:18.975+0000] {processor.py:186} INFO - Started process (PID=375) to work on /home/airflow/.local/lib/python3.12/site-packages/airflow/example_dags/example_python_decorator.py
[2026-09-25T16:46:18.980+0000] {processor.py:914} INFO - Processing file /home/airflow/.local/lib/python3.12/site-packages/airflow/example_dags/example_python_decorator.py for tasks to queue
[2026-09-25T16:46:18.991+0000] {logging_mixin.py:190} INFO - [2026-09-25T16:46:18.990+0000] {dagbag.py:588} INFO - Filling up the DagBag from /home/airflow/.local/lib/python3.12/site-packages/airflow/example_dags/example_python_decorator.py
[2026-09-25T16:46:19.058+0000] {processor.py:925} INFO - DAG(s) 'example_python_decorator' retrieved from /home/airflow/.local/lib/python3.12/site-packages/airflow/example_dags/example_python_decorator.py
[2026-09-25T16:46:19.129+0000] {logging_mixin.py:190} INFO - [2026-09-25T16:46:19.129+0000] {dag.py:3239} INFO - Sync 1 DAGs
[2026-09-25T16:46:19.184+0000] {logging_mixin.py:190} INFO - [2026-09-25T16:46:19.183+0000] {dag.py:4180} INFO - Setting next_dagrun for example_python_decorator to None, run_after=None
[2026-09-25T16:46:19.253+0000] {processor.py:208} INFO - Processing /home/airflow/.local/lib/python3.12/site-packages/airflow/example_dags/example_python_decorator.py took 0.296 seconds
[2026-09-25T16:46:51.244+0000] {processor.py:186} INFO - Started process (PID=438) to work on /home/airflow/.local/lib/python3.12/site-packages/airflow/example_dags/example_python_decorator.py
[2026-09-25T16:46:51.249+0000] {processor.py:914} INFO - Processing file /home/airflow/.local/lib/python3.12/site-packages/airflow/example_dags/example_python_decorator.py for tasks to queue
[2026-09-25T16:46:51.256+0000] {logging_mixin.py:190} INFO - [2026-09-25T16:46:51.256+0000] {dagbag.py:588} INFO - Filling up the DagBag from /home/airflow/.local/lib/python3.12/site-packages/airflow/example_dags/example_python_decorator.py
[2026-09-25T16:46:51.301+0000] {processor.py:925} INFO - DAG(s) 'example_python_decorator' retrieved from /home/airflow/.local/lib/python3.12/site-packages/airflow/example_dags/example_python_decorator.py
[2026-09-25T16:46:51.376+0000] {logging_mixin.py:190} INFO - [2026-09-25T16:46:51.375+0000] {dag.py:3239} INFO - Sync 1 DAGs
[2026-09-25T16:46:51.419+0000] {logging_mixin.py:190} INFO - [2026-09-25T16:46:51.419+0000] {dag.py:4180} INFO - Setting next_dagrun for example_python_decorator to None, run_after=None
[2026-09-25T16:46:51.470+0000] {processor.py:208} INFO - Processing /home/airflow/.local/lib/python3.12/site-packages/airflow/example_dags/example_python_decorator.py took 0.238 seconds
[2026-09-25T16:47:22.321+0000] {processor.py:186} INFO - Started process (PID=499) to work on /home/airflow/.local/lib/python3.12/site-packages/airflow/example_dags/example_python_decorator.py
[2026-09-25T16:47:22.328+0000] {processor.py:914} INFO - Processing file /home/airflow/.local/lib/python3.12/site-packages/airflow/example_dags/example_python_decorator.py for tasks to queue
[2026-09-25T16:47:22.339+0000] {logging_mixin.py:190} INFO - [2026-09-25T16:47:22.338+0000] {dagbag.py:588} INFO - Filling up the DagBag from /home/airflow/.local/lib/python3.12/site-packages/airflow/example_dags/example_python_decorator.py
[2026-09-25T16:47:22.383+0000] {processor.py:925} INFO - DAG(s) 'example_python_decorator' retrieved from /home/airflow/.local/lib/python3.12/site-packages/airflow/example_dags/example_python_decorator.py
[2026-09-25T16:47:22.449+0000] {logging_mixin.py:190} INFO - [2026-09-25T16:47:22.448+0000] {dag.py:3239} INFO - Sync 1 DAGs
[2026-09-25T16:47:22.699+0000] {logging_mixin.py:190} INFO - [2026-09-25T16:47:22.697+0000] {dag.py:4180} INFO - Setting next_dagrun for example_python_decorator to None, run_after=None
[2026-09-25T16:47:22.966+0000] {processor.py:208} INFO - Processing /home/airflow/.local/lib/python3.12/site-packages/airflow/example_dags/example_python_decorator.py took 0.670 seconds
[2026-09-25T16:48:07.507+0000] {processor.py:186} INFO - Started process (PID=566) to work on /home/airflow/.local/lib/python3.12/site-packages/airflow/example_dags/example_python_decorator.py
[2026-09-25T16:48:07.509+0000] {processor.py:914} INFO - Processing file /home/airflow/.local/lib/python3.12/site-packages/airflow/example_dags/example_python_decorator.py for tasks to queue
[2026-09-25T16:48:07.514+0000] {logging_mixin.py:190} INFO - [2026-09-25T16:48:07.513+0000] {dagbag.py:588} INFO - Filling up the DagBag from /home/airflow/.local/lib/python3.12/site-packages/airflow/example_dags/example_python_decorator.py
[2026-09-25T16:48:07.545+0000] {processor.py:925} INFO - DAG(s) 'example_python_decorator' retrieved from /home/airflow/.local/lib/python3.12/site-packages/airflow/example_dags/example_python_decorator.py
[2026-09-25T16:48:07.624+0000] {logging_mixin.py:190} INFO - [2026-09-25T16:48:07.624+0000] {dag.py:3239} INFO - Sync 1 DAGs
[2026-09-25T16:48:08.079+0000] {logging_mixin.py:190} INFO - [2026-09-25T16:48:08.078+0000] {dag.py:4180} INFO - Setting next_dagrun for example_python_decorator to None, run_after=None
[2026-09-25T16:48:08.168+0000] {processor.py:208} INFO - Processing /home/airflow/.local/lib/python3.12/site-packages/airflow/example_dags/example_python_decorator.py took 0.674 seconds
[2026-09-25T16:48:39.378+0000] {processor.py:186} INFO - Started process (PID=629) to work on /home/airflow/.local/lib/python3.12/site-packages/airflow/example_dags/example_python_decorator.py
[2026-09-25T16:48:39.385+0000] {processor.py:914} INFO - Processing file /home/airflow/.local/lib/python3.12/site-packages/airflow/example_dags/example_python_decorator.py for tasks to queue
[2026-09-25T16:48:39.396+0000] {logging_mixin.py:190} INFO - [2026-09-25T16:48:39.395+0000] {dagbag.py:588} INFO - Filling up the DagBag from /home/airflow/.local/lib/python3.12/site-packages/airflow/example_dags/example_python_decorator.py
[2026-09-25T16:48:39.507+0000] {processor.py:925} INFO - DAG(s) 'example_python_decorator' retrieved from /home/airflow/.local/lib/python3.12/site-packages/airflow/example_dags/example_python_decorator.py
[2026-09-25T16:48:39.637+0000] {logging_mixin.py:190} INFO - [2026-09-25T16:48:39.636+0000] {dag.py:3239} INFO - Sync 1 DAGs
[2026-09-25T16:48:39.849+0000] {logging_mixin.py:190} INFO - [2026-09-25T16:48:39.847+0000] {dag.py:4180} INFO - Setting next_dagrun for example_python_decorator to None, run_after=None
[2026-09-25T16:48:39.938+0000] {processor.py:208} INFO - Processing /home/airflow/.local/lib/python3.12/site-packages/airflow/example_dags/example_python_decorator.py took 0.629 seconds
[2026-09-25T16:49:10.617+0000] {processor.py:186} INFO - Started process (PID=691) to work on /home/airflow/.local/lib/python3.12/site-packages/airflow/example_dags/example_python_decorator.py
[2026-09-25T16:49:10.620+0000] {processor.py:914} INFO - Processing file /home/airflow/.local/lib/python3.12/site-packages/airflow/example_dags/example_python_decorator.py for tasks to queue
[2026-09-25T16:49:10.626+0000] {logging_mixin.py:190} INFO - [2026-09-25T16:49:10.625+0000] {dagbag.py:588} INFO - Filling up the DagBag from /home/airflow/.local/lib/python3.12/site-packages/airflow/example_dags/example_python_decorator.py
[2026-09-25T16:49:10.666+0000] {processor.py:925} INFO - DAG(s) 'example_python_decorator' retrieved from /home/airflow/.local/lib/python3.12/site-packages/airflow/example_dags/example_python_decorator.py
[2026-09-25T16:49:10.732+0000] {logging_mixin.py:190} INFO - [2026-09-25T16:49:10.732+0000] {dag.py:3239} INFO - Sync 1 DAGs
[2026-09-25T16:49:10.775+0000] {logging_mixin.py:190} INFO - [2026-09-25T16:49:10.774+0000] {dag.py:4180} INFO - Setting next_dagrun for example_python_decorator to None, run_after=None
[2026-09-25T16:49:10.823+0000] {processor.py:208} INFO - Processing /home/airflow/.local/lib/python3.12/site-packages/airflow/example_dags/example_python_decorator.py took 0.222 seconds
[2026-09-25T16:55:54.599+0000] {processor.py:186} INFO - Started process (PID=70) to work on /home/airflow/.local/lib/python3.12/site-packages/airflow/example_dags/example_python_decorator.py
[2026-09-25T16:55:54.631+0000] {processor.py:914} INFO - Processing file /home/airflow/.local/lib/python3.12/site-packages/airflow/example_dags/example_python_decorator.py for tasks to queue
[2026-09-25T16:55:54.801+0000] {logging_mixin.py:190} INFO - [2026-09-25T16:55:54.789+0000] {dagbag.py:588} INFO - Filling up the DagBag from /home/airflow/.local/lib/python3.12/site-packages/airflow/example_dags/example_python_decorator.py
[2026-09-25T16:55:55.357+0000] {processor.py:925} INFO - DAG(s) 'example_python_decorator' retrieved from /home/airflow/.local/lib/python3.12/site-packages/airflow/example_dags/example_python_decorator.py
[2026-09-25T16:55:57.600+0000] {logging_mixin.py:190} INFO - [2026-09-25T16:55:57.600+0000] {dag.py:3239} INFO - Sync 1 DAGs
[2026-09-25T16:55:57.768+0000] {logging_mixin.py:190} INFO - [2026-09-25T16:55:57.767+0000] {dag.py:4180} INFO - Setting next_dagrun for example_python_decorator to None, run_after=None
[2026-09-25T16:55:58.047+0000] {processor.py:208} INFO - Processing /home/airflow/.local/lib/python3.12/site-packages/airflow/example_dags/example_python_decorator.py took 3.498 seconds
[2026-09-25T16:58:25.195+0000] {processor.py:186} INFO - Started process (PID=149) to work on /home/airflow/.local/lib/python3.12/site-packages/airflow/example_dags/example_python_decorator.py
[2026-09-25T16:58:25.202+0000] {processor.py:914} INFO - Processing file /home/airflow/.local/lib/python3.12/site-packages/airflow/example_dags/example_python_decorator.py for tasks to queue
[2026-09-25T16:58:25.218+0000] {logging_mixin.py:190} INFO - [2026-09-25T16:58:25.215+0000] {dagbag.py:588} INFO - Filling up the DagBag from /home/airflow/.local/lib/python3.12/site-packages/airflow/example_dags/example_python_decorator.py
[2026-09-25T16:58:25.288+0000] {processor.py:925} INFO - DAG(s) 'example_python_decorator' retrieved from /home/airflow/.local/lib/python3.12/site-packages/airflow/example_dags/example_python_decorator.py
[2026-09-25T16:58:25.387+0000] {logging_mixin.py:190} INFO - [2026-09-25T16:58:25.386+0000] {dag.py:3239} INFO - Sync 1 DAGs
[2026-09-25T16:58:25.522+0000] {logging_mixin.py:190} INFO - [2026-09-25T16:58:25.522+0000] {dag.py:4180} INFO - Setting next_dagrun for example_python_decorator to None, run_after=None
[2026-09-25T16:58:25.769+0000] {processor.py:208} INFO - Processing /home/airflow/.local/lib/python3.12/site-packages/airflow/example_dags/example_python_decorator.py took 0.626 seconds
[2026-09-25T16:58:58.150+0000] {processor.py:186} INFO - Started process (PID=212) to work on /home/airflow/.local/lib/python3.12/site-packages/airflow/example_dags/example_python_decorator.py
[2026-09-25T16:58:58.159+0000] {processor.py:914} INFO - Processing file /home/airflow/.local/lib/python3.12/site-packages/airflow/example_dags/example_python_decorator.py for tasks to queue
[2026-09-25T16:58:58.176+0000] {logging_mixin.py:190} INFO - [2026-09-25T16:58:58.174+0000] {dagbag.py:588} INFO - Filling up the DagBag from /home/airflow/.local/lib/python3.12/site-packages/airflow/example_dags/example_python_decorator.py
[2026-09-25T16:58:58.242+0000] {processor.py:925} INFO - DAG(s) 'example_python_decorator' retrieved from /home/airflow/.local/lib/python3.12/site-packages/airflow/example_dags/example_python_decorator.py
[2026-09-25T16:58:58.351+0000] {logging_mixin.py:190} INFO - [2026-09-25T16:58:58.351+0000] {dag.py:3239} INFO - Sync 1 DAGs
[2026-09-25T16:58:58.416+0000] {logging_mixin.py:190} INFO - [2026-09-25T16:58:58.416+0000] {dag.py:4180} INFO - Setting next_dagrun for example_python_decorator to None, run_after=None
[2026-09-25T16:58:58.472+0000] {processor.py:208} INFO - Processing /home/airflow/.local/lib/python3.12/site-packages/airflow/example_dags/example_python_decorator.py took 0.377 seconds
[2026-09-25T16:59:34.693+0000] {processor.py:186} INFO - Started process (PID=281) to work on /home/airflow/.local/lib/python3.12/site-packages/airflow/example_dags/example_python_decorator.py
[2026-09-25T16:59:34.743+0000] {processor.py:914} INFO - Processing file /home/airflow/.local/lib/python3.12/site-packages/airflow/example_dags/example_python_decorator.py for tasks to queue
[2026-09-25T16:59:34.773+0000] {logging_mixin.py:190} INFO - [2026-09-25T16:59:34.772+0000] {dagbag.py:588} INFO - Filling up the DagBag from /home/airflow/.local/lib/python3.12/site-packages/airflow/example_dags/example_python_decorator.py
[2026-09-25T16:59:35.415+0000] {processor.py:925} INFO - DAG(s) 'example_python_decorator' retrieved from /home/airflow/.local/lib/python3.12/site-packages/airflow/example_dags/example_python_decorator.py
[2026-09-25T16:59:36.004+0000] {logging_mixin.py:190} INFO - [2026-09-25T16:59:36.003+0000] {dag.py:3239} INFO - Sync 1 DAGs
[2026-09-25T16:59:36.720+0000] {logging_mixin.py:190} INFO - [2026-09-25T16:59:36.686+0000] {dag.py:4180} INFO - Setting next_dagrun for example_python_decorator to None, run_after=None
[2026-09-25T16:59:37.628+0000] {processor.py:208} INFO - Processing /home/airflow/.local/lib/python3.12/site-packages/airflow/example_dags/example_python_decorator.py took 3.252 seconds
[2026-09-25T17:00:08.186+0000] {processor.py:186} INFO - Started process (PID=343) to work on /home/airflow/.local/lib/python3.12/site-packages/airflow/example_dags/example_python_decorator.py
[2026-09-25T17:00:08.193+0000] {processor.py:914} INFO - Processing file /home/airflow/.local/lib/python3.12/site-packages/airflow/example_dags/example_python_decorator.py for tasks to queue
[2026-09-25T17:00:08.198+0000] {logging_mixin.py:190} INFO - [2026-09-25T17:00:08.197+0000] {dagbag.py:588} INFO - Filling up the DagBag from /home/airflow/.local/lib/python3.12/site-packages/airflow/example_dags/example_python_decorator.py
[2026-09-25T17:00:08.262+0000] {processor.py:925} INFO - DAG(s) 'example_python_decorator' retrieved from /home/airflow/.local/lib/python3.12/site-packages/airflow/example_dags/example_python_decorator.py
[2026-09-25T17:00:08.426+0000] {logging_mixin.py:190} INFO - [2026-09-25T17:00:08.425+0000] {dag.py:3239} INFO - Sync 1 DAGs
[2026-09-25T17:00:08.478+0000] {logging_mixin.py:190} INFO - [2026-09-25T17:00:08.478+0000] {dag.py:4180} INFO - Setting next_dagrun for example_python_decorator to None, run_after=None
[2026-09-25T17:00:08.527+0000] {processor.py:208} INFO - Processing /home/airflow/.local/lib/python3.12/site-packages/airflow/example_dags/example_python_decorator.py took 0.384 seconds
[2026-09-25T17:00:38.819+0000] {processor.py:186} INFO - Started process (PID=406) to work on /home/airflow/.local/lib/python3.12/site-packages/airflow/example_dags/example_python_decorator.py
[2026-09-25T17:00:38.822+0000] {processor.py:914} INFO - Processing file /home/airflow/.local/lib/python3.12/site-packages/airflow/example_dags/example_python_decorator.py for tasks to queue
[2026-09-25T17:00:38.830+0000] {logging_mixin.py:190} INFO - [2026-09-25T17:00:38.830+0000] {dagbag.py:588} INFO - Filling up the DagBag from /home/airflow/.local/lib/python3.12/site-packages/airflow/example_dags/example_python_decorator.py
[2026-09-25T17:00:38.879+0000] {processor.py:925} INFO - DAG(s) 'example_python_decorator' retrieved from /home/airflow/.local/lib/python3.12/site-packages/airflow/example_dags/example_python_decorator.py
[2026-09-25T17:00:39.070+0000] {logging_mixin.py:190} INFO - [2026-09-25T17:00:39.070+0000] {dag.py:3239} INFO - Sync 1 DAGs
[2026-09-25T17:00:39.396+0000] {logging_mixin.py:190} INFO - [2026-09-25T17:00:39.393+0000] {dag.py:4180} INFO - Setting next_dagrun for example_python_decorator to None, run_after=None
[2026-09-25T17:00:39.563+0000] {processor.py:208} INFO - Processing /home/airflow/.local/lib/python3.12/site-packages/airflow/example_dags/example_python_decorator.py took 0.761 seconds
[2026-09-25T17:01:10.221+0000] {processor.py:186} INFO - Started process (PID=468) to work on /home/airflow/.local/lib/python3.12/site-packages/airflow/example_dags/example_python_decorator.py
[2026-09-25T17:01:10.224+0000] {processor.py:914} INFO - Processing file /home/airflow/.local/lib/python3.12/site-packages/airflow/example_dags/example_python_decorator.py for tasks to queue
[2026-09-25T17:01:10.239+0000] {logging_mixin.py:190} INFO - [2026-09-25T17:01:10.238+0000] {dagbag.py:588} INFO - Filling up the DagBag from /home/airflow/.local/lib/python3.12/site-packages/airflow/example_dags/example_python_decorator.py
[2026-09-25T17:01:10.307+0000] {processor.py:925} INFO - DAG(s) 'example_python_decorator' retrieved from /home/airflow/.local/lib/python3.12/site-packages/airflow/example_dags/example_python_decorator.py
[2026-09-25T17:01:10.384+0000] {logging_mixin.py:190} INFO - [2026-09-25T17:01:10.384+0000] {dag.py:3239} INFO - Sync 1 DAGs
[2026-09-25T17:01:10.425+0000] {logging_mixin.py:190} INFO - [2026-09-25T17:01:10.424+0000] {dag.py:4180} INFO - Setting next_dagrun for example_python_decorator to None, run_after=None
[2026-09-25T17:01:10.484+0000] {processor.py:208} INFO - Processing /home/airflow/.local/lib/python3.12/site-packages/airflow/example_dags/example_python_decorator.py took 0.295 seconds
[2026-09-25T17:01:42.030+0000] {processor.py:186} INFO - Started process (PID=529) to work on /home/airflow/.local/lib/python3.12/site-packages/airflow/example_dags/example_python_decorator.py
[2026-09-25T17:01:42.033+0000] {processor.py:914} INFO - Processing file /home/airflow/.local/lib/python3.12/site-packages/airflow/example_dags/example_python_decorator.py for tasks to queue
[2026-09-25T17:01:42.040+0000] {logging_mixin.py:190} INFO - [2026-09-25T17:01:42.039+0000] {dagbag.py:588} INFO - Filling up the DagBag from /home/airflow/.local/lib/python3.12/site-packages/airflow/example_dags/example_python_decorator.py
[2026-09-25T17:01:42.086+0000] {processor.py:925} INFO - DAG(s) 'example_python_decorator' retrieved from /home/airflow/.local/lib/python3.12/site-packages/airflow/example_dags/example_python_decorator.py
[2026-09-25T17:01:42.140+0000] {logging_mixin.py:190} INFO - [2026-09-25T17:01:42.140+0000] {dag.py:3239} INFO - Sync 1 DAGs
[2026-09-25T17:01:42.175+0000] {logging_mixin.py:190} INFO - [2026-09-25T17:01:42.174+0000] {dag.py:4180} INFO - Setting next_dagrun for example_python_decorator to None, run_after=None
[2026-09-25T17:01:42.230+0000] {processor.py:208} INFO - Processing /home/airflow/.local/lib/python3.12/site-packages/airflow/example_dags/example_python_decorator.py took 0.245 seconds
[2026-09-25T17:02:17.614+0000] {processor.py:186} INFO - Started process (PID=570) to work on /home/airflow/.local/lib/python3.12/site-packages/airflow/example_dags/example_python_decorator.py
[2026-09-25T17:02:17.617+0000] {processor.py:914} INFO - Processing file /home/airflow/.local/lib/python3.12/site-packages/airflow/example_dags/example_python_decorator.py for tasks to queue
[2026-09-25T17:02:17.627+0000] {logging_mixin.py:190} INFO - [2026-09-25T17:02:17.626+0000] {dagbag.py:588} INFO - Filling up the DagBag from /home/airflow/.local/lib/python3.12/site-packages/airflow/example_dags/example_python_decorator.py
[2026-09-25T17:02:17.693+0000] {processor.py:925} INFO - DAG(s) 'example_python_decorator' retrieved from /home/airflow/.local/lib/python3.12/site-packages/airflow/example_dags/example_python_decorator.py
[2026-09-25T17:02:17.758+0000] {logging_mixin.py:190} INFO - [2026-09-25T17:02:17.757+0000] {dag.py:3239} INFO - Sync 1 DAGs
[2026-09-25T17:02:17.813+0000] {logging_mixin.py:190} INFO - [2026-09-25T17:02:17.813+0000] {dag.py:4180} INFO - Setting next_dagrun for example_python_decorator to None, run_after=None
[2026-09-25T17:02:17.913+0000] {processor.py:208} INFO - Processing /home/airflow/.local/lib/python3.12/site-packages/airflow/example_dags/example_python_decorator.py took 0.373 seconds
[2026-09-25T17:02:49.269+0000] {processor.py:186} INFO - Started process (PID=633) to work on /home/airflow/.local/lib/python3.12/site-packages/airflow/example_dags/example_python_decorator.py
[2026-09-25T17:02:49.274+0000] {processor.py:914} INFO - Processing file /home/airflow/.local/lib/python3.12/site-packages/airflow/example_dags/example_python_decorator.py for tasks to queue
[2026-09-25T17:02:49.284+0000] {logging_mixin.py:190} INFO - [2026-09-25T17:02:49.283+0000] {dagbag.py:588} INFO - Filling up the DagBag from /home/airflow/.local/lib/python3.12/site-packages/airflow/example_dags/example_python_decorator.py
[2026-09-25T17:02:49.354+0000] {processor.py:925} INFO - DAG(s) 'example_python_decorator' retrieved from /home/airflow/.local/lib/python3.12/site-packages/airflow/example_dags/example_python_decorator.py
[2026-09-25T17:02:49.420+0000] {logging_mixin.py:190} INFO - [2026-09-25T17:02:49.419+0000] {dag.py:3239} INFO - Sync 1 DAGs
[2026-09-25T17:02:49.470+0000] {logging_mixin.py:190} INFO - [2026-09-25T17:02:49.470+0000] {dag.py:4180} INFO - Setting next_dagrun for example_python_decorator to None, run_after=None
[2026-09-25T17:02:49.528+0000] {processor.py:208} INFO - Processing /home/airflow/.local/lib/python3.12/site-packages/airflow/example_dags/example_python_decorator.py took 0.280 seconds
[2026-09-25T17:03:19.759+0000] {processor.py:186} INFO - Started process (PID=696) to work on /home/airflow/.local/lib/python3.12/site-packages/airflow/example_dags/example_python_decorator.py
[2026-09-25T17:03:19.762+0000] {processor.py:914} INFO - Processing file /home/airflow/.local/lib/python3.12/site-packages/airflow/example_dags/example_python_decorator.py for tasks to queue
[2026-09-25T17:03:19.766+0000] {logging_mixin.py:190} INFO - [2026-09-25T17:03:19.766+0000] {dagbag.py:588} INFO - Filling up the DagBag from /home/airflow/.local/lib/python3.12/site-packages/airflow/example_dags/example_python_decorator.py
[2026-09-25T17:03:19.793+0000] {processor.py:925} INFO - DAG(s) 'example_python_decorator' retrieved from /home/airflow/.local/lib/python3.12/site-packages/airflow/example_dags/example_python_decorator.py
[2026-09-25T17:03:19.837+0000] {logging_mixin.py:190} INFO - [2026-09-25T17:03:19.836+0000] {dag.py:3239} INFO - Sync 1 DAGs
[2026-09-25T17:03:19.861+0000] {logging_mixin.py:190} INFO - [2026-09-25T17:03:19.861+0000] {dag.py:4180} INFO - Setting next_dagrun for example_python_decorator to None, run_after=None
[2026-09-25T17:03:19.898+0000] {processor.py:208} INFO - Processing /home/airflow/.local/lib/python3.12/site-packages/airflow/example_dags/example_python_decorator.py took 0.151 seconds
[2026-09-25T17:03:51.793+0000] {processor.py:186} INFO - Started process (PID=757) to work on /home/airflow/.local/lib/python3.12/site-packages/airflow/example_dags/example_python_decorator.py
[2026-09-25T17:03:51.797+0000] {processor.py:914} INFO - Processing file /home/airflow/.local/lib/python3.12/site-packages/airflow/example_dags/example_python_decorator.py for tasks to queue
[2026-09-25T17:03:51.801+0000] {logging_mixin.py:190} INFO - [2026-09-25T17:03:51.801+0000] {dagbag.py:588} INFO - Filling up the DagBag from /home/airflow/.local/lib/python3.12/site-packages/airflow/example_dags/example_python_decorator.py
[2026-09-25T17:03:51.836+0000] {processor.py:925} INFO - DAG(s) 'example_python_decorator' retrieved from /home/airflow/.local/lib/python3.12/site-packages/airflow/example_dags/example_python_decorator.py
[2026-09-25T17:03:51.926+0000] {logging_mixin.py:190} INFO - [2026-09-25T17:03:51.925+0000] {dag.py:3239} INFO - Sync 1 DAGs
[2026-09-25T17:03:52.071+0000] {logging_mixin.py:190} INFO - [2026-09-25T17:03:52.071+0000] {dag.py:4180} INFO - Setting next_dagrun for example_python_decorator to None, run_after=None
[2026-09-25T17:03:52.458+0000] {processor.py:208} INFO - Processing /home/airflow/.local/lib/python3.12/site-packages/airflow/example_dags/example_python_decorator.py took 0.676 seconds
[2026-09-25T17:04:23.208+0000] {processor.py:186} INFO - Started process (PID=820) to work on /home/airflow/.local/lib/python3.12/site-packages/airflow/example_dags/example_python_decorator.py
[2026-09-25T17:04:23.211+0000] {processor.py:914} INFO - Processing file /home/airflow/.local/lib/python3.12/site-packages/airflow/example_dags/example_python_decorator.py for tasks to queue
[2026-09-25T17:04:23.217+0000] {logging_mixin.py:190} INFO - [2026-09-25T17:04:23.216+0000] {dagbag.py:588} INFO - Filling up the DagBag from /home/airflow/.local/lib/python3.12/site-packages/airflow/example_dags/example_python_decorator.py
[2026-09-25T17:04:23.244+0000] {processor.py:925} INFO - DAG(s) 'example_python_decorator' retrieved from /home/airflow/.local/lib/python3.12/site-packages/airflow/example_dags/example_python_decorator.py
[2026-09-25T17:04:23.294+0000] {logging_mixin.py:190} INFO - [2026-09-25T17:04:23.293+0000] {dag.py:3239} INFO - Sync 1 DAGs
[2026-09-25T17:04:23.324+0000] {logging_mixin.py:190} INFO - [2026-09-25T17:04:23.323+0000] {dag.py:4180} INFO - Setting next_dagrun for example_python_decorator to None, run_after=None
[2026-09-25T17:04:23.361+0000] {processor.py:208} INFO - Processing /home/airflow/.local/lib/python3.12/site-packages/airflow/example_dags/example_python_decorator.py took 0.163 seconds
[2026-09-25T17:04:58.789+0000] {processor.py:186} INFO - Started process (PID=879) to work on /home/airflow/.local/lib/python3.12/site-packages/airflow/example_dags/example_python_decorator.py
[2026-09-25T17:04:58.800+0000] {processor.py:914} INFO - Processing file /home/airflow/.local/lib/python3.12/site-packages/airflow/example_dags/example_python_decorator.py for tasks to queue
[2026-09-25T17:04:58.810+0000] {logging_mixin.py:190} INFO - [2026-09-25T17:04:58.809+0000] {dagbag.py:588} INFO - Filling up the DagBag from /home/airflow/.local/lib/python3.12/site-packages/airflow/example_dags/example_python_decorator.py
[2026-09-25T17:04:58.867+0000] {processor.py:925} INFO - DAG(s) 'example_python_decorator' retrieved from /home/airflow/.local/lib/python3.12/site-packages/airflow/example_dags/example_python_decorator.py
[2026-09-25T17:04:58.933+0000] {logging_mixin.py:190} INFO - [2026-09-25T17:04:58.932+0000] {dag.py:3239} INFO - Sync 1 DAGs
[2026-09-25T17:04:58.977+0000] {logging_mixin.py:190} INFO - [2026-09-25T17:04:58.977+0000] {dag.py:4180} INFO - Setting next_dagrun for example_python_decorator to None, run_after=None
[2026-09-25T17:04:59.049+0000] {processor.py:208} INFO - Processing /home/airflow/.local/lib/python3.12/site-packages/airflow/example_dags/example_python_decorator.py took 0.274 seconds
[2026-09-25T17:05:33.673+0000] {processor.py:186} INFO - Started process (PID=940) to work on /home/airflow/.local/lib/python3.12/site-packages/airflow/example_dags/example_python_decorator.py
[2026-09-25T17:05:33.679+0000] {processor.py:914} INFO - Processing file /home/airflow/.local/lib/python3.12/site-packages/airflow/example_dags/example_python_decorator.py for tasks to queue
[2026-09-25T17:05:33.687+0000] {logging_mixin.py:190} INFO - [2026-09-25T17:05:33.686+0000] {dagbag.py:588} INFO - Filling up the DagBag from /home/airflow/.local/lib/python3.12/site-packages/airflow/example_dags/example_python_decorator.py
[2026-09-25T17:05:33.796+0000] {processor.py:925} INFO - DAG(s) 'example_python_decorator' retrieved from /home/airflow/.local/lib/python3.12/site-packages/airflow/example_dags/example_python_decorator.py
[2026-09-25T17:05:33.889+0000] {logging_mixin.py:190} INFO - [2026-09-25T17:05:33.888+0000] {dag.py:3239} INFO - Sync 1 DAGs
[2026-09-25T17:05:33.937+0000] {logging_mixin.py:190} INFO - [2026-09-25T17:05:33.936+0000] {dag.py:4180} INFO - Setting next_dagrun for example_python_decorator to None, run_after=None
[2026-09-25T17:05:33.993+0000] {processor.py:208} INFO - Processing /home/airflow/.local/lib/python3.12/site-packages/airflow/example_dags/example_python_decorator.py took 0.338 seconds
[2026-09-25T17:06:06.319+0000] {processor.py:186} INFO - Started process (PID=1009) to work on /home/airflow/.local/lib/python3.12/site-packages/airflow/example_dags/example_python_decorator.py
[2026-09-25T17:06:06.322+0000] {processor.py:914} INFO - Processing file /home/airflow/.local/lib/python3.12/site-packages/airflow/example_dags/example_python_decorator.py for tasks to queue
[2026-09-25T17:06:06.328+0000] {logging_mixin.py:190} INFO - [2026-09-25T17:06:06.328+0000] {dagbag.py:588} INFO - Filling up the DagBag from /home/airflow/.local/lib/python3.12/site-packages/airflow/example_dags/example_python_decorator.py
[2026-09-25T17:06:06.365+0000] {processor.py:925} INFO - DAG(s) 'example_python_decorator' retrieved from /home/airflow/.local/lib/python3.12/site-packages/airflow/example_dags/example_python_decorator.py
[2026-09-25T17:06:06.443+0000] {logging_mixin.py:190} INFO - [2026-09-25T17:06:06.442+0000] {dag.py:3239} INFO - Sync 1 DAGs
[2026-09-25T17:06:06.488+0000] {logging_mixin.py:190} INFO - [2026-09-25T17:06:06.487+0000] {dag.py:4180} INFO - Setting next_dagrun for example_python_decorator to None, run_after=None
[2026-09-25T17:06:06.537+0000] {processor.py:208} INFO - Processing /home/airflow/.local/lib/python3.12/site-packages/airflow/example_dags/example_python_decorator.py took 0.231 seconds
[2026-09-25T17:06:41.557+0000] {processor.py:186} INFO - Started process (PID=1062) to work on /home/airflow/.local/lib/python3.12/site-packages/airflow/example_dags/example_python_decorator.py
[2026-09-25T17:06:41.576+0000] {processor.py:914} INFO - Processing file /home/airflow/.local/lib/python3.12/site-packages/airflow/example_dags/example_python_decorator.py for tasks to queue
[2026-09-25T17:06:41.609+0000] {logging_mixin.py:190} INFO - [2026-09-25T17:06:41.596+0000] {dagbag.py:588} INFO - Filling up the DagBag from /home/airflow/.local/lib/python3.12/site-packages/airflow/example_dags/example_python_decorator.py
[2026-09-25T17:06:41.806+0000] {processor.py:925} INFO - DAG(s) 'example_python_decorator' retrieved from /home/airflow/.local/lib/python3.12/site-packages/airflow/example_dags/example_python_decorator.py
[2026-09-25T17:06:42.382+0000] {logging_mixin.py:190} INFO - [2026-09-25T17:06:42.382+0000] {dag.py:3239} INFO - Sync 1 DAGs
[2026-09-25T17:06:42.535+0000] {logging_mixin.py:190} INFO - [2026-09-25T17:06:42.534+0000] {dag.py:4180} INFO - Setting next_dagrun for example_python_decorator to None, run_after=None
[2026-09-25T17:06:42.771+0000] {processor.py:208} INFO - Processing /home/airflow/.local/lib/python3.12/site-packages/airflow/example_dags/example_python_decorator.py took 1.479 seconds
[2026-09-25T17:07:13.162+0000] {processor.py:186} INFO - Started process (PID=1124) to work on /home/airflow/.local/lib/python3.12/site-packages/airflow/example_dags/example_python_decorator.py
[2026-09-25T17:07:13.168+0000] {processor.py:914} INFO - Processing file /home/airflow/.local/lib/python3.12/site-packages/airflow/example_dags/example_python_decorator.py for tasks to queue
[2026-09-25T17:07:13.175+0000] {logging_mixin.py:190} INFO - [2026-09-25T17:07:13.175+0000] {dagbag.py:588} INFO - Filling up the DagBag from /home/airflow/.local/lib/python3.12/site-packages/airflow/example_dags/example_python_decorator.py
[2026-09-25T17:07:13.289+0000] {processor.py:925} INFO - DAG(s) 'example_python_decorator' retrieved from /home/airflow/.local/lib/python3.12/site-packages/airflow/example_dags/example_python_decorator.py
[2026-09-25T17:07:13.417+0000] {logging_mixin.py:190} INFO - [2026-09-25T17:07:13.417+0000] {dag.py:3239} INFO - Sync 1 DAGs
[2026-09-25T17:07:13.464+0000] {logging_mixin.py:190} INFO - [2026-09-25T17:07:13.464+0000] {dag.py:4180} INFO - Setting next_dagrun for example_python_decorator to None, run_after=None
[2026-09-25T17:07:13.519+0000] {processor.py:208} INFO - Processing /home/airflow/.local/lib/python3.12/site-packages/airflow/example_dags/example_python_decorator.py took 0.404 seconds
[2026-09-25T17:07:46.208+0000] {processor.py:186} INFO - Started process (PID=1187) to work on /home/airflow/.local/lib/python3.12/site-packages/airflow/example_dags/example_python_decorator.py
[2026-09-25T17:07:46.210+0000] {processor.py:914} INFO - Processing file /home/airflow/.local/lib/python3.12/site-packages/airflow/example_dags/example_python_decorator.py for tasks to queue
[2026-09-25T17:07:46.215+0000] {logging_mixin.py:190} INFO - [2026-09-25T17:07:46.215+0000] {dagbag.py:588} INFO - Filling up the DagBag from /home/airflow/.local/lib/python3.12/site-packages/airflow/example_dags/example_python_decorator.py
[2026-09-25T17:07:46.246+0000] {processor.py:925} INFO - DAG(s) 'example_python_decorator' retrieved from /home/airflow/.local/lib/python3.12/site-packages/airflow/example_dags/example_python_decorator.py
[2026-09-25T17:07:46.291+0000] {logging_mixin.py:190} INFO - [2026-09-25T17:07:46.291+0000] {dag.py:3239} INFO - Sync 1 DAGs
[2026-09-25T17:07:46.319+0000] {logging_mixin.py:190} INFO - [2026-09-25T17:07:46.318+0000] {dag.py:4180} INFO - Setting next_dagrun for example_python_decorator to None, run_after=None
[2026-09-25T17:07:46.352+0000] {processor.py:208} INFO - Processing /home/airflow/.local/lib/python3.12/site-packages/airflow/example_dags/example_python_decorator.py took 0.157 seconds
[2026-09-25T17:08:17.475+0000] {processor.py:186} INFO - Started process (PID=1250) to work on /home/airflow/.local/lib/python3.12/site-packages/airflow/example_dags/example_python_decorator.py
[2026-09-25T17:08:17.477+0000] {processor.py:914} INFO - Processing file /home/airflow/.local/lib/python3.12/site-packages/airflow/example_dags/example_python_decorator.py for tasks to queue
[2026-09-25T17:08:17.482+0000] {logging_mixin.py:190} INFO - [2026-09-25T17:08:17.481+0000] {dagbag.py:588} INFO - Filling up the DagBag from /home/airflow/.local/lib/python3.12/site-packages/airflow/example_dags/example_python_decorator.py
[2026-09-25T17:08:17.513+0000] {processor.py:925} INFO - DAG(s) 'example_python_decorator' retrieved from /home/airflow/.local/lib/python3.12/site-packages/airflow/example_dags/example_python_decorator.py
[2026-09-25T17:08:17.560+0000] {logging_mixin.py:190} INFO - [2026-09-25T17:08:17.560+0000] {dag.py:3239} INFO - Sync 1 DAGs
[2026-09-25T17:08:17.590+0000] {logging_mixin.py:190} INFO - [2026-09-25T17:08:17.590+0000] {dag.py:4180} INFO - Setting next_dagrun for example_python_decorator to None, run_after=None
[2026-09-25T17:08:17.627+0000] {processor.py:208} INFO - Processing /home/airflow/.local/lib/python3.12/site-packages/airflow/example_dags/example_python_decorator.py took 0.162 seconds
[2026-09-25T17:08:55.132+0000] {processor.py:186} INFO - Started process (PID=1314) to work on /home/airflow/.local/lib/python3.12/site-packages/airflow/example_dags/example_python_decorator.py
[2026-09-25T17:08:55.141+0000] {processor.py:914} INFO - Processing file /home/airflow/.local/lib/python3.12/site-packages/airflow/example_dags/example_python_decorator.py for tasks to queue
[2026-09-25T17:08:55.152+0000] {logging_mixin.py:190} INFO - [2026-09-25T17:08:55.152+0000] {dagbag.py:588} INFO - Filling up the DagBag from /home/airflow/.local/lib/python3.12/site-packages/airflow/example_dags/example_python_decorator.py
[2026-09-25T17:08:55.217+0000] {processor.py:925} INFO - DAG(s) 'example_python_decorator' retrieved from /home/airflow/.local/lib/python3.12/site-packages/airflow/example_dags/example_python_decorator.py
[2026-09-25T17:08:55.381+0000] {logging_mixin.py:190} INFO - [2026-09-25T17:08:55.380+0000] {dag.py:3239} INFO - Sync 1 DAGs
[2026-09-25T17:08:55.502+0000] {logging_mixin.py:190} INFO - [2026-09-25T17:08:55.501+0000] {dag.py:4180} INFO - Setting next_dagrun for example_python_decorator to None, run_after=None
[2026-09-25T17:08:55.669+0000] {processor.py:208} INFO - Processing /home/airflow/.local/lib/python3.12/site-packages/airflow/example_dags/example_python_decorator.py took 0.555 seconds
[2026-09-25T17:09:29.295+0000] {processor.py:186} INFO - Started process (PID=1372) to work on /home/airflow/.local/lib/python3.12/site-packages/airflow/example_dags/example_python_decorator.py
[2026-09-25T17:09:29.299+0000] {processor.py:914} INFO - Processing file /home/airflow/.local/lib/python3.12/site-packages/airflow/example_dags/example_python_decorator.py for tasks to queue
[2026-09-25T17:09:29.319+0000] {logging_mixin.py:190} INFO - [2026-09-25T17:09:29.315+0000] {dagbag.py:588} INFO - Filling up the DagBag from /home/airflow/.local/lib/python3.12/site-packages/airflow/example_dags/example_python_decorator.py
[2026-09-25T17:09:29.382+0000] {processor.py:925} INFO - DAG(s) 'example_python_decorator' retrieved from /home/airflow/.local/lib/python3.12/site-packages/airflow/example_dags/example_python_decorator.py
[2026-09-25T17:09:29.505+0000] {logging_mixin.py:190} INFO - [2026-09-25T17:09:29.505+0000] {dag.py:3239} INFO - Sync 1 DAGs
[2026-09-25T17:09:29.575+0000] {logging_mixin.py:190} INFO - [2026-09-25T17:09:29.574+0000] {dag.py:4180} INFO - Setting next_dagrun for example_python_decorator to None, run_after=None
[2026-09-25T17:09:29.649+0000] {processor.py:208} INFO - Processing /home/airflow/.local/lib/python3.12/site-packages/airflow/example_dags/example_python_decorator.py took 0.402 seconds
[2026-09-25T17:11:14.692+0000] {processor.py:186} INFO - Started process (PID=1449) to work on /home/airflow/.local/lib/python3.12/site-packages/airflow/example_dags/example_python_decorator.py
[2026-09-25T17:11:14.753+0000] {processor.py:914} INFO - Processing file /home/airflow/.local/lib/python3.12/site-packages/airflow/example_dags/example_python_decorator.py for tasks to queue
[2026-09-25T17:11:15.101+0000] {logging_mixin.py:190} INFO - [2026-09-25T17:11:14.927+0000] {dagbag.py:588} INFO - Filling up the DagBag from /home/airflow/.local/lib/python3.12/site-packages/airflow/example_dags/example_python_decorator.py
[2026-09-25T17:11:17.420+0000] {processor.py:925} INFO - DAG(s) 'example_python_decorator' retrieved from /home/airflow/.local/lib/python3.12/site-packages/airflow/example_dags/example_python_decorator.py
[2026-09-25T17:11:20.653+0000] {logging_mixin.py:190} INFO - [2026-09-25T17:11:20.652+0000] {dag.py:3239} INFO - Sync 1 DAGs
[2026-09-25T17:11:21.024+0000] {logging_mixin.py:190} INFO - [2026-09-25T17:11:21.023+0000] {dag.py:4180} INFO - Setting next_dagrun for example_python_decorator to None, run_after=None
[2026-09-25T17:11:21.323+0000] {processor.py:208} INFO - Processing /home/airflow/.local/lib/python3.12/site-packages/airflow/example_dags/example_python_decorator.py took 6.794 seconds
[2026-09-25T17:13:02.114+0000] {processor.py:186} INFO - Started process (PID=1507) to work on /home/airflow/.local/lib/python3.12/site-packages/airflow/example_dags/example_python_decorator.py
[2026-09-25T17:13:02.159+0000] {processor.py:914} INFO - Processing file /home/airflow/.local/lib/python3.12/site-packages/airflow/example_dags/example_python_decorator.py for tasks to queue
[2026-09-25T17:13:02.258+0000] {logging_mixin.py:190} INFO - [2026-09-25T17:13:02.242+0000] {dagbag.py:588} INFO - Filling up the DagBag from /home/airflow/.local/lib/python3.12/site-packages/airflow/example_dags/example_python_decorator.py
[2026-09-25T17:13:03.388+0000] {processor.py:925} INFO - DAG(s) 'example_python_decorator' retrieved from /home/airflow/.local/lib/python3.12/site-packages/airflow/example_dags/example_python_decorator.py
[2026-09-25T17:13:03.624+0000] {logging_mixin.py:190} INFO - [2026-09-25T17:13:03.624+0000] {dag.py:3239} INFO - Sync 1 DAGs
[2026-09-25T17:13:03.946+0000] {logging_mixin.py:190} INFO - [2026-09-25T17:13:03.940+0000] {dag.py:4180} INFO - Setting next_dagrun for example_python_decorator to None, run_after=None
[2026-09-25T17:13:04.234+0000] {processor.py:208} INFO - Processing /home/airflow/.local/lib/python3.12/site-packages/airflow/example_dags/example_python_decorator.py took 2.201 seconds
[2026-09-25T17:14:35.392+0000] {processor.py:186} INFO - Started process (PID=1564) to work on /home/airflow/.local/lib/python3.12/site-packages/airflow/example_dags/example_python_decorator.py
[2026-09-25T17:14:35.422+0000] {processor.py:914} INFO - Processing file /home/airflow/.local/lib/python3.12/site-packages/airflow/example_dags/example_python_decorator.py for tasks to queue
[2026-09-25T17:14:35.456+0000] {logging_mixin.py:190} INFO - [2026-09-25T17:14:35.446+0000] {dagbag.py:588} INFO - Filling up the DagBag from /home/airflow/.local/lib/python3.12/site-packages/airflow/example_dags/example_python_decorator.py
[2026-09-25T17:14:36.063+0000] {processor.py:925} INFO - DAG(s) 'example_python_decorator' retrieved from /home/airflow/.local/lib/python3.12/site-packages/airflow/example_dags/example_python_decorator.py
[2026-09-25T17:14:37.014+0000] {logging_mixin.py:190} INFO - [2026-09-25T17:14:37.012+0000] {dag.py:3239} INFO - Sync 1 DAGs
[2026-09-25T17:14:37.531+0000] {logging_mixin.py:190} INFO - [2026-09-25T17:14:37.530+0000] {dag.py:4180} INFO - Setting next_dagrun for example_python_decorator to None, run_after=None
[2026-09-25T17:14:37.778+0000] {processor.py:208} INFO - Processing /home/airflow/.local/lib/python3.12/site-packages/airflow/example_dags/example_python_decorator.py took 2.575 seconds
[2026-09-25T17:15:20.311+0000] {processor.py:186} INFO - Started process (PID=1627) to work on /home/airflow/.local/lib/python3.12/site-packages/airflow/example_dags/example_python_decorator.py
[2026-09-25T17:15:20.315+0000] {processor.py:914} INFO - Processing file /home/airflow/.local/lib/python3.12/site-packages/airflow/example_dags/example_python_decorator.py for tasks to queue
[2026-09-25T17:15:20.322+0000] {logging_mixin.py:190} INFO - [2026-09-25T17:15:20.321+0000] {dagbag.py:588} INFO - Filling up the DagBag from /home/airflow/.local/lib/python3.12/site-packages/airflow/example_dags/example_python_decorator.py
[2026-09-25T17:15:20.403+0000] {processor.py:925} INFO - DAG(s) 'example_python_decorator' retrieved from /home/airflow/.local/lib/python3.12/site-packages/airflow/example_dags/example_python_decorator.py
[2026-09-25T17:15:20.523+0000] {logging_mixin.py:190} INFO - [2026-09-25T17:15:20.523+0000] {dag.py:3239} INFO - Sync 1 DAGs
[2026-09-25T17:15:20.659+0000] {logging_mixin.py:190} INFO - [2026-09-25T17:15:20.659+0000] {dag.py:4180} INFO - Setting next_dagrun for example_python_decorator to None, run_after=None
[2026-09-25T17:15:20.754+0000] {processor.py:208} INFO - Processing /home/airflow/.local/lib/python3.12/site-packages/airflow/example_dags/example_python_decorator.py took 0.462 seconds
[2026-09-25T17:15:55.706+0000] {processor.py:186} INFO - Started process (PID=1687) to work on /home/airflow/.local/lib/python3.12/site-packages/airflow/example_dags/example_python_decorator.py
[2026-09-25T17:15:55.708+0000] {processor.py:914} INFO - Processing file /home/airflow/.local/lib/python3.12/site-packages/airflow/example_dags/example_python_decorator.py for tasks to queue
[2026-09-25T17:15:55.718+0000] {logging_mixin.py:190} INFO - [2026-09-25T17:15:55.717+0000] {dagbag.py:588} INFO - Filling up the DagBag from /home/airflow/.local/lib/python3.12/site-packages/airflow/example_dags/example_python_decorator.py
[2026-09-25T17:15:55.804+0000] {processor.py:925} INFO - DAG(s) 'example_python_decorator' retrieved from /home/airflow/.local/lib/python3.12/site-packages/airflow/example_dags/example_python_decorator.py
[2026-09-25T17:15:55.973+0000] {logging_mixin.py:190} INFO - [2026-09-25T17:15:55.972+0000] {dag.py:3239} INFO - Sync 1 DAGs
[2026-09-25T17:15:56.109+0000] {logging_mixin.py:190} INFO - [2026-09-25T17:15:56.108+0000] {dag.py:4180} INFO - Setting next_dagrun for example_python_decorator to None, run_after=None
[2026-09-25T17:15:56.487+0000] {processor.py:208} INFO - Processing /home/airflow/.local/lib/python3.12/site-packages/airflow/example_dags/example_python_decorator.py took 0.796 seconds
[2026-09-25T17:16:42.833+0000] {processor.py:186} INFO - Started process (PID=1743) to work on /home/airflow/.local/lib/python3.12/site-packages/airflow/example_dags/example_python_decorator.py
[2026-09-25T17:16:42.840+0000] {processor.py:914} INFO - Processing file /home/airflow/.local/lib/python3.12/site-packages/airflow/example_dags/example_python_decorator.py for tasks to queue
[2026-09-25T17:16:42.850+0000] {logging_mixin.py:190} INFO - [2026-09-25T17:16:42.849+0000] {dagbag.py:588} INFO - Filling up the DagBag from /home/airflow/.local/lib/python3.12/site-packages/airflow/example_dags/example_python_decorator.py
[2026-09-25T17:16:42.937+0000] {processor.py:925} INFO - DAG(s) 'example_python_decorator' retrieved from /home/airflow/.local/lib/python3.12/site-packages/airflow/example_dags/example_python_decorator.py
[2026-09-25T17:16:43.205+0000] {logging_mixin.py:190} INFO - [2026-09-25T17:16:43.204+0000] {dag.py:3239} INFO - Sync 1 DAGs
[2026-09-25T17:16:43.268+0000] {logging_mixin.py:190} INFO - [2026-09-25T17:16:43.267+0000] {dag.py:4180} INFO - Setting next_dagrun for example_python_decorator to None, run_after=None
[2026-09-25T17:16:43.390+0000] {processor.py:208} INFO - Processing /home/airflow/.local/lib/python3.12/site-packages/airflow/example_dags/example_python_decorator.py took 0.584 seconds
[2026-09-25T17:17:13.582+0000] {processor.py:186} INFO - Started process (PID=1804) to work on /home/airflow/.local/lib/python3.12/site-packages/airflow/example_dags/example_python_decorator.py
[2026-09-25T17:17:13.587+0000] {processor.py:914} INFO - Processing file /home/airflow/.local/lib/python3.12/site-packages/airflow/example_dags/example_python_decorator.py for tasks to queue
[2026-09-25T17:17:13.601+0000] {logging_mixin.py:190} INFO - [2026-09-25T17:17:13.597+0000] {dagbag.py:588} INFO - Filling up the DagBag from /home/airflow/.local/lib/python3.12/site-packages/airflow/example_dags/example_python_decorator.py
[2026-09-25T17:17:13.655+0000] {processor.py:925} INFO - DAG(s) 'example_python_decorator' retrieved from /home/airflow/.local/lib/python3.12/site-packages/airflow/example_dags/example_python_decorator.py
[2026-09-25T17:17:13.760+0000] {logging_mixin.py:190} INFO - [2026-09-25T17:17:13.759+0000] {dag.py:3239} INFO - Sync 1 DAGs
[2026-09-25T17:17:13.800+0000] {logging_mixin.py:190} INFO - [2026-09-25T17:17:13.800+0000] {dag.py:4180} INFO - Setting next_dagrun for example_python_decorator to None, run_after=None
[2026-09-25T17:17:13.861+0000] {processor.py:208} INFO - Processing /home/airflow/.local/lib/python3.12/site-packages/airflow/example_dags/example_python_decorator.py took 0.299 seconds
[2026-09-25T17:17:51.859+0000] {processor.py:186} INFO - Started process (PID=1868) to work on /home/airflow/.local/lib/python3.12/site-packages/airflow/example_dags/example_python_decorator.py
[2026-09-25T17:17:51.861+0000] {processor.py:914} INFO - Processing file /home/airflow/.local/lib/python3.12/site-packages/airflow/example_dags/example_python_decorator.py for tasks to queue
[2026-09-25T17:17:51.868+0000] {logging_mixin.py:190} INFO - [2026-09-25T17:17:51.867+0000] {dagbag.py:588} INFO - Filling up the DagBag from /home/airflow/.local/lib/python3.12/site-packages/airflow/example_dags/example_python_decorator.py
[2026-09-25T17:17:51.914+0000] {processor.py:925} INFO - DAG(s) 'example_python_decorator' retrieved from /home/airflow/.local/lib/python3.12/site-packages/airflow/example_dags/example_python_decorator.py
[2026-09-25T17:17:51.993+0000] {logging_mixin.py:190} INFO - [2026-09-25T17:17:51.992+0000] {dag.py:3239} INFO - Sync 1 DAGs
[2026-09-25T17:17:52.090+0000] {logging_mixin.py:190} INFO - [2026-09-25T17:17:52.089+0000] {dag.py:4180} INFO - Setting next_dagrun for example_python_decorator to None, run_after=None
[2026-09-25T17:17:52.213+0000] {processor.py:208} INFO - Processing /home/airflow/.local/lib/python3.12/site-packages/airflow/example_dags/example_python_decorator.py took 0.377 seconds
[2026-09-25T17:18:27.954+0000] {processor.py:186} INFO - Started process (PID=1929) to work on /home/airflow/.local/lib/python3.12/site-packages/airflow/example_dags/example_python_decorator.py
[2026-09-25T17:18:27.957+0000] {processor.py:914} INFO - Processing file /home/airflow/.local/lib/python3.12/site-packages/airflow/example_dags/example_python_decorator.py for tasks to queue
[2026-09-25T17:18:27.963+0000] {logging_mixin.py:190} INFO - [2026-09-25T17:18:27.963+0000] {dagbag.py:588} INFO - Filling up the DagBag from /home/airflow/.local/lib/python3.12/site-packages/airflow/example_dags/example_python_decorator.py
[2026-09-25T17:18:28.014+0000] {processor.py:925} INFO - DAG(s) 'example_python_decorator' retrieved from /home/airflow/.local/lib/python3.12/site-packages/airflow/example_dags/example_python_decorator.py
[2026-09-25T17:18:28.105+0000] {logging_mixin.py:190} INFO - [2026-09-25T17:18:28.104+0000] {dag.py:3239} INFO - Sync 1 DAGs
[2026-09-25T17:18:28.148+0000] {logging_mixin.py:190} INFO - [2026-09-25T17:18:28.147+0000] {dag.py:4180} INFO - Setting next_dagrun for example_python_decorator to None, run_after=None
[2026-09-25T17:18:28.209+0000] {processor.py:208} INFO - Processing /home/airflow/.local/lib/python3.12/site-packages/airflow/example_dags/example_python_decorator.py took 0.283 seconds
[2026-09-25T17:18:59.248+0000] {processor.py:186} INFO - Started process (PID=1991) to work on /home/airflow/.local/lib/python3.12/site-packages/airflow/example_dags/example_python_decorator.py
[2026-09-25T17:18:59.253+0000] {processor.py:914} INFO - Processing file /home/airflow/.local/lib/python3.12/site-packages/airflow/example_dags/example_python_decorator.py for tasks to queue
[2026-09-25T17:18:59.259+0000] {logging_mixin.py:190} INFO - [2026-09-25T17:18:59.258+0000] {dagbag.py:588} INFO - Filling up the DagBag from /home/airflow/.local/lib/python3.12/site-packages/airflow/example_dags/example_python_decorator.py
[2026-09-25T17:18:59.320+0000] {processor.py:925} INFO - DAG(s) 'example_python_decorator' retrieved from /home/airflow/.local/lib/python3.12/site-packages/airflow/example_dags/example_python_decorator.py
[2026-09-25T17:18:59.399+0000] {logging_mixin.py:190} INFO - [2026-09-25T17:18:59.399+0000] {dag.py:3239} INFO - Sync 1 DAGs
[2026-09-25T17:18:59.488+0000] {logging_mixin.py:190} INFO - [2026-09-25T17:18:59.488+0000] {dag.py:4180} INFO - Setting next_dagrun for example_python_decorator to None, run_after=None
[2026-09-25T17:18:59.571+0000] {processor.py:208} INFO - Processing /home/airflow/.local/lib/python3.12/site-packages/airflow/example_dags/example_python_decorator.py took 0.349 seconds
[2026-09-25T17:19:30.038+0000] {processor.py:186} INFO - Started process (PID=2053) to work on /home/airflow/.local/lib/python3.12/site-packages/airflow/example_dags/example_python_decorator.py
[2026-09-25T17:19:30.041+0000] {processor.py:914} INFO - Processing file /home/airflow/.local/lib/python3.12/site-packages/airflow/example_dags/example_python_decorator.py for tasks to queue
[2026-09-25T17:19:30.048+0000] {logging_mixin.py:190} INFO - [2026-09-25T17:19:30.047+0000] {dagbag.py:588} INFO - Filling up the DagBag from /home/airflow/.local/lib/python3.12/site-packages/airflow/example_dags/example_python_decorator.py
[2026-09-25T17:19:30.081+0000] {processor.py:925} INFO - DAG(s) 'example_python_decorator' retrieved from /home/airflow/.local/lib/python3.12/site-packages/airflow/example_dags/example_python_decorator.py
[2026-09-25T17:19:30.144+0000] {logging_mixin.py:190} INFO - [2026-09-25T17:19:30.144+0000] {dag.py:3239} INFO - Sync 1 DAGs
[2026-09-25T17:19:30.184+0000] {logging_mixin.py:190} INFO - [2026-09-25T17:19:30.184+0000] {dag.py:4180} INFO - Setting next_dagrun for example_python_decorator to None, run_after=None
[2026-09-25T17:19:30.244+0000] {processor.py:208} INFO - Processing /home/airflow/.local/lib/python3.12/site-packages/airflow/example_dags/example_python_decorator.py took 0.227 seconds
[2026-09-25T17:20:00.323+0000] {processor.py:186} INFO - Started process (PID=2115) to work on /home/airflow/.local/lib/python3.12/site-packages/airflow/example_dags/example_python_decorator.py
[2026-09-25T17:20:00.326+0000] {processor.py:914} INFO - Processing file /home/airflow/.local/lib/python3.12/site-packages/airflow/example_dags/example_python_decorator.py for tasks to queue
[2026-09-25T17:20:00.340+0000] {logging_mixin.py:190} INFO - [2026-09-25T17:20:00.339+0000] {dagbag.py:588} INFO - Filling up the DagBag from /home/airflow/.local/lib/python3.12/site-packages/airflow/example_dags/example_python_decorator.py
[2026-09-25T17:20:00.399+0000] {processor.py:925} INFO - DAG(s) 'example_python_decorator' retrieved from /home/airflow/.local/lib/python3.12/site-packages/airflow/example_dags/example_python_decorator.py
[2026-09-25T17:20:00.499+0000] {logging_mixin.py:190} INFO - [2026-09-25T17:20:00.498+0000] {dag.py:3239} INFO - Sync 1 DAGs
[2026-09-25T17:20:00.612+0000] {logging_mixin.py:190} INFO - [2026-09-25T17:20:00.611+0000] {dag.py:4180} INFO - Setting next_dagrun for example_python_decorator to None, run_after=None
[2026-09-25T17:20:00.763+0000] {processor.py:208} INFO - Processing /home/airflow/.local/lib/python3.12/site-packages/airflow/example_dags/example_python_decorator.py took 0.455 seconds
[2026-09-25T17:20:40.650+0000] {processor.py:186} INFO - Started process (PID=2170) to work on /home/airflow/.local/lib/python3.12/site-packages/airflow/example_dags/example_python_decorator.py
[2026-09-25T17:20:40.671+0000] {processor.py:914} INFO - Processing file /home/airflow/.local/lib/python3.12/site-packages/airflow/example_dags/example_python_decorator.py for tasks to queue
[2026-09-25T17:20:40.680+0000] {logging_mixin.py:190} INFO - [2026-09-25T17:20:40.680+0000] {dagbag.py:588} INFO - Filling up the DagBag from /home/airflow/.local/lib/python3.12/site-packages/airflow/example_dags/example_python_decorator.py
[2026-09-25T17:20:40.769+0000] {processor.py:925} INFO - DAG(s) 'example_python_decorator' retrieved from /home/airflow/.local/lib/python3.12/site-packages/airflow/example_dags/example_python_decorator.py
[2026-09-25T17:20:40.974+0000] {logging_mixin.py:190} INFO - [2026-09-25T17:20:40.974+0000] {dag.py:3239} INFO - Sync 1 DAGs
[2026-09-25T17:20:41.086+0000] {logging_mixin.py:190} INFO - [2026-09-25T17:20:41.082+0000] {dag.py:4180} INFO - Setting next_dagrun for example_python_decorator to None, run_after=None
[2026-09-25T17:20:41.270+0000] {processor.py:208} INFO - Processing /home/airflow/.local/lib/python3.12/site-packages/airflow/example_dags/example_python_decorator.py took 0.651 seconds
[2026-09-25T17:21:18.362+0000] {processor.py:186} INFO - Started process (PID=2225) to work on /home/airflow/.local/lib/python3.12/site-packages/airflow/example_dags/example_python_decorator.py
[2026-09-25T17:21:18.364+0000] {processor.py:914} INFO - Processing file /home/airflow/.local/lib/python3.12/site-packages/airflow/example_dags/example_python_decorator.py for tasks to queue
[2026-09-25T17:21:18.371+0000] {logging_mixin.py:190} INFO - [2026-09-25T17:21:18.370+0000] {dagbag.py:588} INFO - Filling up the DagBag from /home/airflow/.local/lib/python3.12/site-packages/airflow/example_dags/example_python_decorator.py
[2026-09-25T17:21:18.419+0000] {processor.py:925} INFO - DAG(s) 'example_python_decorator' retrieved from /home/airflow/.local/lib/python3.12/site-packages/airflow/example_dags/example_python_decorator.py
[2026-09-25T17:21:18.513+0000] {logging_mixin.py:190} INFO - [2026-09-25T17:21:18.512+0000] {dag.py:3239} INFO - Sync 1 DAGs
[2026-09-25T17:21:18.572+0000] {logging_mixin.py:190} INFO - [2026-09-25T17:21:18.572+0000] {dag.py:4180} INFO - Setting next_dagrun for example_python_decorator to None, run_after=None
[2026-09-25T17:21:18.805+0000] {processor.py:208} INFO - Processing /home/airflow/.local/lib/python3.12/site-packages/airflow/example_dags/example_python_decorator.py took 0.466 seconds
[2026-09-25T17:22:19.969+0000] {processor.py:186} INFO - Started process (PID=2292) to work on /home/airflow/.local/lib/python3.12/site-packages/airflow/example_dags/example_python_decorator.py
[2026-09-25T17:22:19.974+0000] {processor.py:914} INFO - Processing file /home/airflow/.local/lib/python3.12/site-packages/airflow/example_dags/example_python_decorator.py for tasks to queue
[2026-09-25T17:22:19.991+0000] {logging_mixin.py:190} INFO - [2026-09-25T17:22:19.990+0000] {dagbag.py:588} INFO - Filling up the DagBag from /home/airflow/.local/lib/python3.12/site-packages/airflow/example_dags/example_python_decorator.py
[2026-09-25T17:22:20.083+0000] {processor.py:925} INFO - DAG(s) 'example_python_decorator' retrieved from /home/airflow/.local/lib/python3.12/site-packages/airflow/example_dags/example_python_decorator.py
[2026-09-25T17:22:20.283+0000] {logging_mixin.py:190} INFO - [2026-09-25T17:22:20.274+0000] {dag.py:3239} INFO - Sync 1 DAGs
[2026-09-25T17:22:20.736+0000] {logging_mixin.py:190} INFO - [2026-09-25T17:22:20.736+0000] {dag.py:4180} INFO - Setting next_dagrun for example_python_decorator to None, run_after=None
[2026-09-25T17:22:21.680+0000] {processor.py:208} INFO - Processing /home/airflow/.local/lib/python3.12/site-packages/airflow/example_dags/example_python_decorator.py took 1.767 seconds
[2026-09-25T17:23:01.169+0000] {processor.py:186} INFO - Started process (PID=2355) to work on /home/airflow/.local/lib/python3.12/site-packages/airflow/example_dags/example_python_decorator.py
[2026-09-25T17:23:01.181+0000] {processor.py:914} INFO - Processing file /home/airflow/.local/lib/python3.12/site-packages/airflow/example_dags/example_python_decorator.py for tasks to queue
[2026-09-25T17:23:01.212+0000] {logging_mixin.py:190} INFO - [2026-09-25T17:23:01.210+0000] {dagbag.py:588} INFO - Filling up the DagBag from /home/airflow/.local/lib/python3.12/site-packages/airflow/example_dags/example_python_decorator.py
[2026-09-25T17:23:01.525+0000] {processor.py:925} INFO - DAG(s) 'example_python_decorator' retrieved from /home/airflow/.local/lib/python3.12/site-packages/airflow/example_dags/example_python_decorator.py
[2026-09-25T17:23:01.765+0000] {logging_mixin.py:190} INFO - [2026-09-25T17:23:01.764+0000] {dag.py:3239} INFO - Sync 1 DAGs
[2026-09-25T17:23:02.100+0000] {logging_mixin.py:190} INFO - [2026-09-25T17:23:02.100+0000] {dag.py:4180} INFO - Setting next_dagrun for example_python_decorator to None, run_after=None
[2026-09-25T17:23:02.401+0000] {processor.py:208} INFO - Processing /home/airflow/.local/lib/python3.12/site-packages/airflow/example_dags/example_python_decorator.py took 1.286 seconds
[2026-09-25T17:23:37.118+0000] {processor.py:186} INFO - Started process (PID=2423) to work on /home/airflow/.local/lib/python3.12/site-packages/airflow/example_dags/example_python_decorator.py
[2026-09-25T17:23:37.124+0000] {processor.py:914} INFO - Processing file /home/airflow/.local/lib/python3.12/site-packages/airflow/example_dags/example_python_decorator.py for tasks to queue
[2026-09-25T17:23:37.134+0000] {logging_mixin.py:190} INFO - [2026-09-25T17:23:37.134+0000] {dagbag.py:588} INFO - Filling up the DagBag from /home/airflow/.local/lib/python3.12/site-packages/airflow/example_dags/example_python_decorator.py
[2026-09-25T17:23:37.232+0000] {processor.py:925} INFO - DAG(s) 'example_python_decorator' retrieved from /home/airflow/.local/lib/python3.12/site-packages/airflow/example_dags/example_python_decorator.py
[2026-09-25T17:23:37.483+0000] {logging_mixin.py:190} INFO - [2026-09-25T17:23:37.483+0000] {dag.py:3239} INFO - Sync 1 DAGs
[2026-09-25T17:23:37.551+0000] {logging_mixin.py:190} INFO - [2026-09-25T17:23:37.550+0000] {dag.py:4180} INFO - Setting next_dagrun for example_python_decorator to None, run_after=None
[2026-09-25T17:23:37.633+0000] {processor.py:208} INFO - Processing /home/airflow/.local/lib/python3.12/site-packages/airflow/example_dags/example_python_decorator.py took 0.561 seconds
[2026-09-25T17:24:09.712+0000] {processor.py:186} INFO - Started process (PID=2485) to work on /home/airflow/.local/lib/python3.12/site-packages/airflow/example_dags/example_python_decorator.py
[2026-09-25T17:24:09.717+0000] {processor.py:914} INFO - Processing file /home/airflow/.local/lib/python3.12/site-packages/airflow/example_dags/example_python_decorator.py for tasks to queue
[2026-09-25T17:24:09.726+0000] {logging_mixin.py:190} INFO - [2026-09-25T17:24:09.725+0000] {dagbag.py:588} INFO - Filling up the DagBag from /home/airflow/.local/lib/python3.12/site-packages/airflow/example_dags/example_python_decorator.py
[2026-09-25T17:24:09.789+0000] {processor.py:925} INFO - DAG(s) 'example_python_decorator' retrieved from /home/airflow/.local/lib/python3.12/site-packages/airflow/example_dags/example_python_decorator.py
[2026-09-25T17:24:09.889+0000] {logging_mixin.py:190} INFO - [2026-09-25T17:24:09.888+0000] {dag.py:3239} INFO - Sync 1 DAGs
[2026-09-25T17:24:09.928+0000] {logging_mixin.py:190} INFO - [2026-09-25T17:24:09.927+0000] {dag.py:4180} INFO - Setting next_dagrun for example_python_decorator to None, run_after=None
[2026-09-25T17:24:09.988+0000] {processor.py:208} INFO - Processing /home/airflow/.local/lib/python3.12/site-packages/airflow/example_dags/example_python_decorator.py took 0.294 seconds
[2026-09-25T17:24:47.197+0000] {processor.py:186} INFO - Started process (PID=2548) to work on /home/airflow/.local/lib/python3.12/site-packages/airflow/example_dags/example_python_decorator.py
[2026-09-25T17:24:47.200+0000] {processor.py:914} INFO - Processing file /home/airflow/.local/lib/python3.12/site-packages/airflow/example_dags/example_python_decorator.py for tasks to queue
[2026-09-25T17:24:47.206+0000] {logging_mixin.py:190} INFO - [2026-09-25T17:24:47.205+0000] {dagbag.py:588} INFO - Filling up the DagBag from /home/airflow/.local/lib/python3.12/site-packages/airflow/example_dags/example_python_decorator.py
[2026-09-25T17:24:47.252+0000] {processor.py:925} INFO - DAG(s) 'example_python_decorator' retrieved from /home/airflow/.local/lib/python3.12/site-packages/airflow/example_dags/example_python_decorator.py
[2026-09-25T17:24:47.369+0000] {logging_mixin.py:190} INFO - [2026-09-25T17:24:47.368+0000] {dag.py:3239} INFO - Sync 1 DAGs
[2026-09-25T17:24:47.426+0000] {logging_mixin.py:190} INFO - [2026-09-25T17:24:47.426+0000] {dag.py:4180} INFO - Setting next_dagrun for example_python_decorator to None, run_after=None
[2026-09-25T17:24:47.487+0000] {processor.py:208} INFO - Processing /home/airflow/.local/lib/python3.12/site-packages/airflow/example_dags/example_python_decorator.py took 0.313 seconds
