[2026-09-25T16:15:34.367+0000] {processor.py:186} INFO - Started process (PID=101) to work on /home/airflow/.local/lib/python3.12/site-packages/airflow/example_dags/example_outlet_event_extra.py
[2026-09-25T16:15:34.371+0000] {processor.py:914} INFO - Processing file /home/airflow/.local/lib/python3.12/site-packages/airflow/example_dags/example_outlet_event_extra.py for tasks to queue
[2026-09-25T16:15:34.392+0000] {logging_mixin.py:190} INFO - [2026-09-25T16:15:34.391+0000] {dagbag.py:588} INFO - Filling up the DagBag from /home/airflow/.local/lib/python3.12/site-packages/airflow/example_dags/example_outlet_event_extra.py
[2026-09-25T16:15:40.818+0000] {processor.py:925} INFO - DAG(s) 'dataset_with_extra_by_yield', 'dataset_with_extra_from_classic_operator', 'dataset_with_extra_by_context' retrieved from /home/airflow/.local/lib/python3.12/site-packages/airflow/example_dags/example_outlet_event_extra.py
[2026-09-25T16:15:41.615+0000] {logging_mixin.py:190} INFO - [2026-09-25T16:15:41.608+0000] {override.py:1912} INFO - Created Permission View: can read on DAG:dataset_with_extra_by_yield
[2026-09-25T16:15:41.724+0000] {logging_mixin.py:190} INFO - [2026-09-25T16:15:41.723+0000] {override.py:1912} INFO - Created Permission View: can delete on DAG:dataset_with_extra_by_yield
[2026-09-25T16:15:41.807+0000] {logging_mixin.py:190} INFO - [2026-09-25T16:15:41.805+0000] {override.py:1912} INFO - Created Permission View: can edit on DAG:dataset_with_extra_by_yield
[2026-09-25T16:15:41.919+0000] {logging_mixin.py:190} INFO - [2026-09-25T16:15:41.918+0000] {override.py:1912} INFO - Created Permission View: can read on DAG Run:dataset_with_extra_by_yield
[2026-09-25T16:15:41.999+0000] {logging_mixin.py:190} INFO - [2026-09-25T16:15:41.998+0000] {override.py:1912} INFO - Created Permission View: can delete on DAG Run:dataset_with_extra_by_yield
[2026-09-25T16:15:42.070+0000] {logging_mixin.py:190} INFO - [2026-09-25T16:15:42.069+0000] {override.py:1912} INFO - Created Permission View: menu access on DAG Run:dataset_with_extra_by_yield
[2026-09-25T16:15:42.136+0000] {logging_mixin.py:190} INFO - [2026-09-25T16:15:42.130+0000] {override.py:1912} INFO - Created Permission View: can create on DAG Run:dataset_with_extra_by_yield
[2026-09-25T16:15:42.286+0000] {logging_mixin.py:190} INFO - [2026-09-25T16:15:42.285+0000] {override.py:1912} INFO - Created Permission View: can read on DAG:dataset_with_extra_from_classic_operator
[2026-09-25T16:15:42.312+0000] {logging_mixin.py:190} INFO - [2026-09-25T16:15:42.311+0000] {override.py:1912} INFO - Created Permission View: can delete on DAG:dataset_with_extra_from_classic_operator
[2026-09-25T16:15:42.399+0000] {logging_mixin.py:190} INFO - [2026-09-25T16:15:42.397+0000] {override.py:1912} INFO - Created Permission View: can edit on DAG:dataset_with_extra_from_classic_operator
[2026-09-25T16:15:42.481+0000] {logging_mixin.py:190} INFO - [2026-09-25T16:15:42.479+0000] {override.py:1912} INFO - Created Permission View: can read on DAG Run:dataset_with_extra_from_classic_operator
[2026-09-25T16:15:42.584+0000] {logging_mixin.py:190} INFO - [2026-09-25T16:15:42.583+0000] {override.py:1912} INFO - Created Permission View: can delete on DAG Run:dataset_with_extra_from_classic_operator
[2026-09-25T16:15:42.678+0000] {logging_mixin.py:190} INFO - [2026-09-25T16:15:42.675+0000] {override.py:1912} INFO - Created Permission View: menu access on DAG Run:dataset_with_extra_from_classic_operator
[2026-09-25T16:15:42.741+0000] {logging_mixin.py:190} INFO - [2026-09-25T16:15:42.741+0000] {override.py:1912} INFO - Created Permission View: can create on DAG Run:dataset_with_extra_from_classic_operator
[2026-09-25T16:15:42.873+0000] {logging_mixin.py:190} INFO - [2026-09-25T16:15:42.871+0000] {override.py:1912} INFO - Created Permission View: can read on DAG:dataset_with_extra_by_context
[2026-09-25T16:15:42.955+0000] {logging_mixin.py:190} INFO - [2026-09-25T16:15:42.954+0000] {override.py:1912} INFO - Created Permission View: can delete on DAG:dataset_with_extra_by_context
[2026-09-25T16:15:43.028+0000] {logging_mixin.py:190} INFO - [2026-09-25T16:15:43.023+0000] {override.py:1912} INFO - Created Permission View: can edit on DAG:dataset_with_extra_by_context
[2026-09-25T16:15:43.203+0000] {logging_mixin.py:190} INFO - [2026-09-25T16:15:43.201+0000] {override.py:1912} INFO - Created Permission View: can read on DAG Run:dataset_with_extra_by_context
[2026-09-25T16:15:43.234+0000] {logging_mixin.py:190} INFO - [2026-09-25T16:15:43.232+0000] {override.py:1912} INFO - Created Permission View: can delete on DAG Run:dataset_with_extra_by_context
[2026-09-25T16:15:43.266+0000] {logging_mixin.py:190} INFO - [2026-09-25T16:15:43.265+0000] {override.py:1912} INFO - Created Permission View: menu access on DAG Run:dataset_with_extra_by_context
[2026-09-25T16:15:43.297+0000] {logging_mixin.py:190} INFO - [2026-09-25T16:15:43.296+0000] {override.py:1912} INFO - Created Permission View: can create on DAG Run:dataset_with_extra_by_context
[2026-09-25T16:15:43.317+0000] {logging_mixin.py:190} INFO - [2026-09-25T16:15:43.316+0000] {dag.py:3239} INFO - Sync 3 DAGs
[2026-09-25T16:15:43.630+0000] {logging_mixin.py:190} INFO - [2026-09-25T16:15:43.576+0000] {dag.py:3262} INFO - Creating ORM DAG for dataset_with_extra_from_classic_operator
[2026-09-25T16:15:43.664+0000] {logging_mixin.py:190} INFO - [2026-09-25T16:15:43.659+0000] {dag.py:3262} INFO - Creating ORM DAG for dataset_with_extra_by_yield
[2026-09-25T16:15:43.671+0000] {logging_mixin.py:190} INFO - [2026-09-25T16:15:43.670+0000] {dag.py:3262} INFO - Creating ORM DAG for dataset_with_extra_by_context
[2026-09-25T16:15:43.897+0000] {logging_mixin.py:190} INFO - [2026-09-25T16:15:43.897+0000] {dag.py:4180} INFO - Setting next_dagrun for dataset_with_extra_by_context to 2026-09-24 00:00:00+00:00, run_after=2026-09-25 00:00:00+00:00
[2026-09-25T16:15:43.937+0000] {logging_mixin.py:190} INFO - [2026-09-25T16:15:43.936+0000] {dag.py:4180} INFO - Setting next_dagrun for dataset_with_extra_by_yield to 2026-09-24 00:00:00+00:00, run_after=2026-09-25 00:00:00+00:00
[2026-09-25T16:15:43.948+0000] {logging_mixin.py:190} INFO - [2026-09-25T16:15:43.947+0000] {dag.py:4180} INFO - Setting next_dagrun for dataset_with_extra_from_classic_operator to 2026-09-24 00:00:00+00:00, run_after=2026-09-25 00:00:00+00:00
[2026-09-25T16:15:44.565+0000] {processor.py:208} INFO - Processing /home/airflow/.local/lib/python3.12/site-packages/airflow/example_dags/example_outlet_event_extra.py took 10.249 seconds
[2026-09-25T16:18:01.808+0000] {processor.py:186} INFO - Started process (PID=188) to work on /home/airflow/.local/lib/python3.12/site-packages/airflow/example_dags/example_outlet_event_extra.py
[2026-09-25T16:18:01.845+0000] {processor.py:914} INFO - Processing file /home/airflow/.local/lib/python3.12/site-packages/airflow/example_dags/example_outlet_event_extra.py for tasks to queue
[2026-09-25T16:18:02.173+0000] {logging_mixin.py:190} INFO - [2026-09-25T16:18:02.078+0000] {dagbag.py:588} INFO - Filling up the DagBag from /home/airflow/.local/lib/python3.12/site-packages/airflow/example_dags/example_outlet_event_extra.py
[2026-09-25T16:18:29.342+0000] {processor.py:925} INFO - DAG(s) 'dataset_with_extra_from_classic_operator', 'dataset_with_extra_by_context', 'dataset_with_extra_by_yield' retrieved from /home/airflow/.local/lib/python3.12/site-packages/airflow/example_dags/example_outlet_event_extra.py
[2026-09-25T16:18:29.420+0000] {logging_mixin.py:190} INFO - [2026-09-25T16:18:29.419+0000] {dag.py:3239} INFO - Sync 3 DAGs
[2026-09-25T16:18:29.561+0000] {logging_mixin.py:190} INFO - [2026-09-25T16:18:29.551+0000] {dag.py:4180} INFO - Setting next_dagrun for dataset_with_extra_by_context to 2026-09-24 00:00:00+00:00, run_after=2026-09-25 00:00:00+00:00
[2026-09-25T16:18:29.641+0000] {logging_mixin.py:190} INFO - [2026-09-25T16:18:29.640+0000] {dag.py:4180} INFO - Setting next_dagrun for dataset_with_extra_by_yield to 2026-09-24 00:00:00+00:00, run_after=2026-09-25 00:00:00+00:00
[2026-09-25T16:18:29.649+0000] {logging_mixin.py:190} INFO - [2026-09-25T16:18:29.649+0000] {dag.py:4180} INFO - Setting next_dagrun for dataset_with_extra_from_classic_operator to 2026-09-24 00:00:00+00:00, run_after=2026-09-25 00:00:00+00:00
[2026-09-25T16:18:29.788+0000] {processor.py:208} INFO - Processing /home/airflow/.local/lib/python3.12/site-packages/airflow/example_dags/example_outlet_event_extra.py took 28.054 seconds
[2026-09-25T16:19:34.779+0000] {processor.py:186} INFO - Started process (PID=252) to work on /home/airflow/.local/lib/python3.12/site-packages/airflow/example_dags/example_outlet_event_extra.py
[2026-09-25T16:19:34.815+0000] {processor.py:914} INFO - Processing file /home/airflow/.local/lib/python3.12/site-packages/airflow/example_dags/example_outlet_event_extra.py for tasks to queue
[2026-09-25T16:19:34.862+0000] {logging_mixin.py:190} INFO - [2026-09-25T16:19:34.862+0000] {dagbag.py:588} INFO - Filling up the DagBag from /home/airflow/.local/lib/python3.12/site-packages/airflow/example_dags/example_outlet_event_extra.py
[2026-09-25T16:19:43.136+0000] {processor.py:925} INFO - DAG(s) 'dataset_with_extra_by_context', 'dataset_with_extra_by_yield', 'dataset_with_extra_from_classic_operator' retrieved from /home/airflow/.local/lib/python3.12/site-packages/airflow/example_dags/example_outlet_event_extra.py
[2026-09-25T16:19:44.955+0000] {logging_mixin.py:190} INFO - [2026-09-25T16:19:44.954+0000] {dag.py:3239} INFO - Sync 3 DAGs
[2026-09-25T16:19:45.269+0000] {logging_mixin.py:190} INFO - [2026-09-25T16:19:45.256+0000] {dag.py:4180} INFO - Setting next_dagrun for dataset_with_extra_by_context to 2026-09-24 00:00:00+00:00, run_after=2026-09-25 00:00:00+00:00
[2026-09-25T16:19:45.433+0000] {logging_mixin.py:190} INFO - [2026-09-25T16:19:45.433+0000] {dag.py:4180} INFO - Setting next_dagrun for dataset_with_extra_by_yield to 2026-09-24 00:00:00+00:00, run_after=2026-09-25 00:00:00+00:00
[2026-09-25T16:19:45.659+0000] {logging_mixin.py:190} INFO - [2026-09-25T16:19:45.659+0000] {dag.py:4180} INFO - Setting next_dagrun for dataset_with_extra_from_classic_operator to 2026-09-24 00:00:00+00:00, run_after=2026-09-25 00:00:00+00:00
[2026-09-25T16:19:46.427+0000] {processor.py:208} INFO - Processing /home/airflow/.local/lib/python3.12/site-packages/airflow/example_dags/example_outlet_event_extra.py took 11.870 seconds
[2026-09-25T16:20:29.248+0000] {processor.py:186} INFO - Started process (PID=302) to work on /home/airflow/.local/lib/python3.12/site-packages/airflow/example_dags/example_outlet_event_extra.py
[2026-09-25T16:20:29.250+0000] {processor.py:914} INFO - Processing file /home/airflow/.local/lib/python3.12/site-packages/airflow/example_dags/example_outlet_event_extra.py for tasks to queue
[2026-09-25T16:20:29.266+0000] {logging_mixin.py:190} INFO - [2026-09-25T16:20:29.265+0000] {dagbag.py:588} INFO - Filling up the DagBag from /home/airflow/.local/lib/python3.12/site-packages/airflow/example_dags/example_outlet_event_extra.py
[2026-09-25T16:20:33.773+0000] {processor.py:925} INFO - DAG(s) 'dataset_with_extra_by_context', 'dataset_with_extra_by_yield', 'dataset_with_extra_from_classic_operator' retrieved from /home/airflow/.local/lib/python3.12/site-packages/airflow/example_dags/example_outlet_event_extra.py
[2026-09-25T16:20:34.292+0000] {logging_mixin.py:190} INFO - [2026-09-25T16:20:34.291+0000] {dag.py:3239} INFO - Sync 3 DAGs
[2026-09-25T16:20:35.434+0000] {logging_mixin.py:190} INFO - [2026-09-25T16:20:35.434+0000] {dag.py:4180} INFO - Setting next_dagrun for dataset_with_extra_by_context to 2026-09-24 00:00:00+00:00, run_after=2026-09-25 00:00:00+00:00
[2026-09-25T16:20:35.497+0000] {logging_mixin.py:190} INFO - [2026-09-25T16:20:35.496+0000] {dag.py:4180} INFO - Setting next_dagrun for dataset_with_extra_by_yield to 2026-09-24 00:00:00+00:00, run_after=2026-09-25 00:00:00+00:00
[2026-09-25T16:20:35.620+0000] {logging_mixin.py:190} INFO - [2026-09-25T16:20:35.599+0000] {dag.py:4180} INFO - Setting next_dagrun for dataset_with_extra_from_classic_operator to 2026-09-24 00:00:00+00:00, run_after=2026-09-25 00:00:00+00:00
[2026-09-25T16:20:36.740+0000] {processor.py:208} INFO - Processing /home/airflow/.local/lib/python3.12/site-packages/airflow/example_dags/example_outlet_event_extra.py took 7.507 seconds
[2026-09-25T16:21:37.418+0000] {processor.py:186} INFO - Started process (PID=381) to work on /home/airflow/.local/lib/python3.12/site-packages/airflow/example_dags/example_outlet_event_extra.py
[2026-09-25T16:21:37.422+0000] {processor.py:914} INFO - Processing file /home/airflow/.local/lib/python3.12/site-packages/airflow/example_dags/example_outlet_event_extra.py for tasks to queue
[2026-09-25T16:21:37.433+0000] {logging_mixin.py:190} INFO - [2026-09-25T16:21:37.432+0000] {dagbag.py:588} INFO - Filling up the DagBag from /home/airflow/.local/lib/python3.12/site-packages/airflow/example_dags/example_outlet_event_extra.py
[2026-09-25T16:21:39.207+0000] {processor.py:925} INFO - DAG(s) 'dataset_with_extra_by_yield', 'dataset_with_extra_by_context', 'dataset_with_extra_from_classic_operator' retrieved from /home/airflow/.local/lib/python3.12/site-packages/airflow/example_dags/example_outlet_event_extra.py
[2026-09-25T16:21:39.332+0000] {logging_mixin.py:190} INFO - [2026-09-25T16:21:39.331+0000] {dag.py:3239} INFO - Sync 3 DAGs
[2026-09-25T16:21:39.407+0000] {logging_mixin.py:190} INFO - [2026-09-25T16:21:39.407+0000] {dag.py:4180} INFO - Setting next_dagrun for dataset_with_extra_by_context to 2026-09-24 00:00:00+00:00, run_after=2026-09-25 00:00:00+00:00
[2026-09-25T16:21:39.421+0000] {logging_mixin.py:190} INFO - [2026-09-25T16:21:39.421+0000] {dag.py:4180} INFO - Setting next_dagrun for dataset_with_extra_by_yield to 2026-09-24 00:00:00+00:00, run_after=2026-09-25 00:00:00+00:00
[2026-09-25T16:21:39.431+0000] {logging_mixin.py:190} INFO - [2026-09-25T16:21:39.430+0000] {dag.py:4180} INFO - Setting next_dagrun for dataset_with_extra_from_classic_operator to 2026-09-24 00:00:00+00:00, run_after=2026-09-25 00:00:00+00:00
[2026-09-25T16:21:39.567+0000] {processor.py:208} INFO - Processing /home/airflow/.local/lib/python3.12/site-packages/airflow/example_dags/example_outlet_event_extra.py took 2.162 seconds
[2026-09-25T16:22:38.101+0000] {processor.py:186} INFO - Started process (PID=439) to work on /home/airflow/.local/lib/python3.12/site-packages/airflow/example_dags/example_outlet_event_extra.py
[2026-09-25T16:22:38.112+0000] {processor.py:914} INFO - Processing file /home/airflow/.local/lib/python3.12/site-packages/airflow/example_dags/example_outlet_event_extra.py for tasks to queue
[2026-09-25T16:22:38.132+0000] {logging_mixin.py:190} INFO - [2026-09-25T16:22:38.127+0000] {dagbag.py:588} INFO - Filling up the DagBag from /home/airflow/.local/lib/python3.12/site-packages/airflow/example_dags/example_outlet_event_extra.py
[2026-09-25T16:22:48.641+0000] {processor.py:925} INFO - DAG(s) 'dataset_with_extra_by_context', 'dataset_with_extra_from_classic_operator', 'dataset_with_extra_by_yield' retrieved from /home/airflow/.local/lib/python3.12/site-packages/airflow/example_dags/example_outlet_event_extra.py
[2026-09-25T16:22:49.031+0000] {logging_mixin.py:190} INFO - [2026-09-25T16:22:49.030+0000] {dag.py:3239} INFO - Sync 3 DAGs
[2026-09-25T16:22:49.528+0000] {logging_mixin.py:190} INFO - [2026-09-25T16:22:49.527+0000] {dag.py:4180} INFO - Setting next_dagrun for dataset_with_extra_by_context to 2026-09-24 00:00:00+00:00, run_after=2026-09-25 00:00:00+00:00
[2026-09-25T16:22:49.662+0000] {logging_mixin.py:190} INFO - [2026-09-25T16:22:49.661+0000] {dag.py:4180} INFO - Setting next_dagrun for dataset_with_extra_by_yield to 2026-09-24 00:00:00+00:00, run_after=2026-09-25 00:00:00+00:00
[2026-09-25T16:22:49.705+0000] {logging_mixin.py:190} INFO - [2026-09-25T16:22:49.704+0000] {dag.py:4180} INFO - Setting next_dagrun for dataset_with_extra_from_classic_operator to 2026-09-24 00:00:00+00:00, run_after=2026-09-25 00:00:00+00:00
[2026-09-25T16:22:50.174+0000] {processor.py:208} INFO - Processing /home/airflow/.local/lib/python3.12/site-packages/airflow/example_dags/example_outlet_event_extra.py took 12.124 seconds
[2026-09-25T16:23:20.468+0000] {processor.py:186} INFO - Started process (PID=502) to work on /home/airflow/.local/lib/python3.12/site-packages/airflow/example_dags/example_outlet_event_extra.py
[2026-09-25T16:23:20.503+0000] {processor.py:914} INFO - Processing file /home/airflow/.local/lib/python3.12/site-packages/airflow/example_dags/example_outlet_event_extra.py for tasks to queue
[2026-09-25T16:23:20.536+0000] {logging_mixin.py:190} INFO - [2026-09-25T16:23:20.534+0000] {dagbag.py:588} INFO - Filling up the DagBag from /home/airflow/.local/lib/python3.12/site-packages/airflow/example_dags/example_outlet_event_extra.py
[2026-09-25T16:23:25.031+0000] {processor.py:925} INFO - DAG(s) 'dataset_with_extra_by_yield', 'dataset_with_extra_by_context', 'dataset_with_extra_from_classic_operator' retrieved from /home/airflow/.local/lib/python3.12/site-packages/airflow/example_dags/example_outlet_event_extra.py
[2026-09-25T16:23:25.189+0000] {logging_mixin.py:190} INFO - [2026-09-25T16:23:25.188+0000] {dag.py:3239} INFO - Sync 3 DAGs
[2026-09-25T16:23:25.300+0000] {logging_mixin.py:190} INFO - [2026-09-25T16:23:25.300+0000] {dag.py:4180} INFO - Setting next_dagrun for dataset_with_extra_by_context to 2026-09-24 00:00:00+00:00, run_after=2026-09-25 00:00:00+00:00
[2026-09-25T16:23:25.334+0000] {logging_mixin.py:190} INFO - [2026-09-25T16:23:25.333+0000] {dag.py:4180} INFO - Setting next_dagrun for dataset_with_extra_by_yield to 2026-09-24 00:00:00+00:00, run_after=2026-09-25 00:00:00+00:00
[2026-09-25T16:23:25.343+0000] {logging_mixin.py:190} INFO - [2026-09-25T16:23:25.343+0000] {dag.py:4180} INFO - Setting next_dagrun for dataset_with_extra_from_classic_operator to 2026-09-24 00:00:00+00:00, run_after=2026-09-25 00:00:00+00:00
[2026-09-25T16:23:25.402+0000] {processor.py:208} INFO - Processing /home/airflow/.local/lib/python3.12/site-packages/airflow/example_dags/example_outlet_event_extra.py took 4.991 seconds
[2026-09-25T16:23:55.932+0000] {processor.py:186} INFO - Started process (PID=565) to work on /home/airflow/.local/lib/python3.12/site-packages/airflow/example_dags/example_outlet_event_extra.py
[2026-09-25T16:23:55.935+0000] {processor.py:914} INFO - Processing file /home/airflow/.local/lib/python3.12/site-packages/airflow/example_dags/example_outlet_event_extra.py for tasks to queue
[2026-09-25T16:23:55.959+0000] {logging_mixin.py:190} INFO - [2026-09-25T16:23:55.957+0000] {dagbag.py:588} INFO - Filling up the DagBag from /home/airflow/.local/lib/python3.12/site-packages/airflow/example_dags/example_outlet_event_extra.py
[2026-09-25T16:24:02.066+0000] {processor.py:925} INFO - DAG(s) 'dataset_with_extra_from_classic_operator', 'dataset_with_extra_by_yield', 'dataset_with_extra_by_context' retrieved from /home/airflow/.local/lib/python3.12/site-packages/airflow/example_dags/example_outlet_event_extra.py
[2026-09-25T16:24:02.315+0000] {logging_mixin.py:190} INFO - [2026-09-25T16:24:02.305+0000] {dag.py:3239} INFO - Sync 3 DAGs
[2026-09-25T16:24:02.550+0000] {logging_mixin.py:190} INFO - [2026-09-25T16:24:02.549+0000] {dag.py:4180} INFO - Setting next_dagrun for dataset_with_extra_by_context to 2026-09-24 00:00:00+00:00, run_after=2026-09-25 00:00:00+00:00
[2026-09-25T16:24:02.593+0000] {logging_mixin.py:190} INFO - [2026-09-25T16:24:02.591+0000] {dag.py:4180} INFO - Setting next_dagrun for dataset_with_extra_by_yield to 2026-09-24 00:00:00+00:00, run_after=2026-09-25 00:00:00+00:00
[2026-09-25T16:24:02.638+0000] {logging_mixin.py:190} INFO - [2026-09-25T16:24:02.634+0000] {dag.py:4180} INFO - Setting next_dagrun for dataset_with_extra_from_classic_operator to 2026-09-24 00:00:00+00:00, run_after=2026-09-25 00:00:00+00:00
[2026-09-25T16:24:02.799+0000] {processor.py:208} INFO - Processing /home/airflow/.local/lib/python3.12/site-packages/airflow/example_dags/example_outlet_event_extra.py took 6.887 seconds
[2026-09-25T16:24:34.008+0000] {processor.py:186} INFO - Started process (PID=628) to work on /home/airflow/.local/lib/python3.12/site-packages/airflow/example_dags/example_outlet_event_extra.py
[2026-09-25T16:24:34.050+0000] {processor.py:914} INFO - Processing file /home/airflow/.local/lib/python3.12/site-packages/airflow/example_dags/example_outlet_event_extra.py for tasks to queue
[2026-09-25T16:24:34.078+0000] {logging_mixin.py:190} INFO - [2026-09-25T16:24:34.077+0000] {dagbag.py:588} INFO - Filling up the DagBag from /home/airflow/.local/lib/python3.12/site-packages/airflow/example_dags/example_outlet_event_extra.py
[2026-09-25T16:24:38.853+0000] {processor.py:925} INFO - DAG(s) 'dataset_with_extra_by_context', 'dataset_with_extra_by_yield', 'dataset_with_extra_from_classic_operator' retrieved from /home/airflow/.local/lib/python3.12/site-packages/airflow/example_dags/example_outlet_event_extra.py
[2026-09-25T16:24:39.057+0000] {logging_mixin.py:190} INFO - [2026-09-25T16:24:39.056+0000] {dag.py:3239} INFO - Sync 3 DAGs
[2026-09-25T16:24:39.292+0000] {logging_mixin.py:190} INFO - [2026-09-25T16:24:39.292+0000] {dag.py:4180} INFO - Setting next_dagrun for dataset_with_extra_by_context to 2026-09-24 00:00:00+00:00, run_after=2026-09-25 00:00:00+00:00
[2026-09-25T16:24:39.426+0000] {logging_mixin.py:190} INFO - [2026-09-25T16:24:39.426+0000] {dag.py:4180} INFO - Setting next_dagrun for dataset_with_extra_by_yield to 2026-09-24 00:00:00+00:00, run_after=2026-09-25 00:00:00+00:00
[2026-09-25T16:24:39.454+0000] {logging_mixin.py:190} INFO - [2026-09-25T16:24:39.441+0000] {dag.py:4180} INFO - Setting next_dagrun for dataset_with_extra_from_classic_operator to 2026-09-24 00:00:00+00:00, run_after=2026-09-25 00:00:00+00:00
[2026-09-25T16:24:39.772+0000] {processor.py:208} INFO - Processing /home/airflow/.local/lib/python3.12/site-packages/airflow/example_dags/example_outlet_event_extra.py took 5.891 seconds
[2026-09-25T16:25:14.313+0000] {processor.py:186} INFO - Started process (PID=696) to work on /home/airflow/.local/lib/python3.12/site-packages/airflow/example_dags/example_outlet_event_extra.py
[2026-09-25T16:25:14.318+0000] {processor.py:914} INFO - Processing file /home/airflow/.local/lib/python3.12/site-packages/airflow/example_dags/example_outlet_event_extra.py for tasks to queue
[2026-09-25T16:25:14.324+0000] {logging_mixin.py:190} INFO - [2026-09-25T16:25:14.323+0000] {dagbag.py:588} INFO - Filling up the DagBag from /home/airflow/.local/lib/python3.12/site-packages/airflow/example_dags/example_outlet_event_extra.py
[2026-09-25T16:25:17.931+0000] {processor.py:925} INFO - DAG(s) 'dataset_with_extra_from_classic_operator', 'dataset_with_extra_by_context', 'dataset_with_extra_by_yield' retrieved from /home/airflow/.local/lib/python3.12/site-packages/airflow/example_dags/example_outlet_event_extra.py
[2026-09-25T16:25:18.058+0000] {logging_mixin.py:190} INFO - [2026-09-25T16:25:18.057+0000] {dag.py:3239} INFO - Sync 3 DAGs
[2026-09-25T16:25:18.347+0000] {logging_mixin.py:190} INFO - [2026-09-25T16:25:18.346+0000] {dag.py:4180} INFO - Setting next_dagrun for dataset_with_extra_by_context to 2026-09-24 00:00:00+00:00, run_after=2026-09-25 00:00:00+00:00
[2026-09-25T16:25:18.383+0000] {logging_mixin.py:190} INFO - [2026-09-25T16:25:18.382+0000] {dag.py:4180} INFO - Setting next_dagrun for dataset_with_extra_by_yield to 2026-09-24 00:00:00+00:00, run_after=2026-09-25 00:00:00+00:00
[2026-09-25T16:25:18.405+0000] {logging_mixin.py:190} INFO - [2026-09-25T16:25:18.404+0000] {dag.py:4180} INFO - Setting next_dagrun for dataset_with_extra_from_classic_operator to 2026-09-24 00:00:00+00:00, run_after=2026-09-25 00:00:00+00:00
[2026-09-25T16:25:18.729+0000] {processor.py:208} INFO - Processing /home/airflow/.local/lib/python3.12/site-packages/airflow/example_dags/example_outlet_event_extra.py took 4.446 seconds
[2026-09-25T16:25:54.192+0000] {processor.py:186} INFO - Started process (PID=760) to work on /home/airflow/.local/lib/python3.12/site-packages/airflow/example_dags/example_outlet_event_extra.py
[2026-09-25T16:25:54.195+0000] {processor.py:914} INFO - Processing file /home/airflow/.local/lib/python3.12/site-packages/airflow/example_dags/example_outlet_event_extra.py for tasks to queue
[2026-09-25T16:25:54.203+0000] {logging_mixin.py:190} INFO - [2026-09-25T16:25:54.202+0000] {dagbag.py:588} INFO - Filling up the DagBag from /home/airflow/.local/lib/python3.12/site-packages/airflow/example_dags/example_outlet_event_extra.py
[2026-09-25T16:25:56.070+0000] {processor.py:925} INFO - DAG(s) 'dataset_with_extra_by_yield', 'dataset_with_extra_by_context', 'dataset_with_extra_from_classic_operator' retrieved from /home/airflow/.local/lib/python3.12/site-packages/airflow/example_dags/example_outlet_event_extra.py
[2026-09-25T16:25:56.142+0000] {logging_mixin.py:190} INFO - [2026-09-25T16:25:56.141+0000] {dag.py:3239} INFO - Sync 3 DAGs
[2026-09-25T16:25:56.273+0000] {logging_mixin.py:190} INFO - [2026-09-25T16:25:56.272+0000] {dag.py:4180} INFO - Setting next_dagrun for dataset_with_extra_by_context to 2026-09-24 00:00:00+00:00, run_after=2026-09-25 00:00:00+00:00
[2026-09-25T16:25:56.310+0000] {logging_mixin.py:190} INFO - [2026-09-25T16:25:56.309+0000] {dag.py:4180} INFO - Setting next_dagrun for dataset_with_extra_by_yield to 2026-09-24 00:00:00+00:00, run_after=2026-09-25 00:00:00+00:00
[2026-09-25T16:25:56.327+0000] {logging_mixin.py:190} INFO - [2026-09-25T16:25:56.326+0000] {dag.py:4180} INFO - Setting next_dagrun for dataset_with_extra_from_classic_operator to 2026-09-24 00:00:00+00:00, run_after=2026-09-25 00:00:00+00:00
[2026-09-25T16:25:56.411+0000] {processor.py:208} INFO - Processing /home/airflow/.local/lib/python3.12/site-packages/airflow/example_dags/example_outlet_event_extra.py took 2.237 seconds
[2026-09-25T16:26:26.681+0000] {processor.py:186} INFO - Started process (PID=822) to work on /home/airflow/.local/lib/python3.12/site-packages/airflow/example_dags/example_outlet_event_extra.py
[2026-09-25T16:26:26.683+0000] {processor.py:914} INFO - Processing file /home/airflow/.local/lib/python3.12/site-packages/airflow/example_dags/example_outlet_event_extra.py for tasks to queue
[2026-09-25T16:26:26.688+0000] {logging_mixin.py:190} INFO - [2026-09-25T16:26:26.687+0000] {dagbag.py:588} INFO - Filling up the DagBag from /home/airflow/.local/lib/python3.12/site-packages/airflow/example_dags/example_outlet_event_extra.py
[2026-09-25T16:26:27.881+0000] {processor.py:925} INFO - DAG(s) 'dataset_with_extra_by_context', 'dataset_with_extra_from_classic_operator', 'dataset_with_extra_by_yield' retrieved from /home/airflow/.local/lib/python3.12/site-packages/airflow/example_dags/example_outlet_event_extra.py
[2026-09-25T16:26:27.930+0000] {logging_mixin.py:190} INFO - [2026-09-25T16:26:27.929+0000] {dag.py:3239} INFO - Sync 3 DAGs
[2026-09-25T16:26:28.014+0000] {logging_mixin.py:190} INFO - [2026-09-25T16:26:28.013+0000] {dag.py:4180} INFO - Setting next_dagrun for dataset_with_extra_by_context to 2026-09-24 00:00:00+00:00, run_after=2026-09-25 00:00:00+00:00
[2026-09-25T16:26:28.027+0000] {logging_mixin.py:190} INFO - [2026-09-25T16:26:28.027+0000] {dag.py:4180} INFO - Setting next_dagrun for dataset_with_extra_by_yield to 2026-09-24 00:00:00+00:00, run_after=2026-09-25 00:00:00+00:00
[2026-09-25T16:26:28.033+0000] {logging_mixin.py:190} INFO - [2026-09-25T16:26:28.033+0000] {dag.py:4180} INFO - Setting next_dagrun for dataset_with_extra_from_classic_operator to 2026-09-24 00:00:00+00:00, run_after=2026-09-25 00:00:00+00:00
[2026-09-25T16:26:28.095+0000] {processor.py:208} INFO - Processing /home/airflow/.local/lib/python3.12/site-packages/airflow/example_dags/example_outlet_event_extra.py took 1.425 seconds
[2026-09-25T16:27:02.710+0000] {processor.py:186} INFO - Started process (PID=885) to work on /home/airflow/.local/lib/python3.12/site-packages/airflow/example_dags/example_outlet_event_extra.py
[2026-09-25T16:27:02.713+0000] {processor.py:914} INFO - Processing file /home/airflow/.local/lib/python3.12/site-packages/airflow/example_dags/example_outlet_event_extra.py for tasks to queue
[2026-09-25T16:27:02.717+0000] {logging_mixin.py:190} INFO - [2026-09-25T16:27:02.717+0000] {dagbag.py:588} INFO - Filling up the DagBag from /home/airflow/.local/lib/python3.12/site-packages/airflow/example_dags/example_outlet_event_extra.py
[2026-09-25T16:27:06.068+0000] {processor.py:925} INFO - DAG(s) 'dataset_with_extra_from_classic_operator', 'dataset_with_extra_by_context', 'dataset_with_extra_by_yield' retrieved from /home/airflow/.local/lib/python3.12/site-packages/airflow/example_dags/example_outlet_event_extra.py
[2026-09-25T16:27:06.580+0000] {logging_mixin.py:190} INFO - [2026-09-25T16:27:06.576+0000] {dag.py:3239} INFO - Sync 3 DAGs
[2026-09-25T16:27:06.816+0000] {logging_mixin.py:190} INFO - [2026-09-25T16:27:06.815+0000] {dag.py:4180} INFO - Setting next_dagrun for dataset_with_extra_by_context to 2026-09-24 00:00:00+00:00, run_after=2026-09-25 00:00:00+00:00
[2026-09-25T16:27:06.849+0000] {logging_mixin.py:190} INFO - [2026-09-25T16:27:06.848+0000] {dag.py:4180} INFO - Setting next_dagrun for dataset_with_extra_by_yield to 2026-09-24 00:00:00+00:00, run_after=2026-09-25 00:00:00+00:00
[2026-09-25T16:27:06.864+0000] {logging_mixin.py:190} INFO - [2026-09-25T16:27:06.864+0000] {dag.py:4180} INFO - Setting next_dagrun for dataset_with_extra_from_classic_operator to 2026-09-24 00:00:00+00:00, run_after=2026-09-25 00:00:00+00:00
[2026-09-25T16:27:06.945+0000] {processor.py:208} INFO - Processing /home/airflow/.local/lib/python3.12/site-packages/airflow/example_dags/example_outlet_event_extra.py took 4.249 seconds
[2026-09-25T16:27:38.945+0000] {processor.py:186} INFO - Started process (PID=947) to work on /home/airflow/.local/lib/python3.12/site-packages/airflow/example_dags/example_outlet_event_extra.py
[2026-09-25T16:27:38.949+0000] {processor.py:914} INFO - Processing file /home/airflow/.local/lib/python3.12/site-packages/airflow/example_dags/example_outlet_event_extra.py for tasks to queue
[2026-09-25T16:27:38.976+0000] {logging_mixin.py:190} INFO - [2026-09-25T16:27:38.970+0000] {dagbag.py:588} INFO - Filling up the DagBag from /home/airflow/.local/lib/python3.12/site-packages/airflow/example_dags/example_outlet_event_extra.py
[2026-09-25T16:27:52.068+0000] {processor.py:925} INFO - DAG(s) 'dataset_with_extra_by_context', 'dataset_with_extra_by_yield', 'dataset_with_extra_from_classic_operator' retrieved from /home/airflow/.local/lib/python3.12/site-packages/airflow/example_dags/example_outlet_event_extra.py
[2026-09-25T16:27:52.124+0000] {logging_mixin.py:190} INFO - [2026-09-25T16:27:52.123+0000] {dag.py:3239} INFO - Sync 3 DAGs
[2026-09-25T16:27:52.184+0000] {logging_mixin.py:190} INFO - [2026-09-25T16:27:52.184+0000] {dag.py:4180} INFO - Setting next_dagrun for dataset_with_extra_by_context to 2026-09-24 00:00:00+00:00, run_after=2026-09-25 00:00:00+00:00
[2026-09-25T16:27:52.204+0000] {logging_mixin.py:190} INFO - [2026-09-25T16:27:52.203+0000] {dag.py:4180} INFO - Setting next_dagrun for dataset_with_extra_by_yield to 2026-09-24 00:00:00+00:00, run_after=2026-09-25 00:00:00+00:00
[2026-09-25T16:27:52.213+0000] {logging_mixin.py:190} INFO - [2026-09-25T16:27:52.213+0000] {dag.py:4180} INFO - Setting next_dagrun for dataset_with_extra_from_classic_operator to 2026-09-24 00:00:00+00:00, run_after=2026-09-25 00:00:00+00:00
[2026-09-25T16:27:52.322+0000] {processor.py:208} INFO - Processing /home/airflow/.local/lib/python3.12/site-packages/airflow/example_dags/example_outlet_event_extra.py took 13.443 seconds
[2026-09-25T16:28:50.069+0000] {processor.py:186} INFO - Started process (PID=1032) to work on /home/airflow/.local/lib/python3.12/site-packages/airflow/example_dags/example_outlet_event_extra.py
[2026-09-25T16:28:50.126+0000] {processor.py:914} INFO - Processing file /home/airflow/.local/lib/python3.12/site-packages/airflow/example_dags/example_outlet_event_extra.py for tasks to queue
[2026-09-25T16:28:50.170+0000] {logging_mixin.py:190} INFO - [2026-09-25T16:28:50.169+0000] {dagbag.py:588} INFO - Filling up the DagBag from /home/airflow/.local/lib/python3.12/site-packages/airflow/example_dags/example_outlet_event_extra.py
[2026-09-25T16:28:54.931+0000] {processor.py:925} INFO - DAG(s) 'dataset_with_extra_by_context', 'dataset_with_extra_by_yield', 'dataset_with_extra_from_classic_operator' retrieved from /home/airflow/.local/lib/python3.12/site-packages/airflow/example_dags/example_outlet_event_extra.py
[2026-09-25T16:28:55.364+0000] {logging_mixin.py:190} INFO - [2026-09-25T16:28:55.364+0000] {dag.py:3239} INFO - Sync 3 DAGs
[2026-09-25T16:28:55.534+0000] {logging_mixin.py:190} INFO - [2026-09-25T16:28:55.534+0000] {dag.py:4180} INFO - Setting next_dagrun for dataset_with_extra_by_context to 2026-09-24 00:00:00+00:00, run_after=2026-09-25 00:00:00+00:00
[2026-09-25T16:28:55.578+0000] {logging_mixin.py:190} INFO - [2026-09-25T16:28:55.578+0000] {dag.py:4180} INFO - Setting next_dagrun for dataset_with_extra_by_yield to 2026-09-24 00:00:00+00:00, run_after=2026-09-25 00:00:00+00:00
[2026-09-25T16:28:55.602+0000] {logging_mixin.py:190} INFO - [2026-09-25T16:28:55.602+0000] {dag.py:4180} INFO - Setting next_dagrun for dataset_with_extra_from_classic_operator to 2026-09-24 00:00:00+00:00, run_after=2026-09-25 00:00:00+00:00
[2026-09-25T16:28:55.770+0000] {processor.py:208} INFO - Processing /home/airflow/.local/lib/python3.12/site-packages/airflow/example_dags/example_outlet_event_extra.py took 5.806 seconds
[2026-09-25T16:43:29.832+0000] {processor.py:186} INFO - Started process (PID=77) to work on /home/airflow/.local/lib/python3.12/site-packages/airflow/example_dags/example_outlet_event_extra.py
[2026-09-25T16:43:29.854+0000] {processor.py:914} INFO - Processing file /home/airflow/.local/lib/python3.12/site-packages/airflow/example_dags/example_outlet_event_extra.py for tasks to queue
[2026-09-25T16:43:29.901+0000] {logging_mixin.py:190} INFO - [2026-09-25T16:43:29.894+0000] {dagbag.py:588} INFO - Filling up the DagBag from /home/airflow/.local/lib/python3.12/site-packages/airflow/example_dags/example_outlet_event_extra.py
[2026-09-25T16:43:42.642+0000] {processor.py:925} INFO - DAG(s) 'dataset_with_extra_by_context', 'dataset_with_extra_by_yield', 'dataset_with_extra_from_classic_operator' retrieved from /home/airflow/.local/lib/python3.12/site-packages/airflow/example_dags/example_outlet_event_extra.py
[2026-09-25T16:43:42.863+0000] {logging_mixin.py:190} INFO - [2026-09-25T16:43:42.862+0000] {dag.py:3239} INFO - Sync 3 DAGs
[2026-09-25T16:43:43.133+0000] {logging_mixin.py:190} INFO - [2026-09-25T16:43:43.132+0000] {dag.py:4180} INFO - Setting next_dagrun for dataset_with_extra_by_context to 2026-09-24 00:00:00+00:00, run_after=2026-09-25 00:00:00+00:00
[2026-09-25T16:43:43.258+0000] {logging_mixin.py:190} INFO - [2026-09-25T16:43:43.257+0000] {dag.py:4180} INFO - Setting next_dagrun for dataset_with_extra_by_yield to 2026-09-24 00:00:00+00:00, run_after=2026-09-25 00:00:00+00:00
[2026-09-25T16:43:43.273+0000] {logging_mixin.py:190} INFO - [2026-09-25T16:43:43.272+0000] {dag.py:4180} INFO - Setting next_dagrun for dataset_with_extra_from_classic_operator to 2026-09-24 00:00:00+00:00, run_after=2026-09-25 00:00:00+00:00
[2026-09-25T16:43:43.487+0000] {processor.py:208} INFO - Processing /home/airflow/.local/lib/python3.12/site-packages/airflow/example_dags/example_outlet_event_extra.py took 14.270 seconds
[2026-09-25T16:44:14.679+0000] {processor.py:186} INFO - Started process (PID=149) to work on /home/airflow/.local/lib/python3.12/site-packages/airflow/example_dags/example_outlet_event_extra.py
[2026-09-25T16:44:14.694+0000] {processor.py:914} INFO - Processing file /home/airflow/.local/lib/python3.12/site-packages/airflow/example_dags/example_outlet_event_extra.py for tasks to queue
[2026-09-25T16:44:14.732+0000] {logging_mixin.py:190} INFO - [2026-09-25T16:44:14.731+0000] {dagbag.py:588} INFO - Filling up the DagBag from /home/airflow/.local/lib/python3.12/site-packages/airflow/example_dags/example_outlet_event_extra.py
[2026-09-25T16:44:18.340+0000] {processor.py:925} INFO - DAG(s) 'dataset_with_extra_by_context', 'dataset_with_extra_from_classic_operator', 'dataset_with_extra_by_yield' retrieved from /home/airflow/.local/lib/python3.12/site-packages/airflow/example_dags/example_outlet_event_extra.py
[2026-09-25T16:44:18.698+0000] {logging_mixin.py:190} INFO - [2026-09-25T16:44:18.682+0000] {dag.py:3239} INFO - Sync 3 DAGs
[2026-09-25T16:44:19.044+0000] {logging_mixin.py:190} INFO - [2026-09-25T16:44:19.030+0000] {dag.py:4180} INFO - Setting next_dagrun for dataset_with_extra_by_context to 2026-09-24 00:00:00+00:00, run_after=2026-09-25 00:00:00+00:00
[2026-09-25T16:44:19.095+0000] {logging_mixin.py:190} INFO - [2026-09-25T16:44:19.094+0000] {dag.py:4180} INFO - Setting next_dagrun for dataset_with_extra_by_yield to 2026-09-24 00:00:00+00:00, run_after=2026-09-25 00:00:00+00:00
[2026-09-25T16:44:19.118+0000] {logging_mixin.py:190} INFO - [2026-09-25T16:44:19.118+0000] {dag.py:4180} INFO - Setting next_dagrun for dataset_with_extra_from_classic_operator to 2026-09-24 00:00:00+00:00, run_after=2026-09-25 00:00:00+00:00
[2026-09-25T16:44:19.285+0000] {processor.py:208} INFO - Processing /home/airflow/.local/lib/python3.12/site-packages/airflow/example_dags/example_outlet_event_extra.py took 4.771 seconds
[2026-09-25T16:44:50.567+0000] {processor.py:186} INFO - Started process (PID=214) to work on /home/airflow/.local/lib/python3.12/site-packages/airflow/example_dags/example_outlet_event_extra.py
[2026-09-25T16:44:50.570+0000] {processor.py:914} INFO - Processing file /home/airflow/.local/lib/python3.12/site-packages/airflow/example_dags/example_outlet_event_extra.py for tasks to queue
[2026-09-25T16:44:50.577+0000] {logging_mixin.py:190} INFO - [2026-09-25T16:44:50.576+0000] {dagbag.py:588} INFO - Filling up the DagBag from /home/airflow/.local/lib/python3.12/site-packages/airflow/example_dags/example_outlet_event_extra.py
[2026-09-25T16:44:53.817+0000] {processor.py:925} INFO - DAG(s) 'dataset_with_extra_from_classic_operator', 'dataset_with_extra_by_context', 'dataset_with_extra_by_yield' retrieved from /home/airflow/.local/lib/python3.12/site-packages/airflow/example_dags/example_outlet_event_extra.py
[2026-09-25T16:44:54.087+0000] {logging_mixin.py:190} INFO - [2026-09-25T16:44:54.086+0000] {dag.py:3239} INFO - Sync 3 DAGs
[2026-09-25T16:44:54.565+0000] {logging_mixin.py:190} INFO - [2026-09-25T16:44:54.563+0000] {dag.py:4180} INFO - Setting next_dagrun for dataset_with_extra_by_context to 2026-09-24 00:00:00+00:00, run_after=2026-09-25 00:00:00+00:00
[2026-09-25T16:44:54.682+0000] {logging_mixin.py:190} INFO - [2026-09-25T16:44:54.682+0000] {dag.py:4180} INFO - Setting next_dagrun for dataset_with_extra_by_yield to 2026-09-24 00:00:00+00:00, run_after=2026-09-25 00:00:00+00:00
[2026-09-25T16:44:54.835+0000] {logging_mixin.py:190} INFO - [2026-09-25T16:44:54.835+0000] {dag.py:4180} INFO - Setting next_dagrun for dataset_with_extra_from_classic_operator to 2026-09-24 00:00:00+00:00, run_after=2026-09-25 00:00:00+00:00
[2026-09-25T16:44:55.298+0000] {processor.py:208} INFO - Processing /home/airflow/.local/lib/python3.12/site-packages/airflow/example_dags/example_outlet_event_extra.py took 4.761 seconds
[2026-09-25T16:45:25.548+0000] {processor.py:186} INFO - Started process (PID=282) to work on /home/airflow/.local/lib/python3.12/site-packages/airflow/example_dags/example_outlet_event_extra.py
[2026-09-25T16:45:25.551+0000] {processor.py:914} INFO - Processing file /home/airflow/.local/lib/python3.12/site-packages/airflow/example_dags/example_outlet_event_extra.py for tasks to queue
[2026-09-25T16:45:25.559+0000] {logging_mixin.py:190} INFO - [2026-09-25T16:45:25.558+0000] {dagbag.py:588} INFO - Filling up the DagBag from /home/airflow/.local/lib/python3.12/site-packages/airflow/example_dags/example_outlet_event_extra.py
[2026-09-25T16:45:26.745+0000] {processor.py:925} INFO - DAG(s) 'dataset_with_extra_from_classic_operator', 'dataset_with_extra_by_yield', 'dataset_with_extra_by_context' retrieved from /home/airflow/.local/lib/python3.12/site-packages/airflow/example_dags/example_outlet_event_extra.py
[2026-09-25T16:45:26.813+0000] {logging_mixin.py:190} INFO - [2026-09-25T16:45:26.812+0000] {dag.py:3239} INFO - Sync 3 DAGs
[2026-09-25T16:45:26.874+0000] {logging_mixin.py:190} INFO - [2026-09-25T16:45:26.873+0000] {dag.py:4180} INFO - Setting next_dagrun for dataset_with_extra_by_context to 2026-09-24 00:00:00+00:00, run_after=2026-09-25 00:00:00+00:00
[2026-09-25T16:45:26.887+0000] {logging_mixin.py:190} INFO - [2026-09-25T16:45:26.886+0000] {dag.py:4180} INFO - Setting next_dagrun for dataset_with_extra_by_yield to 2026-09-24 00:00:00+00:00, run_after=2026-09-25 00:00:00+00:00
[2026-09-25T16:45:26.893+0000] {logging_mixin.py:190} INFO - [2026-09-25T16:45:26.892+0000] {dag.py:4180} INFO - Setting next_dagrun for dataset_with_extra_from_classic_operator to 2026-09-24 00:00:00+00:00, run_after=2026-09-25 00:00:00+00:00
[2026-09-25T16:45:26.944+0000] {processor.py:208} INFO - Processing /home/airflow/.local/lib/python3.12/site-packages/airflow/example_dags/example_outlet_event_extra.py took 1.415 seconds
[2026-09-25T16:45:57.065+0000] {processor.py:186} INFO - Started process (PID=345) to work on /home/airflow/.local/lib/python3.12/site-packages/airflow/example_dags/example_outlet_event_extra.py
[2026-09-25T16:45:57.068+0000] {processor.py:914} INFO - Processing file /home/airflow/.local/lib/python3.12/site-packages/airflow/example_dags/example_outlet_event_extra.py for tasks to queue
[2026-09-25T16:45:57.072+0000] {logging_mixin.py:190} INFO - [2026-09-25T16:45:57.072+0000] {dagbag.py:588} INFO - Filling up the DagBag from /home/airflow/.local/lib/python3.12/site-packages/airflow/example_dags/example_outlet_event_extra.py
[2026-09-25T16:45:59.140+0000] {processor.py:925} INFO - DAG(s) 'dataset_with_extra_by_yield', 'dataset_with_extra_from_classic_operator', 'dataset_with_extra_by_context' retrieved from /home/airflow/.local/lib/python3.12/site-packages/airflow/example_dags/example_outlet_event_extra.py
[2026-09-25T16:45:59.582+0000] {logging_mixin.py:190} INFO - [2026-09-25T16:45:59.581+0000] {dag.py:3239} INFO - Sync 3 DAGs
[2026-09-25T16:45:59.759+0000] {logging_mixin.py:190} INFO - [2026-09-25T16:45:59.758+0000] {dag.py:4180} INFO - Setting next_dagrun for dataset_with_extra_by_context to 2026-09-24 00:00:00+00:00, run_after=2026-09-25 00:00:00+00:00
[2026-09-25T16:45:59.984+0000] {logging_mixin.py:190} INFO - [2026-09-25T16:45:59.984+0000] {dag.py:4180} INFO - Setting next_dagrun for dataset_with_extra_by_yield to 2026-09-24 00:00:00+00:00, run_after=2026-09-25 00:00:00+00:00
[2026-09-25T16:45:59.997+0000] {logging_mixin.py:190} INFO - [2026-09-25T16:45:59.996+0000] {dag.py:4180} INFO - Setting next_dagrun for dataset_with_extra_from_classic_operator to 2026-09-24 00:00:00+00:00, run_after=2026-09-25 00:00:00+00:00
[2026-09-25T16:46:01.402+0000] {processor.py:208} INFO - Processing /home/airflow/.local/lib/python3.12/site-packages/airflow/example_dags/example_outlet_event_extra.py took 4.347 seconds
[2026-09-25T16:46:33.305+0000] {processor.py:186} INFO - Started process (PID=409) to work on /home/airflow/.local/lib/python3.12/site-packages/airflow/example_dags/example_outlet_event_extra.py
[2026-09-25T16:46:33.307+0000] {processor.py:914} INFO - Processing file /home/airflow/.local/lib/python3.12/site-packages/airflow/example_dags/example_outlet_event_extra.py for tasks to queue
[2026-09-25T16:46:33.314+0000] {logging_mixin.py:190} INFO - [2026-09-25T16:46:33.313+0000] {dagbag.py:588} INFO - Filling up the DagBag from /home/airflow/.local/lib/python3.12/site-packages/airflow/example_dags/example_outlet_event_extra.py
[2026-09-25T16:46:35.502+0000] {processor.py:925} INFO - DAG(s) 'dataset_with_extra_by_context', 'dataset_with_extra_by_yield', 'dataset_with_extra_from_classic_operator' retrieved from /home/airflow/.local/lib/python3.12/site-packages/airflow/example_dags/example_outlet_event_extra.py
[2026-09-25T16:46:35.566+0000] {logging_mixin.py:190} INFO - [2026-09-25T16:46:35.566+0000] {dag.py:3239} INFO - Sync 3 DAGs
[2026-09-25T16:46:35.621+0000] {logging_mixin.py:190} INFO - [2026-09-25T16:46:35.620+0000] {dag.py:4180} INFO - Setting next_dagrun for dataset_with_extra_by_context to 2026-09-24 00:00:00+00:00, run_after=2026-09-25 00:00:00+00:00
[2026-09-25T16:46:35.634+0000] {logging_mixin.py:190} INFO - [2026-09-25T16:46:35.634+0000] {dag.py:4180} INFO - Setting next_dagrun for dataset_with_extra_by_yield to 2026-09-24 00:00:00+00:00, run_after=2026-09-25 00:00:00+00:00
[2026-09-25T16:46:35.640+0000] {logging_mixin.py:190} INFO - [2026-09-25T16:46:35.639+0000] {dag.py:4180} INFO - Setting next_dagrun for dataset_with_extra_from_classic_operator to 2026-09-24 00:00:00+00:00, run_after=2026-09-25 00:00:00+00:00
[2026-09-25T16:46:35.698+0000] {processor.py:208} INFO - Processing /home/airflow/.local/lib/python3.12/site-packages/airflow/example_dags/example_outlet_event_extra.py took 2.408 seconds
[2026-09-25T16:47:06.121+0000] {processor.py:186} INFO - Started process (PID=478) to work on /home/airflow/.local/lib/python3.12/site-packages/airflow/example_dags/example_outlet_event_extra.py
[2026-09-25T16:47:06.125+0000] {processor.py:914} INFO - Processing file /home/airflow/.local/lib/python3.12/site-packages/airflow/example_dags/example_outlet_event_extra.py for tasks to queue
[2026-09-25T16:47:06.132+0000] {logging_mixin.py:190} INFO - [2026-09-25T16:47:06.130+0000] {dagbag.py:588} INFO - Filling up the DagBag from /home/airflow/.local/lib/python3.12/site-packages/airflow/example_dags/example_outlet_event_extra.py
[2026-09-25T16:47:07.569+0000] {processor.py:925} INFO - DAG(s) 'dataset_with_extra_by_yield', 'dataset_with_extra_by_context', 'dataset_with_extra_from_classic_operator' retrieved from /home/airflow/.local/lib/python3.12/site-packages/airflow/example_dags/example_outlet_event_extra.py
[2026-09-25T16:47:07.618+0000] {logging_mixin.py:190} INFO - [2026-09-25T16:47:07.618+0000] {dag.py:3239} INFO - Sync 3 DAGs
[2026-09-25T16:47:07.669+0000] {logging_mixin.py:190} INFO - [2026-09-25T16:47:07.669+0000] {dag.py:4180} INFO - Setting next_dagrun for dataset_with_extra_by_context to 2026-09-24 00:00:00+00:00, run_after=2026-09-25 00:00:00+00:00
[2026-09-25T16:47:07.679+0000] {logging_mixin.py:190} INFO - [2026-09-25T16:47:07.679+0000] {dag.py:4180} INFO - Setting next_dagrun for dataset_with_extra_by_yield to 2026-09-24 00:00:00+00:00, run_after=2026-09-25 00:00:00+00:00
[2026-09-25T16:47:07.690+0000] {logging_mixin.py:190} INFO - [2026-09-25T16:47:07.689+0000] {dag.py:4180} INFO - Setting next_dagrun for dataset_with_extra_from_classic_operator to 2026-09-24 00:00:00+00:00, run_after=2026-09-25 00:00:00+00:00
[2026-09-25T16:47:07.731+0000] {processor.py:208} INFO - Processing /home/airflow/.local/lib/python3.12/site-packages/airflow/example_dags/example_outlet_event_extra.py took 1.625 seconds
[2026-09-25T16:47:46.760+0000] {processor.py:186} INFO - Started process (PID=545) to work on /home/airflow/.local/lib/python3.12/site-packages/airflow/example_dags/example_outlet_event_extra.py
[2026-09-25T16:47:46.764+0000] {processor.py:914} INFO - Processing file /home/airflow/.local/lib/python3.12/site-packages/airflow/example_dags/example_outlet_event_extra.py for tasks to queue
[2026-09-25T16:47:46.771+0000] {logging_mixin.py:190} INFO - [2026-09-25T16:47:46.770+0000] {dagbag.py:588} INFO - Filling up the DagBag from /home/airflow/.local/lib/python3.12/site-packages/airflow/example_dags/example_outlet_event_extra.py
[2026-09-25T16:47:58.444+0000] {processor.py:925} INFO - DAG(s) 'dataset_with_extra_by_yield', 'dataset_with_extra_from_classic_operator', 'dataset_with_extra_by_context' retrieved from /home/airflow/.local/lib/python3.12/site-packages/airflow/example_dags/example_outlet_event_extra.py
[2026-09-25T16:47:58.594+0000] {logging_mixin.py:190} INFO - [2026-09-25T16:47:58.593+0000] {dag.py:3239} INFO - Sync 3 DAGs
[2026-09-25T16:47:58.840+0000] {logging_mixin.py:190} INFO - [2026-09-25T16:47:58.833+0000] {dag.py:4180} INFO - Setting next_dagrun for dataset_with_extra_by_context to 2026-09-24 00:00:00+00:00, run_after=2026-09-25 00:00:00+00:00
[2026-09-25T16:47:58.894+0000] {logging_mixin.py:190} INFO - [2026-09-25T16:47:58.893+0000] {dag.py:4180} INFO - Setting next_dagrun for dataset_with_extra_by_yield to 2026-09-24 00:00:00+00:00, run_after=2026-09-25 00:00:00+00:00
[2026-09-25T16:47:58.919+0000] {logging_mixin.py:190} INFO - [2026-09-25T16:47:58.918+0000] {dag.py:4180} INFO - Setting next_dagrun for dataset_with_extra_from_classic_operator to 2026-09-24 00:00:00+00:00, run_after=2026-09-25 00:00:00+00:00
[2026-09-25T16:47:59.165+0000] {processor.py:208} INFO - Processing /home/airflow/.local/lib/python3.12/site-packages/airflow/example_dags/example_outlet_event_extra.py took 12.458 seconds
[2026-09-25T16:48:29.588+0000] {processor.py:186} INFO - Started process (PID=607) to work on /home/airflow/.local/lib/python3.12/site-packages/airflow/example_dags/example_outlet_event_extra.py
[2026-09-25T16:48:29.590+0000] {processor.py:914} INFO - Processing file /home/airflow/.local/lib/python3.12/site-packages/airflow/example_dags/example_outlet_event_extra.py for tasks to queue
[2026-09-25T16:48:29.595+0000] {logging_mixin.py:190} INFO - [2026-09-25T16:48:29.595+0000] {dagbag.py:588} INFO - Filling up the DagBag from /home/airflow/.local/lib/python3.12/site-packages/airflow/example_dags/example_outlet_event_extra.py
[2026-09-25T16:48:33.145+0000] {processor.py:925} INFO - DAG(s) 'dataset_with_extra_by_context', 'dataset_with_extra_by_yield', 'dataset_with_extra_from_classic_operator' retrieved from /home/airflow/.local/lib/python3.12/site-packages/airflow/example_dags/example_outlet_event_extra.py
[2026-09-25T16:48:33.208+0000] {logging_mixin.py:190} INFO - [2026-09-25T16:48:33.208+0000] {dag.py:3239} INFO - Sync 3 DAGs
[2026-09-25T16:48:33.271+0000] {logging_mixin.py:190} INFO - [2026-09-25T16:48:33.271+0000] {dag.py:4180} INFO - Setting next_dagrun for dataset_with_extra_by_context to 2026-09-24 00:00:00+00:00, run_after=2026-09-25 00:00:00+00:00
[2026-09-25T16:48:33.284+0000] {logging_mixin.py:190} INFO - [2026-09-25T16:48:33.283+0000] {dag.py:4180} INFO - Setting next_dagrun for dataset_with_extra_by_yield to 2026-09-24 00:00:00+00:00, run_after=2026-09-25 00:00:00+00:00
[2026-09-25T16:48:33.294+0000] {logging_mixin.py:190} INFO - [2026-09-25T16:48:33.293+0000] {dag.py:4180} INFO - Setting next_dagrun for dataset_with_extra_from_classic_operator to 2026-09-24 00:00:00+00:00, run_after=2026-09-25 00:00:00+00:00
[2026-09-25T16:48:33.340+0000] {processor.py:208} INFO - Processing /home/airflow/.local/lib/python3.12/site-packages/airflow/example_dags/example_outlet_event_extra.py took 3.767 seconds
[2026-09-25T16:49:03.738+0000] {processor.py:186} INFO - Started process (PID=670) to work on /home/airflow/.local/lib/python3.12/site-packages/airflow/example_dags/example_outlet_event_extra.py
[2026-09-25T16:49:03.744+0000] {processor.py:914} INFO - Processing file /home/airflow/.local/lib/python3.12/site-packages/airflow/example_dags/example_outlet_event_extra.py for tasks to queue
[2026-09-25T16:49:03.758+0000] {logging_mixin.py:190} INFO - [2026-09-25T16:49:03.757+0000] {dagbag.py:588} INFO - Filling up the DagBag from /home/airflow/.local/lib/python3.12/site-packages/airflow/example_dags/example_outlet_event_extra.py
[2026-09-25T16:49:06.686+0000] {processor.py:925} INFO - DAG(s) 'dataset_with_extra_by_yield', 'dataset_with_extra_by_context', 'dataset_with_extra_from_classic_operator' retrieved from /home/airflow/.local/lib/python3.12/site-packages/airflow/example_dags/example_outlet_event_extra.py
[2026-09-25T16:49:06.757+0000] {logging_mixin.py:190} INFO - [2026-09-25T16:49:06.757+0000] {dag.py:3239} INFO - Sync 3 DAGs
[2026-09-25T16:49:06.845+0000] {logging_mixin.py:190} INFO - [2026-09-25T16:49:06.844+0000] {dag.py:4180} INFO - Setting next_dagrun for dataset_with_extra_by_context to 2026-09-24 00:00:00+00:00, run_after=2026-09-25 00:00:00+00:00
[2026-09-25T16:49:06.873+0000] {logging_mixin.py:190} INFO - [2026-09-25T16:49:06.872+0000] {dag.py:4180} INFO - Setting next_dagrun for dataset_with_extra_by_yield to 2026-09-24 00:00:00+00:00, run_after=2026-09-25 00:00:00+00:00
[2026-09-25T16:49:06.923+0000] {logging_mixin.py:190} INFO - [2026-09-25T16:49:06.889+0000] {dag.py:4180} INFO - Setting next_dagrun for dataset_with_extra_from_classic_operator to 2026-09-24 00:00:00+00:00, run_after=2026-09-25 00:00:00+00:00
[2026-09-25T16:49:07.124+0000] {processor.py:208} INFO - Processing /home/airflow/.local/lib/python3.12/site-packages/airflow/example_dags/example_outlet_event_extra.py took 3.425 seconds
[2026-09-25T16:49:37.374+0000] {processor.py:186} INFO - Started process (PID=733) to work on /home/airflow/.local/lib/python3.12/site-packages/airflow/example_dags/example_outlet_event_extra.py
[2026-09-25T16:49:37.407+0000] {processor.py:914} INFO - Processing file /home/airflow/.local/lib/python3.12/site-packages/airflow/example_dags/example_outlet_event_extra.py for tasks to queue
[2026-09-25T16:49:37.442+0000] {logging_mixin.py:190} INFO - [2026-09-25T16:49:37.441+0000] {dagbag.py:588} INFO - Filling up the DagBag from /home/airflow/.local/lib/python3.12/site-packages/airflow/example_dags/example_outlet_event_extra.py
[2026-09-25T16:49:46.725+0000] {processor.py:925} INFO - DAG(s) 'dataset_with_extra_by_yield', 'dataset_with_extra_by_context', 'dataset_with_extra_from_classic_operator' retrieved from /home/airflow/.local/lib/python3.12/site-packages/airflow/example_dags/example_outlet_event_extra.py
