[2026-09-25T16:16:05.655+0000] {processor.py:186} INFO - Started process (PID=125) to work on /home/airflow/.local/lib/python3.12/site-packages/airflow/example_dags/example_skip_dag.py
[2026-09-25T16:16:05.695+0000] {processor.py:914} INFO - Processing file /home/airflow/.local/lib/python3.12/site-packages/airflow/example_dags/example_skip_dag.py for tasks to queue
[2026-09-25T16:16:05.824+0000] {logging_mixin.py:190} INFO - [2026-09-25T16:16:05.797+0000] {dagbag.py:588} INFO - Filling up the DagBag from /home/airflow/.local/lib/python3.12/site-packages/airflow/example_dags/example_skip_dag.py
[2026-09-25T16:16:06.208+0000] {processor.py:925} INFO - DAG(s) 'example_skip_dag' retrieved from /home/airflow/.local/lib/python3.12/site-packages/airflow/example_dags/example_skip_dag.py
[2026-09-25T16:16:10.023+0000] {logging_mixin.py:190} INFO - [2026-09-25T16:16:10.004+0000] {dag.py:3239} INFO - Sync 1 DAGs
[2026-09-25T16:16:13.476+0000] {logging_mixin.py:190} INFO - [2026-09-25T16:16:13.475+0000] {dag.py:4180} INFO - Setting next_dagrun for example_skip_dag to 2026-09-24 00:00:00+00:00, run_after=2026-09-25 00:00:00+00:00
[2026-09-25T16:16:15.329+0000] {processor.py:208} INFO - Processing /home/airflow/.local/lib/python3.12/site-packages/airflow/example_dags/example_skip_dag.py took 9.973 seconds
[2026-09-25T16:18:59.710+0000] {processor.py:186} INFO - Started process (PID=218) to work on /home/airflow/.local/lib/python3.12/site-packages/airflow/example_dags/example_skip_dag.py
[2026-09-25T16:18:59.749+0000] {processor.py:914} INFO - Processing file /home/airflow/.local/lib/python3.12/site-packages/airflow/example_dags/example_skip_dag.py for tasks to queue
[2026-09-25T16:18:59.811+0000] {logging_mixin.py:190} INFO - [2026-09-25T16:18:59.807+0000] {dagbag.py:588} INFO - Filling up the DagBag from /home/airflow/.local/lib/python3.12/site-packages/airflow/example_dags/example_skip_dag.py
[2026-09-25T16:19:00.220+0000] {processor.py:925} INFO - DAG(s) 'example_skip_dag' retrieved from /home/airflow/.local/lib/python3.12/site-packages/airflow/example_dags/example_skip_dag.py
[2026-09-25T16:19:00.931+0000] {logging_mixin.py:190} INFO - [2026-09-25T16:19:00.926+0000] {dag.py:3239} INFO - Sync 1 DAGs
[2026-09-25T16:19:04.289+0000] {logging_mixin.py:190} INFO - [2026-09-25T16:19:04.289+0000] {dag.py:4180} INFO - Setting next_dagrun for example_skip_dag to 2026-09-24 00:00:00+00:00, run_after=2026-09-25 00:00:00+00:00
[2026-09-25T16:19:04.805+0000] {processor.py:208} INFO - Processing /home/airflow/.local/lib/python3.12/site-packages/airflow/example_dags/example_skip_dag.py took 5.196 seconds
[2026-09-25T16:21:04.289+0000] {processor.py:186} INFO - Started process (PID=329) to work on /home/airflow/.local/lib/python3.12/site-packages/airflow/example_dags/example_skip_dag.py
[2026-09-25T16:21:04.296+0000] {processor.py:914} INFO - Processing file /home/airflow/.local/lib/python3.12/site-packages/airflow/example_dags/example_skip_dag.py for tasks to queue
[2026-09-25T16:21:04.320+0000] {logging_mixin.py:190} INFO - [2026-09-25T16:21:04.317+0000] {dagbag.py:588} INFO - Filling up the DagBag from /home/airflow/.local/lib/python3.12/site-packages/airflow/example_dags/example_skip_dag.py
[2026-09-25T16:21:04.353+0000] {processor.py:925} INFO - DAG(s) 'example_skip_dag' retrieved from /home/airflow/.local/lib/python3.12/site-packages/airflow/example_dags/example_skip_dag.py
[2026-09-25T16:21:04.552+0000] {logging_mixin.py:190} INFO - [2026-09-25T16:21:04.552+0000] {dag.py:3239} INFO - Sync 1 DAGs
[2026-09-25T16:21:04.917+0000] {logging_mixin.py:190} INFO - [2026-09-25T16:21:04.915+0000] {dag.py:4180} INFO - Setting next_dagrun for example_skip_dag to 2026-09-24 00:00:00+00:00, run_after=2026-09-25 00:00:00+00:00
[2026-09-25T16:21:05.559+0000] {processor.py:208} INFO - Processing /home/airflow/.local/lib/python3.12/site-packages/airflow/example_dags/example_skip_dag.py took 1.362 seconds
[2026-09-25T16:21:54.929+0000] {processor.py:186} INFO - Started process (PID=392) to work on /home/airflow/.local/lib/python3.12/site-packages/airflow/example_dags/example_skip_dag.py
[2026-09-25T16:21:55.033+0000] {processor.py:914} INFO - Processing file /home/airflow/.local/lib/python3.12/site-packages/airflow/example_dags/example_skip_dag.py for tasks to queue
[2026-09-25T16:21:55.092+0000] {logging_mixin.py:190} INFO - [2026-09-25T16:21:55.091+0000] {dagbag.py:588} INFO - Filling up the DagBag from /home/airflow/.local/lib/python3.12/site-packages/airflow/example_dags/example_skip_dag.py
[2026-09-25T16:21:55.254+0000] {processor.py:925} INFO - DAG(s) 'example_skip_dag' retrieved from /home/airflow/.local/lib/python3.12/site-packages/airflow/example_dags/example_skip_dag.py
[2026-09-25T16:21:55.925+0000] {logging_mixin.py:190} INFO - [2026-09-25T16:21:55.861+0000] {dag.py:3239} INFO - Sync 1 DAGs
[2026-09-25T16:21:57.582+0000] {logging_mixin.py:190} INFO - [2026-09-25T16:21:57.575+0000] {dag.py:4180} INFO - Setting next_dagrun for example_skip_dag to 2026-09-24 00:00:00+00:00, run_after=2026-09-25 00:00:00+00:00
[2026-09-25T16:21:59.582+0000] {processor.py:208} INFO - Processing /home/airflow/.local/lib/python3.12/site-packages/airflow/example_dags/example_skip_dag.py took 5.253 seconds
[2026-09-25T16:22:56.249+0000] {processor.py:186} INFO - Started process (PID=450) to work on /home/airflow/.local/lib/python3.12/site-packages/airflow/example_dags/example_skip_dag.py
[2026-09-25T16:22:56.252+0000] {processor.py:914} INFO - Processing file /home/airflow/.local/lib/python3.12/site-packages/airflow/example_dags/example_skip_dag.py for tasks to queue
[2026-09-25T16:22:56.258+0000] {logging_mixin.py:190} INFO - [2026-09-25T16:22:56.257+0000] {dagbag.py:588} INFO - Filling up the DagBag from /home/airflow/.local/lib/python3.12/site-packages/airflow/example_dags/example_skip_dag.py
[2026-09-25T16:22:56.281+0000] {processor.py:925} INFO - DAG(s) 'example_skip_dag' retrieved from /home/airflow/.local/lib/python3.12/site-packages/airflow/example_dags/example_skip_dag.py
[2026-09-25T16:22:56.345+0000] {logging_mixin.py:190} INFO - [2026-09-25T16:22:56.345+0000] {dag.py:3239} INFO - Sync 1 DAGs
[2026-09-25T16:22:56.811+0000] {logging_mixin.py:190} INFO - [2026-09-25T16:22:56.811+0000] {dag.py:4180} INFO - Setting next_dagrun for example_skip_dag to 2026-09-24 00:00:00+00:00, run_after=2026-09-25 00:00:00+00:00
[2026-09-25T16:22:56.957+0000] {processor.py:208} INFO - Processing /home/airflow/.local/lib/python3.12/site-packages/airflow/example_dags/example_skip_dag.py took 0.731 seconds
[2026-09-25T16:23:28.292+0000] {processor.py:186} INFO - Started process (PID=513) to work on /home/airflow/.local/lib/python3.12/site-packages/airflow/example_dags/example_skip_dag.py
[2026-09-25T16:23:28.306+0000] {processor.py:914} INFO - Processing file /home/airflow/.local/lib/python3.12/site-packages/airflow/example_dags/example_skip_dag.py for tasks to queue
[2026-09-25T16:23:28.331+0000] {logging_mixin.py:190} INFO - [2026-09-25T16:23:28.327+0000] {dagbag.py:588} INFO - Filling up the DagBag from /home/airflow/.local/lib/python3.12/site-packages/airflow/example_dags/example_skip_dag.py
[2026-09-25T16:23:28.394+0000] {processor.py:925} INFO - DAG(s) 'example_skip_dag' retrieved from /home/airflow/.local/lib/python3.12/site-packages/airflow/example_dags/example_skip_dag.py
[2026-09-25T16:23:28.501+0000] {logging_mixin.py:190} INFO - [2026-09-25T16:23:28.501+0000] {dag.py:3239} INFO - Sync 1 DAGs
[2026-09-25T16:23:28.638+0000] {logging_mixin.py:190} INFO - [2026-09-25T16:23:28.637+0000] {dag.py:4180} INFO - Setting next_dagrun for example_skip_dag to 2026-09-24 00:00:00+00:00, run_after=2026-09-25 00:00:00+00:00
[2026-09-25T16:23:28.751+0000] {processor.py:208} INFO - Processing /home/airflow/.local/lib/python3.12/site-packages/airflow/example_dags/example_skip_dag.py took 0.481 seconds
[2026-09-25T16:24:06.039+0000] {processor.py:186} INFO - Started process (PID=576) to work on /home/airflow/.local/lib/python3.12/site-packages/airflow/example_dags/example_skip_dag.py
[2026-09-25T16:24:06.064+0000] {processor.py:914} INFO - Processing file /home/airflow/.local/lib/python3.12/site-packages/airflow/example_dags/example_skip_dag.py for tasks to queue
[2026-09-25T16:24:06.069+0000] {logging_mixin.py:190} INFO - [2026-09-25T16:24:06.068+0000] {dagbag.py:588} INFO - Filling up the DagBag from /home/airflow/.local/lib/python3.12/site-packages/airflow/example_dags/example_skip_dag.py
[2026-09-25T16:24:06.093+0000] {processor.py:925} INFO - DAG(s) 'example_skip_dag' retrieved from /home/airflow/.local/lib/python3.12/site-packages/airflow/example_dags/example_skip_dag.py
[2026-09-25T16:24:06.179+0000] {logging_mixin.py:190} INFO - [2026-09-25T16:24:06.178+0000] {dag.py:3239} INFO - Sync 1 DAGs
[2026-09-25T16:24:06.280+0000] {logging_mixin.py:190} INFO - [2026-09-25T16:24:06.279+0000] {dag.py:4180} INFO - Setting next_dagrun for example_skip_dag to 2026-09-24 00:00:00+00:00, run_after=2026-09-25 00:00:00+00:00
[2026-09-25T16:24:06.347+0000] {processor.py:208} INFO - Processing /home/airflow/.local/lib/python3.12/site-packages/airflow/example_dags/example_skip_dag.py took 0.324 seconds
[2026-09-25T16:24:49.995+0000] {processor.py:186} INFO - Started process (PID=644) to work on /home/airflow/.local/lib/python3.12/site-packages/airflow/example_dags/example_skip_dag.py
[2026-09-25T16:24:50.023+0000] {processor.py:914} INFO - Processing file /home/airflow/.local/lib/python3.12/site-packages/airflow/example_dags/example_skip_dag.py for tasks to queue
[2026-09-25T16:24:50.030+0000] {logging_mixin.py:190} INFO - [2026-09-25T16:24:50.029+0000] {dagbag.py:588} INFO - Filling up the DagBag from /home/airflow/.local/lib/python3.12/site-packages/airflow/example_dags/example_skip_dag.py
[2026-09-25T16:24:50.069+0000] {processor.py:925} INFO - DAG(s) 'example_skip_dag' retrieved from /home/airflow/.local/lib/python3.12/site-packages/airflow/example_dags/example_skip_dag.py
[2026-09-25T16:24:50.159+0000] {logging_mixin.py:190} INFO - [2026-09-25T16:24:50.158+0000] {dag.py:3239} INFO - Sync 1 DAGs
[2026-09-25T16:24:50.304+0000] {logging_mixin.py:190} INFO - [2026-09-25T16:24:50.303+0000] {dag.py:4180} INFO - Setting next_dagrun for example_skip_dag to 2026-09-24 00:00:00+00:00, run_after=2026-09-25 00:00:00+00:00
[2026-09-25T16:24:50.386+0000] {processor.py:208} INFO - Processing /home/airflow/.local/lib/python3.12/site-packages/airflow/example_dags/example_skip_dag.py took 0.405 seconds
[2026-09-25T16:25:23.038+0000] {processor.py:186} INFO - Started process (PID=709) to work on /home/airflow/.local/lib/python3.12/site-packages/airflow/example_dags/example_skip_dag.py
[2026-09-25T16:25:23.042+0000] {processor.py:914} INFO - Processing file /home/airflow/.local/lib/python3.12/site-packages/airflow/example_dags/example_skip_dag.py for tasks to queue
[2026-09-25T16:25:23.057+0000] {logging_mixin.py:190} INFO - [2026-09-25T16:25:23.056+0000] {dagbag.py:588} INFO - Filling up the DagBag from /home/airflow/.local/lib/python3.12/site-packages/airflow/example_dags/example_skip_dag.py
[2026-09-25T16:25:23.098+0000] {processor.py:925} INFO - DAG(s) 'example_skip_dag' retrieved from /home/airflow/.local/lib/python3.12/site-packages/airflow/example_dags/example_skip_dag.py
[2026-09-25T16:25:23.167+0000] {logging_mixin.py:190} INFO - [2026-09-25T16:25:23.166+0000] {dag.py:3239} INFO - Sync 1 DAGs
[2026-09-25T16:25:23.280+0000] {logging_mixin.py:190} INFO - [2026-09-25T16:25:23.279+0000] {dag.py:4180} INFO - Setting next_dagrun for example_skip_dag to 2026-09-24 00:00:00+00:00, run_after=2026-09-25 00:00:00+00:00
[2026-09-25T16:25:23.346+0000] {processor.py:208} INFO - Processing /home/airflow/.local/lib/python3.12/site-packages/airflow/example_dags/example_skip_dag.py took 0.370 seconds
[2026-09-25T16:26:01.041+0000] {processor.py:186} INFO - Started process (PID=771) to work on /home/airflow/.local/lib/python3.12/site-packages/airflow/example_dags/example_skip_dag.py
[2026-09-25T16:26:01.049+0000] {processor.py:914} INFO - Processing file /home/airflow/.local/lib/python3.12/site-packages/airflow/example_dags/example_skip_dag.py for tasks to queue
[2026-09-25T16:26:01.056+0000] {logging_mixin.py:190} INFO - [2026-09-25T16:26:01.055+0000] {dagbag.py:588} INFO - Filling up the DagBag from /home/airflow/.local/lib/python3.12/site-packages/airflow/example_dags/example_skip_dag.py
[2026-09-25T16:26:01.080+0000] {processor.py:925} INFO - DAG(s) 'example_skip_dag' retrieved from /home/airflow/.local/lib/python3.12/site-packages/airflow/example_dags/example_skip_dag.py
[2026-09-25T16:26:01.184+0000] {logging_mixin.py:190} INFO - [2026-09-25T16:26:01.184+0000] {dag.py:3239} INFO - Sync 1 DAGs
[2026-09-25T16:26:01.274+0000] {logging_mixin.py:190} INFO - [2026-09-25T16:26:01.274+0000] {dag.py:4180} INFO - Setting next_dagrun for example_skip_dag to 2026-09-24 00:00:00+00:00, run_after=2026-09-25 00:00:00+00:00
[2026-09-25T16:26:01.340+0000] {processor.py:208} INFO - Processing /home/airflow/.local/lib/python3.12/site-packages/airflow/example_dags/example_skip_dag.py took 0.327 seconds
[2026-09-25T16:26:32.132+0000] {processor.py:186} INFO - Started process (PID=833) to work on /home/airflow/.local/lib/python3.12/site-packages/airflow/example_dags/example_skip_dag.py
[2026-09-25T16:26:32.135+0000] {processor.py:914} INFO - Processing file /home/airflow/.local/lib/python3.12/site-packages/airflow/example_dags/example_skip_dag.py for tasks to queue
[2026-09-25T16:26:32.140+0000] {logging_mixin.py:190} INFO - [2026-09-25T16:26:32.139+0000] {dagbag.py:588} INFO - Filling up the DagBag from /home/airflow/.local/lib/python3.12/site-packages/airflow/example_dags/example_skip_dag.py
[2026-09-25T16:26:32.158+0000] {processor.py:925} INFO - DAG(s) 'example_skip_dag' retrieved from /home/airflow/.local/lib/python3.12/site-packages/airflow/example_dags/example_skip_dag.py
[2026-09-25T16:26:32.206+0000] {logging_mixin.py:190} INFO - [2026-09-25T16:26:32.206+0000] {dag.py:3239} INFO - Sync 1 DAGs
[2026-09-25T16:26:32.273+0000] {logging_mixin.py:190} INFO - [2026-09-25T16:26:32.273+0000] {dag.py:4180} INFO - Setting next_dagrun for example_skip_dag to 2026-09-24 00:00:00+00:00, run_after=2026-09-25 00:00:00+00:00
[2026-09-25T16:26:32.325+0000] {processor.py:208} INFO - Processing /home/airflow/.local/lib/python3.12/site-packages/airflow/example_dags/example_skip_dag.py took 0.206 seconds
[2026-09-25T16:27:12.493+0000] {processor.py:186} INFO - Started process (PID=901) to work on /home/airflow/.local/lib/python3.12/site-packages/airflow/example_dags/example_skip_dag.py
[2026-09-25T16:27:12.496+0000] {processor.py:914} INFO - Processing file /home/airflow/.local/lib/python3.12/site-packages/airflow/example_dags/example_skip_dag.py for tasks to queue
[2026-09-25T16:27:12.502+0000] {logging_mixin.py:190} INFO - [2026-09-25T16:27:12.501+0000] {dagbag.py:588} INFO - Filling up the DagBag from /home/airflow/.local/lib/python3.12/site-packages/airflow/example_dags/example_skip_dag.py
[2026-09-25T16:27:12.518+0000] {processor.py:925} INFO - DAG(s) 'example_skip_dag' retrieved from /home/airflow/.local/lib/python3.12/site-packages/airflow/example_dags/example_skip_dag.py
[2026-09-25T16:27:12.574+0000] {logging_mixin.py:190} INFO - [2026-09-25T16:27:12.573+0000] {dag.py:3239} INFO - Sync 1 DAGs
[2026-09-25T16:27:12.805+0000] {logging_mixin.py:190} INFO - [2026-09-25T16:27:12.794+0000] {dag.py:4180} INFO - Setting next_dagrun for example_skip_dag to 2026-09-24 00:00:00+00:00, run_after=2026-09-25 00:00:00+00:00
[2026-09-25T16:27:12.895+0000] {processor.py:208} INFO - Processing /home/airflow/.local/lib/python3.12/site-packages/airflow/example_dags/example_skip_dag.py took 0.415 seconds
[2026-09-25T16:28:17.477+0000] {processor.py:186} INFO - Started process (PID=989) to work on /home/airflow/.local/lib/python3.12/site-packages/airflow/example_dags/example_skip_dag.py
[2026-09-25T16:28:17.500+0000] {processor.py:914} INFO - Processing file /home/airflow/.local/lib/python3.12/site-packages/airflow/example_dags/example_skip_dag.py for tasks to queue
[2026-09-25T16:28:17.538+0000] {logging_mixin.py:190} INFO - [2026-09-25T16:28:17.532+0000] {dagbag.py:588} INFO - Filling up the DagBag from /home/airflow/.local/lib/python3.12/site-packages/airflow/example_dags/example_skip_dag.py
[2026-09-25T16:28:17.778+0000] {processor.py:925} INFO - DAG(s) 'example_skip_dag' retrieved from /home/airflow/.local/lib/python3.12/site-packages/airflow/example_dags/example_skip_dag.py
[2026-09-25T16:28:18.059+0000] {logging_mixin.py:190} INFO - [2026-09-25T16:28:18.058+0000] {dag.py:3239} INFO - Sync 1 DAGs
[2026-09-25T16:28:18.286+0000] {logging_mixin.py:190} INFO - [2026-09-25T16:28:18.286+0000] {dag.py:4180} INFO - Setting next_dagrun for example_skip_dag to 2026-09-24 00:00:00+00:00, run_after=2026-09-25 00:00:00+00:00
[2026-09-25T16:28:18.372+0000] {processor.py:208} INFO - Processing /home/airflow/.local/lib/python3.12/site-packages/airflow/example_dags/example_skip_dag.py took 0.951 seconds
[2026-09-25T16:29:06.808+0000] {processor.py:186} INFO - Started process (PID=1061) to work on /home/airflow/.local/lib/python3.12/site-packages/airflow/example_dags/example_skip_dag.py
[2026-09-25T16:29:06.815+0000] {processor.py:914} INFO - Processing file /home/airflow/.local/lib/python3.12/site-packages/airflow/example_dags/example_skip_dag.py for tasks to queue
[2026-09-25T16:29:06.835+0000] {logging_mixin.py:190} INFO - [2026-09-25T16:29:06.832+0000] {dagbag.py:588} INFO - Filling up the DagBag from /home/airflow/.local/lib/python3.12/site-packages/airflow/example_dags/example_skip_dag.py
[2026-09-25T16:29:06.887+0000] {processor.py:925} INFO - DAG(s) 'example_skip_dag' retrieved from /home/airflow/.local/lib/python3.12/site-packages/airflow/example_dags/example_skip_dag.py
[2026-09-25T16:29:07.015+0000] {logging_mixin.py:190} INFO - [2026-09-25T16:29:07.015+0000] {dag.py:3239} INFO - Sync 1 DAGs
[2026-09-25T16:29:07.123+0000] {logging_mixin.py:190} INFO - [2026-09-25T16:29:07.122+0000] {dag.py:4180} INFO - Setting next_dagrun for example_skip_dag to 2026-09-24 00:00:00+00:00, run_after=2026-09-25 00:00:00+00:00
[2026-09-25T16:29:07.221+0000] {processor.py:208} INFO - Processing /home/airflow/.local/lib/python3.12/site-packages/airflow/example_dags/example_skip_dag.py took 0.449 seconds
[2026-09-25T16:43:51.419+0000] {processor.py:186} INFO - Started process (PID=100) to work on /home/airflow/.local/lib/python3.12/site-packages/airflow/example_dags/example_skip_dag.py
[2026-09-25T16:43:51.428+0000] {processor.py:914} INFO - Processing file /home/airflow/.local/lib/python3.12/site-packages/airflow/example_dags/example_skip_dag.py for tasks to queue
[2026-09-25T16:43:51.463+0000] {logging_mixin.py:190} INFO - [2026-09-25T16:43:51.462+0000] {dagbag.py:588} INFO - Filling up the DagBag from /home/airflow/.local/lib/python3.12/site-packages/airflow/example_dags/example_skip_dag.py
[2026-09-25T16:43:51.523+0000] {processor.py:925} INFO - DAG(s) 'example_skip_dag' retrieved from /home/airflow/.local/lib/python3.12/site-packages/airflow/example_dags/example_skip_dag.py
[2026-09-25T16:43:51.734+0000] {logging_mixin.py:190} INFO - [2026-09-25T16:43:51.733+0000] {dag.py:3239} INFO - Sync 1 DAGs
[2026-09-25T16:43:51.895+0000] {logging_mixin.py:190} INFO - [2026-09-25T16:43:51.895+0000] {dag.py:4180} INFO - Setting next_dagrun for example_skip_dag to 2026-09-24 00:00:00+00:00, run_after=2026-09-25 00:00:00+00:00
[2026-09-25T16:43:52.012+0000] {processor.py:208} INFO - Processing /home/airflow/.local/lib/python3.12/site-packages/airflow/example_dags/example_skip_dag.py took 0.647 seconds
[2026-09-25T16:44:25.290+0000] {processor.py:186} INFO - Started process (PID=163) to work on /home/airflow/.local/lib/python3.12/site-packages/airflow/example_dags/example_skip_dag.py
[2026-09-25T16:44:25.297+0000] {processor.py:914} INFO - Processing file /home/airflow/.local/lib/python3.12/site-packages/airflow/example_dags/example_skip_dag.py for tasks to queue
[2026-09-25T16:44:25.319+0000] {logging_mixin.py:190} INFO - [2026-09-25T16:44:25.317+0000] {dagbag.py:588} INFO - Filling up the DagBag from /home/airflow/.local/lib/python3.12/site-packages/airflow/example_dags/example_skip_dag.py
[2026-09-25T16:44:25.401+0000] {processor.py:925} INFO - DAG(s) 'example_skip_dag' retrieved from /home/airflow/.local/lib/python3.12/site-packages/airflow/example_dags/example_skip_dag.py
[2026-09-25T16:44:25.532+0000] {logging_mixin.py:190} INFO - [2026-09-25T16:44:25.531+0000] {dag.py:3239} INFO - Sync 1 DAGs
[2026-09-25T16:44:25.610+0000] {logging_mixin.py:190} INFO - [2026-09-25T16:44:25.609+0000] {dag.py:4180} INFO - Setting next_dagrun for example_skip_dag to 2026-09-24 00:00:00+00:00, run_after=2026-09-25 00:00:00+00:00
[2026-09-25T16:44:25.669+0000] {processor.py:208} INFO - Processing /home/airflow/.local/lib/python3.12/site-packages/airflow/example_dags/example_skip_dag.py took 0.422 seconds
[2026-09-25T16:44:59.676+0000] {processor.py:186} INFO - Started process (PID=226) to work on /home/airflow/.local/lib/python3.12/site-packages/airflow/example_dags/example_skip_dag.py
[2026-09-25T16:44:59.688+0000] {processor.py:914} INFO - Processing file /home/airflow/.local/lib/python3.12/site-packages/airflow/example_dags/example_skip_dag.py for tasks to queue
[2026-09-25T16:44:59.746+0000] {logging_mixin.py:190} INFO - [2026-09-25T16:44:59.730+0000] {dagbag.py:588} INFO - Filling up the DagBag from /home/airflow/.local/lib/python3.12/site-packages/airflow/example_dags/example_skip_dag.py
[2026-09-25T16:44:59.880+0000] {processor.py:925} INFO - DAG(s) 'example_skip_dag' retrieved from /home/airflow/.local/lib/python3.12/site-packages/airflow/example_dags/example_skip_dag.py
[2026-09-25T16:45:00.189+0000] {logging_mixin.py:190} INFO - [2026-09-25T16:45:00.185+0000] {dag.py:3239} INFO - Sync 1 DAGs
[2026-09-25T16:45:00.457+0000] {logging_mixin.py:190} INFO - [2026-09-25T16:45:00.447+0000] {dag.py:4180} INFO - Setting next_dagrun for example_skip_dag to 2026-09-24 00:00:00+00:00, run_after=2026-09-25 00:00:00+00:00
[2026-09-25T16:45:00.637+0000] {processor.py:208} INFO - Processing /home/airflow/.local/lib/python3.12/site-packages/airflow/example_dags/example_skip_dag.py took 1.123 seconds
[2026-09-25T16:45:31.379+0000] {processor.py:186} INFO - Started process (PID=289) to work on /home/airflow/.local/lib/python3.12/site-packages/airflow/example_dags/example_skip_dag.py
[2026-09-25T16:45:31.381+0000] {processor.py:914} INFO - Processing file /home/airflow/.local/lib/python3.12/site-packages/airflow/example_dags/example_skip_dag.py for tasks to queue
[2026-09-25T16:45:31.388+0000] {logging_mixin.py:190} INFO - [2026-09-25T16:45:31.387+0000] {dagbag.py:588} INFO - Filling up the DagBag from /home/airflow/.local/lib/python3.12/site-packages/airflow/example_dags/example_skip_dag.py
[2026-09-25T16:45:31.413+0000] {processor.py:925} INFO - DAG(s) 'example_skip_dag' retrieved from /home/airflow/.local/lib/python3.12/site-packages/airflow/example_dags/example_skip_dag.py
[2026-09-25T16:45:31.476+0000] {logging_mixin.py:190} INFO - [2026-09-25T16:45:31.474+0000] {dag.py:3239} INFO - Sync 1 DAGs
[2026-09-25T16:45:31.540+0000] {logging_mixin.py:190} INFO - [2026-09-25T16:45:31.539+0000] {dag.py:4180} INFO - Setting next_dagrun for example_skip_dag to 2026-09-24 00:00:00+00:00, run_after=2026-09-25 00:00:00+00:00
[2026-09-25T16:45:31.584+0000] {processor.py:208} INFO - Processing /home/airflow/.local/lib/python3.12/site-packages/airflow/example_dags/example_skip_dag.py took 0.217 seconds
[2026-09-25T16:46:04.777+0000] {processor.py:186} INFO - Started process (PID=356) to work on /home/airflow/.local/lib/python3.12/site-packages/airflow/example_dags/example_skip_dag.py
[2026-09-25T16:46:04.783+0000] {processor.py:914} INFO - Processing file /home/airflow/.local/lib/python3.12/site-packages/airflow/example_dags/example_skip_dag.py for tasks to queue
[2026-09-25T16:46:04.790+0000] {logging_mixin.py:190} INFO - [2026-09-25T16:46:04.789+0000] {dagbag.py:588} INFO - Filling up the DagBag from /home/airflow/.local/lib/python3.12/site-packages/airflow/example_dags/example_skip_dag.py
[2026-09-25T16:46:04.872+0000] {processor.py:925} INFO - DAG(s) 'example_skip_dag' retrieved from /home/airflow/.local/lib/python3.12/site-packages/airflow/example_dags/example_skip_dag.py
[2026-09-25T16:46:04.991+0000] {logging_mixin.py:190} INFO - [2026-09-25T16:46:04.990+0000] {dag.py:3239} INFO - Sync 1 DAGs
[2026-09-25T16:46:05.219+0000] {logging_mixin.py:190} INFO - [2026-09-25T16:46:05.219+0000] {dag.py:4180} INFO - Setting next_dagrun for example_skip_dag to 2026-09-24 00:00:00+00:00, run_after=2026-09-25 00:00:00+00:00
[2026-09-25T16:46:05.332+0000] {processor.py:208} INFO - Processing /home/airflow/.local/lib/python3.12/site-packages/airflow/example_dags/example_skip_dag.py took 0.591 seconds
[2026-09-25T16:46:35.585+0000] {processor.py:186} INFO - Started process (PID=418) to work on /home/airflow/.local/lib/python3.12/site-packages/airflow/example_dags/example_skip_dag.py
[2026-09-25T16:46:35.590+0000] {processor.py:914} INFO - Processing file /home/airflow/.local/lib/python3.12/site-packages/airflow/example_dags/example_skip_dag.py for tasks to queue
[2026-09-25T16:46:35.594+0000] {logging_mixin.py:190} INFO - [2026-09-25T16:46:35.593+0000] {dagbag.py:588} INFO - Filling up the DagBag from /home/airflow/.local/lib/python3.12/site-packages/airflow/example_dags/example_skip_dag.py
[2026-09-25T16:46:35.615+0000] {processor.py:925} INFO - DAG(s) 'example_skip_dag' retrieved from /home/airflow/.local/lib/python3.12/site-packages/airflow/example_dags/example_skip_dag.py
[2026-09-25T16:46:35.665+0000] {logging_mixin.py:190} INFO - [2026-09-25T16:46:35.664+0000] {dag.py:3239} INFO - Sync 1 DAGs
[2026-09-25T16:46:35.724+0000] {logging_mixin.py:190} INFO - [2026-09-25T16:46:35.723+0000] {dag.py:4180} INFO - Setting next_dagrun for example_skip_dag to 2026-09-24 00:00:00+00:00, run_after=2026-09-25 00:00:00+00:00
[2026-09-25T16:46:35.771+0000] {processor.py:208} INFO - Processing /home/airflow/.local/lib/python3.12/site-packages/airflow/example_dags/example_skip_dag.py took 0.196 seconds
[2026-09-25T16:47:06.419+0000] {processor.py:186} INFO - Started process (PID=480) to work on /home/airflow/.local/lib/python3.12/site-packages/airflow/example_dags/example_skip_dag.py
[2026-09-25T16:47:06.421+0000] {processor.py:914} INFO - Processing file /home/airflow/.local/lib/python3.12/site-packages/airflow/example_dags/example_skip_dag.py for tasks to queue
[2026-09-25T16:47:06.428+0000] {logging_mixin.py:190} INFO - [2026-09-25T16:47:06.427+0000] {dagbag.py:588} INFO - Filling up the DagBag from /home/airflow/.local/lib/python3.12/site-packages/airflow/example_dags/example_skip_dag.py
[2026-09-25T16:47:06.453+0000] {processor.py:925} INFO - DAG(s) 'example_skip_dag' retrieved from /home/airflow/.local/lib/python3.12/site-packages/airflow/example_dags/example_skip_dag.py
[2026-09-25T16:47:06.517+0000] {logging_mixin.py:190} INFO - [2026-09-25T16:47:06.516+0000] {dag.py:3239} INFO - Sync 1 DAGs
[2026-09-25T16:47:06.600+0000] {logging_mixin.py:190} INFO - [2026-09-25T16:47:06.599+0000] {dag.py:4180} INFO - Setting next_dagrun for example_skip_dag to 2026-09-24 00:00:00+00:00, run_after=2026-09-25 00:00:00+00:00
[2026-09-25T16:47:06.672+0000] {processor.py:208} INFO - Processing /home/airflow/.local/lib/python3.12/site-packages/airflow/example_dags/example_skip_dag.py took 0.269 seconds
[2026-09-25T16:47:59.941+0000] {processor.py:186} INFO - Started process (PID=548) to work on /home/airflow/.local/lib/python3.12/site-packages/airflow/example_dags/example_skip_dag.py
[2026-09-25T16:47:59.944+0000] {processor.py:914} INFO - Processing file /home/airflow/.local/lib/python3.12/site-packages/airflow/example_dags/example_skip_dag.py for tasks to queue
[2026-09-25T16:47:59.952+0000] {logging_mixin.py:190} INFO - [2026-09-25T16:47:59.951+0000] {dagbag.py:588} INFO - Filling up the DagBag from /home/airflow/.local/lib/python3.12/site-packages/airflow/example_dags/example_skip_dag.py
[2026-09-25T16:48:00.008+0000] {processor.py:925} INFO - DAG(s) 'example_skip_dag' retrieved from /home/airflow/.local/lib/python3.12/site-packages/airflow/example_dags/example_skip_dag.py
[2026-09-25T16:48:00.184+0000] {logging_mixin.py:190} INFO - [2026-09-25T16:48:00.182+0000] {dag.py:3239} INFO - Sync 1 DAGs
[2026-09-25T16:48:00.394+0000] {logging_mixin.py:190} INFO - [2026-09-25T16:48:00.394+0000] {dag.py:4180} INFO - Setting next_dagrun for example_skip_dag to 2026-09-24 00:00:00+00:00, run_after=2026-09-25 00:00:00+00:00
[2026-09-25T16:48:00.482+0000] {processor.py:208} INFO - Processing /home/airflow/.local/lib/python3.12/site-packages/airflow/example_dags/example_skip_dag.py took 0.572 seconds
[2026-09-25T16:48:33.530+0000] {processor.py:186} INFO - Started process (PID=610) to work on /home/airflow/.local/lib/python3.12/site-packages/airflow/example_dags/example_skip_dag.py
[2026-09-25T16:48:33.532+0000] {processor.py:914} INFO - Processing file /home/airflow/.local/lib/python3.12/site-packages/airflow/example_dags/example_skip_dag.py for tasks to queue
[2026-09-25T16:48:33.538+0000] {logging_mixin.py:190} INFO - [2026-09-25T16:48:33.537+0000] {dagbag.py:588} INFO - Filling up the DagBag from /home/airflow/.local/lib/python3.12/site-packages/airflow/example_dags/example_skip_dag.py
[2026-09-25T16:48:33.557+0000] {processor.py:925} INFO - DAG(s) 'example_skip_dag' retrieved from /home/airflow/.local/lib/python3.12/site-packages/airflow/example_dags/example_skip_dag.py
[2026-09-25T16:48:33.607+0000] {logging_mixin.py:190} INFO - [2026-09-25T16:48:33.607+0000] {dag.py:3239} INFO - Sync 1 DAGs
[2026-09-25T16:48:33.745+0000] {logging_mixin.py:190} INFO - [2026-09-25T16:48:33.745+0000] {dag.py:4180} INFO - Setting next_dagrun for example_skip_dag to 2026-09-24 00:00:00+00:00, run_after=2026-09-25 00:00:00+00:00
[2026-09-25T16:48:33.792+0000] {processor.py:208} INFO - Processing /home/airflow/.local/lib/python3.12/site-packages/airflow/example_dags/example_skip_dag.py took 0.275 seconds
[2026-09-25T16:49:07.691+0000] {processor.py:186} INFO - Started process (PID=681) to work on /home/airflow/.local/lib/python3.12/site-packages/airflow/example_dags/example_skip_dag.py
[2026-09-25T16:49:07.697+0000] {processor.py:914} INFO - Processing file /home/airflow/.local/lib/python3.12/site-packages/airflow/example_dags/example_skip_dag.py for tasks to queue
[2026-09-25T16:49:07.705+0000] {logging_mixin.py:190} INFO - [2026-09-25T16:49:07.703+0000] {dagbag.py:588} INFO - Filling up the DagBag from /home/airflow/.local/lib/python3.12/site-packages/airflow/example_dags/example_skip_dag.py
[2026-09-25T16:49:07.728+0000] {processor.py:925} INFO - DAG(s) 'example_skip_dag' retrieved from /home/airflow/.local/lib/python3.12/site-packages/airflow/example_dags/example_skip_dag.py
[2026-09-25T16:49:07.798+0000] {logging_mixin.py:190} INFO - [2026-09-25T16:49:07.797+0000] {dag.py:3239} INFO - Sync 1 DAGs
[2026-09-25T16:49:07.925+0000] {logging_mixin.py:190} INFO - [2026-09-25T16:49:07.924+0000] {dag.py:4180} INFO - Setting next_dagrun for example_skip_dag to 2026-09-24 00:00:00+00:00, run_after=2026-09-25 00:00:00+00:00
[2026-09-25T16:49:08.005+0000] {processor.py:208} INFO - Processing /home/airflow/.local/lib/python3.12/site-packages/airflow/example_dags/example_skip_dag.py took 0.330 seconds
[2026-09-25T16:57:22.429+0000] {processor.py:186} INFO - Started process (PID=113) to work on /home/airflow/.local/lib/python3.12/site-packages/airflow/example_dags/example_skip_dag.py
[2026-09-25T16:57:22.501+0000] {processor.py:914} INFO - Processing file /home/airflow/.local/lib/python3.12/site-packages/airflow/example_dags/example_skip_dag.py for tasks to queue
[2026-09-25T16:57:22.662+0000] {logging_mixin.py:190} INFO - [2026-09-25T16:57:22.655+0000] {dagbag.py:588} INFO - Filling up the DagBag from /home/airflow/.local/lib/python3.12/site-packages/airflow/example_dags/example_skip_dag.py
[2026-09-25T16:57:23.146+0000] {processor.py:925} INFO - DAG(s) 'example_skip_dag' retrieved from /home/airflow/.local/lib/python3.12/site-packages/airflow/example_dags/example_skip_dag.py
[2026-09-25T16:57:23.871+0000] {logging_mixin.py:190} INFO - [2026-09-25T16:57:23.871+0000] {dag.py:3239} INFO - Sync 1 DAGs
[2026-09-25T16:57:25.070+0000] {logging_mixin.py:190} INFO - [2026-09-25T16:57:25.057+0000] {dag.py:4180} INFO - Setting next_dagrun for example_skip_dag to 2026-09-24 00:00:00+00:00, run_after=2026-09-25 00:00:00+00:00
[2026-09-25T16:57:25.457+0000] {processor.py:208} INFO - Processing /home/airflow/.local/lib/python3.12/site-packages/airflow/example_dags/example_skip_dag.py took 3.465 seconds
[2026-09-25T16:58:36.975+0000] {processor.py:186} INFO - Started process (PID=186) to work on /home/airflow/.local/lib/python3.12/site-packages/airflow/example_dags/example_skip_dag.py
[2026-09-25T16:58:36.978+0000] {processor.py:914} INFO - Processing file /home/airflow/.local/lib/python3.12/site-packages/airflow/example_dags/example_skip_dag.py for tasks to queue
[2026-09-25T16:58:36.982+0000] {logging_mixin.py:190} INFO - [2026-09-25T16:58:36.982+0000] {dagbag.py:588} INFO - Filling up the DagBag from /home/airflow/.local/lib/python3.12/site-packages/airflow/example_dags/example_skip_dag.py
[2026-09-25T16:58:36.997+0000] {processor.py:925} INFO - DAG(s) 'example_skip_dag' retrieved from /home/airflow/.local/lib/python3.12/site-packages/airflow/example_dags/example_skip_dag.py
[2026-09-25T16:58:37.064+0000] {logging_mixin.py:190} INFO - [2026-09-25T16:58:37.064+0000] {dag.py:3239} INFO - Sync 1 DAGs
[2026-09-25T16:58:37.124+0000] {logging_mixin.py:190} INFO - [2026-09-25T16:58:37.124+0000] {dag.py:4180} INFO - Setting next_dagrun for example_skip_dag to 2026-09-24 00:00:00+00:00, run_after=2026-09-25 00:00:00+00:00
[2026-09-25T16:58:37.162+0000] {processor.py:208} INFO - Processing /home/airflow/.local/lib/python3.12/site-packages/airflow/example_dags/example_skip_dag.py took 0.197 seconds
[2026-09-25T16:59:11.143+0000] {processor.py:186} INFO - Started process (PID=249) to work on /home/airflow/.local/lib/python3.12/site-packages/airflow/example_dags/example_skip_dag.py
[2026-09-25T16:59:11.153+0000] {processor.py:914} INFO - Processing file /home/airflow/.local/lib/python3.12/site-packages/airflow/example_dags/example_skip_dag.py for tasks to queue
[2026-09-25T16:59:11.159+0000] {logging_mixin.py:190} INFO - [2026-09-25T16:59:11.159+0000] {dagbag.py:588} INFO - Filling up the DagBag from /home/airflow/.local/lib/python3.12/site-packages/airflow/example_dags/example_skip_dag.py
[2026-09-25T16:59:11.181+0000] {processor.py:925} INFO - DAG(s) 'example_skip_dag' retrieved from /home/airflow/.local/lib/python3.12/site-packages/airflow/example_dags/example_skip_dag.py
[2026-09-25T16:59:11.235+0000] {logging_mixin.py:190} INFO - [2026-09-25T16:59:11.234+0000] {dag.py:3239} INFO - Sync 1 DAGs
[2026-09-25T16:59:11.289+0000] {logging_mixin.py:190} INFO - [2026-09-25T16:59:11.289+0000] {dag.py:4180} INFO - Setting next_dagrun for example_skip_dag to 2026-09-24 00:00:00+00:00, run_after=2026-09-25 00:00:00+00:00
[2026-09-25T16:59:11.334+0000] {processor.py:208} INFO - Processing /home/airflow/.local/lib/python3.12/site-packages/airflow/example_dags/example_skip_dag.py took 0.242 seconds
[2026-09-25T16:59:54.226+0000] {processor.py:186} INFO - Started process (PID=313) to work on /home/airflow/.local/lib/python3.12/site-packages/airflow/example_dags/example_skip_dag.py
[2026-09-25T16:59:54.239+0000] {processor.py:914} INFO - Processing file /home/airflow/.local/lib/python3.12/site-packages/airflow/example_dags/example_skip_dag.py for tasks to queue
[2026-09-25T16:59:54.277+0000] {logging_mixin.py:190} INFO - [2026-09-25T16:59:54.275+0000] {dagbag.py:588} INFO - Filling up the DagBag from /home/airflow/.local/lib/python3.12/site-packages/airflow/example_dags/example_skip_dag.py
[2026-09-25T16:59:54.356+0000] {processor.py:925} INFO - DAG(s) 'example_skip_dag' retrieved from /home/airflow/.local/lib/python3.12/site-packages/airflow/example_dags/example_skip_dag.py
[2026-09-25T16:59:54.453+0000] {logging_mixin.py:190} INFO - [2026-09-25T16:59:54.452+0000] {dag.py:3239} INFO - Sync 1 DAGs
[2026-09-25T16:59:54.556+0000] {logging_mixin.py:190} INFO - [2026-09-25T16:59:54.555+0000] {dag.py:4180} INFO - Setting next_dagrun for example_skip_dag to 2026-09-24 00:00:00+00:00, run_after=2026-09-25 00:00:00+00:00
[2026-09-25T16:59:54.627+0000] {processor.py:208} INFO - Processing /home/airflow/.local/lib/python3.12/site-packages/airflow/example_dags/example_skip_dag.py took 0.429 seconds
[2026-09-25T17:00:28.055+0000] {processor.py:186} INFO - Started process (PID=376) to work on /home/airflow/.local/lib/python3.12/site-packages/airflow/example_dags/example_skip_dag.py
[2026-09-25T17:00:28.060+0000] {processor.py:914} INFO - Processing file /home/airflow/.local/lib/python3.12/site-packages/airflow/example_dags/example_skip_dag.py for tasks to queue
[2026-09-25T17:00:28.066+0000] {logging_mixin.py:190} INFO - [2026-09-25T17:00:28.065+0000] {dagbag.py:588} INFO - Filling up the DagBag from /home/airflow/.local/lib/python3.12/site-packages/airflow/example_dags/example_skip_dag.py
[2026-09-25T17:00:28.086+0000] {processor.py:925} INFO - DAG(s) 'example_skip_dag' retrieved from /home/airflow/.local/lib/python3.12/site-packages/airflow/example_dags/example_skip_dag.py
[2026-09-25T17:00:28.142+0000] {logging_mixin.py:190} INFO - [2026-09-25T17:00:28.141+0000] {dag.py:3239} INFO - Sync 1 DAGs
[2026-09-25T17:00:28.195+0000] {logging_mixin.py:190} INFO - [2026-09-25T17:00:28.194+0000] {dag.py:4180} INFO - Setting next_dagrun for example_skip_dag to 2026-09-24 00:00:00+00:00, run_after=2026-09-25 00:00:00+00:00
[2026-09-25T17:00:28.238+0000] {processor.py:208} INFO - Processing /home/airflow/.local/lib/python3.12/site-packages/airflow/example_dags/example_skip_dag.py took 0.194 seconds
[2026-09-25T17:01:00.765+0000] {processor.py:186} INFO - Started process (PID=439) to work on /home/airflow/.local/lib/python3.12/site-packages/airflow/example_dags/example_skip_dag.py
[2026-09-25T17:01:00.769+0000] {processor.py:914} INFO - Processing file /home/airflow/.local/lib/python3.12/site-packages/airflow/example_dags/example_skip_dag.py for tasks to queue
[2026-09-25T17:01:00.776+0000] {logging_mixin.py:190} INFO - [2026-09-25T17:01:00.774+0000] {dagbag.py:588} INFO - Filling up the DagBag from /home/airflow/.local/lib/python3.12/site-packages/airflow/example_dags/example_skip_dag.py
[2026-09-25T17:01:00.800+0000] {processor.py:925} INFO - DAG(s) 'example_skip_dag' retrieved from /home/airflow/.local/lib/python3.12/site-packages/airflow/example_dags/example_skip_dag.py
[2026-09-25T17:01:00.864+0000] {logging_mixin.py:190} INFO - [2026-09-25T17:01:00.864+0000] {dag.py:3239} INFO - Sync 1 DAGs
[2026-09-25T17:01:00.932+0000] {logging_mixin.py:190} INFO - [2026-09-25T17:01:00.931+0000] {dag.py:4180} INFO - Setting next_dagrun for example_skip_dag to 2026-09-24 00:00:00+00:00, run_after=2026-09-25 00:00:00+00:00
[2026-09-25T17:01:00.970+0000] {processor.py:208} INFO - Processing /home/airflow/.local/lib/python3.12/site-packages/airflow/example_dags/example_skip_dag.py took 0.221 seconds
[2026-09-25T17:01:33.817+0000] {processor.py:186} INFO - Started process (PID=507) to work on /home/airflow/.local/lib/python3.12/site-packages/airflow/example_dags/example_skip_dag.py
[2026-09-25T17:01:33.820+0000] {processor.py:914} INFO - Processing file /home/airflow/.local/lib/python3.12/site-packages/airflow/example_dags/example_skip_dag.py for tasks to queue
[2026-09-25T17:01:33.824+0000] {logging_mixin.py:190} INFO - [2026-09-25T17:01:33.823+0000] {dagbag.py:588} INFO - Filling up the DagBag from /home/airflow/.local/lib/python3.12/site-packages/airflow/example_dags/example_skip_dag.py
[2026-09-25T17:01:33.837+0000] {processor.py:925} INFO - DAG(s) 'example_skip_dag' retrieved from /home/airflow/.local/lib/python3.12/site-packages/airflow/example_dags/example_skip_dag.py
[2026-09-25T17:01:33.873+0000] {logging_mixin.py:190} INFO - [2026-09-25T17:01:33.873+0000] {dag.py:3239} INFO - Sync 1 DAGs
[2026-09-25T17:01:33.911+0000] {logging_mixin.py:190} INFO - [2026-09-25T17:01:33.911+0000] {dag.py:4180} INFO - Setting next_dagrun for example_skip_dag to 2026-09-24 00:00:00+00:00, run_after=2026-09-25 00:00:00+00:00
[2026-09-25T17:01:33.942+0000] {processor.py:208} INFO - Processing /home/airflow/.local/lib/python3.12/site-packages/airflow/example_dags/example_skip_dag.py took 0.135 seconds
[2026-09-25T17:02:20.684+0000] {processor.py:186} INFO - Started process (PID=579) to work on /home/airflow/.local/lib/python3.12/site-packages/airflow/example_dags/example_skip_dag.py
[2026-09-25T17:02:20.710+0000] {processor.py:914} INFO - Processing file /home/airflow/.local/lib/python3.12/site-packages/airflow/example_dags/example_skip_dag.py for tasks to queue
[2026-09-25T17:02:20.786+0000] {logging_mixin.py:190} INFO - [2026-09-25T17:02:20.775+0000] {dagbag.py:588} INFO - Filling up the DagBag from /home/airflow/.local/lib/python3.12/site-packages/airflow/example_dags/example_skip_dag.py
[2026-09-25T17:02:20.836+0000] {processor.py:925} INFO - DAG(s) 'example_skip_dag' retrieved from /home/airflow/.local/lib/python3.12/site-packages/airflow/example_dags/example_skip_dag.py
[2026-09-25T17:02:21.099+0000] {logging_mixin.py:190} INFO - [2026-09-25T17:02:21.097+0000] {dag.py:3239} INFO - Sync 1 DAGs
[2026-09-25T17:02:21.389+0000] {logging_mixin.py:190} INFO - [2026-09-25T17:02:21.389+0000] {dag.py:4180} INFO - Setting next_dagrun for example_skip_dag to 2026-09-24 00:00:00+00:00, run_after=2026-09-25 00:00:00+00:00
[2026-09-25T17:02:21.590+0000] {processor.py:208} INFO - Processing /home/airflow/.local/lib/python3.12/site-packages/airflow/example_dags/example_skip_dag.py took 0.933 seconds
[2026-09-25T17:02:52.498+0000] {processor.py:186} INFO - Started process (PID=642) to work on /home/airflow/.local/lib/python3.12/site-packages/airflow/example_dags/example_skip_dag.py
[2026-09-25T17:02:52.502+0000] {processor.py:914} INFO - Processing file /home/airflow/.local/lib/python3.12/site-packages/airflow/example_dags/example_skip_dag.py for tasks to queue
[2026-09-25T17:02:52.510+0000] {logging_mixin.py:190} INFO - [2026-09-25T17:02:52.509+0000] {dagbag.py:588} INFO - Filling up the DagBag from /home/airflow/.local/lib/python3.12/site-packages/airflow/example_dags/example_skip_dag.py
[2026-09-25T17:02:52.527+0000] {processor.py:925} INFO - DAG(s) 'example_skip_dag' retrieved from /home/airflow/.local/lib/python3.12/site-packages/airflow/example_dags/example_skip_dag.py
[2026-09-25T17:02:52.615+0000] {logging_mixin.py:190} INFO - [2026-09-25T17:02:52.614+0000] {dag.py:3239} INFO - Sync 1 DAGs
[2026-09-25T17:02:52.692+0000] {logging_mixin.py:190} INFO - [2026-09-25T17:02:52.691+0000] {dag.py:4180} INFO - Setting next_dagrun for example_skip_dag to 2026-09-24 00:00:00+00:00, run_after=2026-09-25 00:00:00+00:00
[2026-09-25T17:02:52.743+0000] {processor.py:208} INFO - Processing /home/airflow/.local/lib/python3.12/site-packages/airflow/example_dags/example_skip_dag.py took 0.261 seconds
[2026-09-25T17:03:23.402+0000] {processor.py:186} INFO - Started process (PID=705) to work on /home/airflow/.local/lib/python3.12/site-packages/airflow/example_dags/example_skip_dag.py
[2026-09-25T17:03:23.407+0000] {processor.py:914} INFO - Processing file /home/airflow/.local/lib/python3.12/site-packages/airflow/example_dags/example_skip_dag.py for tasks to queue
[2026-09-25T17:03:23.413+0000] {logging_mixin.py:190} INFO - [2026-09-25T17:03:23.412+0000] {dagbag.py:588} INFO - Filling up the DagBag from /home/airflow/.local/lib/python3.12/site-packages/airflow/example_dags/example_skip_dag.py
[2026-09-25T17:03:23.430+0000] {processor.py:925} INFO - DAG(s) 'example_skip_dag' retrieved from /home/airflow/.local/lib/python3.12/site-packages/airflow/example_dags/example_skip_dag.py
[2026-09-25T17:03:23.499+0000] {logging_mixin.py:190} INFO - [2026-09-25T17:03:23.498+0000] {dag.py:3239} INFO - Sync 1 DAGs
[2026-09-25T17:03:23.564+0000] {logging_mixin.py:190} INFO - [2026-09-25T17:03:23.564+0000] {dag.py:4180} INFO - Setting next_dagrun for example_skip_dag to 2026-09-24 00:00:00+00:00, run_after=2026-09-25 00:00:00+00:00
[2026-09-25T17:03:23.604+0000] {processor.py:208} INFO - Processing /home/airflow/.local/lib/python3.12/site-packages/airflow/example_dags/example_skip_dag.py took 0.221 seconds
[2026-09-25T17:03:54.788+0000] {processor.py:186} INFO - Started process (PID=768) to work on /home/airflow/.local/lib/python3.12/site-packages/airflow/example_dags/example_skip_dag.py
[2026-09-25T17:03:54.791+0000] {processor.py:914} INFO - Processing file /home/airflow/.local/lib/python3.12/site-packages/airflow/example_dags/example_skip_dag.py for tasks to queue
[2026-09-25T17:03:54.800+0000] {logging_mixin.py:190} INFO - [2026-09-25T17:03:54.798+0000] {dagbag.py:588} INFO - Filling up the DagBag from /home/airflow/.local/lib/python3.12/site-packages/airflow/example_dags/example_skip_dag.py
[2026-09-25T17:03:54.822+0000] {processor.py:925} INFO - DAG(s) 'example_skip_dag' retrieved from /home/airflow/.local/lib/python3.12/site-packages/airflow/example_dags/example_skip_dag.py
[2026-09-25T17:03:54.892+0000] {logging_mixin.py:190} INFO - [2026-09-25T17:03:54.892+0000] {dag.py:3239} INFO - Sync 1 DAGs
[2026-09-25T17:03:54.960+0000] {logging_mixin.py:190} INFO - [2026-09-25T17:03:54.960+0000] {dag.py:4180} INFO - Setting next_dagrun for example_skip_dag to 2026-09-24 00:00:00+00:00, run_after=2026-09-25 00:00:00+00:00
[2026-09-25T17:03:55.045+0000] {processor.py:208} INFO - Processing /home/airflow/.local/lib/python3.12/site-packages/airflow/example_dags/example_skip_dag.py took 0.271 seconds
[2026-09-25T17:04:25.424+0000] {processor.py:186} INFO - Started process (PID=831) to work on /home/airflow/.local/lib/python3.12/site-packages/airflow/example_dags/example_skip_dag.py
[2026-09-25T17:04:25.426+0000] {processor.py:914} INFO - Processing file /home/airflow/.local/lib/python3.12/site-packages/airflow/example_dags/example_skip_dag.py for tasks to queue
[2026-09-25T17:04:25.431+0000] {logging_mixin.py:190} INFO - [2026-09-25T17:04:25.430+0000] {dagbag.py:588} INFO - Filling up the DagBag from /home/airflow/.local/lib/python3.12/site-packages/airflow/example_dags/example_skip_dag.py
[2026-09-25T17:04:25.448+0000] {processor.py:925} INFO - DAG(s) 'example_skip_dag' retrieved from /home/airflow/.local/lib/python3.12/site-packages/airflow/example_dags/example_skip_dag.py
[2026-09-25T17:04:25.482+0000] {logging_mixin.py:190} INFO - [2026-09-25T17:04:25.482+0000] {dag.py:3239} INFO - Sync 1 DAGs
[2026-09-25T17:04:25.528+0000] {logging_mixin.py:190} INFO - [2026-09-25T17:04:25.528+0000] {dag.py:4180} INFO - Setting next_dagrun for example_skip_dag to 2026-09-24 00:00:00+00:00, run_after=2026-09-25 00:00:00+00:00
[2026-09-25T17:04:25.558+0000] {processor.py:208} INFO - Processing /home/airflow/.local/lib/python3.12/site-packages/airflow/example_dags/example_skip_dag.py took 0.147 seconds
[2026-09-25T17:05:06.055+0000] {processor.py:186} INFO - Started process (PID=898) to work on /home/airflow/.local/lib/python3.12/site-packages/airflow/example_dags/example_skip_dag.py
[2026-09-25T17:05:06.058+0000] {processor.py:914} INFO - Processing file /home/airflow/.local/lib/python3.12/site-packages/airflow/example_dags/example_skip_dag.py for tasks to queue
[2026-09-25T17:05:06.065+0000] {logging_mixin.py:190} INFO - [2026-09-25T17:05:06.064+0000] {dagbag.py:588} INFO - Filling up the DagBag from /home/airflow/.local/lib/python3.12/site-packages/airflow/example_dags/example_skip_dag.py
[2026-09-25T17:05:06.085+0000] {processor.py:925} INFO - DAG(s) 'example_skip_dag' retrieved from /home/airflow/.local/lib/python3.12/site-packages/airflow/example_dags/example_skip_dag.py
[2026-09-25T17:05:06.136+0000] {logging_mixin.py:190} INFO - [2026-09-25T17:05:06.135+0000] {dag.py:3239} INFO - Sync 1 DAGs
[2026-09-25T17:05:06.184+0000] {logging_mixin.py:190} INFO - [2026-09-25T17:05:06.183+0000] {dag.py:4180} INFO - Setting next_dagrun for example_skip_dag to 2026-09-24 00:00:00+00:00, run_after=2026-09-25 00:00:00+00:00
[2026-09-25T17:05:06.224+0000] {processor.py:208} INFO - Processing /home/airflow/.local/lib/python3.12/site-packages/airflow/example_dags/example_skip_dag.py took 0.182 seconds
[2026-09-25T17:05:38.329+0000] {processor.py:186} INFO - Started process (PID=961) to work on /home/airflow/.local/lib/python3.12/site-packages/airflow/example_dags/example_skip_dag.py
[2026-09-25T17:05:38.333+0000] {processor.py:914} INFO - Processing file /home/airflow/.local/lib/python3.12/site-packages/airflow/example_dags/example_skip_dag.py for tasks to queue
[2026-09-25T17:05:38.340+0000] {logging_mixin.py:190} INFO - [2026-09-25T17:05:38.339+0000] {dagbag.py:588} INFO - Filling up the DagBag from /home/airflow/.local/lib/python3.12/site-packages/airflow/example_dags/example_skip_dag.py
[2026-09-25T17:05:38.376+0000] {processor.py:925} INFO - DAG(s) 'example_skip_dag' retrieved from /home/airflow/.local/lib/python3.12/site-packages/airflow/example_dags/example_skip_dag.py
[2026-09-25T17:05:38.472+0000] {logging_mixin.py:190} INFO - [2026-09-25T17:05:38.471+0000] {dag.py:3239} INFO - Sync 1 DAGs
[2026-09-25T17:05:38.567+0000] {logging_mixin.py:190} INFO - [2026-09-25T17:05:38.566+0000] {dag.py:4180} INFO - Setting next_dagrun for example_skip_dag to 2026-09-24 00:00:00+00:00, run_after=2026-09-25 00:00:00+00:00
[2026-09-25T17:05:38.641+0000] {processor.py:208} INFO - Processing /home/airflow/.local/lib/python3.12/site-packages/airflow/example_dags/example_skip_dag.py took 0.340 seconds
[2026-09-25T17:06:11.903+0000] {processor.py:186} INFO - Started process (PID=1028) to work on /home/airflow/.local/lib/python3.12/site-packages/airflow/example_dags/example_skip_dag.py
[2026-09-25T17:06:11.905+0000] {processor.py:914} INFO - Processing file /home/airflow/.local/lib/python3.12/site-packages/airflow/example_dags/example_skip_dag.py for tasks to queue
[2026-09-25T17:06:11.910+0000] {logging_mixin.py:190} INFO - [2026-09-25T17:06:11.909+0000] {dagbag.py:588} INFO - Filling up the DagBag from /home/airflow/.local/lib/python3.12/site-packages/airflow/example_dags/example_skip_dag.py
[2026-09-25T17:06:11.925+0000] {processor.py:925} INFO - DAG(s) 'example_skip_dag' retrieved from /home/airflow/.local/lib/python3.12/site-packages/airflow/example_dags/example_skip_dag.py
[2026-09-25T17:06:11.967+0000] {logging_mixin.py:190} INFO - [2026-09-25T17:06:11.966+0000] {dag.py:3239} INFO - Sync 1 DAGs
[2026-09-25T17:06:12.036+0000] {logging_mixin.py:190} INFO - [2026-09-25T17:06:12.035+0000] {dag.py:4180} INFO - Setting next_dagrun for example_skip_dag to 2026-09-24 00:00:00+00:00, run_after=2026-09-25 00:00:00+00:00
[2026-09-25T17:06:12.112+0000] {processor.py:208} INFO - Processing /home/airflow/.local/lib/python3.12/site-packages/airflow/example_dags/example_skip_dag.py took 0.222 seconds
[2026-09-25T17:06:52.507+0000] {processor.py:186} INFO - Started process (PID=1090) to work on /home/airflow/.local/lib/python3.12/site-packages/airflow/example_dags/example_skip_dag.py
[2026-09-25T17:06:52.510+0000] {processor.py:914} INFO - Processing file /home/airflow/.local/lib/python3.12/site-packages/airflow/example_dags/example_skip_dag.py for tasks to queue
[2026-09-25T17:06:52.518+0000] {logging_mixin.py:190} INFO - [2026-09-25T17:06:52.518+0000] {dagbag.py:588} INFO - Filling up the DagBag from /home/airflow/.local/lib/python3.12/site-packages/airflow/example_dags/example_skip_dag.py
[2026-09-25T17:06:52.660+0000] {processor.py:925} INFO - DAG(s) 'example_skip_dag' retrieved from /home/airflow/.local/lib/python3.12/site-packages/airflow/example_dags/example_skip_dag.py
[2026-09-25T17:06:52.767+0000] {logging_mixin.py:190} INFO - [2026-09-25T17:06:52.766+0000] {dag.py:3239} INFO - Sync 1 DAGs
[2026-09-25T17:06:52.839+0000] {logging_mixin.py:190} INFO - [2026-09-25T17:06:52.839+0000] {dag.py:4180} INFO - Setting next_dagrun for example_skip_dag to 2026-09-24 00:00:00+00:00, run_after=2026-09-25 00:00:00+00:00
[2026-09-25T17:06:52.887+0000] {processor.py:208} INFO - Processing /home/airflow/.local/lib/python3.12/site-packages/airflow/example_dags/example_skip_dag.py took 0.393 seconds
[2026-09-25T17:07:28.037+0000] {processor.py:186} INFO - Started process (PID=1152) to work on /home/airflow/.local/lib/python3.12/site-packages/airflow/example_dags/example_skip_dag.py
[2026-09-25T17:07:28.039+0000] {processor.py:914} INFO - Processing file /home/airflow/.local/lib/python3.12/site-packages/airflow/example_dags/example_skip_dag.py for tasks to queue
[2026-09-25T17:07:28.045+0000] {logging_mixin.py:190} INFO - [2026-09-25T17:07:28.044+0000] {dagbag.py:588} INFO - Filling up the DagBag from /home/airflow/.local/lib/python3.12/site-packages/airflow/example_dags/example_skip_dag.py
[2026-09-25T17:07:28.068+0000] {processor.py:925} INFO - DAG(s) 'example_skip_dag' retrieved from /home/airflow/.local/lib/python3.12/site-packages/airflow/example_dags/example_skip_dag.py
[2026-09-25T17:07:28.123+0000] {logging_mixin.py:190} INFO - [2026-09-25T17:07:28.123+0000] {dag.py:3239} INFO - Sync 1 DAGs
[2026-09-25T17:07:28.200+0000] {logging_mixin.py:190} INFO - [2026-09-25T17:07:28.199+0000] {dag.py:4180} INFO - Setting next_dagrun for example_skip_dag to 2026-09-24 00:00:00+00:00, run_after=2026-09-25 00:00:00+00:00
[2026-09-25T17:07:28.249+0000] {processor.py:208} INFO - Processing /home/airflow/.local/lib/python3.12/site-packages/airflow/example_dags/example_skip_dag.py took 0.249 seconds
[2026-09-25T17:07:58.975+0000] {processor.py:186} INFO - Started process (PID=1215) to work on /home/airflow/.local/lib/python3.12/site-packages/airflow/example_dags/example_skip_dag.py
[2026-09-25T17:07:58.980+0000] {processor.py:914} INFO - Processing file /home/airflow/.local/lib/python3.12/site-packages/airflow/example_dags/example_skip_dag.py for tasks to queue
[2026-09-25T17:07:58.989+0000] {logging_mixin.py:190} INFO - [2026-09-25T17:07:58.988+0000] {dagbag.py:588} INFO - Filling up the DagBag from /home/airflow/.local/lib/python3.12/site-packages/airflow/example_dags/example_skip_dag.py
[2026-09-25T17:07:59.013+0000] {processor.py:925} INFO - DAG(s) 'example_skip_dag' retrieved from /home/airflow/.local/lib/python3.12/site-packages/airflow/example_dags/example_skip_dag.py
[2026-09-25T17:07:59.149+0000] {logging_mixin.py:190} INFO - [2026-09-25T17:07:59.148+0000] {dag.py:3239} INFO - Sync 1 DAGs
[2026-09-25T17:07:59.279+0000] {logging_mixin.py:190} INFO - [2026-09-25T17:07:59.278+0000] {dag.py:4180} INFO - Setting next_dagrun for example_skip_dag to 2026-09-24 00:00:00+00:00, run_after=2026-09-25 00:00:00+00:00
[2026-09-25T17:07:59.355+0000] {processor.py:208} INFO - Processing /home/airflow/.local/lib/python3.12/site-packages/airflow/example_dags/example_skip_dag.py took 0.396 seconds
[2026-09-25T17:08:29.843+0000] {processor.py:186} INFO - Started process (PID=1277) to work on /home/airflow/.local/lib/python3.12/site-packages/airflow/example_dags/example_skip_dag.py
[2026-09-25T17:08:29.847+0000] {processor.py:914} INFO - Processing file /home/airflow/.local/lib/python3.12/site-packages/airflow/example_dags/example_skip_dag.py for tasks to queue
[2026-09-25T17:08:29.857+0000] {logging_mixin.py:190} INFO - [2026-09-25T17:08:29.856+0000] {dagbag.py:588} INFO - Filling up the DagBag from /home/airflow/.local/lib/python3.12/site-packages/airflow/example_dags/example_skip_dag.py
[2026-09-25T17:08:29.884+0000] {processor.py:925} INFO - DAG(s) 'example_skip_dag' retrieved from /home/airflow/.local/lib/python3.12/site-packages/airflow/example_dags/example_skip_dag.py
[2026-09-25T17:08:29.966+0000] {logging_mixin.py:190} INFO - [2026-09-25T17:08:29.966+0000] {dag.py:3239} INFO - Sync 1 DAGs
[2026-09-25T17:08:30.350+0000] {logging_mixin.py:190} INFO - [2026-09-25T17:08:30.349+0000] {dag.py:4180} INFO - Setting next_dagrun for example_skip_dag to 2026-09-24 00:00:00+00:00, run_after=2026-09-25 00:00:00+00:00
[2026-09-25T17:08:30.590+0000] {processor.py:208} INFO - Processing /home/airflow/.local/lib/python3.12/site-packages/airflow/example_dags/example_skip_dag.py took 0.767 seconds
[2026-09-25T17:09:01.214+0000] {processor.py:186} INFO - Started process (PID=1341) to work on /home/airflow/.local/lib/python3.12/site-packages/airflow/example_dags/example_skip_dag.py
[2026-09-25T17:09:01.216+0000] {processor.py:914} INFO - Processing file /home/airflow/.local/lib/python3.12/site-packages/airflow/example_dags/example_skip_dag.py for tasks to queue
[2026-09-25T17:09:01.227+0000] {logging_mixin.py:190} INFO - [2026-09-25T17:09:01.225+0000] {dagbag.py:588} INFO - Filling up the DagBag from /home/airflow/.local/lib/python3.12/site-packages/airflow/example_dags/example_skip_dag.py
[2026-09-25T17:09:01.260+0000] {processor.py:925} INFO - DAG(s) 'example_skip_dag' retrieved from /home/airflow/.local/lib/python3.12/site-packages/airflow/example_dags/example_skip_dag.py
[2026-09-25T17:09:01.329+0000] {logging_mixin.py:190} INFO - [2026-09-25T17:09:01.328+0000] {dag.py:3239} INFO - Sync 1 DAGs
[2026-09-25T17:09:01.420+0000] {logging_mixin.py:190} INFO - [2026-09-25T17:09:01.419+0000] {dag.py:4180} INFO - Setting next_dagrun for example_skip_dag to 2026-09-24 00:00:00+00:00, run_after=2026-09-25 00:00:00+00:00
[2026-09-25T17:09:01.496+0000] {processor.py:208} INFO - Processing /home/airflow/.local/lib/python3.12/site-packages/airflow/example_dags/example_skip_dag.py took 0.298 seconds
[2026-09-25T17:10:33.159+0000] {processor.py:186} INFO - Started process (PID=1419) to work on /home/airflow/.local/lib/python3.12/site-packages/airflow/example_dags/example_skip_dag.py
[2026-09-25T17:10:33.164+0000] {processor.py:914} INFO - Processing file /home/airflow/.local/lib/python3.12/site-packages/airflow/example_dags/example_skip_dag.py for tasks to queue
[2026-09-25T17:10:33.248+0000] {logging_mixin.py:190} INFO - [2026-09-25T17:10:33.243+0000] {dagbag.py:588} INFO - Filling up the DagBag from /home/airflow/.local/lib/python3.12/site-packages/airflow/example_dags/example_skip_dag.py
[2026-09-25T17:10:33.448+0000] {processor.py:925} INFO - DAG(s) 'example_skip_dag' retrieved from /home/airflow/.local/lib/python3.12/site-packages/airflow/example_dags/example_skip_dag.py
[2026-09-25T17:10:33.675+0000] {logging_mixin.py:190} INFO - [2026-09-25T17:10:33.675+0000] {dag.py:3239} INFO - Sync 1 DAGs
[2026-09-25T17:10:33.831+0000] {logging_mixin.py:190} INFO - [2026-09-25T17:10:33.830+0000] {dag.py:4180} INFO - Setting next_dagrun for example_skip_dag to 2026-09-24 00:00:00+00:00, run_after=2026-09-25 00:00:00+00:00
[2026-09-25T17:10:33.889+0000] {processor.py:208} INFO - Processing /home/airflow/.local/lib/python3.12/site-packages/airflow/example_dags/example_skip_dag.py took 0.798 seconds
[2026-09-25T17:13:52.013+0000] {processor.py:186} INFO - Started process (PID=1528) to work on /home/airflow/.local/lib/python3.12/site-packages/airflow/example_dags/example_skip_dag.py
[2026-09-25T17:13:52.021+0000] {processor.py:914} INFO - Processing file /home/airflow/.local/lib/python3.12/site-packages/airflow/example_dags/example_skip_dag.py for tasks to queue
[2026-09-25T17:13:52.055+0000] {logging_mixin.py:190} INFO - [2026-09-25T17:13:52.054+0000] {dagbag.py:588} INFO - Filling up the DagBag from /home/airflow/.local/lib/python3.12/site-packages/airflow/example_dags/example_skip_dag.py
[2026-09-25T17:13:52.348+0000] {processor.py:925} INFO - DAG(s) 'example_skip_dag' retrieved from /home/airflow/.local/lib/python3.12/site-packages/airflow/example_dags/example_skip_dag.py
[2026-09-25T17:13:52.863+0000] {logging_mixin.py:190} INFO - [2026-09-25T17:13:52.859+0000] {dag.py:3239} INFO - Sync 1 DAGs
[2026-09-25T17:13:53.953+0000] {logging_mixin.py:190} INFO - [2026-09-25T17:13:53.952+0000] {dag.py:4180} INFO - Setting next_dagrun for example_skip_dag to 2026-09-24 00:00:00+00:00, run_after=2026-09-25 00:00:00+00:00
[2026-09-25T17:13:54.195+0000] {processor.py:208} INFO - Processing /home/airflow/.local/lib/python3.12/site-packages/airflow/example_dags/example_skip_dag.py took 2.277 seconds
[2026-09-25T17:15:15.872+0000] {processor.py:186} INFO - Started process (PID=1610) to work on /home/airflow/.local/lib/python3.12/site-packages/airflow/example_dags/example_skip_dag.py
[2026-09-25T17:15:15.876+0000] {processor.py:914} INFO - Processing file /home/airflow/.local/lib/python3.12/site-packages/airflow/example_dags/example_skip_dag.py for tasks to queue
[2026-09-25T17:15:15.881+0000] {logging_mixin.py:190} INFO - [2026-09-25T17:15:15.880+0000] {dagbag.py:588} INFO - Filling up the DagBag from /home/airflow/.local/lib/python3.12/site-packages/airflow/example_dags/example_skip_dag.py
[2026-09-25T17:15:15.897+0000] {processor.py:925} INFO - DAG(s) 'example_skip_dag' retrieved from /home/airflow/.local/lib/python3.12/site-packages/airflow/example_dags/example_skip_dag.py
[2026-09-25T17:15:16.000+0000] {logging_mixin.py:190} INFO - [2026-09-25T17:15:15.999+0000] {dag.py:3239} INFO - Sync 1 DAGs
[2026-09-25T17:15:16.582+0000] {logging_mixin.py:190} INFO - [2026-09-25T17:15:16.581+0000] {dag.py:4180} INFO - Setting next_dagrun for example_skip_dag to 2026-09-24 00:00:00+00:00, run_after=2026-09-25 00:00:00+00:00
[2026-09-25T17:15:16.785+0000] {processor.py:208} INFO - Processing /home/airflow/.local/lib/python3.12/site-packages/airflow/example_dags/example_skip_dag.py took 0.929 seconds
[2026-09-25T17:15:51.831+0000] {processor.py:186} INFO - Started process (PID=1673) to work on /home/airflow/.local/lib/python3.12/site-packages/airflow/example_dags/example_skip_dag.py
[2026-09-25T17:15:51.844+0000] {processor.py:914} INFO - Processing file /home/airflow/.local/lib/python3.12/site-packages/airflow/example_dags/example_skip_dag.py for tasks to queue
[2026-09-25T17:15:51.854+0000] {logging_mixin.py:190} INFO - [2026-09-25T17:15:51.853+0000] {dagbag.py:588} INFO - Filling up the DagBag from /home/airflow/.local/lib/python3.12/site-packages/airflow/example_dags/example_skip_dag.py
[2026-09-25T17:15:51.894+0000] {processor.py:925} INFO - DAG(s) 'example_skip_dag' retrieved from /home/airflow/.local/lib/python3.12/site-packages/airflow/example_dags/example_skip_dag.py
[2026-09-25T17:15:51.985+0000] {logging_mixin.py:190} INFO - [2026-09-25T17:15:51.983+0000] {dag.py:3239} INFO - Sync 1 DAGs
[2026-09-25T17:15:52.097+0000] {logging_mixin.py:190} INFO - [2026-09-25T17:15:52.097+0000] {dag.py:4180} INFO - Setting next_dagrun for example_skip_dag to 2026-09-24 00:00:00+00:00, run_after=2026-09-25 00:00:00+00:00
[2026-09-25T17:15:52.178+0000] {processor.py:208} INFO - Processing /home/airflow/.local/lib/python3.12/site-packages/airflow/example_dags/example_skip_dag.py took 0.369 seconds
[2026-09-25T17:16:50.331+0000] {processor.py:186} INFO - Started process (PID=1764) to work on /home/airflow/.local/lib/python3.12/site-packages/airflow/example_dags/example_skip_dag.py
[2026-09-25T17:16:50.334+0000] {processor.py:914} INFO - Processing file /home/airflow/.local/lib/python3.12/site-packages/airflow/example_dags/example_skip_dag.py for tasks to queue
[2026-09-25T17:16:50.342+0000] {logging_mixin.py:190} INFO - [2026-09-25T17:16:50.341+0000] {dagbag.py:588} INFO - Filling up the DagBag from /home/airflow/.local/lib/python3.12/site-packages/airflow/example_dags/example_skip_dag.py
[2026-09-25T17:16:50.369+0000] {processor.py:925} INFO - DAG(s) 'example_skip_dag' retrieved from /home/airflow/.local/lib/python3.12/site-packages/airflow/example_dags/example_skip_dag.py
[2026-09-25T17:16:50.471+0000] {logging_mixin.py:190} INFO - [2026-09-25T17:16:50.470+0000] {dag.py:3239} INFO - Sync 1 DAGs
[2026-09-25T17:16:50.546+0000] {logging_mixin.py:190} INFO - [2026-09-25T17:16:50.545+0000] {dag.py:4180} INFO - Setting next_dagrun for example_skip_dag to 2026-09-24 00:00:00+00:00, run_after=2026-09-25 00:00:00+00:00
[2026-09-25T17:16:50.636+0000] {processor.py:208} INFO - Processing /home/airflow/.local/lib/python3.12/site-packages/airflow/example_dags/example_skip_dag.py took 0.327 seconds
[2026-09-25T17:17:21.747+0000] {processor.py:186} INFO - Started process (PID=1826) to work on /home/airflow/.local/lib/python3.12/site-packages/airflow/example_dags/example_skip_dag.py
[2026-09-25T17:17:21.750+0000] {processor.py:914} INFO - Processing file /home/airflow/.local/lib/python3.12/site-packages/airflow/example_dags/example_skip_dag.py for tasks to queue
[2026-09-25T17:17:21.761+0000] {logging_mixin.py:190} INFO - [2026-09-25T17:17:21.760+0000] {dagbag.py:588} INFO - Filling up the DagBag from /home/airflow/.local/lib/python3.12/site-packages/airflow/example_dags/example_skip_dag.py
[2026-09-25T17:17:21.790+0000] {processor.py:925} INFO - DAG(s) 'example_skip_dag' retrieved from /home/airflow/.local/lib/python3.12/site-packages/airflow/example_dags/example_skip_dag.py
[2026-09-25T17:17:21.884+0000] {logging_mixin.py:190} INFO - [2026-09-25T17:17:21.883+0000] {dag.py:3239} INFO - Sync 1 DAGs
[2026-09-25T17:17:22.008+0000] {logging_mixin.py:190} INFO - [2026-09-25T17:17:21.997+0000] {dag.py:4180} INFO - Setting next_dagrun for example_skip_dag to 2026-09-24 00:00:00+00:00, run_after=2026-09-25 00:00:00+00:00
[2026-09-25T17:17:22.156+0000] {processor.py:208} INFO - Processing /home/airflow/.local/lib/python3.12/site-packages/airflow/example_dags/example_skip_dag.py took 0.438 seconds
[2026-09-25T17:17:58.390+0000] {processor.py:186} INFO - Started process (PID=1893) to work on /home/airflow/.local/lib/python3.12/site-packages/airflow/example_dags/example_skip_dag.py
[2026-09-25T17:17:58.393+0000] {processor.py:914} INFO - Processing file /home/airflow/.local/lib/python3.12/site-packages/airflow/example_dags/example_skip_dag.py for tasks to queue
[2026-09-25T17:17:58.400+0000] {logging_mixin.py:190} INFO - [2026-09-25T17:17:58.399+0000] {dagbag.py:588} INFO - Filling up the DagBag from /home/airflow/.local/lib/python3.12/site-packages/airflow/example_dags/example_skip_dag.py
[2026-09-25T17:17:58.421+0000] {processor.py:925} INFO - DAG(s) 'example_skip_dag' retrieved from /home/airflow/.local/lib/python3.12/site-packages/airflow/example_dags/example_skip_dag.py
[2026-09-25T17:17:58.482+0000] {logging_mixin.py:190} INFO - [2026-09-25T17:17:58.481+0000] {dag.py:3239} INFO - Sync 1 DAGs
[2026-09-25T17:17:58.539+0000] {logging_mixin.py:190} INFO - [2026-09-25T17:17:58.538+0000] {dag.py:4180} INFO - Setting next_dagrun for example_skip_dag to 2026-09-24 00:00:00+00:00, run_after=2026-09-25 00:00:00+00:00
[2026-09-25T17:17:58.588+0000] {processor.py:208} INFO - Processing /home/airflow/.local/lib/python3.12/site-packages/airflow/example_dags/example_skip_dag.py took 0.217 seconds
[2026-09-25T17:18:34.915+0000] {processor.py:186} INFO - Started process (PID=1961) to work on /home/airflow/.local/lib/python3.12/site-packages/airflow/example_dags/example_skip_dag.py
[2026-09-25T17:18:34.918+0000] {processor.py:914} INFO - Processing file /home/airflow/.local/lib/python3.12/site-packages/airflow/example_dags/example_skip_dag.py for tasks to queue
[2026-09-25T17:18:34.922+0000] {logging_mixin.py:190} INFO - [2026-09-25T17:18:34.922+0000] {dagbag.py:588} INFO - Filling up the DagBag from /home/airflow/.local/lib/python3.12/site-packages/airflow/example_dags/example_skip_dag.py
[2026-09-25T17:18:34.962+0000] {processor.py:925} INFO - DAG(s) 'example_skip_dag' retrieved from /home/airflow/.local/lib/python3.12/site-packages/airflow/example_dags/example_skip_dag.py
[2026-09-25T17:18:35.028+0000] {logging_mixin.py:190} INFO - [2026-09-25T17:18:35.026+0000] {dag.py:3239} INFO - Sync 1 DAGs
[2026-09-25T17:18:35.117+0000] {logging_mixin.py:190} INFO - [2026-09-25T17:18:35.117+0000] {dag.py:4180} INFO - Setting next_dagrun for example_skip_dag to 2026-09-24 00:00:00+00:00, run_after=2026-09-25 00:00:00+00:00
[2026-09-25T17:18:35.197+0000] {processor.py:208} INFO - Processing /home/airflow/.local/lib/python3.12/site-packages/airflow/example_dags/example_skip_dag.py took 0.299 seconds
[2026-09-25T17:19:09.273+0000] {processor.py:186} INFO - Started process (PID=2024) to work on /home/airflow/.local/lib/python3.12/site-packages/airflow/example_dags/example_skip_dag.py
[2026-09-25T17:19:09.276+0000] {processor.py:914} INFO - Processing file /home/airflow/.local/lib/python3.12/site-packages/airflow/example_dags/example_skip_dag.py for tasks to queue
[2026-09-25T17:19:09.285+0000] {logging_mixin.py:190} INFO - [2026-09-25T17:19:09.284+0000] {dagbag.py:588} INFO - Filling up the DagBag from /home/airflow/.local/lib/python3.12/site-packages/airflow/example_dags/example_skip_dag.py
[2026-09-25T17:19:09.311+0000] {processor.py:925} INFO - DAG(s) 'example_skip_dag' retrieved from /home/airflow/.local/lib/python3.12/site-packages/airflow/example_dags/example_skip_dag.py
[2026-09-25T17:19:09.420+0000] {logging_mixin.py:190} INFO - [2026-09-25T17:19:09.419+0000] {dag.py:3239} INFO - Sync 1 DAGs
[2026-09-25T17:19:09.490+0000] {logging_mixin.py:190} INFO - [2026-09-25T17:19:09.489+0000] {dag.py:4180} INFO - Setting next_dagrun for example_skip_dag to 2026-09-24 00:00:00+00:00, run_after=2026-09-25 00:00:00+00:00
[2026-09-25T17:19:09.559+0000] {processor.py:208} INFO - Processing /home/airflow/.local/lib/python3.12/site-packages/airflow/example_dags/example_skip_dag.py took 0.315 seconds
[2026-09-25T17:19:47.956+0000] {processor.py:186} INFO - Started process (PID=2087) to work on /home/airflow/.local/lib/python3.12/site-packages/airflow/example_dags/example_skip_dag.py
[2026-09-25T17:19:47.968+0000] {processor.py:914} INFO - Processing file /home/airflow/.local/lib/python3.12/site-packages/airflow/example_dags/example_skip_dag.py for tasks to queue
[2026-09-25T17:19:47.989+0000] {logging_mixin.py:190} INFO - [2026-09-25T17:19:47.982+0000] {dagbag.py:588} INFO - Filling up the DagBag from /home/airflow/.local/lib/python3.12/site-packages/airflow/example_dags/example_skip_dag.py
[2026-09-25T17:19:48.089+0000] {processor.py:925} INFO - DAG(s) 'example_skip_dag' retrieved from /home/airflow/.local/lib/python3.12/site-packages/airflow/example_dags/example_skip_dag.py
[2026-09-25T17:19:48.187+0000] {logging_mixin.py:190} INFO - [2026-09-25T17:19:48.186+0000] {dag.py:3239} INFO - Sync 1 DAGs
[2026-09-25T17:19:48.542+0000] {logging_mixin.py:190} INFO - [2026-09-25T17:19:48.540+0000] {dag.py:4180} INFO - Setting next_dagrun for example_skip_dag to 2026-09-24 00:00:00+00:00, run_after=2026-09-25 00:00:00+00:00
[2026-09-25T17:19:48.703+0000] {processor.py:208} INFO - Processing /home/airflow/.local/lib/python3.12/site-packages/airflow/example_dags/example_skip_dag.py took 0.796 seconds
[2026-09-25T17:20:31.203+0000] {processor.py:186} INFO - Started process (PID=2155) to work on /home/airflow/.local/lib/python3.12/site-packages/airflow/example_dags/example_skip_dag.py
[2026-09-25T17:20:31.209+0000] {processor.py:914} INFO - Processing file /home/airflow/.local/lib/python3.12/site-packages/airflow/example_dags/example_skip_dag.py for tasks to queue
[2026-09-25T17:20:31.231+0000] {logging_mixin.py:190} INFO - [2026-09-25T17:20:31.230+0000] {dagbag.py:588} INFO - Filling up the DagBag from /home/airflow/.local/lib/python3.12/site-packages/airflow/example_dags/example_skip_dag.py
[2026-09-25T17:20:31.297+0000] {processor.py:925} INFO - DAG(s) 'example_skip_dag' retrieved from /home/airflow/.local/lib/python3.12/site-packages/airflow/example_dags/example_skip_dag.py
[2026-09-25T17:20:31.406+0000] {logging_mixin.py:190} INFO - [2026-09-25T17:20:31.405+0000] {dag.py:3239} INFO - Sync 1 DAGs
[2026-09-25T17:20:31.646+0000] {logging_mixin.py:190} INFO - [2026-09-25T17:20:31.645+0000] {dag.py:4180} INFO - Setting next_dagrun for example_skip_dag to 2026-09-24 00:00:00+00:00, run_after=2026-09-25 00:00:00+00:00
[2026-09-25T17:20:31.764+0000] {processor.py:208} INFO - Processing /home/airflow/.local/lib/python3.12/site-packages/airflow/example_dags/example_skip_dag.py took 0.630 seconds
[2026-09-25T17:21:19.419+0000] {processor.py:186} INFO - Started process (PID=2229) to work on /home/airflow/.local/lib/python3.12/site-packages/airflow/example_dags/example_skip_dag.py
[2026-09-25T17:21:19.422+0000] {processor.py:914} INFO - Processing file /home/airflow/.local/lib/python3.12/site-packages/airflow/example_dags/example_skip_dag.py for tasks to queue
[2026-09-25T17:21:19.433+0000] {logging_mixin.py:190} INFO - [2026-09-25T17:21:19.430+0000] {dagbag.py:588} INFO - Filling up the DagBag from /home/airflow/.local/lib/python3.12/site-packages/airflow/example_dags/example_skip_dag.py
[2026-09-25T17:21:19.467+0000] {processor.py:925} INFO - DAG(s) 'example_skip_dag' retrieved from /home/airflow/.local/lib/python3.12/site-packages/airflow/example_dags/example_skip_dag.py
[2026-09-25T17:21:19.552+0000] {logging_mixin.py:190} INFO - [2026-09-25T17:21:19.552+0000] {dag.py:3239} INFO - Sync 1 DAGs
[2026-09-25T17:21:19.656+0000] {logging_mixin.py:190} INFO - [2026-09-25T17:21:19.655+0000] {dag.py:4180} INFO - Setting next_dagrun for example_skip_dag to 2026-09-24 00:00:00+00:00, run_after=2026-09-25 00:00:00+00:00
[2026-09-25T17:21:19.724+0000] {processor.py:208} INFO - Processing /home/airflow/.local/lib/python3.12/site-packages/airflow/example_dags/example_skip_dag.py took 0.322 seconds
[2026-09-25T17:22:41.749+0000] {processor.py:186} INFO - Started process (PID=2322) to work on /home/airflow/.local/lib/python3.12/site-packages/airflow/example_dags/example_skip_dag.py
[2026-09-25T17:22:41.753+0000] {processor.py:914} INFO - Processing file /home/airflow/.local/lib/python3.12/site-packages/airflow/example_dags/example_skip_dag.py for tasks to queue
[2026-09-25T17:22:41.760+0000] {logging_mixin.py:190} INFO - [2026-09-25T17:22:41.759+0000] {dagbag.py:588} INFO - Filling up the DagBag from /home/airflow/.local/lib/python3.12/site-packages/airflow/example_dags/example_skip_dag.py
[2026-09-25T17:22:41.793+0000] {processor.py:925} INFO - DAG(s) 'example_skip_dag' retrieved from /home/airflow/.local/lib/python3.12/site-packages/airflow/example_dags/example_skip_dag.py
[2026-09-25T17:22:41.899+0000] {logging_mixin.py:190} INFO - [2026-09-25T17:22:41.899+0000] {dag.py:3239} INFO - Sync 1 DAGs
[2026-09-25T17:22:42.025+0000] {logging_mixin.py:190} INFO - [2026-09-25T17:22:42.024+0000] {dag.py:4180} INFO - Setting next_dagrun for example_skip_dag to 2026-09-24 00:00:00+00:00, run_after=2026-09-25 00:00:00+00:00
[2026-09-25T17:22:42.089+0000] {processor.py:208} INFO - Processing /home/airflow/.local/lib/python3.12/site-packages/airflow/example_dags/example_skip_dag.py took 0.369 seconds
[2026-09-25T17:23:23.461+0000] {processor.py:186} INFO - Started process (PID=2387) to work on /home/airflow/.local/lib/python3.12/site-packages/airflow/example_dags/example_skip_dag.py
[2026-09-25T17:23:23.466+0000] {processor.py:914} INFO - Processing file /home/airflow/.local/lib/python3.12/site-packages/airflow/example_dags/example_skip_dag.py for tasks to queue
[2026-09-25T17:23:23.476+0000] {logging_mixin.py:190} INFO - [2026-09-25T17:23:23.475+0000] {dagbag.py:588} INFO - Filling up the DagBag from /home/airflow/.local/lib/python3.12/site-packages/airflow/example_dags/example_skip_dag.py
[2026-09-25T17:23:23.522+0000] {processor.py:925} INFO - DAG(s) 'example_skip_dag' retrieved from /home/airflow/.local/lib/python3.12/site-packages/airflow/example_dags/example_skip_dag.py
[2026-09-25T17:23:23.653+0000] {logging_mixin.py:190} INFO - [2026-09-25T17:23:23.652+0000] {dag.py:3239} INFO - Sync 1 DAGs
[2026-09-25T17:23:23.774+0000] {logging_mixin.py:190} INFO - [2026-09-25T17:23:23.774+0000] {dag.py:4180} INFO - Setting next_dagrun for example_skip_dag to 2026-09-24 00:00:00+00:00, run_after=2026-09-25 00:00:00+00:00
[2026-09-25T17:23:23.849+0000] {processor.py:208} INFO - Processing /home/airflow/.local/lib/python3.12/site-packages/airflow/example_dags/example_skip_dag.py took 0.466 seconds
[2026-09-25T17:23:58.570+0000] {processor.py:186} INFO - Started process (PID=2449) to work on /home/airflow/.local/lib/python3.12/site-packages/airflow/example_dags/example_skip_dag.py
[2026-09-25T17:23:58.573+0000] {processor.py:914} INFO - Processing file /home/airflow/.local/lib/python3.12/site-packages/airflow/example_dags/example_skip_dag.py for tasks to queue
[2026-09-25T17:23:58.579+0000] {logging_mixin.py:190} INFO - [2026-09-25T17:23:58.578+0000] {dagbag.py:588} INFO - Filling up the DagBag from /home/airflow/.local/lib/python3.12/site-packages/airflow/example_dags/example_skip_dag.py
[2026-09-25T17:23:58.632+0000] {processor.py:925} INFO - DAG(s) 'example_skip_dag' retrieved from /home/airflow/.local/lib/python3.12/site-packages/airflow/example_dags/example_skip_dag.py
[2026-09-25T17:23:58.713+0000] {logging_mixin.py:190} INFO - [2026-09-25T17:23:58.713+0000] {dag.py:3239} INFO - Sync 1 DAGs
[2026-09-25T17:23:58.814+0000] {logging_mixin.py:190} INFO - [2026-09-25T17:23:58.813+0000] {dag.py:4180} INFO - Setting next_dagrun for example_skip_dag to 2026-09-24 00:00:00+00:00, run_after=2026-09-25 00:00:00+00:00
[2026-09-25T17:23:58.881+0000] {processor.py:208} INFO - Processing /home/airflow/.local/lib/python3.12/site-packages/airflow/example_dags/example_skip_dag.py took 0.329 seconds
[2026-09-25T17:24:34.388+0000] {processor.py:186} INFO - Started process (PID=2515) to work on /home/airflow/.local/lib/python3.12/site-packages/airflow/example_dags/example_skip_dag.py
[2026-09-25T17:24:34.407+0000] {processor.py:914} INFO - Processing file /home/airflow/.local/lib/python3.12/site-packages/airflow/example_dags/example_skip_dag.py for tasks to queue
[2026-09-25T17:24:34.428+0000] {logging_mixin.py:190} INFO - [2026-09-25T17:24:34.426+0000] {dagbag.py:588} INFO - Filling up the DagBag from /home/airflow/.local/lib/python3.12/site-packages/airflow/example_dags/example_skip_dag.py
[2026-09-25T17:24:34.472+0000] {processor.py:925} INFO - DAG(s) 'example_skip_dag' retrieved from /home/airflow/.local/lib/python3.12/site-packages/airflow/example_dags/example_skip_dag.py
[2026-09-25T17:24:34.601+0000] {logging_mixin.py:190} INFO - [2026-09-25T17:24:34.600+0000] {dag.py:3239} INFO - Sync 1 DAGs
[2026-09-25T17:24:34.806+0000] {logging_mixin.py:190} INFO - [2026-09-25T17:24:34.805+0000] {dag.py:4180} INFO - Setting next_dagrun for example_skip_dag to 2026-09-24 00:00:00+00:00, run_after=2026-09-25 00:00:00+00:00
[2026-09-25T17:24:34.874+0000] {processor.py:208} INFO - Processing /home/airflow/.local/lib/python3.12/site-packages/airflow/example_dags/example_skip_dag.py took 0.515 seconds
[2026-09-25T17:25:07.401+0000] {processor.py:186} INFO - Started process (PID=2583) to work on /home/airflow/.local/lib/python3.12/site-packages/airflow/example_dags/example_skip_dag.py
[2026-09-25T17:25:07.441+0000] {processor.py:914} INFO - Processing file /home/airflow/.local/lib/python3.12/site-packages/airflow/example_dags/example_skip_dag.py for tasks to queue
[2026-09-25T17:25:07.527+0000] {logging_mixin.py:190} INFO - [2026-09-25T17:25:07.517+0000] {dagbag.py:588} INFO - Filling up the DagBag from /home/airflow/.local/lib/python3.12/site-packages/airflow/example_dags/example_skip_dag.py
[2026-09-25T17:25:07.668+0000] {processor.py:925} INFO - DAG(s) 'example_skip_dag' retrieved from /home/airflow/.local/lib/python3.12/site-packages/airflow/example_dags/example_skip_dag.py
[2026-09-25T17:25:08.094+0000] {logging_mixin.py:190} INFO - [2026-09-25T17:25:08.076+0000] {dag.py:3239} INFO - Sync 1 DAGs
[2026-09-25T17:25:08.313+0000] {logging_mixin.py:190} INFO - [2026-09-25T17:25:08.304+0000] {dag.py:4180} INFO - Setting next_dagrun for example_skip_dag to 2026-09-24 00:00:00+00:00, run_after=2026-09-25 00:00:00+00:00
[2026-09-25T17:25:08.523+0000] {processor.py:208} INFO - Processing /home/airflow/.local/lib/python3.12/site-packages/airflow/example_dags/example_skip_dag.py took 1.151 seconds
