[2026-09-25T16:15:55.903+0000] {processor.py:186} INFO - Started process (PID=118) to work on /home/airflow/.local/lib/python3.12/site-packages/airflow/example_dags/example_short_circuit_decorator.py
[2026-09-25T16:15:55.914+0000] {processor.py:914} INFO - Processing file /home/airflow/.local/lib/python3.12/site-packages/airflow/example_dags/example_short_circuit_decorator.py for tasks to queue
[2026-09-25T16:15:55.940+0000] {logging_mixin.py:190} INFO - [2026-09-25T16:15:55.938+0000] {dagbag.py:588} INFO - Filling up the DagBag from /home/airflow/.local/lib/python3.12/site-packages/airflow/example_dags/example_short_circuit_decorator.py
[2026-09-25T16:15:56.088+0000] {processor.py:925} INFO - DAG(s) 'example_short_circuit_decorator' retrieved from /home/airflow/.local/lib/python3.12/site-packages/airflow/example_dags/example_short_circuit_decorator.py
[2026-09-25T16:15:56.297+0000] {logging_mixin.py:190} INFO - [2026-09-25T16:15:56.296+0000] {dag.py:3239} INFO - Sync 1 DAGs
[2026-09-25T16:15:56.554+0000] {logging_mixin.py:190} INFO - [2026-09-25T16:15:56.554+0000] {dag.py:4180} INFO - Setting next_dagrun for example_short_circuit_decorator to None, run_after=None
[2026-09-25T16:15:56.781+0000] {processor.py:208} INFO - Processing /home/airflow/.local/lib/python3.12/site-packages/airflow/example_dags/example_short_circuit_decorator.py took 0.914 seconds
[2026-09-25T16:18:41.321+0000] {processor.py:186} INFO - Started process (PID=205) to work on /home/airflow/.local/lib/python3.12/site-packages/airflow/example_dags/example_short_circuit_decorator.py
[2026-09-25T16:18:41.346+0000] {processor.py:914} INFO - Processing file /home/airflow/.local/lib/python3.12/site-packages/airflow/example_dags/example_short_circuit_decorator.py for tasks to queue
[2026-09-25T16:18:41.376+0000] {logging_mixin.py:190} INFO - [2026-09-25T16:18:41.367+0000] {dagbag.py:588} INFO - Filling up the DagBag from /home/airflow/.local/lib/python3.12/site-packages/airflow/example_dags/example_short_circuit_decorator.py
[2026-09-25T16:18:41.602+0000] {processor.py:925} INFO - DAG(s) 'example_short_circuit_decorator' retrieved from /home/airflow/.local/lib/python3.12/site-packages/airflow/example_dags/example_short_circuit_decorator.py
[2026-09-25T16:18:42.212+0000] {logging_mixin.py:190} INFO - [2026-09-25T16:18:42.212+0000] {dag.py:3239} INFO - Sync 1 DAGs
[2026-09-25T16:18:45.192+0000] {logging_mixin.py:190} INFO - [2026-09-25T16:18:45.190+0000] {dag.py:4180} INFO - Setting next_dagrun for example_short_circuit_decorator to None, run_after=None
[2026-09-25T16:18:46.422+0000] {processor.py:208} INFO - Processing /home/airflow/.local/lib/python3.12/site-packages/airflow/example_dags/example_short_circuit_decorator.py took 5.302 seconds
[2026-09-25T16:20:43.341+0000] {processor.py:186} INFO - Started process (PID=317) to work on /home/airflow/.local/lib/python3.12/site-packages/airflow/example_dags/example_short_circuit_decorator.py
[2026-09-25T16:20:43.346+0000] {processor.py:914} INFO - Processing file /home/airflow/.local/lib/python3.12/site-packages/airflow/example_dags/example_short_circuit_decorator.py for tasks to queue
[2026-09-25T16:20:43.382+0000] {logging_mixin.py:190} INFO - [2026-09-25T16:20:43.380+0000] {dagbag.py:588} INFO - Filling up the DagBag from /home/airflow/.local/lib/python3.12/site-packages/airflow/example_dags/example_short_circuit_decorator.py
[2026-09-25T16:20:44.055+0000] {processor.py:925} INFO - DAG(s) 'example_short_circuit_decorator' retrieved from /home/airflow/.local/lib/python3.12/site-packages/airflow/example_dags/example_short_circuit_decorator.py
[2026-09-25T16:20:45.708+0000] {logging_mixin.py:190} INFO - [2026-09-25T16:20:45.688+0000] {dag.py:3239} INFO - Sync 1 DAGs
[2026-09-25T16:20:46.932+0000] {logging_mixin.py:190} INFO - [2026-09-25T16:20:46.932+0000] {dag.py:4180} INFO - Setting next_dagrun for example_short_circuit_decorator to None, run_after=None
[2026-09-25T16:20:48.192+0000] {processor.py:208} INFO - Processing /home/airflow/.local/lib/python3.12/site-packages/airflow/example_dags/example_short_circuit_decorator.py took 5.217 seconds
[2026-09-25T16:21:39.978+0000] {processor.py:186} INFO - Started process (PID=385) to work on /home/airflow/.local/lib/python3.12/site-packages/airflow/example_dags/example_short_circuit_decorator.py
[2026-09-25T16:21:39.980+0000] {processor.py:914} INFO - Processing file /home/airflow/.local/lib/python3.12/site-packages/airflow/example_dags/example_short_circuit_decorator.py for tasks to queue
[2026-09-25T16:21:40.000+0000] {logging_mixin.py:190} INFO - [2026-09-25T16:21:39.986+0000] {dagbag.py:588} INFO - Filling up the DagBag from /home/airflow/.local/lib/python3.12/site-packages/airflow/example_dags/example_short_circuit_decorator.py
[2026-09-25T16:21:40.060+0000] {processor.py:925} INFO - DAG(s) 'example_short_circuit_decorator' retrieved from /home/airflow/.local/lib/python3.12/site-packages/airflow/example_dags/example_short_circuit_decorator.py
[2026-09-25T16:21:40.141+0000] {logging_mixin.py:190} INFO - [2026-09-25T16:21:40.140+0000] {dag.py:3239} INFO - Sync 1 DAGs
[2026-09-25T16:21:40.190+0000] {logging_mixin.py:190} INFO - [2026-09-25T16:21:40.190+0000] {dag.py:4180} INFO - Setting next_dagrun for example_short_circuit_decorator to None, run_after=None
[2026-09-25T16:21:40.247+0000] {processor.py:208} INFO - Processing /home/airflow/.local/lib/python3.12/site-packages/airflow/example_dags/example_short_circuit_decorator.py took 0.285 seconds
[2026-09-25T16:22:52.317+0000] {processor.py:186} INFO - Started process (PID=443) to work on /home/airflow/.local/lib/python3.12/site-packages/airflow/example_dags/example_short_circuit_decorator.py
[2026-09-25T16:22:52.322+0000] {processor.py:914} INFO - Processing file /home/airflow/.local/lib/python3.12/site-packages/airflow/example_dags/example_short_circuit_decorator.py for tasks to queue
[2026-09-25T16:22:52.329+0000] {logging_mixin.py:190} INFO - [2026-09-25T16:22:52.328+0000] {dagbag.py:588} INFO - Filling up the DagBag from /home/airflow/.local/lib/python3.12/site-packages/airflow/example_dags/example_short_circuit_decorator.py
[2026-09-25T16:22:52.370+0000] {processor.py:925} INFO - DAG(s) 'example_short_circuit_decorator' retrieved from /home/airflow/.local/lib/python3.12/site-packages/airflow/example_dags/example_short_circuit_decorator.py
[2026-09-25T16:22:52.453+0000] {logging_mixin.py:190} INFO - [2026-09-25T16:22:52.452+0000] {dag.py:3239} INFO - Sync 1 DAGs
[2026-09-25T16:22:52.513+0000] {logging_mixin.py:190} INFO - [2026-09-25T16:22:52.512+0000] {dag.py:4180} INFO - Setting next_dagrun for example_short_circuit_decorator to None, run_after=None
[2026-09-25T16:22:52.582+0000] {processor.py:208} INFO - Processing /home/airflow/.local/lib/python3.12/site-packages/airflow/example_dags/example_short_circuit_decorator.py took 0.289 seconds
[2026-09-25T16:23:25.906+0000] {processor.py:186} INFO - Started process (PID=506) to work on /home/airflow/.local/lib/python3.12/site-packages/airflow/example_dags/example_short_circuit_decorator.py
[2026-09-25T16:23:25.908+0000] {processor.py:914} INFO - Processing file /home/airflow/.local/lib/python3.12/site-packages/airflow/example_dags/example_short_circuit_decorator.py for tasks to queue
[2026-09-25T16:23:25.918+0000] {logging_mixin.py:190} INFO - [2026-09-25T16:23:25.916+0000] {dagbag.py:588} INFO - Filling up the DagBag from /home/airflow/.local/lib/python3.12/site-packages/airflow/example_dags/example_short_circuit_decorator.py
[2026-09-25T16:23:25.954+0000] {processor.py:925} INFO - DAG(s) 'example_short_circuit_decorator' retrieved from /home/airflow/.local/lib/python3.12/site-packages/airflow/example_dags/example_short_circuit_decorator.py
[2026-09-25T16:23:26.042+0000] {logging_mixin.py:190} INFO - [2026-09-25T16:23:26.039+0000] {dag.py:3239} INFO - Sync 1 DAGs
[2026-09-25T16:23:26.117+0000] {logging_mixin.py:190} INFO - [2026-09-25T16:23:26.117+0000] {dag.py:4180} INFO - Setting next_dagrun for example_short_circuit_decorator to None, run_after=None
[2026-09-25T16:23:26.218+0000] {processor.py:208} INFO - Processing /home/airflow/.local/lib/python3.12/site-packages/airflow/example_dags/example_short_circuit_decorator.py took 0.339 seconds
[2026-09-25T16:24:03.535+0000] {processor.py:186} INFO - Started process (PID=569) to work on /home/airflow/.local/lib/python3.12/site-packages/airflow/example_dags/example_short_circuit_decorator.py
[2026-09-25T16:24:03.541+0000] {processor.py:914} INFO - Processing file /home/airflow/.local/lib/python3.12/site-packages/airflow/example_dags/example_short_circuit_decorator.py for tasks to queue
[2026-09-25T16:24:03.572+0000] {logging_mixin.py:190} INFO - [2026-09-25T16:24:03.571+0000] {dagbag.py:588} INFO - Filling up the DagBag from /home/airflow/.local/lib/python3.12/site-packages/airflow/example_dags/example_short_circuit_decorator.py
[2026-09-25T16:24:03.631+0000] {processor.py:925} INFO - DAG(s) 'example_short_circuit_decorator' retrieved from /home/airflow/.local/lib/python3.12/site-packages/airflow/example_dags/example_short_circuit_decorator.py
[2026-09-25T16:24:03.778+0000] {logging_mixin.py:190} INFO - [2026-09-25T16:24:03.777+0000] {dag.py:3239} INFO - Sync 1 DAGs
[2026-09-25T16:24:03.880+0000] {logging_mixin.py:190} INFO - [2026-09-25T16:24:03.879+0000] {dag.py:4180} INFO - Setting next_dagrun for example_short_circuit_decorator to None, run_after=None
[2026-09-25T16:24:03.987+0000] {processor.py:208} INFO - Processing /home/airflow/.local/lib/python3.12/site-packages/airflow/example_dags/example_short_circuit_decorator.py took 0.508 seconds
[2026-09-25T16:24:45.171+0000] {processor.py:186} INFO - Started process (PID=637) to work on /home/airflow/.local/lib/python3.12/site-packages/airflow/example_dags/example_short_circuit_decorator.py
[2026-09-25T16:24:45.249+0000] {processor.py:914} INFO - Processing file /home/airflow/.local/lib/python3.12/site-packages/airflow/example_dags/example_short_circuit_decorator.py for tasks to queue
[2026-09-25T16:24:45.397+0000] {logging_mixin.py:190} INFO - [2026-09-25T16:24:45.343+0000] {dagbag.py:588} INFO - Filling up the DagBag from /home/airflow/.local/lib/python3.12/site-packages/airflow/example_dags/example_short_circuit_decorator.py
[2026-09-25T16:24:45.702+0000] {processor.py:925} INFO - DAG(s) 'example_short_circuit_decorator' retrieved from /home/airflow/.local/lib/python3.12/site-packages/airflow/example_dags/example_short_circuit_decorator.py
[2026-09-25T16:24:46.133+0000] {logging_mixin.py:190} INFO - [2026-09-25T16:24:46.131+0000] {dag.py:3239} INFO - Sync 1 DAGs
[2026-09-25T16:24:46.530+0000] {logging_mixin.py:190} INFO - [2026-09-25T16:24:46.530+0000] {dag.py:4180} INFO - Setting next_dagrun for example_short_circuit_decorator to None, run_after=None
[2026-09-25T16:24:47.168+0000] {processor.py:208} INFO - Processing /home/airflow/.local/lib/python3.12/site-packages/airflow/example_dags/example_short_circuit_decorator.py took 2.039 seconds
[2026-09-25T16:25:19.321+0000] {processor.py:186} INFO - Started process (PID=700) to work on /home/airflow/.local/lib/python3.12/site-packages/airflow/example_dags/example_short_circuit_decorator.py
[2026-09-25T16:25:19.327+0000] {processor.py:914} INFO - Processing file /home/airflow/.local/lib/python3.12/site-packages/airflow/example_dags/example_short_circuit_decorator.py for tasks to queue
[2026-09-25T16:25:19.384+0000] {logging_mixin.py:190} INFO - [2026-09-25T16:25:19.360+0000] {dagbag.py:588} INFO - Filling up the DagBag from /home/airflow/.local/lib/python3.12/site-packages/airflow/example_dags/example_short_circuit_decorator.py
[2026-09-25T16:25:19.502+0000] {processor.py:925} INFO - DAG(s) 'example_short_circuit_decorator' retrieved from /home/airflow/.local/lib/python3.12/site-packages/airflow/example_dags/example_short_circuit_decorator.py
[2026-09-25T16:25:19.652+0000] {logging_mixin.py:190} INFO - [2026-09-25T16:25:19.652+0000] {dag.py:3239} INFO - Sync 1 DAGs
[2026-09-25T16:25:19.787+0000] {logging_mixin.py:190} INFO - [2026-09-25T16:25:19.786+0000] {dag.py:4180} INFO - Setting next_dagrun for example_short_circuit_decorator to None, run_after=None
[2026-09-25T16:25:19.889+0000] {processor.py:208} INFO - Processing /home/airflow/.local/lib/python3.12/site-packages/airflow/example_dags/example_short_circuit_decorator.py took 0.701 seconds
[2026-09-25T16:25:57.653+0000] {processor.py:186} INFO - Started process (PID=764) to work on /home/airflow/.local/lib/python3.12/site-packages/airflow/example_dags/example_short_circuit_decorator.py
[2026-09-25T16:25:57.655+0000] {processor.py:914} INFO - Processing file /home/airflow/.local/lib/python3.12/site-packages/airflow/example_dags/example_short_circuit_decorator.py for tasks to queue
[2026-09-25T16:25:57.664+0000] {logging_mixin.py:190} INFO - [2026-09-25T16:25:57.662+0000] {dagbag.py:588} INFO - Filling up the DagBag from /home/airflow/.local/lib/python3.12/site-packages/airflow/example_dags/example_short_circuit_decorator.py
[2026-09-25T16:25:57.689+0000] {processor.py:925} INFO - DAG(s) 'example_short_circuit_decorator' retrieved from /home/airflow/.local/lib/python3.12/site-packages/airflow/example_dags/example_short_circuit_decorator.py
[2026-09-25T16:25:57.763+0000] {logging_mixin.py:190} INFO - [2026-09-25T16:25:57.762+0000] {dag.py:3239} INFO - Sync 1 DAGs
[2026-09-25T16:25:57.818+0000] {logging_mixin.py:190} INFO - [2026-09-25T16:25:57.818+0000] {dag.py:4180} INFO - Setting next_dagrun for example_short_circuit_decorator to None, run_after=None
[2026-09-25T16:25:57.937+0000] {processor.py:208} INFO - Processing /home/airflow/.local/lib/python3.12/site-packages/airflow/example_dags/example_short_circuit_decorator.py took 0.301 seconds
[2026-09-25T16:26:28.117+0000] {processor.py:186} INFO - Started process (PID=825) to work on /home/airflow/.local/lib/python3.12/site-packages/airflow/example_dags/example_short_circuit_decorator.py
[2026-09-25T16:26:28.119+0000] {processor.py:914} INFO - Processing file /home/airflow/.local/lib/python3.12/site-packages/airflow/example_dags/example_short_circuit_decorator.py for tasks to queue
[2026-09-25T16:26:28.126+0000] {logging_mixin.py:190} INFO - [2026-09-25T16:26:28.125+0000] {dagbag.py:588} INFO - Filling up the DagBag from /home/airflow/.local/lib/python3.12/site-packages/airflow/example_dags/example_short_circuit_decorator.py
[2026-09-25T16:26:28.148+0000] {processor.py:925} INFO - DAG(s) 'example_short_circuit_decorator' retrieved from /home/airflow/.local/lib/python3.12/site-packages/airflow/example_dags/example_short_circuit_decorator.py
[2026-09-25T16:26:28.186+0000] {logging_mixin.py:190} INFO - [2026-09-25T16:26:28.186+0000] {dag.py:3239} INFO - Sync 1 DAGs
[2026-09-25T16:26:28.213+0000] {logging_mixin.py:190} INFO - [2026-09-25T16:26:28.212+0000] {dag.py:4180} INFO - Setting next_dagrun for example_short_circuit_decorator to None, run_after=None
[2026-09-25T16:26:28.247+0000] {processor.py:208} INFO - Processing /home/airflow/.local/lib/python3.12/site-packages/airflow/example_dags/example_short_circuit_decorator.py took 0.142 seconds
[2026-09-25T16:27:07.978+0000] {processor.py:186} INFO - Started process (PID=889) to work on /home/airflow/.local/lib/python3.12/site-packages/airflow/example_dags/example_short_circuit_decorator.py
[2026-09-25T16:27:07.986+0000] {processor.py:914} INFO - Processing file /home/airflow/.local/lib/python3.12/site-packages/airflow/example_dags/example_short_circuit_decorator.py for tasks to queue
[2026-09-25T16:27:08.005+0000] {logging_mixin.py:190} INFO - [2026-09-25T16:27:08.003+0000] {dagbag.py:588} INFO - Filling up the DagBag from /home/airflow/.local/lib/python3.12/site-packages/airflow/example_dags/example_short_circuit_decorator.py
[2026-09-25T16:27:08.061+0000] {processor.py:925} INFO - DAG(s) 'example_short_circuit_decorator' retrieved from /home/airflow/.local/lib/python3.12/site-packages/airflow/example_dags/example_short_circuit_decorator.py
[2026-09-25T16:27:08.259+0000] {logging_mixin.py:190} INFO - [2026-09-25T16:27:08.257+0000] {dag.py:3239} INFO - Sync 1 DAGs
[2026-09-25T16:27:08.426+0000] {logging_mixin.py:190} INFO - [2026-09-25T16:27:08.426+0000] {dag.py:4180} INFO - Setting next_dagrun for example_short_circuit_decorator to None, run_after=None
[2026-09-25T16:27:08.639+0000] {processor.py:208} INFO - Processing /home/airflow/.local/lib/python3.12/site-packages/airflow/example_dags/example_short_circuit_decorator.py took 0.690 seconds
[2026-09-25T16:27:54.075+0000] {processor.py:186} INFO - Started process (PID=957) to work on /home/airflow/.local/lib/python3.12/site-packages/airflow/example_dags/example_short_circuit_decorator.py
[2026-09-25T16:27:54.108+0000] {processor.py:914} INFO - Processing file /home/airflow/.local/lib/python3.12/site-packages/airflow/example_dags/example_short_circuit_decorator.py for tasks to queue
[2026-09-25T16:27:54.117+0000] {logging_mixin.py:190} INFO - [2026-09-25T16:27:54.117+0000] {dagbag.py:588} INFO - Filling up the DagBag from /home/airflow/.local/lib/python3.12/site-packages/airflow/example_dags/example_short_circuit_decorator.py
[2026-09-25T16:27:54.139+0000] {processor.py:925} INFO - DAG(s) 'example_short_circuit_decorator' retrieved from /home/airflow/.local/lib/python3.12/site-packages/airflow/example_dags/example_short_circuit_decorator.py
[2026-09-25T16:27:54.215+0000] {logging_mixin.py:190} INFO - [2026-09-25T16:27:54.214+0000] {dag.py:3239} INFO - Sync 1 DAGs
[2026-09-25T16:27:54.275+0000] {logging_mixin.py:190} INFO - [2026-09-25T16:27:54.274+0000] {dag.py:4180} INFO - Setting next_dagrun for example_short_circuit_decorator to None, run_after=None
[2026-09-25T16:27:54.388+0000] {processor.py:208} INFO - Processing /home/airflow/.local/lib/python3.12/site-packages/airflow/example_dags/example_short_circuit_decorator.py took 0.331 seconds
[2026-09-25T16:28:56.603+0000] {processor.py:186} INFO - Started process (PID=1036) to work on /home/airflow/.local/lib/python3.12/site-packages/airflow/example_dags/example_short_circuit_decorator.py
[2026-09-25T16:28:56.608+0000] {processor.py:914} INFO - Processing file /home/airflow/.local/lib/python3.12/site-packages/airflow/example_dags/example_short_circuit_decorator.py for tasks to queue
[2026-09-25T16:28:56.642+0000] {logging_mixin.py:190} INFO - [2026-09-25T16:28:56.642+0000] {dagbag.py:588} INFO - Filling up the DagBag from /home/airflow/.local/lib/python3.12/site-packages/airflow/example_dags/example_short_circuit_decorator.py
[2026-09-25T16:28:56.715+0000] {processor.py:925} INFO - DAG(s) 'example_short_circuit_decorator' retrieved from /home/airflow/.local/lib/python3.12/site-packages/airflow/example_dags/example_short_circuit_decorator.py
[2026-09-25T16:28:56.881+0000] {logging_mixin.py:190} INFO - [2026-09-25T16:28:56.880+0000] {dag.py:3239} INFO - Sync 1 DAGs
[2026-09-25T16:28:56.977+0000] {logging_mixin.py:190} INFO - [2026-09-25T16:28:56.977+0000] {dag.py:4180} INFO - Setting next_dagrun for example_short_circuit_decorator to None, run_after=None
[2026-09-25T16:28:57.079+0000] {processor.py:208} INFO - Processing /home/airflow/.local/lib/python3.12/site-packages/airflow/example_dags/example_short_circuit_decorator.py took 0.550 seconds
[2026-09-25T16:43:47.758+0000] {processor.py:186} INFO - Started process (PID=93) to work on /home/airflow/.local/lib/python3.12/site-packages/airflow/example_dags/example_short_circuit_decorator.py
[2026-09-25T16:43:47.772+0000] {processor.py:914} INFO - Processing file /home/airflow/.local/lib/python3.12/site-packages/airflow/example_dags/example_short_circuit_decorator.py for tasks to queue
[2026-09-25T16:43:47.789+0000] {logging_mixin.py:190} INFO - [2026-09-25T16:43:47.783+0000] {dagbag.py:588} INFO - Filling up the DagBag from /home/airflow/.local/lib/python3.12/site-packages/airflow/example_dags/example_short_circuit_decorator.py
[2026-09-25T16:43:47.962+0000] {processor.py:925} INFO - DAG(s) 'example_short_circuit_decorator' retrieved from /home/airflow/.local/lib/python3.12/site-packages/airflow/example_dags/example_short_circuit_decorator.py
[2026-09-25T16:43:48.446+0000] {logging_mixin.py:190} INFO - [2026-09-25T16:43:48.446+0000] {dag.py:3239} INFO - Sync 1 DAGs
[2026-09-25T16:43:48.573+0000] {logging_mixin.py:190} INFO - [2026-09-25T16:43:48.572+0000] {dag.py:4180} INFO - Setting next_dagrun for example_short_circuit_decorator to None, run_after=None
[2026-09-25T16:43:48.786+0000] {processor.py:208} INFO - Processing /home/airflow/.local/lib/python3.12/site-packages/airflow/example_dags/example_short_circuit_decorator.py took 1.129 seconds
[2026-09-25T16:44:19.695+0000] {processor.py:186} INFO - Started process (PID=156) to work on /home/airflow/.local/lib/python3.12/site-packages/airflow/example_dags/example_short_circuit_decorator.py
[2026-09-25T16:44:19.714+0000] {processor.py:914} INFO - Processing file /home/airflow/.local/lib/python3.12/site-packages/airflow/example_dags/example_short_circuit_decorator.py for tasks to queue
[2026-09-25T16:44:19.727+0000] {logging_mixin.py:190} INFO - [2026-09-25T16:44:19.726+0000] {dagbag.py:588} INFO - Filling up the DagBag from /home/airflow/.local/lib/python3.12/site-packages/airflow/example_dags/example_short_circuit_decorator.py
[2026-09-25T16:44:19.879+0000] {processor.py:925} INFO - DAG(s) 'example_short_circuit_decorator' retrieved from /home/airflow/.local/lib/python3.12/site-packages/airflow/example_dags/example_short_circuit_decorator.py
[2026-09-25T16:44:19.969+0000] {logging_mixin.py:190} INFO - [2026-09-25T16:44:19.969+0000] {dag.py:3239} INFO - Sync 1 DAGs
[2026-09-25T16:44:20.127+0000] {logging_mixin.py:190} INFO - [2026-09-25T16:44:20.123+0000] {dag.py:4180} INFO - Setting next_dagrun for example_short_circuit_decorator to None, run_after=None
[2026-09-25T16:44:20.268+0000] {processor.py:208} INFO - Processing /home/airflow/.local/lib/python3.12/site-packages/airflow/example_dags/example_short_circuit_decorator.py took 0.642 seconds
[2026-09-25T16:44:52.581+0000] {processor.py:186} INFO - Started process (PID=218) to work on /home/airflow/.local/lib/python3.12/site-packages/airflow/example_dags/example_short_circuit_decorator.py
[2026-09-25T16:44:52.584+0000] {processor.py:914} INFO - Processing file /home/airflow/.local/lib/python3.12/site-packages/airflow/example_dags/example_short_circuit_decorator.py for tasks to queue
[2026-09-25T16:44:52.592+0000] {logging_mixin.py:190} INFO - [2026-09-25T16:44:52.591+0000] {dagbag.py:588} INFO - Filling up the DagBag from /home/airflow/.local/lib/python3.12/site-packages/airflow/example_dags/example_short_circuit_decorator.py
[2026-09-25T16:44:52.625+0000] {processor.py:925} INFO - DAG(s) 'example_short_circuit_decorator' retrieved from /home/airflow/.local/lib/python3.12/site-packages/airflow/example_dags/example_short_circuit_decorator.py
[2026-09-25T16:44:52.726+0000] {logging_mixin.py:190} INFO - [2026-09-25T16:44:52.725+0000] {dag.py:3239} INFO - Sync 1 DAGs
[2026-09-25T16:44:52.777+0000] {logging_mixin.py:190} INFO - [2026-09-25T16:44:52.776+0000] {dag.py:4180} INFO - Setting next_dagrun for example_short_circuit_decorator to None, run_after=None
[2026-09-25T16:44:52.914+0000] {processor.py:208} INFO - Processing /home/airflow/.local/lib/python3.12/site-packages/airflow/example_dags/example_short_circuit_decorator.py took 0.352 seconds
[2026-09-25T16:45:23.277+0000] {processor.py:186} INFO - Started process (PID=280) to work on /home/airflow/.local/lib/python3.12/site-packages/airflow/example_dags/example_short_circuit_decorator.py
[2026-09-25T16:45:23.283+0000] {processor.py:914} INFO - Processing file /home/airflow/.local/lib/python3.12/site-packages/airflow/example_dags/example_short_circuit_decorator.py for tasks to queue
[2026-09-25T16:45:23.289+0000] {logging_mixin.py:190} INFO - [2026-09-25T16:45:23.289+0000] {dagbag.py:588} INFO - Filling up the DagBag from /home/airflow/.local/lib/python3.12/site-packages/airflow/example_dags/example_short_circuit_decorator.py
[2026-09-25T16:45:23.307+0000] {processor.py:925} INFO - DAG(s) 'example_short_circuit_decorator' retrieved from /home/airflow/.local/lib/python3.12/site-packages/airflow/example_dags/example_short_circuit_decorator.py
[2026-09-25T16:45:23.352+0000] {logging_mixin.py:190} INFO - [2026-09-25T16:45:23.352+0000] {dag.py:3239} INFO - Sync 1 DAGs
[2026-09-25T16:45:23.381+0000] {logging_mixin.py:190} INFO - [2026-09-25T16:45:23.381+0000] {dag.py:4180} INFO - Setting next_dagrun for example_short_circuit_decorator to None, run_after=None
[2026-09-25T16:45:23.420+0000] {processor.py:208} INFO - Processing /home/airflow/.local/lib/python3.12/site-packages/airflow/example_dags/example_short_circuit_decorator.py took 0.158 seconds
[2026-09-25T16:45:53.672+0000] {processor.py:186} INFO - Started process (PID=342) to work on /home/airflow/.local/lib/python3.12/site-packages/airflow/example_dags/example_short_circuit_decorator.py
[2026-09-25T16:45:53.675+0000] {processor.py:914} INFO - Processing file /home/airflow/.local/lib/python3.12/site-packages/airflow/example_dags/example_short_circuit_decorator.py for tasks to queue
[2026-09-25T16:45:53.686+0000] {logging_mixin.py:190} INFO - [2026-09-25T16:45:53.685+0000] {dagbag.py:588} INFO - Filling up the DagBag from /home/airflow/.local/lib/python3.12/site-packages/airflow/example_dags/example_short_circuit_decorator.py
[2026-09-25T16:45:53.726+0000] {processor.py:925} INFO - DAG(s) 'example_short_circuit_decorator' retrieved from /home/airflow/.local/lib/python3.12/site-packages/airflow/example_dags/example_short_circuit_decorator.py
[2026-09-25T16:45:53.791+0000] {logging_mixin.py:190} INFO - [2026-09-25T16:45:53.791+0000] {dag.py:3239} INFO - Sync 1 DAGs
[2026-09-25T16:45:53.821+0000] {logging_mixin.py:190} INFO - [2026-09-25T16:45:53.820+0000] {dag.py:4180} INFO - Setting next_dagrun for example_short_circuit_decorator to None, run_after=None
[2026-09-25T16:45:53.882+0000] {processor.py:208} INFO - Processing /home/airflow/.local/lib/python3.12/site-packages/airflow/example_dags/example_short_circuit_decorator.py took 0.227 seconds
[2026-09-25T16:46:26.498+0000] {processor.py:186} INFO - Started process (PID=404) to work on /home/airflow/.local/lib/python3.12/site-packages/airflow/example_dags/example_short_circuit_decorator.py
[2026-09-25T16:46:26.501+0000] {processor.py:914} INFO - Processing file /home/airflow/.local/lib/python3.12/site-packages/airflow/example_dags/example_short_circuit_decorator.py for tasks to queue
[2026-09-25T16:46:26.506+0000] {logging_mixin.py:190} INFO - [2026-09-25T16:46:26.505+0000] {dagbag.py:588} INFO - Filling up the DagBag from /home/airflow/.local/lib/python3.12/site-packages/airflow/example_dags/example_short_circuit_decorator.py
[2026-09-25T16:46:26.536+0000] {processor.py:925} INFO - DAG(s) 'example_short_circuit_decorator' retrieved from /home/airflow/.local/lib/python3.12/site-packages/airflow/example_dags/example_short_circuit_decorator.py
[2026-09-25T16:46:26.607+0000] {logging_mixin.py:190} INFO - [2026-09-25T16:46:26.606+0000] {dag.py:3239} INFO - Sync 1 DAGs
[2026-09-25T16:46:26.644+0000] {logging_mixin.py:190} INFO - [2026-09-25T16:46:26.643+0000] {dag.py:4180} INFO - Setting next_dagrun for example_short_circuit_decorator to None, run_after=None
[2026-09-25T16:46:26.697+0000] {processor.py:208} INFO - Processing /home/airflow/.local/lib/python3.12/site-packages/airflow/example_dags/example_short_circuit_decorator.py took 0.212 seconds
[2026-09-25T16:46:57.987+0000] {processor.py:186} INFO - Started process (PID=466) to work on /home/airflow/.local/lib/python3.12/site-packages/airflow/example_dags/example_short_circuit_decorator.py
[2026-09-25T16:46:57.991+0000] {processor.py:914} INFO - Processing file /home/airflow/.local/lib/python3.12/site-packages/airflow/example_dags/example_short_circuit_decorator.py for tasks to queue
[2026-09-25T16:46:58.022+0000] {logging_mixin.py:190} INFO - [2026-09-25T16:46:58.021+0000] {dagbag.py:588} INFO - Filling up the DagBag from /home/airflow/.local/lib/python3.12/site-packages/airflow/example_dags/example_short_circuit_decorator.py
[2026-09-25T16:46:58.097+0000] {processor.py:925} INFO - DAG(s) 'example_short_circuit_decorator' retrieved from /home/airflow/.local/lib/python3.12/site-packages/airflow/example_dags/example_short_circuit_decorator.py
[2026-09-25T16:46:58.175+0000] {logging_mixin.py:190} INFO - [2026-09-25T16:46:58.174+0000] {dag.py:3239} INFO - Sync 1 DAGs
[2026-09-25T16:46:58.221+0000] {logging_mixin.py:190} INFO - [2026-09-25T16:46:58.220+0000] {dag.py:4180} INFO - Setting next_dagrun for example_short_circuit_decorator to None, run_after=None
[2026-09-25T16:46:58.278+0000] {processor.py:208} INFO - Processing /home/airflow/.local/lib/python3.12/site-packages/airflow/example_dags/example_short_circuit_decorator.py took 0.326 seconds
[2026-09-25T16:47:39.874+0000] {processor.py:186} INFO - Started process (PID=527) to work on /home/airflow/.local/lib/python3.12/site-packages/airflow/example_dags/example_short_circuit_decorator.py
[2026-09-25T16:47:39.895+0000] {processor.py:914} INFO - Processing file /home/airflow/.local/lib/python3.12/site-packages/airflow/example_dags/example_short_circuit_decorator.py for tasks to queue
[2026-09-25T16:47:39.946+0000] {logging_mixin.py:190} INFO - [2026-09-25T16:47:39.945+0000] {dagbag.py:588} INFO - Filling up the DagBag from /home/airflow/.local/lib/python3.12/site-packages/airflow/example_dags/example_short_circuit_decorator.py
[2026-09-25T16:47:40.147+0000] {processor.py:925} INFO - DAG(s) 'example_short_circuit_decorator' retrieved from /home/airflow/.local/lib/python3.12/site-packages/airflow/example_dags/example_short_circuit_decorator.py
[2026-09-25T16:47:40.244+0000] {logging_mixin.py:190} INFO - [2026-09-25T16:47:40.243+0000] {dag.py:3239} INFO - Sync 1 DAGs
[2026-09-25T16:47:41.103+0000] {logging_mixin.py:190} INFO - [2026-09-25T16:47:41.099+0000] {dag.py:4180} INFO - Setting next_dagrun for example_short_circuit_decorator to None, run_after=None
[2026-09-25T16:47:41.597+0000] {processor.py:208} INFO - Processing /home/airflow/.local/lib/python3.12/site-packages/airflow/example_dags/example_short_circuit_decorator.py took 1.769 seconds
[2026-09-25T16:48:18.273+0000] {processor.py:186} INFO - Started process (PID=589) to work on /home/airflow/.local/lib/python3.12/site-packages/airflow/example_dags/example_short_circuit_decorator.py
[2026-09-25T16:48:18.276+0000] {processor.py:914} INFO - Processing file /home/airflow/.local/lib/python3.12/site-packages/airflow/example_dags/example_short_circuit_decorator.py for tasks to queue
[2026-09-25T16:48:18.284+0000] {logging_mixin.py:190} INFO - [2026-09-25T16:48:18.283+0000] {dagbag.py:588} INFO - Filling up the DagBag from /home/airflow/.local/lib/python3.12/site-packages/airflow/example_dags/example_short_circuit_decorator.py
[2026-09-25T16:48:18.312+0000] {processor.py:925} INFO - DAG(s) 'example_short_circuit_decorator' retrieved from /home/airflow/.local/lib/python3.12/site-packages/airflow/example_dags/example_short_circuit_decorator.py
[2026-09-25T16:48:18.378+0000] {logging_mixin.py:190} INFO - [2026-09-25T16:48:18.377+0000] {dag.py:3239} INFO - Sync 1 DAGs
[2026-09-25T16:48:18.490+0000] {logging_mixin.py:190} INFO - [2026-09-25T16:48:18.490+0000] {dag.py:4180} INFO - Setting next_dagrun for example_short_circuit_decorator to None, run_after=None
[2026-09-25T16:48:19.065+0000] {processor.py:208} INFO - Processing /home/airflow/.local/lib/python3.12/site-packages/airflow/example_dags/example_short_circuit_decorator.py took 0.813 seconds
[2026-09-25T16:48:49.978+0000] {processor.py:186} INFO - Started process (PID=652) to work on /home/airflow/.local/lib/python3.12/site-packages/airflow/example_dags/example_short_circuit_decorator.py
[2026-09-25T16:48:49.983+0000] {processor.py:914} INFO - Processing file /home/airflow/.local/lib/python3.12/site-packages/airflow/example_dags/example_short_circuit_decorator.py for tasks to queue
[2026-09-25T16:48:49.994+0000] {logging_mixin.py:190} INFO - [2026-09-25T16:48:49.992+0000] {dagbag.py:588} INFO - Filling up the DagBag from /home/airflow/.local/lib/python3.12/site-packages/airflow/example_dags/example_short_circuit_decorator.py
[2026-09-25T16:48:50.048+0000] {processor.py:925} INFO - DAG(s) 'example_short_circuit_decorator' retrieved from /home/airflow/.local/lib/python3.12/site-packages/airflow/example_dags/example_short_circuit_decorator.py
[2026-09-25T16:48:50.110+0000] {logging_mixin.py:190} INFO - [2026-09-25T16:48:50.109+0000] {dag.py:3239} INFO - Sync 1 DAGs
[2026-09-25T16:48:50.140+0000] {logging_mixin.py:190} INFO - [2026-09-25T16:48:50.140+0000] {dag.py:4180} INFO - Setting next_dagrun for example_short_circuit_decorator to None, run_after=None
[2026-09-25T16:48:50.175+0000] {processor.py:208} INFO - Processing /home/airflow/.local/lib/python3.12/site-packages/airflow/example_dags/example_short_circuit_decorator.py took 0.214 seconds
[2026-09-25T16:49:21.379+0000] {processor.py:186} INFO - Started process (PID=715) to work on /home/airflow/.local/lib/python3.12/site-packages/airflow/example_dags/example_short_circuit_decorator.py
[2026-09-25T16:49:21.381+0000] {processor.py:914} INFO - Processing file /home/airflow/.local/lib/python3.12/site-packages/airflow/example_dags/example_short_circuit_decorator.py for tasks to queue
[2026-09-25T16:49:21.388+0000] {logging_mixin.py:190} INFO - [2026-09-25T16:49:21.387+0000] {dagbag.py:588} INFO - Filling up the DagBag from /home/airflow/.local/lib/python3.12/site-packages/airflow/example_dags/example_short_circuit_decorator.py
[2026-09-25T16:49:21.411+0000] {processor.py:925} INFO - DAG(s) 'example_short_circuit_decorator' retrieved from /home/airflow/.local/lib/python3.12/site-packages/airflow/example_dags/example_short_circuit_decorator.py
[2026-09-25T16:49:21.479+0000] {logging_mixin.py:190} INFO - [2026-09-25T16:49:21.478+0000] {dag.py:3239} INFO - Sync 1 DAGs
[2026-09-25T16:49:21.526+0000] {logging_mixin.py:190} INFO - [2026-09-25T16:49:21.525+0000] {dag.py:4180} INFO - Setting next_dagrun for example_short_circuit_decorator to None, run_after=None
[2026-09-25T16:49:21.572+0000] {processor.py:208} INFO - Processing /home/airflow/.local/lib/python3.12/site-packages/airflow/example_dags/example_short_circuit_decorator.py took 0.208 seconds
[2026-09-25T16:57:09.567+0000] {processor.py:186} INFO - Started process (PID=106) to work on /home/airflow/.local/lib/python3.12/site-packages/airflow/example_dags/example_short_circuit_decorator.py
[2026-09-25T16:57:09.603+0000] {processor.py:914} INFO - Processing file /home/airflow/.local/lib/python3.12/site-packages/airflow/example_dags/example_short_circuit_decorator.py for tasks to queue
[2026-09-25T16:57:09.631+0000] {logging_mixin.py:190} INFO - [2026-09-25T16:57:09.630+0000] {dagbag.py:588} INFO - Filling up the DagBag from /home/airflow/.local/lib/python3.12/site-packages/airflow/example_dags/example_short_circuit_decorator.py
[2026-09-25T16:57:10.010+0000] {processor.py:925} INFO - DAG(s) 'example_short_circuit_decorator' retrieved from /home/airflow/.local/lib/python3.12/site-packages/airflow/example_dags/example_short_circuit_decorator.py
[2026-09-25T16:57:10.814+0000] {logging_mixin.py:190} INFO - [2026-09-25T16:57:10.792+0000] {dag.py:3239} INFO - Sync 1 DAGs
[2026-09-25T16:57:11.134+0000] {logging_mixin.py:190} INFO - [2026-09-25T16:57:11.133+0000] {dag.py:4180} INFO - Setting next_dagrun for example_short_circuit_decorator to None, run_after=None
[2026-09-25T16:57:11.674+0000] {processor.py:208} INFO - Processing /home/airflow/.local/lib/python3.12/site-packages/airflow/example_dags/example_short_circuit_decorator.py took 2.416 seconds
[2026-09-25T16:58:35.587+0000] {processor.py:186} INFO - Started process (PID=179) to work on /home/airflow/.local/lib/python3.12/site-packages/airflow/example_dags/example_short_circuit_decorator.py
[2026-09-25T16:58:35.591+0000] {processor.py:914} INFO - Processing file /home/airflow/.local/lib/python3.12/site-packages/airflow/example_dags/example_short_circuit_decorator.py for tasks to queue
[2026-09-25T16:58:35.598+0000] {logging_mixin.py:190} INFO - [2026-09-25T16:58:35.597+0000] {dagbag.py:588} INFO - Filling up the DagBag from /home/airflow/.local/lib/python3.12/site-packages/airflow/example_dags/example_short_circuit_decorator.py
[2026-09-25T16:58:35.664+0000] {processor.py:925} INFO - DAG(s) 'example_short_circuit_decorator' retrieved from /home/airflow/.local/lib/python3.12/site-packages/airflow/example_dags/example_short_circuit_decorator.py
[2026-09-25T16:58:35.776+0000] {logging_mixin.py:190} INFO - [2026-09-25T16:58:35.775+0000] {dag.py:3239} INFO - Sync 1 DAGs
[2026-09-25T16:58:35.821+0000] {logging_mixin.py:190} INFO - [2026-09-25T16:58:35.820+0000] {dag.py:4180} INFO - Setting next_dagrun for example_short_circuit_decorator to None, run_after=None
[2026-09-25T16:58:35.863+0000] {processor.py:208} INFO - Processing /home/airflow/.local/lib/python3.12/site-packages/airflow/example_dags/example_short_circuit_decorator.py took 0.295 seconds
[2026-09-25T16:59:08.953+0000] {processor.py:186} INFO - Started process (PID=242) to work on /home/airflow/.local/lib/python3.12/site-packages/airflow/example_dags/example_short_circuit_decorator.py
[2026-09-25T16:59:08.956+0000] {processor.py:914} INFO - Processing file /home/airflow/.local/lib/python3.12/site-packages/airflow/example_dags/example_short_circuit_decorator.py for tasks to queue
[2026-09-25T16:59:08.963+0000] {logging_mixin.py:190} INFO - [2026-09-25T16:59:08.962+0000] {dagbag.py:588} INFO - Filling up the DagBag from /home/airflow/.local/lib/python3.12/site-packages/airflow/example_dags/example_short_circuit_decorator.py
[2026-09-25T16:59:09.009+0000] {processor.py:925} INFO - DAG(s) 'example_short_circuit_decorator' retrieved from /home/airflow/.local/lib/python3.12/site-packages/airflow/example_dags/example_short_circuit_decorator.py
[2026-09-25T16:59:09.128+0000] {logging_mixin.py:190} INFO - [2026-09-25T16:59:09.128+0000] {dag.py:3239} INFO - Sync 1 DAGs
[2026-09-25T16:59:09.251+0000] {logging_mixin.py:190} INFO - [2026-09-25T16:59:09.251+0000] {dag.py:4180} INFO - Setting next_dagrun for example_short_circuit_decorator to None, run_after=None
[2026-09-25T16:59:09.405+0000] {processor.py:208} INFO - Processing /home/airflow/.local/lib/python3.12/site-packages/airflow/example_dags/example_short_circuit_decorator.py took 0.466 seconds
[2026-09-25T16:59:53.089+0000] {processor.py:186} INFO - Started process (PID=306) to work on /home/airflow/.local/lib/python3.12/site-packages/airflow/example_dags/example_short_circuit_decorator.py
[2026-09-25T16:59:53.091+0000] {processor.py:914} INFO - Processing file /home/airflow/.local/lib/python3.12/site-packages/airflow/example_dags/example_short_circuit_decorator.py for tasks to queue
[2026-09-25T16:59:53.096+0000] {logging_mixin.py:190} INFO - [2026-09-25T16:59:53.096+0000] {dagbag.py:588} INFO - Filling up the DagBag from /home/airflow/.local/lib/python3.12/site-packages/airflow/example_dags/example_short_circuit_decorator.py
[2026-09-25T16:59:53.112+0000] {processor.py:925} INFO - DAG(s) 'example_short_circuit_decorator' retrieved from /home/airflow/.local/lib/python3.12/site-packages/airflow/example_dags/example_short_circuit_decorator.py
[2026-09-25T16:59:53.153+0000] {logging_mixin.py:190} INFO - [2026-09-25T16:59:53.152+0000] {dag.py:3239} INFO - Sync 1 DAGs
[2026-09-25T16:59:53.176+0000] {logging_mixin.py:190} INFO - [2026-09-25T16:59:53.175+0000] {dag.py:4180} INFO - Setting next_dagrun for example_short_circuit_decorator to None, run_after=None
[2026-09-25T16:59:53.209+0000] {processor.py:208} INFO - Processing /home/airflow/.local/lib/python3.12/site-packages/airflow/example_dags/example_short_circuit_decorator.py took 0.130 seconds
[2026-09-25T17:00:27.047+0000] {processor.py:186} INFO - Started process (PID=369) to work on /home/airflow/.local/lib/python3.12/site-packages/airflow/example_dags/example_short_circuit_decorator.py
[2026-09-25T17:00:27.050+0000] {processor.py:914} INFO - Processing file /home/airflow/.local/lib/python3.12/site-packages/airflow/example_dags/example_short_circuit_decorator.py for tasks to queue
[2026-09-25T17:00:27.060+0000] {logging_mixin.py:190} INFO - [2026-09-25T17:00:27.059+0000] {dagbag.py:588} INFO - Filling up the DagBag from /home/airflow/.local/lib/python3.12/site-packages/airflow/example_dags/example_short_circuit_decorator.py
[2026-09-25T17:00:27.080+0000] {processor.py:925} INFO - DAG(s) 'example_short_circuit_decorator' retrieved from /home/airflow/.local/lib/python3.12/site-packages/airflow/example_dags/example_short_circuit_decorator.py
[2026-09-25T17:00:27.139+0000] {logging_mixin.py:190} INFO - [2026-09-25T17:00:27.138+0000] {dag.py:3239} INFO - Sync 1 DAGs
[2026-09-25T17:00:27.213+0000] {logging_mixin.py:190} INFO - [2026-09-25T17:00:27.213+0000] {dag.py:4180} INFO - Setting next_dagrun for example_short_circuit_decorator to None, run_after=None
[2026-09-25T17:00:27.260+0000] {processor.py:208} INFO - Processing /home/airflow/.local/lib/python3.12/site-packages/airflow/example_dags/example_short_circuit_decorator.py took 0.224 seconds
[2026-09-25T17:00:59.186+0000] {processor.py:186} INFO - Started process (PID=432) to work on /home/airflow/.local/lib/python3.12/site-packages/airflow/example_dags/example_short_circuit_decorator.py
[2026-09-25T17:00:59.189+0000] {processor.py:914} INFO - Processing file /home/airflow/.local/lib/python3.12/site-packages/airflow/example_dags/example_short_circuit_decorator.py for tasks to queue
[2026-09-25T17:00:59.195+0000] {logging_mixin.py:190} INFO - [2026-09-25T17:00:59.194+0000] {dagbag.py:588} INFO - Filling up the DagBag from /home/airflow/.local/lib/python3.12/site-packages/airflow/example_dags/example_short_circuit_decorator.py
[2026-09-25T17:00:59.216+0000] {processor.py:925} INFO - DAG(s) 'example_short_circuit_decorator' retrieved from /home/airflow/.local/lib/python3.12/site-packages/airflow/example_dags/example_short_circuit_decorator.py
[2026-09-25T17:00:59.270+0000] {logging_mixin.py:190} INFO - [2026-09-25T17:00:59.270+0000] {dag.py:3239} INFO - Sync 1 DAGs
[2026-09-25T17:00:59.301+0000] {logging_mixin.py:190} INFO - [2026-09-25T17:00:59.301+0000] {dag.py:4180} INFO - Setting next_dagrun for example_short_circuit_decorator to None, run_after=None
[2026-09-25T17:00:59.337+0000] {processor.py:208} INFO - Processing /home/airflow/.local/lib/python3.12/site-packages/airflow/example_dags/example_short_circuit_decorator.py took 0.163 seconds
[2026-09-25T17:01:32.721+0000] {processor.py:186} INFO - Started process (PID=500) to work on /home/airflow/.local/lib/python3.12/site-packages/airflow/example_dags/example_short_circuit_decorator.py
[2026-09-25T17:01:32.725+0000] {processor.py:914} INFO - Processing file /home/airflow/.local/lib/python3.12/site-packages/airflow/example_dags/example_short_circuit_decorator.py for tasks to queue
[2026-09-25T17:01:32.736+0000] {logging_mixin.py:190} INFO - [2026-09-25T17:01:32.735+0000] {dagbag.py:588} INFO - Filling up the DagBag from /home/airflow/.local/lib/python3.12/site-packages/airflow/example_dags/example_short_circuit_decorator.py
[2026-09-25T17:01:32.765+0000] {processor.py:925} INFO - DAG(s) 'example_short_circuit_decorator' retrieved from /home/airflow/.local/lib/python3.12/site-packages/airflow/example_dags/example_short_circuit_decorator.py
[2026-09-25T17:01:32.829+0000] {logging_mixin.py:190} INFO - [2026-09-25T17:01:32.829+0000] {dag.py:3239} INFO - Sync 1 DAGs
[2026-09-25T17:01:32.857+0000] {logging_mixin.py:190} INFO - [2026-09-25T17:01:32.857+0000] {dag.py:4180} INFO - Setting next_dagrun for example_short_circuit_decorator to None, run_after=None
[2026-09-25T17:01:32.894+0000] {processor.py:208} INFO - Processing /home/airflow/.local/lib/python3.12/site-packages/airflow/example_dags/example_short_circuit_decorator.py took 0.192 seconds
[2026-09-25T17:02:18.036+0000] {processor.py:186} INFO - Started process (PID=572) to work on /home/airflow/.local/lib/python3.12/site-packages/airflow/example_dags/example_short_circuit_decorator.py
[2026-09-25T17:02:18.039+0000] {processor.py:914} INFO - Processing file /home/airflow/.local/lib/python3.12/site-packages/airflow/example_dags/example_short_circuit_decorator.py for tasks to queue
[2026-09-25T17:02:18.056+0000] {logging_mixin.py:190} INFO - [2026-09-25T17:02:18.055+0000] {dagbag.py:588} INFO - Filling up the DagBag from /home/airflow/.local/lib/python3.12/site-packages/airflow/example_dags/example_short_circuit_decorator.py
[2026-09-25T17:02:18.085+0000] {processor.py:925} INFO - DAG(s) 'example_short_circuit_decorator' retrieved from /home/airflow/.local/lib/python3.12/site-packages/airflow/example_dags/example_short_circuit_decorator.py
[2026-09-25T17:02:18.183+0000] {logging_mixin.py:190} INFO - [2026-09-25T17:02:18.182+0000] {dag.py:3239} INFO - Sync 1 DAGs
[2026-09-25T17:02:18.242+0000] {logging_mixin.py:190} INFO - [2026-09-25T17:02:18.241+0000] {dag.py:4180} INFO - Setting next_dagrun for example_short_circuit_decorator to None, run_after=None
[2026-09-25T17:02:18.365+0000] {processor.py:208} INFO - Processing /home/airflow/.local/lib/python3.12/site-packages/airflow/example_dags/example_short_circuit_decorator.py took 0.374 seconds
[2026-09-25T17:02:49.630+0000] {processor.py:186} INFO - Started process (PID=635) to work on /home/airflow/.local/lib/python3.12/site-packages/airflow/example_dags/example_short_circuit_decorator.py
[2026-09-25T17:02:49.633+0000] {processor.py:914} INFO - Processing file /home/airflow/.local/lib/python3.12/site-packages/airflow/example_dags/example_short_circuit_decorator.py for tasks to queue
[2026-09-25T17:02:49.639+0000] {logging_mixin.py:190} INFO - [2026-09-25T17:02:49.638+0000] {dagbag.py:588} INFO - Filling up the DagBag from /home/airflow/.local/lib/python3.12/site-packages/airflow/example_dags/example_short_circuit_decorator.py
[2026-09-25T17:02:49.665+0000] {processor.py:925} INFO - DAG(s) 'example_short_circuit_decorator' retrieved from /home/airflow/.local/lib/python3.12/site-packages/airflow/example_dags/example_short_circuit_decorator.py
[2026-09-25T17:02:49.729+0000] {logging_mixin.py:190} INFO - [2026-09-25T17:02:49.728+0000] {dag.py:3239} INFO - Sync 1 DAGs
[2026-09-25T17:02:49.780+0000] {logging_mixin.py:190} INFO - [2026-09-25T17:02:49.778+0000] {dag.py:4180} INFO - Setting next_dagrun for example_short_circuit_decorator to None, run_after=None
[2026-09-25T17:02:49.829+0000] {processor.py:208} INFO - Processing /home/airflow/.local/lib/python3.12/site-packages/airflow/example_dags/example_short_circuit_decorator.py took 0.214 seconds
[2026-09-25T17:03:19.947+0000] {processor.py:186} INFO - Started process (PID=698) to work on /home/airflow/.local/lib/python3.12/site-packages/airflow/example_dags/example_short_circuit_decorator.py
[2026-09-25T17:03:19.949+0000] {processor.py:914} INFO - Processing file /home/airflow/.local/lib/python3.12/site-packages/airflow/example_dags/example_short_circuit_decorator.py for tasks to queue
[2026-09-25T17:03:19.954+0000] {logging_mixin.py:190} INFO - [2026-09-25T17:03:19.953+0000] {dagbag.py:588} INFO - Filling up the DagBag from /home/airflow/.local/lib/python3.12/site-packages/airflow/example_dags/example_short_circuit_decorator.py
[2026-09-25T17:03:19.971+0000] {processor.py:925} INFO - DAG(s) 'example_short_circuit_decorator' retrieved from /home/airflow/.local/lib/python3.12/site-packages/airflow/example_dags/example_short_circuit_decorator.py
[2026-09-25T17:03:20.020+0000] {logging_mixin.py:190} INFO - [2026-09-25T17:03:20.020+0000] {dag.py:3239} INFO - Sync 1 DAGs
[2026-09-25T17:03:20.066+0000] {logging_mixin.py:190} INFO - [2026-09-25T17:03:20.065+0000] {dag.py:4180} INFO - Setting next_dagrun for example_short_circuit_decorator to None, run_after=None
[2026-09-25T17:03:20.114+0000] {processor.py:208} INFO - Processing /home/airflow/.local/lib/python3.12/site-packages/airflow/example_dags/example_short_circuit_decorator.py took 0.178 seconds
[2026-09-25T17:03:52.809+0000] {processor.py:186} INFO - Started process (PID=761) to work on /home/airflow/.local/lib/python3.12/site-packages/airflow/example_dags/example_short_circuit_decorator.py
[2026-09-25T17:03:52.812+0000] {processor.py:914} INFO - Processing file /home/airflow/.local/lib/python3.12/site-packages/airflow/example_dags/example_short_circuit_decorator.py for tasks to queue
[2026-09-25T17:03:52.816+0000] {logging_mixin.py:190} INFO - [2026-09-25T17:03:52.816+0000] {dagbag.py:588} INFO - Filling up the DagBag from /home/airflow/.local/lib/python3.12/site-packages/airflow/example_dags/example_short_circuit_decorator.py
[2026-09-25T17:03:52.835+0000] {processor.py:925} INFO - DAG(s) 'example_short_circuit_decorator' retrieved from /home/airflow/.local/lib/python3.12/site-packages/airflow/example_dags/example_short_circuit_decorator.py
[2026-09-25T17:03:52.884+0000] {logging_mixin.py:190} INFO - [2026-09-25T17:03:52.884+0000] {dag.py:3239} INFO - Sync 1 DAGs
[2026-09-25T17:03:52.918+0000] {logging_mixin.py:190} INFO - [2026-09-25T17:03:52.918+0000] {dag.py:4180} INFO - Setting next_dagrun for example_short_circuit_decorator to None, run_after=None
[2026-09-25T17:03:52.958+0000] {processor.py:208} INFO - Processing /home/airflow/.local/lib/python3.12/site-packages/airflow/example_dags/example_short_circuit_decorator.py took 0.162 seconds
[2026-09-25T17:04:23.619+0000] {processor.py:186} INFO - Started process (PID=824) to work on /home/airflow/.local/lib/python3.12/site-packages/airflow/example_dags/example_short_circuit_decorator.py
[2026-09-25T17:04:23.623+0000] {processor.py:914} INFO - Processing file /home/airflow/.local/lib/python3.12/site-packages/airflow/example_dags/example_short_circuit_decorator.py for tasks to queue
[2026-09-25T17:04:23.630+0000] {logging_mixin.py:190} INFO - [2026-09-25T17:04:23.630+0000] {dagbag.py:588} INFO - Filling up the DagBag from /home/airflow/.local/lib/python3.12/site-packages/airflow/example_dags/example_short_circuit_decorator.py
[2026-09-25T17:04:23.652+0000] {processor.py:925} INFO - DAG(s) 'example_short_circuit_decorator' retrieved from /home/airflow/.local/lib/python3.12/site-packages/airflow/example_dags/example_short_circuit_decorator.py
[2026-09-25T17:04:23.707+0000] {logging_mixin.py:190} INFO - [2026-09-25T17:04:23.706+0000] {dag.py:3239} INFO - Sync 1 DAGs
[2026-09-25T17:04:23.734+0000] {logging_mixin.py:190} INFO - [2026-09-25T17:04:23.734+0000] {dag.py:4180} INFO - Setting next_dagrun for example_short_circuit_decorator to None, run_after=None
[2026-09-25T17:04:23.771+0000] {processor.py:208} INFO - Processing /home/airflow/.local/lib/python3.12/site-packages/airflow/example_dags/example_short_circuit_decorator.py took 0.164 seconds
[2026-09-25T17:05:03.310+0000] {processor.py:186} INFO - Started process (PID=886) to work on /home/airflow/.local/lib/python3.12/site-packages/airflow/example_dags/example_short_circuit_decorator.py
[2026-09-25T17:05:03.316+0000] {processor.py:914} INFO - Processing file /home/airflow/.local/lib/python3.12/site-packages/airflow/example_dags/example_short_circuit_decorator.py for tasks to queue
[2026-09-25T17:05:03.321+0000] {logging_mixin.py:190} INFO - [2026-09-25T17:05:03.320+0000] {dagbag.py:588} INFO - Filling up the DagBag from /home/airflow/.local/lib/python3.12/site-packages/airflow/example_dags/example_short_circuit_decorator.py
[2026-09-25T17:05:03.344+0000] {processor.py:925} INFO - DAG(s) 'example_short_circuit_decorator' retrieved from /home/airflow/.local/lib/python3.12/site-packages/airflow/example_dags/example_short_circuit_decorator.py
[2026-09-25T17:05:03.483+0000] {logging_mixin.py:190} INFO - [2026-09-25T17:05:03.472+0000] {dag.py:3239} INFO - Sync 1 DAGs
[2026-09-25T17:05:03.592+0000] {logging_mixin.py:190} INFO - [2026-09-25T17:05:03.591+0000] {dag.py:4180} INFO - Setting next_dagrun for example_short_circuit_decorator to None, run_after=None
[2026-09-25T17:05:03.762+0000] {processor.py:208} INFO - Processing /home/airflow/.local/lib/python3.12/site-packages/airflow/example_dags/example_short_circuit_decorator.py took 0.480 seconds
[2026-09-25T17:05:37.264+0000] {processor.py:186} INFO - Started process (PID=954) to work on /home/airflow/.local/lib/python3.12/site-packages/airflow/example_dags/example_short_circuit_decorator.py
[2026-09-25T17:05:37.270+0000] {processor.py:914} INFO - Processing file /home/airflow/.local/lib/python3.12/site-packages/airflow/example_dags/example_short_circuit_decorator.py for tasks to queue
[2026-09-25T17:05:37.285+0000] {logging_mixin.py:190} INFO - [2026-09-25T17:05:37.284+0000] {dagbag.py:588} INFO - Filling up the DagBag from /home/airflow/.local/lib/python3.12/site-packages/airflow/example_dags/example_short_circuit_decorator.py
[2026-09-25T17:05:37.324+0000] {processor.py:925} INFO - DAG(s) 'example_short_circuit_decorator' retrieved from /home/airflow/.local/lib/python3.12/site-packages/airflow/example_dags/example_short_circuit_decorator.py
[2026-09-25T17:05:37.487+0000] {logging_mixin.py:190} INFO - [2026-09-25T17:05:37.487+0000] {dag.py:3239} INFO - Sync 1 DAGs
[2026-09-25T17:05:37.526+0000] {logging_mixin.py:190} INFO - [2026-09-25T17:05:37.526+0000] {dag.py:4180} INFO - Setting next_dagrun for example_short_circuit_decorator to None, run_after=None
[2026-09-25T17:05:37.572+0000] {processor.py:208} INFO - Processing /home/airflow/.local/lib/python3.12/site-packages/airflow/example_dags/example_short_circuit_decorator.py took 0.336 seconds
[2026-09-25T17:06:11.098+0000] {processor.py:186} INFO - Started process (PID=1021) to work on /home/airflow/.local/lib/python3.12/site-packages/airflow/example_dags/example_short_circuit_decorator.py
[2026-09-25T17:06:11.101+0000] {processor.py:914} INFO - Processing file /home/airflow/.local/lib/python3.12/site-packages/airflow/example_dags/example_short_circuit_decorator.py for tasks to queue
[2026-09-25T17:06:11.108+0000] {logging_mixin.py:190} INFO - [2026-09-25T17:06:11.107+0000] {dagbag.py:588} INFO - Filling up the DagBag from /home/airflow/.local/lib/python3.12/site-packages/airflow/example_dags/example_short_circuit_decorator.py
[2026-09-25T17:06:11.142+0000] {processor.py:925} INFO - DAG(s) 'example_short_circuit_decorator' retrieved from /home/airflow/.local/lib/python3.12/site-packages/airflow/example_dags/example_short_circuit_decorator.py
[2026-09-25T17:06:11.190+0000] {logging_mixin.py:190} INFO - [2026-09-25T17:06:11.190+0000] {dag.py:3239} INFO - Sync 1 DAGs
[2026-09-25T17:06:11.219+0000] {logging_mixin.py:190} INFO - [2026-09-25T17:06:11.218+0000] {dag.py:4180} INFO - Setting next_dagrun for example_short_circuit_decorator to None, run_after=None
[2026-09-25T17:06:11.253+0000] {processor.py:208} INFO - Processing /home/airflow/.local/lib/python3.12/site-packages/airflow/example_dags/example_short_circuit_decorator.py took 0.167 seconds
[2026-09-25T17:06:50.526+0000] {processor.py:186} INFO - Started process (PID=1083) to work on /home/airflow/.local/lib/python3.12/site-packages/airflow/example_dags/example_short_circuit_decorator.py
[2026-09-25T17:06:50.531+0000] {processor.py:914} INFO - Processing file /home/airflow/.local/lib/python3.12/site-packages/airflow/example_dags/example_short_circuit_decorator.py for tasks to queue
[2026-09-25T17:06:50.537+0000] {logging_mixin.py:190} INFO - [2026-09-25T17:06:50.536+0000] {dagbag.py:588} INFO - Filling up the DagBag from /home/airflow/.local/lib/python3.12/site-packages/airflow/example_dags/example_short_circuit_decorator.py
[2026-09-25T17:06:50.585+0000] {processor.py:925} INFO - DAG(s) 'example_short_circuit_decorator' retrieved from /home/airflow/.local/lib/python3.12/site-packages/airflow/example_dags/example_short_circuit_decorator.py
[2026-09-25T17:06:50.651+0000] {logging_mixin.py:190} INFO - [2026-09-25T17:06:50.651+0000] {dag.py:3239} INFO - Sync 1 DAGs
[2026-09-25T17:06:50.713+0000] {logging_mixin.py:190} INFO - [2026-09-25T17:06:50.712+0000] {dag.py:4180} INFO - Setting next_dagrun for example_short_circuit_decorator to None, run_after=None
[2026-09-25T17:06:50.801+0000] {processor.py:208} INFO - Processing /home/airflow/.local/lib/python3.12/site-packages/airflow/example_dags/example_short_circuit_decorator.py took 0.306 seconds
[2026-09-25T17:07:22.322+0000] {processor.py:186} INFO - Started process (PID=1144) to work on /home/airflow/.local/lib/python3.12/site-packages/airflow/example_dags/example_short_circuit_decorator.py
[2026-09-25T17:07:22.542+0000] {processor.py:914} INFO - Processing file /home/airflow/.local/lib/python3.12/site-packages/airflow/example_dags/example_short_circuit_decorator.py for tasks to queue
[2026-09-25T17:07:22.570+0000] {logging_mixin.py:190} INFO - [2026-09-25T17:07:22.569+0000] {dagbag.py:588} INFO - Filling up the DagBag from /home/airflow/.local/lib/python3.12/site-packages/airflow/example_dags/example_short_circuit_decorator.py
[2026-09-25T17:07:22.891+0000] {processor.py:925} INFO - DAG(s) 'example_short_circuit_decorator' retrieved from /home/airflow/.local/lib/python3.12/site-packages/airflow/example_dags/example_short_circuit_decorator.py
[2026-09-25T17:07:23.066+0000] {logging_mixin.py:190} INFO - [2026-09-25T17:07:23.065+0000] {dag.py:3239} INFO - Sync 1 DAGs
[2026-09-25T17:07:23.168+0000] {logging_mixin.py:190} INFO - [2026-09-25T17:07:23.168+0000] {dag.py:4180} INFO - Setting next_dagrun for example_short_circuit_decorator to None, run_after=None
[2026-09-25T17:07:23.228+0000] {processor.py:208} INFO - Processing /home/airflow/.local/lib/python3.12/site-packages/airflow/example_dags/example_short_circuit_decorator.py took 0.941 seconds
[2026-09-25T17:07:53.837+0000] {processor.py:186} INFO - Started process (PID=1207) to work on /home/airflow/.local/lib/python3.12/site-packages/airflow/example_dags/example_short_circuit_decorator.py
[2026-09-25T17:07:53.839+0000] {processor.py:914} INFO - Processing file /home/airflow/.local/lib/python3.12/site-packages/airflow/example_dags/example_short_circuit_decorator.py for tasks to queue
[2026-09-25T17:07:53.843+0000] {logging_mixin.py:190} INFO - [2026-09-25T17:07:53.843+0000] {dagbag.py:588} INFO - Filling up the DagBag from /home/airflow/.local/lib/python3.12/site-packages/airflow/example_dags/example_short_circuit_decorator.py
[2026-09-25T17:07:53.864+0000] {processor.py:925} INFO - DAG(s) 'example_short_circuit_decorator' retrieved from /home/airflow/.local/lib/python3.12/site-packages/airflow/example_dags/example_short_circuit_decorator.py
[2026-09-25T17:07:53.902+0000] {logging_mixin.py:190} INFO - [2026-09-25T17:07:53.901+0000] {dag.py:3239} INFO - Sync 1 DAGs
[2026-09-25T17:07:53.927+0000] {logging_mixin.py:190} INFO - [2026-09-25T17:07:53.927+0000] {dag.py:4180} INFO - Setting next_dagrun for example_short_circuit_decorator to None, run_after=None
[2026-09-25T17:07:53.979+0000] {processor.py:208} INFO - Processing /home/airflow/.local/lib/python3.12/site-packages/airflow/example_dags/example_short_circuit_decorator.py took 0.153 seconds
[2026-09-25T17:08:24.220+0000] {processor.py:186} INFO - Started process (PID=1270) to work on /home/airflow/.local/lib/python3.12/site-packages/airflow/example_dags/example_short_circuit_decorator.py
[2026-09-25T17:08:24.224+0000] {processor.py:914} INFO - Processing file /home/airflow/.local/lib/python3.12/site-packages/airflow/example_dags/example_short_circuit_decorator.py for tasks to queue
[2026-09-25T17:08:24.228+0000] {logging_mixin.py:190} INFO - [2026-09-25T17:08:24.228+0000] {dagbag.py:588} INFO - Filling up the DagBag from /home/airflow/.local/lib/python3.12/site-packages/airflow/example_dags/example_short_circuit_decorator.py
[2026-09-25T17:08:24.246+0000] {processor.py:925} INFO - DAG(s) 'example_short_circuit_decorator' retrieved from /home/airflow/.local/lib/python3.12/site-packages/airflow/example_dags/example_short_circuit_decorator.py
[2026-09-25T17:08:24.305+0000] {logging_mixin.py:190} INFO - [2026-09-25T17:08:24.305+0000] {dag.py:3239} INFO - Sync 1 DAGs
[2026-09-25T17:08:24.332+0000] {logging_mixin.py:190} INFO - [2026-09-25T17:08:24.331+0000] {dag.py:4180} INFO - Setting next_dagrun for example_short_circuit_decorator to None, run_after=None
[2026-09-25T17:08:24.366+0000] {processor.py:208} INFO - Processing /home/airflow/.local/lib/python3.12/site-packages/airflow/example_dags/example_short_circuit_decorator.py took 0.160 seconds
[2026-09-25T17:08:58.760+0000] {processor.py:186} INFO - Started process (PID=1334) to work on /home/airflow/.local/lib/python3.12/site-packages/airflow/example_dags/example_short_circuit_decorator.py
[2026-09-25T17:08:58.762+0000] {processor.py:914} INFO - Processing file /home/airflow/.local/lib/python3.12/site-packages/airflow/example_dags/example_short_circuit_decorator.py for tasks to queue
[2026-09-25T17:08:58.766+0000] {logging_mixin.py:190} INFO - [2026-09-25T17:08:58.766+0000] {dagbag.py:588} INFO - Filling up the DagBag from /home/airflow/.local/lib/python3.12/site-packages/airflow/example_dags/example_short_circuit_decorator.py
[2026-09-25T17:08:58.785+0000] {processor.py:925} INFO - DAG(s) 'example_short_circuit_decorator' retrieved from /home/airflow/.local/lib/python3.12/site-packages/airflow/example_dags/example_short_circuit_decorator.py
[2026-09-25T17:08:58.864+0000] {logging_mixin.py:190} INFO - [2026-09-25T17:08:58.864+0000] {dag.py:3239} INFO - Sync 1 DAGs
[2026-09-25T17:08:58.905+0000] {logging_mixin.py:190} INFO - [2026-09-25T17:08:58.905+0000] {dag.py:4180} INFO - Setting next_dagrun for example_short_circuit_decorator to None, run_after=None
[2026-09-25T17:08:58.995+0000] {processor.py:208} INFO - Processing /home/airflow/.local/lib/python3.12/site-packages/airflow/example_dags/example_short_circuit_decorator.py took 0.265 seconds
[2026-09-25T17:10:15.866+0000] {processor.py:186} INFO - Started process (PID=1412) to work on /home/airflow/.local/lib/python3.12/site-packages/airflow/example_dags/example_short_circuit_decorator.py
[2026-09-25T17:10:15.988+0000] {processor.py:914} INFO - Processing file /home/airflow/.local/lib/python3.12/site-packages/airflow/example_dags/example_short_circuit_decorator.py for tasks to queue
[2026-09-25T17:10:16.179+0000] {logging_mixin.py:190} INFO - [2026-09-25T17:10:16.174+0000] {dagbag.py:588} INFO - Filling up the DagBag from /home/airflow/.local/lib/python3.12/site-packages/airflow/example_dags/example_short_circuit_decorator.py
[2026-09-25T17:10:16.491+0000] {processor.py:925} INFO - DAG(s) 'example_short_circuit_decorator' retrieved from /home/airflow/.local/lib/python3.12/site-packages/airflow/example_dags/example_short_circuit_decorator.py
[2026-09-25T17:10:17.253+0000] {logging_mixin.py:190} INFO - [2026-09-25T17:10:17.253+0000] {dag.py:3239} INFO - Sync 1 DAGs
[2026-09-25T17:10:17.643+0000] {logging_mixin.py:190} INFO - [2026-09-25T17:10:17.642+0000] {dag.py:4180} INFO - Setting next_dagrun for example_short_circuit_decorator to None, run_after=None
[2026-09-25T17:10:18.387+0000] {processor.py:208} INFO - Processing /home/airflow/.local/lib/python3.12/site-packages/airflow/example_dags/example_short_circuit_decorator.py took 2.867 seconds
[2026-09-25T17:13:12.540+0000] {processor.py:186} INFO - Started process (PID=1516) to work on /home/airflow/.local/lib/python3.12/site-packages/airflow/example_dags/example_short_circuit_decorator.py
[2026-09-25T17:13:12.550+0000] {processor.py:914} INFO - Processing file /home/airflow/.local/lib/python3.12/site-packages/airflow/example_dags/example_short_circuit_decorator.py for tasks to queue
[2026-09-25T17:13:12.568+0000] {logging_mixin.py:190} INFO - [2026-09-25T17:13:12.567+0000] {dagbag.py:588} INFO - Filling up the DagBag from /home/airflow/.local/lib/python3.12/site-packages/airflow/example_dags/example_short_circuit_decorator.py
[2026-09-25T17:13:12.662+0000] {processor.py:925} INFO - DAG(s) 'example_short_circuit_decorator' retrieved from /home/airflow/.local/lib/python3.12/site-packages/airflow/example_dags/example_short_circuit_decorator.py
[2026-09-25T17:13:13.558+0000] {logging_mixin.py:190} INFO - [2026-09-25T17:13:13.556+0000] {dag.py:3239} INFO - Sync 1 DAGs
[2026-09-25T17:13:13.686+0000] {logging_mixin.py:190} INFO - [2026-09-25T17:13:13.686+0000] {dag.py:4180} INFO - Setting next_dagrun for example_short_circuit_decorator to None, run_after=None
[2026-09-25T17:13:13.777+0000] {processor.py:208} INFO - Processing /home/airflow/.local/lib/python3.12/site-packages/airflow/example_dags/example_short_circuit_decorator.py took 1.279 seconds
[2026-09-25T17:14:59.514+0000] {processor.py:186} INFO - Started process (PID=1594) to work on /home/airflow/.local/lib/python3.12/site-packages/airflow/example_dags/example_short_circuit_decorator.py
[2026-09-25T17:14:59.520+0000] {processor.py:914} INFO - Processing file /home/airflow/.local/lib/python3.12/site-packages/airflow/example_dags/example_short_circuit_decorator.py for tasks to queue
[2026-09-25T17:14:59.615+0000] {logging_mixin.py:190} INFO - [2026-09-25T17:14:59.612+0000] {dagbag.py:588} INFO - Filling up the DagBag from /home/airflow/.local/lib/python3.12/site-packages/airflow/example_dags/example_short_circuit_decorator.py
[2026-09-25T17:14:59.715+0000] {processor.py:925} INFO - DAG(s) 'example_short_circuit_decorator' retrieved from /home/airflow/.local/lib/python3.12/site-packages/airflow/example_dags/example_short_circuit_decorator.py
[2026-09-25T17:14:59.818+0000] {logging_mixin.py:190} INFO - [2026-09-25T17:14:59.817+0000] {dag.py:3239} INFO - Sync 1 DAGs
[2026-09-25T17:14:59.881+0000] {logging_mixin.py:190} INFO - [2026-09-25T17:14:59.880+0000] {dag.py:4180} INFO - Setting next_dagrun for example_short_circuit_decorator to None, run_after=None
[2026-09-25T17:15:00.054+0000] {processor.py:208} INFO - Processing /home/airflow/.local/lib/python3.12/site-packages/airflow/example_dags/example_short_circuit_decorator.py took 0.503 seconds
[2026-09-25T17:15:36.686+0000] {processor.py:186} INFO - Started process (PID=1657) to work on /home/airflow/.local/lib/python3.12/site-packages/airflow/example_dags/example_short_circuit_decorator.py
[2026-09-25T17:15:36.690+0000] {processor.py:914} INFO - Processing file /home/airflow/.local/lib/python3.12/site-packages/airflow/example_dags/example_short_circuit_decorator.py for tasks to queue
[2026-09-25T17:15:36.713+0000] {logging_mixin.py:190} INFO - [2026-09-25T17:15:36.706+0000] {dagbag.py:588} INFO - Filling up the DagBag from /home/airflow/.local/lib/python3.12/site-packages/airflow/example_dags/example_short_circuit_decorator.py
[2026-09-25T17:15:36.797+0000] {processor.py:925} INFO - DAG(s) 'example_short_circuit_decorator' retrieved from /home/airflow/.local/lib/python3.12/site-packages/airflow/example_dags/example_short_circuit_decorator.py
[2026-09-25T17:15:37.175+0000] {logging_mixin.py:190} INFO - [2026-09-25T17:15:37.172+0000] {dag.py:3239} INFO - Sync 1 DAGs
[2026-09-25T17:15:37.322+0000] {logging_mixin.py:190} INFO - [2026-09-25T17:15:37.322+0000] {dag.py:4180} INFO - Setting next_dagrun for example_short_circuit_decorator to None, run_after=None
[2026-09-25T17:15:37.410+0000] {processor.py:208} INFO - Processing /home/airflow/.local/lib/python3.12/site-packages/airflow/example_dags/example_short_circuit_decorator.py took 0.746 seconds
[2026-09-25T17:16:07.696+0000] {processor.py:186} INFO - Started process (PID=1719) to work on /home/airflow/.local/lib/python3.12/site-packages/airflow/example_dags/example_short_circuit_decorator.py
[2026-09-25T17:16:07.705+0000] {processor.py:914} INFO - Processing file /home/airflow/.local/lib/python3.12/site-packages/airflow/example_dags/example_short_circuit_decorator.py for tasks to queue
[2026-09-25T17:16:07.714+0000] {logging_mixin.py:190} INFO - [2026-09-25T17:16:07.713+0000] {dagbag.py:588} INFO - Filling up the DagBag from /home/airflow/.local/lib/python3.12/site-packages/airflow/example_dags/example_short_circuit_decorator.py
[2026-09-25T17:16:07.760+0000] {processor.py:925} INFO - DAG(s) 'example_short_circuit_decorator' retrieved from /home/airflow/.local/lib/python3.12/site-packages/airflow/example_dags/example_short_circuit_decorator.py
[2026-09-25T17:16:07.920+0000] {logging_mixin.py:190} INFO - [2026-09-25T17:16:07.919+0000] {dag.py:3239} INFO - Sync 1 DAGs
[2026-09-25T17:16:07.965+0000] {logging_mixin.py:190} INFO - [2026-09-25T17:16:07.964+0000] {dag.py:4180} INFO - Setting next_dagrun for example_short_circuit_decorator to None, run_after=None
[2026-09-25T17:16:08.016+0000] {processor.py:208} INFO - Processing /home/airflow/.local/lib/python3.12/site-packages/airflow/example_dags/example_short_circuit_decorator.py took 0.337 seconds
[2026-09-25T17:17:01.753+0000] {processor.py:186} INFO - Started process (PID=1792) to work on /home/airflow/.local/lib/python3.12/site-packages/airflow/example_dags/example_short_circuit_decorator.py
[2026-09-25T17:17:01.757+0000] {processor.py:914} INFO - Processing file /home/airflow/.local/lib/python3.12/site-packages/airflow/example_dags/example_short_circuit_decorator.py for tasks to queue
[2026-09-25T17:17:01.780+0000] {logging_mixin.py:190} INFO - [2026-09-25T17:17:01.779+0000] {dagbag.py:588} INFO - Filling up the DagBag from /home/airflow/.local/lib/python3.12/site-packages/airflow/example_dags/example_short_circuit_decorator.py
[2026-09-25T17:17:01.817+0000] {processor.py:925} INFO - DAG(s) 'example_short_circuit_decorator' retrieved from /home/airflow/.local/lib/python3.12/site-packages/airflow/example_dags/example_short_circuit_decorator.py
[2026-09-25T17:17:01.913+0000] {logging_mixin.py:190} INFO - [2026-09-25T17:17:01.913+0000] {dag.py:3239} INFO - Sync 1 DAGs
[2026-09-25T17:17:02.212+0000] {logging_mixin.py:190} INFO - [2026-09-25T17:17:02.211+0000] {dag.py:4180} INFO - Setting next_dagrun for example_short_circuit_decorator to None, run_after=None
[2026-09-25T17:17:02.473+0000] {processor.py:208} INFO - Processing /home/airflow/.local/lib/python3.12/site-packages/airflow/example_dags/example_short_circuit_decorator.py took 0.750 seconds
[2026-09-25T17:17:36.613+0000] {processor.py:186} INFO - Started process (PID=1855) to work on /home/airflow/.local/lib/python3.12/site-packages/airflow/example_dags/example_short_circuit_decorator.py
[2026-09-25T17:17:36.617+0000] {processor.py:914} INFO - Processing file /home/airflow/.local/lib/python3.12/site-packages/airflow/example_dags/example_short_circuit_decorator.py for tasks to queue
[2026-09-25T17:17:36.634+0000] {logging_mixin.py:190} INFO - [2026-09-25T17:17:36.624+0000] {dagbag.py:588} INFO - Filling up the DagBag from /home/airflow/.local/lib/python3.12/site-packages/airflow/example_dags/example_short_circuit_decorator.py
[2026-09-25T17:17:36.679+0000] {processor.py:925} INFO - DAG(s) 'example_short_circuit_decorator' retrieved from /home/airflow/.local/lib/python3.12/site-packages/airflow/example_dags/example_short_circuit_decorator.py
[2026-09-25T17:17:36.777+0000] {logging_mixin.py:190} INFO - [2026-09-25T17:17:36.776+0000] {dag.py:3239} INFO - Sync 1 DAGs
[2026-09-25T17:17:36.847+0000] {logging_mixin.py:190} INFO - [2026-09-25T17:17:36.846+0000] {dag.py:4180} INFO - Setting next_dagrun for example_short_circuit_decorator to None, run_after=None
[2026-09-25T17:17:36.911+0000] {processor.py:208} INFO - Processing /home/airflow/.local/lib/python3.12/site-packages/airflow/example_dags/example_short_circuit_decorator.py took 0.324 seconds
[2026-09-25T17:18:12.582+0000] {processor.py:186} INFO - Started process (PID=1918) to work on /home/airflow/.local/lib/python3.12/site-packages/airflow/example_dags/example_short_circuit_decorator.py
[2026-09-25T17:18:12.586+0000] {processor.py:914} INFO - Processing file /home/airflow/.local/lib/python3.12/site-packages/airflow/example_dags/example_short_circuit_decorator.py for tasks to queue
[2026-09-25T17:18:12.600+0000] {logging_mixin.py:190} INFO - [2026-09-25T17:18:12.598+0000] {dagbag.py:588} INFO - Filling up the DagBag from /home/airflow/.local/lib/python3.12/site-packages/airflow/example_dags/example_short_circuit_decorator.py
[2026-09-25T17:18:12.641+0000] {processor.py:925} INFO - DAG(s) 'example_short_circuit_decorator' retrieved from /home/airflow/.local/lib/python3.12/site-packages/airflow/example_dags/example_short_circuit_decorator.py
[2026-09-25T17:18:12.721+0000] {logging_mixin.py:190} INFO - [2026-09-25T17:18:12.721+0000] {dag.py:3239} INFO - Sync 1 DAGs
[2026-09-25T17:18:12.785+0000] {logging_mixin.py:190} INFO - [2026-09-25T17:18:12.783+0000] {dag.py:4180} INFO - Setting next_dagrun for example_short_circuit_decorator to None, run_after=None
[2026-09-25T17:18:12.897+0000] {processor.py:208} INFO - Processing /home/airflow/.local/lib/python3.12/site-packages/airflow/example_dags/example_short_circuit_decorator.py took 0.347 seconds
[2026-09-25T17:18:44.573+0000] {processor.py:186} INFO - Started process (PID=1981) to work on /home/airflow/.local/lib/python3.12/site-packages/airflow/example_dags/example_short_circuit_decorator.py
[2026-09-25T17:18:44.595+0000] {processor.py:914} INFO - Processing file /home/airflow/.local/lib/python3.12/site-packages/airflow/example_dags/example_short_circuit_decorator.py for tasks to queue
[2026-09-25T17:18:44.633+0000] {logging_mixin.py:190} INFO - [2026-09-25T17:18:44.632+0000] {dagbag.py:588} INFO - Filling up the DagBag from /home/airflow/.local/lib/python3.12/site-packages/airflow/example_dags/example_short_circuit_decorator.py
[2026-09-25T17:18:44.680+0000] {processor.py:925} INFO - DAG(s) 'example_short_circuit_decorator' retrieved from /home/airflow/.local/lib/python3.12/site-packages/airflow/example_dags/example_short_circuit_decorator.py
[2026-09-25T17:18:44.771+0000] {logging_mixin.py:190} INFO - [2026-09-25T17:18:44.770+0000] {dag.py:3239} INFO - Sync 1 DAGs
[2026-09-25T17:18:44.812+0000] {logging_mixin.py:190} INFO - [2026-09-25T17:18:44.811+0000] {dag.py:4180} INFO - Setting next_dagrun for example_short_circuit_decorator to None, run_after=None
[2026-09-25T17:18:44.865+0000] {processor.py:208} INFO - Processing /home/airflow/.local/lib/python3.12/site-packages/airflow/example_dags/example_short_circuit_decorator.py took 0.303 seconds
[2026-09-25T17:19:15.793+0000] {processor.py:186} INFO - Started process (PID=2044) to work on /home/airflow/.local/lib/python3.12/site-packages/airflow/example_dags/example_short_circuit_decorator.py
[2026-09-25T17:19:15.795+0000] {processor.py:914} INFO - Processing file /home/airflow/.local/lib/python3.12/site-packages/airflow/example_dags/example_short_circuit_decorator.py for tasks to queue
[2026-09-25T17:19:15.802+0000] {logging_mixin.py:190} INFO - [2026-09-25T17:19:15.801+0000] {dagbag.py:588} INFO - Filling up the DagBag from /home/airflow/.local/lib/python3.12/site-packages/airflow/example_dags/example_short_circuit_decorator.py
[2026-09-25T17:19:15.824+0000] {processor.py:925} INFO - DAG(s) 'example_short_circuit_decorator' retrieved from /home/airflow/.local/lib/python3.12/site-packages/airflow/example_dags/example_short_circuit_decorator.py
[2026-09-25T17:19:15.917+0000] {logging_mixin.py:190} INFO - [2026-09-25T17:19:15.917+0000] {dag.py:3239} INFO - Sync 1 DAGs
[2026-09-25T17:19:16.075+0000] {logging_mixin.py:190} INFO - [2026-09-25T17:19:16.075+0000] {dag.py:4180} INFO - Setting next_dagrun for example_short_circuit_decorator to None, run_after=None
[2026-09-25T17:19:16.286+0000] {processor.py:208} INFO - Processing /home/airflow/.local/lib/python3.12/site-packages/airflow/example_dags/example_short_circuit_decorator.py took 0.506 seconds
[2026-09-25T17:19:57.254+0000] {processor.py:186} INFO - Started process (PID=2107) to work on /home/airflow/.local/lib/python3.12/site-packages/airflow/example_dags/example_short_circuit_decorator.py
[2026-09-25T17:19:57.258+0000] {processor.py:914} INFO - Processing file /home/airflow/.local/lib/python3.12/site-packages/airflow/example_dags/example_short_circuit_decorator.py for tasks to queue
[2026-09-25T17:19:57.265+0000] {logging_mixin.py:190} INFO - [2026-09-25T17:19:57.263+0000] {dagbag.py:588} INFO - Filling up the DagBag from /home/airflow/.local/lib/python3.12/site-packages/airflow/example_dags/example_short_circuit_decorator.py
[2026-09-25T17:19:57.300+0000] {processor.py:925} INFO - DAG(s) 'example_short_circuit_decorator' retrieved from /home/airflow/.local/lib/python3.12/site-packages/airflow/example_dags/example_short_circuit_decorator.py
[2026-09-25T17:19:57.396+0000] {logging_mixin.py:190} INFO - [2026-09-25T17:19:57.395+0000] {dag.py:3239} INFO - Sync 1 DAGs
[2026-09-25T17:19:57.454+0000] {logging_mixin.py:190} INFO - [2026-09-25T17:19:57.453+0000] {dag.py:4180} INFO - Setting next_dagrun for example_short_circuit_decorator to None, run_after=None
[2026-09-25T17:19:57.543+0000] {processor.py:208} INFO - Processing /home/airflow/.local/lib/python3.12/site-packages/airflow/example_dags/example_short_circuit_decorator.py took 0.320 seconds
[2026-09-25T17:20:48.206+0000] {processor.py:186} INFO - Started process (PID=2177) to work on /home/airflow/.local/lib/python3.12/site-packages/airflow/example_dags/example_short_circuit_decorator.py
[2026-09-25T17:20:48.209+0000] {processor.py:914} INFO - Processing file /home/airflow/.local/lib/python3.12/site-packages/airflow/example_dags/example_short_circuit_decorator.py for tasks to queue
[2026-09-25T17:20:48.217+0000] {logging_mixin.py:190} INFO - [2026-09-25T17:20:48.215+0000] {dagbag.py:588} INFO - Filling up the DagBag from /home/airflow/.local/lib/python3.12/site-packages/airflow/example_dags/example_short_circuit_decorator.py
[2026-09-25T17:20:48.267+0000] {processor.py:925} INFO - DAG(s) 'example_short_circuit_decorator' retrieved from /home/airflow/.local/lib/python3.12/site-packages/airflow/example_dags/example_short_circuit_decorator.py
[2026-09-25T17:20:48.359+0000] {logging_mixin.py:190} INFO - [2026-09-25T17:20:48.358+0000] {dag.py:3239} INFO - Sync 1 DAGs
[2026-09-25T17:20:48.406+0000] {logging_mixin.py:190} INFO - [2026-09-25T17:20:48.405+0000] {dag.py:4180} INFO - Setting next_dagrun for example_short_circuit_decorator to None, run_after=None
[2026-09-25T17:20:48.480+0000] {processor.py:208} INFO - Processing /home/airflow/.local/lib/python3.12/site-packages/airflow/example_dags/example_short_circuit_decorator.py took 0.299 seconds
[2026-09-25T17:21:24.630+0000] {processor.py:186} INFO - Started process (PID=2240) to work on /home/airflow/.local/lib/python3.12/site-packages/airflow/example_dags/example_short_circuit_decorator.py
[2026-09-25T17:21:24.641+0000] {processor.py:914} INFO - Processing file /home/airflow/.local/lib/python3.12/site-packages/airflow/example_dags/example_short_circuit_decorator.py for tasks to queue
[2026-09-25T17:21:24.658+0000] {logging_mixin.py:190} INFO - [2026-09-25T17:21:24.656+0000] {dagbag.py:588} INFO - Filling up the DagBag from /home/airflow/.local/lib/python3.12/site-packages/airflow/example_dags/example_short_circuit_decorator.py
[2026-09-25T17:21:24.693+0000] {processor.py:925} INFO - DAG(s) 'example_short_circuit_decorator' retrieved from /home/airflow/.local/lib/python3.12/site-packages/airflow/example_dags/example_short_circuit_decorator.py
[2026-09-25T17:21:24.788+0000] {logging_mixin.py:190} INFO - [2026-09-25T17:21:24.787+0000] {dag.py:3239} INFO - Sync 1 DAGs
[2026-09-25T17:21:24.843+0000] {logging_mixin.py:190} INFO - [2026-09-25T17:21:24.841+0000] {dag.py:4180} INFO - Setting next_dagrun for example_short_circuit_decorator to None, run_after=None
[2026-09-25T17:21:24.915+0000] {processor.py:208} INFO - Processing /home/airflow/.local/lib/python3.12/site-packages/airflow/example_dags/example_short_circuit_decorator.py took 0.302 seconds
[2026-09-25T17:22:39.507+0000] {processor.py:186} INFO - Started process (PID=2315) to work on /home/airflow/.local/lib/python3.12/site-packages/airflow/example_dags/example_short_circuit_decorator.py
[2026-09-25T17:22:39.512+0000] {processor.py:914} INFO - Processing file /home/airflow/.local/lib/python3.12/site-packages/airflow/example_dags/example_short_circuit_decorator.py for tasks to queue
[2026-09-25T17:22:39.535+0000] {logging_mixin.py:190} INFO - [2026-09-25T17:22:39.533+0000] {dagbag.py:588} INFO - Filling up the DagBag from /home/airflow/.local/lib/python3.12/site-packages/airflow/example_dags/example_short_circuit_decorator.py
[2026-09-25T17:22:39.689+0000] {processor.py:925} INFO - DAG(s) 'example_short_circuit_decorator' retrieved from /home/airflow/.local/lib/python3.12/site-packages/airflow/example_dags/example_short_circuit_decorator.py
[2026-09-25T17:22:39.860+0000] {logging_mixin.py:190} INFO - [2026-09-25T17:22:39.859+0000] {dag.py:3239} INFO - Sync 1 DAGs
[2026-09-25T17:22:39.953+0000] {logging_mixin.py:190} INFO - [2026-09-25T17:22:39.951+0000] {dag.py:4180} INFO - Setting next_dagrun for example_short_circuit_decorator to None, run_after=None
[2026-09-25T17:22:40.050+0000] {processor.py:208} INFO - Processing /home/airflow/.local/lib/python3.12/site-packages/airflow/example_dags/example_short_circuit_decorator.py took 0.569 seconds
[2026-09-25T17:23:18.036+0000] {processor.py:186} INFO - Started process (PID=2377) to work on /home/airflow/.local/lib/python3.12/site-packages/airflow/example_dags/example_short_circuit_decorator.py
[2026-09-25T17:23:18.044+0000] {processor.py:914} INFO - Processing file /home/airflow/.local/lib/python3.12/site-packages/airflow/example_dags/example_short_circuit_decorator.py for tasks to queue
[2026-09-25T17:23:18.054+0000] {logging_mixin.py:190} INFO - [2026-09-25T17:23:18.053+0000] {dagbag.py:588} INFO - Filling up the DagBag from /home/airflow/.local/lib/python3.12/site-packages/airflow/example_dags/example_short_circuit_decorator.py
[2026-09-25T17:23:18.088+0000] {processor.py:925} INFO - DAG(s) 'example_short_circuit_decorator' retrieved from /home/airflow/.local/lib/python3.12/site-packages/airflow/example_dags/example_short_circuit_decorator.py
[2026-09-25T17:23:18.225+0000] {logging_mixin.py:190} INFO - [2026-09-25T17:23:18.225+0000] {dag.py:3239} INFO - Sync 1 DAGs
[2026-09-25T17:23:18.372+0000] {logging_mixin.py:190} INFO - [2026-09-25T17:23:18.371+0000] {dag.py:4180} INFO - Setting next_dagrun for example_short_circuit_decorator to None, run_after=None
[2026-09-25T17:23:18.487+0000] {processor.py:208} INFO - Processing /home/airflow/.local/lib/python3.12/site-packages/airflow/example_dags/example_short_circuit_decorator.py took 0.512 seconds
[2026-09-25T17:23:51.623+0000] {processor.py:186} INFO - Started process (PID=2441) to work on /home/airflow/.local/lib/python3.12/site-packages/airflow/example_dags/example_short_circuit_decorator.py
[2026-09-25T17:23:51.630+0000] {processor.py:914} INFO - Processing file /home/airflow/.local/lib/python3.12/site-packages/airflow/example_dags/example_short_circuit_decorator.py for tasks to queue
[2026-09-25T17:23:51.648+0000] {logging_mixin.py:190} INFO - [2026-09-25T17:23:51.645+0000] {dagbag.py:588} INFO - Filling up the DagBag from /home/airflow/.local/lib/python3.12/site-packages/airflow/example_dags/example_short_circuit_decorator.py
[2026-09-25T17:23:51.766+0000] {processor.py:925} INFO - DAG(s) 'example_short_circuit_decorator' retrieved from /home/airflow/.local/lib/python3.12/site-packages/airflow/example_dags/example_short_circuit_decorator.py
[2026-09-25T17:23:52.120+0000] {logging_mixin.py:190} INFO - [2026-09-25T17:23:52.119+0000] {dag.py:3239} INFO - Sync 1 DAGs
[2026-09-25T17:23:52.291+0000] {logging_mixin.py:190} INFO - [2026-09-25T17:23:52.291+0000] {dag.py:4180} INFO - Setting next_dagrun for example_short_circuit_decorator to None, run_after=None
[2026-09-25T17:23:52.550+0000] {processor.py:208} INFO - Processing /home/airflow/.local/lib/python3.12/site-packages/airflow/example_dags/example_short_circuit_decorator.py took 0.963 seconds
[2026-09-25T17:24:26.472+0000] {processor.py:186} INFO - Started process (PID=2503) to work on /home/airflow/.local/lib/python3.12/site-packages/airflow/example_dags/example_short_circuit_decorator.py
[2026-09-25T17:24:26.501+0000] {processor.py:914} INFO - Processing file /home/airflow/.local/lib/python3.12/site-packages/airflow/example_dags/example_short_circuit_decorator.py for tasks to queue
[2026-09-25T17:24:26.517+0000] {logging_mixin.py:190} INFO - [2026-09-25T17:24:26.516+0000] {dagbag.py:588} INFO - Filling up the DagBag from /home/airflow/.local/lib/python3.12/site-packages/airflow/example_dags/example_short_circuit_decorator.py
[2026-09-25T17:24:26.614+0000] {processor.py:925} INFO - DAG(s) 'example_short_circuit_decorator' retrieved from /home/airflow/.local/lib/python3.12/site-packages/airflow/example_dags/example_short_circuit_decorator.py
[2026-09-25T17:24:26.813+0000] {logging_mixin.py:190} INFO - [2026-09-25T17:24:26.812+0000] {dag.py:3239} INFO - Sync 1 DAGs
[2026-09-25T17:24:26.891+0000] {logging_mixin.py:190} INFO - [2026-09-25T17:24:26.891+0000] {dag.py:4180} INFO - Setting next_dagrun for example_short_circuit_decorator to None, run_after=None
[2026-09-25T17:24:26.964+0000] {processor.py:208} INFO - Processing /home/airflow/.local/lib/python3.12/site-packages/airflow/example_dags/example_short_circuit_decorator.py took 0.563 seconds
[2026-09-25T17:24:57.660+0000] {processor.py:186} INFO - Started process (PID=2566) to work on /home/airflow/.local/lib/python3.12/site-packages/airflow/example_dags/example_short_circuit_decorator.py
[2026-09-25T17:24:57.666+0000] {processor.py:914} INFO - Processing file /home/airflow/.local/lib/python3.12/site-packages/airflow/example_dags/example_short_circuit_decorator.py for tasks to queue
[2026-09-25T17:24:57.691+0000] {logging_mixin.py:190} INFO - [2026-09-25T17:24:57.682+0000] {dagbag.py:588} INFO - Filling up the DagBag from /home/airflow/.local/lib/python3.12/site-packages/airflow/example_dags/example_short_circuit_decorator.py
[2026-09-25T17:24:57.819+0000] {processor.py:925} INFO - DAG(s) 'example_short_circuit_decorator' retrieved from /home/airflow/.local/lib/python3.12/site-packages/airflow/example_dags/example_short_circuit_decorator.py
[2026-09-25T17:24:58.039+0000] {logging_mixin.py:190} INFO - [2026-09-25T17:24:58.038+0000] {dag.py:3239} INFO - Sync 1 DAGs
[2026-09-25T17:24:58.209+0000] {logging_mixin.py:190} INFO - [2026-09-25T17:24:58.208+0000] {dag.py:4180} INFO - Setting next_dagrun for example_short_circuit_decorator to None, run_after=None
[2026-09-25T17:24:58.413+0000] {processor.py:208} INFO - Processing /home/airflow/.local/lib/python3.12/site-packages/airflow/example_dags/example_short_circuit_decorator.py took 0.791 seconds
