[2026-09-25T16:15:42.524+0000] {processor.py:186} INFO - Started process (PID=107) to work on /home/airflow/.local/lib/python3.12/site-packages/airflow/example_dags/example_dataset_alias.py
[2026-09-25T16:15:42.556+0000] {processor.py:914} INFO - Processing file /home/airflow/.local/lib/python3.12/site-packages/airflow/example_dags/example_dataset_alias.py for tasks to queue
[2026-09-25T16:15:42.582+0000] {logging_mixin.py:190} INFO - [2026-09-25T16:15:42.581+0000] {dagbag.py:588} INFO - Filling up the DagBag from /home/airflow/.local/lib/python3.12/site-packages/airflow/example_dags/example_dataset_alias.py
[2026-09-25T16:15:52.411+0000] {processor.py:925} INFO - DAG(s) 'dataset_alias_example_alias_producer', 'dataset_s3_bucket_consumer', 'dataset_alias_example_alias_consumer', 'dataset_s3_bucket_producer' retrieved from /home/airflow/.local/lib/python3.12/site-packages/airflow/example_dags/example_dataset_alias.py
[2026-09-25T16:15:56.042+0000] {logging_mixin.py:190} INFO - [2026-09-25T16:15:56.039+0000] {override.py:1912} INFO - Created Permission View: can read on DAG:dataset_alias_example_alias_producer
[2026-09-25T16:15:56.140+0000] {logging_mixin.py:190} INFO - [2026-09-25T16:15:56.140+0000] {override.py:1912} INFO - Created Permission View: can delete on DAG:dataset_alias_example_alias_producer
[2026-09-25T16:15:56.221+0000] {logging_mixin.py:190} INFO - [2026-09-25T16:15:56.220+0000] {override.py:1912} INFO - Created Permission View: can edit on DAG:dataset_alias_example_alias_producer
[2026-09-25T16:15:56.369+0000] {logging_mixin.py:190} INFO - [2026-09-25T16:15:56.368+0000] {override.py:1912} INFO - Created Permission View: can read on DAG Run:dataset_alias_example_alias_producer
[2026-09-25T16:15:56.514+0000] {logging_mixin.py:190} INFO - [2026-09-25T16:15:56.512+0000] {override.py:1912} INFO - Created Permission View: can delete on DAG Run:dataset_alias_example_alias_producer
[2026-09-25T16:15:56.592+0000] {logging_mixin.py:190} INFO - [2026-09-25T16:15:56.591+0000] {override.py:1912} INFO - Created Permission View: menu access on DAG Run:dataset_alias_example_alias_producer
[2026-09-25T16:15:56.675+0000] {logging_mixin.py:190} INFO - [2026-09-25T16:15:56.674+0000] {override.py:1912} INFO - Created Permission View: can create on DAG Run:dataset_alias_example_alias_producer
[2026-09-25T16:15:56.892+0000] {logging_mixin.py:190} INFO - [2026-09-25T16:15:56.890+0000] {override.py:1912} INFO - Created Permission View: can read on DAG:dataset_s3_bucket_consumer
[2026-09-25T16:15:57.038+0000] {logging_mixin.py:190} INFO - [2026-09-25T16:15:57.033+0000] {override.py:1912} INFO - Created Permission View: can delete on DAG:dataset_s3_bucket_consumer
[2026-09-25T16:15:57.173+0000] {logging_mixin.py:190} INFO - [2026-09-25T16:15:57.172+0000] {override.py:1912} INFO - Created Permission View: can edit on DAG:dataset_s3_bucket_consumer
[2026-09-25T16:15:57.234+0000] {logging_mixin.py:190} INFO - [2026-09-25T16:15:57.227+0000] {override.py:1912} INFO - Created Permission View: can read on DAG Run:dataset_s3_bucket_consumer
[2026-09-25T16:15:57.270+0000] {logging_mixin.py:190} INFO - [2026-09-25T16:15:57.268+0000] {override.py:1912} INFO - Created Permission View: can delete on DAG Run:dataset_s3_bucket_consumer
[2026-09-25T16:15:57.339+0000] {logging_mixin.py:190} INFO - [2026-09-25T16:15:57.338+0000] {override.py:1912} INFO - Created Permission View: menu access on DAG Run:dataset_s3_bucket_consumer
[2026-09-25T16:15:57.382+0000] {logging_mixin.py:190} INFO - [2026-09-25T16:15:57.378+0000] {override.py:1912} INFO - Created Permission View: can create on DAG Run:dataset_s3_bucket_consumer
[2026-09-25T16:15:57.536+0000] {logging_mixin.py:190} INFO - [2026-09-25T16:15:57.533+0000] {override.py:1912} INFO - Created Permission View: can read on DAG:dataset_alias_example_alias_consumer
[2026-09-25T16:15:57.595+0000] {logging_mixin.py:190} INFO - [2026-09-25T16:15:57.594+0000] {override.py:1912} INFO - Created Permission View: can delete on DAG:dataset_alias_example_alias_consumer
[2026-09-25T16:15:57.644+0000] {logging_mixin.py:190} INFO - [2026-09-25T16:15:57.644+0000] {override.py:1912} INFO - Created Permission View: can edit on DAG:dataset_alias_example_alias_consumer
[2026-09-25T16:15:57.737+0000] {logging_mixin.py:190} INFO - [2026-09-25T16:15:57.736+0000] {override.py:1912} INFO - Created Permission View: can read on DAG Run:dataset_alias_example_alias_consumer
[2026-09-25T16:15:57.887+0000] {logging_mixin.py:190} INFO - [2026-09-25T16:15:57.884+0000] {override.py:1912} INFO - Created Permission View: can delete on DAG Run:dataset_alias_example_alias_consumer
[2026-09-25T16:15:57.938+0000] {logging_mixin.py:190} INFO - [2026-09-25T16:15:57.937+0000] {override.py:1912} INFO - Created Permission View: menu access on DAG Run:dataset_alias_example_alias_consumer
[2026-09-25T16:15:57.994+0000] {logging_mixin.py:190} INFO - [2026-09-25T16:15:57.994+0000] {override.py:1912} INFO - Created Permission View: can create on DAG Run:dataset_alias_example_alias_consumer
[2026-09-25T16:15:58.102+0000] {logging_mixin.py:190} INFO - [2026-09-25T16:15:58.101+0000] {override.py:1912} INFO - Created Permission View: can read on DAG:dataset_s3_bucket_producer
[2026-09-25T16:15:58.200+0000] {logging_mixin.py:190} INFO - [2026-09-25T16:15:58.198+0000] {override.py:1912} INFO - Created Permission View: can delete on DAG:dataset_s3_bucket_producer
[2026-09-25T16:15:58.257+0000] {logging_mixin.py:190} INFO - [2026-09-25T16:15:58.256+0000] {override.py:1912} INFO - Created Permission View: can edit on DAG:dataset_s3_bucket_producer
[2026-09-25T16:15:58.357+0000] {logging_mixin.py:190} INFO - [2026-09-25T16:15:58.341+0000] {override.py:1912} INFO - Created Permission View: can read on DAG Run:dataset_s3_bucket_producer
[2026-09-25T16:15:58.457+0000] {logging_mixin.py:190} INFO - [2026-09-25T16:15:58.456+0000] {override.py:1912} INFO - Created Permission View: can delete on DAG Run:dataset_s3_bucket_producer
[2026-09-25T16:15:58.586+0000] {logging_mixin.py:190} INFO - [2026-09-25T16:15:58.578+0000] {override.py:1912} INFO - Created Permission View: menu access on DAG Run:dataset_s3_bucket_producer
[2026-09-25T16:15:58.698+0000] {logging_mixin.py:190} INFO - [2026-09-25T16:15:58.697+0000] {override.py:1912} INFO - Created Permission View: can create on DAG Run:dataset_s3_bucket_producer
[2026-09-25T16:15:58.704+0000] {logging_mixin.py:190} INFO - [2026-09-25T16:15:58.703+0000] {dag.py:3239} INFO - Sync 4 DAGs
[2026-09-25T16:15:58.951+0000] {logging_mixin.py:190} INFO - [2026-09-25T16:15:58.943+0000] {dag.py:3262} INFO - Creating ORM DAG for dataset_alias_example_alias_producer
[2026-09-25T16:15:58.964+0000] {logging_mixin.py:190} INFO - [2026-09-25T16:15:58.963+0000] {dag.py:3262} INFO - Creating ORM DAG for dataset_s3_bucket_producer
[2026-09-25T16:15:58.975+0000] {logging_mixin.py:190} INFO - [2026-09-25T16:15:58.974+0000] {dag.py:3262} INFO - Creating ORM DAG for dataset_alias_example_alias_consumer
[2026-09-25T16:15:58.986+0000] {logging_mixin.py:190} INFO - [2026-09-25T16:15:58.985+0000] {dag.py:3262} INFO - Creating ORM DAG for dataset_s3_bucket_consumer
[2026-09-25T16:15:59.188+0000] {logging_mixin.py:190} INFO - [2026-09-25T16:15:59.091+0000] {dag.py:4180} INFO - Setting next_dagrun for dataset_alias_example_alias_consumer to None, run_after=None
[2026-09-25T16:15:59.234+0000] {logging_mixin.py:190} INFO - [2026-09-25T16:15:59.230+0000] {dag.py:4180} INFO - Setting next_dagrun for dataset_alias_example_alias_producer to None, run_after=None
[2026-09-25T16:15:59.256+0000] {logging_mixin.py:190} INFO - [2026-09-25T16:15:59.255+0000] {dag.py:4180} INFO - Setting next_dagrun for dataset_s3_bucket_consumer to None, run_after=None
[2026-09-25T16:15:59.338+0000] {logging_mixin.py:190} INFO - [2026-09-25T16:15:59.337+0000] {dag.py:4180} INFO - Setting next_dagrun for dataset_s3_bucket_producer to None, run_after=None
[2026-09-25T16:16:00.086+0000] {processor.py:208} INFO - Processing /home/airflow/.local/lib/python3.12/site-packages/airflow/example_dags/example_dataset_alias.py took 17.617 seconds
[2026-09-25T16:18:30.204+0000] {processor.py:186} INFO - Started process (PID=200) to work on /home/airflow/.local/lib/python3.12/site-packages/airflow/example_dags/example_dataset_alias.py
[2026-09-25T16:18:30.220+0000] {processor.py:914} INFO - Processing file /home/airflow/.local/lib/python3.12/site-packages/airflow/example_dags/example_dataset_alias.py for tasks to queue
[2026-09-25T16:18:30.417+0000] {logging_mixin.py:190} INFO - [2026-09-25T16:18:30.413+0000] {dagbag.py:588} INFO - Filling up the DagBag from /home/airflow/.local/lib/python3.12/site-packages/airflow/example_dags/example_dataset_alias.py
[2026-09-25T16:18:47.547+0000] {processor.py:925} INFO - DAG(s) 'dataset_s3_bucket_consumer', 'dataset_alias_example_alias_producer', 'dataset_s3_bucket_producer', 'dataset_alias_example_alias_consumer' retrieved from /home/airflow/.local/lib/python3.12/site-packages/airflow/example_dags/example_dataset_alias.py
[2026-09-25T16:18:47.719+0000] {logging_mixin.py:190} INFO - [2026-09-25T16:18:47.718+0000] {dag.py:3239} INFO - Sync 4 DAGs
[2026-09-25T16:18:48.808+0000] {logging_mixin.py:190} INFO - [2026-09-25T16:18:48.805+0000] {dag.py:4180} INFO - Setting next_dagrun for dataset_alias_example_alias_consumer to None, run_after=None
[2026-09-25T16:18:48.878+0000] {logging_mixin.py:190} INFO - [2026-09-25T16:18:48.877+0000] {dag.py:4180} INFO - Setting next_dagrun for dataset_alias_example_alias_producer to None, run_after=None
[2026-09-25T16:18:48.943+0000] {logging_mixin.py:190} INFO - [2026-09-25T16:18:48.932+0000] {dag.py:4180} INFO - Setting next_dagrun for dataset_s3_bucket_consumer to None, run_after=None
[2026-09-25T16:18:49.133+0000] {logging_mixin.py:190} INFO - [2026-09-25T16:18:49.132+0000] {dag.py:4180} INFO - Setting next_dagrun for dataset_s3_bucket_producer to None, run_after=None
[2026-09-25T16:18:51.035+0000] {processor.py:208} INFO - Processing /home/airflow/.local/lib/python3.12/site-packages/airflow/example_dags/example_dataset_alias.py took 20.941 seconds
[2026-09-25T16:20:34.874+0000] {processor.py:186} INFO - Started process (PID=314) to work on /home/airflow/.local/lib/python3.12/site-packages/airflow/example_dags/example_dataset_alias.py
[2026-09-25T16:20:34.899+0000] {processor.py:914} INFO - Processing file /home/airflow/.local/lib/python3.12/site-packages/airflow/example_dags/example_dataset_alias.py for tasks to queue
[2026-09-25T16:20:34.939+0000] {logging_mixin.py:190} INFO - [2026-09-25T16:20:34.935+0000] {dagbag.py:588} INFO - Filling up the DagBag from /home/airflow/.local/lib/python3.12/site-packages/airflow/example_dags/example_dataset_alias.py
[2026-09-25T16:20:54.959+0000] {processor.py:925} INFO - DAG(s) 'dataset_alias_example_alias_producer', 'dataset_alias_example_alias_consumer', 'dataset_s3_bucket_producer', 'dataset_s3_bucket_consumer' retrieved from /home/airflow/.local/lib/python3.12/site-packages/airflow/example_dags/example_dataset_alias.py
[2026-09-25T16:20:55.311+0000] {logging_mixin.py:190} INFO - [2026-09-25T16:20:55.310+0000] {dag.py:3239} INFO - Sync 4 DAGs
[2026-09-25T16:20:56.238+0000] {logging_mixin.py:190} INFO - [2026-09-25T16:20:56.237+0000] {dag.py:4180} INFO - Setting next_dagrun for dataset_alias_example_alias_consumer to None, run_after=None
[2026-09-25T16:20:56.309+0000] {logging_mixin.py:190} INFO - [2026-09-25T16:20:56.308+0000] {dag.py:4180} INFO - Setting next_dagrun for dataset_alias_example_alias_producer to None, run_after=None
[2026-09-25T16:20:56.315+0000] {logging_mixin.py:190} INFO - [2026-09-25T16:20:56.315+0000] {dag.py:4180} INFO - Setting next_dagrun for dataset_s3_bucket_consumer to None, run_after=None
[2026-09-25T16:20:56.348+0000] {logging_mixin.py:190} INFO - [2026-09-25T16:20:56.347+0000] {dag.py:4180} INFO - Setting next_dagrun for dataset_s3_bucket_producer to None, run_after=None
[2026-09-25T16:20:56.602+0000] {processor.py:208} INFO - Processing /home/airflow/.local/lib/python3.12/site-packages/airflow/example_dags/example_dataset_alias.py took 21.858 seconds
[2026-09-25T16:21:37.470+0000] {processor.py:186} INFO - Started process (PID=382) to work on /home/airflow/.local/lib/python3.12/site-packages/airflow/example_dags/example_dataset_alias.py
[2026-09-25T16:21:37.473+0000] {processor.py:914} INFO - Processing file /home/airflow/.local/lib/python3.12/site-packages/airflow/example_dags/example_dataset_alias.py for tasks to queue
[2026-09-25T16:21:37.479+0000] {logging_mixin.py:190} INFO - [2026-09-25T16:21:37.477+0000] {dagbag.py:588} INFO - Filling up the DagBag from /home/airflow/.local/lib/python3.12/site-packages/airflow/example_dags/example_dataset_alias.py
[2026-09-25T16:21:39.343+0000] {processor.py:925} INFO - DAG(s) 'dataset_s3_bucket_consumer', 'dataset_s3_bucket_producer', 'dataset_alias_example_alias_producer', 'dataset_alias_example_alias_consumer' retrieved from /home/airflow/.local/lib/python3.12/site-packages/airflow/example_dags/example_dataset_alias.py
[2026-09-25T16:21:39.410+0000] {logging_mixin.py:190} INFO - [2026-09-25T16:21:39.408+0000] {dag.py:3239} INFO - Sync 4 DAGs
[2026-09-25T16:21:39.537+0000] {logging_mixin.py:190} INFO - [2026-09-25T16:21:39.537+0000] {dag.py:4180} INFO - Setting next_dagrun for dataset_alias_example_alias_consumer to None, run_after=None
[2026-09-25T16:21:39.565+0000] {logging_mixin.py:190} INFO - [2026-09-25T16:21:39.564+0000] {dag.py:4180} INFO - Setting next_dagrun for dataset_alias_example_alias_producer to None, run_after=None
[2026-09-25T16:21:39.573+0000] {logging_mixin.py:190} INFO - [2026-09-25T16:21:39.573+0000] {dag.py:4180} INFO - Setting next_dagrun for dataset_s3_bucket_consumer to None, run_after=None
[2026-09-25T16:21:39.578+0000] {logging_mixin.py:190} INFO - [2026-09-25T16:21:39.578+0000] {dag.py:4180} INFO - Setting next_dagrun for dataset_s3_bucket_producer to None, run_after=None
[2026-09-25T16:21:39.659+0000] {processor.py:208} INFO - Processing /home/airflow/.local/lib/python3.12/site-packages/airflow/example_dags/example_dataset_alias.py took 2.202 seconds
[2026-09-25T16:22:39.209+0000] {processor.py:186} INFO - Started process (PID=440) to work on /home/airflow/.local/lib/python3.12/site-packages/airflow/example_dags/example_dataset_alias.py
[2026-09-25T16:22:39.218+0000] {processor.py:914} INFO - Processing file /home/airflow/.local/lib/python3.12/site-packages/airflow/example_dags/example_dataset_alias.py for tasks to queue
[2026-09-25T16:22:39.246+0000] {logging_mixin.py:190} INFO - [2026-09-25T16:22:39.245+0000] {dagbag.py:588} INFO - Filling up the DagBag from /home/airflow/.local/lib/python3.12/site-packages/airflow/example_dags/example_dataset_alias.py
[2026-09-25T16:22:50.485+0000] {processor.py:925} INFO - DAG(s) 'dataset_s3_bucket_consumer', 'dataset_s3_bucket_producer', 'dataset_alias_example_alias_consumer', 'dataset_alias_example_alias_producer' retrieved from /home/airflow/.local/lib/python3.12/site-packages/airflow/example_dags/example_dataset_alias.py
[2026-09-25T16:22:50.625+0000] {logging_mixin.py:190} INFO - [2026-09-25T16:22:50.622+0000] {dag.py:3239} INFO - Sync 4 DAGs
[2026-09-25T16:22:50.813+0000] {logging_mixin.py:190} INFO - [2026-09-25T16:22:50.812+0000] {dag.py:4180} INFO - Setting next_dagrun for dataset_alias_example_alias_consumer to None, run_after=None
[2026-09-25T16:22:50.836+0000] {logging_mixin.py:190} INFO - [2026-09-25T16:22:50.835+0000] {dag.py:4180} INFO - Setting next_dagrun for dataset_alias_example_alias_producer to None, run_after=None
[2026-09-25T16:22:50.842+0000] {logging_mixin.py:190} INFO - [2026-09-25T16:22:50.842+0000] {dag.py:4180} INFO - Setting next_dagrun for dataset_s3_bucket_consumer to None, run_after=None
[2026-09-25T16:22:50.876+0000] {logging_mixin.py:190} INFO - [2026-09-25T16:22:50.873+0000] {dag.py:4180} INFO - Setting next_dagrun for dataset_s3_bucket_producer to None, run_after=None
[2026-09-25T16:22:51.101+0000] {processor.py:208} INFO - Processing /home/airflow/.local/lib/python3.12/site-packages/airflow/example_dags/example_dataset_alias.py took 11.985 seconds
[2026-09-25T16:23:21.544+0000] {processor.py:186} INFO - Started process (PID=503) to work on /home/airflow/.local/lib/python3.12/site-packages/airflow/example_dags/example_dataset_alias.py
[2026-09-25T16:23:21.555+0000] {processor.py:914} INFO - Processing file /home/airflow/.local/lib/python3.12/site-packages/airflow/example_dags/example_dataset_alias.py for tasks to queue
[2026-09-25T16:23:21.561+0000] {logging_mixin.py:190} INFO - [2026-09-25T16:23:21.561+0000] {dagbag.py:588} INFO - Filling up the DagBag from /home/airflow/.local/lib/python3.12/site-packages/airflow/example_dags/example_dataset_alias.py
[2026-09-25T16:23:24.725+0000] {processor.py:925} INFO - DAG(s) 'dataset_s3_bucket_producer', 'dataset_alias_example_alias_producer', 'dataset_s3_bucket_consumer', 'dataset_alias_example_alias_consumer' retrieved from /home/airflow/.local/lib/python3.12/site-packages/airflow/example_dags/example_dataset_alias.py
[2026-09-25T16:23:24.857+0000] {logging_mixin.py:190} INFO - [2026-09-25T16:23:24.855+0000] {dag.py:3239} INFO - Sync 4 DAGs
[2026-09-25T16:23:24.931+0000] {logging_mixin.py:190} INFO - [2026-09-25T16:23:24.930+0000] {dag.py:4180} INFO - Setting next_dagrun for dataset_alias_example_alias_consumer to None, run_after=None
[2026-09-25T16:23:24.937+0000] {logging_mixin.py:190} INFO - [2026-09-25T16:23:24.937+0000] {dag.py:4180} INFO - Setting next_dagrun for dataset_alias_example_alias_producer to None, run_after=None
[2026-09-25T16:23:24.941+0000] {logging_mixin.py:190} INFO - [2026-09-25T16:23:24.941+0000] {dag.py:4180} INFO - Setting next_dagrun for dataset_s3_bucket_consumer to None, run_after=None
[2026-09-25T16:23:24.946+0000] {logging_mixin.py:190} INFO - [2026-09-25T16:23:24.945+0000] {dag.py:4180} INFO - Setting next_dagrun for dataset_s3_bucket_producer to None, run_after=None
[2026-09-25T16:23:25.102+0000] {processor.py:208} INFO - Processing /home/airflow/.local/lib/python3.12/site-packages/airflow/example_dags/example_dataset_alias.py took 3.589 seconds
[2026-09-25T16:23:55.946+0000] {processor.py:186} INFO - Started process (PID=566) to work on /home/airflow/.local/lib/python3.12/site-packages/airflow/example_dags/example_dataset_alias.py
[2026-09-25T16:23:55.962+0000] {processor.py:914} INFO - Processing file /home/airflow/.local/lib/python3.12/site-packages/airflow/example_dags/example_dataset_alias.py for tasks to queue
[2026-09-25T16:23:55.970+0000] {logging_mixin.py:190} INFO - [2026-09-25T16:23:55.968+0000] {dagbag.py:588} INFO - Filling up the DagBag from /home/airflow/.local/lib/python3.12/site-packages/airflow/example_dags/example_dataset_alias.py
[2026-09-25T16:24:02.061+0000] {processor.py:925} INFO - DAG(s) 'dataset_s3_bucket_producer', 'dataset_s3_bucket_consumer', 'dataset_alias_example_alias_producer', 'dataset_alias_example_alias_consumer' retrieved from /home/airflow/.local/lib/python3.12/site-packages/airflow/example_dags/example_dataset_alias.py
[2026-09-25T16:24:02.332+0000] {logging_mixin.py:190} INFO - [2026-09-25T16:24:02.327+0000] {dag.py:3239} INFO - Sync 4 DAGs
[2026-09-25T16:24:02.517+0000] {logging_mixin.py:190} INFO - [2026-09-25T16:24:02.517+0000] {dag.py:4180} INFO - Setting next_dagrun for dataset_alias_example_alias_consumer to None, run_after=None
[2026-09-25T16:24:02.528+0000] {logging_mixin.py:190} INFO - [2026-09-25T16:24:02.528+0000] {dag.py:4180} INFO - Setting next_dagrun for dataset_alias_example_alias_producer to None, run_after=None
[2026-09-25T16:24:02.536+0000] {logging_mixin.py:190} INFO - [2026-09-25T16:24:02.536+0000] {dag.py:4180} INFO - Setting next_dagrun for dataset_s3_bucket_consumer to None, run_after=None
[2026-09-25T16:24:02.541+0000] {logging_mixin.py:190} INFO - [2026-09-25T16:24:02.541+0000] {dag.py:4180} INFO - Setting next_dagrun for dataset_s3_bucket_producer to None, run_after=None
[2026-09-25T16:24:02.740+0000] {processor.py:208} INFO - Processing /home/airflow/.local/lib/python3.12/site-packages/airflow/example_dags/example_dataset_alias.py took 6.816 seconds
[2026-09-25T16:24:34.055+0000] {processor.py:186} INFO - Started process (PID=629) to work on /home/airflow/.local/lib/python3.12/site-packages/airflow/example_dags/example_dataset_alias.py
[2026-09-25T16:24:34.070+0000] {processor.py:914} INFO - Processing file /home/airflow/.local/lib/python3.12/site-packages/airflow/example_dags/example_dataset_alias.py for tasks to queue
[2026-09-25T16:24:34.231+0000] {logging_mixin.py:190} INFO - [2026-09-25T16:24:34.230+0000] {dagbag.py:588} INFO - Filling up the DagBag from /home/airflow/.local/lib/python3.12/site-packages/airflow/example_dags/example_dataset_alias.py
[2026-09-25T16:24:39.067+0000] {processor.py:925} INFO - DAG(s) 'dataset_alias_example_alias_producer', 'dataset_alias_example_alias_consumer', 'dataset_s3_bucket_consumer', 'dataset_s3_bucket_producer' retrieved from /home/airflow/.local/lib/python3.12/site-packages/airflow/example_dags/example_dataset_alias.py
[2026-09-25T16:24:39.188+0000] {logging_mixin.py:190} INFO - [2026-09-25T16:24:39.186+0000] {dag.py:3239} INFO - Sync 4 DAGs
[2026-09-25T16:24:39.484+0000] {logging_mixin.py:190} INFO - [2026-09-25T16:24:39.480+0000] {dag.py:4180} INFO - Setting next_dagrun for dataset_alias_example_alias_consumer to None, run_after=None
[2026-09-25T16:24:39.545+0000] {logging_mixin.py:190} INFO - [2026-09-25T16:24:39.544+0000] {dag.py:4180} INFO - Setting next_dagrun for dataset_alias_example_alias_producer to None, run_after=None
[2026-09-25T16:24:39.562+0000] {logging_mixin.py:190} INFO - [2026-09-25T16:24:39.562+0000] {dag.py:4180} INFO - Setting next_dagrun for dataset_s3_bucket_consumer to None, run_after=None
[2026-09-25T16:24:39.582+0000] {logging_mixin.py:190} INFO - [2026-09-25T16:24:39.582+0000] {dag.py:4180} INFO - Setting next_dagrun for dataset_s3_bucket_producer to None, run_after=None
[2026-09-25T16:24:39.947+0000] {processor.py:208} INFO - Processing /home/airflow/.local/lib/python3.12/site-packages/airflow/example_dags/example_dataset_alias.py took 5.960 seconds
[2026-09-25T16:25:14.332+0000] {processor.py:186} INFO - Started process (PID=697) to work on /home/airflow/.local/lib/python3.12/site-packages/airflow/example_dags/example_dataset_alias.py
[2026-09-25T16:25:14.334+0000] {processor.py:914} INFO - Processing file /home/airflow/.local/lib/python3.12/site-packages/airflow/example_dags/example_dataset_alias.py for tasks to queue
[2026-09-25T16:25:14.342+0000] {logging_mixin.py:190} INFO - [2026-09-25T16:25:14.341+0000] {dagbag.py:588} INFO - Filling up the DagBag from /home/airflow/.local/lib/python3.12/site-packages/airflow/example_dags/example_dataset_alias.py
[2026-09-25T16:25:17.683+0000] {processor.py:925} INFO - DAG(s) 'dataset_alias_example_alias_producer', 'dataset_s3_bucket_producer', 'dataset_alias_example_alias_consumer', 'dataset_s3_bucket_consumer' retrieved from /home/airflow/.local/lib/python3.12/site-packages/airflow/example_dags/example_dataset_alias.py
[2026-09-25T16:25:17.770+0000] {logging_mixin.py:190} INFO - [2026-09-25T16:25:17.769+0000] {dag.py:3239} INFO - Sync 4 DAGs
[2026-09-25T16:25:17.978+0000] {logging_mixin.py:190} INFO - [2026-09-25T16:25:17.977+0000] {dag.py:4180} INFO - Setting next_dagrun for dataset_alias_example_alias_consumer to None, run_after=None
[2026-09-25T16:25:18.005+0000] {logging_mixin.py:190} INFO - [2026-09-25T16:25:17.993+0000] {dag.py:4180} INFO - Setting next_dagrun for dataset_alias_example_alias_producer to None, run_after=None
[2026-09-25T16:25:18.016+0000] {logging_mixin.py:190} INFO - [2026-09-25T16:25:18.015+0000] {dag.py:4180} INFO - Setting next_dagrun for dataset_s3_bucket_consumer to None, run_after=None
[2026-09-25T16:25:18.023+0000] {logging_mixin.py:190} INFO - [2026-09-25T16:25:18.022+0000] {dag.py:4180} INFO - Setting next_dagrun for dataset_s3_bucket_producer to None, run_after=None
[2026-09-25T16:25:18.236+0000] {processor.py:208} INFO - Processing /home/airflow/.local/lib/python3.12/site-packages/airflow/example_dags/example_dataset_alias.py took 3.921 seconds
[2026-09-25T16:25:54.976+0000] {processor.py:186} INFO - Started process (PID=761) to work on /home/airflow/.local/lib/python3.12/site-packages/airflow/example_dags/example_dataset_alias.py
[2026-09-25T16:25:54.979+0000] {processor.py:914} INFO - Processing file /home/airflow/.local/lib/python3.12/site-packages/airflow/example_dags/example_dataset_alias.py for tasks to queue
[2026-09-25T16:25:54.986+0000] {logging_mixin.py:190} INFO - [2026-09-25T16:25:54.985+0000] {dagbag.py:588} INFO - Filling up the DagBag from /home/airflow/.local/lib/python3.12/site-packages/airflow/example_dags/example_dataset_alias.py
[2026-09-25T16:25:57.770+0000] {processor.py:925} INFO - DAG(s) 'dataset_s3_bucket_consumer', 'dataset_s3_bucket_producer', 'dataset_alias_example_alias_producer', 'dataset_alias_example_alias_consumer' retrieved from /home/airflow/.local/lib/python3.12/site-packages/airflow/example_dags/example_dataset_alias.py
[2026-09-25T16:25:57.933+0000] {logging_mixin.py:190} INFO - [2026-09-25T16:25:57.932+0000] {dag.py:3239} INFO - Sync 4 DAGs
[2026-09-25T16:25:58.073+0000] {logging_mixin.py:190} INFO - [2026-09-25T16:25:58.072+0000] {dag.py:4180} INFO - Setting next_dagrun for dataset_alias_example_alias_consumer to None, run_after=None
[2026-09-25T16:25:58.086+0000] {logging_mixin.py:190} INFO - [2026-09-25T16:25:58.086+0000] {dag.py:4180} INFO - Setting next_dagrun for dataset_alias_example_alias_producer to None, run_after=None
[2026-09-25T16:25:58.119+0000] {logging_mixin.py:190} INFO - [2026-09-25T16:25:58.118+0000] {dag.py:4180} INFO - Setting next_dagrun for dataset_s3_bucket_consumer to None, run_after=None
[2026-09-25T16:25:58.135+0000] {logging_mixin.py:190} INFO - [2026-09-25T16:25:58.134+0000] {dag.py:4180} INFO - Setting next_dagrun for dataset_s3_bucket_producer to None, run_after=None
[2026-09-25T16:25:58.378+0000] {processor.py:208} INFO - Processing /home/airflow/.local/lib/python3.12/site-packages/airflow/example_dags/example_dataset_alias.py took 3.423 seconds
[2026-09-25T16:26:29.221+0000] {processor.py:186} INFO - Started process (PID=826) to work on /home/airflow/.local/lib/python3.12/site-packages/airflow/example_dags/example_dataset_alias.py
[2026-09-25T16:26:29.227+0000] {processor.py:914} INFO - Processing file /home/airflow/.local/lib/python3.12/site-packages/airflow/example_dags/example_dataset_alias.py for tasks to queue
[2026-09-25T16:26:29.237+0000] {logging_mixin.py:190} INFO - [2026-09-25T16:26:29.236+0000] {dagbag.py:588} INFO - Filling up the DagBag from /home/airflow/.local/lib/python3.12/site-packages/airflow/example_dags/example_dataset_alias.py
[2026-09-25T16:26:30.597+0000] {processor.py:925} INFO - DAG(s) 'dataset_alias_example_alias_producer', 'dataset_alias_example_alias_consumer', 'dataset_s3_bucket_producer', 'dataset_s3_bucket_consumer' retrieved from /home/airflow/.local/lib/python3.12/site-packages/airflow/example_dags/example_dataset_alias.py
[2026-09-25T16:26:30.658+0000] {logging_mixin.py:190} INFO - [2026-09-25T16:26:30.657+0000] {dag.py:3239} INFO - Sync 4 DAGs
[2026-09-25T16:26:30.703+0000] {logging_mixin.py:190} INFO - [2026-09-25T16:26:30.703+0000] {dag.py:4180} INFO - Setting next_dagrun for dataset_alias_example_alias_consumer to None, run_after=None
[2026-09-25T16:26:30.709+0000] {logging_mixin.py:190} INFO - [2026-09-25T16:26:30.709+0000] {dag.py:4180} INFO - Setting next_dagrun for dataset_alias_example_alias_producer to None, run_after=None
[2026-09-25T16:26:30.713+0000] {logging_mixin.py:190} INFO - [2026-09-25T16:26:30.713+0000] {dag.py:4180} INFO - Setting next_dagrun for dataset_s3_bucket_consumer to None, run_after=None
[2026-09-25T16:26:30.717+0000] {logging_mixin.py:190} INFO - [2026-09-25T16:26:30.716+0000] {dag.py:4180} INFO - Setting next_dagrun for dataset_s3_bucket_producer to None, run_after=None
[2026-09-25T16:26:30.759+0000] {processor.py:208} INFO - Processing /home/airflow/.local/lib/python3.12/site-packages/airflow/example_dags/example_dataset_alias.py took 1.570 seconds
[2026-09-25T16:27:02.721+0000] {processor.py:186} INFO - Started process (PID=886) to work on /home/airflow/.local/lib/python3.12/site-packages/airflow/example_dags/example_dataset_alias.py
[2026-09-25T16:27:02.723+0000] {processor.py:914} INFO - Processing file /home/airflow/.local/lib/python3.12/site-packages/airflow/example_dags/example_dataset_alias.py for tasks to queue
[2026-09-25T16:27:02.727+0000] {logging_mixin.py:190} INFO - [2026-09-25T16:27:02.727+0000] {dagbag.py:588} INFO - Filling up the DagBag from /home/airflow/.local/lib/python3.12/site-packages/airflow/example_dags/example_dataset_alias.py
[2026-09-25T16:27:06.170+0000] {processor.py:925} INFO - DAG(s) 'dataset_alias_example_alias_consumer', 'dataset_alias_example_alias_producer', 'dataset_s3_bucket_producer', 'dataset_s3_bucket_consumer' retrieved from /home/airflow/.local/lib/python3.12/site-packages/airflow/example_dags/example_dataset_alias.py
[2026-09-25T16:27:06.759+0000] {logging_mixin.py:190} INFO - [2026-09-25T16:27:06.758+0000] {dag.py:3239} INFO - Sync 4 DAGs
[2026-09-25T16:27:06.858+0000] {logging_mixin.py:190} INFO - [2026-09-25T16:27:06.856+0000] {dag.py:4180} INFO - Setting next_dagrun for dataset_alias_example_alias_consumer to None, run_after=None
[2026-09-25T16:27:06.870+0000] {logging_mixin.py:190} INFO - [2026-09-25T16:27:06.869+0000] {dag.py:4180} INFO - Setting next_dagrun for dataset_alias_example_alias_producer to None, run_after=None
[2026-09-25T16:27:06.877+0000] {logging_mixin.py:190} INFO - [2026-09-25T16:27:06.876+0000] {dag.py:4180} INFO - Setting next_dagrun for dataset_s3_bucket_consumer to None, run_after=None
[2026-09-25T16:27:06.898+0000] {logging_mixin.py:190} INFO - [2026-09-25T16:27:06.898+0000] {dag.py:4180} INFO - Setting next_dagrun for dataset_s3_bucket_producer to None, run_after=None
[2026-09-25T16:27:07.009+0000] {processor.py:208} INFO - Processing /home/airflow/.local/lib/python3.12/site-packages/airflow/example_dags/example_dataset_alias.py took 4.299 seconds
[2026-09-25T16:27:38.943+0000] {processor.py:186} INFO - Started process (PID=948) to work on /home/airflow/.local/lib/python3.12/site-packages/airflow/example_dags/example_dataset_alias.py
[2026-09-25T16:27:38.946+0000] {processor.py:914} INFO - Processing file /home/airflow/.local/lib/python3.12/site-packages/airflow/example_dags/example_dataset_alias.py for tasks to queue
[2026-09-25T16:27:38.970+0000] {logging_mixin.py:190} INFO - [2026-09-25T16:27:38.969+0000] {dagbag.py:588} INFO - Filling up the DagBag from /home/airflow/.local/lib/python3.12/site-packages/airflow/example_dags/example_dataset_alias.py
[2026-09-25T16:27:52.085+0000] {processor.py:925} INFO - DAG(s) 'dataset_alias_example_alias_consumer', 'dataset_alias_example_alias_producer', 'dataset_s3_bucket_producer', 'dataset_s3_bucket_consumer' retrieved from /home/airflow/.local/lib/python3.12/site-packages/airflow/example_dags/example_dataset_alias.py
[2026-09-25T16:27:52.171+0000] {logging_mixin.py:190} INFO - [2026-09-25T16:27:52.170+0000] {dag.py:3239} INFO - Sync 4 DAGs
[2026-09-25T16:27:52.225+0000] {logging_mixin.py:190} INFO - [2026-09-25T16:27:52.225+0000] {dag.py:4180} INFO - Setting next_dagrun for dataset_alias_example_alias_consumer to None, run_after=None
[2026-09-25T16:27:52.232+0000] {logging_mixin.py:190} INFO - [2026-09-25T16:27:52.231+0000] {dag.py:4180} INFO - Setting next_dagrun for dataset_alias_example_alias_producer to None, run_after=None
[2026-09-25T16:27:52.236+0000] {logging_mixin.py:190} INFO - [2026-09-25T16:27:52.235+0000] {dag.py:4180} INFO - Setting next_dagrun for dataset_s3_bucket_consumer to None, run_after=None
[2026-09-25T16:27:52.240+0000] {logging_mixin.py:190} INFO - [2026-09-25T16:27:52.238+0000] {dag.py:4180} INFO - Setting next_dagrun for dataset_s3_bucket_producer to None, run_after=None
[2026-09-25T16:27:52.541+0000] {processor.py:208} INFO - Processing /home/airflow/.local/lib/python3.12/site-packages/airflow/example_dags/example_dataset_alias.py took 13.627 seconds
[2026-09-25T16:28:51.220+0000] {processor.py:186} INFO - Started process (PID=1033) to work on /home/airflow/.local/lib/python3.12/site-packages/airflow/example_dags/example_dataset_alias.py
[2026-09-25T16:28:51.255+0000] {processor.py:914} INFO - Processing file /home/airflow/.local/lib/python3.12/site-packages/airflow/example_dags/example_dataset_alias.py for tasks to queue
[2026-09-25T16:28:51.313+0000] {logging_mixin.py:190} INFO - [2026-09-25T16:28:51.291+0000] {dagbag.py:588} INFO - Filling up the DagBag from /home/airflow/.local/lib/python3.12/site-packages/airflow/example_dags/example_dataset_alias.py
[2026-09-25T16:28:55.398+0000] {processor.py:925} INFO - DAG(s) 'dataset_s3_bucket_consumer', 'dataset_alias_example_alias_consumer', 'dataset_alias_example_alias_producer', 'dataset_s3_bucket_producer' retrieved from /home/airflow/.local/lib/python3.12/site-packages/airflow/example_dags/example_dataset_alias.py
[2026-09-25T16:28:55.480+0000] {logging_mixin.py:190} INFO - [2026-09-25T16:28:55.478+0000] {dag.py:3239} INFO - Sync 4 DAGs
[2026-09-25T16:28:55.631+0000] {logging_mixin.py:190} INFO - [2026-09-25T16:28:55.631+0000] {dag.py:4180} INFO - Setting next_dagrun for dataset_alias_example_alias_consumer to None, run_after=None
[2026-09-25T16:28:55.643+0000] {logging_mixin.py:190} INFO - [2026-09-25T16:28:55.643+0000] {dag.py:4180} INFO - Setting next_dagrun for dataset_alias_example_alias_producer to None, run_after=None
[2026-09-25T16:28:55.654+0000] {logging_mixin.py:190} INFO - [2026-09-25T16:28:55.653+0000] {dag.py:4180} INFO - Setting next_dagrun for dataset_s3_bucket_consumer to None, run_after=None
[2026-09-25T16:28:55.664+0000] {logging_mixin.py:190} INFO - [2026-09-25T16:28:55.663+0000] {dag.py:4180} INFO - Setting next_dagrun for dataset_s3_bucket_producer to None, run_after=None
[2026-09-25T16:28:55.735+0000] {processor.py:208} INFO - Processing /home/airflow/.local/lib/python3.12/site-packages/airflow/example_dags/example_dataset_alias.py took 4.574 seconds
[2026-09-25T16:43:44.092+0000] {processor.py:186} INFO - Started process (PID=88) to work on /home/airflow/.local/lib/python3.12/site-packages/airflow/example_dags/example_dataset_alias.py
[2026-09-25T16:43:44.097+0000] {processor.py:914} INFO - Processing file /home/airflow/.local/lib/python3.12/site-packages/airflow/example_dags/example_dataset_alias.py for tasks to queue
[2026-09-25T16:43:44.106+0000] {logging_mixin.py:190} INFO - [2026-09-25T16:43:44.106+0000] {dagbag.py:588} INFO - Filling up the DagBag from /home/airflow/.local/lib/python3.12/site-packages/airflow/example_dags/example_dataset_alias.py
[2026-09-25T16:43:47.919+0000] {processor.py:925} INFO - DAG(s) 'dataset_alias_example_alias_consumer', 'dataset_s3_bucket_consumer', 'dataset_alias_example_alias_producer', 'dataset_s3_bucket_producer' retrieved from /home/airflow/.local/lib/python3.12/site-packages/airflow/example_dags/example_dataset_alias.py
[2026-09-25T16:43:48.197+0000] {logging_mixin.py:190} INFO - [2026-09-25T16:43:48.196+0000] {dag.py:3239} INFO - Sync 4 DAGs
[2026-09-25T16:43:48.468+0000] {logging_mixin.py:190} INFO - [2026-09-25T16:43:48.464+0000] {dag.py:4180} INFO - Setting next_dagrun for dataset_alias_example_alias_consumer to None, run_after=None
[2026-09-25T16:43:48.495+0000] {logging_mixin.py:190} INFO - [2026-09-25T16:43:48.486+0000] {dag.py:4180} INFO - Setting next_dagrun for dataset_alias_example_alias_producer to None, run_after=None
[2026-09-25T16:43:48.507+0000] {logging_mixin.py:190} INFO - [2026-09-25T16:43:48.505+0000] {dag.py:4180} INFO - Setting next_dagrun for dataset_s3_bucket_consumer to None, run_after=None
[2026-09-25T16:43:48.519+0000] {logging_mixin.py:190} INFO - [2026-09-25T16:43:48.518+0000] {dag.py:4180} INFO - Setting next_dagrun for dataset_s3_bucket_producer to None, run_after=None
[2026-09-25T16:43:48.723+0000] {processor.py:208} INFO - Processing /home/airflow/.local/lib/python3.12/site-packages/airflow/example_dags/example_dataset_alias.py took 4.683 seconds
[2026-09-25T16:44:19.495+0000] {processor.py:186} INFO - Started process (PID=155) to work on /home/airflow/.local/lib/python3.12/site-packages/airflow/example_dags/example_dataset_alias.py
[2026-09-25T16:44:19.500+0000] {processor.py:914} INFO - Processing file /home/airflow/.local/lib/python3.12/site-packages/airflow/example_dags/example_dataset_alias.py for tasks to queue
[2026-09-25T16:44:19.515+0000] {logging_mixin.py:190} INFO - [2026-09-25T16:44:19.512+0000] {dagbag.py:588} INFO - Filling up the DagBag from /home/airflow/.local/lib/python3.12/site-packages/airflow/example_dags/example_dataset_alias.py
[2026-09-25T16:44:23.041+0000] {processor.py:925} INFO - DAG(s) 'dataset_alias_example_alias_producer', 'dataset_s3_bucket_consumer', 'dataset_s3_bucket_producer', 'dataset_alias_example_alias_consumer' retrieved from /home/airflow/.local/lib/python3.12/site-packages/airflow/example_dags/example_dataset_alias.py
[2026-09-25T16:44:23.155+0000] {logging_mixin.py:190} INFO - [2026-09-25T16:44:23.152+0000] {dag.py:3239} INFO - Sync 4 DAGs
[2026-09-25T16:44:23.390+0000] {logging_mixin.py:190} INFO - [2026-09-25T16:44:23.390+0000] {dag.py:4180} INFO - Setting next_dagrun for dataset_alias_example_alias_consumer to None, run_after=None
[2026-09-25T16:44:23.409+0000] {logging_mixin.py:190} INFO - [2026-09-25T16:44:23.408+0000] {dag.py:4180} INFO - Setting next_dagrun for dataset_alias_example_alias_producer to None, run_after=None
[2026-09-25T16:44:23.419+0000] {logging_mixin.py:190} INFO - [2026-09-25T16:44:23.418+0000] {dag.py:4180} INFO - Setting next_dagrun for dataset_s3_bucket_consumer to None, run_after=None
[2026-09-25T16:44:23.427+0000] {logging_mixin.py:190} INFO - [2026-09-25T16:44:23.426+0000] {dag.py:4180} INFO - Setting next_dagrun for dataset_s3_bucket_producer to None, run_after=None
[2026-09-25T16:44:23.572+0000] {processor.py:208} INFO - Processing /home/airflow/.local/lib/python3.12/site-packages/airflow/example_dags/example_dataset_alias.py took 4.120 seconds
[2026-09-25T16:44:55.344+0000] {processor.py:186} INFO - Started process (PID=221) to work on /home/airflow/.local/lib/python3.12/site-packages/airflow/example_dags/example_dataset_alias.py
[2026-09-25T16:44:55.348+0000] {processor.py:914} INFO - Processing file /home/airflow/.local/lib/python3.12/site-packages/airflow/example_dags/example_dataset_alias.py for tasks to queue
[2026-09-25T16:44:55.365+0000] {logging_mixin.py:190} INFO - [2026-09-25T16:44:55.364+0000] {dagbag.py:588} INFO - Filling up the DagBag from /home/airflow/.local/lib/python3.12/site-packages/airflow/example_dags/example_dataset_alias.py
[2026-09-25T16:44:58.788+0000] {processor.py:925} INFO - DAG(s) 'dataset_alias_example_alias_consumer', 'dataset_alias_example_alias_producer', 'dataset_s3_bucket_producer', 'dataset_s3_bucket_consumer' retrieved from /home/airflow/.local/lib/python3.12/site-packages/airflow/example_dags/example_dataset_alias.py
[2026-09-25T16:44:58.918+0000] {logging_mixin.py:190} INFO - [2026-09-25T16:44:58.916+0000] {dag.py:3239} INFO - Sync 4 DAGs
[2026-09-25T16:44:59.176+0000] {logging_mixin.py:190} INFO - [2026-09-25T16:44:59.176+0000] {dag.py:4180} INFO - Setting next_dagrun for dataset_alias_example_alias_consumer to None, run_after=None
[2026-09-25T16:44:59.184+0000] {logging_mixin.py:190} INFO - [2026-09-25T16:44:59.184+0000] {dag.py:4180} INFO - Setting next_dagrun for dataset_alias_example_alias_producer to None, run_after=None
[2026-09-25T16:44:59.194+0000] {logging_mixin.py:190} INFO - [2026-09-25T16:44:59.194+0000] {dag.py:4180} INFO - Setting next_dagrun for dataset_s3_bucket_consumer to None, run_after=None
[2026-09-25T16:44:59.216+0000] {logging_mixin.py:190} INFO - [2026-09-25T16:44:59.215+0000] {dag.py:4180} INFO - Setting next_dagrun for dataset_s3_bucket_producer to None, run_after=None
[2026-09-25T16:44:59.345+0000] {processor.py:208} INFO - Processing /home/airflow/.local/lib/python3.12/site-packages/airflow/example_dags/example_dataset_alias.py took 4.017 seconds
[2026-09-25T16:45:30.251+0000] {processor.py:186} INFO - Started process (PID=287) to work on /home/airflow/.local/lib/python3.12/site-packages/airflow/example_dags/example_dataset_alias.py
[2026-09-25T16:45:30.254+0000] {processor.py:914} INFO - Processing file /home/airflow/.local/lib/python3.12/site-packages/airflow/example_dags/example_dataset_alias.py for tasks to queue
[2026-09-25T16:45:30.269+0000] {logging_mixin.py:190} INFO - [2026-09-25T16:45:30.268+0000] {dagbag.py:588} INFO - Filling up the DagBag from /home/airflow/.local/lib/python3.12/site-packages/airflow/example_dags/example_dataset_alias.py
[2026-09-25T16:45:31.545+0000] {processor.py:925} INFO - DAG(s) 'dataset_s3_bucket_consumer', 'dataset_alias_example_alias_consumer', 'dataset_s3_bucket_producer', 'dataset_alias_example_alias_producer' retrieved from /home/airflow/.local/lib/python3.12/site-packages/airflow/example_dags/example_dataset_alias.py
[2026-09-25T16:45:31.620+0000] {logging_mixin.py:190} INFO - [2026-09-25T16:45:31.619+0000] {dag.py:3239} INFO - Sync 4 DAGs
[2026-09-25T16:45:31.868+0000] {logging_mixin.py:190} INFO - [2026-09-25T16:45:31.863+0000] {dag.py:4180} INFO - Setting next_dagrun for dataset_alias_example_alias_consumer to None, run_after=None
[2026-09-25T16:45:31.908+0000] {logging_mixin.py:190} INFO - [2026-09-25T16:45:31.908+0000] {dag.py:4180} INFO - Setting next_dagrun for dataset_alias_example_alias_producer to None, run_after=None
[2026-09-25T16:45:31.921+0000] {logging_mixin.py:190} INFO - [2026-09-25T16:45:31.921+0000] {dag.py:4180} INFO - Setting next_dagrun for dataset_s3_bucket_consumer to None, run_after=None
[2026-09-25T16:45:31.928+0000] {logging_mixin.py:190} INFO - [2026-09-25T16:45:31.927+0000] {dag.py:4180} INFO - Setting next_dagrun for dataset_s3_bucket_producer to None, run_after=None
[2026-09-25T16:45:32.040+0000] {processor.py:208} INFO - Processing /home/airflow/.local/lib/python3.12/site-packages/airflow/example_dags/example_dataset_alias.py took 1.811 seconds
[2026-09-25T16:46:03.547+0000] {processor.py:186} INFO - Started process (PID=350) to work on /home/airflow/.local/lib/python3.12/site-packages/airflow/example_dags/example_dataset_alias.py
[2026-09-25T16:46:03.570+0000] {processor.py:914} INFO - Processing file /home/airflow/.local/lib/python3.12/site-packages/airflow/example_dags/example_dataset_alias.py for tasks to queue
[2026-09-25T16:46:03.712+0000] {logging_mixin.py:190} INFO - [2026-09-25T16:46:03.709+0000] {dagbag.py:588} INFO - Filling up the DagBag from /home/airflow/.local/lib/python3.12/site-packages/airflow/example_dags/example_dataset_alias.py
[2026-09-25T16:46:07.681+0000] {processor.py:925} INFO - DAG(s) 'dataset_s3_bucket_consumer', 'dataset_alias_example_alias_consumer', 'dataset_alias_example_alias_producer', 'dataset_s3_bucket_producer' retrieved from /home/airflow/.local/lib/python3.12/site-packages/airflow/example_dags/example_dataset_alias.py
[2026-09-25T16:46:07.919+0000] {logging_mixin.py:190} INFO - [2026-09-25T16:46:07.892+0000] {dag.py:3239} INFO - Sync 4 DAGs
[2026-09-25T16:46:08.115+0000] {logging_mixin.py:190} INFO - [2026-09-25T16:46:08.114+0000] {dag.py:4180} INFO - Setting next_dagrun for dataset_alias_example_alias_consumer to None, run_after=None
[2026-09-25T16:46:08.128+0000] {logging_mixin.py:190} INFO - [2026-09-25T16:46:08.127+0000] {dag.py:4180} INFO - Setting next_dagrun for dataset_alias_example_alias_producer to None, run_after=None
[2026-09-25T16:46:08.140+0000] {logging_mixin.py:190} INFO - [2026-09-25T16:46:08.138+0000] {dag.py:4180} INFO - Setting next_dagrun for dataset_s3_bucket_consumer to None, run_after=None
[2026-09-25T16:46:08.146+0000] {logging_mixin.py:190} INFO - [2026-09-25T16:46:08.146+0000] {dag.py:4180} INFO - Setting next_dagrun for dataset_s3_bucket_producer to None, run_after=None
[2026-09-25T16:46:08.237+0000] {processor.py:208} INFO - Processing /home/airflow/.local/lib/python3.12/site-packages/airflow/example_dags/example_dataset_alias.py took 4.921 seconds
[2026-09-25T16:46:38.536+0000] {processor.py:186} INFO - Started process (PID=423) to work on /home/airflow/.local/lib/python3.12/site-packages/airflow/example_dags/example_dataset_alias.py
[2026-09-25T16:46:38.565+0000] {processor.py:914} INFO - Processing file /home/airflow/.local/lib/python3.12/site-packages/airflow/example_dags/example_dataset_alias.py for tasks to queue
[2026-09-25T16:46:38.584+0000] {logging_mixin.py:190} INFO - [2026-09-25T16:46:38.583+0000] {dagbag.py:588} INFO - Filling up the DagBag from /home/airflow/.local/lib/python3.12/site-packages/airflow/example_dags/example_dataset_alias.py
[2026-09-25T16:46:40.359+0000] {processor.py:925} INFO - DAG(s) 'dataset_alias_example_alias_consumer', 'dataset_s3_bucket_consumer', 'dataset_s3_bucket_producer', 'dataset_alias_example_alias_producer' retrieved from /home/airflow/.local/lib/python3.12/site-packages/airflow/example_dags/example_dataset_alias.py
[2026-09-25T16:46:40.429+0000] {logging_mixin.py:190} INFO - [2026-09-25T16:46:40.428+0000] {dag.py:3239} INFO - Sync 4 DAGs
[2026-09-25T16:46:40.491+0000] {logging_mixin.py:190} INFO - [2026-09-25T16:46:40.490+0000] {dag.py:4180} INFO - Setting next_dagrun for dataset_alias_example_alias_consumer to None, run_after=None
[2026-09-25T16:46:40.499+0000] {logging_mixin.py:190} INFO - [2026-09-25T16:46:40.498+0000] {dag.py:4180} INFO - Setting next_dagrun for dataset_alias_example_alias_producer to None, run_after=None
[2026-09-25T16:46:40.504+0000] {logging_mixin.py:190} INFO - [2026-09-25T16:46:40.504+0000] {dag.py:4180} INFO - Setting next_dagrun for dataset_s3_bucket_consumer to None, run_after=None
[2026-09-25T16:46:40.508+0000] {logging_mixin.py:190} INFO - [2026-09-25T16:46:40.507+0000] {dag.py:4180} INFO - Setting next_dagrun for dataset_s3_bucket_producer to None, run_after=None
[2026-09-25T16:46:40.573+0000] {processor.py:208} INFO - Processing /home/airflow/.local/lib/python3.12/site-packages/airflow/example_dags/example_dataset_alias.py took 2.100 seconds
[2026-09-25T16:47:11.546+0000] {processor.py:186} INFO - Started process (PID=488) to work on /home/airflow/.local/lib/python3.12/site-packages/airflow/example_dags/example_dataset_alias.py
[2026-09-25T16:47:11.549+0000] {processor.py:914} INFO - Processing file /home/airflow/.local/lib/python3.12/site-packages/airflow/example_dags/example_dataset_alias.py for tasks to queue
[2026-09-25T16:47:11.556+0000] {logging_mixin.py:190} INFO - [2026-09-25T16:47:11.555+0000] {dagbag.py:588} INFO - Filling up the DagBag from /home/airflow/.local/lib/python3.12/site-packages/airflow/example_dags/example_dataset_alias.py
[2026-09-25T16:47:13.291+0000] {processor.py:925} INFO - DAG(s) 'dataset_s3_bucket_consumer', 'dataset_alias_example_alias_consumer', 'dataset_s3_bucket_producer', 'dataset_alias_example_alias_producer' retrieved from /home/airflow/.local/lib/python3.12/site-packages/airflow/example_dags/example_dataset_alias.py
[2026-09-25T16:47:13.368+0000] {logging_mixin.py:190} INFO - [2026-09-25T16:47:13.367+0000] {dag.py:3239} INFO - Sync 4 DAGs
[2026-09-25T16:47:13.423+0000] {logging_mixin.py:190} INFO - [2026-09-25T16:47:13.422+0000] {dag.py:4180} INFO - Setting next_dagrun for dataset_alias_example_alias_consumer to None, run_after=None
[2026-09-25T16:47:13.429+0000] {logging_mixin.py:190} INFO - [2026-09-25T16:47:13.429+0000] {dag.py:4180} INFO - Setting next_dagrun for dataset_alias_example_alias_producer to None, run_after=None
[2026-09-25T16:47:13.434+0000] {logging_mixin.py:190} INFO - [2026-09-25T16:47:13.433+0000] {dag.py:4180} INFO - Setting next_dagrun for dataset_s3_bucket_consumer to None, run_after=None
[2026-09-25T16:47:13.438+0000] {logging_mixin.py:190} INFO - [2026-09-25T16:47:13.437+0000] {dag.py:4180} INFO - Setting next_dagrun for dataset_s3_bucket_producer to None, run_after=None
[2026-09-25T16:47:13.491+0000] {processor.py:208} INFO - Processing /home/airflow/.local/lib/python3.12/site-packages/airflow/example_dags/example_dataset_alias.py took 1.963 seconds
[2026-09-25T16:47:46.794+0000] {processor.py:186} INFO - Started process (PID=546) to work on /home/airflow/.local/lib/python3.12/site-packages/airflow/example_dags/example_dataset_alias.py
[2026-09-25T16:47:46.798+0000] {processor.py:914} INFO - Processing file /home/airflow/.local/lib/python3.12/site-packages/airflow/example_dags/example_dataset_alias.py for tasks to queue
[2026-09-25T16:47:46.809+0000] {logging_mixin.py:190} INFO - [2026-09-25T16:47:46.808+0000] {dagbag.py:588} INFO - Filling up the DagBag from /home/airflow/.local/lib/python3.12/site-packages/airflow/example_dags/example_dataset_alias.py
[2026-09-25T16:47:58.891+0000] {processor.py:925} INFO - DAG(s) 'dataset_s3_bucket_producer', 'dataset_s3_bucket_consumer', 'dataset_alias_example_alias_consumer', 'dataset_alias_example_alias_producer' retrieved from /home/airflow/.local/lib/python3.12/site-packages/airflow/example_dags/example_dataset_alias.py
[2026-09-25T16:47:59.135+0000] {logging_mixin.py:190} INFO - [2026-09-25T16:47:59.134+0000] {dag.py:3239} INFO - Sync 4 DAGs
[2026-09-25T16:47:59.315+0000] {logging_mixin.py:190} INFO - [2026-09-25T16:47:59.315+0000] {dag.py:4180} INFO - Setting next_dagrun for dataset_alias_example_alias_consumer to None, run_after=None
[2026-09-25T16:47:59.347+0000] {logging_mixin.py:190} INFO - [2026-09-25T16:47:59.346+0000] {dag.py:4180} INFO - Setting next_dagrun for dataset_alias_example_alias_producer to None, run_after=None
[2026-09-25T16:47:59.351+0000] {logging_mixin.py:190} INFO - [2026-09-25T16:47:59.350+0000] {dag.py:4180} INFO - Setting next_dagrun for dataset_s3_bucket_consumer to None, run_after=None
[2026-09-25T16:47:59.355+0000] {logging_mixin.py:190} INFO - [2026-09-25T16:47:59.355+0000] {dag.py:4180} INFO - Setting next_dagrun for dataset_s3_bucket_producer to None, run_after=None
[2026-09-25T16:47:59.817+0000] {processor.py:208} INFO - Processing /home/airflow/.local/lib/python3.12/site-packages/airflow/example_dags/example_dataset_alias.py took 13.093 seconds
[2026-09-25T16:48:30.462+0000] {processor.py:186} INFO - Started process (PID=608) to work on /home/airflow/.local/lib/python3.12/site-packages/airflow/example_dags/example_dataset_alias.py
[2026-09-25T16:48:30.465+0000] {processor.py:914} INFO - Processing file /home/airflow/.local/lib/python3.12/site-packages/airflow/example_dags/example_dataset_alias.py for tasks to queue
[2026-09-25T16:48:30.499+0000] {logging_mixin.py:190} INFO - [2026-09-25T16:48:30.498+0000] {dagbag.py:588} INFO - Filling up the DagBag from /home/airflow/.local/lib/python3.12/site-packages/airflow/example_dags/example_dataset_alias.py
[2026-09-25T16:48:33.283+0000] {processor.py:925} INFO - DAG(s) 'dataset_alias_example_alias_producer', 'dataset_alias_example_alias_consumer', 'dataset_s3_bucket_consumer', 'dataset_s3_bucket_producer' retrieved from /home/airflow/.local/lib/python3.12/site-packages/airflow/example_dags/example_dataset_alias.py
[2026-09-25T16:48:33.343+0000] {logging_mixin.py:190} INFO - [2026-09-25T16:48:33.340+0000] {dag.py:3239} INFO - Sync 4 DAGs
[2026-09-25T16:48:33.399+0000] {logging_mixin.py:190} INFO - [2026-09-25T16:48:33.399+0000] {dag.py:4180} INFO - Setting next_dagrun for dataset_alias_example_alias_consumer to None, run_after=None
[2026-09-25T16:48:33.405+0000] {logging_mixin.py:190} INFO - [2026-09-25T16:48:33.405+0000] {dag.py:4180} INFO - Setting next_dagrun for dataset_alias_example_alias_producer to None, run_after=None
[2026-09-25T16:48:33.409+0000] {logging_mixin.py:190} INFO - [2026-09-25T16:48:33.408+0000] {dag.py:4180} INFO - Setting next_dagrun for dataset_s3_bucket_consumer to None, run_after=None
[2026-09-25T16:48:33.414+0000] {logging_mixin.py:190} INFO - [2026-09-25T16:48:33.413+0000] {dag.py:4180} INFO - Setting next_dagrun for dataset_s3_bucket_producer to None, run_after=None
[2026-09-25T16:48:33.467+0000] {processor.py:208} INFO - Processing /home/airflow/.local/lib/python3.12/site-packages/airflow/example_dags/example_dataset_alias.py took 3.234 seconds
[2026-09-25T16:49:03.807+0000] {processor.py:186} INFO - Started process (PID=671) to work on /home/airflow/.local/lib/python3.12/site-packages/airflow/example_dags/example_dataset_alias.py
[2026-09-25T16:49:03.816+0000] {processor.py:914} INFO - Processing file /home/airflow/.local/lib/python3.12/site-packages/airflow/example_dags/example_dataset_alias.py for tasks to queue
[2026-09-25T16:49:03.832+0000] {logging_mixin.py:190} INFO - [2026-09-25T16:49:03.832+0000] {dagbag.py:588} INFO - Filling up the DagBag from /home/airflow/.local/lib/python3.12/site-packages/airflow/example_dags/example_dataset_alias.py
[2026-09-25T16:49:06.799+0000] {processor.py:925} INFO - DAG(s) 'dataset_alias_example_alias_consumer', 'dataset_alias_example_alias_producer', 'dataset_s3_bucket_producer', 'dataset_s3_bucket_consumer' retrieved from /home/airflow/.local/lib/python3.12/site-packages/airflow/example_dags/example_dataset_alias.py
[2026-09-25T16:49:06.869+0000] {logging_mixin.py:190} INFO - [2026-09-25T16:49:06.868+0000] {dag.py:3239} INFO - Sync 4 DAGs
[2026-09-25T16:49:07.066+0000] {logging_mixin.py:190} INFO - [2026-09-25T16:49:07.065+0000] {dag.py:4180} INFO - Setting next_dagrun for dataset_alias_example_alias_consumer to None, run_after=None
[2026-09-25T16:49:07.078+0000] {logging_mixin.py:190} INFO - [2026-09-25T16:49:07.077+0000] {dag.py:4180} INFO - Setting next_dagrun for dataset_alias_example_alias_producer to None, run_after=None
[2026-09-25T16:49:07.092+0000] {logging_mixin.py:190} INFO - [2026-09-25T16:49:07.092+0000] {dag.py:4180} INFO - Setting next_dagrun for dataset_s3_bucket_consumer to None, run_after=None
[2026-09-25T16:49:07.100+0000] {logging_mixin.py:190} INFO - [2026-09-25T16:49:07.099+0000] {dag.py:4180} INFO - Setting next_dagrun for dataset_s3_bucket_producer to None, run_after=None
[2026-09-25T16:49:07.234+0000] {processor.py:208} INFO - Processing /home/airflow/.local/lib/python3.12/site-packages/airflow/example_dags/example_dataset_alias.py took 3.482 seconds
[2026-09-25T16:49:40.522+0000] {processor.py:186} INFO - Started process (PID=741) to work on /home/airflow/.local/lib/python3.12/site-packages/airflow/example_dags/example_dataset_alias.py
[2026-09-25T16:49:40.537+0000] {processor.py:914} INFO - Processing file /home/airflow/.local/lib/python3.12/site-packages/airflow/example_dags/example_dataset_alias.py for tasks to queue
[2026-09-25T16:49:40.557+0000] {logging_mixin.py:190} INFO - [2026-09-25T16:49:40.556+0000] {dagbag.py:588} INFO - Filling up the DagBag from /home/airflow/.local/lib/python3.12/site-packages/airflow/example_dags/example_dataset_alias.py
