[2026-09-25T16:14:57.195+0000] {processor.py:186} INFO - Started process (PID=77) to work on /home/airflow/.local/lib/python3.12/site-packages/airflow/example_dags/example_setup_teardown.py
[2026-09-25T16:14:57.248+0000] {processor.py:914} INFO - Processing file /home/airflow/.local/lib/python3.12/site-packages/airflow/example_dags/example_setup_teardown.py for tasks to queue
[2026-09-25T16:14:57.457+0000] {logging_mixin.py:190} INFO - [2026-09-25T16:14:57.432+0000] {dagbag.py:588} INFO - Filling up the DagBag from /home/airflow/.local/lib/python3.12/site-packages/airflow/example_dags/example_setup_teardown.py
[2026-09-25T16:14:57.506+0000] {processor.py:925} INFO - DAG(s) 'example_setup_teardown' retrieved from /home/airflow/.local/lib/python3.12/site-packages/airflow/example_dags/example_setup_teardown.py
[2026-09-25T16:14:57.823+0000] {logging_mixin.py:190} INFO - [2026-09-25T16:14:57.823+0000] {dag.py:3239} INFO - Sync 1 DAGs
[2026-09-25T16:14:58.076+0000] {logging_mixin.py:190} INFO - [2026-09-25T16:14:58.075+0000] {dag.py:4180} INFO - Setting next_dagrun for example_setup_teardown to None, run_after=None
[2026-09-25T16:14:58.948+0000] {processor.py:208} INFO - Processing /home/airflow/.local/lib/python3.12/site-packages/airflow/example_dags/example_setup_teardown.py took 2.445 seconds
[2026-09-25T16:17:13.874+0000] {processor.py:186} INFO - Started process (PID=158) to work on /home/airflow/.local/lib/python3.12/site-packages/airflow/example_dags/example_setup_teardown.py
[2026-09-25T16:17:13.887+0000] {processor.py:914} INFO - Processing file /home/airflow/.local/lib/python3.12/site-packages/airflow/example_dags/example_setup_teardown.py for tasks to queue
[2026-09-25T16:17:14.062+0000] {logging_mixin.py:190} INFO - [2026-09-25T16:17:13.969+0000] {dagbag.py:588} INFO - Filling up the DagBag from /home/airflow/.local/lib/python3.12/site-packages/airflow/example_dags/example_setup_teardown.py
[2026-09-25T16:17:14.490+0000] {processor.py:925} INFO - DAG(s) 'example_setup_teardown' retrieved from /home/airflow/.local/lib/python3.12/site-packages/airflow/example_dags/example_setup_teardown.py
[2026-09-25T16:17:14.927+0000] {logging_mixin.py:190} INFO - [2026-09-25T16:17:14.926+0000] {dag.py:3239} INFO - Sync 1 DAGs
[2026-09-25T16:17:17.135+0000] {logging_mixin.py:190} INFO - [2026-09-25T16:17:17.125+0000] {dag.py:4180} INFO - Setting next_dagrun for example_setup_teardown to None, run_after=None
[2026-09-25T16:17:18.287+0000] {processor.py:208} INFO - Processing /home/airflow/.local/lib/python3.12/site-packages/airflow/example_dags/example_setup_teardown.py took 4.448 seconds
[2026-09-25T16:19:17.646+0000] {processor.py:186} INFO - Started process (PID=227) to work on /home/airflow/.local/lib/python3.12/site-packages/airflow/example_dags/example_setup_teardown.py
[2026-09-25T16:19:17.656+0000] {processor.py:914} INFO - Processing file /home/airflow/.local/lib/python3.12/site-packages/airflow/example_dags/example_setup_teardown.py for tasks to queue
[2026-09-25T16:19:17.705+0000] {logging_mixin.py:190} INFO - [2026-09-25T16:19:17.696+0000] {dagbag.py:588} INFO - Filling up the DagBag from /home/airflow/.local/lib/python3.12/site-packages/airflow/example_dags/example_setup_teardown.py
[2026-09-25T16:19:17.803+0000] {processor.py:925} INFO - DAG(s) 'example_setup_teardown' retrieved from /home/airflow/.local/lib/python3.12/site-packages/airflow/example_dags/example_setup_teardown.py
[2026-09-25T16:19:18.043+0000] {logging_mixin.py:190} INFO - [2026-09-25T16:19:18.042+0000] {dag.py:3239} INFO - Sync 1 DAGs
[2026-09-25T16:19:18.158+0000] {logging_mixin.py:190} INFO - [2026-09-25T16:19:18.156+0000] {dag.py:4180} INFO - Setting next_dagrun for example_setup_teardown to None, run_after=None
[2026-09-25T16:19:18.265+0000] {processor.py:208} INFO - Processing /home/airflow/.local/lib/python3.12/site-packages/airflow/example_dags/example_setup_teardown.py took 0.683 seconds
[2026-09-25T16:20:22.960+0000] {processor.py:186} INFO - Started process (PID=284) to work on /home/airflow/.local/lib/python3.12/site-packages/airflow/example_dags/example_setup_teardown.py
[2026-09-25T16:20:22.973+0000] {processor.py:914} INFO - Processing file /home/airflow/.local/lib/python3.12/site-packages/airflow/example_dags/example_setup_teardown.py for tasks to queue
[2026-09-25T16:20:23.021+0000] {logging_mixin.py:190} INFO - [2026-09-25T16:20:23.020+0000] {dagbag.py:588} INFO - Filling up the DagBag from /home/airflow/.local/lib/python3.12/site-packages/airflow/example_dags/example_setup_teardown.py
[2026-09-25T16:20:23.269+0000] {processor.py:925} INFO - DAG(s) 'example_setup_teardown' retrieved from /home/airflow/.local/lib/python3.12/site-packages/airflow/example_dags/example_setup_teardown.py
[2026-09-25T16:20:23.457+0000] {logging_mixin.py:190} INFO - [2026-09-25T16:20:23.456+0000] {dag.py:3239} INFO - Sync 1 DAGs
[2026-09-25T16:20:23.629+0000] {logging_mixin.py:190} INFO - [2026-09-25T16:20:23.629+0000] {dag.py:4180} INFO - Setting next_dagrun for example_setup_teardown to None, run_after=None
[2026-09-25T16:20:23.770+0000] {processor.py:208} INFO - Processing /home/airflow/.local/lib/python3.12/site-packages/airflow/example_dags/example_setup_teardown.py took 0.918 seconds
[2026-09-25T16:21:12.715+0000] {processor.py:186} INFO - Started process (PID=338) to work on /home/airflow/.local/lib/python3.12/site-packages/airflow/example_dags/example_setup_teardown.py
[2026-09-25T16:21:12.722+0000] {processor.py:914} INFO - Processing file /home/airflow/.local/lib/python3.12/site-packages/airflow/example_dags/example_setup_teardown.py for tasks to queue
[2026-09-25T16:21:12.737+0000] {logging_mixin.py:190} INFO - [2026-09-25T16:21:12.736+0000] {dagbag.py:588} INFO - Filling up the DagBag from /home/airflow/.local/lib/python3.12/site-packages/airflow/example_dags/example_setup_teardown.py
[2026-09-25T16:21:12.860+0000] {processor.py:925} INFO - DAG(s) 'example_setup_teardown' retrieved from /home/airflow/.local/lib/python3.12/site-packages/airflow/example_dags/example_setup_teardown.py
[2026-09-25T16:21:13.210+0000] {logging_mixin.py:190} INFO - [2026-09-25T16:21:13.207+0000] {dag.py:3239} INFO - Sync 1 DAGs
[2026-09-25T16:21:13.360+0000] {logging_mixin.py:190} INFO - [2026-09-25T16:21:13.360+0000] {dag.py:4180} INFO - Setting next_dagrun for example_setup_teardown to None, run_after=None
[2026-09-25T16:21:13.621+0000] {processor.py:208} INFO - Processing /home/airflow/.local/lib/python3.12/site-packages/airflow/example_dags/example_setup_teardown.py took 0.957 seconds
[2026-09-25T16:22:17.152+0000] {processor.py:186} INFO - Started process (PID=405) to work on /home/airflow/.local/lib/python3.12/site-packages/airflow/example_dags/example_setup_teardown.py
[2026-09-25T16:22:17.180+0000] {processor.py:914} INFO - Processing file /home/airflow/.local/lib/python3.12/site-packages/airflow/example_dags/example_setup_teardown.py for tasks to queue
[2026-09-25T16:22:17.230+0000] {logging_mixin.py:190} INFO - [2026-09-25T16:22:17.229+0000] {dagbag.py:588} INFO - Filling up the DagBag from /home/airflow/.local/lib/python3.12/site-packages/airflow/example_dags/example_setup_teardown.py
[2026-09-25T16:22:17.307+0000] {processor.py:925} INFO - DAG(s) 'example_setup_teardown' retrieved from /home/airflow/.local/lib/python3.12/site-packages/airflow/example_dags/example_setup_teardown.py
[2026-09-25T16:22:17.968+0000] {logging_mixin.py:190} INFO - [2026-09-25T16:22:17.951+0000] {dag.py:3239} INFO - Sync 1 DAGs
[2026-09-25T16:22:19.361+0000] {logging_mixin.py:190} INFO - [2026-09-25T16:22:19.360+0000] {dag.py:4180} INFO - Setting next_dagrun for example_setup_teardown to None, run_after=None
[2026-09-25T16:22:19.920+0000] {processor.py:208} INFO - Processing /home/airflow/.local/lib/python3.12/site-packages/airflow/example_dags/example_setup_teardown.py took 2.924 seconds
[2026-09-25T16:23:05.033+0000] {processor.py:186} INFO - Started process (PID=468) to work on /home/airflow/.local/lib/python3.12/site-packages/airflow/example_dags/example_setup_teardown.py
[2026-09-25T16:23:05.041+0000] {processor.py:914} INFO - Processing file /home/airflow/.local/lib/python3.12/site-packages/airflow/example_dags/example_setup_teardown.py for tasks to queue
[2026-09-25T16:23:05.068+0000] {logging_mixin.py:190} INFO - [2026-09-25T16:23:05.066+0000] {dagbag.py:588} INFO - Filling up the DagBag from /home/airflow/.local/lib/python3.12/site-packages/airflow/example_dags/example_setup_teardown.py
[2026-09-25T16:23:05.092+0000] {processor.py:925} INFO - DAG(s) 'example_setup_teardown' retrieved from /home/airflow/.local/lib/python3.12/site-packages/airflow/example_dags/example_setup_teardown.py
[2026-09-25T16:23:05.249+0000] {logging_mixin.py:190} INFO - [2026-09-25T16:23:05.222+0000] {dag.py:3239} INFO - Sync 1 DAGs
[2026-09-25T16:23:05.335+0000] {logging_mixin.py:190} INFO - [2026-09-25T16:23:05.334+0000] {dag.py:4180} INFO - Setting next_dagrun for example_setup_teardown to None, run_after=None
[2026-09-25T16:23:05.510+0000] {processor.py:208} INFO - Processing /home/airflow/.local/lib/python3.12/site-packages/airflow/example_dags/example_setup_teardown.py took 0.522 seconds
[2026-09-25T16:23:44.526+0000] {processor.py:186} INFO - Started process (PID=529) to work on /home/airflow/.local/lib/python3.12/site-packages/airflow/example_dags/example_setup_teardown.py
[2026-09-25T16:23:44.527+0000] {processor.py:914} INFO - Processing file /home/airflow/.local/lib/python3.12/site-packages/airflow/example_dags/example_setup_teardown.py for tasks to queue
[2026-09-25T16:23:44.534+0000] {logging_mixin.py:190} INFO - [2026-09-25T16:23:44.533+0000] {dagbag.py:588} INFO - Filling up the DagBag from /home/airflow/.local/lib/python3.12/site-packages/airflow/example_dags/example_setup_teardown.py
[2026-09-25T16:23:44.566+0000] {processor.py:925} INFO - DAG(s) 'example_setup_teardown' retrieved from /home/airflow/.local/lib/python3.12/site-packages/airflow/example_dags/example_setup_teardown.py
[2026-09-25T16:23:44.689+0000] {logging_mixin.py:190} INFO - [2026-09-25T16:23:44.689+0000] {dag.py:3239} INFO - Sync 1 DAGs
[2026-09-25T16:23:44.897+0000] {logging_mixin.py:190} INFO - [2026-09-25T16:23:44.896+0000] {dag.py:4180} INFO - Setting next_dagrun for example_setup_teardown to None, run_after=None
[2026-09-25T16:23:45.047+0000] {processor.py:208} INFO - Processing /home/airflow/.local/lib/python3.12/site-packages/airflow/example_dags/example_setup_teardown.py took 0.551 seconds
[2026-09-25T16:24:15.708+0000] {processor.py:186} INFO - Started process (PID=591) to work on /home/airflow/.local/lib/python3.12/site-packages/airflow/example_dags/example_setup_teardown.py
[2026-09-25T16:24:15.714+0000] {processor.py:914} INFO - Processing file /home/airflow/.local/lib/python3.12/site-packages/airflow/example_dags/example_setup_teardown.py for tasks to queue
[2026-09-25T16:24:15.729+0000] {logging_mixin.py:190} INFO - [2026-09-25T16:24:15.728+0000] {dagbag.py:588} INFO - Filling up the DagBag from /home/airflow/.local/lib/python3.12/site-packages/airflow/example_dags/example_setup_teardown.py
[2026-09-25T16:24:15.773+0000] {processor.py:925} INFO - DAG(s) 'example_setup_teardown' retrieved from /home/airflow/.local/lib/python3.12/site-packages/airflow/example_dags/example_setup_teardown.py
[2026-09-25T16:24:15.831+0000] {logging_mixin.py:190} INFO - [2026-09-25T16:24:15.831+0000] {dag.py:3239} INFO - Sync 1 DAGs
[2026-09-25T16:24:15.874+0000] {logging_mixin.py:190} INFO - [2026-09-25T16:24:15.873+0000] {dag.py:4180} INFO - Setting next_dagrun for example_setup_teardown to None, run_after=None
[2026-09-25T16:24:15.939+0000] {processor.py:208} INFO - Processing /home/airflow/.local/lib/python3.12/site-packages/airflow/example_dags/example_setup_teardown.py took 0.305 seconds
[2026-09-25T16:24:52.748+0000] {processor.py:186} INFO - Started process (PID=651) to work on /home/airflow/.local/lib/python3.12/site-packages/airflow/example_dags/example_setup_teardown.py
[2026-09-25T16:24:52.760+0000] {processor.py:914} INFO - Processing file /home/airflow/.local/lib/python3.12/site-packages/airflow/example_dags/example_setup_teardown.py for tasks to queue
[2026-09-25T16:24:52.777+0000] {logging_mixin.py:190} INFO - [2026-09-25T16:24:52.776+0000] {dagbag.py:588} INFO - Filling up the DagBag from /home/airflow/.local/lib/python3.12/site-packages/airflow/example_dags/example_setup_teardown.py
[2026-09-25T16:24:52.822+0000] {processor.py:925} INFO - DAG(s) 'example_setup_teardown' retrieved from /home/airflow/.local/lib/python3.12/site-packages/airflow/example_dags/example_setup_teardown.py
[2026-09-25T16:24:52.965+0000] {logging_mixin.py:190} INFO - [2026-09-25T16:24:52.964+0000] {dag.py:3239} INFO - Sync 1 DAGs
[2026-09-25T16:24:53.079+0000] {logging_mixin.py:190} INFO - [2026-09-25T16:24:53.079+0000] {dag.py:4180} INFO - Setting next_dagrun for example_setup_teardown to None, run_after=None
[2026-09-25T16:24:53.155+0000] {processor.py:208} INFO - Processing /home/airflow/.local/lib/python3.12/site-packages/airflow/example_dags/example_setup_teardown.py took 0.438 seconds
[2026-09-25T16:25:23.951+0000] {processor.py:186} INFO - Started process (PID=713) to work on /home/airflow/.local/lib/python3.12/site-packages/airflow/example_dags/example_setup_teardown.py
[2026-09-25T16:25:23.963+0000] {processor.py:914} INFO - Processing file /home/airflow/.local/lib/python3.12/site-packages/airflow/example_dags/example_setup_teardown.py for tasks to queue
[2026-09-25T16:25:23.982+0000] {logging_mixin.py:190} INFO - [2026-09-25T16:25:23.977+0000] {dagbag.py:588} INFO - Filling up the DagBag from /home/airflow/.local/lib/python3.12/site-packages/airflow/example_dags/example_setup_teardown.py
[2026-09-25T16:25:24.034+0000] {processor.py:925} INFO - DAG(s) 'example_setup_teardown' retrieved from /home/airflow/.local/lib/python3.12/site-packages/airflow/example_dags/example_setup_teardown.py
[2026-09-25T16:25:24.191+0000] {logging_mixin.py:190} INFO - [2026-09-25T16:25:24.190+0000] {dag.py:3239} INFO - Sync 1 DAGs
[2026-09-25T16:25:24.305+0000] {logging_mixin.py:190} INFO - [2026-09-25T16:25:24.305+0000] {dag.py:4180} INFO - Setting next_dagrun for example_setup_teardown to None, run_after=None
[2026-09-25T16:25:24.402+0000] {processor.py:208} INFO - Processing /home/airflow/.local/lib/python3.12/site-packages/airflow/example_dags/example_setup_teardown.py took 0.510 seconds
[2026-09-25T16:26:02.639+0000] {processor.py:186} INFO - Started process (PID=775) to work on /home/airflow/.local/lib/python3.12/site-packages/airflow/example_dags/example_setup_teardown.py
[2026-09-25T16:26:02.655+0000] {processor.py:914} INFO - Processing file /home/airflow/.local/lib/python3.12/site-packages/airflow/example_dags/example_setup_teardown.py for tasks to queue
[2026-09-25T16:26:02.662+0000] {logging_mixin.py:190} INFO - [2026-09-25T16:26:02.661+0000] {dagbag.py:588} INFO - Filling up the DagBag from /home/airflow/.local/lib/python3.12/site-packages/airflow/example_dags/example_setup_teardown.py
[2026-09-25T16:26:02.731+0000] {processor.py:925} INFO - DAG(s) 'example_setup_teardown' retrieved from /home/airflow/.local/lib/python3.12/site-packages/airflow/example_dags/example_setup_teardown.py
[2026-09-25T16:26:02.950+0000] {logging_mixin.py:190} INFO - [2026-09-25T16:26:02.949+0000] {dag.py:3239} INFO - Sync 1 DAGs
[2026-09-25T16:26:03.180+0000] {logging_mixin.py:190} INFO - [2026-09-25T16:26:03.180+0000] {dag.py:4180} INFO - Setting next_dagrun for example_setup_teardown to None, run_after=None
[2026-09-25T16:26:03.455+0000] {processor.py:208} INFO - Processing /home/airflow/.local/lib/python3.12/site-packages/airflow/example_dags/example_setup_teardown.py took 0.849 seconds
[2026-09-25T16:26:34.373+0000] {processor.py:186} INFO - Started process (PID=836) to work on /home/airflow/.local/lib/python3.12/site-packages/airflow/example_dags/example_setup_teardown.py
[2026-09-25T16:26:34.380+0000] {processor.py:914} INFO - Processing file /home/airflow/.local/lib/python3.12/site-packages/airflow/example_dags/example_setup_teardown.py for tasks to queue
[2026-09-25T16:26:34.518+0000] {logging_mixin.py:190} INFO - [2026-09-25T16:26:34.517+0000] {dagbag.py:588} INFO - Filling up the DagBag from /home/airflow/.local/lib/python3.12/site-packages/airflow/example_dags/example_setup_teardown.py
[2026-09-25T16:26:34.568+0000] {processor.py:925} INFO - DAG(s) 'example_setup_teardown' retrieved from /home/airflow/.local/lib/python3.12/site-packages/airflow/example_dags/example_setup_teardown.py
[2026-09-25T16:26:34.721+0000] {logging_mixin.py:190} INFO - [2026-09-25T16:26:34.720+0000] {dag.py:3239} INFO - Sync 1 DAGs
[2026-09-25T16:26:34.781+0000] {logging_mixin.py:190} INFO - [2026-09-25T16:26:34.780+0000] {dag.py:4180} INFO - Setting next_dagrun for example_setup_teardown to None, run_after=None
[2026-09-25T16:26:34.836+0000] {processor.py:208} INFO - Processing /home/airflow/.local/lib/python3.12/site-packages/airflow/example_dags/example_setup_teardown.py took 0.527 seconds
[2026-09-25T16:27:13.950+0000] {processor.py:186} INFO - Started process (PID=906) to work on /home/airflow/.local/lib/python3.12/site-packages/airflow/example_dags/example_setup_teardown.py
[2026-09-25T16:27:13.954+0000] {processor.py:914} INFO - Processing file /home/airflow/.local/lib/python3.12/site-packages/airflow/example_dags/example_setup_teardown.py for tasks to queue
[2026-09-25T16:27:13.959+0000] {logging_mixin.py:190} INFO - [2026-09-25T16:27:13.958+0000] {dagbag.py:588} INFO - Filling up the DagBag from /home/airflow/.local/lib/python3.12/site-packages/airflow/example_dags/example_setup_teardown.py
[2026-09-25T16:27:13.990+0000] {processor.py:925} INFO - DAG(s) 'example_setup_teardown' retrieved from /home/airflow/.local/lib/python3.12/site-packages/airflow/example_dags/example_setup_teardown.py
[2026-09-25T16:27:14.077+0000] {logging_mixin.py:190} INFO - [2026-09-25T16:27:14.077+0000] {dag.py:3239} INFO - Sync 1 DAGs
[2026-09-25T16:27:14.161+0000] {logging_mixin.py:190} INFO - [2026-09-25T16:27:14.160+0000] {dag.py:4180} INFO - Setting next_dagrun for example_setup_teardown to None, run_after=None
[2026-09-25T16:27:14.246+0000] {processor.py:208} INFO - Processing /home/airflow/.local/lib/python3.12/site-packages/airflow/example_dags/example_setup_teardown.py took 0.317 seconds
[2026-09-25T16:27:54.940+0000] {processor.py:186} INFO - Started process (PID=961) to work on /home/airflow/.local/lib/python3.12/site-packages/airflow/example_dags/example_setup_teardown.py
[2026-09-25T16:27:54.959+0000] {processor.py:914} INFO - Processing file /home/airflow/.local/lib/python3.12/site-packages/airflow/example_dags/example_setup_teardown.py for tasks to queue
[2026-09-25T16:27:54.965+0000] {logging_mixin.py:190} INFO - [2026-09-25T16:27:54.965+0000] {dagbag.py:588} INFO - Filling up the DagBag from /home/airflow/.local/lib/python3.12/site-packages/airflow/example_dags/example_setup_teardown.py
[2026-09-25T16:27:54.989+0000] {processor.py:925} INFO - DAG(s) 'example_setup_teardown' retrieved from /home/airflow/.local/lib/python3.12/site-packages/airflow/example_dags/example_setup_teardown.py
[2026-09-25T16:27:55.127+0000] {logging_mixin.py:190} INFO - [2026-09-25T16:27:55.127+0000] {dag.py:3239} INFO - Sync 1 DAGs
[2026-09-25T16:27:55.184+0000] {logging_mixin.py:190} INFO - [2026-09-25T16:27:55.183+0000] {dag.py:4180} INFO - Setting next_dagrun for example_setup_teardown to None, run_after=None
[2026-09-25T16:27:55.270+0000] {processor.py:208} INFO - Processing /home/airflow/.local/lib/python3.12/site-packages/airflow/example_dags/example_setup_teardown.py took 0.344 seconds
[2026-09-25T16:28:36.659+0000] {processor.py:186} INFO - Started process (PID=1019) to work on /home/airflow/.local/lib/python3.12/site-packages/airflow/example_dags/example_setup_teardown.py
[2026-09-25T16:28:36.669+0000] {processor.py:914} INFO - Processing file /home/airflow/.local/lib/python3.12/site-packages/airflow/example_dags/example_setup_teardown.py for tasks to queue
[2026-09-25T16:28:36.682+0000] {logging_mixin.py:190} INFO - [2026-09-25T16:28:36.681+0000] {dagbag.py:588} INFO - Filling up the DagBag from /home/airflow/.local/lib/python3.12/site-packages/airflow/example_dags/example_setup_teardown.py
[2026-09-25T16:28:36.731+0000] {processor.py:925} INFO - DAG(s) 'example_setup_teardown' retrieved from /home/airflow/.local/lib/python3.12/site-packages/airflow/example_dags/example_setup_teardown.py
[2026-09-25T16:28:36.931+0000] {logging_mixin.py:190} INFO - [2026-09-25T16:28:36.929+0000] {dag.py:3239} INFO - Sync 1 DAGs
[2026-09-25T16:28:37.037+0000] {logging_mixin.py:190} INFO - [2026-09-25T16:28:37.036+0000] {dag.py:4180} INFO - Setting next_dagrun for example_setup_teardown to None, run_after=None
[2026-09-25T16:28:38.463+0000] {processor.py:208} INFO - Processing /home/airflow/.local/lib/python3.12/site-packages/airflow/example_dags/example_setup_teardown.py took 1.830 seconds
[2026-09-25T16:43:01.825+0000] {processor.py:186} INFO - Started process (PID=59) to work on /home/airflow/.local/lib/python3.12/site-packages/airflow/example_dags/example_setup_teardown.py
[2026-09-25T16:43:01.834+0000] {processor.py:914} INFO - Processing file /home/airflow/.local/lib/python3.12/site-packages/airflow/example_dags/example_setup_teardown.py for tasks to queue
[2026-09-25T16:43:01.856+0000] {logging_mixin.py:190} INFO - [2026-09-25T16:43:01.852+0000] {dagbag.py:588} INFO - Filling up the DagBag from /home/airflow/.local/lib/python3.12/site-packages/airflow/example_dags/example_setup_teardown.py
[2026-09-25T16:43:01.925+0000] {processor.py:925} INFO - DAG(s) 'example_setup_teardown' retrieved from /home/airflow/.local/lib/python3.12/site-packages/airflow/example_dags/example_setup_teardown.py
[2026-09-25T16:43:02.151+0000] {logging_mixin.py:190} INFO - [2026-09-25T16:43:02.150+0000] {dag.py:3239} INFO - Sync 1 DAGs
[2026-09-25T16:43:02.239+0000] {logging_mixin.py:190} INFO - [2026-09-25T16:43:02.237+0000] {dag.py:4180} INFO - Setting next_dagrun for example_setup_teardown to None, run_after=None
[2026-09-25T16:43:02.383+0000] {processor.py:208} INFO - Processing /home/airflow/.local/lib/python3.12/site-packages/airflow/example_dags/example_setup_teardown.py took 0.605 seconds
[2026-09-25T16:44:01.035+0000] {processor.py:186} INFO - Started process (PID=121) to work on /home/airflow/.local/lib/python3.12/site-packages/airflow/example_dags/example_setup_teardown.py
[2026-09-25T16:44:01.043+0000] {processor.py:914} INFO - Processing file /home/airflow/.local/lib/python3.12/site-packages/airflow/example_dags/example_setup_teardown.py for tasks to queue
[2026-09-25T16:44:01.061+0000] {logging_mixin.py:190} INFO - [2026-09-25T16:44:01.053+0000] {dagbag.py:588} INFO - Filling up the DagBag from /home/airflow/.local/lib/python3.12/site-packages/airflow/example_dags/example_setup_teardown.py
[2026-09-25T16:44:01.083+0000] {processor.py:925} INFO - DAG(s) 'example_setup_teardown' retrieved from /home/airflow/.local/lib/python3.12/site-packages/airflow/example_dags/example_setup_teardown.py
[2026-09-25T16:44:01.154+0000] {logging_mixin.py:190} INFO - [2026-09-25T16:44:01.152+0000] {dag.py:3239} INFO - Sync 1 DAGs
[2026-09-25T16:44:01.198+0000] {logging_mixin.py:190} INFO - [2026-09-25T16:44:01.197+0000] {dag.py:4180} INFO - Setting next_dagrun for example_setup_teardown to None, run_after=None
[2026-09-25T16:44:01.251+0000] {processor.py:208} INFO - Processing /home/airflow/.local/lib/python3.12/site-packages/airflow/example_dags/example_setup_teardown.py took 0.229 seconds
[2026-09-25T16:44:32.169+0000] {processor.py:186} INFO - Started process (PID=183) to work on /home/airflow/.local/lib/python3.12/site-packages/airflow/example_dags/example_setup_teardown.py
[2026-09-25T16:44:32.172+0000] {processor.py:914} INFO - Processing file /home/airflow/.local/lib/python3.12/site-packages/airflow/example_dags/example_setup_teardown.py for tasks to queue
[2026-09-25T16:44:32.180+0000] {logging_mixin.py:190} INFO - [2026-09-25T16:44:32.177+0000] {dagbag.py:588} INFO - Filling up the DagBag from /home/airflow/.local/lib/python3.12/site-packages/airflow/example_dags/example_setup_teardown.py
[2026-09-25T16:44:32.243+0000] {processor.py:925} INFO - DAG(s) 'example_setup_teardown' retrieved from /home/airflow/.local/lib/python3.12/site-packages/airflow/example_dags/example_setup_teardown.py
[2026-09-25T16:44:32.317+0000] {logging_mixin.py:190} INFO - [2026-09-25T16:44:32.316+0000] {dag.py:3239} INFO - Sync 1 DAGs
[2026-09-25T16:44:32.387+0000] {logging_mixin.py:190} INFO - [2026-09-25T16:44:32.387+0000] {dag.py:4180} INFO - Setting next_dagrun for example_setup_teardown to None, run_after=None
[2026-09-25T16:44:32.432+0000] {processor.py:208} INFO - Processing /home/airflow/.local/lib/python3.12/site-packages/airflow/example_dags/example_setup_teardown.py took 0.282 seconds
[2026-09-25T16:45:09.590+0000] {processor.py:186} INFO - Started process (PID=246) to work on /home/airflow/.local/lib/python3.12/site-packages/airflow/example_dags/example_setup_teardown.py
[2026-09-25T16:45:09.594+0000] {processor.py:914} INFO - Processing file /home/airflow/.local/lib/python3.12/site-packages/airflow/example_dags/example_setup_teardown.py for tasks to queue
[2026-09-25T16:45:09.603+0000] {logging_mixin.py:190} INFO - [2026-09-25T16:45:09.601+0000] {dagbag.py:588} INFO - Filling up the DagBag from /home/airflow/.local/lib/python3.12/site-packages/airflow/example_dags/example_setup_teardown.py
[2026-09-25T16:45:09.627+0000] {processor.py:925} INFO - DAG(s) 'example_setup_teardown' retrieved from /home/airflow/.local/lib/python3.12/site-packages/airflow/example_dags/example_setup_teardown.py
[2026-09-25T16:45:09.688+0000] {logging_mixin.py:190} INFO - [2026-09-25T16:45:09.687+0000] {dag.py:3239} INFO - Sync 1 DAGs
[2026-09-25T16:45:09.738+0000] {logging_mixin.py:190} INFO - [2026-09-25T16:45:09.738+0000] {dag.py:4180} INFO - Setting next_dagrun for example_setup_teardown to None, run_after=None
[2026-09-25T16:45:09.953+0000] {processor.py:208} INFO - Processing /home/airflow/.local/lib/python3.12/site-packages/airflow/example_dags/example_setup_teardown.py took 0.379 seconds
[2026-09-25T16:45:42.357+0000] {processor.py:186} INFO - Started process (PID=307) to work on /home/airflow/.local/lib/python3.12/site-packages/airflow/example_dags/example_setup_teardown.py
[2026-09-25T16:45:42.409+0000] {processor.py:914} INFO - Processing file /home/airflow/.local/lib/python3.12/site-packages/airflow/example_dags/example_setup_teardown.py for tasks to queue
[2026-09-25T16:45:42.427+0000] {logging_mixin.py:190} INFO - [2026-09-25T16:45:42.422+0000] {dagbag.py:588} INFO - Filling up the DagBag from /home/airflow/.local/lib/python3.12/site-packages/airflow/example_dags/example_setup_teardown.py
[2026-09-25T16:45:42.470+0000] {processor.py:925} INFO - DAG(s) 'example_setup_teardown' retrieved from /home/airflow/.local/lib/python3.12/site-packages/airflow/example_dags/example_setup_teardown.py
[2026-09-25T16:45:42.540+0000] {logging_mixin.py:190} INFO - [2026-09-25T16:45:42.539+0000] {dag.py:3239} INFO - Sync 1 DAGs
[2026-09-25T16:45:42.609+0000] {logging_mixin.py:190} INFO - [2026-09-25T16:45:42.605+0000] {dag.py:4180} INFO - Setting next_dagrun for example_setup_teardown to None, run_after=None
[2026-09-25T16:45:42.669+0000] {processor.py:208} INFO - Processing /home/airflow/.local/lib/python3.12/site-packages/airflow/example_dags/example_setup_teardown.py took 0.350 seconds
[2026-09-25T16:46:12.825+0000] {processor.py:186} INFO - Started process (PID=368) to work on /home/airflow/.local/lib/python3.12/site-packages/airflow/example_dags/example_setup_teardown.py
[2026-09-25T16:46:12.827+0000] {processor.py:914} INFO - Processing file /home/airflow/.local/lib/python3.12/site-packages/airflow/example_dags/example_setup_teardown.py for tasks to queue
[2026-09-25T16:46:12.834+0000] {logging_mixin.py:190} INFO - [2026-09-25T16:46:12.833+0000] {dagbag.py:588} INFO - Filling up the DagBag from /home/airflow/.local/lib/python3.12/site-packages/airflow/example_dags/example_setup_teardown.py
[2026-09-25T16:46:12.853+0000] {processor.py:925} INFO - DAG(s) 'example_setup_teardown' retrieved from /home/airflow/.local/lib/python3.12/site-packages/airflow/example_dags/example_setup_teardown.py
[2026-09-25T16:46:12.938+0000] {logging_mixin.py:190} INFO - [2026-09-25T16:46:12.937+0000] {dag.py:3239} INFO - Sync 1 DAGs
[2026-09-25T16:46:13.053+0000] {logging_mixin.py:190} INFO - [2026-09-25T16:46:13.052+0000] {dag.py:4180} INFO - Setting next_dagrun for example_setup_teardown to None, run_after=None
[2026-09-25T16:46:13.117+0000] {processor.py:208} INFO - Processing /home/airflow/.local/lib/python3.12/site-packages/airflow/example_dags/example_setup_teardown.py took 0.304 seconds
[2026-09-25T16:46:43.434+0000] {processor.py:186} INFO - Started process (PID=431) to work on /home/airflow/.local/lib/python3.12/site-packages/airflow/example_dags/example_setup_teardown.py
[2026-09-25T16:46:43.437+0000] {processor.py:914} INFO - Processing file /home/airflow/.local/lib/python3.12/site-packages/airflow/example_dags/example_setup_teardown.py for tasks to queue
[2026-09-25T16:46:43.442+0000] {logging_mixin.py:190} INFO - [2026-09-25T16:46:43.441+0000] {dagbag.py:588} INFO - Filling up the DagBag from /home/airflow/.local/lib/python3.12/site-packages/airflow/example_dags/example_setup_teardown.py
[2026-09-25T16:46:43.465+0000] {processor.py:925} INFO - DAG(s) 'example_setup_teardown' retrieved from /home/airflow/.local/lib/python3.12/site-packages/airflow/example_dags/example_setup_teardown.py
[2026-09-25T16:46:43.521+0000] {logging_mixin.py:190} INFO - [2026-09-25T16:46:43.520+0000] {dag.py:3239} INFO - Sync 1 DAGs
[2026-09-25T16:46:43.556+0000] {logging_mixin.py:190} INFO - [2026-09-25T16:46:43.556+0000] {dag.py:4180} INFO - Setting next_dagrun for example_setup_teardown to None, run_after=None
[2026-09-25T16:46:43.647+0000] {processor.py:208} INFO - Processing /home/airflow/.local/lib/python3.12/site-packages/airflow/example_dags/example_setup_teardown.py took 0.226 seconds
[2026-09-25T16:47:13.817+0000] {processor.py:186} INFO - Started process (PID=493) to work on /home/airflow/.local/lib/python3.12/site-packages/airflow/example_dags/example_setup_teardown.py
[2026-09-25T16:47:13.820+0000] {processor.py:914} INFO - Processing file /home/airflow/.local/lib/python3.12/site-packages/airflow/example_dags/example_setup_teardown.py for tasks to queue
[2026-09-25T16:47:13.826+0000] {logging_mixin.py:190} INFO - [2026-09-25T16:47:13.825+0000] {dagbag.py:588} INFO - Filling up the DagBag from /home/airflow/.local/lib/python3.12/site-packages/airflow/example_dags/example_setup_teardown.py
[2026-09-25T16:47:13.845+0000] {processor.py:925} INFO - DAG(s) 'example_setup_teardown' retrieved from /home/airflow/.local/lib/python3.12/site-packages/airflow/example_dags/example_setup_teardown.py
[2026-09-25T16:47:13.895+0000] {logging_mixin.py:190} INFO - [2026-09-25T16:47:13.894+0000] {dag.py:3239} INFO - Sync 1 DAGs
[2026-09-25T16:47:13.979+0000] {logging_mixin.py:190} INFO - [2026-09-25T16:47:13.979+0000] {dag.py:4180} INFO - Setting next_dagrun for example_setup_teardown to None, run_after=None
[2026-09-25T16:47:14.028+0000] {processor.py:208} INFO - Processing /home/airflow/.local/lib/python3.12/site-packages/airflow/example_dags/example_setup_teardown.py took 0.236 seconds
[2026-09-25T16:47:46.389+0000] {processor.py:186} INFO - Started process (PID=544) to work on /home/airflow/.local/lib/python3.12/site-packages/airflow/example_dags/example_setup_teardown.py
[2026-09-25T16:47:46.392+0000] {processor.py:914} INFO - Processing file /home/airflow/.local/lib/python3.12/site-packages/airflow/example_dags/example_setup_teardown.py for tasks to queue
[2026-09-25T16:47:46.398+0000] {logging_mixin.py:190} INFO - [2026-09-25T16:47:46.398+0000] {dagbag.py:588} INFO - Filling up the DagBag from /home/airflow/.local/lib/python3.12/site-packages/airflow/example_dags/example_setup_teardown.py
[2026-09-25T16:47:46.421+0000] {processor.py:925} INFO - DAG(s) 'example_setup_teardown' retrieved from /home/airflow/.local/lib/python3.12/site-packages/airflow/example_dags/example_setup_teardown.py
[2026-09-25T16:47:46.517+0000] {logging_mixin.py:190} INFO - [2026-09-25T16:47:46.516+0000] {dag.py:3239} INFO - Sync 1 DAGs
[2026-09-25T16:47:46.571+0000] {logging_mixin.py:190} INFO - [2026-09-25T16:47:46.570+0000] {dag.py:4180} INFO - Setting next_dagrun for example_setup_teardown to None, run_after=None
[2026-09-25T16:47:46.642+0000] {processor.py:208} INFO - Processing /home/airflow/.local/lib/python3.12/site-packages/airflow/example_dags/example_setup_teardown.py took 0.271 seconds
[2026-09-25T16:48:21.066+0000] {processor.py:186} INFO - Started process (PID=596) to work on /home/airflow/.local/lib/python3.12/site-packages/airflow/example_dags/example_setup_teardown.py
[2026-09-25T16:48:21.069+0000] {processor.py:914} INFO - Processing file /home/airflow/.local/lib/python3.12/site-packages/airflow/example_dags/example_setup_teardown.py for tasks to queue
[2026-09-25T16:48:21.075+0000] {logging_mixin.py:190} INFO - [2026-09-25T16:48:21.074+0000] {dagbag.py:588} INFO - Filling up the DagBag from /home/airflow/.local/lib/python3.12/site-packages/airflow/example_dags/example_setup_teardown.py
[2026-09-25T16:48:21.102+0000] {processor.py:925} INFO - DAG(s) 'example_setup_teardown' retrieved from /home/airflow/.local/lib/python3.12/site-packages/airflow/example_dags/example_setup_teardown.py
[2026-09-25T16:48:21.210+0000] {logging_mixin.py:190} INFO - [2026-09-25T16:48:21.206+0000] {dag.py:3239} INFO - Sync 1 DAGs
[2026-09-25T16:48:21.344+0000] {logging_mixin.py:190} INFO - [2026-09-25T16:48:21.342+0000] {dag.py:4180} INFO - Setting next_dagrun for example_setup_teardown to None, run_after=None
[2026-09-25T16:48:21.481+0000] {processor.py:208} INFO - Processing /home/airflow/.local/lib/python3.12/site-packages/airflow/example_dags/example_setup_teardown.py took 0.435 seconds
[2026-09-25T16:48:52.149+0000] {processor.py:186} INFO - Started process (PID=659) to work on /home/airflow/.local/lib/python3.12/site-packages/airflow/example_dags/example_setup_teardown.py
[2026-09-25T16:48:52.154+0000] {processor.py:914} INFO - Processing file /home/airflow/.local/lib/python3.12/site-packages/airflow/example_dags/example_setup_teardown.py for tasks to queue
[2026-09-25T16:48:52.161+0000] {logging_mixin.py:190} INFO - [2026-09-25T16:48:52.160+0000] {dagbag.py:588} INFO - Filling up the DagBag from /home/airflow/.local/lib/python3.12/site-packages/airflow/example_dags/example_setup_teardown.py
[2026-09-25T16:48:52.177+0000] {processor.py:925} INFO - DAG(s) 'example_setup_teardown' retrieved from /home/airflow/.local/lib/python3.12/site-packages/airflow/example_dags/example_setup_teardown.py
[2026-09-25T16:48:52.223+0000] {logging_mixin.py:190} INFO - [2026-09-25T16:48:52.222+0000] {dag.py:3239} INFO - Sync 1 DAGs
[2026-09-25T16:48:52.261+0000] {logging_mixin.py:190} INFO - [2026-09-25T16:48:52.261+0000] {dag.py:4180} INFO - Setting next_dagrun for example_setup_teardown to None, run_after=None
[2026-09-25T16:48:52.311+0000] {processor.py:208} INFO - Processing /home/airflow/.local/lib/python3.12/site-packages/airflow/example_dags/example_setup_teardown.py took 0.175 seconds
[2026-09-25T16:49:22.652+0000] {processor.py:186} INFO - Started process (PID=722) to work on /home/airflow/.local/lib/python3.12/site-packages/airflow/example_dags/example_setup_teardown.py
[2026-09-25T16:49:22.654+0000] {processor.py:914} INFO - Processing file /home/airflow/.local/lib/python3.12/site-packages/airflow/example_dags/example_setup_teardown.py for tasks to queue
[2026-09-25T16:49:22.665+0000] {logging_mixin.py:190} INFO - [2026-09-25T16:49:22.664+0000] {dagbag.py:588} INFO - Filling up the DagBag from /home/airflow/.local/lib/python3.12/site-packages/airflow/example_dags/example_setup_teardown.py
[2026-09-25T16:49:22.691+0000] {processor.py:925} INFO - DAG(s) 'example_setup_teardown' retrieved from /home/airflow/.local/lib/python3.12/site-packages/airflow/example_dags/example_setup_teardown.py
[2026-09-25T16:49:22.742+0000] {logging_mixin.py:190} INFO - [2026-09-25T16:49:22.742+0000] {dag.py:3239} INFO - Sync 1 DAGs
[2026-09-25T16:49:22.788+0000] {logging_mixin.py:190} INFO - [2026-09-25T16:49:22.787+0000] {dag.py:4180} INFO - Setting next_dagrun for example_setup_teardown to None, run_after=None
[2026-09-25T16:49:22.836+0000] {processor.py:208} INFO - Processing /home/airflow/.local/lib/python3.12/site-packages/airflow/example_dags/example_setup_teardown.py took 0.201 seconds
