[2026-09-25T16:14:54.622+0000] {processor.py:186} INFO - Started process (PID=76) to work on /home/airflow/.local/lib/python3.12/site-packages/airflow/example_dags/example_dynamic_task_mapping.py
[2026-09-25T16:14:54.644+0000] {processor.py:914} INFO - Processing file /home/airflow/.local/lib/python3.12/site-packages/airflow/example_dags/example_dynamic_task_mapping.py for tasks to queue
[2026-09-25T16:14:54.662+0000] {logging_mixin.py:190} INFO - [2026-09-25T16:14:54.661+0000] {dagbag.py:588} INFO - Filling up the DagBag from /home/airflow/.local/lib/python3.12/site-packages/airflow/example_dags/example_dynamic_task_mapping.py
[2026-09-25T16:14:54.859+0000] {processor.py:925} INFO - DAG(s) 'example_dynamic_task_mapping' retrieved from /home/airflow/.local/lib/python3.12/site-packages/airflow/example_dags/example_dynamic_task_mapping.py
[2026-09-25T16:14:55.378+0000] {logging_mixin.py:190} INFO - [2026-09-25T16:14:55.377+0000] {dag.py:3239} INFO - Sync 1 DAGs
[2026-09-25T16:14:55.644+0000] {logging_mixin.py:190} INFO - [2026-09-25T16:14:55.644+0000] {dag.py:4180} INFO - Setting next_dagrun for example_dynamic_task_mapping to None, run_after=None
[2026-09-25T16:14:56.043+0000] {processor.py:208} INFO - Processing /home/airflow/.local/lib/python3.12/site-packages/airflow/example_dags/example_dynamic_task_mapping.py took 1.553 seconds
[2026-09-25T16:17:12.086+0000] {processor.py:186} INFO - Started process (PID=157) to work on /home/airflow/.local/lib/python3.12/site-packages/airflow/example_dags/example_dynamic_task_mapping.py
[2026-09-25T16:17:12.104+0000] {processor.py:914} INFO - Processing file /home/airflow/.local/lib/python3.12/site-packages/airflow/example_dags/example_dynamic_task_mapping.py for tasks to queue
[2026-09-25T16:17:12.116+0000] {logging_mixin.py:190} INFO - [2026-09-25T16:17:12.115+0000] {dagbag.py:588} INFO - Filling up the DagBag from /home/airflow/.local/lib/python3.12/site-packages/airflow/example_dags/example_dynamic_task_mapping.py
[2026-09-25T16:17:12.184+0000] {processor.py:925} INFO - DAG(s) 'example_dynamic_task_mapping' retrieved from /home/airflow/.local/lib/python3.12/site-packages/airflow/example_dags/example_dynamic_task_mapping.py
[2026-09-25T16:17:12.702+0000] {logging_mixin.py:190} INFO - [2026-09-25T16:17:12.684+0000] {dag.py:3239} INFO - Sync 1 DAGs
[2026-09-25T16:17:13.239+0000] {logging_mixin.py:190} INFO - [2026-09-25T16:17:13.238+0000] {dag.py:4180} INFO - Setting next_dagrun for example_dynamic_task_mapping to None, run_after=None
[2026-09-25T16:17:13.509+0000] {processor.py:208} INFO - Processing /home/airflow/.local/lib/python3.12/site-packages/airflow/example_dags/example_dynamic_task_mapping.py took 1.585 seconds
[2026-09-25T16:19:16.441+0000] {processor.py:186} INFO - Started process (PID=226) to work on /home/airflow/.local/lib/python3.12/site-packages/airflow/example_dags/example_dynamic_task_mapping.py
[2026-09-25T16:19:16.447+0000] {processor.py:914} INFO - Processing file /home/airflow/.local/lib/python3.12/site-packages/airflow/example_dags/example_dynamic_task_mapping.py for tasks to queue
[2026-09-25T16:19:16.468+0000] {logging_mixin.py:190} INFO - [2026-09-25T16:19:16.463+0000] {dagbag.py:588} INFO - Filling up the DagBag from /home/airflow/.local/lib/python3.12/site-packages/airflow/example_dags/example_dynamic_task_mapping.py
[2026-09-25T16:19:16.560+0000] {processor.py:925} INFO - DAG(s) 'example_dynamic_task_mapping' retrieved from /home/airflow/.local/lib/python3.12/site-packages/airflow/example_dags/example_dynamic_task_mapping.py
[2026-09-25T16:19:16.854+0000] {logging_mixin.py:190} INFO - [2026-09-25T16:19:16.853+0000] {dag.py:3239} INFO - Sync 1 DAGs
[2026-09-25T16:19:17.157+0000] {logging_mixin.py:190} INFO - [2026-09-25T16:19:17.156+0000] {dag.py:4180} INFO - Setting next_dagrun for example_dynamic_task_mapping to None, run_after=None
[2026-09-25T16:19:17.384+0000] {processor.py:208} INFO - Processing /home/airflow/.local/lib/python3.12/site-packages/airflow/example_dags/example_dynamic_task_mapping.py took 0.999 seconds
[2026-09-25T16:20:21.954+0000] {processor.py:186} INFO - Started process (PID=283) to work on /home/airflow/.local/lib/python3.12/site-packages/airflow/example_dags/example_dynamic_task_mapping.py
[2026-09-25T16:20:21.956+0000] {processor.py:914} INFO - Processing file /home/airflow/.local/lib/python3.12/site-packages/airflow/example_dags/example_dynamic_task_mapping.py for tasks to queue
[2026-09-25T16:20:21.963+0000] {logging_mixin.py:190} INFO - [2026-09-25T16:20:21.962+0000] {dagbag.py:588} INFO - Filling up the DagBag from /home/airflow/.local/lib/python3.12/site-packages/airflow/example_dags/example_dynamic_task_mapping.py
[2026-09-25T16:20:21.986+0000] {processor.py:925} INFO - DAG(s) 'example_dynamic_task_mapping' retrieved from /home/airflow/.local/lib/python3.12/site-packages/airflow/example_dags/example_dynamic_task_mapping.py
[2026-09-25T16:20:22.258+0000] {logging_mixin.py:190} INFO - [2026-09-25T16:20:22.258+0000] {dag.py:3239} INFO - Sync 1 DAGs
[2026-09-25T16:20:22.402+0000] {logging_mixin.py:190} INFO - [2026-09-25T16:20:22.401+0000] {dag.py:4180} INFO - Setting next_dagrun for example_dynamic_task_mapping to None, run_after=None
[2026-09-25T16:20:22.621+0000] {processor.py:208} INFO - Processing /home/airflow/.local/lib/python3.12/site-packages/airflow/example_dags/example_dynamic_task_mapping.py took 0.729 seconds
[2026-09-25T16:21:11.215+0000] {processor.py:186} INFO - Started process (PID=337) to work on /home/airflow/.local/lib/python3.12/site-packages/airflow/example_dags/example_dynamic_task_mapping.py
[2026-09-25T16:21:11.219+0000] {processor.py:914} INFO - Processing file /home/airflow/.local/lib/python3.12/site-packages/airflow/example_dags/example_dynamic_task_mapping.py for tasks to queue
[2026-09-25T16:21:11.368+0000] {logging_mixin.py:190} INFO - [2026-09-25T16:21:11.294+0000] {dagbag.py:588} INFO - Filling up the DagBag from /home/airflow/.local/lib/python3.12/site-packages/airflow/example_dags/example_dynamic_task_mapping.py
[2026-09-25T16:21:11.692+0000] {processor.py:925} INFO - DAG(s) 'example_dynamic_task_mapping' retrieved from /home/airflow/.local/lib/python3.12/site-packages/airflow/example_dags/example_dynamic_task_mapping.py
[2026-09-25T16:21:11.911+0000] {logging_mixin.py:190} INFO - [2026-09-25T16:21:11.906+0000] {dag.py:3239} INFO - Sync 1 DAGs
[2026-09-25T16:21:12.236+0000] {logging_mixin.py:190} INFO - [2026-09-25T16:21:12.235+0000] {dag.py:4180} INFO - Setting next_dagrun for example_dynamic_task_mapping to None, run_after=None
[2026-09-25T16:21:12.488+0000] {processor.py:208} INFO - Processing /home/airflow/.local/lib/python3.12/site-packages/airflow/example_dags/example_dynamic_task_mapping.py took 1.372 seconds
[2026-09-25T16:22:14.444+0000] {processor.py:186} INFO - Started process (PID=404) to work on /home/airflow/.local/lib/python3.12/site-packages/airflow/example_dags/example_dynamic_task_mapping.py
[2026-09-25T16:22:14.506+0000] {processor.py:914} INFO - Processing file /home/airflow/.local/lib/python3.12/site-packages/airflow/example_dags/example_dynamic_task_mapping.py for tasks to queue
[2026-09-25T16:22:14.568+0000] {logging_mixin.py:190} INFO - [2026-09-25T16:22:14.567+0000] {dagbag.py:588} INFO - Filling up the DagBag from /home/airflow/.local/lib/python3.12/site-packages/airflow/example_dags/example_dynamic_task_mapping.py
[2026-09-25T16:22:14.678+0000] {processor.py:925} INFO - DAG(s) 'example_dynamic_task_mapping' retrieved from /home/airflow/.local/lib/python3.12/site-packages/airflow/example_dags/example_dynamic_task_mapping.py
[2026-09-25T16:22:16.054+0000] {logging_mixin.py:190} INFO - [2026-09-25T16:22:16.036+0000] {dag.py:3239} INFO - Sync 1 DAGs
[2026-09-25T16:22:16.374+0000] {logging_mixin.py:190} INFO - [2026-09-25T16:22:16.374+0000] {dag.py:4180} INFO - Setting next_dagrun for example_dynamic_task_mapping to None, run_after=None
[2026-09-25T16:22:16.647+0000] {processor.py:208} INFO - Processing /home/airflow/.local/lib/python3.12/site-packages/airflow/example_dags/example_dynamic_task_mapping.py took 2.442 seconds
[2026-09-25T16:23:04.669+0000] {processor.py:186} INFO - Started process (PID=467) to work on /home/airflow/.local/lib/python3.12/site-packages/airflow/example_dags/example_dynamic_task_mapping.py
[2026-09-25T16:23:04.674+0000] {processor.py:914} INFO - Processing file /home/airflow/.local/lib/python3.12/site-packages/airflow/example_dags/example_dynamic_task_mapping.py for tasks to queue
[2026-09-25T16:23:04.682+0000] {logging_mixin.py:190} INFO - [2026-09-25T16:23:04.681+0000] {dagbag.py:588} INFO - Filling up the DagBag from /home/airflow/.local/lib/python3.12/site-packages/airflow/example_dags/example_dynamic_task_mapping.py
[2026-09-25T16:23:04.727+0000] {processor.py:925} INFO - DAG(s) 'example_dynamic_task_mapping' retrieved from /home/airflow/.local/lib/python3.12/site-packages/airflow/example_dags/example_dynamic_task_mapping.py
[2026-09-25T16:23:04.801+0000] {logging_mixin.py:190} INFO - [2026-09-25T16:23:04.801+0000] {dag.py:3239} INFO - Sync 1 DAGs
[2026-09-25T16:23:04.847+0000] {logging_mixin.py:190} INFO - [2026-09-25T16:23:04.843+0000] {dag.py:4180} INFO - Setting next_dagrun for example_dynamic_task_mapping to None, run_after=None
[2026-09-25T16:23:04.931+0000] {processor.py:208} INFO - Processing /home/airflow/.local/lib/python3.12/site-packages/airflow/example_dags/example_dynamic_task_mapping.py took 0.279 seconds
[2026-09-25T16:23:44.189+0000] {processor.py:186} INFO - Started process (PID=528) to work on /home/airflow/.local/lib/python3.12/site-packages/airflow/example_dags/example_dynamic_task_mapping.py
[2026-09-25T16:23:44.191+0000] {processor.py:914} INFO - Processing file /home/airflow/.local/lib/python3.12/site-packages/airflow/example_dags/example_dynamic_task_mapping.py for tasks to queue
[2026-09-25T16:23:44.198+0000] {logging_mixin.py:190} INFO - [2026-09-25T16:23:44.197+0000] {dagbag.py:588} INFO - Filling up the DagBag from /home/airflow/.local/lib/python3.12/site-packages/airflow/example_dags/example_dynamic_task_mapping.py
[2026-09-25T16:23:44.241+0000] {processor.py:925} INFO - DAG(s) 'example_dynamic_task_mapping' retrieved from /home/airflow/.local/lib/python3.12/site-packages/airflow/example_dags/example_dynamic_task_mapping.py
[2026-09-25T16:23:44.301+0000] {logging_mixin.py:190} INFO - [2026-09-25T16:23:44.301+0000] {dag.py:3239} INFO - Sync 1 DAGs
[2026-09-25T16:23:44.365+0000] {logging_mixin.py:190} INFO - [2026-09-25T16:23:44.364+0000] {dag.py:4180} INFO - Setting next_dagrun for example_dynamic_task_mapping to None, run_after=None
[2026-09-25T16:23:44.423+0000] {processor.py:208} INFO - Processing /home/airflow/.local/lib/python3.12/site-packages/airflow/example_dags/example_dynamic_task_mapping.py took 0.250 seconds
[2026-09-25T16:24:15.083+0000] {processor.py:186} INFO - Started process (PID=590) to work on /home/airflow/.local/lib/python3.12/site-packages/airflow/example_dags/example_dynamic_task_mapping.py
[2026-09-25T16:24:15.086+0000] {processor.py:914} INFO - Processing file /home/airflow/.local/lib/python3.12/site-packages/airflow/example_dags/example_dynamic_task_mapping.py for tasks to queue
[2026-09-25T16:24:15.097+0000] {logging_mixin.py:190} INFO - [2026-09-25T16:24:15.096+0000] {dagbag.py:588} INFO - Filling up the DagBag from /home/airflow/.local/lib/python3.12/site-packages/airflow/example_dags/example_dynamic_task_mapping.py
[2026-09-25T16:24:15.142+0000] {processor.py:925} INFO - DAG(s) 'example_dynamic_task_mapping' retrieved from /home/airflow/.local/lib/python3.12/site-packages/airflow/example_dags/example_dynamic_task_mapping.py
[2026-09-25T16:24:15.234+0000] {logging_mixin.py:190} INFO - [2026-09-25T16:24:15.233+0000] {dag.py:3239} INFO - Sync 1 DAGs
[2026-09-25T16:24:15.580+0000] {logging_mixin.py:190} INFO - [2026-09-25T16:24:15.579+0000] {dag.py:4180} INFO - Setting next_dagrun for example_dynamic_task_mapping to None, run_after=None
[2026-09-25T16:24:15.690+0000] {processor.py:208} INFO - Processing /home/airflow/.local/lib/python3.12/site-packages/airflow/example_dags/example_dynamic_task_mapping.py took 0.623 seconds
[2026-09-25T16:24:52.102+0000] {processor.py:186} INFO - Started process (PID=650) to work on /home/airflow/.local/lib/python3.12/site-packages/airflow/example_dags/example_dynamic_task_mapping.py
[2026-09-25T16:24:52.105+0000] {processor.py:914} INFO - Processing file /home/airflow/.local/lib/python3.12/site-packages/airflow/example_dags/example_dynamic_task_mapping.py for tasks to queue
[2026-09-25T16:24:52.113+0000] {logging_mixin.py:190} INFO - [2026-09-25T16:24:52.112+0000] {dagbag.py:588} INFO - Filling up the DagBag from /home/airflow/.local/lib/python3.12/site-packages/airflow/example_dags/example_dynamic_task_mapping.py
[2026-09-25T16:24:52.192+0000] {processor.py:925} INFO - DAG(s) 'example_dynamic_task_mapping' retrieved from /home/airflow/.local/lib/python3.12/site-packages/airflow/example_dags/example_dynamic_task_mapping.py
[2026-09-25T16:24:52.341+0000] {logging_mixin.py:190} INFO - [2026-09-25T16:24:52.340+0000] {dag.py:3239} INFO - Sync 1 DAGs
[2026-09-25T16:24:52.487+0000] {logging_mixin.py:190} INFO - [2026-09-25T16:24:52.486+0000] {dag.py:4180} INFO - Setting next_dagrun for example_dynamic_task_mapping to None, run_after=None
[2026-09-25T16:24:52.607+0000] {processor.py:208} INFO - Processing /home/airflow/.local/lib/python3.12/site-packages/airflow/example_dags/example_dynamic_task_mapping.py took 0.520 seconds
[2026-09-25T16:25:23.590+0000] {processor.py:186} INFO - Started process (PID=712) to work on /home/airflow/.local/lib/python3.12/site-packages/airflow/example_dags/example_dynamic_task_mapping.py
[2026-09-25T16:25:23.594+0000] {processor.py:914} INFO - Processing file /home/airflow/.local/lib/python3.12/site-packages/airflow/example_dags/example_dynamic_task_mapping.py for tasks to queue
[2026-09-25T16:25:23.600+0000] {logging_mixin.py:190} INFO - [2026-09-25T16:25:23.599+0000] {dagbag.py:588} INFO - Filling up the DagBag from /home/airflow/.local/lib/python3.12/site-packages/airflow/example_dags/example_dynamic_task_mapping.py
[2026-09-25T16:25:23.624+0000] {processor.py:925} INFO - DAG(s) 'example_dynamic_task_mapping' retrieved from /home/airflow/.local/lib/python3.12/site-packages/airflow/example_dags/example_dynamic_task_mapping.py
[2026-09-25T16:25:23.686+0000] {logging_mixin.py:190} INFO - [2026-09-25T16:25:23.686+0000] {dag.py:3239} INFO - Sync 1 DAGs
[2026-09-25T16:25:23.736+0000] {logging_mixin.py:190} INFO - [2026-09-25T16:25:23.736+0000] {dag.py:4180} INFO - Setting next_dagrun for example_dynamic_task_mapping to None, run_after=None
[2026-09-25T16:25:23.792+0000] {processor.py:208} INFO - Processing /home/airflow/.local/lib/python3.12/site-packages/airflow/example_dags/example_dynamic_task_mapping.py took 0.223 seconds
[2026-09-25T16:26:02.035+0000] {processor.py:186} INFO - Started process (PID=774) to work on /home/airflow/.local/lib/python3.12/site-packages/airflow/example_dags/example_dynamic_task_mapping.py
[2026-09-25T16:26:02.058+0000] {processor.py:914} INFO - Processing file /home/airflow/.local/lib/python3.12/site-packages/airflow/example_dags/example_dynamic_task_mapping.py for tasks to queue
[2026-09-25T16:26:02.068+0000] {logging_mixin.py:190} INFO - [2026-09-25T16:26:02.067+0000] {dagbag.py:588} INFO - Filling up the DagBag from /home/airflow/.local/lib/python3.12/site-packages/airflow/example_dags/example_dynamic_task_mapping.py
[2026-09-25T16:26:02.107+0000] {processor.py:925} INFO - DAG(s) 'example_dynamic_task_mapping' retrieved from /home/airflow/.local/lib/python3.12/site-packages/airflow/example_dags/example_dynamic_task_mapping.py
[2026-09-25T16:26:02.259+0000] {logging_mixin.py:190} INFO - [2026-09-25T16:26:02.259+0000] {dag.py:3239} INFO - Sync 1 DAGs
[2026-09-25T16:26:02.363+0000] {logging_mixin.py:190} INFO - [2026-09-25T16:26:02.362+0000] {dag.py:4180} INFO - Setting next_dagrun for example_dynamic_task_mapping to None, run_after=None
[2026-09-25T16:26:02.478+0000] {processor.py:208} INFO - Processing /home/airflow/.local/lib/python3.12/site-packages/airflow/example_dags/example_dynamic_task_mapping.py took 0.462 seconds
[2026-09-25T16:26:34.506+0000] {processor.py:186} INFO - Started process (PID=835) to work on /home/airflow/.local/lib/python3.12/site-packages/airflow/example_dags/example_dynamic_task_mapping.py
[2026-09-25T16:26:34.516+0000] {processor.py:914} INFO - Processing file /home/airflow/.local/lib/python3.12/site-packages/airflow/example_dags/example_dynamic_task_mapping.py for tasks to queue
[2026-09-25T16:26:34.526+0000] {logging_mixin.py:190} INFO - [2026-09-25T16:26:34.525+0000] {dagbag.py:588} INFO - Filling up the DagBag from /home/airflow/.local/lib/python3.12/site-packages/airflow/example_dags/example_dynamic_task_mapping.py
[2026-09-25T16:26:34.565+0000] {processor.py:925} INFO - DAG(s) 'example_dynamic_task_mapping' retrieved from /home/airflow/.local/lib/python3.12/site-packages/airflow/example_dags/example_dynamic_task_mapping.py
[2026-09-25T16:26:34.715+0000] {logging_mixin.py:190} INFO - [2026-09-25T16:26:34.715+0000] {dag.py:3239} INFO - Sync 1 DAGs
[2026-09-25T16:26:34.777+0000] {logging_mixin.py:190} INFO - [2026-09-25T16:26:34.776+0000] {dag.py:4180} INFO - Setting next_dagrun for example_dynamic_task_mapping to None, run_after=None
[2026-09-25T16:26:34.827+0000] {processor.py:208} INFO - Processing /home/airflow/.local/lib/python3.12/site-packages/airflow/example_dags/example_dynamic_task_mapping.py took 0.519 seconds
[2026-09-25T16:27:13.368+0000] {processor.py:186} INFO - Started process (PID=905) to work on /home/airflow/.local/lib/python3.12/site-packages/airflow/example_dags/example_dynamic_task_mapping.py
[2026-09-25T16:27:13.373+0000] {processor.py:914} INFO - Processing file /home/airflow/.local/lib/python3.12/site-packages/airflow/example_dags/example_dynamic_task_mapping.py for tasks to queue
[2026-09-25T16:27:13.393+0000] {logging_mixin.py:190} INFO - [2026-09-25T16:27:13.379+0000] {dagbag.py:588} INFO - Filling up the DagBag from /home/airflow/.local/lib/python3.12/site-packages/airflow/example_dags/example_dynamic_task_mapping.py
[2026-09-25T16:27:13.420+0000] {processor.py:925} INFO - DAG(s) 'example_dynamic_task_mapping' retrieved from /home/airflow/.local/lib/python3.12/site-packages/airflow/example_dags/example_dynamic_task_mapping.py
[2026-09-25T16:27:13.563+0000] {logging_mixin.py:190} INFO - [2026-09-25T16:27:13.563+0000] {dag.py:3239} INFO - Sync 1 DAGs
[2026-09-25T16:27:13.771+0000] {logging_mixin.py:190} INFO - [2026-09-25T16:27:13.770+0000] {dag.py:4180} INFO - Setting next_dagrun for example_dynamic_task_mapping to None, run_after=None
[2026-09-25T16:27:13.874+0000] {processor.py:208} INFO - Processing /home/airflow/.local/lib/python3.12/site-packages/airflow/example_dags/example_dynamic_task_mapping.py took 0.526 seconds
[2026-09-25T16:27:54.587+0000] {processor.py:186} INFO - Started process (PID=960) to work on /home/airflow/.local/lib/python3.12/site-packages/airflow/example_dags/example_dynamic_task_mapping.py
[2026-09-25T16:27:54.603+0000] {processor.py:914} INFO - Processing file /home/airflow/.local/lib/python3.12/site-packages/airflow/example_dags/example_dynamic_task_mapping.py for tasks to queue
[2026-09-25T16:27:54.619+0000] {logging_mixin.py:190} INFO - [2026-09-25T16:27:54.619+0000] {dagbag.py:588} INFO - Filling up the DagBag from /home/airflow/.local/lib/python3.12/site-packages/airflow/example_dags/example_dynamic_task_mapping.py
[2026-09-25T16:27:54.670+0000] {processor.py:925} INFO - DAG(s) 'example_dynamic_task_mapping' retrieved from /home/airflow/.local/lib/python3.12/site-packages/airflow/example_dags/example_dynamic_task_mapping.py
[2026-09-25T16:27:54.759+0000] {logging_mixin.py:190} INFO - [2026-09-25T16:27:54.759+0000] {dag.py:3239} INFO - Sync 1 DAGs
[2026-09-25T16:27:54.810+0000] {logging_mixin.py:190} INFO - [2026-09-25T16:27:54.809+0000] {dag.py:4180} INFO - Setting next_dagrun for example_dynamic_task_mapping to None, run_after=None
[2026-09-25T16:27:54.873+0000] {processor.py:208} INFO - Processing /home/airflow/.local/lib/python3.12/site-packages/airflow/example_dags/example_dynamic_task_mapping.py took 0.305 seconds
[2026-09-25T16:28:36.036+0000] {processor.py:186} INFO - Started process (PID=1018) to work on /home/airflow/.local/lib/python3.12/site-packages/airflow/example_dags/example_dynamic_task_mapping.py
[2026-09-25T16:28:36.042+0000] {processor.py:914} INFO - Processing file /home/airflow/.local/lib/python3.12/site-packages/airflow/example_dags/example_dynamic_task_mapping.py for tasks to queue
[2026-09-25T16:28:36.062+0000] {logging_mixin.py:190} INFO - [2026-09-25T16:28:36.061+0000] {dagbag.py:588} INFO - Filling up the DagBag from /home/airflow/.local/lib/python3.12/site-packages/airflow/example_dags/example_dynamic_task_mapping.py
[2026-09-25T16:28:36.092+0000] {processor.py:925} INFO - DAG(s) 'example_dynamic_task_mapping' retrieved from /home/airflow/.local/lib/python3.12/site-packages/airflow/example_dags/example_dynamic_task_mapping.py
[2026-09-25T16:28:36.195+0000] {logging_mixin.py:190} INFO - [2026-09-25T16:28:36.194+0000] {dag.py:3239} INFO - Sync 1 DAGs
[2026-09-25T16:28:36.265+0000] {logging_mixin.py:190} INFO - [2026-09-25T16:28:36.265+0000] {dag.py:4180} INFO - Setting next_dagrun for example_dynamic_task_mapping to None, run_after=None
[2026-09-25T16:28:36.536+0000] {processor.py:208} INFO - Processing /home/airflow/.local/lib/python3.12/site-packages/airflow/example_dags/example_dynamic_task_mapping.py took 0.579 seconds
[2026-09-25T16:29:08.609+0000] {processor.py:186} INFO - Started process (PID=1067) to work on /home/airflow/.local/lib/python3.12/site-packages/airflow/example_dags/example_dynamic_task_mapping.py
[2026-09-25T16:29:08.613+0000] {processor.py:914} INFO - Processing file /home/airflow/.local/lib/python3.12/site-packages/airflow/example_dags/example_dynamic_task_mapping.py for tasks to queue
[2026-09-25T16:29:08.619+0000] {logging_mixin.py:190} INFO - [2026-09-25T16:29:08.618+0000] {dagbag.py:588} INFO - Filling up the DagBag from /home/airflow/.local/lib/python3.12/site-packages/airflow/example_dags/example_dynamic_task_mapping.py
[2026-09-25T16:29:08.648+0000] {processor.py:925} INFO - DAG(s) 'example_dynamic_task_mapping' retrieved from /home/airflow/.local/lib/python3.12/site-packages/airflow/example_dags/example_dynamic_task_mapping.py
[2026-09-25T16:29:08.734+0000] {logging_mixin.py:190} INFO - [2026-09-25T16:29:08.733+0000] {dag.py:3239} INFO - Sync 1 DAGs
[2026-09-25T16:29:08.827+0000] {logging_mixin.py:190} INFO - [2026-09-25T16:29:08.826+0000] {dag.py:4180} INFO - Setting next_dagrun for example_dynamic_task_mapping to None, run_after=None
[2026-09-25T16:29:09.117+0000] {processor.py:208} INFO - Processing /home/airflow/.local/lib/python3.12/site-packages/airflow/example_dags/example_dynamic_task_mapping.py took 0.524 seconds
[2026-09-25T16:43:00.273+0000] {processor.py:186} INFO - Started process (PID=53) to work on /home/airflow/.local/lib/python3.12/site-packages/airflow/example_dags/example_dynamic_task_mapping.py
[2026-09-25T16:43:00.286+0000] {processor.py:914} INFO - Processing file /home/airflow/.local/lib/python3.12/site-packages/airflow/example_dags/example_dynamic_task_mapping.py for tasks to queue
[2026-09-25T16:43:00.307+0000] {logging_mixin.py:190} INFO - [2026-09-25T16:43:00.306+0000] {dagbag.py:588} INFO - Filling up the DagBag from /home/airflow/.local/lib/python3.12/site-packages/airflow/example_dags/example_dynamic_task_mapping.py
[2026-09-25T16:43:00.383+0000] {processor.py:925} INFO - DAG(s) 'example_dynamic_task_mapping' retrieved from /home/airflow/.local/lib/python3.12/site-packages/airflow/example_dags/example_dynamic_task_mapping.py
[2026-09-25T16:43:00.744+0000] {logging_mixin.py:190} INFO - [2026-09-25T16:43:00.739+0000] {dag.py:3239} INFO - Sync 1 DAGs
[2026-09-25T16:43:01.264+0000] {logging_mixin.py:190} INFO - [2026-09-25T16:43:01.264+0000] {dag.py:4180} INFO - Setting next_dagrun for example_dynamic_task_mapping to None, run_after=None
[2026-09-25T16:43:01.701+0000] {processor.py:208} INFO - Processing /home/airflow/.local/lib/python3.12/site-packages/airflow/example_dags/example_dynamic_task_mapping.py took 1.480 seconds
[2026-09-25T16:44:00.759+0000] {processor.py:186} INFO - Started process (PID=120) to work on /home/airflow/.local/lib/python3.12/site-packages/airflow/example_dags/example_dynamic_task_mapping.py
[2026-09-25T16:44:00.763+0000] {processor.py:914} INFO - Processing file /home/airflow/.local/lib/python3.12/site-packages/airflow/example_dags/example_dynamic_task_mapping.py for tasks to queue
[2026-09-25T16:44:00.771+0000] {logging_mixin.py:190} INFO - [2026-09-25T16:44:00.770+0000] {dagbag.py:588} INFO - Filling up the DagBag from /home/airflow/.local/lib/python3.12/site-packages/airflow/example_dags/example_dynamic_task_mapping.py
[2026-09-25T16:44:00.795+0000] {processor.py:925} INFO - DAG(s) 'example_dynamic_task_mapping' retrieved from /home/airflow/.local/lib/python3.12/site-packages/airflow/example_dags/example_dynamic_task_mapping.py
[2026-09-25T16:44:00.846+0000] {logging_mixin.py:190} INFO - [2026-09-25T16:44:00.846+0000] {dag.py:3239} INFO - Sync 1 DAGs
[2026-09-25T16:44:00.892+0000] {logging_mixin.py:190} INFO - [2026-09-25T16:44:00.892+0000] {dag.py:4180} INFO - Setting next_dagrun for example_dynamic_task_mapping to None, run_after=None
[2026-09-25T16:44:00.943+0000] {processor.py:208} INFO - Processing /home/airflow/.local/lib/python3.12/site-packages/airflow/example_dags/example_dynamic_task_mapping.py took 0.199 seconds
[2026-09-25T16:44:31.866+0000] {processor.py:186} INFO - Started process (PID=182) to work on /home/airflow/.local/lib/python3.12/site-packages/airflow/example_dags/example_dynamic_task_mapping.py
[2026-09-25T16:44:31.868+0000] {processor.py:914} INFO - Processing file /home/airflow/.local/lib/python3.12/site-packages/airflow/example_dags/example_dynamic_task_mapping.py for tasks to queue
[2026-09-25T16:44:31.878+0000] {logging_mixin.py:190} INFO - [2026-09-25T16:44:31.877+0000] {dagbag.py:588} INFO - Filling up the DagBag from /home/airflow/.local/lib/python3.12/site-packages/airflow/example_dags/example_dynamic_task_mapping.py
[2026-09-25T16:44:31.919+0000] {processor.py:925} INFO - DAG(s) 'example_dynamic_task_mapping' retrieved from /home/airflow/.local/lib/python3.12/site-packages/airflow/example_dags/example_dynamic_task_mapping.py
[2026-09-25T16:44:32.070+0000] {logging_mixin.py:190} INFO - [2026-09-25T16:44:32.069+0000] {dag.py:3239} INFO - Sync 1 DAGs
[2026-09-25T16:44:32.127+0000] {logging_mixin.py:190} INFO - [2026-09-25T16:44:32.126+0000] {dag.py:4180} INFO - Setting next_dagrun for example_dynamic_task_mapping to None, run_after=None
[2026-09-25T16:44:32.183+0000] {processor.py:208} INFO - Processing /home/airflow/.local/lib/python3.12/site-packages/airflow/example_dags/example_dynamic_task_mapping.py took 0.335 seconds
[2026-09-25T16:45:09.296+0000] {processor.py:186} INFO - Started process (PID=245) to work on /home/airflow/.local/lib/python3.12/site-packages/airflow/example_dags/example_dynamic_task_mapping.py
[2026-09-25T16:45:09.304+0000] {processor.py:914} INFO - Processing file /home/airflow/.local/lib/python3.12/site-packages/airflow/example_dags/example_dynamic_task_mapping.py for tasks to queue
[2026-09-25T16:45:09.312+0000] {logging_mixin.py:190} INFO - [2026-09-25T16:45:09.311+0000] {dagbag.py:588} INFO - Filling up the DagBag from /home/airflow/.local/lib/python3.12/site-packages/airflow/example_dags/example_dynamic_task_mapping.py
[2026-09-25T16:45:09.338+0000] {processor.py:925} INFO - DAG(s) 'example_dynamic_task_mapping' retrieved from /home/airflow/.local/lib/python3.12/site-packages/airflow/example_dags/example_dynamic_task_mapping.py
[2026-09-25T16:45:09.394+0000] {logging_mixin.py:190} INFO - [2026-09-25T16:45:09.393+0000] {dag.py:3239} INFO - Sync 1 DAGs
[2026-09-25T16:45:09.447+0000] {logging_mixin.py:190} INFO - [2026-09-25T16:45:09.447+0000] {dag.py:4180} INFO - Setting next_dagrun for example_dynamic_task_mapping to None, run_after=None
[2026-09-25T16:45:09.516+0000] {processor.py:208} INFO - Processing /home/airflow/.local/lib/python3.12/site-packages/airflow/example_dags/example_dynamic_task_mapping.py took 0.237 seconds
[2026-09-25T16:45:41.529+0000] {processor.py:186} INFO - Started process (PID=306) to work on /home/airflow/.local/lib/python3.12/site-packages/airflow/example_dags/example_dynamic_task_mapping.py
[2026-09-25T16:45:41.569+0000] {processor.py:914} INFO - Processing file /home/airflow/.local/lib/python3.12/site-packages/airflow/example_dags/example_dynamic_task_mapping.py for tasks to queue
[2026-09-25T16:45:41.688+0000] {logging_mixin.py:190} INFO - [2026-09-25T16:45:41.682+0000] {dagbag.py:588} INFO - Filling up the DagBag from /home/airflow/.local/lib/python3.12/site-packages/airflow/example_dags/example_dynamic_task_mapping.py
[2026-09-25T16:45:41.799+0000] {processor.py:925} INFO - DAG(s) 'example_dynamic_task_mapping' retrieved from /home/airflow/.local/lib/python3.12/site-packages/airflow/example_dags/example_dynamic_task_mapping.py
[2026-09-25T16:45:41.928+0000] {logging_mixin.py:190} INFO - [2026-09-25T16:45:41.927+0000] {dag.py:3239} INFO - Sync 1 DAGs
[2026-09-25T16:45:42.013+0000] {logging_mixin.py:190} INFO - [2026-09-25T16:45:42.013+0000] {dag.py:4180} INFO - Setting next_dagrun for example_dynamic_task_mapping to None, run_after=None
[2026-09-25T16:45:42.127+0000] {processor.py:208} INFO - Processing /home/airflow/.local/lib/python3.12/site-packages/airflow/example_dags/example_dynamic_task_mapping.py took 0.689 seconds
[2026-09-25T16:46:12.508+0000] {processor.py:186} INFO - Started process (PID=367) to work on /home/airflow/.local/lib/python3.12/site-packages/airflow/example_dags/example_dynamic_task_mapping.py
[2026-09-25T16:46:12.512+0000] {processor.py:914} INFO - Processing file /home/airflow/.local/lib/python3.12/site-packages/airflow/example_dags/example_dynamic_task_mapping.py for tasks to queue
[2026-09-25T16:46:12.521+0000] {logging_mixin.py:190} INFO - [2026-09-25T16:46:12.520+0000] {dagbag.py:588} INFO - Filling up the DagBag from /home/airflow/.local/lib/python3.12/site-packages/airflow/example_dags/example_dynamic_task_mapping.py
[2026-09-25T16:46:12.544+0000] {processor.py:925} INFO - DAG(s) 'example_dynamic_task_mapping' retrieved from /home/airflow/.local/lib/python3.12/site-packages/airflow/example_dags/example_dynamic_task_mapping.py
[2026-09-25T16:46:12.627+0000] {logging_mixin.py:190} INFO - [2026-09-25T16:46:12.626+0000] {dag.py:3239} INFO - Sync 1 DAGs
[2026-09-25T16:46:12.706+0000] {logging_mixin.py:190} INFO - [2026-09-25T16:46:12.706+0000] {dag.py:4180} INFO - Setting next_dagrun for example_dynamic_task_mapping to None, run_after=None
[2026-09-25T16:46:12.761+0000] {processor.py:208} INFO - Processing /home/airflow/.local/lib/python3.12/site-packages/airflow/example_dags/example_dynamic_task_mapping.py took 0.280 seconds
[2026-09-25T16:46:43.104+0000] {processor.py:186} INFO - Started process (PID=430) to work on /home/airflow/.local/lib/python3.12/site-packages/airflow/example_dags/example_dynamic_task_mapping.py
[2026-09-25T16:46:43.120+0000] {processor.py:914} INFO - Processing file /home/airflow/.local/lib/python3.12/site-packages/airflow/example_dags/example_dynamic_task_mapping.py for tasks to queue
[2026-09-25T16:46:43.129+0000] {logging_mixin.py:190} INFO - [2026-09-25T16:46:43.128+0000] {dagbag.py:588} INFO - Filling up the DagBag from /home/airflow/.local/lib/python3.12/site-packages/airflow/example_dags/example_dynamic_task_mapping.py
[2026-09-25T16:46:43.160+0000] {processor.py:925} INFO - DAG(s) 'example_dynamic_task_mapping' retrieved from /home/airflow/.local/lib/python3.12/site-packages/airflow/example_dags/example_dynamic_task_mapping.py
[2026-09-25T16:46:43.243+0000] {logging_mixin.py:190} INFO - [2026-09-25T16:46:43.241+0000] {dag.py:3239} INFO - Sync 1 DAGs
[2026-09-25T16:46:43.325+0000] {logging_mixin.py:190} INFO - [2026-09-25T16:46:43.325+0000] {dag.py:4180} INFO - Setting next_dagrun for example_dynamic_task_mapping to None, run_after=None
[2026-09-25T16:46:43.379+0000] {processor.py:208} INFO - Processing /home/airflow/.local/lib/python3.12/site-packages/airflow/example_dags/example_dynamic_task_mapping.py took 0.307 seconds
[2026-09-25T16:47:13.579+0000] {processor.py:186} INFO - Started process (PID=492) to work on /home/airflow/.local/lib/python3.12/site-packages/airflow/example_dags/example_dynamic_task_mapping.py
[2026-09-25T16:47:13.582+0000] {processor.py:914} INFO - Processing file /home/airflow/.local/lib/python3.12/site-packages/airflow/example_dags/example_dynamic_task_mapping.py for tasks to queue
[2026-09-25T16:47:13.590+0000] {logging_mixin.py:190} INFO - [2026-09-25T16:47:13.590+0000] {dagbag.py:588} INFO - Filling up the DagBag from /home/airflow/.local/lib/python3.12/site-packages/airflow/example_dags/example_dynamic_task_mapping.py
[2026-09-25T16:47:13.617+0000] {processor.py:925} INFO - DAG(s) 'example_dynamic_task_mapping' retrieved from /home/airflow/.local/lib/python3.12/site-packages/airflow/example_dags/example_dynamic_task_mapping.py
[2026-09-25T16:47:13.678+0000] {logging_mixin.py:190} INFO - [2026-09-25T16:47:13.678+0000] {dag.py:3239} INFO - Sync 1 DAGs
[2026-09-25T16:47:13.724+0000] {logging_mixin.py:190} INFO - [2026-09-25T16:47:13.723+0000] {dag.py:4180} INFO - Setting next_dagrun for example_dynamic_task_mapping to None, run_after=None
[2026-09-25T16:47:13.779+0000] {processor.py:208} INFO - Processing /home/airflow/.local/lib/python3.12/site-packages/airflow/example_dags/example_dynamic_task_mapping.py took 0.213 seconds
[2026-09-25T16:47:46.049+0000] {processor.py:186} INFO - Started process (PID=543) to work on /home/airflow/.local/lib/python3.12/site-packages/airflow/example_dags/example_dynamic_task_mapping.py
[2026-09-25T16:47:46.055+0000] {processor.py:914} INFO - Processing file /home/airflow/.local/lib/python3.12/site-packages/airflow/example_dags/example_dynamic_task_mapping.py for tasks to queue
[2026-09-25T16:47:46.061+0000] {logging_mixin.py:190} INFO - [2026-09-25T16:47:46.060+0000] {dagbag.py:588} INFO - Filling up the DagBag from /home/airflow/.local/lib/python3.12/site-packages/airflow/example_dags/example_dynamic_task_mapping.py
[2026-09-25T16:47:46.092+0000] {processor.py:925} INFO - DAG(s) 'example_dynamic_task_mapping' retrieved from /home/airflow/.local/lib/python3.12/site-packages/airflow/example_dags/example_dynamic_task_mapping.py
[2026-09-25T16:47:46.162+0000] {logging_mixin.py:190} INFO - [2026-09-25T16:47:46.160+0000] {dag.py:3239} INFO - Sync 1 DAGs
[2026-09-25T16:47:46.225+0000] {logging_mixin.py:190} INFO - [2026-09-25T16:47:46.225+0000] {dag.py:4180} INFO - Setting next_dagrun for example_dynamic_task_mapping to None, run_after=None
[2026-09-25T16:47:46.305+0000] {processor.py:208} INFO - Processing /home/airflow/.local/lib/python3.12/site-packages/airflow/example_dags/example_dynamic_task_mapping.py took 0.278 seconds
[2026-09-25T16:48:20.820+0000] {processor.py:186} INFO - Started process (PID=595) to work on /home/airflow/.local/lib/python3.12/site-packages/airflow/example_dags/example_dynamic_task_mapping.py
[2026-09-25T16:48:20.824+0000] {processor.py:914} INFO - Processing file /home/airflow/.local/lib/python3.12/site-packages/airflow/example_dags/example_dynamic_task_mapping.py for tasks to queue
[2026-09-25T16:48:20.844+0000] {logging_mixin.py:190} INFO - [2026-09-25T16:48:20.843+0000] {dagbag.py:588} INFO - Filling up the DagBag from /home/airflow/.local/lib/python3.12/site-packages/airflow/example_dags/example_dynamic_task_mapping.py
[2026-09-25T16:48:20.883+0000] {processor.py:925} INFO - DAG(s) 'example_dynamic_task_mapping' retrieved from /home/airflow/.local/lib/python3.12/site-packages/airflow/example_dags/example_dynamic_task_mapping.py
[2026-09-25T16:48:21.001+0000] {logging_mixin.py:190} INFO - [2026-09-25T16:48:21.000+0000] {dag.py:3239} INFO - Sync 1 DAGs
[2026-09-25T16:48:21.053+0000] {logging_mixin.py:190} INFO - [2026-09-25T16:48:21.053+0000] {dag.py:4180} INFO - Setting next_dagrun for example_dynamic_task_mapping to None, run_after=None
[2026-09-25T16:48:21.109+0000] {processor.py:208} INFO - Processing /home/airflow/.local/lib/python3.12/site-packages/airflow/example_dags/example_dynamic_task_mapping.py took 0.309 seconds
[2026-09-25T16:48:51.927+0000] {processor.py:186} INFO - Started process (PID=658) to work on /home/airflow/.local/lib/python3.12/site-packages/airflow/example_dags/example_dynamic_task_mapping.py
[2026-09-25T16:48:51.930+0000] {processor.py:914} INFO - Processing file /home/airflow/.local/lib/python3.12/site-packages/airflow/example_dags/example_dynamic_task_mapping.py for tasks to queue
[2026-09-25T16:48:51.937+0000] {logging_mixin.py:190} INFO - [2026-09-25T16:48:51.936+0000] {dagbag.py:588} INFO - Filling up the DagBag from /home/airflow/.local/lib/python3.12/site-packages/airflow/example_dags/example_dynamic_task_mapping.py
[2026-09-25T16:48:51.966+0000] {processor.py:925} INFO - DAG(s) 'example_dynamic_task_mapping' retrieved from /home/airflow/.local/lib/python3.12/site-packages/airflow/example_dags/example_dynamic_task_mapping.py
[2026-09-25T16:48:52.017+0000] {logging_mixin.py:190} INFO - [2026-09-25T16:48:52.017+0000] {dag.py:3239} INFO - Sync 1 DAGs
[2026-09-25T16:48:52.068+0000] {logging_mixin.py:190} INFO - [2026-09-25T16:48:52.068+0000] {dag.py:4180} INFO - Setting next_dagrun for example_dynamic_task_mapping to None, run_after=None
[2026-09-25T16:48:52.118+0000] {processor.py:208} INFO - Processing /home/airflow/.local/lib/python3.12/site-packages/airflow/example_dags/example_dynamic_task_mapping.py took 0.203 seconds
[2026-09-25T16:49:22.453+0000] {processor.py:186} INFO - Started process (PID=721) to work on /home/airflow/.local/lib/python3.12/site-packages/airflow/example_dags/example_dynamic_task_mapping.py
[2026-09-25T16:49:22.456+0000] {processor.py:914} INFO - Processing file /home/airflow/.local/lib/python3.12/site-packages/airflow/example_dags/example_dynamic_task_mapping.py for tasks to queue
[2026-09-25T16:49:22.462+0000] {logging_mixin.py:190} INFO - [2026-09-25T16:49:22.461+0000] {dagbag.py:588} INFO - Filling up the DagBag from /home/airflow/.local/lib/python3.12/site-packages/airflow/example_dags/example_dynamic_task_mapping.py
[2026-09-25T16:49:22.485+0000] {processor.py:925} INFO - DAG(s) 'example_dynamic_task_mapping' retrieved from /home/airflow/.local/lib/python3.12/site-packages/airflow/example_dags/example_dynamic_task_mapping.py
[2026-09-25T16:49:22.539+0000] {logging_mixin.py:190} INFO - [2026-09-25T16:49:22.539+0000] {dag.py:3239} INFO - Sync 1 DAGs
[2026-09-25T16:49:22.581+0000] {logging_mixin.py:190} INFO - [2026-09-25T16:49:22.581+0000] {dag.py:4180} INFO - Setting next_dagrun for example_dynamic_task_mapping to None, run_after=None
[2026-09-25T16:49:22.630+0000] {processor.py:208} INFO - Processing /home/airflow/.local/lib/python3.12/site-packages/airflow/example_dags/example_dynamic_task_mapping.py took 0.189 seconds
[2026-09-25T16:55:46.618+0000] {processor.py:186} INFO - Started process (PID=58) to work on /home/airflow/.local/lib/python3.12/site-packages/airflow/example_dags/example_dynamic_task_mapping.py
[2026-09-25T16:55:46.621+0000] {processor.py:914} INFO - Processing file /home/airflow/.local/lib/python3.12/site-packages/airflow/example_dags/example_dynamic_task_mapping.py for tasks to queue
[2026-09-25T16:55:46.626+0000] {logging_mixin.py:190} INFO - [2026-09-25T16:55:46.626+0000] {dagbag.py:588} INFO - Filling up the DagBag from /home/airflow/.local/lib/python3.12/site-packages/airflow/example_dags/example_dynamic_task_mapping.py
[2026-09-25T16:55:46.648+0000] {processor.py:925} INFO - DAG(s) 'example_dynamic_task_mapping' retrieved from /home/airflow/.local/lib/python3.12/site-packages/airflow/example_dags/example_dynamic_task_mapping.py
[2026-09-25T16:55:46.722+0000] {logging_mixin.py:190} INFO - [2026-09-25T16:55:46.721+0000] {dag.py:3239} INFO - Sync 1 DAGs
[2026-09-25T16:55:46.765+0000] {logging_mixin.py:190} INFO - [2026-09-25T16:55:46.764+0000] {dag.py:4180} INFO - Setting next_dagrun for example_dynamic_task_mapping to None, run_after=None
[2026-09-25T16:55:46.831+0000] {processor.py:208} INFO - Processing /home/airflow/.local/lib/python3.12/site-packages/airflow/example_dags/example_dynamic_task_mapping.py took 0.227 seconds
[2026-09-25T16:58:22.718+0000] {processor.py:186} INFO - Started process (PID=143) to work on /home/airflow/.local/lib/python3.12/site-packages/airflow/example_dags/example_dynamic_task_mapping.py
[2026-09-25T16:58:22.724+0000] {processor.py:914} INFO - Processing file /home/airflow/.local/lib/python3.12/site-packages/airflow/example_dags/example_dynamic_task_mapping.py for tasks to queue
[2026-09-25T16:58:22.737+0000] {logging_mixin.py:190} INFO - [2026-09-25T16:58:22.737+0000] {dagbag.py:588} INFO - Filling up the DagBag from /home/airflow/.local/lib/python3.12/site-packages/airflow/example_dags/example_dynamic_task_mapping.py
[2026-09-25T16:58:22.814+0000] {processor.py:925} INFO - DAG(s) 'example_dynamic_task_mapping' retrieved from /home/airflow/.local/lib/python3.12/site-packages/airflow/example_dags/example_dynamic_task_mapping.py
[2026-09-25T16:58:22.919+0000] {logging_mixin.py:190} INFO - [2026-09-25T16:58:22.918+0000] {dag.py:3239} INFO - Sync 1 DAGs
[2026-09-25T16:58:23.004+0000] {logging_mixin.py:190} INFO - [2026-09-25T16:58:23.004+0000] {dag.py:4180} INFO - Setting next_dagrun for example_dynamic_task_mapping to None, run_after=None
[2026-09-25T16:58:23.129+0000] {processor.py:208} INFO - Processing /home/airflow/.local/lib/python3.12/site-packages/airflow/example_dags/example_dynamic_task_mapping.py took 0.460 seconds
[2026-09-25T16:58:55.443+0000] {processor.py:186} INFO - Started process (PID=206) to work on /home/airflow/.local/lib/python3.12/site-packages/airflow/example_dags/example_dynamic_task_mapping.py
[2026-09-25T16:58:55.462+0000] {processor.py:914} INFO - Processing file /home/airflow/.local/lib/python3.12/site-packages/airflow/example_dags/example_dynamic_task_mapping.py for tasks to queue
[2026-09-25T16:58:55.469+0000] {logging_mixin.py:190} INFO - [2026-09-25T16:58:55.468+0000] {dagbag.py:588} INFO - Filling up the DagBag from /home/airflow/.local/lib/python3.12/site-packages/airflow/example_dags/example_dynamic_task_mapping.py
[2026-09-25T16:58:55.488+0000] {processor.py:925} INFO - DAG(s) 'example_dynamic_task_mapping' retrieved from /home/airflow/.local/lib/python3.12/site-packages/airflow/example_dags/example_dynamic_task_mapping.py
[2026-09-25T16:58:55.552+0000] {logging_mixin.py:190} INFO - [2026-09-25T16:58:55.549+0000] {dag.py:3239} INFO - Sync 1 DAGs
[2026-09-25T16:58:55.601+0000] {logging_mixin.py:190} INFO - [2026-09-25T16:58:55.599+0000] {dag.py:4180} INFO - Setting next_dagrun for example_dynamic_task_mapping to None, run_after=None
[2026-09-25T16:58:55.664+0000] {processor.py:208} INFO - Processing /home/airflow/.local/lib/python3.12/site-packages/airflow/example_dags/example_dynamic_task_mapping.py took 0.238 seconds
[2026-09-25T16:59:25.724+0000] {processor.py:186} INFO - Started process (PID=268) to work on /home/airflow/.local/lib/python3.12/site-packages/airflow/example_dags/example_dynamic_task_mapping.py
[2026-09-25T16:59:25.736+0000] {processor.py:914} INFO - Processing file /home/airflow/.local/lib/python3.12/site-packages/airflow/example_dags/example_dynamic_task_mapping.py for tasks to queue
[2026-09-25T16:59:25.744+0000] {logging_mixin.py:190} INFO - [2026-09-25T16:59:25.743+0000] {dagbag.py:588} INFO - Filling up the DagBag from /home/airflow/.local/lib/python3.12/site-packages/airflow/example_dags/example_dynamic_task_mapping.py
[2026-09-25T16:59:25.802+0000] {processor.py:925} INFO - DAG(s) 'example_dynamic_task_mapping' retrieved from /home/airflow/.local/lib/python3.12/site-packages/airflow/example_dags/example_dynamic_task_mapping.py
[2026-09-25T16:59:25.881+0000] {logging_mixin.py:190} INFO - [2026-09-25T16:59:25.880+0000] {dag.py:3239} INFO - Sync 1 DAGs
[2026-09-25T16:59:25.962+0000] {logging_mixin.py:190} INFO - [2026-09-25T16:59:25.962+0000] {dag.py:4180} INFO - Setting next_dagrun for example_dynamic_task_mapping to None, run_after=None
[2026-09-25T16:59:26.014+0000] {processor.py:208} INFO - Processing /home/airflow/.local/lib/python3.12/site-packages/airflow/example_dags/example_dynamic_task_mapping.py took 0.303 seconds
[2026-09-25T16:59:58.614+0000] {processor.py:186} INFO - Started process (PID=324) to work on /home/airflow/.local/lib/python3.12/site-packages/airflow/example_dags/example_dynamic_task_mapping.py
[2026-09-25T16:59:58.629+0000] {processor.py:914} INFO - Processing file /home/airflow/.local/lib/python3.12/site-packages/airflow/example_dags/example_dynamic_task_mapping.py for tasks to queue
[2026-09-25T16:59:58.665+0000] {logging_mixin.py:190} INFO - [2026-09-25T16:59:58.664+0000] {dagbag.py:588} INFO - Filling up the DagBag from /home/airflow/.local/lib/python3.12/site-packages/airflow/example_dags/example_dynamic_task_mapping.py
[2026-09-25T16:59:58.787+0000] {processor.py:925} INFO - DAG(s) 'example_dynamic_task_mapping' retrieved from /home/airflow/.local/lib/python3.12/site-packages/airflow/example_dags/example_dynamic_task_mapping.py
[2026-09-25T16:59:58.841+0000] {logging_mixin.py:190} INFO - [2026-09-25T16:59:58.841+0000] {dag.py:3239} INFO - Sync 1 DAGs
[2026-09-25T16:59:58.874+0000] {logging_mixin.py:190} INFO - [2026-09-25T16:59:58.874+0000] {dag.py:4180} INFO - Setting next_dagrun for example_dynamic_task_mapping to None, run_after=None
[2026-09-25T16:59:58.912+0000] {processor.py:208} INFO - Processing /home/airflow/.local/lib/python3.12/site-packages/airflow/example_dags/example_dynamic_task_mapping.py took 0.331 seconds
[2026-09-25T17:00:33.044+0000] {processor.py:186} INFO - Started process (PID=393) to work on /home/airflow/.local/lib/python3.12/site-packages/airflow/example_dags/example_dynamic_task_mapping.py
[2026-09-25T17:00:33.049+0000] {processor.py:914} INFO - Processing file /home/airflow/.local/lib/python3.12/site-packages/airflow/example_dags/example_dynamic_task_mapping.py for tasks to queue
[2026-09-25T17:00:33.054+0000] {logging_mixin.py:190} INFO - [2026-09-25T17:00:33.053+0000] {dagbag.py:588} INFO - Filling up the DagBag from /home/airflow/.local/lib/python3.12/site-packages/airflow/example_dags/example_dynamic_task_mapping.py
[2026-09-25T17:00:33.070+0000] {processor.py:925} INFO - DAG(s) 'example_dynamic_task_mapping' retrieved from /home/airflow/.local/lib/python3.12/site-packages/airflow/example_dags/example_dynamic_task_mapping.py
[2026-09-25T17:00:33.107+0000] {logging_mixin.py:190} INFO - [2026-09-25T17:00:33.107+0000] {dag.py:3239} INFO - Sync 1 DAGs
[2026-09-25T17:00:33.137+0000] {logging_mixin.py:190} INFO - [2026-09-25T17:00:33.136+0000] {dag.py:4180} INFO - Setting next_dagrun for example_dynamic_task_mapping to None, run_after=None
[2026-09-25T17:00:33.174+0000] {processor.py:208} INFO - Processing /home/airflow/.local/lib/python3.12/site-packages/airflow/example_dags/example_dynamic_task_mapping.py took 0.143 seconds
[2026-09-25T17:01:07.419+0000] {processor.py:186} INFO - Started process (PID=455) to work on /home/airflow/.local/lib/python3.12/site-packages/airflow/example_dags/example_dynamic_task_mapping.py
[2026-09-25T17:01:07.423+0000] {processor.py:914} INFO - Processing file /home/airflow/.local/lib/python3.12/site-packages/airflow/example_dags/example_dynamic_task_mapping.py for tasks to queue
[2026-09-25T17:01:07.434+0000] {logging_mixin.py:190} INFO - [2026-09-25T17:01:07.433+0000] {dagbag.py:588} INFO - Filling up the DagBag from /home/airflow/.local/lib/python3.12/site-packages/airflow/example_dags/example_dynamic_task_mapping.py
[2026-09-25T17:01:07.470+0000] {processor.py:925} INFO - DAG(s) 'example_dynamic_task_mapping' retrieved from /home/airflow/.local/lib/python3.12/site-packages/airflow/example_dags/example_dynamic_task_mapping.py
[2026-09-25T17:01:07.676+0000] {logging_mixin.py:190} INFO - [2026-09-25T17:01:07.674+0000] {dag.py:3239} INFO - Sync 1 DAGs
[2026-09-25T17:01:07.749+0000] {logging_mixin.py:190} INFO - [2026-09-25T17:01:07.748+0000] {dag.py:4180} INFO - Setting next_dagrun for example_dynamic_task_mapping to None, run_after=None
[2026-09-25T17:01:07.817+0000] {processor.py:208} INFO - Processing /home/airflow/.local/lib/python3.12/site-packages/airflow/example_dags/example_dynamic_task_mapping.py took 0.427 seconds
[2026-09-25T17:01:40.188+0000] {processor.py:186} INFO - Started process (PID=517) to work on /home/airflow/.local/lib/python3.12/site-packages/airflow/example_dags/example_dynamic_task_mapping.py
[2026-09-25T17:01:40.213+0000] {processor.py:914} INFO - Processing file /home/airflow/.local/lib/python3.12/site-packages/airflow/example_dags/example_dynamic_task_mapping.py for tasks to queue
[2026-09-25T17:01:40.219+0000] {logging_mixin.py:190} INFO - [2026-09-25T17:01:40.218+0000] {dagbag.py:588} INFO - Filling up the DagBag from /home/airflow/.local/lib/python3.12/site-packages/airflow/example_dags/example_dynamic_task_mapping.py
[2026-09-25T17:01:40.242+0000] {processor.py:925} INFO - DAG(s) 'example_dynamic_task_mapping' retrieved from /home/airflow/.local/lib/python3.12/site-packages/airflow/example_dags/example_dynamic_task_mapping.py
[2026-09-25T17:01:40.319+0000] {logging_mixin.py:190} INFO - [2026-09-25T17:01:40.319+0000] {dag.py:3239} INFO - Sync 1 DAGs
[2026-09-25T17:01:40.383+0000] {logging_mixin.py:190} INFO - [2026-09-25T17:01:40.383+0000] {dag.py:4180} INFO - Setting next_dagrun for example_dynamic_task_mapping to None, run_after=None
[2026-09-25T17:01:40.469+0000] {processor.py:208} INFO - Processing /home/airflow/.local/lib/python3.12/site-packages/airflow/example_dags/example_dynamic_task_mapping.py took 0.312 seconds
[2026-09-25T17:02:14.403+0000] {processor.py:186} INFO - Started process (PID=564) to work on /home/airflow/.local/lib/python3.12/site-packages/airflow/example_dags/example_dynamic_task_mapping.py
[2026-09-25T17:02:14.422+0000] {processor.py:914} INFO - Processing file /home/airflow/.local/lib/python3.12/site-packages/airflow/example_dags/example_dynamic_task_mapping.py for tasks to queue
[2026-09-25T17:02:14.454+0000] {logging_mixin.py:190} INFO - [2026-09-25T17:02:14.453+0000] {dagbag.py:588} INFO - Filling up the DagBag from /home/airflow/.local/lib/python3.12/site-packages/airflow/example_dags/example_dynamic_task_mapping.py
[2026-09-25T17:02:14.558+0000] {processor.py:925} INFO - DAG(s) 'example_dynamic_task_mapping' retrieved from /home/airflow/.local/lib/python3.12/site-packages/airflow/example_dags/example_dynamic_task_mapping.py
[2026-09-25T17:02:14.868+0000] {logging_mixin.py:190} INFO - [2026-09-25T17:02:14.867+0000] {dag.py:3239} INFO - Sync 1 DAGs
[2026-09-25T17:02:15.089+0000] {logging_mixin.py:190} INFO - [2026-09-25T17:02:15.085+0000] {dag.py:4180} INFO - Setting next_dagrun for example_dynamic_task_mapping to None, run_after=None
[2026-09-25T17:02:15.373+0000] {processor.py:208} INFO - Processing /home/airflow/.local/lib/python3.12/site-packages/airflow/example_dags/example_dynamic_task_mapping.py took 1.080 seconds
[2026-09-25T17:02:46.690+0000] {processor.py:186} INFO - Started process (PID=627) to work on /home/airflow/.local/lib/python3.12/site-packages/airflow/example_dags/example_dynamic_task_mapping.py
[2026-09-25T17:02:46.694+0000] {processor.py:914} INFO - Processing file /home/airflow/.local/lib/python3.12/site-packages/airflow/example_dags/example_dynamic_task_mapping.py for tasks to queue
[2026-09-25T17:02:46.711+0000] {logging_mixin.py:190} INFO - [2026-09-25T17:02:46.710+0000] {dagbag.py:588} INFO - Filling up the DagBag from /home/airflow/.local/lib/python3.12/site-packages/airflow/example_dags/example_dynamic_task_mapping.py
[2026-09-25T17:02:46.784+0000] {processor.py:925} INFO - DAG(s) 'example_dynamic_task_mapping' retrieved from /home/airflow/.local/lib/python3.12/site-packages/airflow/example_dags/example_dynamic_task_mapping.py
[2026-09-25T17:02:46.918+0000] {logging_mixin.py:190} INFO - [2026-09-25T17:02:46.911+0000] {dag.py:3239} INFO - Sync 1 DAGs
[2026-09-25T17:02:47.114+0000] {logging_mixin.py:190} INFO - [2026-09-25T17:02:47.082+0000] {dag.py:4180} INFO - Setting next_dagrun for example_dynamic_task_mapping to None, run_after=None
[2026-09-25T17:02:47.363+0000] {processor.py:208} INFO - Processing /home/airflow/.local/lib/python3.12/site-packages/airflow/example_dags/example_dynamic_task_mapping.py took 0.703 seconds
[2026-09-25T17:03:18.043+0000] {processor.py:186} INFO - Started process (PID=688) to work on /home/airflow/.local/lib/python3.12/site-packages/airflow/example_dags/example_dynamic_task_mapping.py
[2026-09-25T17:03:18.048+0000] {processor.py:914} INFO - Processing file /home/airflow/.local/lib/python3.12/site-packages/airflow/example_dags/example_dynamic_task_mapping.py for tasks to queue
[2026-09-25T17:03:18.053+0000] {logging_mixin.py:190} INFO - [2026-09-25T17:03:18.052+0000] {dagbag.py:588} INFO - Filling up the DagBag from /home/airflow/.local/lib/python3.12/site-packages/airflow/example_dags/example_dynamic_task_mapping.py
[2026-09-25T17:03:18.071+0000] {processor.py:925} INFO - DAG(s) 'example_dynamic_task_mapping' retrieved from /home/airflow/.local/lib/python3.12/site-packages/airflow/example_dags/example_dynamic_task_mapping.py
[2026-09-25T17:03:18.112+0000] {logging_mixin.py:190} INFO - [2026-09-25T17:03:18.112+0000] {dag.py:3239} INFO - Sync 1 DAGs
[2026-09-25T17:03:18.196+0000] {logging_mixin.py:190} INFO - [2026-09-25T17:03:18.195+0000] {dag.py:4180} INFO - Setting next_dagrun for example_dynamic_task_mapping to None, run_after=None
[2026-09-25T17:03:18.291+0000] {processor.py:208} INFO - Processing /home/airflow/.local/lib/python3.12/site-packages/airflow/example_dags/example_dynamic_task_mapping.py took 0.261 seconds
[2026-09-25T17:03:48.598+0000] {processor.py:186} INFO - Started process (PID=748) to work on /home/airflow/.local/lib/python3.12/site-packages/airflow/example_dags/example_dynamic_task_mapping.py
[2026-09-25T17:03:48.600+0000] {processor.py:914} INFO - Processing file /home/airflow/.local/lib/python3.12/site-packages/airflow/example_dags/example_dynamic_task_mapping.py for tasks to queue
[2026-09-25T17:03:48.605+0000] {logging_mixin.py:190} INFO - [2026-09-25T17:03:48.604+0000] {dagbag.py:588} INFO - Filling up the DagBag from /home/airflow/.local/lib/python3.12/site-packages/airflow/example_dags/example_dynamic_task_mapping.py
[2026-09-25T17:03:48.619+0000] {processor.py:925} INFO - DAG(s) 'example_dynamic_task_mapping' retrieved from /home/airflow/.local/lib/python3.12/site-packages/airflow/example_dags/example_dynamic_task_mapping.py
[2026-09-25T17:03:48.660+0000] {logging_mixin.py:190} INFO - [2026-09-25T17:03:48.659+0000] {dag.py:3239} INFO - Sync 1 DAGs
[2026-09-25T17:03:48.686+0000] {logging_mixin.py:190} INFO - [2026-09-25T17:03:48.686+0000] {dag.py:4180} INFO - Setting next_dagrun for example_dynamic_task_mapping to None, run_after=None
[2026-09-25T17:03:48.728+0000] {processor.py:208} INFO - Processing /home/airflow/.local/lib/python3.12/site-packages/airflow/example_dags/example_dynamic_task_mapping.py took 0.143 seconds
[2026-09-25T17:04:19.157+0000] {processor.py:186} INFO - Started process (PID=811) to work on /home/airflow/.local/lib/python3.12/site-packages/airflow/example_dags/example_dynamic_task_mapping.py
[2026-09-25T17:04:19.162+0000] {processor.py:914} INFO - Processing file /home/airflow/.local/lib/python3.12/site-packages/airflow/example_dags/example_dynamic_task_mapping.py for tasks to queue
[2026-09-25T17:04:19.171+0000] {logging_mixin.py:190} INFO - [2026-09-25T17:04:19.170+0000] {dagbag.py:588} INFO - Filling up the DagBag from /home/airflow/.local/lib/python3.12/site-packages/airflow/example_dags/example_dynamic_task_mapping.py
[2026-09-25T17:04:19.218+0000] {processor.py:925} INFO - DAG(s) 'example_dynamic_task_mapping' retrieved from /home/airflow/.local/lib/python3.12/site-packages/airflow/example_dags/example_dynamic_task_mapping.py
[2026-09-25T17:04:19.394+0000] {logging_mixin.py:190} INFO - [2026-09-25T17:04:19.393+0000] {dag.py:3239} INFO - Sync 1 DAGs
[2026-09-25T17:04:19.488+0000] {logging_mixin.py:190} INFO - [2026-09-25T17:04:19.488+0000] {dag.py:4180} INFO - Setting next_dagrun for example_dynamic_task_mapping to None, run_after=None
[2026-09-25T17:04:19.546+0000] {processor.py:208} INFO - Processing /home/airflow/.local/lib/python3.12/site-packages/airflow/example_dags/example_dynamic_task_mapping.py took 0.407 seconds
[2026-09-25T17:04:52.709+0000] {processor.py:186} INFO - Started process (PID=855) to work on /home/airflow/.local/lib/python3.12/site-packages/airflow/example_dags/example_dynamic_task_mapping.py
[2026-09-25T17:04:52.712+0000] {processor.py:914} INFO - Processing file /home/airflow/.local/lib/python3.12/site-packages/airflow/example_dags/example_dynamic_task_mapping.py for tasks to queue
[2026-09-25T17:04:52.718+0000] {logging_mixin.py:190} INFO - [2026-09-25T17:04:52.717+0000] {dagbag.py:588} INFO - Filling up the DagBag from /home/airflow/.local/lib/python3.12/site-packages/airflow/example_dags/example_dynamic_task_mapping.py
[2026-09-25T17:04:52.740+0000] {processor.py:925} INFO - DAG(s) 'example_dynamic_task_mapping' retrieved from /home/airflow/.local/lib/python3.12/site-packages/airflow/example_dags/example_dynamic_task_mapping.py
[2026-09-25T17:04:52.790+0000] {logging_mixin.py:190} INFO - [2026-09-25T17:04:52.789+0000] {dag.py:3239} INFO - Sync 1 DAGs
[2026-09-25T17:04:52.833+0000] {logging_mixin.py:190} INFO - [2026-09-25T17:04:52.832+0000] {dag.py:4180} INFO - Setting next_dagrun for example_dynamic_task_mapping to None, run_after=None
[2026-09-25T17:04:52.873+0000] {processor.py:208} INFO - Processing /home/airflow/.local/lib/python3.12/site-packages/airflow/example_dags/example_dynamic_task_mapping.py took 0.179 seconds
[2026-09-25T17:05:27.679+0000] {processor.py:186} INFO - Started process (PID=917) to work on /home/airflow/.local/lib/python3.12/site-packages/airflow/example_dags/example_dynamic_task_mapping.py
[2026-09-25T17:05:27.682+0000] {processor.py:914} INFO - Processing file /home/airflow/.local/lib/python3.12/site-packages/airflow/example_dags/example_dynamic_task_mapping.py for tasks to queue
[2026-09-25T17:05:27.690+0000] {logging_mixin.py:190} INFO - [2026-09-25T17:05:27.689+0000] {dagbag.py:588} INFO - Filling up the DagBag from /home/airflow/.local/lib/python3.12/site-packages/airflow/example_dags/example_dynamic_task_mapping.py
[2026-09-25T17:05:27.716+0000] {processor.py:925} INFO - DAG(s) 'example_dynamic_task_mapping' retrieved from /home/airflow/.local/lib/python3.12/site-packages/airflow/example_dags/example_dynamic_task_mapping.py
[2026-09-25T17:05:27.788+0000] {logging_mixin.py:190} INFO - [2026-09-25T17:05:27.788+0000] {dag.py:3239} INFO - Sync 1 DAGs
[2026-09-25T17:05:27.828+0000] {logging_mixin.py:190} INFO - [2026-09-25T17:05:27.827+0000] {dag.py:4180} INFO - Setting next_dagrun for example_dynamic_task_mapping to None, run_after=None
[2026-09-25T17:05:27.868+0000] {processor.py:208} INFO - Processing /home/airflow/.local/lib/python3.12/site-packages/airflow/example_dags/example_dynamic_task_mapping.py took 0.205 seconds
[2026-09-25T17:06:00.876+0000] {processor.py:186} INFO - Started process (PID=980) to work on /home/airflow/.local/lib/python3.12/site-packages/airflow/example_dags/example_dynamic_task_mapping.py
[2026-09-25T17:06:00.878+0000] {processor.py:914} INFO - Processing file /home/airflow/.local/lib/python3.12/site-packages/airflow/example_dags/example_dynamic_task_mapping.py for tasks to queue
[2026-09-25T17:06:00.884+0000] {logging_mixin.py:190} INFO - [2026-09-25T17:06:00.883+0000] {dagbag.py:588} INFO - Filling up the DagBag from /home/airflow/.local/lib/python3.12/site-packages/airflow/example_dags/example_dynamic_task_mapping.py
[2026-09-25T17:06:00.916+0000] {processor.py:925} INFO - DAG(s) 'example_dynamic_task_mapping' retrieved from /home/airflow/.local/lib/python3.12/site-packages/airflow/example_dags/example_dynamic_task_mapping.py
[2026-09-25T17:06:00.978+0000] {logging_mixin.py:190} INFO - [2026-09-25T17:06:00.978+0000] {dag.py:3239} INFO - Sync 1 DAGs
[2026-09-25T17:06:01.050+0000] {logging_mixin.py:190} INFO - [2026-09-25T17:06:01.044+0000] {dag.py:4180} INFO - Setting next_dagrun for example_dynamic_task_mapping to None, run_after=None
[2026-09-25T17:06:01.122+0000] {processor.py:208} INFO - Processing /home/airflow/.local/lib/python3.12/site-packages/airflow/example_dags/example_dynamic_task_mapping.py took 0.260 seconds
[2026-09-25T17:06:33.252+0000] {processor.py:186} INFO - Started process (PID=1043) to work on /home/airflow/.local/lib/python3.12/site-packages/airflow/example_dags/example_dynamic_task_mapping.py
[2026-09-25T17:06:33.255+0000] {processor.py:914} INFO - Processing file /home/airflow/.local/lib/python3.12/site-packages/airflow/example_dags/example_dynamic_task_mapping.py for tasks to queue
[2026-09-25T17:06:33.260+0000] {logging_mixin.py:190} INFO - [2026-09-25T17:06:33.260+0000] {dagbag.py:588} INFO - Filling up the DagBag from /home/airflow/.local/lib/python3.12/site-packages/airflow/example_dags/example_dynamic_task_mapping.py
[2026-09-25T17:06:33.285+0000] {processor.py:925} INFO - DAG(s) 'example_dynamic_task_mapping' retrieved from /home/airflow/.local/lib/python3.12/site-packages/airflow/example_dags/example_dynamic_task_mapping.py
[2026-09-25T17:06:33.379+0000] {logging_mixin.py:190} INFO - [2026-09-25T17:06:33.378+0000] {dag.py:3239} INFO - Sync 1 DAGs
[2026-09-25T17:06:33.441+0000] {logging_mixin.py:190} INFO - [2026-09-25T17:06:33.441+0000] {dag.py:4180} INFO - Setting next_dagrun for example_dynamic_task_mapping to None, run_after=None
[2026-09-25T17:06:33.510+0000] {processor.py:208} INFO - Processing /home/airflow/.local/lib/python3.12/site-packages/airflow/example_dags/example_dynamic_task_mapping.py took 0.275 seconds
[2026-09-25T17:07:03.821+0000] {processor.py:186} INFO - Started process (PID=1102) to work on /home/airflow/.local/lib/python3.12/site-packages/airflow/example_dags/example_dynamic_task_mapping.py
[2026-09-25T17:07:03.833+0000] {processor.py:914} INFO - Processing file /home/airflow/.local/lib/python3.12/site-packages/airflow/example_dags/example_dynamic_task_mapping.py for tasks to queue
[2026-09-25T17:07:03.853+0000] {logging_mixin.py:190} INFO - [2026-09-25T17:07:03.852+0000] {dagbag.py:588} INFO - Filling up the DagBag from /home/airflow/.local/lib/python3.12/site-packages/airflow/example_dags/example_dynamic_task_mapping.py
[2026-09-25T17:07:03.913+0000] {processor.py:925} INFO - DAG(s) 'example_dynamic_task_mapping' retrieved from /home/airflow/.local/lib/python3.12/site-packages/airflow/example_dags/example_dynamic_task_mapping.py
[2026-09-25T17:07:04.323+0000] {logging_mixin.py:190} INFO - [2026-09-25T17:07:04.322+0000] {dag.py:3239} INFO - Sync 1 DAGs
[2026-09-25T17:07:04.919+0000] {logging_mixin.py:190} INFO - [2026-09-25T17:07:04.919+0000] {dag.py:4180} INFO - Setting next_dagrun for example_dynamic_task_mapping to None, run_after=None
[2026-09-25T17:07:05.170+0000] {processor.py:208} INFO - Processing /home/airflow/.local/lib/python3.12/site-packages/airflow/example_dags/example_dynamic_task_mapping.py took 1.423 seconds
[2026-09-25T17:07:35.755+0000] {processor.py:186} INFO - Started process (PID=1164) to work on /home/airflow/.local/lib/python3.12/site-packages/airflow/example_dags/example_dynamic_task_mapping.py
[2026-09-25T17:07:35.763+0000] {processor.py:914} INFO - Processing file /home/airflow/.local/lib/python3.12/site-packages/airflow/example_dags/example_dynamic_task_mapping.py for tasks to queue
[2026-09-25T17:07:35.772+0000] {logging_mixin.py:190} INFO - [2026-09-25T17:07:35.771+0000] {dagbag.py:588} INFO - Filling up the DagBag from /home/airflow/.local/lib/python3.12/site-packages/airflow/example_dags/example_dynamic_task_mapping.py
[2026-09-25T17:07:35.821+0000] {processor.py:925} INFO - DAG(s) 'example_dynamic_task_mapping' retrieved from /home/airflow/.local/lib/python3.12/site-packages/airflow/example_dags/example_dynamic_task_mapping.py
[2026-09-25T17:07:35.888+0000] {logging_mixin.py:190} INFO - [2026-09-25T17:07:35.887+0000] {dag.py:3239} INFO - Sync 1 DAGs
[2026-09-25T17:07:35.996+0000] {logging_mixin.py:190} INFO - [2026-09-25T17:07:35.984+0000] {dag.py:4180} INFO - Setting next_dagrun for example_dynamic_task_mapping to None, run_after=None
[2026-09-25T17:07:36.135+0000] {processor.py:208} INFO - Processing /home/airflow/.local/lib/python3.12/site-packages/airflow/example_dags/example_dynamic_task_mapping.py took 0.408 seconds
[2026-09-25T17:08:06.857+0000] {processor.py:186} INFO - Started process (PID=1227) to work on /home/airflow/.local/lib/python3.12/site-packages/airflow/example_dags/example_dynamic_task_mapping.py
[2026-09-25T17:08:06.859+0000] {processor.py:914} INFO - Processing file /home/airflow/.local/lib/python3.12/site-packages/airflow/example_dags/example_dynamic_task_mapping.py for tasks to queue
[2026-09-25T17:08:06.866+0000] {logging_mixin.py:190} INFO - [2026-09-25T17:08:06.865+0000] {dagbag.py:588} INFO - Filling up the DagBag from /home/airflow/.local/lib/python3.12/site-packages/airflow/example_dags/example_dynamic_task_mapping.py
[2026-09-25T17:08:06.890+0000] {processor.py:925} INFO - DAG(s) 'example_dynamic_task_mapping' retrieved from /home/airflow/.local/lib/python3.12/site-packages/airflow/example_dags/example_dynamic_task_mapping.py
[2026-09-25T17:08:06.943+0000] {logging_mixin.py:190} INFO - [2026-09-25T17:08:06.942+0000] {dag.py:3239} INFO - Sync 1 DAGs
[2026-09-25T17:08:06.985+0000] {logging_mixin.py:190} INFO - [2026-09-25T17:08:06.984+0000] {dag.py:4180} INFO - Setting next_dagrun for example_dynamic_task_mapping to None, run_after=None
[2026-09-25T17:08:07.079+0000] {processor.py:208} INFO - Processing /home/airflow/.local/lib/python3.12/site-packages/airflow/example_dags/example_dynamic_task_mapping.py took 0.242 seconds
[2026-09-25T17:08:37.403+0000] {processor.py:186} INFO - Started process (PID=1297) to work on /home/airflow/.local/lib/python3.12/site-packages/airflow/example_dags/example_dynamic_task_mapping.py
[2026-09-25T17:08:37.409+0000] {processor.py:914} INFO - Processing file /home/airflow/.local/lib/python3.12/site-packages/airflow/example_dags/example_dynamic_task_mapping.py for tasks to queue
[2026-09-25T17:08:37.420+0000] {logging_mixin.py:190} INFO - [2026-09-25T17:08:37.419+0000] {dagbag.py:588} INFO - Filling up the DagBag from /home/airflow/.local/lib/python3.12/site-packages/airflow/example_dags/example_dynamic_task_mapping.py
[2026-09-25T17:08:37.477+0000] {processor.py:925} INFO - DAG(s) 'example_dynamic_task_mapping' retrieved from /home/airflow/.local/lib/python3.12/site-packages/airflow/example_dags/example_dynamic_task_mapping.py
[2026-09-25T17:08:37.540+0000] {logging_mixin.py:190} INFO - [2026-09-25T17:08:37.540+0000] {dag.py:3239} INFO - Sync 1 DAGs
[2026-09-25T17:08:37.582+0000] {logging_mixin.py:190} INFO - [2026-09-25T17:08:37.581+0000] {dag.py:4180} INFO - Setting next_dagrun for example_dynamic_task_mapping to None, run_after=None
[2026-09-25T17:08:37.629+0000] {processor.py:208} INFO - Processing /home/airflow/.local/lib/python3.12/site-packages/airflow/example_dags/example_dynamic_task_mapping.py took 0.248 seconds
[2026-09-25T17:09:12.812+0000] {processor.py:186} INFO - Started process (PID=1360) to work on /home/airflow/.local/lib/python3.12/site-packages/airflow/example_dags/example_dynamic_task_mapping.py
[2026-09-25T17:09:12.814+0000] {processor.py:914} INFO - Processing file /home/airflow/.local/lib/python3.12/site-packages/airflow/example_dags/example_dynamic_task_mapping.py for tasks to queue
[2026-09-25T17:09:12.818+0000] {logging_mixin.py:190} INFO - [2026-09-25T17:09:12.818+0000] {dagbag.py:588} INFO - Filling up the DagBag from /home/airflow/.local/lib/python3.12/site-packages/airflow/example_dags/example_dynamic_task_mapping.py
[2026-09-25T17:09:12.837+0000] {processor.py:925} INFO - DAG(s) 'example_dynamic_task_mapping' retrieved from /home/airflow/.local/lib/python3.12/site-packages/airflow/example_dags/example_dynamic_task_mapping.py
[2026-09-25T17:09:12.893+0000] {logging_mixin.py:190} INFO - [2026-09-25T17:09:12.893+0000] {dag.py:3239} INFO - Sync 1 DAGs
[2026-09-25T17:09:12.949+0000] {logging_mixin.py:190} INFO - [2026-09-25T17:09:12.948+0000] {dag.py:4180} INFO - Setting next_dagrun for example_dynamic_task_mapping to None, run_after=None
[2026-09-25T17:09:13.336+0000] {processor.py:208} INFO - Processing /home/airflow/.local/lib/python3.12/site-packages/airflow/example_dags/example_dynamic_task_mapping.py took 0.553 seconds
[2026-09-25T17:09:49.959+0000] {processor.py:186} INFO - Started process (PID=1394) to work on /home/airflow/.local/lib/python3.12/site-packages/airflow/example_dags/example_dynamic_task_mapping.py
[2026-09-25T17:09:49.971+0000] {processor.py:914} INFO - Processing file /home/airflow/.local/lib/python3.12/site-packages/airflow/example_dags/example_dynamic_task_mapping.py for tasks to queue
[2026-09-25T17:09:50.046+0000] {logging_mixin.py:190} INFO - [2026-09-25T17:09:50.044+0000] {dagbag.py:588} INFO - Filling up the DagBag from /home/airflow/.local/lib/python3.12/site-packages/airflow/example_dags/example_dynamic_task_mapping.py
[2026-09-25T17:09:50.117+0000] {processor.py:925} INFO - DAG(s) 'example_dynamic_task_mapping' retrieved from /home/airflow/.local/lib/python3.12/site-packages/airflow/example_dags/example_dynamic_task_mapping.py
[2026-09-25T17:09:50.369+0000] {logging_mixin.py:190} INFO - [2026-09-25T17:09:50.368+0000] {dag.py:3239} INFO - Sync 1 DAGs
[2026-09-25T17:09:50.660+0000] {logging_mixin.py:190} INFO - [2026-09-25T17:09:50.659+0000] {dag.py:4180} INFO - Setting next_dagrun for example_dynamic_task_mapping to None, run_after=None
[2026-09-25T17:09:50.791+0000] {processor.py:208} INFO - Processing /home/airflow/.local/lib/python3.12/site-packages/airflow/example_dags/example_dynamic_task_mapping.py took 0.896 seconds
[2026-09-25T17:10:46.110+0000] {processor.py:186} INFO - Started process (PID=1443) to work on /home/airflow/.local/lib/python3.12/site-packages/airflow/example_dags/example_dynamic_task_mapping.py
[2026-09-25T17:10:46.117+0000] {processor.py:914} INFO - Processing file /home/airflow/.local/lib/python3.12/site-packages/airflow/example_dags/example_dynamic_task_mapping.py for tasks to queue
[2026-09-25T17:10:46.158+0000] {logging_mixin.py:190} INFO - [2026-09-25T17:10:46.157+0000] {dagbag.py:588} INFO - Filling up the DagBag from /home/airflow/.local/lib/python3.12/site-packages/airflow/example_dags/example_dynamic_task_mapping.py
[2026-09-25T17:10:46.380+0000] {processor.py:925} INFO - DAG(s) 'example_dynamic_task_mapping' retrieved from /home/airflow/.local/lib/python3.12/site-packages/airflow/example_dags/example_dynamic_task_mapping.py
[2026-09-25T17:10:46.825+0000] {logging_mixin.py:190} INFO - [2026-09-25T17:10:46.824+0000] {dag.py:3239} INFO - Sync 1 DAGs
[2026-09-25T17:10:47.065+0000] {logging_mixin.py:190} INFO - [2026-09-25T17:10:47.048+0000] {dag.py:4180} INFO - Setting next_dagrun for example_dynamic_task_mapping to None, run_after=None
[2026-09-25T17:10:47.500+0000] {processor.py:208} INFO - Processing /home/airflow/.local/lib/python3.12/site-packages/airflow/example_dags/example_dynamic_task_mapping.py took 1.614 seconds
[2026-09-25T17:12:53.165+0000] {processor.py:186} INFO - Started process (PID=1494) to work on /home/airflow/.local/lib/python3.12/site-packages/airflow/example_dags/example_dynamic_task_mapping.py
[2026-09-25T17:12:53.185+0000] {processor.py:914} INFO - Processing file /home/airflow/.local/lib/python3.12/site-packages/airflow/example_dags/example_dynamic_task_mapping.py for tasks to queue
[2026-09-25T17:12:53.204+0000] {logging_mixin.py:190} INFO - [2026-09-25T17:12:53.204+0000] {dagbag.py:588} INFO - Filling up the DagBag from /home/airflow/.local/lib/python3.12/site-packages/airflow/example_dags/example_dynamic_task_mapping.py
[2026-09-25T17:12:53.390+0000] {processor.py:925} INFO - DAG(s) 'example_dynamic_task_mapping' retrieved from /home/airflow/.local/lib/python3.12/site-packages/airflow/example_dags/example_dynamic_task_mapping.py
[2026-09-25T17:12:54.345+0000] {logging_mixin.py:190} INFO - [2026-09-25T17:12:54.344+0000] {dag.py:3239} INFO - Sync 1 DAGs
[2026-09-25T17:12:55.325+0000] {logging_mixin.py:190} INFO - [2026-09-25T17:12:55.319+0000] {dag.py:4180} INFO - Setting next_dagrun for example_dynamic_task_mapping to None, run_after=None
[2026-09-25T17:12:55.590+0000] {processor.py:208} INFO - Processing /home/airflow/.local/lib/python3.12/site-packages/airflow/example_dags/example_dynamic_task_mapping.py took 2.515 seconds
[2026-09-25T17:14:27.477+0000] {processor.py:186} INFO - Started process (PID=1558) to work on /home/airflow/.local/lib/python3.12/site-packages/airflow/example_dags/example_dynamic_task_mapping.py
[2026-09-25T17:14:27.496+0000] {processor.py:914} INFO - Processing file /home/airflow/.local/lib/python3.12/site-packages/airflow/example_dags/example_dynamic_task_mapping.py for tasks to queue
[2026-09-25T17:14:27.556+0000] {logging_mixin.py:190} INFO - [2026-09-25T17:14:27.528+0000] {dagbag.py:588} INFO - Filling up the DagBag from /home/airflow/.local/lib/python3.12/site-packages/airflow/example_dags/example_dynamic_task_mapping.py
[2026-09-25T17:14:27.653+0000] {processor.py:925} INFO - DAG(s) 'example_dynamic_task_mapping' retrieved from /home/airflow/.local/lib/python3.12/site-packages/airflow/example_dags/example_dynamic_task_mapping.py
[2026-09-25T17:14:27.896+0000] {logging_mixin.py:190} INFO - [2026-09-25T17:14:27.895+0000] {dag.py:3239} INFO - Sync 1 DAGs
[2026-09-25T17:14:28.173+0000] {logging_mixin.py:190} INFO - [2026-09-25T17:14:28.167+0000] {dag.py:4180} INFO - Setting next_dagrun for example_dynamic_task_mapping to None, run_after=None
[2026-09-25T17:14:28.417+0000] {processor.py:208} INFO - Processing /home/airflow/.local/lib/python3.12/site-packages/airflow/example_dags/example_dynamic_task_mapping.py took 1.028 seconds
[2026-09-25T17:15:10.958+0000] {processor.py:186} INFO - Started process (PID=1605) to work on /home/airflow/.local/lib/python3.12/site-packages/airflow/example_dags/example_dynamic_task_mapping.py
[2026-09-25T17:15:10.962+0000] {processor.py:914} INFO - Processing file /home/airflow/.local/lib/python3.12/site-packages/airflow/example_dags/example_dynamic_task_mapping.py for tasks to queue
[2026-09-25T17:15:10.968+0000] {logging_mixin.py:190} INFO - [2026-09-25T17:15:10.967+0000] {dagbag.py:588} INFO - Filling up the DagBag from /home/airflow/.local/lib/python3.12/site-packages/airflow/example_dags/example_dynamic_task_mapping.py
[2026-09-25T17:15:10.992+0000] {processor.py:925} INFO - DAG(s) 'example_dynamic_task_mapping' retrieved from /home/airflow/.local/lib/python3.12/site-packages/airflow/example_dags/example_dynamic_task_mapping.py
[2026-09-25T17:15:11.084+0000] {logging_mixin.py:190} INFO - [2026-09-25T17:15:11.083+0000] {dag.py:3239} INFO - Sync 1 DAGs
[2026-09-25T17:15:11.164+0000] {logging_mixin.py:190} INFO - [2026-09-25T17:15:11.163+0000] {dag.py:4180} INFO - Setting next_dagrun for example_dynamic_task_mapping to None, run_after=None
[2026-09-25T17:15:11.248+0000] {processor.py:208} INFO - Processing /home/airflow/.local/lib/python3.12/site-packages/airflow/example_dags/example_dynamic_task_mapping.py took 0.339 seconds
[2026-09-25T17:15:48.672+0000] {processor.py:186} INFO - Started process (PID=1667) to work on /home/airflow/.local/lib/python3.12/site-packages/airflow/example_dags/example_dynamic_task_mapping.py
[2026-09-25T17:15:48.674+0000] {processor.py:914} INFO - Processing file /home/airflow/.local/lib/python3.12/site-packages/airflow/example_dags/example_dynamic_task_mapping.py for tasks to queue
[2026-09-25T17:15:48.680+0000] {logging_mixin.py:190} INFO - [2026-09-25T17:15:48.680+0000] {dagbag.py:588} INFO - Filling up the DagBag from /home/airflow/.local/lib/python3.12/site-packages/airflow/example_dags/example_dynamic_task_mapping.py
[2026-09-25T17:15:48.709+0000] {processor.py:925} INFO - DAG(s) 'example_dynamic_task_mapping' retrieved from /home/airflow/.local/lib/python3.12/site-packages/airflow/example_dags/example_dynamic_task_mapping.py
[2026-09-25T17:15:48.797+0000] {logging_mixin.py:190} INFO - [2026-09-25T17:15:48.796+0000] {dag.py:3239} INFO - Sync 1 DAGs
[2026-09-25T17:15:48.877+0000] {logging_mixin.py:190} INFO - [2026-09-25T17:15:48.876+0000] {dag.py:4180} INFO - Setting next_dagrun for example_dynamic_task_mapping to None, run_after=None
[2026-09-25T17:15:48.971+0000] {processor.py:208} INFO - Processing /home/airflow/.local/lib/python3.12/site-packages/airflow/example_dags/example_dynamic_task_mapping.py took 0.315 seconds
[2026-09-25T17:16:19.371+0000] {processor.py:186} INFO - Started process (PID=1728) to work on /home/airflow/.local/lib/python3.12/site-packages/airflow/example_dags/example_dynamic_task_mapping.py
[2026-09-25T17:16:19.384+0000] {processor.py:914} INFO - Processing file /home/airflow/.local/lib/python3.12/site-packages/airflow/example_dags/example_dynamic_task_mapping.py for tasks to queue
[2026-09-25T17:16:19.404+0000] {logging_mixin.py:190} INFO - [2026-09-25T17:16:19.403+0000] {dagbag.py:588} INFO - Filling up the DagBag from /home/airflow/.local/lib/python3.12/site-packages/airflow/example_dags/example_dynamic_task_mapping.py
[2026-09-25T17:16:19.479+0000] {processor.py:925} INFO - DAG(s) 'example_dynamic_task_mapping' retrieved from /home/airflow/.local/lib/python3.12/site-packages/airflow/example_dags/example_dynamic_task_mapping.py
[2026-09-25T17:16:19.641+0000] {logging_mixin.py:190} INFO - [2026-09-25T17:16:19.641+0000] {dag.py:3239} INFO - Sync 1 DAGs
[2026-09-25T17:16:19.763+0000] {logging_mixin.py:190} INFO - [2026-09-25T17:16:19.762+0000] {dag.py:4180} INFO - Setting next_dagrun for example_dynamic_task_mapping to None, run_after=None
[2026-09-25T17:16:20.057+0000] {processor.py:208} INFO - Processing /home/airflow/.local/lib/python3.12/site-packages/airflow/example_dags/example_dynamic_task_mapping.py took 0.734 seconds
[2026-09-25T17:16:54.843+0000] {processor.py:186} INFO - Started process (PID=1781) to work on /home/airflow/.local/lib/python3.12/site-packages/airflow/example_dags/example_dynamic_task_mapping.py
[2026-09-25T17:16:54.847+0000] {processor.py:914} INFO - Processing file /home/airflow/.local/lib/python3.12/site-packages/airflow/example_dags/example_dynamic_task_mapping.py for tasks to queue
[2026-09-25T17:16:54.853+0000] {logging_mixin.py:190} INFO - [2026-09-25T17:16:54.853+0000] {dagbag.py:588} INFO - Filling up the DagBag from /home/airflow/.local/lib/python3.12/site-packages/airflow/example_dags/example_dynamic_task_mapping.py
[2026-09-25T17:16:54.887+0000] {processor.py:925} INFO - DAG(s) 'example_dynamic_task_mapping' retrieved from /home/airflow/.local/lib/python3.12/site-packages/airflow/example_dags/example_dynamic_task_mapping.py
[2026-09-25T17:16:54.960+0000] {logging_mixin.py:190} INFO - [2026-09-25T17:16:54.960+0000] {dag.py:3239} INFO - Sync 1 DAGs
[2026-09-25T17:16:55.022+0000] {logging_mixin.py:190} INFO - [2026-09-25T17:16:55.021+0000] {dag.py:4180} INFO - Setting next_dagrun for example_dynamic_task_mapping to None, run_after=None
[2026-09-25T17:16:55.078+0000] {processor.py:208} INFO - Processing /home/airflow/.local/lib/python3.12/site-packages/airflow/example_dags/example_dynamic_task_mapping.py took 0.279 seconds
[2026-09-25T17:17:25.866+0000] {processor.py:186} INFO - Started process (PID=1843) to work on /home/airflow/.local/lib/python3.12/site-packages/airflow/example_dags/example_dynamic_task_mapping.py
[2026-09-25T17:17:25.871+0000] {processor.py:914} INFO - Processing file /home/airflow/.local/lib/python3.12/site-packages/airflow/example_dags/example_dynamic_task_mapping.py for tasks to queue
[2026-09-25T17:17:25.877+0000] {logging_mixin.py:190} INFO - [2026-09-25T17:17:25.876+0000] {dagbag.py:588} INFO - Filling up the DagBag from /home/airflow/.local/lib/python3.12/site-packages/airflow/example_dags/example_dynamic_task_mapping.py
[2026-09-25T17:17:25.902+0000] {processor.py:925} INFO - DAG(s) 'example_dynamic_task_mapping' retrieved from /home/airflow/.local/lib/python3.12/site-packages/airflow/example_dags/example_dynamic_task_mapping.py
[2026-09-25T17:17:25.962+0000] {logging_mixin.py:190} INFO - [2026-09-25T17:17:25.961+0000] {dag.py:3239} INFO - Sync 1 DAGs
[2026-09-25T17:17:26.011+0000] {logging_mixin.py:190} INFO - [2026-09-25T17:17:26.010+0000] {dag.py:4180} INFO - Setting next_dagrun for example_dynamic_task_mapping to None, run_after=None
[2026-09-25T17:17:26.064+0000] {processor.py:208} INFO - Processing /home/airflow/.local/lib/python3.12/site-packages/airflow/example_dags/example_dynamic_task_mapping.py took 0.211 seconds
[2026-09-25T17:17:57.417+0000] {processor.py:186} INFO - Started process (PID=1888) to work on /home/airflow/.local/lib/python3.12/site-packages/airflow/example_dags/example_dynamic_task_mapping.py
[2026-09-25T17:17:57.421+0000] {processor.py:914} INFO - Processing file /home/airflow/.local/lib/python3.12/site-packages/airflow/example_dags/example_dynamic_task_mapping.py for tasks to queue
[2026-09-25T17:17:57.437+0000] {logging_mixin.py:190} INFO - [2026-09-25T17:17:57.435+0000] {dagbag.py:588} INFO - Filling up the DagBag from /home/airflow/.local/lib/python3.12/site-packages/airflow/example_dags/example_dynamic_task_mapping.py
[2026-09-25T17:17:57.479+0000] {processor.py:925} INFO - DAG(s) 'example_dynamic_task_mapping' retrieved from /home/airflow/.local/lib/python3.12/site-packages/airflow/example_dags/example_dynamic_task_mapping.py
[2026-09-25T17:17:57.590+0000] {logging_mixin.py:190} INFO - [2026-09-25T17:17:57.589+0000] {dag.py:3239} INFO - Sync 1 DAGs
[2026-09-25T17:17:57.688+0000] {logging_mixin.py:190} INFO - [2026-09-25T17:17:57.688+0000] {dag.py:4180} INFO - Setting next_dagrun for example_dynamic_task_mapping to None, run_after=None
[2026-09-25T17:17:57.751+0000] {processor.py:208} INFO - Processing /home/airflow/.local/lib/python3.12/site-packages/airflow/example_dags/example_dynamic_task_mapping.py took 0.360 seconds
[2026-09-25T17:18:29.533+0000] {processor.py:186} INFO - Started process (PID=1936) to work on /home/airflow/.local/lib/python3.12/site-packages/airflow/example_dags/example_dynamic_task_mapping.py
[2026-09-25T17:18:29.536+0000] {processor.py:914} INFO - Processing file /home/airflow/.local/lib/python3.12/site-packages/airflow/example_dags/example_dynamic_task_mapping.py for tasks to queue
[2026-09-25T17:18:29.542+0000] {logging_mixin.py:190} INFO - [2026-09-25T17:18:29.541+0000] {dagbag.py:588} INFO - Filling up the DagBag from /home/airflow/.local/lib/python3.12/site-packages/airflow/example_dags/example_dynamic_task_mapping.py
[2026-09-25T17:18:29.571+0000] {processor.py:925} INFO - DAG(s) 'example_dynamic_task_mapping' retrieved from /home/airflow/.local/lib/python3.12/site-packages/airflow/example_dags/example_dynamic_task_mapping.py
[2026-09-25T17:18:29.660+0000] {logging_mixin.py:190} INFO - [2026-09-25T17:18:29.659+0000] {dag.py:3239} INFO - Sync 1 DAGs
[2026-09-25T17:18:29.812+0000] {logging_mixin.py:190} INFO - [2026-09-25T17:18:29.811+0000] {dag.py:4180} INFO - Setting next_dagrun for example_dynamic_task_mapping to None, run_after=None
[2026-09-25T17:18:29.962+0000] {processor.py:208} INFO - Processing /home/airflow/.local/lib/python3.12/site-packages/airflow/example_dags/example_dynamic_task_mapping.py took 0.442 seconds
[2026-09-25T17:19:02.044+0000] {processor.py:186} INFO - Started process (PID=2003) to work on /home/airflow/.local/lib/python3.12/site-packages/airflow/example_dags/example_dynamic_task_mapping.py
[2026-09-25T17:19:02.047+0000] {processor.py:914} INFO - Processing file /home/airflow/.local/lib/python3.12/site-packages/airflow/example_dags/example_dynamic_task_mapping.py for tasks to queue
[2026-09-25T17:19:02.056+0000] {logging_mixin.py:190} INFO - [2026-09-25T17:19:02.055+0000] {dagbag.py:588} INFO - Filling up the DagBag from /home/airflow/.local/lib/python3.12/site-packages/airflow/example_dags/example_dynamic_task_mapping.py
[2026-09-25T17:19:02.084+0000] {processor.py:925} INFO - DAG(s) 'example_dynamic_task_mapping' retrieved from /home/airflow/.local/lib/python3.12/site-packages/airflow/example_dags/example_dynamic_task_mapping.py
[2026-09-25T17:19:02.179+0000] {logging_mixin.py:190} INFO - [2026-09-25T17:19:02.179+0000] {dag.py:3239} INFO - Sync 1 DAGs
[2026-09-25T17:19:02.314+0000] {logging_mixin.py:190} INFO - [2026-09-25T17:19:02.314+0000] {dag.py:4180} INFO - Setting next_dagrun for example_dynamic_task_mapping to None, run_after=None
[2026-09-25T17:19:02.469+0000] {processor.py:208} INFO - Processing /home/airflow/.local/lib/python3.12/site-packages/airflow/example_dags/example_dynamic_task_mapping.py took 0.455 seconds
[2026-09-25T17:19:33.932+0000] {processor.py:186} INFO - Started process (PID=2065) to work on /home/airflow/.local/lib/python3.12/site-packages/airflow/example_dags/example_dynamic_task_mapping.py
[2026-09-25T17:19:33.937+0000] {processor.py:914} INFO - Processing file /home/airflow/.local/lib/python3.12/site-packages/airflow/example_dags/example_dynamic_task_mapping.py for tasks to queue
[2026-09-25T17:19:33.948+0000] {logging_mixin.py:190} INFO - [2026-09-25T17:19:33.946+0000] {dagbag.py:588} INFO - Filling up the DagBag from /home/airflow/.local/lib/python3.12/site-packages/airflow/example_dags/example_dynamic_task_mapping.py
[2026-09-25T17:19:33.981+0000] {processor.py:925} INFO - DAG(s) 'example_dynamic_task_mapping' retrieved from /home/airflow/.local/lib/python3.12/site-packages/airflow/example_dags/example_dynamic_task_mapping.py
[2026-09-25T17:19:34.088+0000] {logging_mixin.py:190} INFO - [2026-09-25T17:19:34.087+0000] {dag.py:3239} INFO - Sync 1 DAGs
[2026-09-25T17:19:34.158+0000] {logging_mixin.py:190} INFO - [2026-09-25T17:19:34.157+0000] {dag.py:4180} INFO - Setting next_dagrun for example_dynamic_task_mapping to None, run_after=None
[2026-09-25T17:19:34.224+0000] {processor.py:208} INFO - Processing /home/airflow/.local/lib/python3.12/site-packages/airflow/example_dags/example_dynamic_task_mapping.py took 0.324 seconds
[2026-09-25T17:20:04.497+0000] {processor.py:186} INFO - Started process (PID=2127) to work on /home/airflow/.local/lib/python3.12/site-packages/airflow/example_dags/example_dynamic_task_mapping.py
[2026-09-25T17:20:04.500+0000] {processor.py:914} INFO - Processing file /home/airflow/.local/lib/python3.12/site-packages/airflow/example_dags/example_dynamic_task_mapping.py for tasks to queue
[2026-09-25T17:20:04.512+0000] {logging_mixin.py:190} INFO - [2026-09-25T17:20:04.511+0000] {dagbag.py:588} INFO - Filling up the DagBag from /home/airflow/.local/lib/python3.12/site-packages/airflow/example_dags/example_dynamic_task_mapping.py
[2026-09-25T17:20:04.572+0000] {processor.py:925} INFO - DAG(s) 'example_dynamic_task_mapping' retrieved from /home/airflow/.local/lib/python3.12/site-packages/airflow/example_dags/example_dynamic_task_mapping.py
[2026-09-25T17:20:04.653+0000] {logging_mixin.py:190} INFO - [2026-09-25T17:20:04.652+0000] {dag.py:3239} INFO - Sync 1 DAGs
[2026-09-25T17:20:04.735+0000] {logging_mixin.py:190} INFO - [2026-09-25T17:20:04.728+0000] {dag.py:4180} INFO - Setting next_dagrun for example_dynamic_task_mapping to None, run_after=None
[2026-09-25T17:20:04.839+0000] {processor.py:208} INFO - Processing /home/airflow/.local/lib/python3.12/site-packages/airflow/example_dags/example_dynamic_task_mapping.py took 0.368 seconds
[2026-09-25T17:20:37.462+0000] {processor.py:186} INFO - Started process (PID=2164) to work on /home/airflow/.local/lib/python3.12/site-packages/airflow/example_dags/example_dynamic_task_mapping.py
[2026-09-25T17:20:37.465+0000] {processor.py:914} INFO - Processing file /home/airflow/.local/lib/python3.12/site-packages/airflow/example_dags/example_dynamic_task_mapping.py for tasks to queue
[2026-09-25T17:20:37.474+0000] {logging_mixin.py:190} INFO - [2026-09-25T17:20:37.472+0000] {dagbag.py:588} INFO - Filling up the DagBag from /home/airflow/.local/lib/python3.12/site-packages/airflow/example_dags/example_dynamic_task_mapping.py
[2026-09-25T17:20:37.503+0000] {processor.py:925} INFO - DAG(s) 'example_dynamic_task_mapping' retrieved from /home/airflow/.local/lib/python3.12/site-packages/airflow/example_dags/example_dynamic_task_mapping.py
[2026-09-25T17:20:37.980+0000] {logging_mixin.py:190} INFO - [2026-09-25T17:20:37.978+0000] {dag.py:3239} INFO - Sync 1 DAGs
[2026-09-25T17:20:38.346+0000] {logging_mixin.py:190} INFO - [2026-09-25T17:20:38.346+0000] {dag.py:4180} INFO - Setting next_dagrun for example_dynamic_task_mapping to None, run_after=None
[2026-09-25T17:20:38.635+0000] {processor.py:208} INFO - Processing /home/airflow/.local/lib/python3.12/site-packages/airflow/example_dags/example_dynamic_task_mapping.py took 1.195 seconds
[2026-09-25T17:21:16.479+0000] {processor.py:186} INFO - Started process (PID=2219) to work on /home/airflow/.local/lib/python3.12/site-packages/airflow/example_dags/example_dynamic_task_mapping.py
[2026-09-25T17:21:16.485+0000] {processor.py:914} INFO - Processing file /home/airflow/.local/lib/python3.12/site-packages/airflow/example_dags/example_dynamic_task_mapping.py for tasks to queue
[2026-09-25T17:21:16.498+0000] {logging_mixin.py:190} INFO - [2026-09-25T17:21:16.497+0000] {dagbag.py:588} INFO - Filling up the DagBag from /home/airflow/.local/lib/python3.12/site-packages/airflow/example_dags/example_dynamic_task_mapping.py
[2026-09-25T17:21:16.618+0000] {processor.py:925} INFO - DAG(s) 'example_dynamic_task_mapping' retrieved from /home/airflow/.local/lib/python3.12/site-packages/airflow/example_dags/example_dynamic_task_mapping.py
[2026-09-25T17:21:16.776+0000] {logging_mixin.py:190} INFO - [2026-09-25T17:21:16.776+0000] {dag.py:3239} INFO - Sync 1 DAGs
[2026-09-25T17:21:16.875+0000] {logging_mixin.py:190} INFO - [2026-09-25T17:21:16.874+0000] {dag.py:4180} INFO - Setting next_dagrun for example_dynamic_task_mapping to None, run_after=None
[2026-09-25T17:21:16.988+0000] {processor.py:208} INFO - Processing /home/airflow/.local/lib/python3.12/site-packages/airflow/example_dags/example_dynamic_task_mapping.py took 0.587 seconds
[2026-09-25T17:22:15.664+0000] {processor.py:186} INFO - Started process (PID=2286) to work on /home/airflow/.local/lib/python3.12/site-packages/airflow/example_dags/example_dynamic_task_mapping.py
[2026-09-25T17:22:15.694+0000] {processor.py:914} INFO - Processing file /home/airflow/.local/lib/python3.12/site-packages/airflow/example_dags/example_dynamic_task_mapping.py for tasks to queue
[2026-09-25T17:22:15.728+0000] {logging_mixin.py:190} INFO - [2026-09-25T17:22:15.726+0000] {dagbag.py:588} INFO - Filling up the DagBag from /home/airflow/.local/lib/python3.12/site-packages/airflow/example_dags/example_dynamic_task_mapping.py
[2026-09-25T17:22:15.803+0000] {processor.py:925} INFO - DAG(s) 'example_dynamic_task_mapping' retrieved from /home/airflow/.local/lib/python3.12/site-packages/airflow/example_dags/example_dynamic_task_mapping.py
[2026-09-25T17:22:15.969+0000] {logging_mixin.py:190} INFO - [2026-09-25T17:22:15.969+0000] {dag.py:3239} INFO - Sync 1 DAGs
[2026-09-25T17:22:16.286+0000] {logging_mixin.py:190} INFO - [2026-09-25T17:22:16.285+0000] {dag.py:4180} INFO - Setting next_dagrun for example_dynamic_task_mapping to None, run_after=None
[2026-09-25T17:22:16.606+0000] {processor.py:208} INFO - Processing /home/airflow/.local/lib/python3.12/site-packages/airflow/example_dags/example_dynamic_task_mapping.py took 1.049 seconds
[2026-09-25T17:22:48.610+0000] {processor.py:186} INFO - Started process (PID=2339) to work on /home/airflow/.local/lib/python3.12/site-packages/airflow/example_dags/example_dynamic_task_mapping.py
[2026-09-25T17:22:48.613+0000] {processor.py:914} INFO - Processing file /home/airflow/.local/lib/python3.12/site-packages/airflow/example_dags/example_dynamic_task_mapping.py for tasks to queue
[2026-09-25T17:22:48.620+0000] {logging_mixin.py:190} INFO - [2026-09-25T17:22:48.619+0000] {dagbag.py:588} INFO - Filling up the DagBag from /home/airflow/.local/lib/python3.12/site-packages/airflow/example_dags/example_dynamic_task_mapping.py
[2026-09-25T17:22:48.655+0000] {processor.py:925} INFO - DAG(s) 'example_dynamic_task_mapping' retrieved from /home/airflow/.local/lib/python3.12/site-packages/airflow/example_dags/example_dynamic_task_mapping.py
[2026-09-25T17:22:48.810+0000] {logging_mixin.py:190} INFO - [2026-09-25T17:22:48.809+0000] {dag.py:3239} INFO - Sync 1 DAGs
[2026-09-25T17:22:49.189+0000] {logging_mixin.py:190} INFO - [2026-09-25T17:22:49.177+0000] {dag.py:4180} INFO - Setting next_dagrun for example_dynamic_task_mapping to None, run_after=None
[2026-09-25T17:22:49.271+0000] {processor.py:208} INFO - Processing /home/airflow/.local/lib/python3.12/site-packages/airflow/example_dags/example_dynamic_task_mapping.py took 0.678 seconds
[2026-09-25T17:23:28.082+0000] {processor.py:186} INFO - Started process (PID=2402) to work on /home/airflow/.local/lib/python3.12/site-packages/airflow/example_dags/example_dynamic_task_mapping.py
[2026-09-25T17:23:28.085+0000] {processor.py:914} INFO - Processing file /home/airflow/.local/lib/python3.12/site-packages/airflow/example_dags/example_dynamic_task_mapping.py for tasks to queue
[2026-09-25T17:23:28.092+0000] {logging_mixin.py:190} INFO - [2026-09-25T17:23:28.091+0000] {dagbag.py:588} INFO - Filling up the DagBag from /home/airflow/.local/lib/python3.12/site-packages/airflow/example_dags/example_dynamic_task_mapping.py
[2026-09-25T17:23:28.121+0000] {processor.py:925} INFO - DAG(s) 'example_dynamic_task_mapping' retrieved from /home/airflow/.local/lib/python3.12/site-packages/airflow/example_dags/example_dynamic_task_mapping.py
[2026-09-25T17:23:28.200+0000] {logging_mixin.py:190} INFO - [2026-09-25T17:23:28.199+0000] {dag.py:3239} INFO - Sync 1 DAGs
[2026-09-25T17:23:28.260+0000] {logging_mixin.py:190} INFO - [2026-09-25T17:23:28.260+0000] {dag.py:4180} INFO - Setting next_dagrun for example_dynamic_task_mapping to None, run_after=None
[2026-09-25T17:23:28.308+0000] {processor.py:208} INFO - Processing /home/airflow/.local/lib/python3.12/site-packages/airflow/example_dags/example_dynamic_task_mapping.py took 0.246 seconds
[2026-09-25T17:24:01.030+0000] {processor.py:186} INFO - Started process (PID=2458) to work on /home/airflow/.local/lib/python3.12/site-packages/airflow/example_dags/example_dynamic_task_mapping.py
[2026-09-25T17:24:01.036+0000] {processor.py:914} INFO - Processing file /home/airflow/.local/lib/python3.12/site-packages/airflow/example_dags/example_dynamic_task_mapping.py for tasks to queue
[2026-09-25T17:24:01.047+0000] {logging_mixin.py:190} INFO - [2026-09-25T17:24:01.046+0000] {dagbag.py:588} INFO - Filling up the DagBag from /home/airflow/.local/lib/python3.12/site-packages/airflow/example_dags/example_dynamic_task_mapping.py
[2026-09-25T17:24:01.071+0000] {processor.py:925} INFO - DAG(s) 'example_dynamic_task_mapping' retrieved from /home/airflow/.local/lib/python3.12/site-packages/airflow/example_dags/example_dynamic_task_mapping.py
[2026-09-25T17:24:01.140+0000] {logging_mixin.py:190} INFO - [2026-09-25T17:24:01.140+0000] {dag.py:3239} INFO - Sync 1 DAGs
[2026-09-25T17:24:01.192+0000] {logging_mixin.py:190} INFO - [2026-09-25T17:24:01.191+0000] {dag.py:4180} INFO - Setting next_dagrun for example_dynamic_task_mapping to None, run_after=None
[2026-09-25T17:24:01.278+0000] {processor.py:208} INFO - Processing /home/airflow/.local/lib/python3.12/site-packages/airflow/example_dags/example_dynamic_task_mapping.py took 0.279 seconds
[2026-09-25T17:24:33.195+0000] {processor.py:186} INFO - Started process (PID=2512) to work on /home/airflow/.local/lib/python3.12/site-packages/airflow/example_dags/example_dynamic_task_mapping.py
[2026-09-25T17:24:33.213+0000] {processor.py:914} INFO - Processing file /home/airflow/.local/lib/python3.12/site-packages/airflow/example_dags/example_dynamic_task_mapping.py for tasks to queue
[2026-09-25T17:24:33.296+0000] {logging_mixin.py:190} INFO - [2026-09-25T17:24:33.296+0000] {dagbag.py:588} INFO - Filling up the DagBag from /home/airflow/.local/lib/python3.12/site-packages/airflow/example_dags/example_dynamic_task_mapping.py
[2026-09-25T17:24:33.497+0000] {processor.py:925} INFO - DAG(s) 'example_dynamic_task_mapping' retrieved from /home/airflow/.local/lib/python3.12/site-packages/airflow/example_dags/example_dynamic_task_mapping.py
[2026-09-25T17:24:33.709+0000] {logging_mixin.py:190} INFO - [2026-09-25T17:24:33.709+0000] {dag.py:3239} INFO - Sync 1 DAGs
[2026-09-25T17:24:33.799+0000] {logging_mixin.py:190} INFO - [2026-09-25T17:24:33.798+0000] {dag.py:4180} INFO - Setting next_dagrun for example_dynamic_task_mapping to None, run_after=None
[2026-09-25T17:24:33.959+0000] {processor.py:208} INFO - Processing /home/airflow/.local/lib/python3.12/site-packages/airflow/example_dags/example_dynamic_task_mapping.py took 0.810 seconds
[2026-09-25T17:25:04.508+0000] {processor.py:186} INFO - Started process (PID=2575) to work on /home/airflow/.local/lib/python3.12/site-packages/airflow/example_dags/example_dynamic_task_mapping.py
[2026-09-25T17:25:04.531+0000] {processor.py:914} INFO - Processing file /home/airflow/.local/lib/python3.12/site-packages/airflow/example_dags/example_dynamic_task_mapping.py for tasks to queue
[2026-09-25T17:25:04.569+0000] {logging_mixin.py:190} INFO - [2026-09-25T17:25:04.568+0000] {dagbag.py:588} INFO - Filling up the DagBag from /home/airflow/.local/lib/python3.12/site-packages/airflow/example_dags/example_dynamic_task_mapping.py
[2026-09-25T17:25:04.807+0000] {processor.py:925} INFO - DAG(s) 'example_dynamic_task_mapping' retrieved from /home/airflow/.local/lib/python3.12/site-packages/airflow/example_dags/example_dynamic_task_mapping.py
[2026-09-25T17:25:05.268+0000] {logging_mixin.py:190} INFO - [2026-09-25T17:25:05.234+0000] {dag.py:3239} INFO - Sync 1 DAGs
[2026-09-25T17:25:05.549+0000] {logging_mixin.py:190} INFO - [2026-09-25T17:25:05.549+0000] {dag.py:4180} INFO - Setting next_dagrun for example_dynamic_task_mapping to None, run_after=None
[2026-09-25T17:25:05.965+0000] {processor.py:208} INFO - Processing /home/airflow/.local/lib/python3.12/site-packages/airflow/example_dags/example_dynamic_task_mapping.py took 1.565 seconds
