[2026-09-25T16:15:40.215+0000] {processor.py:186} INFO - Started process (PID=105) to work on /home/airflow/.local/lib/python3.12/site-packages/airflow/example_dags/example_latest_only_with_trigger.py
[2026-09-25T16:15:40.265+0000] {processor.py:914} INFO - Processing file /home/airflow/.local/lib/python3.12/site-packages/airflow/example_dags/example_latest_only_with_trigger.py for tasks to queue
[2026-09-25T16:15:40.302+0000] {logging_mixin.py:190} INFO - [2026-09-25T16:15:40.300+0000] {dagbag.py:588} INFO - Filling up the DagBag from /home/airflow/.local/lib/python3.12/site-packages/airflow/example_dags/example_latest_only_with_trigger.py
[2026-09-25T16:15:40.479+0000] {processor.py:925} INFO - DAG(s) 'latest_only_with_trigger' retrieved from /home/airflow/.local/lib/python3.12/site-packages/airflow/example_dags/example_latest_only_with_trigger.py
[2026-09-25T16:15:40.891+0000] {logging_mixin.py:190} INFO - [2026-09-25T16:15:40.889+0000] {dag.py:3239} INFO - Sync 1 DAGs
[2026-09-25T16:15:41.246+0000] {logging_mixin.py:190} INFO - [2026-09-25T16:15:41.245+0000] {dag.py:4180} INFO - Setting next_dagrun for latest_only_with_trigger to 2026-09-25 12:00:00+00:00, run_after=2026-09-25 16:00:00+00:00
[2026-09-25T16:15:41.423+0000] {processor.py:208} INFO - Processing /home/airflow/.local/lib/python3.12/site-packages/airflow/example_dags/example_latest_only_with_trigger.py took 1.372 seconds
[2026-09-25T16:18:26.982+0000] {processor.py:186} INFO - Started process (PID=198) to work on /home/airflow/.local/lib/python3.12/site-packages/airflow/example_dags/example_latest_only_with_trigger.py
[2026-09-25T16:18:26.993+0000] {processor.py:914} INFO - Processing file /home/airflow/.local/lib/python3.12/site-packages/airflow/example_dags/example_latest_only_with_trigger.py for tasks to queue
[2026-09-25T16:18:27.006+0000] {logging_mixin.py:190} INFO - [2026-09-25T16:18:27.005+0000] {dagbag.py:588} INFO - Filling up the DagBag from /home/airflow/.local/lib/python3.12/site-packages/airflow/example_dags/example_latest_only_with_trigger.py
[2026-09-25T16:18:27.052+0000] {processor.py:925} INFO - DAG(s) 'latest_only_with_trigger' retrieved from /home/airflow/.local/lib/python3.12/site-packages/airflow/example_dags/example_latest_only_with_trigger.py
[2026-09-25T16:18:27.376+0000] {logging_mixin.py:190} INFO - [2026-09-25T16:18:27.290+0000] {dag.py:3239} INFO - Sync 1 DAGs
[2026-09-25T16:18:28.144+0000] {logging_mixin.py:190} INFO - [2026-09-25T16:18:28.144+0000] {dag.py:4180} INFO - Setting next_dagrun for latest_only_with_trigger to 2026-09-25 12:00:00+00:00, run_after=2026-09-25 16:00:00+00:00
[2026-09-25T16:18:28.865+0000] {processor.py:208} INFO - Processing /home/airflow/.local/lib/python3.12/site-packages/airflow/example_dags/example_latest_only_with_trigger.py took 1.976 seconds
[2026-09-25T16:19:41.450+0000] {processor.py:186} INFO - Started process (PID=256) to work on /home/airflow/.local/lib/python3.12/site-packages/airflow/example_dags/example_latest_only_with_trigger.py
[2026-09-25T16:19:41.473+0000] {processor.py:914} INFO - Processing file /home/airflow/.local/lib/python3.12/site-packages/airflow/example_dags/example_latest_only_with_trigger.py for tasks to queue
[2026-09-25T16:19:41.514+0000] {logging_mixin.py:190} INFO - [2026-09-25T16:19:41.513+0000] {dagbag.py:588} INFO - Filling up the DagBag from /home/airflow/.local/lib/python3.12/site-packages/airflow/example_dags/example_latest_only_with_trigger.py
[2026-09-25T16:19:41.624+0000] {processor.py:925} INFO - DAG(s) 'latest_only_with_trigger' retrieved from /home/airflow/.local/lib/python3.12/site-packages/airflow/example_dags/example_latest_only_with_trigger.py
[2026-09-25T16:19:41.810+0000] {logging_mixin.py:190} INFO - [2026-09-25T16:19:41.809+0000] {dag.py:3239} INFO - Sync 1 DAGs
[2026-09-25T16:19:42.680+0000] {logging_mixin.py:190} INFO - [2026-09-25T16:19:42.664+0000] {dag.py:4180} INFO - Setting next_dagrun for latest_only_with_trigger to 2026-09-25 12:00:00+00:00, run_after=2026-09-25 16:00:00+00:00
[2026-09-25T16:19:43.029+0000] {processor.py:208} INFO - Processing /home/airflow/.local/lib/python3.12/site-packages/airflow/example_dags/example_latest_only_with_trigger.py took 1.652 seconds
[2026-09-25T16:20:30.951+0000] {processor.py:186} INFO - Started process (PID=306) to work on /home/airflow/.local/lib/python3.12/site-packages/airflow/example_dags/example_latest_only_with_trigger.py
[2026-09-25T16:20:30.957+0000] {processor.py:914} INFO - Processing file /home/airflow/.local/lib/python3.12/site-packages/airflow/example_dags/example_latest_only_with_trigger.py for tasks to queue
[2026-09-25T16:20:30.965+0000] {logging_mixin.py:190} INFO - [2026-09-25T16:20:30.964+0000] {dagbag.py:588} INFO - Filling up the DagBag from /home/airflow/.local/lib/python3.12/site-packages/airflow/example_dags/example_latest_only_with_trigger.py
[2026-09-25T16:20:30.990+0000] {processor.py:925} INFO - DAG(s) 'latest_only_with_trigger' retrieved from /home/airflow/.local/lib/python3.12/site-packages/airflow/example_dags/example_latest_only_with_trigger.py
[2026-09-25T16:20:31.082+0000] {logging_mixin.py:190} INFO - [2026-09-25T16:20:31.081+0000] {dag.py:3239} INFO - Sync 1 DAGs
[2026-09-25T16:20:31.351+0000] {logging_mixin.py:190} INFO - [2026-09-25T16:20:31.351+0000] {dag.py:4180} INFO - Setting next_dagrun for latest_only_with_trigger to 2026-09-25 12:00:00+00:00, run_after=2026-09-25 16:00:00+00:00
[2026-09-25T16:20:31.812+0000] {processor.py:208} INFO - Processing /home/airflow/.local/lib/python3.12/site-packages/airflow/example_dags/example_latest_only_with_trigger.py took 0.878 seconds
[2026-09-25T16:21:27.370+0000] {processor.py:186} INFO - Started process (PID=359) to work on /home/airflow/.local/lib/python3.12/site-packages/airflow/example_dags/example_latest_only_with_trigger.py
[2026-09-25T16:21:27.378+0000] {processor.py:914} INFO - Processing file /home/airflow/.local/lib/python3.12/site-packages/airflow/example_dags/example_latest_only_with_trigger.py for tasks to queue
[2026-09-25T16:21:27.493+0000] {logging_mixin.py:190} INFO - [2026-09-25T16:21:27.488+0000] {dagbag.py:588} INFO - Filling up the DagBag from /home/airflow/.local/lib/python3.12/site-packages/airflow/example_dags/example_latest_only_with_trigger.py
[2026-09-25T16:21:27.652+0000] {processor.py:925} INFO - DAG(s) 'latest_only_with_trigger' retrieved from /home/airflow/.local/lib/python3.12/site-packages/airflow/example_dags/example_latest_only_with_trigger.py
[2026-09-25T16:21:27.870+0000] {logging_mixin.py:190} INFO - [2026-09-25T16:21:27.869+0000] {dag.py:3239} INFO - Sync 1 DAGs
[2026-09-25T16:21:28.191+0000] {logging_mixin.py:190} INFO - [2026-09-25T16:21:28.190+0000] {dag.py:4180} INFO - Setting next_dagrun for latest_only_with_trigger to 2026-09-25 12:00:00+00:00, run_after=2026-09-25 16:00:00+00:00
[2026-09-25T16:21:28.341+0000] {processor.py:208} INFO - Processing /home/airflow/.local/lib/python3.12/site-packages/airflow/example_dags/example_latest_only_with_trigger.py took 1.052 seconds
[2026-09-25T16:22:35.582+0000] {processor.py:186} INFO - Started process (PID=426) to work on /home/airflow/.local/lib/python3.12/site-packages/airflow/example_dags/example_latest_only_with_trigger.py
[2026-09-25T16:22:35.600+0000] {processor.py:914} INFO - Processing file /home/airflow/.local/lib/python3.12/site-packages/airflow/example_dags/example_latest_only_with_trigger.py for tasks to queue
[2026-09-25T16:22:35.633+0000] {logging_mixin.py:190} INFO - [2026-09-25T16:22:35.633+0000] {dagbag.py:588} INFO - Filling up the DagBag from /home/airflow/.local/lib/python3.12/site-packages/airflow/example_dags/example_latest_only_with_trigger.py
[2026-09-25T16:22:35.777+0000] {processor.py:925} INFO - DAG(s) 'latest_only_with_trigger' retrieved from /home/airflow/.local/lib/python3.12/site-packages/airflow/example_dags/example_latest_only_with_trigger.py
[2026-09-25T16:22:36.042+0000] {logging_mixin.py:190} INFO - [2026-09-25T16:22:36.040+0000] {dag.py:3239} INFO - Sync 1 DAGs
[2026-09-25T16:22:36.276+0000] {logging_mixin.py:190} INFO - [2026-09-25T16:22:36.268+0000] {dag.py:4180} INFO - Setting next_dagrun for latest_only_with_trigger to 2026-09-25 12:00:00+00:00, run_after=2026-09-25 16:00:00+00:00
[2026-09-25T16:22:36.448+0000] {processor.py:208} INFO - Processing /home/airflow/.local/lib/python3.12/site-packages/airflow/example_dags/example_latest_only_with_trigger.py took 0.968 seconds
[2026-09-25T16:23:12.618+0000] {processor.py:186} INFO - Started process (PID=496) to work on /home/airflow/.local/lib/python3.12/site-packages/airflow/example_dags/example_latest_only_with_trigger.py
[2026-09-25T16:23:12.626+0000] {processor.py:914} INFO - Processing file /home/airflow/.local/lib/python3.12/site-packages/airflow/example_dags/example_latest_only_with_trigger.py for tasks to queue
[2026-09-25T16:23:12.636+0000] {logging_mixin.py:190} INFO - [2026-09-25T16:23:12.635+0000] {dagbag.py:588} INFO - Filling up the DagBag from /home/airflow/.local/lib/python3.12/site-packages/airflow/example_dags/example_latest_only_with_trigger.py
[2026-09-25T16:23:12.727+0000] {processor.py:925} INFO - DAG(s) 'latest_only_with_trigger' retrieved from /home/airflow/.local/lib/python3.12/site-packages/airflow/example_dags/example_latest_only_with_trigger.py
[2026-09-25T16:23:12.935+0000] {logging_mixin.py:190} INFO - [2026-09-25T16:23:12.930+0000] {dag.py:3239} INFO - Sync 1 DAGs
[2026-09-25T16:23:13.032+0000] {logging_mixin.py:190} INFO - [2026-09-25T16:23:13.030+0000] {dag.py:4180} INFO - Setting next_dagrun for latest_only_with_trigger to 2026-09-25 12:00:00+00:00, run_after=2026-09-25 16:00:00+00:00
[2026-09-25T16:23:13.100+0000] {processor.py:208} INFO - Processing /home/airflow/.local/lib/python3.12/site-packages/airflow/example_dags/example_latest_only_with_trigger.py took 0.517 seconds
[2026-09-25T16:23:53.462+0000] {processor.py:186} INFO - Started process (PID=559) to work on /home/airflow/.local/lib/python3.12/site-packages/airflow/example_dags/example_latest_only_with_trigger.py
[2026-09-25T16:23:53.464+0000] {processor.py:914} INFO - Processing file /home/airflow/.local/lib/python3.12/site-packages/airflow/example_dags/example_latest_only_with_trigger.py for tasks to queue
[2026-09-25T16:23:53.470+0000] {logging_mixin.py:190} INFO - [2026-09-25T16:23:53.470+0000] {dagbag.py:588} INFO - Filling up the DagBag from /home/airflow/.local/lib/python3.12/site-packages/airflow/example_dags/example_latest_only_with_trigger.py
[2026-09-25T16:23:53.488+0000] {processor.py:925} INFO - DAG(s) 'latest_only_with_trigger' retrieved from /home/airflow/.local/lib/python3.12/site-packages/airflow/example_dags/example_latest_only_with_trigger.py
[2026-09-25T16:23:53.570+0000] {logging_mixin.py:190} INFO - [2026-09-25T16:23:53.568+0000] {dag.py:3239} INFO - Sync 1 DAGs
[2026-09-25T16:23:53.709+0000] {logging_mixin.py:190} INFO - [2026-09-25T16:23:53.709+0000] {dag.py:4180} INFO - Setting next_dagrun for latest_only_with_trigger to 2026-09-25 12:00:00+00:00, run_after=2026-09-25 16:00:00+00:00
[2026-09-25T16:23:53.836+0000] {processor.py:208} INFO - Processing /home/airflow/.local/lib/python3.12/site-packages/airflow/example_dags/example_latest_only_with_trigger.py took 0.406 seconds
[2026-09-25T16:24:24.133+0000] {processor.py:186} INFO - Started process (PID=622) to work on /home/airflow/.local/lib/python3.12/site-packages/airflow/example_dags/example_latest_only_with_trigger.py
[2026-09-25T16:24:24.136+0000] {processor.py:914} INFO - Processing file /home/airflow/.local/lib/python3.12/site-packages/airflow/example_dags/example_latest_only_with_trigger.py for tasks to queue
[2026-09-25T16:24:24.144+0000] {logging_mixin.py:190} INFO - [2026-09-25T16:24:24.143+0000] {dagbag.py:588} INFO - Filling up the DagBag from /home/airflow/.local/lib/python3.12/site-packages/airflow/example_dags/example_latest_only_with_trigger.py
[2026-09-25T16:24:24.170+0000] {processor.py:925} INFO - DAG(s) 'latest_only_with_trigger' retrieved from /home/airflow/.local/lib/python3.12/site-packages/airflow/example_dags/example_latest_only_with_trigger.py
[2026-09-25T16:24:24.218+0000] {logging_mixin.py:190} INFO - [2026-09-25T16:24:24.217+0000] {dag.py:3239} INFO - Sync 1 DAGs
[2026-09-25T16:24:24.280+0000] {logging_mixin.py:190} INFO - [2026-09-25T16:24:24.280+0000] {dag.py:4180} INFO - Setting next_dagrun for latest_only_with_trigger to 2026-09-25 12:00:00+00:00, run_after=2026-09-25 16:00:00+00:00
[2026-09-25T16:24:24.328+0000] {processor.py:208} INFO - Processing /home/airflow/.local/lib/python3.12/site-packages/airflow/example_dags/example_latest_only_with_trigger.py took 0.210 seconds
[2026-09-25T16:25:11.343+0000] {processor.py:186} INFO - Started process (PID=683) to work on /home/airflow/.local/lib/python3.12/site-packages/airflow/example_dags/example_latest_only_with_trigger.py
[2026-09-25T16:25:11.356+0000] {processor.py:914} INFO - Processing file /home/airflow/.local/lib/python3.12/site-packages/airflow/example_dags/example_latest_only_with_trigger.py for tasks to queue
[2026-09-25T16:25:11.367+0000] {logging_mixin.py:190} INFO - [2026-09-25T16:25:11.366+0000] {dagbag.py:588} INFO - Filling up the DagBag from /home/airflow/.local/lib/python3.12/site-packages/airflow/example_dags/example_latest_only_with_trigger.py
[2026-09-25T16:25:11.385+0000] {processor.py:925} INFO - DAG(s) 'latest_only_with_trigger' retrieved from /home/airflow/.local/lib/python3.12/site-packages/airflow/example_dags/example_latest_only_with_trigger.py
[2026-09-25T16:25:11.466+0000] {logging_mixin.py:190} INFO - [2026-09-25T16:25:11.466+0000] {dag.py:3239} INFO - Sync 1 DAGs
[2026-09-25T16:25:11.567+0000] {logging_mixin.py:190} INFO - [2026-09-25T16:25:11.567+0000] {dag.py:4180} INFO - Setting next_dagrun for latest_only_with_trigger to 2026-09-25 12:00:00+00:00, run_after=2026-09-25 16:00:00+00:00
[2026-09-25T16:25:11.639+0000] {processor.py:208} INFO - Processing /home/airflow/.local/lib/python3.12/site-packages/airflow/example_dags/example_latest_only_with_trigger.py took 0.313 seconds
[2026-09-25T16:25:51.874+0000] {processor.py:186} INFO - Started process (PID=745) to work on /home/airflow/.local/lib/python3.12/site-packages/airflow/example_dags/example_latest_only_with_trigger.py
[2026-09-25T16:25:51.876+0000] {processor.py:914} INFO - Processing file /home/airflow/.local/lib/python3.12/site-packages/airflow/example_dags/example_latest_only_with_trigger.py for tasks to queue
[2026-09-25T16:25:51.889+0000] {logging_mixin.py:190} INFO - [2026-09-25T16:25:51.889+0000] {dagbag.py:588} INFO - Filling up the DagBag from /home/airflow/.local/lib/python3.12/site-packages/airflow/example_dags/example_latest_only_with_trigger.py
[2026-09-25T16:25:51.933+0000] {processor.py:925} INFO - DAG(s) 'latest_only_with_trigger' retrieved from /home/airflow/.local/lib/python3.12/site-packages/airflow/example_dags/example_latest_only_with_trigger.py
[2026-09-25T16:25:52.041+0000] {logging_mixin.py:190} INFO - [2026-09-25T16:25:52.040+0000] {dag.py:3239} INFO - Sync 1 DAGs
[2026-09-25T16:25:52.189+0000] {logging_mixin.py:190} INFO - [2026-09-25T16:25:52.188+0000] {dag.py:4180} INFO - Setting next_dagrun for latest_only_with_trigger to 2026-09-25 12:00:00+00:00, run_after=2026-09-25 16:00:00+00:00
[2026-09-25T16:25:52.291+0000] {processor.py:208} INFO - Processing /home/airflow/.local/lib/python3.12/site-packages/airflow/example_dags/example_latest_only_with_trigger.py took 0.465 seconds
[2026-09-25T16:26:22.806+0000] {processor.py:186} INFO - Started process (PID=807) to work on /home/airflow/.local/lib/python3.12/site-packages/airflow/example_dags/example_latest_only_with_trigger.py
[2026-09-25T16:26:22.810+0000] {processor.py:914} INFO - Processing file /home/airflow/.local/lib/python3.12/site-packages/airflow/example_dags/example_latest_only_with_trigger.py for tasks to queue
[2026-09-25T16:26:22.815+0000] {logging_mixin.py:190} INFO - [2026-09-25T16:26:22.815+0000] {dagbag.py:588} INFO - Filling up the DagBag from /home/airflow/.local/lib/python3.12/site-packages/airflow/example_dags/example_latest_only_with_trigger.py
[2026-09-25T16:26:22.831+0000] {processor.py:925} INFO - DAG(s) 'latest_only_with_trigger' retrieved from /home/airflow/.local/lib/python3.12/site-packages/airflow/example_dags/example_latest_only_with_trigger.py
[2026-09-25T16:26:22.886+0000] {logging_mixin.py:190} INFO - [2026-09-25T16:26:22.885+0000] {dag.py:3239} INFO - Sync 1 DAGs
[2026-09-25T16:26:22.940+0000] {logging_mixin.py:190} INFO - [2026-09-25T16:26:22.939+0000] {dag.py:4180} INFO - Setting next_dagrun for latest_only_with_trigger to 2026-09-25 12:00:00+00:00, run_after=2026-09-25 16:00:00+00:00
[2026-09-25T16:26:22.998+0000] {processor.py:208} INFO - Processing /home/airflow/.local/lib/python3.12/site-packages/airflow/example_dags/example_latest_only_with_trigger.py took 0.204 seconds
[2026-09-25T16:26:59.513+0000] {processor.py:186} INFO - Started process (PID=872) to work on /home/airflow/.local/lib/python3.12/site-packages/airflow/example_dags/example_latest_only_with_trigger.py
[2026-09-25T16:26:59.527+0000] {processor.py:914} INFO - Processing file /home/airflow/.local/lib/python3.12/site-packages/airflow/example_dags/example_latest_only_with_trigger.py for tasks to queue
[2026-09-25T16:26:59.573+0000] {logging_mixin.py:190} INFO - [2026-09-25T16:26:59.572+0000] {dagbag.py:588} INFO - Filling up the DagBag from /home/airflow/.local/lib/python3.12/site-packages/airflow/example_dags/example_latest_only_with_trigger.py
[2026-09-25T16:26:59.906+0000] {processor.py:925} INFO - DAG(s) 'latest_only_with_trigger' retrieved from /home/airflow/.local/lib/python3.12/site-packages/airflow/example_dags/example_latest_only_with_trigger.py
[2026-09-25T16:27:00.001+0000] {logging_mixin.py:190} INFO - [2026-09-25T16:27:00.001+0000] {dag.py:3239} INFO - Sync 1 DAGs
[2026-09-25T16:27:00.157+0000] {logging_mixin.py:190} INFO - [2026-09-25T16:27:00.157+0000] {dag.py:4180} INFO - Setting next_dagrun for latest_only_with_trigger to 2026-09-25 12:00:00+00:00, run_after=2026-09-25 16:00:00+00:00
[2026-09-25T16:27:00.308+0000] {processor.py:208} INFO - Processing /home/airflow/.local/lib/python3.12/site-packages/airflow/example_dags/example_latest_only_with_trigger.py took 0.831 seconds
[2026-09-25T16:27:31.859+0000] {processor.py:186} INFO - Started process (PID=933) to work on /home/airflow/.local/lib/python3.12/site-packages/airflow/example_dags/example_latest_only_with_trigger.py
[2026-09-25T16:27:31.870+0000] {processor.py:914} INFO - Processing file /home/airflow/.local/lib/python3.12/site-packages/airflow/example_dags/example_latest_only_with_trigger.py for tasks to queue
[2026-09-25T16:27:31.915+0000] {logging_mixin.py:190} INFO - [2026-09-25T16:27:31.909+0000] {dagbag.py:588} INFO - Filling up the DagBag from /home/airflow/.local/lib/python3.12/site-packages/airflow/example_dags/example_latest_only_with_trigger.py
[2026-09-25T16:27:31.969+0000] {processor.py:925} INFO - DAG(s) 'latest_only_with_trigger' retrieved from /home/airflow/.local/lib/python3.12/site-packages/airflow/example_dags/example_latest_only_with_trigger.py
[2026-09-25T16:27:32.080+0000] {logging_mixin.py:190} INFO - [2026-09-25T16:27:32.079+0000] {dag.py:3239} INFO - Sync 1 DAGs
[2026-09-25T16:27:32.168+0000] {logging_mixin.py:190} INFO - [2026-09-25T16:27:32.167+0000] {dag.py:4180} INFO - Setting next_dagrun for latest_only_with_trigger to 2026-09-25 12:00:00+00:00, run_after=2026-09-25 16:00:00+00:00
[2026-09-25T16:27:32.221+0000] {processor.py:208} INFO - Processing /home/airflow/.local/lib/python3.12/site-packages/airflow/example_dags/example_latest_only_with_trigger.py took 0.609 seconds
[2026-09-25T16:28:25.858+0000] {processor.py:186} INFO - Started process (PID=1001) to work on /home/airflow/.local/lib/python3.12/site-packages/airflow/example_dags/example_latest_only_with_trigger.py
[2026-09-25T16:28:25.861+0000] {processor.py:914} INFO - Processing file /home/airflow/.local/lib/python3.12/site-packages/airflow/example_dags/example_latest_only_with_trigger.py for tasks to queue
[2026-09-25T16:28:25.870+0000] {logging_mixin.py:190} INFO - [2026-09-25T16:28:25.869+0000] {dagbag.py:588} INFO - Filling up the DagBag from /home/airflow/.local/lib/python3.12/site-packages/airflow/example_dags/example_latest_only_with_trigger.py
[2026-09-25T16:28:25.909+0000] {processor.py:925} INFO - DAG(s) 'latest_only_with_trigger' retrieved from /home/airflow/.local/lib/python3.12/site-packages/airflow/example_dags/example_latest_only_with_trigger.py
[2026-09-25T16:28:25.998+0000] {logging_mixin.py:190} INFO - [2026-09-25T16:28:25.996+0000] {dag.py:3239} INFO - Sync 1 DAGs
[2026-09-25T16:28:26.093+0000] {logging_mixin.py:190} INFO - [2026-09-25T16:28:26.093+0000] {dag.py:4180} INFO - Setting next_dagrun for latest_only_with_trigger to 2026-09-25 12:00:00+00:00, run_after=2026-09-25 16:00:00+00:00
[2026-09-25T16:28:26.181+0000] {processor.py:208} INFO - Processing /home/airflow/.local/lib/python3.12/site-packages/airflow/example_dags/example_latest_only_with_trigger.py took 0.348 seconds
[2026-09-25T16:29:03.190+0000] {processor.py:186} INFO - Started process (PID=1054) to work on /home/airflow/.local/lib/python3.12/site-packages/airflow/example_dags/example_latest_only_with_trigger.py
[2026-09-25T16:29:03.194+0000] {processor.py:914} INFO - Processing file /home/airflow/.local/lib/python3.12/site-packages/airflow/example_dags/example_latest_only_with_trigger.py for tasks to queue
[2026-09-25T16:29:03.201+0000] {logging_mixin.py:190} INFO - [2026-09-25T16:29:03.200+0000] {dagbag.py:588} INFO - Filling up the DagBag from /home/airflow/.local/lib/python3.12/site-packages/airflow/example_dags/example_latest_only_with_trigger.py
[2026-09-25T16:29:03.229+0000] {processor.py:925} INFO - DAG(s) 'latest_only_with_trigger' retrieved from /home/airflow/.local/lib/python3.12/site-packages/airflow/example_dags/example_latest_only_with_trigger.py
[2026-09-25T16:29:03.302+0000] {logging_mixin.py:190} INFO - [2026-09-25T16:29:03.301+0000] {dag.py:3239} INFO - Sync 1 DAGs
[2026-09-25T16:29:03.416+0000] {logging_mixin.py:190} INFO - [2026-09-25T16:29:03.416+0000] {dag.py:4180} INFO - Setting next_dagrun for latest_only_with_trigger to 2026-09-25 12:00:00+00:00, run_after=2026-09-25 16:00:00+00:00
[2026-09-25T16:29:03.478+0000] {processor.py:208} INFO - Processing /home/airflow/.local/lib/python3.12/site-packages/airflow/example_dags/example_latest_only_with_trigger.py took 0.303 seconds
[2026-09-25T16:43:42.959+0000] {processor.py:186} INFO - Started process (PID=86) to work on /home/airflow/.local/lib/python3.12/site-packages/airflow/example_dags/example_latest_only_with_trigger.py
[2026-09-25T16:43:42.966+0000] {processor.py:914} INFO - Processing file /home/airflow/.local/lib/python3.12/site-packages/airflow/example_dags/example_latest_only_with_trigger.py for tasks to queue
[2026-09-25T16:43:42.986+0000] {logging_mixin.py:190} INFO - [2026-09-25T16:43:42.981+0000] {dagbag.py:588} INFO - Filling up the DagBag from /home/airflow/.local/lib/python3.12/site-packages/airflow/example_dags/example_latest_only_with_trigger.py
[2026-09-25T16:43:43.092+0000] {processor.py:925} INFO - DAG(s) 'latest_only_with_trigger' retrieved from /home/airflow/.local/lib/python3.12/site-packages/airflow/example_dags/example_latest_only_with_trigger.py
[2026-09-25T16:43:43.266+0000] {logging_mixin.py:190} INFO - [2026-09-25T16:43:43.265+0000] {dag.py:3239} INFO - Sync 1 DAGs
[2026-09-25T16:43:43.368+0000] {logging_mixin.py:190} INFO - [2026-09-25T16:43:43.367+0000] {dag.py:4180} INFO - Setting next_dagrun for latest_only_with_trigger to 2026-09-25 12:00:00+00:00, run_after=2026-09-25 16:00:00+00:00
[2026-09-25T16:43:43.456+0000] {processor.py:208} INFO - Processing /home/airflow/.local/lib/python3.12/site-packages/airflow/example_dags/example_latest_only_with_trigger.py took 0.532 seconds
[2026-09-25T16:44:13.961+0000] {processor.py:186} INFO - Started process (PID=148) to work on /home/airflow/.local/lib/python3.12/site-packages/airflow/example_dags/example_latest_only_with_trigger.py
[2026-09-25T16:44:13.966+0000] {processor.py:914} INFO - Processing file /home/airflow/.local/lib/python3.12/site-packages/airflow/example_dags/example_latest_only_with_trigger.py for tasks to queue
[2026-09-25T16:44:14.034+0000] {logging_mixin.py:190} INFO - [2026-09-25T16:44:14.032+0000] {dagbag.py:588} INFO - Filling up the DagBag from /home/airflow/.local/lib/python3.12/site-packages/airflow/example_dags/example_latest_only_with_trigger.py
[2026-09-25T16:44:14.090+0000] {processor.py:925} INFO - DAG(s) 'latest_only_with_trigger' retrieved from /home/airflow/.local/lib/python3.12/site-packages/airflow/example_dags/example_latest_only_with_trigger.py
[2026-09-25T16:44:14.210+0000] {logging_mixin.py:190} INFO - [2026-09-25T16:44:14.209+0000] {dag.py:3239} INFO - Sync 1 DAGs
[2026-09-25T16:44:14.374+0000] {logging_mixin.py:190} INFO - [2026-09-25T16:44:14.373+0000] {dag.py:4180} INFO - Setting next_dagrun for latest_only_with_trigger to 2026-09-25 12:00:00+00:00, run_after=2026-09-25 16:00:00+00:00
[2026-09-25T16:44:14.508+0000] {processor.py:208} INFO - Processing /home/airflow/.local/lib/python3.12/site-packages/airflow/example_dags/example_latest_only_with_trigger.py took 0.706 seconds
[2026-09-25T16:44:48.734+0000] {processor.py:186} INFO - Started process (PID=211) to work on /home/airflow/.local/lib/python3.12/site-packages/airflow/example_dags/example_latest_only_with_trigger.py
[2026-09-25T16:44:48.740+0000] {processor.py:914} INFO - Processing file /home/airflow/.local/lib/python3.12/site-packages/airflow/example_dags/example_latest_only_with_trigger.py for tasks to queue
[2026-09-25T16:44:48.944+0000] {logging_mixin.py:190} INFO - [2026-09-25T16:44:48.935+0000] {dagbag.py:588} INFO - Filling up the DagBag from /home/airflow/.local/lib/python3.12/site-packages/airflow/example_dags/example_latest_only_with_trigger.py
[2026-09-25T16:44:49.105+0000] {processor.py:925} INFO - DAG(s) 'latest_only_with_trigger' retrieved from /home/airflow/.local/lib/python3.12/site-packages/airflow/example_dags/example_latest_only_with_trigger.py
[2026-09-25T16:44:49.494+0000] {logging_mixin.py:190} INFO - [2026-09-25T16:44:49.492+0000] {dag.py:3239} INFO - Sync 1 DAGs
[2026-09-25T16:44:50.037+0000] {logging_mixin.py:190} INFO - [2026-09-25T16:44:50.035+0000] {dag.py:4180} INFO - Setting next_dagrun for latest_only_with_trigger to 2026-09-25 12:00:00+00:00, run_after=2026-09-25 16:00:00+00:00
[2026-09-25T16:44:50.293+0000] {processor.py:208} INFO - Processing /home/airflow/.local/lib/python3.12/site-packages/airflow/example_dags/example_latest_only_with_trigger.py took 1.617 seconds
[2026-09-25T16:45:20.484+0000] {processor.py:186} INFO - Started process (PID=274) to work on /home/airflow/.local/lib/python3.12/site-packages/airflow/example_dags/example_latest_only_with_trigger.py
[2026-09-25T16:45:20.486+0000] {processor.py:914} INFO - Processing file /home/airflow/.local/lib/python3.12/site-packages/airflow/example_dags/example_latest_only_with_trigger.py for tasks to queue
[2026-09-25T16:45:20.491+0000] {logging_mixin.py:190} INFO - [2026-09-25T16:45:20.490+0000] {dagbag.py:588} INFO - Filling up the DagBag from /home/airflow/.local/lib/python3.12/site-packages/airflow/example_dags/example_latest_only_with_trigger.py
[2026-09-25T16:45:20.504+0000] {processor.py:925} INFO - DAG(s) 'latest_only_with_trigger' retrieved from /home/airflow/.local/lib/python3.12/site-packages/airflow/example_dags/example_latest_only_with_trigger.py
[2026-09-25T16:45:20.543+0000] {logging_mixin.py:190} INFO - [2026-09-25T16:45:20.543+0000] {dag.py:3239} INFO - Sync 1 DAGs
[2026-09-25T16:45:20.589+0000] {logging_mixin.py:190} INFO - [2026-09-25T16:45:20.589+0000] {dag.py:4180} INFO - Setting next_dagrun for latest_only_with_trigger to 2026-09-25 12:00:00+00:00, run_after=2026-09-25 16:00:00+00:00
[2026-09-25T16:45:20.627+0000] {processor.py:208} INFO - Processing /home/airflow/.local/lib/python3.12/site-packages/airflow/example_dags/example_latest_only_with_trigger.py took 0.154 seconds
[2026-09-25T16:45:51.170+0000] {processor.py:186} INFO - Started process (PID=336) to work on /home/airflow/.local/lib/python3.12/site-packages/airflow/example_dags/example_latest_only_with_trigger.py
[2026-09-25T16:45:51.172+0000] {processor.py:914} INFO - Processing file /home/airflow/.local/lib/python3.12/site-packages/airflow/example_dags/example_latest_only_with_trigger.py for tasks to queue
[2026-09-25T16:45:51.179+0000] {logging_mixin.py:190} INFO - [2026-09-25T16:45:51.178+0000] {dagbag.py:588} INFO - Filling up the DagBag from /home/airflow/.local/lib/python3.12/site-packages/airflow/example_dags/example_latest_only_with_trigger.py
[2026-09-25T16:45:51.211+0000] {processor.py:925} INFO - DAG(s) 'latest_only_with_trigger' retrieved from /home/airflow/.local/lib/python3.12/site-packages/airflow/example_dags/example_latest_only_with_trigger.py
[2026-09-25T16:45:51.289+0000] {logging_mixin.py:190} INFO - [2026-09-25T16:45:51.289+0000] {dag.py:3239} INFO - Sync 1 DAGs
[2026-09-25T16:45:51.544+0000] {logging_mixin.py:190} INFO - [2026-09-25T16:45:51.544+0000] {dag.py:4180} INFO - Setting next_dagrun for latest_only_with_trigger to 2026-09-25 12:00:00+00:00, run_after=2026-09-25 16:00:00+00:00
[2026-09-25T16:45:51.824+0000] {processor.py:208} INFO - Processing /home/airflow/.local/lib/python3.12/site-packages/airflow/example_dags/example_latest_only_with_trigger.py took 0.668 seconds
[2026-09-25T16:46:23.053+0000] {processor.py:186} INFO - Started process (PID=391) to work on /home/airflow/.local/lib/python3.12/site-packages/airflow/example_dags/example_latest_only_with_trigger.py
[2026-09-25T16:46:23.056+0000] {processor.py:914} INFO - Processing file /home/airflow/.local/lib/python3.12/site-packages/airflow/example_dags/example_latest_only_with_trigger.py for tasks to queue
[2026-09-25T16:46:23.068+0000] {logging_mixin.py:190} INFO - [2026-09-25T16:46:23.067+0000] {dagbag.py:588} INFO - Filling up the DagBag from /home/airflow/.local/lib/python3.12/site-packages/airflow/example_dags/example_latest_only_with_trigger.py
[2026-09-25T16:46:23.090+0000] {processor.py:925} INFO - DAG(s) 'latest_only_with_trigger' retrieved from /home/airflow/.local/lib/python3.12/site-packages/airflow/example_dags/example_latest_only_with_trigger.py
[2026-09-25T16:46:23.253+0000] {logging_mixin.py:190} INFO - [2026-09-25T16:46:23.252+0000] {dag.py:3239} INFO - Sync 1 DAGs
[2026-09-25T16:46:23.511+0000] {logging_mixin.py:190} INFO - [2026-09-25T16:46:23.509+0000] {dag.py:4180} INFO - Setting next_dagrun for latest_only_with_trigger to 2026-09-25 12:00:00+00:00, run_after=2026-09-25 16:00:00+00:00
[2026-09-25T16:46:23.620+0000] {processor.py:208} INFO - Processing /home/airflow/.local/lib/python3.12/site-packages/airflow/example_dags/example_latest_only_with_trigger.py took 0.619 seconds
[2026-09-25T16:46:55.108+0000] {processor.py:186} INFO - Started process (PID=454) to work on /home/airflow/.local/lib/python3.12/site-packages/airflow/example_dags/example_latest_only_with_trigger.py
[2026-09-25T16:46:55.126+0000] {processor.py:914} INFO - Processing file /home/airflow/.local/lib/python3.12/site-packages/airflow/example_dags/example_latest_only_with_trigger.py for tasks to queue
[2026-09-25T16:46:55.145+0000] {logging_mixin.py:190} INFO - [2026-09-25T16:46:55.144+0000] {dagbag.py:588} INFO - Filling up the DagBag from /home/airflow/.local/lib/python3.12/site-packages/airflow/example_dags/example_latest_only_with_trigger.py
[2026-09-25T16:46:55.234+0000] {processor.py:925} INFO - DAG(s) 'latest_only_with_trigger' retrieved from /home/airflow/.local/lib/python3.12/site-packages/airflow/example_dags/example_latest_only_with_trigger.py
[2026-09-25T16:46:55.377+0000] {logging_mixin.py:190} INFO - [2026-09-25T16:46:55.376+0000] {dag.py:3239} INFO - Sync 1 DAGs
[2026-09-25T16:46:55.564+0000] {logging_mixin.py:190} INFO - [2026-09-25T16:46:55.564+0000] {dag.py:4180} INFO - Setting next_dagrun for latest_only_with_trigger to 2026-09-25 12:00:00+00:00, run_after=2026-09-25 16:00:00+00:00
[2026-09-25T16:46:55.653+0000] {processor.py:208} INFO - Processing /home/airflow/.local/lib/python3.12/site-packages/airflow/example_dags/example_latest_only_with_trigger.py took 0.596 seconds
[2026-09-25T16:47:35.352+0000] {processor.py:186} INFO - Started process (PID=516) to work on /home/airflow/.local/lib/python3.12/site-packages/airflow/example_dags/example_latest_only_with_trigger.py
[2026-09-25T16:47:35.438+0000] {processor.py:914} INFO - Processing file /home/airflow/.local/lib/python3.12/site-packages/airflow/example_dags/example_latest_only_with_trigger.py for tasks to queue
[2026-09-25T16:47:35.673+0000] {logging_mixin.py:190} INFO - [2026-09-25T16:47:35.502+0000] {dagbag.py:588} INFO - Filling up the DagBag from /home/airflow/.local/lib/python3.12/site-packages/airflow/example_dags/example_latest_only_with_trigger.py
[2026-09-25T16:47:35.942+0000] {processor.py:925} INFO - DAG(s) 'latest_only_with_trigger' retrieved from /home/airflow/.local/lib/python3.12/site-packages/airflow/example_dags/example_latest_only_with_trigger.py
[2026-09-25T16:47:36.272+0000] {logging_mixin.py:190} INFO - [2026-09-25T16:47:36.272+0000] {dag.py:3239} INFO - Sync 1 DAGs
[2026-09-25T16:47:36.344+0000] {logging_mixin.py:190} INFO - [2026-09-25T16:47:36.343+0000] {dag.py:4180} INFO - Setting next_dagrun for latest_only_with_trigger to 2026-09-25 12:00:00+00:00, run_after=2026-09-25 16:00:00+00:00
[2026-09-25T16:47:36.393+0000] {processor.py:208} INFO - Processing /home/airflow/.local/lib/python3.12/site-packages/airflow/example_dags/example_latest_only_with_trigger.py took 1.136 seconds
[2026-09-25T16:48:14.867+0000] {processor.py:186} INFO - Started process (PID=583) to work on /home/airflow/.local/lib/python3.12/site-packages/airflow/example_dags/example_latest_only_with_trigger.py
[2026-09-25T16:48:14.873+0000] {processor.py:914} INFO - Processing file /home/airflow/.local/lib/python3.12/site-packages/airflow/example_dags/example_latest_only_with_trigger.py for tasks to queue
[2026-09-25T16:48:14.889+0000] {logging_mixin.py:190} INFO - [2026-09-25T16:48:14.888+0000] {dagbag.py:588} INFO - Filling up the DagBag from /home/airflow/.local/lib/python3.12/site-packages/airflow/example_dags/example_latest_only_with_trigger.py
[2026-09-25T16:48:14.933+0000] {processor.py:925} INFO - DAG(s) 'latest_only_with_trigger' retrieved from /home/airflow/.local/lib/python3.12/site-packages/airflow/example_dags/example_latest_only_with_trigger.py
[2026-09-25T16:48:15.309+0000] {logging_mixin.py:190} INFO - [2026-09-25T16:48:15.302+0000] {dag.py:3239} INFO - Sync 1 DAGs
[2026-09-25T16:48:15.512+0000] {logging_mixin.py:190} INFO - [2026-09-25T16:48:15.511+0000] {dag.py:4180} INFO - Setting next_dagrun for latest_only_with_trigger to 2026-09-25 12:00:00+00:00, run_after=2026-09-25 16:00:00+00:00
[2026-09-25T16:48:15.571+0000] {processor.py:208} INFO - Processing /home/airflow/.local/lib/python3.12/site-packages/airflow/example_dags/example_latest_only_with_trigger.py took 0.768 seconds
[2026-09-25T16:48:46.430+0000] {processor.py:186} INFO - Started process (PID=645) to work on /home/airflow/.local/lib/python3.12/site-packages/airflow/example_dags/example_latest_only_with_trigger.py
[2026-09-25T16:48:46.432+0000] {processor.py:914} INFO - Processing file /home/airflow/.local/lib/python3.12/site-packages/airflow/example_dags/example_latest_only_with_trigger.py for tasks to queue
[2026-09-25T16:48:46.437+0000] {logging_mixin.py:190} INFO - [2026-09-25T16:48:46.436+0000] {dagbag.py:588} INFO - Filling up the DagBag from /home/airflow/.local/lib/python3.12/site-packages/airflow/example_dags/example_latest_only_with_trigger.py
[2026-09-25T16:48:46.456+0000] {processor.py:925} INFO - DAG(s) 'latest_only_with_trigger' retrieved from /home/airflow/.local/lib/python3.12/site-packages/airflow/example_dags/example_latest_only_with_trigger.py
[2026-09-25T16:48:46.498+0000] {logging_mixin.py:190} INFO - [2026-09-25T16:48:46.498+0000] {dag.py:3239} INFO - Sync 1 DAGs
[2026-09-25T16:48:46.553+0000] {logging_mixin.py:190} INFO - [2026-09-25T16:48:46.553+0000] {dag.py:4180} INFO - Setting next_dagrun for latest_only_with_trigger to 2026-09-25 12:00:00+00:00, run_after=2026-09-25 16:00:00+00:00
[2026-09-25T16:48:46.612+0000] {processor.py:208} INFO - Processing /home/airflow/.local/lib/python3.12/site-packages/airflow/example_dags/example_latest_only_with_trigger.py took 0.194 seconds
[2026-09-25T16:49:17.254+0000] {processor.py:186} INFO - Started process (PID=708) to work on /home/airflow/.local/lib/python3.12/site-packages/airflow/example_dags/example_latest_only_with_trigger.py
[2026-09-25T16:49:17.259+0000] {processor.py:914} INFO - Processing file /home/airflow/.local/lib/python3.12/site-packages/airflow/example_dags/example_latest_only_with_trigger.py for tasks to queue
[2026-09-25T16:49:17.266+0000] {logging_mixin.py:190} INFO - [2026-09-25T16:49:17.265+0000] {dagbag.py:588} INFO - Filling up the DagBag from /home/airflow/.local/lib/python3.12/site-packages/airflow/example_dags/example_latest_only_with_trigger.py
[2026-09-25T16:49:17.291+0000] {processor.py:925} INFO - DAG(s) 'latest_only_with_trigger' retrieved from /home/airflow/.local/lib/python3.12/site-packages/airflow/example_dags/example_latest_only_with_trigger.py
[2026-09-25T16:49:17.351+0000] {logging_mixin.py:190} INFO - [2026-09-25T16:49:17.350+0000] {dag.py:3239} INFO - Sync 1 DAGs
[2026-09-25T16:49:17.420+0000] {logging_mixin.py:190} INFO - [2026-09-25T16:49:17.420+0000] {dag.py:4180} INFO - Setting next_dagrun for latest_only_with_trigger to 2026-09-25 12:00:00+00:00, run_after=2026-09-25 16:00:00+00:00
[2026-09-25T16:49:17.477+0000] {processor.py:208} INFO - Processing /home/airflow/.local/lib/python3.12/site-packages/airflow/example_dags/example_latest_only_with_trigger.py took 0.242 seconds
[2026-09-25T16:56:47.648+0000] {processor.py:186} INFO - Started process (PID=93) to work on /home/airflow/.local/lib/python3.12/site-packages/airflow/example_dags/example_latest_only_with_trigger.py
[2026-09-25T16:56:47.695+0000] {processor.py:914} INFO - Processing file /home/airflow/.local/lib/python3.12/site-packages/airflow/example_dags/example_latest_only_with_trigger.py for tasks to queue
[2026-09-25T16:56:47.750+0000] {logging_mixin.py:190} INFO - [2026-09-25T16:56:47.749+0000] {dagbag.py:588} INFO - Filling up the DagBag from /home/airflow/.local/lib/python3.12/site-packages/airflow/example_dags/example_latest_only_with_trigger.py
[2026-09-25T16:56:48.082+0000] {processor.py:925} INFO - DAG(s) 'latest_only_with_trigger' retrieved from /home/airflow/.local/lib/python3.12/site-packages/airflow/example_dags/example_latest_only_with_trigger.py
[2026-09-25T16:56:48.709+0000] {logging_mixin.py:190} INFO - [2026-09-25T16:56:48.706+0000] {dag.py:3239} INFO - Sync 1 DAGs
[2026-09-25T16:56:49.457+0000] {logging_mixin.py:190} INFO - [2026-09-25T16:56:49.456+0000] {dag.py:4180} INFO - Setting next_dagrun for latest_only_with_trigger to 2026-09-25 12:00:00+00:00, run_after=2026-09-25 16:00:00+00:00
[2026-09-25T16:56:50.086+0000] {processor.py:208} INFO - Processing /home/airflow/.local/lib/python3.12/site-packages/airflow/example_dags/example_latest_only_with_trigger.py took 2.643 seconds
[2026-09-25T16:58:33.289+0000] {processor.py:186} INFO - Started process (PID=172) to work on /home/airflow/.local/lib/python3.12/site-packages/airflow/example_dags/example_latest_only_with_trigger.py
[2026-09-25T16:58:33.321+0000] {processor.py:914} INFO - Processing file /home/airflow/.local/lib/python3.12/site-packages/airflow/example_dags/example_latest_only_with_trigger.py for tasks to queue
[2026-09-25T16:58:33.343+0000] {logging_mixin.py:190} INFO - [2026-09-25T16:58:33.342+0000] {dagbag.py:588} INFO - Filling up the DagBag from /home/airflow/.local/lib/python3.12/site-packages/airflow/example_dags/example_latest_only_with_trigger.py
[2026-09-25T16:58:33.391+0000] {processor.py:925} INFO - DAG(s) 'latest_only_with_trigger' retrieved from /home/airflow/.local/lib/python3.12/site-packages/airflow/example_dags/example_latest_only_with_trigger.py
[2026-09-25T16:58:33.491+0000] {logging_mixin.py:190} INFO - [2026-09-25T16:58:33.490+0000] {dag.py:3239} INFO - Sync 1 DAGs
[2026-09-25T16:58:33.569+0000] {logging_mixin.py:190} INFO - [2026-09-25T16:58:33.569+0000] {dag.py:4180} INFO - Setting next_dagrun for latest_only_with_trigger to 2026-09-25 12:00:00+00:00, run_after=2026-09-25 16:00:00+00:00
[2026-09-25T16:58:33.625+0000] {processor.py:208} INFO - Processing /home/airflow/.local/lib/python3.12/site-packages/airflow/example_dags/example_latest_only_with_trigger.py took 0.386 seconds
[2026-09-25T16:59:03.981+0000] {processor.py:186} INFO - Started process (PID=234) to work on /home/airflow/.local/lib/python3.12/site-packages/airflow/example_dags/example_latest_only_with_trigger.py
[2026-09-25T16:59:03.992+0000] {processor.py:914} INFO - Processing file /home/airflow/.local/lib/python3.12/site-packages/airflow/example_dags/example_latest_only_with_trigger.py for tasks to queue
[2026-09-25T16:59:04.001+0000] {logging_mixin.py:190} INFO - [2026-09-25T16:59:03.998+0000] {dagbag.py:588} INFO - Filling up the DagBag from /home/airflow/.local/lib/python3.12/site-packages/airflow/example_dags/example_latest_only_with_trigger.py
[2026-09-25T16:59:04.113+0000] {processor.py:925} INFO - DAG(s) 'latest_only_with_trigger' retrieved from /home/airflow/.local/lib/python3.12/site-packages/airflow/example_dags/example_latest_only_with_trigger.py
[2026-09-25T16:59:04.325+0000] {logging_mixin.py:190} INFO - [2026-09-25T16:59:04.324+0000] {dag.py:3239} INFO - Sync 1 DAGs
[2026-09-25T16:59:04.496+0000] {logging_mixin.py:190} INFO - [2026-09-25T16:59:04.496+0000] {dag.py:4180} INFO - Setting next_dagrun for latest_only_with_trigger to 2026-09-25 12:00:00+00:00, run_after=2026-09-25 16:00:00+00:00
[2026-09-25T16:59:04.556+0000] {processor.py:208} INFO - Processing /home/airflow/.local/lib/python3.12/site-packages/airflow/example_dags/example_latest_only_with_trigger.py took 0.643 seconds
[2026-09-25T16:59:50.448+0000] {processor.py:186} INFO - Started process (PID=297) to work on /home/airflow/.local/lib/python3.12/site-packages/airflow/example_dags/example_latest_only_with_trigger.py
[2026-09-25T16:59:50.459+0000] {processor.py:914} INFO - Processing file /home/airflow/.local/lib/python3.12/site-packages/airflow/example_dags/example_latest_only_with_trigger.py for tasks to queue
[2026-09-25T16:59:50.471+0000] {logging_mixin.py:190} INFO - [2026-09-25T16:59:50.471+0000] {dagbag.py:588} INFO - Filling up the DagBag from /home/airflow/.local/lib/python3.12/site-packages/airflow/example_dags/example_latest_only_with_trigger.py
[2026-09-25T16:59:50.523+0000] {processor.py:925} INFO - DAG(s) 'latest_only_with_trigger' retrieved from /home/airflow/.local/lib/python3.12/site-packages/airflow/example_dags/example_latest_only_with_trigger.py
[2026-09-25T16:59:50.637+0000] {logging_mixin.py:190} INFO - [2026-09-25T16:59:50.637+0000] {dag.py:3239} INFO - Sync 1 DAGs
[2026-09-25T16:59:50.722+0000] {logging_mixin.py:190} INFO - [2026-09-25T16:59:50.721+0000] {dag.py:4180} INFO - Setting next_dagrun for latest_only_with_trigger to 2026-09-25 12:00:00+00:00, run_after=2026-09-25 16:00:00+00:00
[2026-09-25T16:59:50.772+0000] {processor.py:208} INFO - Processing /home/airflow/.local/lib/python3.12/site-packages/airflow/example_dags/example_latest_only_with_trigger.py took 0.345 seconds
[2026-09-25T17:00:21.176+0000] {processor.py:186} INFO - Started process (PID=360) to work on /home/airflow/.local/lib/python3.12/site-packages/airflow/example_dags/example_latest_only_with_trigger.py
[2026-09-25T17:00:21.180+0000] {processor.py:914} INFO - Processing file /home/airflow/.local/lib/python3.12/site-packages/airflow/example_dags/example_latest_only_with_trigger.py for tasks to queue
[2026-09-25T17:00:21.197+0000] {logging_mixin.py:190} INFO - [2026-09-25T17:00:21.194+0000] {dagbag.py:588} INFO - Filling up the DagBag from /home/airflow/.local/lib/python3.12/site-packages/airflow/example_dags/example_latest_only_with_trigger.py
[2026-09-25T17:00:21.218+0000] {processor.py:925} INFO - DAG(s) 'latest_only_with_trigger' retrieved from /home/airflow/.local/lib/python3.12/site-packages/airflow/example_dags/example_latest_only_with_trigger.py
[2026-09-25T17:00:21.285+0000] {logging_mixin.py:190} INFO - [2026-09-25T17:00:21.285+0000] {dag.py:3239} INFO - Sync 1 DAGs
[2026-09-25T17:00:21.360+0000] {logging_mixin.py:190} INFO - [2026-09-25T17:00:21.359+0000] {dag.py:4180} INFO - Setting next_dagrun for latest_only_with_trigger to 2026-09-25 12:00:00+00:00, run_after=2026-09-25 16:00:00+00:00
[2026-09-25T17:00:21.406+0000] {processor.py:208} INFO - Processing /home/airflow/.local/lib/python3.12/site-packages/airflow/example_dags/example_latest_only_with_trigger.py took 0.256 seconds
[2026-09-25T17:00:54.714+0000] {processor.py:186} INFO - Started process (PID=424) to work on /home/airflow/.local/lib/python3.12/site-packages/airflow/example_dags/example_latest_only_with_trigger.py
[2026-09-25T17:00:54.717+0000] {processor.py:914} INFO - Processing file /home/airflow/.local/lib/python3.12/site-packages/airflow/example_dags/example_latest_only_with_trigger.py for tasks to queue
[2026-09-25T17:00:54.723+0000] {logging_mixin.py:190} INFO - [2026-09-25T17:00:54.722+0000] {dagbag.py:588} INFO - Filling up the DagBag from /home/airflow/.local/lib/python3.12/site-packages/airflow/example_dags/example_latest_only_with_trigger.py
[2026-09-25T17:00:54.740+0000] {processor.py:925} INFO - DAG(s) 'latest_only_with_trigger' retrieved from /home/airflow/.local/lib/python3.12/site-packages/airflow/example_dags/example_latest_only_with_trigger.py
[2026-09-25T17:00:54.779+0000] {logging_mixin.py:190} INFO - [2026-09-25T17:00:54.779+0000] {dag.py:3239} INFO - Sync 1 DAGs
[2026-09-25T17:00:54.894+0000] {logging_mixin.py:190} INFO - [2026-09-25T17:00:54.893+0000] {dag.py:4180} INFO - Setting next_dagrun for latest_only_with_trigger to 2026-09-25 12:00:00+00:00, run_after=2026-09-25 16:00:00+00:00
[2026-09-25T17:00:54.966+0000] {processor.py:208} INFO - Processing /home/airflow/.local/lib/python3.12/site-packages/airflow/example_dags/example_latest_only_with_trigger.py took 0.274 seconds
[2026-09-25T17:01:27.257+0000] {processor.py:186} INFO - Started process (PID=486) to work on /home/airflow/.local/lib/python3.12/site-packages/airflow/example_dags/example_latest_only_with_trigger.py
[2026-09-25T17:01:27.263+0000] {processor.py:914} INFO - Processing file /home/airflow/.local/lib/python3.12/site-packages/airflow/example_dags/example_latest_only_with_trigger.py for tasks to queue
[2026-09-25T17:01:27.268+0000] {logging_mixin.py:190} INFO - [2026-09-25T17:01:27.267+0000] {dagbag.py:588} INFO - Filling up the DagBag from /home/airflow/.local/lib/python3.12/site-packages/airflow/example_dags/example_latest_only_with_trigger.py
[2026-09-25T17:01:27.287+0000] {processor.py:925} INFO - DAG(s) 'latest_only_with_trigger' retrieved from /home/airflow/.local/lib/python3.12/site-packages/airflow/example_dags/example_latest_only_with_trigger.py
[2026-09-25T17:01:27.349+0000] {logging_mixin.py:190} INFO - [2026-09-25T17:01:27.349+0000] {dag.py:3239} INFO - Sync 1 DAGs
[2026-09-25T17:01:27.416+0000] {logging_mixin.py:190} INFO - [2026-09-25T17:01:27.416+0000] {dag.py:4180} INFO - Setting next_dagrun for latest_only_with_trigger to 2026-09-25 12:00:00+00:00, run_after=2026-09-25 16:00:00+00:00
[2026-09-25T17:01:27.479+0000] {processor.py:208} INFO - Processing /home/airflow/.local/lib/python3.12/site-packages/airflow/example_dags/example_latest_only_with_trigger.py took 0.235 seconds
[2026-09-25T17:02:00.022+0000] {processor.py:186} INFO - Started process (PID=549) to work on /home/airflow/.local/lib/python3.12/site-packages/airflow/example_dags/example_latest_only_with_trigger.py
[2026-09-25T17:02:00.024+0000] {processor.py:914} INFO - Processing file /home/airflow/.local/lib/python3.12/site-packages/airflow/example_dags/example_latest_only_with_trigger.py for tasks to queue
[2026-09-25T17:02:00.030+0000] {logging_mixin.py:190} INFO - [2026-09-25T17:02:00.029+0000] {dagbag.py:588} INFO - Filling up the DagBag from /home/airflow/.local/lib/python3.12/site-packages/airflow/example_dags/example_latest_only_with_trigger.py
[2026-09-25T17:02:00.053+0000] {processor.py:925} INFO - DAG(s) 'latest_only_with_trigger' retrieved from /home/airflow/.local/lib/python3.12/site-packages/airflow/example_dags/example_latest_only_with_trigger.py
[2026-09-25T17:02:00.117+0000] {logging_mixin.py:190} INFO - [2026-09-25T17:02:00.116+0000] {dag.py:3239} INFO - Sync 1 DAGs
[2026-09-25T17:02:00.184+0000] {logging_mixin.py:190} INFO - [2026-09-25T17:02:00.183+0000] {dag.py:4180} INFO - Setting next_dagrun for latest_only_with_trigger to 2026-09-25 12:00:00+00:00, run_after=2026-09-25 16:00:00+00:00
[2026-09-25T17:02:00.230+0000] {processor.py:208} INFO - Processing /home/airflow/.local/lib/python3.12/site-packages/airflow/example_dags/example_latest_only_with_trigger.py took 0.222 seconds
[2026-09-25T17:02:38.102+0000] {processor.py:186} INFO - Started process (PID=618) to work on /home/airflow/.local/lib/python3.12/site-packages/airflow/example_dags/example_latest_only_with_trigger.py
[2026-09-25T17:02:38.104+0000] {processor.py:914} INFO - Processing file /home/airflow/.local/lib/python3.12/site-packages/airflow/example_dags/example_latest_only_with_trigger.py for tasks to queue
[2026-09-25T17:02:38.108+0000] {logging_mixin.py:190} INFO - [2026-09-25T17:02:38.108+0000] {dagbag.py:588} INFO - Filling up the DagBag from /home/airflow/.local/lib/python3.12/site-packages/airflow/example_dags/example_latest_only_with_trigger.py
[2026-09-25T17:02:38.122+0000] {processor.py:925} INFO - DAG(s) 'latest_only_with_trigger' retrieved from /home/airflow/.local/lib/python3.12/site-packages/airflow/example_dags/example_latest_only_with_trigger.py
[2026-09-25T17:02:38.173+0000] {logging_mixin.py:190} INFO - [2026-09-25T17:02:38.173+0000] {dag.py:3239} INFO - Sync 1 DAGs
[2026-09-25T17:02:38.223+0000] {logging_mixin.py:190} INFO - [2026-09-25T17:02:38.223+0000] {dag.py:4180} INFO - Setting next_dagrun for latest_only_with_trigger to 2026-09-25 12:00:00+00:00, run_after=2026-09-25 16:00:00+00:00
[2026-09-25T17:02:38.266+0000] {processor.py:208} INFO - Processing /home/airflow/.local/lib/python3.12/site-packages/airflow/example_dags/example_latest_only_with_trigger.py took 0.191 seconds
[2026-09-25T17:03:08.885+0000] {processor.py:186} INFO - Started process (PID=681) to work on /home/airflow/.local/lib/python3.12/site-packages/airflow/example_dags/example_latest_only_with_trigger.py
[2026-09-25T17:03:08.887+0000] {processor.py:914} INFO - Processing file /home/airflow/.local/lib/python3.12/site-packages/airflow/example_dags/example_latest_only_with_trigger.py for tasks to queue
[2026-09-25T17:03:08.891+0000] {logging_mixin.py:190} INFO - [2026-09-25T17:03:08.891+0000] {dagbag.py:588} INFO - Filling up the DagBag from /home/airflow/.local/lib/python3.12/site-packages/airflow/example_dags/example_latest_only_with_trigger.py
[2026-09-25T17:03:08.911+0000] {processor.py:925} INFO - DAG(s) 'latest_only_with_trigger' retrieved from /home/airflow/.local/lib/python3.12/site-packages/airflow/example_dags/example_latest_only_with_trigger.py
[2026-09-25T17:03:08.960+0000] {logging_mixin.py:190} INFO - [2026-09-25T17:03:08.960+0000] {dag.py:3239} INFO - Sync 1 DAGs
[2026-09-25T17:03:09.034+0000] {logging_mixin.py:190} INFO - [2026-09-25T17:03:09.033+0000] {dag.py:4180} INFO - Setting next_dagrun for latest_only_with_trigger to 2026-09-25 12:00:00+00:00, run_after=2026-09-25 16:00:00+00:00
[2026-09-25T17:03:09.087+0000] {processor.py:208} INFO - Processing /home/airflow/.local/lib/python3.12/site-packages/airflow/example_dags/example_latest_only_with_trigger.py took 0.213 seconds
[2026-09-25T17:03:41.304+0000] {processor.py:186} INFO - Started process (PID=744) to work on /home/airflow/.local/lib/python3.12/site-packages/airflow/example_dags/example_latest_only_with_trigger.py
[2026-09-25T17:03:41.314+0000] {processor.py:914} INFO - Processing file /home/airflow/.local/lib/python3.12/site-packages/airflow/example_dags/example_latest_only_with_trigger.py for tasks to queue
[2026-09-25T17:03:41.326+0000] {logging_mixin.py:190} INFO - [2026-09-25T17:03:41.324+0000] {dagbag.py:588} INFO - Filling up the DagBag from /home/airflow/.local/lib/python3.12/site-packages/airflow/example_dags/example_latest_only_with_trigger.py
[2026-09-25T17:03:41.416+0000] {processor.py:925} INFO - DAG(s) 'latest_only_with_trigger' retrieved from /home/airflow/.local/lib/python3.12/site-packages/airflow/example_dags/example_latest_only_with_trigger.py
[2026-09-25T17:03:41.604+0000] {logging_mixin.py:190} INFO - [2026-09-25T17:03:41.603+0000] {dag.py:3239} INFO - Sync 1 DAGs
[2026-09-25T17:03:41.685+0000] {logging_mixin.py:190} INFO - [2026-09-25T17:03:41.684+0000] {dag.py:4180} INFO - Setting next_dagrun for latest_only_with_trigger to 2026-09-25 12:00:00+00:00, run_after=2026-09-25 16:00:00+00:00
[2026-09-25T17:03:41.767+0000] {processor.py:208} INFO - Processing /home/airflow/.local/lib/python3.12/site-packages/airflow/example_dags/example_latest_only_with_trigger.py took 0.486 seconds
[2026-09-25T17:04:13.360+0000] {processor.py:186} INFO - Started process (PID=807) to work on /home/airflow/.local/lib/python3.12/site-packages/airflow/example_dags/example_latest_only_with_trigger.py
[2026-09-25T17:04:13.363+0000] {processor.py:914} INFO - Processing file /home/airflow/.local/lib/python3.12/site-packages/airflow/example_dags/example_latest_only_with_trigger.py for tasks to queue
[2026-09-25T17:04:13.371+0000] {logging_mixin.py:190} INFO - [2026-09-25T17:04:13.368+0000] {dagbag.py:588} INFO - Filling up the DagBag from /home/airflow/.local/lib/python3.12/site-packages/airflow/example_dags/example_latest_only_with_trigger.py
[2026-09-25T17:04:13.388+0000] {processor.py:925} INFO - DAG(s) 'latest_only_with_trigger' retrieved from /home/airflow/.local/lib/python3.12/site-packages/airflow/example_dags/example_latest_only_with_trigger.py
[2026-09-25T17:04:13.435+0000] {logging_mixin.py:190} INFO - [2026-09-25T17:04:13.435+0000] {dag.py:3239} INFO - Sync 1 DAGs
[2026-09-25T17:04:13.485+0000] {logging_mixin.py:190} INFO - [2026-09-25T17:04:13.485+0000] {dag.py:4180} INFO - Setting next_dagrun for latest_only_with_trigger to 2026-09-25 12:00:00+00:00, run_after=2026-09-25 16:00:00+00:00
[2026-09-25T17:04:13.520+0000] {processor.py:208} INFO - Processing /home/airflow/.local/lib/python3.12/site-packages/airflow/example_dags/example_latest_only_with_trigger.py took 0.174 seconds
[2026-09-25T17:04:56.100+0000] {processor.py:186} INFO - Started process (PID=868) to work on /home/airflow/.local/lib/python3.12/site-packages/airflow/example_dags/example_latest_only_with_trigger.py
[2026-09-25T17:04:56.102+0000] {processor.py:914} INFO - Processing file /home/airflow/.local/lib/python3.12/site-packages/airflow/example_dags/example_latest_only_with_trigger.py for tasks to queue
[2026-09-25T17:04:56.108+0000] {logging_mixin.py:190} INFO - [2026-09-25T17:04:56.108+0000] {dagbag.py:588} INFO - Filling up the DagBag from /home/airflow/.local/lib/python3.12/site-packages/airflow/example_dags/example_latest_only_with_trigger.py
[2026-09-25T17:04:56.129+0000] {processor.py:925} INFO - DAG(s) 'latest_only_with_trigger' retrieved from /home/airflow/.local/lib/python3.12/site-packages/airflow/example_dags/example_latest_only_with_trigger.py
[2026-09-25T17:04:56.183+0000] {logging_mixin.py:190} INFO - [2026-09-25T17:04:56.183+0000] {dag.py:3239} INFO - Sync 1 DAGs
[2026-09-25T17:04:56.268+0000] {logging_mixin.py:190} INFO - [2026-09-25T17:04:56.267+0000] {dag.py:4180} INFO - Setting next_dagrun for latest_only_with_trigger to 2026-09-25 12:00:00+00:00, run_after=2026-09-25 16:00:00+00:00
[2026-09-25T17:04:56.314+0000] {processor.py:208} INFO - Processing /home/airflow/.local/lib/python3.12/site-packages/airflow/example_dags/example_latest_only_with_trigger.py took 0.231 seconds
[2026-09-25T17:05:32.367+0000] {processor.py:186} INFO - Started process (PID=930) to work on /home/airflow/.local/lib/python3.12/site-packages/airflow/example_dags/example_latest_only_with_trigger.py
[2026-09-25T17:05:32.369+0000] {processor.py:914} INFO - Processing file /home/airflow/.local/lib/python3.12/site-packages/airflow/example_dags/example_latest_only_with_trigger.py for tasks to queue
[2026-09-25T17:05:32.376+0000] {logging_mixin.py:190} INFO - [2026-09-25T17:05:32.375+0000] {dagbag.py:588} INFO - Filling up the DagBag from /home/airflow/.local/lib/python3.12/site-packages/airflow/example_dags/example_latest_only_with_trigger.py
[2026-09-25T17:05:32.398+0000] {processor.py:925} INFO - DAG(s) 'latest_only_with_trigger' retrieved from /home/airflow/.local/lib/python3.12/site-packages/airflow/example_dags/example_latest_only_with_trigger.py
[2026-09-25T17:05:32.457+0000] {logging_mixin.py:190} INFO - [2026-09-25T17:05:32.456+0000] {dag.py:3239} INFO - Sync 1 DAGs
[2026-09-25T17:05:32.532+0000] {logging_mixin.py:190} INFO - [2026-09-25T17:05:32.531+0000] {dag.py:4180} INFO - Setting next_dagrun for latest_only_with_trigger to 2026-09-25 12:00:00+00:00, run_after=2026-09-25 16:00:00+00:00
[2026-09-25T17:05:32.581+0000] {processor.py:208} INFO - Processing /home/airflow/.local/lib/python3.12/site-packages/airflow/example_dags/example_latest_only_with_trigger.py took 0.228 seconds
[2026-09-25T17:06:05.669+0000] {processor.py:186} INFO - Started process (PID=1003) to work on /home/airflow/.local/lib/python3.12/site-packages/airflow/example_dags/example_latest_only_with_trigger.py
[2026-09-25T17:06:05.672+0000] {processor.py:914} INFO - Processing file /home/airflow/.local/lib/python3.12/site-packages/airflow/example_dags/example_latest_only_with_trigger.py for tasks to queue
[2026-09-25T17:06:05.678+0000] {logging_mixin.py:190} INFO - [2026-09-25T17:06:05.678+0000] {dagbag.py:588} INFO - Filling up the DagBag from /home/airflow/.local/lib/python3.12/site-packages/airflow/example_dags/example_latest_only_with_trigger.py
[2026-09-25T17:06:05.701+0000] {processor.py:925} INFO - DAG(s) 'latest_only_with_trigger' retrieved from /home/airflow/.local/lib/python3.12/site-packages/airflow/example_dags/example_latest_only_with_trigger.py
[2026-09-25T17:06:05.749+0000] {logging_mixin.py:190} INFO - [2026-09-25T17:06:05.748+0000] {dag.py:3239} INFO - Sync 1 DAGs
[2026-09-25T17:06:05.816+0000] {logging_mixin.py:190} INFO - [2026-09-25T17:06:05.815+0000] {dag.py:4180} INFO - Setting next_dagrun for latest_only_with_trigger to 2026-09-25 12:00:00+00:00, run_after=2026-09-25 16:00:00+00:00
[2026-09-25T17:06:05.857+0000] {processor.py:208} INFO - Processing /home/airflow/.local/lib/python3.12/site-packages/airflow/example_dags/example_latest_only_with_trigger.py took 0.205 seconds
[2026-09-25T17:06:47.112+0000] {processor.py:186} INFO - Started process (PID=1069) to work on /home/airflow/.local/lib/python3.12/site-packages/airflow/example_dags/example_latest_only_with_trigger.py
[2026-09-25T17:06:47.115+0000] {processor.py:914} INFO - Processing file /home/airflow/.local/lib/python3.12/site-packages/airflow/example_dags/example_latest_only_with_trigger.py for tasks to queue
[2026-09-25T17:06:47.123+0000] {logging_mixin.py:190} INFO - [2026-09-25T17:06:47.122+0000] {dagbag.py:588} INFO - Filling up the DagBag from /home/airflow/.local/lib/python3.12/site-packages/airflow/example_dags/example_latest_only_with_trigger.py
[2026-09-25T17:06:47.143+0000] {processor.py:925} INFO - DAG(s) 'latest_only_with_trigger' retrieved from /home/airflow/.local/lib/python3.12/site-packages/airflow/example_dags/example_latest_only_with_trigger.py
[2026-09-25T17:06:47.231+0000] {logging_mixin.py:190} INFO - [2026-09-25T17:06:47.230+0000] {dag.py:3239} INFO - Sync 1 DAGs
[2026-09-25T17:06:47.307+0000] {logging_mixin.py:190} INFO - [2026-09-25T17:06:47.306+0000] {dag.py:4180} INFO - Setting next_dagrun for latest_only_with_trigger to 2026-09-25 12:00:00+00:00, run_after=2026-09-25 16:00:00+00:00
[2026-09-25T17:06:47.355+0000] {processor.py:208} INFO - Processing /home/airflow/.local/lib/python3.12/site-packages/airflow/example_dags/example_latest_only_with_trigger.py took 0.258 seconds
[2026-09-25T17:07:18.034+0000] {processor.py:186} INFO - Started process (PID=1130) to work on /home/airflow/.local/lib/python3.12/site-packages/airflow/example_dags/example_latest_only_with_trigger.py
[2026-09-25T17:07:18.037+0000] {processor.py:914} INFO - Processing file /home/airflow/.local/lib/python3.12/site-packages/airflow/example_dags/example_latest_only_with_trigger.py for tasks to queue
[2026-09-25T17:07:18.041+0000] {logging_mixin.py:190} INFO - [2026-09-25T17:07:18.040+0000] {dagbag.py:588} INFO - Filling up the DagBag from /home/airflow/.local/lib/python3.12/site-packages/airflow/example_dags/example_latest_only_with_trigger.py
[2026-09-25T17:07:18.057+0000] {processor.py:925} INFO - DAG(s) 'latest_only_with_trigger' retrieved from /home/airflow/.local/lib/python3.12/site-packages/airflow/example_dags/example_latest_only_with_trigger.py
[2026-09-25T17:07:18.094+0000] {logging_mixin.py:190} INFO - [2026-09-25T17:07:18.094+0000] {dag.py:3239} INFO - Sync 1 DAGs
[2026-09-25T17:07:18.137+0000] {logging_mixin.py:190} INFO - [2026-09-25T17:07:18.137+0000] {dag.py:4180} INFO - Setting next_dagrun for latest_only_with_trigger to 2026-09-25 12:00:00+00:00, run_after=2026-09-25 16:00:00+00:00
[2026-09-25T17:07:18.174+0000] {processor.py:208} INFO - Processing /home/airflow/.local/lib/python3.12/site-packages/airflow/example_dags/example_latest_only_with_trigger.py took 0.153 seconds
[2026-09-25T17:07:48.344+0000] {processor.py:186} INFO - Started process (PID=1192) to work on /home/airflow/.local/lib/python3.12/site-packages/airflow/example_dags/example_latest_only_with_trigger.py
[2026-09-25T17:07:48.347+0000] {processor.py:914} INFO - Processing file /home/airflow/.local/lib/python3.12/site-packages/airflow/example_dags/example_latest_only_with_trigger.py for tasks to queue
[2026-09-25T17:07:48.357+0000] {logging_mixin.py:190} INFO - [2026-09-25T17:07:48.354+0000] {dagbag.py:588} INFO - Filling up the DagBag from /home/airflow/.local/lib/python3.12/site-packages/airflow/example_dags/example_latest_only_with_trigger.py
[2026-09-25T17:07:48.392+0000] {processor.py:925} INFO - DAG(s) 'latest_only_with_trigger' retrieved from /home/airflow/.local/lib/python3.12/site-packages/airflow/example_dags/example_latest_only_with_trigger.py
[2026-09-25T17:07:48.439+0000] {logging_mixin.py:190} INFO - [2026-09-25T17:07:48.439+0000] {dag.py:3239} INFO - Sync 1 DAGs
[2026-09-25T17:07:48.486+0000] {logging_mixin.py:190} INFO - [2026-09-25T17:07:48.485+0000] {dag.py:4180} INFO - Setting next_dagrun for latest_only_with_trigger to 2026-09-25 12:00:00+00:00, run_after=2026-09-25 16:00:00+00:00
[2026-09-25T17:07:48.528+0000] {processor.py:208} INFO - Processing /home/airflow/.local/lib/python3.12/site-packages/airflow/example_dags/example_latest_only_with_trigger.py took 0.218 seconds
[2026-09-25T17:08:18.932+0000] {processor.py:186} INFO - Started process (PID=1255) to work on /home/airflow/.local/lib/python3.12/site-packages/airflow/example_dags/example_latest_only_with_trigger.py
[2026-09-25T17:08:18.936+0000] {processor.py:914} INFO - Processing file /home/airflow/.local/lib/python3.12/site-packages/airflow/example_dags/example_latest_only_with_trigger.py for tasks to queue
[2026-09-25T17:08:18.947+0000] {logging_mixin.py:190} INFO - [2026-09-25T17:08:18.946+0000] {dagbag.py:588} INFO - Filling up the DagBag from /home/airflow/.local/lib/python3.12/site-packages/airflow/example_dags/example_latest_only_with_trigger.py
[2026-09-25T17:08:19.010+0000] {processor.py:925} INFO - DAG(s) 'latest_only_with_trigger' retrieved from /home/airflow/.local/lib/python3.12/site-packages/airflow/example_dags/example_latest_only_with_trigger.py
[2026-09-25T17:08:19.174+0000] {logging_mixin.py:190} INFO - [2026-09-25T17:08:19.174+0000] {dag.py:3239} INFO - Sync 1 DAGs
[2026-09-25T17:08:19.264+0000] {logging_mixin.py:190} INFO - [2026-09-25T17:08:19.263+0000] {dag.py:4180} INFO - Setting next_dagrun for latest_only_with_trigger to 2026-09-25 12:00:00+00:00, run_after=2026-09-25 16:00:00+00:00
[2026-09-25T17:08:19.318+0000] {processor.py:208} INFO - Processing /home/airflow/.local/lib/python3.12/site-packages/airflow/example_dags/example_latest_only_with_trigger.py took 0.404 seconds
[2026-09-25T17:08:57.594+0000] {processor.py:186} INFO - Started process (PID=1324) to work on /home/airflow/.local/lib/python3.12/site-packages/airflow/example_dags/example_latest_only_with_trigger.py
[2026-09-25T17:08:57.597+0000] {processor.py:914} INFO - Processing file /home/airflow/.local/lib/python3.12/site-packages/airflow/example_dags/example_latest_only_with_trigger.py for tasks to queue
[2026-09-25T17:08:57.605+0000] {logging_mixin.py:190} INFO - [2026-09-25T17:08:57.604+0000] {dagbag.py:588} INFO - Filling up the DagBag from /home/airflow/.local/lib/python3.12/site-packages/airflow/example_dags/example_latest_only_with_trigger.py
[2026-09-25T17:08:57.623+0000] {processor.py:925} INFO - DAG(s) 'latest_only_with_trigger' retrieved from /home/airflow/.local/lib/python3.12/site-packages/airflow/example_dags/example_latest_only_with_trigger.py
[2026-09-25T17:08:57.688+0000] {logging_mixin.py:190} INFO - [2026-09-25T17:08:57.688+0000] {dag.py:3239} INFO - Sync 1 DAGs
[2026-09-25T17:08:57.759+0000] {logging_mixin.py:190} INFO - [2026-09-25T17:08:57.758+0000] {dag.py:4180} INFO - Setting next_dagrun for latest_only_with_trigger to 2026-09-25 12:00:00+00:00, run_after=2026-09-25 16:00:00+00:00
[2026-09-25T17:08:57.809+0000] {processor.py:208} INFO - Processing /home/airflow/.local/lib/python3.12/site-packages/airflow/example_dags/example_latest_only_with_trigger.py took 0.231 seconds
[2026-09-25T17:09:51.766+0000] {processor.py:186} INFO - Started process (PID=1399) to work on /home/airflow/.local/lib/python3.12/site-packages/airflow/example_dags/example_latest_only_with_trigger.py
[2026-09-25T17:09:51.769+0000] {processor.py:914} INFO - Processing file /home/airflow/.local/lib/python3.12/site-packages/airflow/example_dags/example_latest_only_with_trigger.py for tasks to queue
[2026-09-25T17:09:51.776+0000] {logging_mixin.py:190} INFO - [2026-09-25T17:09:51.776+0000] {dagbag.py:588} INFO - Filling up the DagBag from /home/airflow/.local/lib/python3.12/site-packages/airflow/example_dags/example_latest_only_with_trigger.py
[2026-09-25T17:09:51.797+0000] {processor.py:925} INFO - DAG(s) 'latest_only_with_trigger' retrieved from /home/airflow/.local/lib/python3.12/site-packages/airflow/example_dags/example_latest_only_with_trigger.py
[2026-09-25T17:09:51.897+0000] {logging_mixin.py:190} INFO - [2026-09-25T17:09:51.895+0000] {dag.py:3239} INFO - Sync 1 DAGs
[2026-09-25T17:09:52.070+0000] {logging_mixin.py:190} INFO - [2026-09-25T17:09:52.069+0000] {dag.py:4180} INFO - Setting next_dagrun for latest_only_with_trigger to 2026-09-25 12:00:00+00:00, run_after=2026-09-25 16:00:00+00:00
[2026-09-25T17:09:52.128+0000] {processor.py:208} INFO - Processing /home/airflow/.local/lib/python3.12/site-packages/airflow/example_dags/example_latest_only_with_trigger.py took 0.387 seconds
[2026-09-25T17:11:55.256+0000] {processor.py:186} INFO - Started process (PID=1478) to work on /home/airflow/.local/lib/python3.12/site-packages/airflow/example_dags/example_latest_only_with_trigger.py
[2026-09-25T17:11:55.289+0000] {processor.py:914} INFO - Processing file /home/airflow/.local/lib/python3.12/site-packages/airflow/example_dags/example_latest_only_with_trigger.py for tasks to queue
[2026-09-25T17:11:55.373+0000] {logging_mixin.py:190} INFO - [2026-09-25T17:11:55.354+0000] {dagbag.py:588} INFO - Filling up the DagBag from /home/airflow/.local/lib/python3.12/site-packages/airflow/example_dags/example_latest_only_with_trigger.py
[2026-09-25T17:11:55.489+0000] {processor.py:925} INFO - DAG(s) 'latest_only_with_trigger' retrieved from /home/airflow/.local/lib/python3.12/site-packages/airflow/example_dags/example_latest_only_with_trigger.py
[2026-09-25T17:11:55.850+0000] {logging_mixin.py:190} INFO - [2026-09-25T17:11:55.845+0000] {dag.py:3239} INFO - Sync 1 DAGs
[2026-09-25T17:11:56.625+0000] {logging_mixin.py:190} INFO - [2026-09-25T17:11:56.624+0000] {dag.py:4180} INFO - Setting next_dagrun for latest_only_with_trigger to 2026-09-25 12:00:00+00:00, run_after=2026-09-25 16:00:00+00:00
[2026-09-25T17:11:57.081+0000] {processor.py:208} INFO - Processing /home/airflow/.local/lib/python3.12/site-packages/airflow/example_dags/example_latest_only_with_trigger.py took 1.918 seconds
[2026-09-25T17:14:53.501+0000] {processor.py:186} INFO - Started process (PID=1581) to work on /home/airflow/.local/lib/python3.12/site-packages/airflow/example_dags/example_latest_only_with_trigger.py
[2026-09-25T17:14:53.521+0000] {processor.py:914} INFO - Processing file /home/airflow/.local/lib/python3.12/site-packages/airflow/example_dags/example_latest_only_with_trigger.py for tasks to queue
[2026-09-25T17:14:53.564+0000] {logging_mixin.py:190} INFO - [2026-09-25T17:14:53.552+0000] {dagbag.py:588} INFO - Filling up the DagBag from /home/airflow/.local/lib/python3.12/site-packages/airflow/example_dags/example_latest_only_with_trigger.py
[2026-09-25T17:14:53.661+0000] {processor.py:925} INFO - DAG(s) 'latest_only_with_trigger' retrieved from /home/airflow/.local/lib/python3.12/site-packages/airflow/example_dags/example_latest_only_with_trigger.py
[2026-09-25T17:14:54.025+0000] {logging_mixin.py:190} INFO - [2026-09-25T17:14:54.023+0000] {dag.py:3239} INFO - Sync 1 DAGs
[2026-09-25T17:14:54.211+0000] {logging_mixin.py:190} INFO - [2026-09-25T17:14:54.209+0000] {dag.py:4180} INFO - Setting next_dagrun for latest_only_with_trigger to 2026-09-25 12:00:00+00:00, run_after=2026-09-25 16:00:00+00:00
[2026-09-25T17:14:54.278+0000] {processor.py:208} INFO - Processing /home/airflow/.local/lib/python3.12/site-packages/airflow/example_dags/example_latest_only_with_trigger.py took 0.877 seconds
[2026-09-25T17:15:31.640+0000] {processor.py:186} INFO - Started process (PID=1650) to work on /home/airflow/.local/lib/python3.12/site-packages/airflow/example_dags/example_latest_only_with_trigger.py
[2026-09-25T17:15:31.659+0000] {processor.py:914} INFO - Processing file /home/airflow/.local/lib/python3.12/site-packages/airflow/example_dags/example_latest_only_with_trigger.py for tasks to queue
[2026-09-25T17:15:31.673+0000] {logging_mixin.py:190} INFO - [2026-09-25T17:15:31.672+0000] {dagbag.py:588} INFO - Filling up the DagBag from /home/airflow/.local/lib/python3.12/site-packages/airflow/example_dags/example_latest_only_with_trigger.py
[2026-09-25T17:15:31.707+0000] {processor.py:925} INFO - DAG(s) 'latest_only_with_trigger' retrieved from /home/airflow/.local/lib/python3.12/site-packages/airflow/example_dags/example_latest_only_with_trigger.py
[2026-09-25T17:15:31.810+0000] {logging_mixin.py:190} INFO - [2026-09-25T17:15:31.809+0000] {dag.py:3239} INFO - Sync 1 DAGs
[2026-09-25T17:15:32.255+0000] {logging_mixin.py:190} INFO - [2026-09-25T17:15:32.254+0000] {dag.py:4180} INFO - Setting next_dagrun for latest_only_with_trigger to 2026-09-25 12:00:00+00:00, run_after=2026-09-25 16:00:00+00:00
[2026-09-25T17:15:32.651+0000] {processor.py:208} INFO - Processing /home/airflow/.local/lib/python3.12/site-packages/airflow/example_dags/example_latest_only_with_trigger.py took 1.034 seconds
[2026-09-25T17:16:03.197+0000] {processor.py:186} INFO - Started process (PID=1712) to work on /home/airflow/.local/lib/python3.12/site-packages/airflow/example_dags/example_latest_only_with_trigger.py
[2026-09-25T17:16:03.199+0000] {processor.py:914} INFO - Processing file /home/airflow/.local/lib/python3.12/site-packages/airflow/example_dags/example_latest_only_with_trigger.py for tasks to queue
[2026-09-25T17:16:03.204+0000] {logging_mixin.py:190} INFO - [2026-09-25T17:16:03.204+0000] {dagbag.py:588} INFO - Filling up the DagBag from /home/airflow/.local/lib/python3.12/site-packages/airflow/example_dags/example_latest_only_with_trigger.py
[2026-09-25T17:16:03.242+0000] {processor.py:925} INFO - DAG(s) 'latest_only_with_trigger' retrieved from /home/airflow/.local/lib/python3.12/site-packages/airflow/example_dags/example_latest_only_with_trigger.py
[2026-09-25T17:16:03.293+0000] {logging_mixin.py:190} INFO - [2026-09-25T17:16:03.292+0000] {dag.py:3239} INFO - Sync 1 DAGs
[2026-09-25T17:16:03.375+0000] {logging_mixin.py:190} INFO - [2026-09-25T17:16:03.374+0000] {dag.py:4180} INFO - Setting next_dagrun for latest_only_with_trigger to 2026-09-25 12:00:00+00:00, run_after=2026-09-25 16:00:00+00:00
[2026-09-25T17:16:03.422+0000] {processor.py:208} INFO - Processing /home/airflow/.local/lib/python3.12/site-packages/airflow/example_dags/example_latest_only_with_trigger.py took 0.235 seconds
[2026-09-25T17:16:48.768+0000] {processor.py:186} INFO - Started process (PID=1759) to work on /home/airflow/.local/lib/python3.12/site-packages/airflow/example_dags/example_latest_only_with_trigger.py
[2026-09-25T17:16:48.770+0000] {processor.py:914} INFO - Processing file /home/airflow/.local/lib/python3.12/site-packages/airflow/example_dags/example_latest_only_with_trigger.py for tasks to queue
[2026-09-25T17:16:48.811+0000] {logging_mixin.py:190} INFO - [2026-09-25T17:16:48.811+0000] {dagbag.py:588} INFO - Filling up the DagBag from /home/airflow/.local/lib/python3.12/site-packages/airflow/example_dags/example_latest_only_with_trigger.py
[2026-09-25T17:16:48.847+0000] {processor.py:925} INFO - DAG(s) 'latest_only_with_trigger' retrieved from /home/airflow/.local/lib/python3.12/site-packages/airflow/example_dags/example_latest_only_with_trigger.py
[2026-09-25T17:16:48.934+0000] {logging_mixin.py:190} INFO - [2026-09-25T17:16:48.933+0000] {dag.py:3239} INFO - Sync 1 DAGs
[2026-09-25T17:16:49.402+0000] {logging_mixin.py:190} INFO - [2026-09-25T17:16:49.402+0000] {dag.py:4180} INFO - Setting next_dagrun for latest_only_with_trigger to 2026-09-25 12:00:00+00:00, run_after=2026-09-25 16:00:00+00:00
[2026-09-25T17:16:49.456+0000] {processor.py:208} INFO - Processing /home/airflow/.local/lib/python3.12/site-packages/airflow/example_dags/example_latest_only_with_trigger.py took 0.700 seconds
[2026-09-25T17:17:20.939+0000] {processor.py:186} INFO - Started process (PID=1821) to work on /home/airflow/.local/lib/python3.12/site-packages/airflow/example_dags/example_latest_only_with_trigger.py
[2026-09-25T17:17:20.943+0000] {processor.py:914} INFO - Processing file /home/airflow/.local/lib/python3.12/site-packages/airflow/example_dags/example_latest_only_with_trigger.py for tasks to queue
[2026-09-25T17:17:20.949+0000] {logging_mixin.py:190} INFO - [2026-09-25T17:17:20.949+0000] {dagbag.py:588} INFO - Filling up the DagBag from /home/airflow/.local/lib/python3.12/site-packages/airflow/example_dags/example_latest_only_with_trigger.py
[2026-09-25T17:17:20.970+0000] {processor.py:925} INFO - DAG(s) 'latest_only_with_trigger' retrieved from /home/airflow/.local/lib/python3.12/site-packages/airflow/example_dags/example_latest_only_with_trigger.py
[2026-09-25T17:17:21.023+0000] {logging_mixin.py:190} INFO - [2026-09-25T17:17:21.023+0000] {dag.py:3239} INFO - Sync 1 DAGs
[2026-09-25T17:17:21.083+0000] {logging_mixin.py:190} INFO - [2026-09-25T17:17:21.082+0000] {dag.py:4180} INFO - Setting next_dagrun for latest_only_with_trigger to 2026-09-25 12:00:00+00:00, run_after=2026-09-25 16:00:00+00:00
[2026-09-25T17:17:21.145+0000] {processor.py:208} INFO - Processing /home/airflow/.local/lib/python3.12/site-packages/airflow/example_dags/example_latest_only_with_trigger.py took 0.228 seconds
[2026-09-25T17:17:56.714+0000] {processor.py:186} INFO - Started process (PID=1884) to work on /home/airflow/.local/lib/python3.12/site-packages/airflow/example_dags/example_latest_only_with_trigger.py
[2026-09-25T17:17:56.717+0000] {processor.py:914} INFO - Processing file /home/airflow/.local/lib/python3.12/site-packages/airflow/example_dags/example_latest_only_with_trigger.py for tasks to queue
[2026-09-25T17:17:56.734+0000] {logging_mixin.py:190} INFO - [2026-09-25T17:17:56.733+0000] {dagbag.py:588} INFO - Filling up the DagBag from /home/airflow/.local/lib/python3.12/site-packages/airflow/example_dags/example_latest_only_with_trigger.py
[2026-09-25T17:17:56.771+0000] {processor.py:925} INFO - DAG(s) 'latest_only_with_trigger' retrieved from /home/airflow/.local/lib/python3.12/site-packages/airflow/example_dags/example_latest_only_with_trigger.py
[2026-09-25T17:17:56.847+0000] {logging_mixin.py:190} INFO - [2026-09-25T17:17:56.846+0000] {dag.py:3239} INFO - Sync 1 DAGs
[2026-09-25T17:17:56.913+0000] {logging_mixin.py:190} INFO - [2026-09-25T17:17:56.912+0000] {dag.py:4180} INFO - Setting next_dagrun for latest_only_with_trigger to 2026-09-25 12:00:00+00:00, run_after=2026-09-25 16:00:00+00:00
[2026-09-25T17:17:56.964+0000] {processor.py:208} INFO - Processing /home/airflow/.local/lib/python3.12/site-packages/airflow/example_dags/example_latest_only_with_trigger.py took 0.262 seconds
[2026-09-25T17:18:33.880+0000] {processor.py:186} INFO - Started process (PID=1956) to work on /home/airflow/.local/lib/python3.12/site-packages/airflow/example_dags/example_latest_only_with_trigger.py
[2026-09-25T17:18:33.883+0000] {processor.py:914} INFO - Processing file /home/airflow/.local/lib/python3.12/site-packages/airflow/example_dags/example_latest_only_with_trigger.py for tasks to queue
[2026-09-25T17:18:33.888+0000] {logging_mixin.py:190} INFO - [2026-09-25T17:18:33.887+0000] {dagbag.py:588} INFO - Filling up the DagBag from /home/airflow/.local/lib/python3.12/site-packages/airflow/example_dags/example_latest_only_with_trigger.py
[2026-09-25T17:18:33.905+0000] {processor.py:925} INFO - DAG(s) 'latest_only_with_trigger' retrieved from /home/airflow/.local/lib/python3.12/site-packages/airflow/example_dags/example_latest_only_with_trigger.py
[2026-09-25T17:18:33.965+0000] {logging_mixin.py:190} INFO - [2026-09-25T17:18:33.964+0000] {dag.py:3239} INFO - Sync 1 DAGs
[2026-09-25T17:18:34.318+0000] {logging_mixin.py:190} INFO - [2026-09-25T17:18:34.295+0000] {dag.py:4180} INFO - Setting next_dagrun for latest_only_with_trigger to 2026-09-25 12:00:00+00:00, run_after=2026-09-25 16:00:00+00:00
[2026-09-25T17:18:34.378+0000] {processor.py:208} INFO - Processing /home/airflow/.local/lib/python3.12/site-packages/airflow/example_dags/example_latest_only_with_trigger.py took 0.511 seconds
[2026-09-25T17:19:08.293+0000] {processor.py:186} INFO - Started process (PID=2019) to work on /home/airflow/.local/lib/python3.12/site-packages/airflow/example_dags/example_latest_only_with_trigger.py
[2026-09-25T17:19:08.296+0000] {processor.py:914} INFO - Processing file /home/airflow/.local/lib/python3.12/site-packages/airflow/example_dags/example_latest_only_with_trigger.py for tasks to queue
[2026-09-25T17:19:08.302+0000] {logging_mixin.py:190} INFO - [2026-09-25T17:19:08.301+0000] {dagbag.py:588} INFO - Filling up the DagBag from /home/airflow/.local/lib/python3.12/site-packages/airflow/example_dags/example_latest_only_with_trigger.py
[2026-09-25T17:19:08.318+0000] {processor.py:925} INFO - DAG(s) 'latest_only_with_trigger' retrieved from /home/airflow/.local/lib/python3.12/site-packages/airflow/example_dags/example_latest_only_with_trigger.py
[2026-09-25T17:19:08.376+0000] {logging_mixin.py:190} INFO - [2026-09-25T17:19:08.375+0000] {dag.py:3239} INFO - Sync 1 DAGs
[2026-09-25T17:19:08.451+0000] {logging_mixin.py:190} INFO - [2026-09-25T17:19:08.450+0000] {dag.py:4180} INFO - Setting next_dagrun for latest_only_with_trigger to 2026-09-25 12:00:00+00:00, run_after=2026-09-25 16:00:00+00:00
[2026-09-25T17:19:08.495+0000] {processor.py:208} INFO - Processing /home/airflow/.local/lib/python3.12/site-packages/airflow/example_dags/example_latest_only_with_trigger.py took 0.216 seconds
[2026-09-25T17:19:44.967+0000] {processor.py:186} INFO - Started process (PID=2082) to work on /home/airflow/.local/lib/python3.12/site-packages/airflow/example_dags/example_latest_only_with_trigger.py
[2026-09-25T17:19:44.977+0000] {processor.py:914} INFO - Processing file /home/airflow/.local/lib/python3.12/site-packages/airflow/example_dags/example_latest_only_with_trigger.py for tasks to queue
[2026-09-25T17:19:45.025+0000] {logging_mixin.py:190} INFO - [2026-09-25T17:19:45.024+0000] {dagbag.py:588} INFO - Filling up the DagBag from /home/airflow/.local/lib/python3.12/site-packages/airflow/example_dags/example_latest_only_with_trigger.py
[2026-09-25T17:19:45.074+0000] {processor.py:925} INFO - DAG(s) 'latest_only_with_trigger' retrieved from /home/airflow/.local/lib/python3.12/site-packages/airflow/example_dags/example_latest_only_with_trigger.py
[2026-09-25T17:19:45.247+0000] {logging_mixin.py:190} INFO - [2026-09-25T17:19:45.246+0000] {dag.py:3239} INFO - Sync 1 DAGs
[2026-09-25T17:19:45.409+0000] {logging_mixin.py:190} INFO - [2026-09-25T17:19:45.408+0000] {dag.py:4180} INFO - Setting next_dagrun for latest_only_with_trigger to 2026-09-25 12:00:00+00:00, run_after=2026-09-25 16:00:00+00:00
[2026-09-25T17:19:45.565+0000] {processor.py:208} INFO - Processing /home/airflow/.local/lib/python3.12/site-packages/airflow/example_dags/example_latest_only_with_trigger.py took 0.667 seconds
[2026-09-25T17:20:26.495+0000] {processor.py:186} INFO - Started process (PID=2145) to work on /home/airflow/.local/lib/python3.12/site-packages/airflow/example_dags/example_latest_only_with_trigger.py
[2026-09-25T17:20:26.594+0000] {processor.py:914} INFO - Processing file /home/airflow/.local/lib/python3.12/site-packages/airflow/example_dags/example_latest_only_with_trigger.py for tasks to queue
[2026-09-25T17:20:26.647+0000] {logging_mixin.py:190} INFO - [2026-09-25T17:20:26.646+0000] {dagbag.py:588} INFO - Filling up the DagBag from /home/airflow/.local/lib/python3.12/site-packages/airflow/example_dags/example_latest_only_with_trigger.py
[2026-09-25T17:20:26.851+0000] {processor.py:925} INFO - DAG(s) 'latest_only_with_trigger' retrieved from /home/airflow/.local/lib/python3.12/site-packages/airflow/example_dags/example_latest_only_with_trigger.py
[2026-09-25T17:20:27.397+0000] {logging_mixin.py:190} INFO - [2026-09-25T17:20:27.396+0000] {dag.py:3239} INFO - Sync 1 DAGs
[2026-09-25T17:20:28.150+0000] {logging_mixin.py:190} INFO - [2026-09-25T17:20:28.148+0000] {dag.py:4180} INFO - Setting next_dagrun for latest_only_with_trigger to 2026-09-25 12:00:00+00:00, run_after=2026-09-25 16:00:00+00:00
[2026-09-25T17:20:28.326+0000] {processor.py:208} INFO - Processing /home/airflow/.local/lib/python3.12/site-packages/airflow/example_dags/example_latest_only_with_trigger.py took 2.003 seconds
[2026-09-25T17:21:14.431+0000] {processor.py:186} INFO - Started process (PID=2213) to work on /home/airflow/.local/lib/python3.12/site-packages/airflow/example_dags/example_latest_only_with_trigger.py
[2026-09-25T17:21:14.437+0000] {processor.py:914} INFO - Processing file /home/airflow/.local/lib/python3.12/site-packages/airflow/example_dags/example_latest_only_with_trigger.py for tasks to queue
[2026-09-25T17:21:14.447+0000] {logging_mixin.py:190} INFO - [2026-09-25T17:21:14.446+0000] {dagbag.py:588} INFO - Filling up the DagBag from /home/airflow/.local/lib/python3.12/site-packages/airflow/example_dags/example_latest_only_with_trigger.py
[2026-09-25T17:21:14.482+0000] {processor.py:925} INFO - DAG(s) 'latest_only_with_trigger' retrieved from /home/airflow/.local/lib/python3.12/site-packages/airflow/example_dags/example_latest_only_with_trigger.py
[2026-09-25T17:21:14.692+0000] {logging_mixin.py:190} INFO - [2026-09-25T17:21:14.671+0000] {dag.py:3239} INFO - Sync 1 DAGs
[2026-09-25T17:21:14.866+0000] {logging_mixin.py:190} INFO - [2026-09-25T17:21:14.864+0000] {dag.py:4180} INFO - Setting next_dagrun for latest_only_with_trigger to 2026-09-25 12:00:00+00:00, run_after=2026-09-25 16:00:00+00:00
[2026-09-25T17:21:15.067+0000] {processor.py:208} INFO - Processing /home/airflow/.local/lib/python3.12/site-packages/airflow/example_dags/example_latest_only_with_trigger.py took 0.661 seconds
[2026-09-25T17:22:30.314+0000] {processor.py:186} INFO - Started process (PID=2302) to work on /home/airflow/.local/lib/python3.12/site-packages/airflow/example_dags/example_latest_only_with_trigger.py
[2026-09-25T17:22:30.324+0000] {processor.py:914} INFO - Processing file /home/airflow/.local/lib/python3.12/site-packages/airflow/example_dags/example_latest_only_with_trigger.py for tasks to queue
[2026-09-25T17:22:30.363+0000] {logging_mixin.py:190} INFO - [2026-09-25T17:22:30.360+0000] {dagbag.py:588} INFO - Filling up the DagBag from /home/airflow/.local/lib/python3.12/site-packages/airflow/example_dags/example_latest_only_with_trigger.py
[2026-09-25T17:22:30.425+0000] {processor.py:925} INFO - DAG(s) 'latest_only_with_trigger' retrieved from /home/airflow/.local/lib/python3.12/site-packages/airflow/example_dags/example_latest_only_with_trigger.py
[2026-09-25T17:22:30.700+0000] {logging_mixin.py:190} INFO - [2026-09-25T17:22:30.699+0000] {dag.py:3239} INFO - Sync 1 DAGs
[2026-09-25T17:22:31.034+0000] {logging_mixin.py:190} INFO - [2026-09-25T17:22:31.034+0000] {dag.py:4180} INFO - Setting next_dagrun for latest_only_with_trigger to 2026-09-25 12:00:00+00:00, run_after=2026-09-25 16:00:00+00:00
[2026-09-25T17:22:31.125+0000] {processor.py:208} INFO - Processing /home/airflow/.local/lib/python3.12/site-packages/airflow/example_dags/example_latest_only_with_trigger.py took 0.952 seconds
[2026-09-25T17:23:10.190+0000] {processor.py:186} INFO - Started process (PID=2370) to work on /home/airflow/.local/lib/python3.12/site-packages/airflow/example_dags/example_latest_only_with_trigger.py
[2026-09-25T17:23:10.200+0000] {processor.py:914} INFO - Processing file /home/airflow/.local/lib/python3.12/site-packages/airflow/example_dags/example_latest_only_with_trigger.py for tasks to queue
[2026-09-25T17:23:10.218+0000] {logging_mixin.py:190} INFO - [2026-09-25T17:23:10.217+0000] {dagbag.py:588} INFO - Filling up the DagBag from /home/airflow/.local/lib/python3.12/site-packages/airflow/example_dags/example_latest_only_with_trigger.py
[2026-09-25T17:23:10.258+0000] {processor.py:925} INFO - DAG(s) 'latest_only_with_trigger' retrieved from /home/airflow/.local/lib/python3.12/site-packages/airflow/example_dags/example_latest_only_with_trigger.py
[2026-09-25T17:23:10.372+0000] {logging_mixin.py:190} INFO - [2026-09-25T17:23:10.371+0000] {dag.py:3239} INFO - Sync 1 DAGs
[2026-09-25T17:23:10.767+0000] {logging_mixin.py:190} INFO - [2026-09-25T17:23:10.764+0000] {dag.py:4180} INFO - Setting next_dagrun for latest_only_with_trigger to 2026-09-25 12:00:00+00:00, run_after=2026-09-25 16:00:00+00:00
[2026-09-25T17:23:11.092+0000] {processor.py:208} INFO - Processing /home/airflow/.local/lib/python3.12/site-packages/airflow/example_dags/example_latest_only_with_trigger.py took 0.989 seconds
[2026-09-25T17:23:47.193+0000] {processor.py:186} INFO - Started process (PID=2432) to work on /home/airflow/.local/lib/python3.12/site-packages/airflow/example_dags/example_latest_only_with_trigger.py
[2026-09-25T17:23:47.209+0000] {processor.py:914} INFO - Processing file /home/airflow/.local/lib/python3.12/site-packages/airflow/example_dags/example_latest_only_with_trigger.py for tasks to queue
[2026-09-25T17:23:47.225+0000] {logging_mixin.py:190} INFO - [2026-09-25T17:23:47.224+0000] {dagbag.py:588} INFO - Filling up the DagBag from /home/airflow/.local/lib/python3.12/site-packages/airflow/example_dags/example_latest_only_with_trigger.py
[2026-09-25T17:23:47.262+0000] {processor.py:925} INFO - DAG(s) 'latest_only_with_trigger' retrieved from /home/airflow/.local/lib/python3.12/site-packages/airflow/example_dags/example_latest_only_with_trigger.py
[2026-09-25T17:23:47.371+0000] {logging_mixin.py:190} INFO - [2026-09-25T17:23:47.369+0000] {dag.py:3239} INFO - Sync 1 DAGs
[2026-09-25T17:23:47.561+0000] {logging_mixin.py:190} INFO - [2026-09-25T17:23:47.555+0000] {dag.py:4180} INFO - Setting next_dagrun for latest_only_with_trigger to 2026-09-25 12:00:00+00:00, run_after=2026-09-25 16:00:00+00:00
[2026-09-25T17:23:47.711+0000] {processor.py:208} INFO - Processing /home/airflow/.local/lib/python3.12/site-packages/airflow/example_dags/example_latest_only_with_trigger.py took 0.567 seconds
[2026-09-25T17:24:21.364+0000] {processor.py:186} INFO - Started process (PID=2495) to work on /home/airflow/.local/lib/python3.12/site-packages/airflow/example_dags/example_latest_only_with_trigger.py
[2026-09-25T17:24:21.393+0000] {processor.py:914} INFO - Processing file /home/airflow/.local/lib/python3.12/site-packages/airflow/example_dags/example_latest_only_with_trigger.py for tasks to queue
[2026-09-25T17:24:21.439+0000] {logging_mixin.py:190} INFO - [2026-09-25T17:24:21.438+0000] {dagbag.py:588} INFO - Filling up the DagBag from /home/airflow/.local/lib/python3.12/site-packages/airflow/example_dags/example_latest_only_with_trigger.py
[2026-09-25T17:24:21.559+0000] {processor.py:925} INFO - DAG(s) 'latest_only_with_trigger' retrieved from /home/airflow/.local/lib/python3.12/site-packages/airflow/example_dags/example_latest_only_with_trigger.py
[2026-09-25T17:24:21.787+0000] {logging_mixin.py:190} INFO - [2026-09-25T17:24:21.786+0000] {dag.py:3239} INFO - Sync 1 DAGs
[2026-09-25T17:24:21.973+0000] {logging_mixin.py:190} INFO - [2026-09-25T17:24:21.968+0000] {dag.py:4180} INFO - Setting next_dagrun for latest_only_with_trigger to 2026-09-25 12:00:00+00:00, run_after=2026-09-25 16:00:00+00:00
[2026-09-25T17:24:22.462+0000] {processor.py:208} INFO - Processing /home/airflow/.local/lib/python3.12/site-packages/airflow/example_dags/example_latest_only_with_trigger.py took 1.115 seconds
[2026-09-25T17:24:52.698+0000] {processor.py:186} INFO - Started process (PID=2558) to work on /home/airflow/.local/lib/python3.12/site-packages/airflow/example_dags/example_latest_only_with_trigger.py
[2026-09-25T17:24:52.700+0000] {processor.py:914} INFO - Processing file /home/airflow/.local/lib/python3.12/site-packages/airflow/example_dags/example_latest_only_with_trigger.py for tasks to queue
[2026-09-25T17:24:52.709+0000] {logging_mixin.py:190} INFO - [2026-09-25T17:24:52.708+0000] {dagbag.py:588} INFO - Filling up the DagBag from /home/airflow/.local/lib/python3.12/site-packages/airflow/example_dags/example_latest_only_with_trigger.py
[2026-09-25T17:24:52.735+0000] {processor.py:925} INFO - DAG(s) 'latest_only_with_trigger' retrieved from /home/airflow/.local/lib/python3.12/site-packages/airflow/example_dags/example_latest_only_with_trigger.py
[2026-09-25T17:24:52.796+0000] {logging_mixin.py:190} INFO - [2026-09-25T17:24:52.796+0000] {dag.py:3239} INFO - Sync 1 DAGs
[2026-09-25T17:24:52.941+0000] {logging_mixin.py:190} INFO - [2026-09-25T17:24:52.940+0000] {dag.py:4180} INFO - Setting next_dagrun for latest_only_with_trigger to 2026-09-25 12:00:00+00:00, run_after=2026-09-25 16:00:00+00:00
[2026-09-25T17:24:53.063+0000] {processor.py:208} INFO - Processing /home/airflow/.local/lib/python3.12/site-packages/airflow/example_dags/example_latest_only_with_trigger.py took 0.391 seconds
