[2026-09-25T16:17:03.216+0000] {processor.py:186} INFO - Started process (PID=147) to work on /home/airflow/.local/lib/python3.12/site-packages/airflow/example_dags/tutorial_dag.py
[2026-09-25T16:17:03.219+0000] {processor.py:914} INFO - Processing file /home/airflow/.local/lib/python3.12/site-packages/airflow/example_dags/tutorial_dag.py for tasks to queue
[2026-09-25T16:17:03.225+0000] {logging_mixin.py:190} INFO - [2026-09-25T16:17:03.225+0000] {dagbag.py:588} INFO - Filling up the DagBag from /home/airflow/.local/lib/python3.12/site-packages/airflow/example_dags/tutorial_dag.py
[2026-09-25T16:17:03.279+0000] {processor.py:925} INFO - DAG(s) 'tutorial_dag' retrieved from /home/airflow/.local/lib/python3.12/site-packages/airflow/example_dags/tutorial_dag.py
[2026-09-25T16:17:04.169+0000] {logging_mixin.py:190} INFO - [2026-09-25T16:17:04.166+0000] {override.py:1912} INFO - Created Permission View: can read on DAG:tutorial_dag
[2026-09-25T16:17:04.288+0000] {logging_mixin.py:190} INFO - [2026-09-25T16:17:04.287+0000] {override.py:1912} INFO - Created Permission View: can delete on DAG:tutorial_dag
[2026-09-25T16:17:04.339+0000] {logging_mixin.py:190} INFO - [2026-09-25T16:17:04.339+0000] {override.py:1912} INFO - Created Permission View: can edit on DAG:tutorial_dag
[2026-09-25T16:17:04.415+0000] {logging_mixin.py:190} INFO - [2026-09-25T16:17:04.413+0000] {override.py:1912} INFO - Created Permission View: can read on DAG Run:tutorial_dag
[2026-09-25T16:17:04.459+0000] {logging_mixin.py:190} INFO - [2026-09-25T16:17:04.459+0000] {override.py:1912} INFO - Created Permission View: can delete on DAG Run:tutorial_dag
[2026-09-25T16:17:04.598+0000] {logging_mixin.py:190} INFO - [2026-09-25T16:17:04.597+0000] {override.py:1912} INFO - Created Permission View: menu access on DAG Run:tutorial_dag
[2026-09-25T16:17:04.680+0000] {logging_mixin.py:190} INFO - [2026-09-25T16:17:04.677+0000] {override.py:1912} INFO - Created Permission View: can create on DAG Run:tutorial_dag
[2026-09-25T16:17:04.682+0000] {logging_mixin.py:190} INFO - [2026-09-25T16:17:04.681+0000] {dag.py:3239} INFO - Sync 1 DAGs
[2026-09-25T16:17:04.963+0000] {logging_mixin.py:190} INFO - [2026-09-25T16:17:04.962+0000] {dag.py:3262} INFO - Creating ORM DAG for tutorial_dag
[2026-09-25T16:17:04.965+0000] {logging_mixin.py:190} INFO - [2026-09-25T16:17:04.964+0000] {dag.py:4180} INFO - Setting next_dagrun for tutorial_dag to None, run_after=None
[2026-09-25T16:17:05.566+0000] {processor.py:208} INFO - Processing /home/airflow/.local/lib/python3.12/site-packages/airflow/example_dags/tutorial_dag.py took 2.415 seconds
[2026-09-25T16:20:17.932+0000] {processor.py:186} INFO - Started process (PID=273) to work on /home/airflow/.local/lib/python3.12/site-packages/airflow/example_dags/tutorial_dag.py
[2026-09-25T16:20:17.957+0000] {processor.py:914} INFO - Processing file /home/airflow/.local/lib/python3.12/site-packages/airflow/example_dags/tutorial_dag.py for tasks to queue
[2026-09-25T16:20:17.964+0000] {logging_mixin.py:190} INFO - [2026-09-25T16:20:17.963+0000] {dagbag.py:588} INFO - Filling up the DagBag from /home/airflow/.local/lib/python3.12/site-packages/airflow/example_dags/tutorial_dag.py
[2026-09-25T16:20:17.987+0000] {processor.py:925} INFO - DAG(s) 'tutorial_dag' retrieved from /home/airflow/.local/lib/python3.12/site-packages/airflow/example_dags/tutorial_dag.py
[2026-09-25T16:20:18.101+0000] {logging_mixin.py:190} INFO - [2026-09-25T16:20:18.090+0000] {dag.py:3239} INFO - Sync 1 DAGs
[2026-09-25T16:20:18.164+0000] {logging_mixin.py:190} INFO - [2026-09-25T16:20:18.163+0000] {dag.py:4180} INFO - Setting next_dagrun for tutorial_dag to None, run_after=None
[2026-09-25T16:20:18.228+0000] {processor.py:208} INFO - Processing /home/airflow/.local/lib/python3.12/site-packages/airflow/example_dags/tutorial_dag.py took 0.378 seconds
[2026-09-25T16:21:36.851+0000] {processor.py:186} INFO - Started process (PID=375) to work on /home/airflow/.local/lib/python3.12/site-packages/airflow/example_dags/tutorial_dag.py
[2026-09-25T16:21:36.853+0000] {processor.py:914} INFO - Processing file /home/airflow/.local/lib/python3.12/site-packages/airflow/example_dags/tutorial_dag.py for tasks to queue
[2026-09-25T16:21:36.858+0000] {logging_mixin.py:190} INFO - [2026-09-25T16:21:36.857+0000] {dagbag.py:588} INFO - Filling up the DagBag from /home/airflow/.local/lib/python3.12/site-packages/airflow/example_dags/tutorial_dag.py
[2026-09-25T16:21:36.872+0000] {processor.py:925} INFO - DAG(s) 'tutorial_dag' retrieved from /home/airflow/.local/lib/python3.12/site-packages/airflow/example_dags/tutorial_dag.py
[2026-09-25T16:21:36.912+0000] {logging_mixin.py:190} INFO - [2026-09-25T16:21:36.912+0000] {dag.py:3239} INFO - Sync 1 DAGs
[2026-09-25T16:21:36.945+0000] {logging_mixin.py:190} INFO - [2026-09-25T16:21:36.944+0000] {dag.py:4180} INFO - Setting next_dagrun for tutorial_dag to None, run_after=None
[2026-09-25T16:21:37.012+0000] {processor.py:208} INFO - Processing /home/airflow/.local/lib/python3.12/site-packages/airflow/example_dags/tutorial_dag.py took 0.177 seconds
[2026-09-25T16:23:02.893+0000] {processor.py:186} INFO - Started process (PID=458) to work on /home/airflow/.local/lib/python3.12/site-packages/airflow/example_dags/tutorial_dag.py
[2026-09-25T16:23:02.904+0000] {processor.py:914} INFO - Processing file /home/airflow/.local/lib/python3.12/site-packages/airflow/example_dags/tutorial_dag.py for tasks to queue
[2026-09-25T16:23:02.914+0000] {logging_mixin.py:190} INFO - [2026-09-25T16:23:02.913+0000] {dagbag.py:588} INFO - Filling up the DagBag from /home/airflow/.local/lib/python3.12/site-packages/airflow/example_dags/tutorial_dag.py
[2026-09-25T16:23:02.963+0000] {processor.py:925} INFO - DAG(s) 'tutorial_dag' retrieved from /home/airflow/.local/lib/python3.12/site-packages/airflow/example_dags/tutorial_dag.py
[2026-09-25T16:23:03.040+0000] {logging_mixin.py:190} INFO - [2026-09-25T16:23:03.039+0000] {dag.py:3239} INFO - Sync 1 DAGs
[2026-09-25T16:23:03.111+0000] {logging_mixin.py:190} INFO - [2026-09-25T16:23:03.111+0000] {dag.py:4180} INFO - Setting next_dagrun for tutorial_dag to None, run_after=None
[2026-09-25T16:23:03.162+0000] {processor.py:208} INFO - Processing /home/airflow/.local/lib/python3.12/site-packages/airflow/example_dags/tutorial_dag.py took 0.300 seconds
[2026-09-25T16:23:50.467+0000] {processor.py:186} INFO - Started process (PID=545) to work on /home/airflow/.local/lib/python3.12/site-packages/airflow/example_dags/tutorial_dag.py
[2026-09-25T16:23:50.475+0000] {processor.py:914} INFO - Processing file /home/airflow/.local/lib/python3.12/site-packages/airflow/example_dags/tutorial_dag.py for tasks to queue
[2026-09-25T16:23:50.481+0000] {logging_mixin.py:190} INFO - [2026-09-25T16:23:50.480+0000] {dagbag.py:588} INFO - Filling up the DagBag from /home/airflow/.local/lib/python3.12/site-packages/airflow/example_dags/tutorial_dag.py
[2026-09-25T16:23:50.517+0000] {processor.py:925} INFO - DAG(s) 'tutorial_dag' retrieved from /home/airflow/.local/lib/python3.12/site-packages/airflow/example_dags/tutorial_dag.py
[2026-09-25T16:23:50.615+0000] {logging_mixin.py:190} INFO - [2026-09-25T16:23:50.614+0000] {dag.py:3239} INFO - Sync 1 DAGs
[2026-09-25T16:23:50.689+0000] {logging_mixin.py:190} INFO - [2026-09-25T16:23:50.689+0000] {dag.py:4180} INFO - Setting next_dagrun for tutorial_dag to None, run_after=None
[2026-09-25T16:23:50.797+0000] {processor.py:208} INFO - Processing /home/airflow/.local/lib/python3.12/site-packages/airflow/example_dags/tutorial_dag.py took 0.362 seconds
[2026-09-25T16:24:20.982+0000] {processor.py:186} INFO - Started process (PID=608) to work on /home/airflow/.local/lib/python3.12/site-packages/airflow/example_dags/tutorial_dag.py
[2026-09-25T16:24:20.983+0000] {processor.py:914} INFO - Processing file /home/airflow/.local/lib/python3.12/site-packages/airflow/example_dags/tutorial_dag.py for tasks to queue
[2026-09-25T16:24:20.988+0000] {logging_mixin.py:190} INFO - [2026-09-25T16:24:20.987+0000] {dagbag.py:588} INFO - Filling up the DagBag from /home/airflow/.local/lib/python3.12/site-packages/airflow/example_dags/tutorial_dag.py
[2026-09-25T16:24:21.013+0000] {processor.py:925} INFO - DAG(s) 'tutorial_dag' retrieved from /home/airflow/.local/lib/python3.12/site-packages/airflow/example_dags/tutorial_dag.py
[2026-09-25T16:24:21.062+0000] {logging_mixin.py:190} INFO - [2026-09-25T16:24:21.062+0000] {dag.py:3239} INFO - Sync 1 DAGs
[2026-09-25T16:24:21.109+0000] {logging_mixin.py:190} INFO - [2026-09-25T16:24:21.108+0000] {dag.py:4180} INFO - Setting next_dagrun for tutorial_dag to None, run_after=None
[2026-09-25T16:24:21.157+0000] {processor.py:208} INFO - Processing /home/airflow/.local/lib/python3.12/site-packages/airflow/example_dags/tutorial_dag.py took 0.189 seconds
[2026-09-25T16:25:13.043+0000] {processor.py:186} INFO - Started process (PID=690) to work on /home/airflow/.local/lib/python3.12/site-packages/airflow/example_dags/tutorial_dag.py
[2026-09-25T16:25:13.063+0000] {processor.py:914} INFO - Processing file /home/airflow/.local/lib/python3.12/site-packages/airflow/example_dags/tutorial_dag.py for tasks to queue
[2026-09-25T16:25:13.072+0000] {logging_mixin.py:190} INFO - [2026-09-25T16:25:13.071+0000] {dagbag.py:588} INFO - Filling up the DagBag from /home/airflow/.local/lib/python3.12/site-packages/airflow/example_dags/tutorial_dag.py
[2026-09-25T16:25:13.121+0000] {processor.py:925} INFO - DAG(s) 'tutorial_dag' retrieved from /home/airflow/.local/lib/python3.12/site-packages/airflow/example_dags/tutorial_dag.py
[2026-09-25T16:25:13.271+0000] {logging_mixin.py:190} INFO - [2026-09-25T16:25:13.271+0000] {dag.py:3239} INFO - Sync 1 DAGs
[2026-09-25T16:25:13.379+0000] {logging_mixin.py:190} INFO - [2026-09-25T16:25:13.379+0000] {dag.py:4180} INFO - Setting next_dagrun for tutorial_dag to None, run_after=None
[2026-09-25T16:25:13.521+0000] {processor.py:208} INFO - Processing /home/airflow/.local/lib/python3.12/site-packages/airflow/example_dags/tutorial_dag.py took 0.529 seconds
[2026-09-25T16:25:53.319+0000] {processor.py:186} INFO - Started process (PID=752) to work on /home/airflow/.local/lib/python3.12/site-packages/airflow/example_dags/tutorial_dag.py
[2026-09-25T16:25:53.326+0000] {processor.py:914} INFO - Processing file /home/airflow/.local/lib/python3.12/site-packages/airflow/example_dags/tutorial_dag.py for tasks to queue
[2026-09-25T16:25:53.338+0000] {logging_mixin.py:190} INFO - [2026-09-25T16:25:53.337+0000] {dagbag.py:588} INFO - Filling up the DagBag from /home/airflow/.local/lib/python3.12/site-packages/airflow/example_dags/tutorial_dag.py
[2026-09-25T16:25:53.361+0000] {processor.py:925} INFO - DAG(s) 'tutorial_dag' retrieved from /home/airflow/.local/lib/python3.12/site-packages/airflow/example_dags/tutorial_dag.py
[2026-09-25T16:25:53.409+0000] {logging_mixin.py:190} INFO - [2026-09-25T16:25:53.409+0000] {dag.py:3239} INFO - Sync 1 DAGs
[2026-09-25T16:25:53.454+0000] {logging_mixin.py:190} INFO - [2026-09-25T16:25:53.453+0000] {dag.py:4180} INFO - Setting next_dagrun for tutorial_dag to None, run_after=None
[2026-09-25T16:25:53.508+0000] {processor.py:208} INFO - Processing /home/airflow/.local/lib/python3.12/site-packages/airflow/example_dags/tutorial_dag.py took 0.210 seconds
[2026-09-25T16:26:23.664+0000] {processor.py:186} INFO - Started process (PID=814) to work on /home/airflow/.local/lib/python3.12/site-packages/airflow/example_dags/tutorial_dag.py
[2026-09-25T16:26:23.668+0000] {processor.py:914} INFO - Processing file /home/airflow/.local/lib/python3.12/site-packages/airflow/example_dags/tutorial_dag.py for tasks to queue
[2026-09-25T16:26:23.673+0000] {logging_mixin.py:190} INFO - [2026-09-25T16:26:23.672+0000] {dagbag.py:588} INFO - Filling up the DagBag from /home/airflow/.local/lib/python3.12/site-packages/airflow/example_dags/tutorial_dag.py
[2026-09-25T16:26:23.689+0000] {processor.py:925} INFO - DAG(s) 'tutorial_dag' retrieved from /home/airflow/.local/lib/python3.12/site-packages/airflow/example_dags/tutorial_dag.py
[2026-09-25T16:26:23.760+0000] {logging_mixin.py:190} INFO - [2026-09-25T16:26:23.760+0000] {dag.py:3239} INFO - Sync 1 DAGs
[2026-09-25T16:26:23.788+0000] {logging_mixin.py:190} INFO - [2026-09-25T16:26:23.788+0000] {dag.py:4180} INFO - Setting next_dagrun for tutorial_dag to None, run_after=None
[2026-09-25T16:26:23.855+0000] {processor.py:208} INFO - Processing /home/airflow/.local/lib/python3.12/site-packages/airflow/example_dags/tutorial_dag.py took 0.202 seconds
[2026-09-25T16:27:01.759+0000] {processor.py:186} INFO - Started process (PID=879) to work on /home/airflow/.local/lib/python3.12/site-packages/airflow/example_dags/tutorial_dag.py
[2026-09-25T16:27:01.762+0000] {processor.py:914} INFO - Processing file /home/airflow/.local/lib/python3.12/site-packages/airflow/example_dags/tutorial_dag.py for tasks to queue
[2026-09-25T16:27:01.768+0000] {logging_mixin.py:190} INFO - [2026-09-25T16:27:01.767+0000] {dagbag.py:588} INFO - Filling up the DagBag from /home/airflow/.local/lib/python3.12/site-packages/airflow/example_dags/tutorial_dag.py
[2026-09-25T16:27:01.784+0000] {processor.py:925} INFO - DAG(s) 'tutorial_dag' retrieved from /home/airflow/.local/lib/python3.12/site-packages/airflow/example_dags/tutorial_dag.py
[2026-09-25T16:27:01.846+0000] {logging_mixin.py:190} INFO - [2026-09-25T16:27:01.846+0000] {dag.py:3239} INFO - Sync 1 DAGs
[2026-09-25T16:27:01.896+0000] {logging_mixin.py:190} INFO - [2026-09-25T16:27:01.896+0000] {dag.py:4180} INFO - Setting next_dagrun for tutorial_dag to None, run_after=None
[2026-09-25T16:27:01.953+0000] {processor.py:208} INFO - Processing /home/airflow/.local/lib/python3.12/site-packages/airflow/example_dags/tutorial_dag.py took 0.206 seconds
[2026-09-25T16:27:37.083+0000] {processor.py:186} INFO - Started process (PID=941) to work on /home/airflow/.local/lib/python3.12/site-packages/airflow/example_dags/tutorial_dag.py
[2026-09-25T16:27:37.086+0000] {processor.py:914} INFO - Processing file /home/airflow/.local/lib/python3.12/site-packages/airflow/example_dags/tutorial_dag.py for tasks to queue
[2026-09-25T16:27:37.220+0000] {logging_mixin.py:190} INFO - [2026-09-25T16:27:37.219+0000] {dagbag.py:588} INFO - Filling up the DagBag from /home/airflow/.local/lib/python3.12/site-packages/airflow/example_dags/tutorial_dag.py
[2026-09-25T16:27:37.264+0000] {processor.py:925} INFO - DAG(s) 'tutorial_dag' retrieved from /home/airflow/.local/lib/python3.12/site-packages/airflow/example_dags/tutorial_dag.py
[2026-09-25T16:27:37.377+0000] {logging_mixin.py:190} INFO - [2026-09-25T16:27:37.376+0000] {dag.py:3239} INFO - Sync 1 DAGs
[2026-09-25T16:27:37.461+0000] {logging_mixin.py:190} INFO - [2026-09-25T16:27:37.460+0000] {dag.py:4180} INFO - Setting next_dagrun for tutorial_dag to None, run_after=None
[2026-09-25T16:27:37.578+0000] {processor.py:208} INFO - Processing /home/airflow/.local/lib/python3.12/site-packages/airflow/example_dags/tutorial_dag.py took 0.535 seconds
[2026-09-25T16:28:32.667+0000] {processor.py:186} INFO - Started process (PID=1010) to work on /home/airflow/.local/lib/python3.12/site-packages/airflow/example_dags/tutorial_dag.py
[2026-09-25T16:28:32.672+0000] {processor.py:914} INFO - Processing file /home/airflow/.local/lib/python3.12/site-packages/airflow/example_dags/tutorial_dag.py for tasks to queue
[2026-09-25T16:28:32.721+0000] {logging_mixin.py:190} INFO - [2026-09-25T16:28:32.720+0000] {dagbag.py:588} INFO - Filling up the DagBag from /home/airflow/.local/lib/python3.12/site-packages/airflow/example_dags/tutorial_dag.py
[2026-09-25T16:28:32.764+0000] {processor.py:925} INFO - DAG(s) 'tutorial_dag' retrieved from /home/airflow/.local/lib/python3.12/site-packages/airflow/example_dags/tutorial_dag.py
[2026-09-25T16:28:32.852+0000] {logging_mixin.py:190} INFO - [2026-09-25T16:28:32.851+0000] {dag.py:3239} INFO - Sync 1 DAGs
[2026-09-25T16:28:32.919+0000] {logging_mixin.py:190} INFO - [2026-09-25T16:28:32.919+0000] {dag.py:4180} INFO - Setting next_dagrun for tutorial_dag to None, run_after=None
[2026-09-25T16:28:33.048+0000] {processor.py:208} INFO - Processing /home/airflow/.local/lib/python3.12/site-packages/airflow/example_dags/tutorial_dag.py took 0.477 seconds
[2026-09-25T16:43:58.925+0000] {processor.py:186} INFO - Started process (PID=110) to work on /home/airflow/.local/lib/python3.12/site-packages/airflow/example_dags/tutorial_dag.py
[2026-09-25T16:43:58.929+0000] {processor.py:914} INFO - Processing file /home/airflow/.local/lib/python3.12/site-packages/airflow/example_dags/tutorial_dag.py for tasks to queue
[2026-09-25T16:43:58.944+0000] {logging_mixin.py:190} INFO - [2026-09-25T16:43:58.942+0000] {dagbag.py:588} INFO - Filling up the DagBag from /home/airflow/.local/lib/python3.12/site-packages/airflow/example_dags/tutorial_dag.py
[2026-09-25T16:43:58.969+0000] {processor.py:925} INFO - DAG(s) 'tutorial_dag' retrieved from /home/airflow/.local/lib/python3.12/site-packages/airflow/example_dags/tutorial_dag.py
[2026-09-25T16:43:59.061+0000] {logging_mixin.py:190} INFO - [2026-09-25T16:43:59.060+0000] {dag.py:3239} INFO - Sync 1 DAGs
[2026-09-25T16:43:59.151+0000] {logging_mixin.py:190} INFO - [2026-09-25T16:43:59.150+0000] {dag.py:4180} INFO - Setting next_dagrun for tutorial_dag to None, run_after=None
[2026-09-25T16:43:59.265+0000] {processor.py:208} INFO - Processing /home/airflow/.local/lib/python3.12/site-packages/airflow/example_dags/tutorial_dag.py took 0.362 seconds
[2026-09-25T16:44:30.308+0000] {processor.py:186} INFO - Started process (PID=173) to work on /home/airflow/.local/lib/python3.12/site-packages/airflow/example_dags/tutorial_dag.py
[2026-09-25T16:44:30.312+0000] {processor.py:914} INFO - Processing file /home/airflow/.local/lib/python3.12/site-packages/airflow/example_dags/tutorial_dag.py for tasks to queue
[2026-09-25T16:44:30.318+0000] {logging_mixin.py:190} INFO - [2026-09-25T16:44:30.317+0000] {dagbag.py:588} INFO - Filling up the DagBag from /home/airflow/.local/lib/python3.12/site-packages/airflow/example_dags/tutorial_dag.py
[2026-09-25T16:44:30.336+0000] {processor.py:925} INFO - DAG(s) 'tutorial_dag' retrieved from /home/airflow/.local/lib/python3.12/site-packages/airflow/example_dags/tutorial_dag.py
[2026-09-25T16:44:30.400+0000] {logging_mixin.py:190} INFO - [2026-09-25T16:44:30.400+0000] {dag.py:3239} INFO - Sync 1 DAGs
[2026-09-25T16:44:30.445+0000] {logging_mixin.py:190} INFO - [2026-09-25T16:44:30.445+0000] {dag.py:4180} INFO - Setting next_dagrun for tutorial_dag to None, run_after=None
[2026-09-25T16:44:30.501+0000] {processor.py:208} INFO - Processing /home/airflow/.local/lib/python3.12/site-packages/airflow/example_dags/tutorial_dag.py took 0.208 seconds
[2026-09-25T16:45:12.754+0000] {processor.py:186} INFO - Started process (PID=255) to work on /home/airflow/.local/lib/python3.12/site-packages/airflow/example_dags/tutorial_dag.py
[2026-09-25T16:45:12.757+0000] {processor.py:914} INFO - Processing file /home/airflow/.local/lib/python3.12/site-packages/airflow/example_dags/tutorial_dag.py for tasks to queue
[2026-09-25T16:45:12.764+0000] {logging_mixin.py:190} INFO - [2026-09-25T16:45:12.763+0000] {dagbag.py:588} INFO - Filling up the DagBag from /home/airflow/.local/lib/python3.12/site-packages/airflow/example_dags/tutorial_dag.py
[2026-09-25T16:45:12.785+0000] {processor.py:925} INFO - DAG(s) 'tutorial_dag' retrieved from /home/airflow/.local/lib/python3.12/site-packages/airflow/example_dags/tutorial_dag.py
[2026-09-25T16:45:12.856+0000] {logging_mixin.py:190} INFO - [2026-09-25T16:45:12.855+0000] {dag.py:3239} INFO - Sync 1 DAGs
[2026-09-25T16:45:12.915+0000] {logging_mixin.py:190} INFO - [2026-09-25T16:45:12.915+0000] {dag.py:4180} INFO - Setting next_dagrun for tutorial_dag to None, run_after=None
[2026-09-25T16:45:12.967+0000] {processor.py:208} INFO - Processing /home/airflow/.local/lib/python3.12/site-packages/airflow/example_dags/tutorial_dag.py took 0.229 seconds
[2026-09-25T16:45:49.896+0000] {processor.py:186} INFO - Started process (PID=329) to work on /home/airflow/.local/lib/python3.12/site-packages/airflow/example_dags/tutorial_dag.py
[2026-09-25T16:45:49.901+0000] {processor.py:914} INFO - Processing file /home/airflow/.local/lib/python3.12/site-packages/airflow/example_dags/tutorial_dag.py for tasks to queue
[2026-09-25T16:45:49.907+0000] {logging_mixin.py:190} INFO - [2026-09-25T16:45:49.906+0000] {dagbag.py:588} INFO - Filling up the DagBag from /home/airflow/.local/lib/python3.12/site-packages/airflow/example_dags/tutorial_dag.py
[2026-09-25T16:45:49.930+0000] {processor.py:925} INFO - DAG(s) 'tutorial_dag' retrieved from /home/airflow/.local/lib/python3.12/site-packages/airflow/example_dags/tutorial_dag.py
[2026-09-25T16:45:49.982+0000] {logging_mixin.py:190} INFO - [2026-09-25T16:45:49.982+0000] {dag.py:3239} INFO - Sync 1 DAGs
[2026-09-25T16:45:50.052+0000] {logging_mixin.py:190} INFO - [2026-09-25T16:45:50.052+0000] {dag.py:4180} INFO - Setting next_dagrun for tutorial_dag to None, run_after=None
[2026-09-25T16:45:50.097+0000] {processor.py:208} INFO - Processing /home/airflow/.local/lib/python3.12/site-packages/airflow/example_dags/tutorial_dag.py took 0.215 seconds
[2026-09-25T16:46:23.781+0000] {processor.py:186} INFO - Started process (PID=393) to work on /home/airflow/.local/lib/python3.12/site-packages/airflow/example_dags/tutorial_dag.py
[2026-09-25T16:46:23.785+0000] {processor.py:914} INFO - Processing file /home/airflow/.local/lib/python3.12/site-packages/airflow/example_dags/tutorial_dag.py for tasks to queue
[2026-09-25T16:46:23.793+0000] {logging_mixin.py:190} INFO - [2026-09-25T16:46:23.792+0000] {dagbag.py:588} INFO - Filling up the DagBag from /home/airflow/.local/lib/python3.12/site-packages/airflow/example_dags/tutorial_dag.py
[2026-09-25T16:46:23.820+0000] {processor.py:925} INFO - DAG(s) 'tutorial_dag' retrieved from /home/airflow/.local/lib/python3.12/site-packages/airflow/example_dags/tutorial_dag.py
[2026-09-25T16:46:23.954+0000] {logging_mixin.py:190} INFO - [2026-09-25T16:46:23.953+0000] {dag.py:3239} INFO - Sync 1 DAGs
[2026-09-25T16:46:24.037+0000] {logging_mixin.py:190} INFO - [2026-09-25T16:46:24.036+0000] {dag.py:4180} INFO - Setting next_dagrun for tutorial_dag to None, run_after=None
[2026-09-25T16:46:24.100+0000] {processor.py:208} INFO - Processing /home/airflow/.local/lib/python3.12/site-packages/airflow/example_dags/tutorial_dag.py took 0.343 seconds
[2026-09-25T16:46:55.468+0000] {processor.py:186} INFO - Started process (PID=455) to work on /home/airflow/.local/lib/python3.12/site-packages/airflow/example_dags/tutorial_dag.py
[2026-09-25T16:46:55.475+0000] {processor.py:914} INFO - Processing file /home/airflow/.local/lib/python3.12/site-packages/airflow/example_dags/tutorial_dag.py for tasks to queue
[2026-09-25T16:46:55.509+0000] {logging_mixin.py:190} INFO - [2026-09-25T16:46:55.502+0000] {dagbag.py:588} INFO - Filling up the DagBag from /home/airflow/.local/lib/python3.12/site-packages/airflow/example_dags/tutorial_dag.py
[2026-09-25T16:46:55.556+0000] {processor.py:925} INFO - DAG(s) 'tutorial_dag' retrieved from /home/airflow/.local/lib/python3.12/site-packages/airflow/example_dags/tutorial_dag.py
[2026-09-25T16:46:55.708+0000] {logging_mixin.py:190} INFO - [2026-09-25T16:46:55.708+0000] {dag.py:3239} INFO - Sync 1 DAGs
[2026-09-25T16:46:55.841+0000] {logging_mixin.py:190} INFO - [2026-09-25T16:46:55.840+0000] {dag.py:4180} INFO - Setting next_dagrun for tutorial_dag to None, run_after=None
[2026-09-25T16:46:55.964+0000] {processor.py:208} INFO - Processing /home/airflow/.local/lib/python3.12/site-packages/airflow/example_dags/tutorial_dag.py took 0.571 seconds
[2026-09-25T16:47:43.115+0000] {processor.py:186} INFO - Started process (PID=534) to work on /home/airflow/.local/lib/python3.12/site-packages/airflow/example_dags/tutorial_dag.py
[2026-09-25T16:47:43.126+0000] {processor.py:914} INFO - Processing file /home/airflow/.local/lib/python3.12/site-packages/airflow/example_dags/tutorial_dag.py for tasks to queue
[2026-09-25T16:47:43.134+0000] {logging_mixin.py:190} INFO - [2026-09-25T16:47:43.133+0000] {dagbag.py:588} INFO - Filling up the DagBag from /home/airflow/.local/lib/python3.12/site-packages/airflow/example_dags/tutorial_dag.py
[2026-09-25T16:47:43.162+0000] {processor.py:925} INFO - DAG(s) 'tutorial_dag' retrieved from /home/airflow/.local/lib/python3.12/site-packages/airflow/example_dags/tutorial_dag.py
[2026-09-25T16:47:43.216+0000] {logging_mixin.py:190} INFO - [2026-09-25T16:47:43.214+0000] {dag.py:3239} INFO - Sync 1 DAGs
[2026-09-25T16:47:43.277+0000] {logging_mixin.py:190} INFO - [2026-09-25T16:47:43.276+0000] {dag.py:4180} INFO - Setting next_dagrun for tutorial_dag to None, run_after=None
[2026-09-25T16:47:43.375+0000] {processor.py:208} INFO - Processing /home/airflow/.local/lib/python3.12/site-packages/airflow/example_dags/tutorial_dag.py took 0.276 seconds
[2026-09-25T16:48:22.330+0000] {processor.py:186} INFO - Started process (PID=601) to work on /home/airflow/.local/lib/python3.12/site-packages/airflow/example_dags/tutorial_dag.py
[2026-09-25T16:48:22.335+0000] {processor.py:914} INFO - Processing file /home/airflow/.local/lib/python3.12/site-packages/airflow/example_dags/tutorial_dag.py for tasks to queue
[2026-09-25T16:48:22.344+0000] {logging_mixin.py:190} INFO - [2026-09-25T16:48:22.343+0000] {dagbag.py:588} INFO - Filling up the DagBag from /home/airflow/.local/lib/python3.12/site-packages/airflow/example_dags/tutorial_dag.py
[2026-09-25T16:48:22.362+0000] {processor.py:925} INFO - DAG(s) 'tutorial_dag' retrieved from /home/airflow/.local/lib/python3.12/site-packages/airflow/example_dags/tutorial_dag.py
[2026-09-25T16:48:22.447+0000] {logging_mixin.py:190} INFO - [2026-09-25T16:48:22.447+0000] {dag.py:3239} INFO - Sync 1 DAGs
[2026-09-25T16:48:22.494+0000] {logging_mixin.py:190} INFO - [2026-09-25T16:48:22.493+0000] {dag.py:4180} INFO - Setting next_dagrun for tutorial_dag to None, run_after=None
[2026-09-25T16:48:22.580+0000] {processor.py:208} INFO - Processing /home/airflow/.local/lib/python3.12/site-packages/airflow/example_dags/tutorial_dag.py took 0.264 seconds
[2026-09-25T16:48:53.148+0000] {processor.py:186} INFO - Started process (PID=663) to work on /home/airflow/.local/lib/python3.12/site-packages/airflow/example_dags/tutorial_dag.py
[2026-09-25T16:48:53.159+0000] {processor.py:914} INFO - Processing file /home/airflow/.local/lib/python3.12/site-packages/airflow/example_dags/tutorial_dag.py for tasks to queue
[2026-09-25T16:48:53.187+0000] {logging_mixin.py:190} INFO - [2026-09-25T16:48:53.184+0000] {dagbag.py:588} INFO - Filling up the DagBag from /home/airflow/.local/lib/python3.12/site-packages/airflow/example_dags/tutorial_dag.py
[2026-09-25T16:48:53.227+0000] {processor.py:925} INFO - DAG(s) 'tutorial_dag' retrieved from /home/airflow/.local/lib/python3.12/site-packages/airflow/example_dags/tutorial_dag.py
[2026-09-25T16:48:53.382+0000] {logging_mixin.py:190} INFO - [2026-09-25T16:48:53.382+0000] {dag.py:3239} INFO - Sync 1 DAGs
[2026-09-25T16:48:53.440+0000] {logging_mixin.py:190} INFO - [2026-09-25T16:48:53.440+0000] {dag.py:4180} INFO - Setting next_dagrun for tutorial_dag to None, run_after=None
[2026-09-25T16:48:53.523+0000] {processor.py:208} INFO - Processing /home/airflow/.local/lib/python3.12/site-packages/airflow/example_dags/tutorial_dag.py took 0.443 seconds
[2026-09-25T16:49:24.058+0000] {processor.py:186} INFO - Started process (PID=726) to work on /home/airflow/.local/lib/python3.12/site-packages/airflow/example_dags/tutorial_dag.py
[2026-09-25T16:49:24.060+0000] {processor.py:914} INFO - Processing file /home/airflow/.local/lib/python3.12/site-packages/airflow/example_dags/tutorial_dag.py for tasks to queue
[2026-09-25T16:49:24.066+0000] {logging_mixin.py:190} INFO - [2026-09-25T16:49:24.065+0000] {dagbag.py:588} INFO - Filling up the DagBag from /home/airflow/.local/lib/python3.12/site-packages/airflow/example_dags/tutorial_dag.py
[2026-09-25T16:49:24.087+0000] {processor.py:925} INFO - DAG(s) 'tutorial_dag' retrieved from /home/airflow/.local/lib/python3.12/site-packages/airflow/example_dags/tutorial_dag.py
[2026-09-25T16:49:24.139+0000] {logging_mixin.py:190} INFO - [2026-09-25T16:49:24.138+0000] {dag.py:3239} INFO - Sync 1 DAGs
[2026-09-25T16:49:24.176+0000] {logging_mixin.py:190} INFO - [2026-09-25T16:49:24.175+0000] {dag.py:4180} INFO - Setting next_dagrun for tutorial_dag to None, run_after=None
[2026-09-25T16:49:24.216+0000] {processor.py:208} INFO - Processing /home/airflow/.local/lib/python3.12/site-packages/airflow/example_dags/tutorial_dag.py took 0.174 seconds
[2026-09-25T16:58:10.139+0000] {processor.py:186} INFO - Started process (PID=133) to work on /home/airflow/.local/lib/python3.12/site-packages/airflow/example_dags/tutorial_dag.py
[2026-09-25T16:58:10.236+0000] {processor.py:914} INFO - Processing file /home/airflow/.local/lib/python3.12/site-packages/airflow/example_dags/tutorial_dag.py for tasks to queue
[2026-09-25T16:58:10.489+0000] {logging_mixin.py:190} INFO - [2026-09-25T16:58:10.486+0000] {dagbag.py:588} INFO - Filling up the DagBag from /home/airflow/.local/lib/python3.12/site-packages/airflow/example_dags/tutorial_dag.py
[2026-09-25T16:58:11.085+0000] {processor.py:925} INFO - DAG(s) 'tutorial_dag' retrieved from /home/airflow/.local/lib/python3.12/site-packages/airflow/example_dags/tutorial_dag.py
[2026-09-25T16:58:11.383+0000] {logging_mixin.py:190} INFO - [2026-09-25T16:58:11.382+0000] {dag.py:3239} INFO - Sync 1 DAGs
[2026-09-25T16:58:11.646+0000] {logging_mixin.py:190} INFO - [2026-09-25T16:58:11.646+0000] {dag.py:4180} INFO - Setting next_dagrun for tutorial_dag to None, run_after=None
[2026-09-25T16:58:11.779+0000] {processor.py:208} INFO - Processing /home/airflow/.local/lib/python3.12/site-packages/airflow/example_dags/tutorial_dag.py took 2.018 seconds
[2026-09-25T16:58:44.167+0000] {processor.py:186} INFO - Started process (PID=196) to work on /home/airflow/.local/lib/python3.12/site-packages/airflow/example_dags/tutorial_dag.py
[2026-09-25T16:58:44.175+0000] {processor.py:914} INFO - Processing file /home/airflow/.local/lib/python3.12/site-packages/airflow/example_dags/tutorial_dag.py for tasks to queue
[2026-09-25T16:58:44.191+0000] {logging_mixin.py:190} INFO - [2026-09-25T16:58:44.191+0000] {dagbag.py:588} INFO - Filling up the DagBag from /home/airflow/.local/lib/python3.12/site-packages/airflow/example_dags/tutorial_dag.py
[2026-09-25T16:58:44.232+0000] {processor.py:925} INFO - DAG(s) 'tutorial_dag' retrieved from /home/airflow/.local/lib/python3.12/site-packages/airflow/example_dags/tutorial_dag.py
[2026-09-25T16:58:44.285+0000] {logging_mixin.py:190} INFO - [2026-09-25T16:58:44.285+0000] {dag.py:3239} INFO - Sync 1 DAGs
[2026-09-25T16:58:44.335+0000] {logging_mixin.py:190} INFO - [2026-09-25T16:58:44.331+0000] {dag.py:4180} INFO - Setting next_dagrun for tutorial_dag to None, run_after=None
[2026-09-25T16:58:44.404+0000] {processor.py:208} INFO - Processing /home/airflow/.local/lib/python3.12/site-packages/airflow/example_dags/tutorial_dag.py took 0.278 seconds
[2026-09-25T16:59:20.876+0000] {processor.py:186} INFO - Started process (PID=260) to work on /home/airflow/.local/lib/python3.12/site-packages/airflow/example_dags/tutorial_dag.py
[2026-09-25T16:59:20.879+0000] {processor.py:914} INFO - Processing file /home/airflow/.local/lib/python3.12/site-packages/airflow/example_dags/tutorial_dag.py for tasks to queue
[2026-09-25T16:59:20.944+0000] {logging_mixin.py:190} INFO - [2026-09-25T16:59:20.943+0000] {dagbag.py:588} INFO - Filling up the DagBag from /home/airflow/.local/lib/python3.12/site-packages/airflow/example_dags/tutorial_dag.py
[2026-09-25T16:59:21.079+0000] {processor.py:925} INFO - DAG(s) 'tutorial_dag' retrieved from /home/airflow/.local/lib/python3.12/site-packages/airflow/example_dags/tutorial_dag.py
[2026-09-25T16:59:21.229+0000] {logging_mixin.py:190} INFO - [2026-09-25T16:59:21.229+0000] {dag.py:3239} INFO - Sync 1 DAGs
[2026-09-25T16:59:21.336+0000] {logging_mixin.py:190} INFO - [2026-09-25T16:59:21.336+0000] {dag.py:4180} INFO - Setting next_dagrun for tutorial_dag to None, run_after=None
[2026-09-25T16:59:21.511+0000] {processor.py:208} INFO - Processing /home/airflow/.local/lib/python3.12/site-packages/airflow/example_dags/tutorial_dag.py took 0.732 seconds
[2026-09-25T16:59:59.388+0000] {processor.py:186} INFO - Started process (PID=329) to work on /home/airflow/.local/lib/python3.12/site-packages/airflow/example_dags/tutorial_dag.py
[2026-09-25T16:59:59.396+0000] {processor.py:914} INFO - Processing file /home/airflow/.local/lib/python3.12/site-packages/airflow/example_dags/tutorial_dag.py for tasks to queue
[2026-09-25T16:59:59.406+0000] {logging_mixin.py:190} INFO - [2026-09-25T16:59:59.405+0000] {dagbag.py:588} INFO - Filling up the DagBag from /home/airflow/.local/lib/python3.12/site-packages/airflow/example_dags/tutorial_dag.py
[2026-09-25T16:59:59.425+0000] {processor.py:925} INFO - DAG(s) 'tutorial_dag' retrieved from /home/airflow/.local/lib/python3.12/site-packages/airflow/example_dags/tutorial_dag.py
[2026-09-25T16:59:59.466+0000] {logging_mixin.py:190} INFO - [2026-09-25T16:59:59.466+0000] {dag.py:3239} INFO - Sync 1 DAGs
[2026-09-25T16:59:59.504+0000] {logging_mixin.py:190} INFO - [2026-09-25T16:59:59.504+0000] {dag.py:4180} INFO - Setting next_dagrun for tutorial_dag to None, run_after=None
[2026-09-25T16:59:59.553+0000] {processor.py:208} INFO - Processing /home/airflow/.local/lib/python3.12/site-packages/airflow/example_dags/tutorial_dag.py took 0.179 seconds
[2026-09-25T17:00:33.715+0000] {processor.py:186} INFO - Started process (PID=399) to work on /home/airflow/.local/lib/python3.12/site-packages/airflow/example_dags/tutorial_dag.py
[2026-09-25T17:00:33.718+0000] {processor.py:914} INFO - Processing file /home/airflow/.local/lib/python3.12/site-packages/airflow/example_dags/tutorial_dag.py for tasks to queue
[2026-09-25T17:00:33.724+0000] {logging_mixin.py:190} INFO - [2026-09-25T17:00:33.724+0000] {dagbag.py:588} INFO - Filling up the DagBag from /home/airflow/.local/lib/python3.12/site-packages/airflow/example_dags/tutorial_dag.py
[2026-09-25T17:00:33.738+0000] {processor.py:925} INFO - DAG(s) 'tutorial_dag' retrieved from /home/airflow/.local/lib/python3.12/site-packages/airflow/example_dags/tutorial_dag.py
[2026-09-25T17:00:33.774+0000] {logging_mixin.py:190} INFO - [2026-09-25T17:00:33.774+0000] {dag.py:3239} INFO - Sync 1 DAGs
[2026-09-25T17:00:33.801+0000] {logging_mixin.py:190} INFO - [2026-09-25T17:00:33.801+0000] {dag.py:4180} INFO - Setting next_dagrun for tutorial_dag to None, run_after=None
[2026-09-25T17:00:33.839+0000] {processor.py:208} INFO - Processing /home/airflow/.local/lib/python3.12/site-packages/airflow/example_dags/tutorial_dag.py took 0.135 seconds
[2026-09-25T17:01:08.855+0000] {processor.py:186} INFO - Started process (PID=462) to work on /home/airflow/.local/lib/python3.12/site-packages/airflow/example_dags/tutorial_dag.py
[2026-09-25T17:01:08.872+0000] {processor.py:914} INFO - Processing file /home/airflow/.local/lib/python3.12/site-packages/airflow/example_dags/tutorial_dag.py for tasks to queue
[2026-09-25T17:01:08.905+0000] {logging_mixin.py:190} INFO - [2026-09-25T17:01:08.904+0000] {dagbag.py:588} INFO - Filling up the DagBag from /home/airflow/.local/lib/python3.12/site-packages/airflow/example_dags/tutorial_dag.py
[2026-09-25T17:01:09.135+0000] {processor.py:925} INFO - DAG(s) 'tutorial_dag' retrieved from /home/airflow/.local/lib/python3.12/site-packages/airflow/example_dags/tutorial_dag.py
[2026-09-25T17:01:09.236+0000] {logging_mixin.py:190} INFO - [2026-09-25T17:01:09.234+0000] {dag.py:3239} INFO - Sync 1 DAGs
[2026-09-25T17:01:09.309+0000] {logging_mixin.py:190} INFO - [2026-09-25T17:01:09.307+0000] {dag.py:4180} INFO - Setting next_dagrun for tutorial_dag to None, run_after=None
[2026-09-25T17:01:09.412+0000] {processor.py:208} INFO - Processing /home/airflow/.local/lib/python3.12/site-packages/airflow/example_dags/tutorial_dag.py took 0.575 seconds
[2026-09-25T17:01:41.624+0000] {processor.py:186} INFO - Started process (PID=525) to work on /home/airflow/.local/lib/python3.12/site-packages/airflow/example_dags/tutorial_dag.py
[2026-09-25T17:01:41.626+0000] {processor.py:914} INFO - Processing file /home/airflow/.local/lib/python3.12/site-packages/airflow/example_dags/tutorial_dag.py for tasks to queue
[2026-09-25T17:01:41.632+0000] {logging_mixin.py:190} INFO - [2026-09-25T17:01:41.632+0000] {dagbag.py:588} INFO - Filling up the DagBag from /home/airflow/.local/lib/python3.12/site-packages/airflow/example_dags/tutorial_dag.py
[2026-09-25T17:01:41.650+0000] {processor.py:925} INFO - DAG(s) 'tutorial_dag' retrieved from /home/airflow/.local/lib/python3.12/site-packages/airflow/example_dags/tutorial_dag.py
[2026-09-25T17:01:41.691+0000] {logging_mixin.py:190} INFO - [2026-09-25T17:01:41.690+0000] {dag.py:3239} INFO - Sync 1 DAGs
[2026-09-25T17:01:41.725+0000] {logging_mixin.py:190} INFO - [2026-09-25T17:01:41.725+0000] {dag.py:4180} INFO - Setting next_dagrun for tutorial_dag to None, run_after=None
[2026-09-25T17:01:41.770+0000] {processor.py:208} INFO - Processing /home/airflow/.local/lib/python3.12/site-packages/airflow/example_dags/tutorial_dag.py took 0.156 seconds
[2026-09-25T17:02:30.893+0000] {processor.py:186} INFO - Started process (PID=589) to work on /home/airflow/.local/lib/python3.12/site-packages/airflow/example_dags/tutorial_dag.py
[2026-09-25T17:02:30.896+0000] {processor.py:914} INFO - Processing file /home/airflow/.local/lib/python3.12/site-packages/airflow/example_dags/tutorial_dag.py for tasks to queue
[2026-09-25T17:02:30.914+0000] {logging_mixin.py:190} INFO - [2026-09-25T17:02:30.912+0000] {dagbag.py:588} INFO - Filling up the DagBag from /home/airflow/.local/lib/python3.12/site-packages/airflow/example_dags/tutorial_dag.py
[2026-09-25T17:02:30.941+0000] {processor.py:925} INFO - DAG(s) 'tutorial_dag' retrieved from /home/airflow/.local/lib/python3.12/site-packages/airflow/example_dags/tutorial_dag.py
[2026-09-25T17:02:31.100+0000] {logging_mixin.py:190} INFO - [2026-09-25T17:02:31.099+0000] {dag.py:3239} INFO - Sync 1 DAGs
[2026-09-25T17:02:31.179+0000] {logging_mixin.py:190} INFO - [2026-09-25T17:02:31.179+0000] {dag.py:4180} INFO - Setting next_dagrun for tutorial_dag to None, run_after=None
[2026-09-25T17:02:31.361+0000] {processor.py:208} INFO - Processing /home/airflow/.local/lib/python3.12/site-packages/airflow/example_dags/tutorial_dag.py took 0.485 seconds
[2026-09-25T17:03:01.903+0000] {processor.py:186} INFO - Started process (PID=653) to work on /home/airflow/.local/lib/python3.12/site-packages/airflow/example_dags/tutorial_dag.py
[2026-09-25T17:03:01.906+0000] {processor.py:914} INFO - Processing file /home/airflow/.local/lib/python3.12/site-packages/airflow/example_dags/tutorial_dag.py for tasks to queue
[2026-09-25T17:03:01.910+0000] {logging_mixin.py:190} INFO - [2026-09-25T17:03:01.909+0000] {dagbag.py:588} INFO - Filling up the DagBag from /home/airflow/.local/lib/python3.12/site-packages/airflow/example_dags/tutorial_dag.py
[2026-09-25T17:03:01.926+0000] {processor.py:925} INFO - DAG(s) 'tutorial_dag' retrieved from /home/airflow/.local/lib/python3.12/site-packages/airflow/example_dags/tutorial_dag.py
[2026-09-25T17:03:02.094+0000] {logging_mixin.py:190} INFO - [2026-09-25T17:03:02.089+0000] {dag.py:3239} INFO - Sync 1 DAGs
[2026-09-25T17:03:02.269+0000] {logging_mixin.py:190} INFO - [2026-09-25T17:03:02.260+0000] {dag.py:4180} INFO - Setting next_dagrun for tutorial_dag to None, run_after=None
[2026-09-25T17:03:02.318+0000] {processor.py:208} INFO - Processing /home/airflow/.local/lib/python3.12/site-packages/airflow/example_dags/tutorial_dag.py took 0.426 seconds
[2026-09-25T17:03:34.124+0000] {processor.py:186} INFO - Started process (PID=723) to work on /home/airflow/.local/lib/python3.12/site-packages/airflow/example_dags/tutorial_dag.py
[2026-09-25T17:03:34.126+0000] {processor.py:914} INFO - Processing file /home/airflow/.local/lib/python3.12/site-packages/airflow/example_dags/tutorial_dag.py for tasks to queue
[2026-09-25T17:03:34.131+0000] {logging_mixin.py:190} INFO - [2026-09-25T17:03:34.130+0000] {dagbag.py:588} INFO - Filling up the DagBag from /home/airflow/.local/lib/python3.12/site-packages/airflow/example_dags/tutorial_dag.py
[2026-09-25T17:03:34.149+0000] {processor.py:925} INFO - DAG(s) 'tutorial_dag' retrieved from /home/airflow/.local/lib/python3.12/site-packages/airflow/example_dags/tutorial_dag.py
[2026-09-25T17:03:34.205+0000] {logging_mixin.py:190} INFO - [2026-09-25T17:03:34.205+0000] {dag.py:3239} INFO - Sync 1 DAGs
[2026-09-25T17:03:34.232+0000] {logging_mixin.py:190} INFO - [2026-09-25T17:03:34.232+0000] {dag.py:4180} INFO - Setting next_dagrun for tutorial_dag to None, run_after=None
[2026-09-25T17:03:34.268+0000] {processor.py:208} INFO - Processing /home/airflow/.local/lib/python3.12/site-packages/airflow/example_dags/tutorial_dag.py took 0.154 seconds
[2026-09-25T17:04:09.921+0000] {processor.py:186} INFO - Started process (PID=789) to work on /home/airflow/.local/lib/python3.12/site-packages/airflow/example_dags/tutorial_dag.py
[2026-09-25T17:04:09.924+0000] {processor.py:914} INFO - Processing file /home/airflow/.local/lib/python3.12/site-packages/airflow/example_dags/tutorial_dag.py for tasks to queue
[2026-09-25T17:04:09.930+0000] {logging_mixin.py:190} INFO - [2026-09-25T17:04:09.929+0000] {dagbag.py:588} INFO - Filling up the DagBag from /home/airflow/.local/lib/python3.12/site-packages/airflow/example_dags/tutorial_dag.py
[2026-09-25T17:04:09.949+0000] {processor.py:925} INFO - DAG(s) 'tutorial_dag' retrieved from /home/airflow/.local/lib/python3.12/site-packages/airflow/example_dags/tutorial_dag.py
[2026-09-25T17:04:10.029+0000] {logging_mixin.py:190} INFO - [2026-09-25T17:04:10.027+0000] {dag.py:3239} INFO - Sync 1 DAGs
[2026-09-25T17:04:10.091+0000] {logging_mixin.py:190} INFO - [2026-09-25T17:04:10.090+0000] {dag.py:4180} INFO - Setting next_dagrun for tutorial_dag to None, run_after=None
[2026-09-25T17:04:10.144+0000] {processor.py:208} INFO - Processing /home/airflow/.local/lib/python3.12/site-packages/airflow/example_dags/tutorial_dag.py took 0.240 seconds
[2026-09-25T17:04:51.524+0000] {processor.py:186} INFO - Started process (PID=851) to work on /home/airflow/.local/lib/python3.12/site-packages/airflow/example_dags/tutorial_dag.py
[2026-09-25T17:04:51.531+0000] {processor.py:914} INFO - Processing file /home/airflow/.local/lib/python3.12/site-packages/airflow/example_dags/tutorial_dag.py for tasks to queue
[2026-09-25T17:04:51.558+0000] {logging_mixin.py:190} INFO - [2026-09-25T17:04:51.556+0000] {dagbag.py:588} INFO - Filling up the DagBag from /home/airflow/.local/lib/python3.12/site-packages/airflow/example_dags/tutorial_dag.py
[2026-09-25T17:04:51.596+0000] {processor.py:925} INFO - DAG(s) 'tutorial_dag' retrieved from /home/airflow/.local/lib/python3.12/site-packages/airflow/example_dags/tutorial_dag.py
[2026-09-25T17:04:51.685+0000] {logging_mixin.py:190} INFO - [2026-09-25T17:04:51.685+0000] {dag.py:3239} INFO - Sync 1 DAGs
[2026-09-25T17:04:51.750+0000] {logging_mixin.py:190} INFO - [2026-09-25T17:04:51.750+0000] {dag.py:4180} INFO - Setting next_dagrun for tutorial_dag to None, run_after=None
[2026-09-25T17:04:51.820+0000] {processor.py:208} INFO - Processing /home/airflow/.local/lib/python3.12/site-packages/airflow/example_dags/tutorial_dag.py took 0.408 seconds
[2026-09-25T17:05:26.765+0000] {processor.py:186} INFO - Started process (PID=913) to work on /home/airflow/.local/lib/python3.12/site-packages/airflow/example_dags/tutorial_dag.py
[2026-09-25T17:05:26.767+0000] {processor.py:914} INFO - Processing file /home/airflow/.local/lib/python3.12/site-packages/airflow/example_dags/tutorial_dag.py for tasks to queue
[2026-09-25T17:05:26.777+0000] {logging_mixin.py:190} INFO - [2026-09-25T17:05:26.776+0000] {dagbag.py:588} INFO - Filling up the DagBag from /home/airflow/.local/lib/python3.12/site-packages/airflow/example_dags/tutorial_dag.py
[2026-09-25T17:05:26.837+0000] {processor.py:925} INFO - DAG(s) 'tutorial_dag' retrieved from /home/airflow/.local/lib/python3.12/site-packages/airflow/example_dags/tutorial_dag.py
[2026-09-25T17:05:26.919+0000] {logging_mixin.py:190} INFO - [2026-09-25T17:05:26.919+0000] {dag.py:3239} INFO - Sync 1 DAGs
[2026-09-25T17:05:26.955+0000] {logging_mixin.py:190} INFO - [2026-09-25T17:05:26.955+0000] {dag.py:4180} INFO - Setting next_dagrun for tutorial_dag to None, run_after=None
[2026-09-25T17:05:27.002+0000] {processor.py:208} INFO - Processing /home/airflow/.local/lib/python3.12/site-packages/airflow/example_dags/tutorial_dag.py took 0.280 seconds
[2026-09-25T17:06:00.302+0000] {processor.py:186} INFO - Started process (PID=977) to work on /home/airflow/.local/lib/python3.12/site-packages/airflow/example_dags/tutorial_dag.py
[2026-09-25T17:06:00.304+0000] {processor.py:914} INFO - Processing file /home/airflow/.local/lib/python3.12/site-packages/airflow/example_dags/tutorial_dag.py for tasks to queue
[2026-09-25T17:06:00.311+0000] {logging_mixin.py:190} INFO - [2026-09-25T17:06:00.310+0000] {dagbag.py:588} INFO - Filling up the DagBag from /home/airflow/.local/lib/python3.12/site-packages/airflow/example_dags/tutorial_dag.py
[2026-09-25T17:06:00.330+0000] {processor.py:925} INFO - DAG(s) 'tutorial_dag' retrieved from /home/airflow/.local/lib/python3.12/site-packages/airflow/example_dags/tutorial_dag.py
[2026-09-25T17:06:00.390+0000] {logging_mixin.py:190} INFO - [2026-09-25T17:06:00.389+0000] {dag.py:3239} INFO - Sync 1 DAGs
[2026-09-25T17:06:00.441+0000] {logging_mixin.py:190} INFO - [2026-09-25T17:06:00.441+0000] {dag.py:4180} INFO - Setting next_dagrun for tutorial_dag to None, run_after=None
[2026-09-25T17:06:00.514+0000] {processor.py:208} INFO - Processing /home/airflow/.local/lib/python3.12/site-packages/airflow/example_dags/tutorial_dag.py took 0.228 seconds
[2026-09-25T17:06:32.879+0000] {processor.py:186} INFO - Started process (PID=1040) to work on /home/airflow/.local/lib/python3.12/site-packages/airflow/example_dags/tutorial_dag.py
[2026-09-25T17:06:32.882+0000] {processor.py:914} INFO - Processing file /home/airflow/.local/lib/python3.12/site-packages/airflow/example_dags/tutorial_dag.py for tasks to queue
[2026-09-25T17:06:32.887+0000] {logging_mixin.py:190} INFO - [2026-09-25T17:06:32.886+0000] {dagbag.py:588} INFO - Filling up the DagBag from /home/airflow/.local/lib/python3.12/site-packages/airflow/example_dags/tutorial_dag.py
[2026-09-25T17:06:32.901+0000] {processor.py:925} INFO - DAG(s) 'tutorial_dag' retrieved from /home/airflow/.local/lib/python3.12/site-packages/airflow/example_dags/tutorial_dag.py
[2026-09-25T17:06:32.940+0000] {logging_mixin.py:190} INFO - [2026-09-25T17:06:32.939+0000] {dag.py:3239} INFO - Sync 1 DAGs
[2026-09-25T17:06:32.971+0000] {logging_mixin.py:190} INFO - [2026-09-25T17:06:32.971+0000] {dag.py:4180} INFO - Setting next_dagrun for tutorial_dag to None, run_after=None
[2026-09-25T17:06:33.009+0000] {processor.py:208} INFO - Processing /home/airflow/.local/lib/python3.12/site-packages/airflow/example_dags/tutorial_dag.py took 0.141 seconds
[2026-09-25T17:07:08.248+0000] {processor.py:186} INFO - Started process (PID=1110) to work on /home/airflow/.local/lib/python3.12/site-packages/airflow/example_dags/tutorial_dag.py
[2026-09-25T17:07:08.250+0000] {processor.py:914} INFO - Processing file /home/airflow/.local/lib/python3.12/site-packages/airflow/example_dags/tutorial_dag.py for tasks to queue
[2026-09-25T17:07:08.256+0000] {logging_mixin.py:190} INFO - [2026-09-25T17:07:08.255+0000] {dagbag.py:588} INFO - Filling up the DagBag from /home/airflow/.local/lib/python3.12/site-packages/airflow/example_dags/tutorial_dag.py
[2026-09-25T17:07:08.273+0000] {processor.py:925} INFO - DAG(s) 'tutorial_dag' retrieved from /home/airflow/.local/lib/python3.12/site-packages/airflow/example_dags/tutorial_dag.py
[2026-09-25T17:07:08.322+0000] {logging_mixin.py:190} INFO - [2026-09-25T17:07:08.322+0000] {dag.py:3239} INFO - Sync 1 DAGs
[2026-09-25T17:07:08.365+0000] {logging_mixin.py:190} INFO - [2026-09-25T17:07:08.363+0000] {dag.py:4180} INFO - Setting next_dagrun for tutorial_dag to None, run_after=None
[2026-09-25T17:07:08.429+0000] {processor.py:208} INFO - Processing /home/airflow/.local/lib/python3.12/site-packages/airflow/example_dags/tutorial_dag.py took 0.194 seconds
[2026-09-25T17:07:42.204+0000] {processor.py:186} INFO - Started process (PID=1175) to work on /home/airflow/.local/lib/python3.12/site-packages/airflow/example_dags/tutorial_dag.py
[2026-09-25T17:07:42.222+0000] {processor.py:914} INFO - Processing file /home/airflow/.local/lib/python3.12/site-packages/airflow/example_dags/tutorial_dag.py for tasks to queue
[2026-09-25T17:07:42.258+0000] {logging_mixin.py:190} INFO - [2026-09-25T17:07:42.257+0000] {dagbag.py:588} INFO - Filling up the DagBag from /home/airflow/.local/lib/python3.12/site-packages/airflow/example_dags/tutorial_dag.py
[2026-09-25T17:07:42.327+0000] {processor.py:925} INFO - DAG(s) 'tutorial_dag' retrieved from /home/airflow/.local/lib/python3.12/site-packages/airflow/example_dags/tutorial_dag.py
[2026-09-25T17:07:42.758+0000] {logging_mixin.py:190} INFO - [2026-09-25T17:07:42.757+0000] {dag.py:3239} INFO - Sync 1 DAGs
[2026-09-25T17:07:42.842+0000] {logging_mixin.py:190} INFO - [2026-09-25T17:07:42.842+0000] {dag.py:4180} INFO - Setting next_dagrun for tutorial_dag to None, run_after=None
[2026-09-25T17:07:42.894+0000] {processor.py:208} INFO - Processing /home/airflow/.local/lib/python3.12/site-packages/airflow/example_dags/tutorial_dag.py took 0.733 seconds
[2026-09-25T17:08:12.991+0000] {processor.py:186} INFO - Started process (PID=1237) to work on /home/airflow/.local/lib/python3.12/site-packages/airflow/example_dags/tutorial_dag.py
[2026-09-25T17:08:12.995+0000] {processor.py:914} INFO - Processing file /home/airflow/.local/lib/python3.12/site-packages/airflow/example_dags/tutorial_dag.py for tasks to queue
[2026-09-25T17:08:12.999+0000] {logging_mixin.py:190} INFO - [2026-09-25T17:08:12.998+0000] {dagbag.py:588} INFO - Filling up the DagBag from /home/airflow/.local/lib/python3.12/site-packages/airflow/example_dags/tutorial_dag.py
[2026-09-25T17:08:13.036+0000] {processor.py:925} INFO - DAG(s) 'tutorial_dag' retrieved from /home/airflow/.local/lib/python3.12/site-packages/airflow/example_dags/tutorial_dag.py
[2026-09-25T17:08:13.125+0000] {logging_mixin.py:190} INFO - [2026-09-25T17:08:13.124+0000] {dag.py:3239} INFO - Sync 1 DAGs
[2026-09-25T17:08:13.210+0000] {logging_mixin.py:190} INFO - [2026-09-25T17:08:13.209+0000] {dag.py:4180} INFO - Setting next_dagrun for tutorial_dag to None, run_after=None
[2026-09-25T17:08:13.274+0000] {processor.py:208} INFO - Processing /home/airflow/.local/lib/python3.12/site-packages/airflow/example_dags/tutorial_dag.py took 0.300 seconds
[2026-09-25T17:08:43.490+0000] {processor.py:186} INFO - Started process (PID=1300) to work on /home/airflow/.local/lib/python3.12/site-packages/airflow/example_dags/tutorial_dag.py
[2026-09-25T17:08:43.492+0000] {processor.py:914} INFO - Processing file /home/airflow/.local/lib/python3.12/site-packages/airflow/example_dags/tutorial_dag.py for tasks to queue
[2026-09-25T17:08:43.498+0000] {logging_mixin.py:190} INFO - [2026-09-25T17:08:43.497+0000] {dagbag.py:588} INFO - Filling up the DagBag from /home/airflow/.local/lib/python3.12/site-packages/airflow/example_dags/tutorial_dag.py
[2026-09-25T17:08:43.510+0000] {processor.py:925} INFO - DAG(s) 'tutorial_dag' retrieved from /home/airflow/.local/lib/python3.12/site-packages/airflow/example_dags/tutorial_dag.py
[2026-09-25T17:08:43.607+0000] {logging_mixin.py:190} INFO - [2026-09-25T17:08:43.607+0000] {dag.py:3239} INFO - Sync 1 DAGs
[2026-09-25T17:08:43.659+0000] {logging_mixin.py:190} INFO - [2026-09-25T17:08:43.658+0000] {dag.py:4180} INFO - Setting next_dagrun for tutorial_dag to None, run_after=None
[2026-09-25T17:08:43.944+0000] {processor.py:208} INFO - Processing /home/airflow/.local/lib/python3.12/site-packages/airflow/example_dags/tutorial_dag.py took 0.467 seconds
[2026-09-25T17:09:14.109+0000] {processor.py:186} INFO - Started process (PID=1363) to work on /home/airflow/.local/lib/python3.12/site-packages/airflow/example_dags/tutorial_dag.py
[2026-09-25T17:09:14.112+0000] {processor.py:914} INFO - Processing file /home/airflow/.local/lib/python3.12/site-packages/airflow/example_dags/tutorial_dag.py for tasks to queue
[2026-09-25T17:09:14.124+0000] {logging_mixin.py:190} INFO - [2026-09-25T17:09:14.123+0000] {dagbag.py:588} INFO - Filling up the DagBag from /home/airflow/.local/lib/python3.12/site-packages/airflow/example_dags/tutorial_dag.py
[2026-09-25T17:09:14.148+0000] {processor.py:925} INFO - DAG(s) 'tutorial_dag' retrieved from /home/airflow/.local/lib/python3.12/site-packages/airflow/example_dags/tutorial_dag.py
[2026-09-25T17:09:14.215+0000] {logging_mixin.py:190} INFO - [2026-09-25T17:09:14.215+0000] {dag.py:3239} INFO - Sync 1 DAGs
[2026-09-25T17:09:14.293+0000] {logging_mixin.py:190} INFO - [2026-09-25T17:09:14.293+0000] {dag.py:4180} INFO - Setting next_dagrun for tutorial_dag to None, run_after=None
[2026-09-25T17:09:14.562+0000] {processor.py:208} INFO - Processing /home/airflow/.local/lib/python3.12/site-packages/airflow/example_dags/tutorial_dag.py took 0.463 seconds
[2026-09-25T17:10:37.356+0000] {processor.py:186} INFO - Started process (PID=1427) to work on /home/airflow/.local/lib/python3.12/site-packages/airflow/example_dags/tutorial_dag.py
[2026-09-25T17:10:37.372+0000] {processor.py:914} INFO - Processing file /home/airflow/.local/lib/python3.12/site-packages/airflow/example_dags/tutorial_dag.py for tasks to queue
[2026-09-25T17:10:37.392+0000] {logging_mixin.py:190} INFO - [2026-09-25T17:10:37.390+0000] {dagbag.py:588} INFO - Filling up the DagBag from /home/airflow/.local/lib/python3.12/site-packages/airflow/example_dags/tutorial_dag.py
[2026-09-25T17:10:37.472+0000] {processor.py:925} INFO - DAG(s) 'tutorial_dag' retrieved from /home/airflow/.local/lib/python3.12/site-packages/airflow/example_dags/tutorial_dag.py
[2026-09-25T17:10:37.658+0000] {logging_mixin.py:190} INFO - [2026-09-25T17:10:37.658+0000] {dag.py:3239} INFO - Sync 1 DAGs
[2026-09-25T17:10:37.839+0000] {logging_mixin.py:190} INFO - [2026-09-25T17:10:37.824+0000] {dag.py:4180} INFO - Setting next_dagrun for tutorial_dag to None, run_after=None
[2026-09-25T17:10:38.077+0000] {processor.py:208} INFO - Processing /home/airflow/.local/lib/python3.12/site-packages/airflow/example_dags/tutorial_dag.py took 0.757 seconds
[2026-09-25T17:14:17.079+0000] {processor.py:186} INFO - Started process (PID=1542) to work on /home/airflow/.local/lib/python3.12/site-packages/airflow/example_dags/tutorial_dag.py
[2026-09-25T17:14:17.085+0000] {processor.py:914} INFO - Processing file /home/airflow/.local/lib/python3.12/site-packages/airflow/example_dags/tutorial_dag.py for tasks to queue
[2026-09-25T17:14:17.136+0000] {logging_mixin.py:190} INFO - [2026-09-25T17:14:17.135+0000] {dagbag.py:588} INFO - Filling up the DagBag from /home/airflow/.local/lib/python3.12/site-packages/airflow/example_dags/tutorial_dag.py
[2026-09-25T17:14:17.231+0000] {processor.py:925} INFO - DAG(s) 'tutorial_dag' retrieved from /home/airflow/.local/lib/python3.12/site-packages/airflow/example_dags/tutorial_dag.py
[2026-09-25T17:14:17.476+0000] {logging_mixin.py:190} INFO - [2026-09-25T17:14:17.476+0000] {dag.py:3239} INFO - Sync 1 DAGs
[2026-09-25T17:14:17.841+0000] {logging_mixin.py:190} INFO - [2026-09-25T17:14:17.840+0000] {dag.py:4180} INFO - Setting next_dagrun for tutorial_dag to None, run_after=None
[2026-09-25T17:14:18.797+0000] {processor.py:208} INFO - Processing /home/airflow/.local/lib/python3.12/site-packages/airflow/example_dags/tutorial_dag.py took 1.859 seconds
[2026-09-25T17:15:18.601+0000] {processor.py:186} INFO - Started process (PID=1618) to work on /home/airflow/.local/lib/python3.12/site-packages/airflow/example_dags/tutorial_dag.py
[2026-09-25T17:15:18.605+0000] {processor.py:914} INFO - Processing file /home/airflow/.local/lib/python3.12/site-packages/airflow/example_dags/tutorial_dag.py for tasks to queue
[2026-09-25T17:15:18.613+0000] {logging_mixin.py:190} INFO - [2026-09-25T17:15:18.612+0000] {dagbag.py:588} INFO - Filling up the DagBag from /home/airflow/.local/lib/python3.12/site-packages/airflow/example_dags/tutorial_dag.py
[2026-09-25T17:15:18.649+0000] {processor.py:925} INFO - DAG(s) 'tutorial_dag' retrieved from /home/airflow/.local/lib/python3.12/site-packages/airflow/example_dags/tutorial_dag.py
[2026-09-25T17:15:18.727+0000] {logging_mixin.py:190} INFO - [2026-09-25T17:15:18.727+0000] {dag.py:3239} INFO - Sync 1 DAGs
[2026-09-25T17:15:18.787+0000] {logging_mixin.py:190} INFO - [2026-09-25T17:15:18.787+0000] {dag.py:4180} INFO - Setting next_dagrun for tutorial_dag to None, run_after=None
[2026-09-25T17:15:18.882+0000] {processor.py:208} INFO - Processing /home/airflow/.local/lib/python3.12/site-packages/airflow/example_dags/tutorial_dag.py took 0.301 seconds
[2026-09-25T17:15:54.216+0000] {processor.py:186} INFO - Started process (PID=1681) to work on /home/airflow/.local/lib/python3.12/site-packages/airflow/example_dags/tutorial_dag.py
[2026-09-25T17:15:54.222+0000] {processor.py:914} INFO - Processing file /home/airflow/.local/lib/python3.12/site-packages/airflow/example_dags/tutorial_dag.py for tasks to queue
[2026-09-25T17:15:54.238+0000] {logging_mixin.py:190} INFO - [2026-09-25T17:15:54.238+0000] {dagbag.py:588} INFO - Filling up the DagBag from /home/airflow/.local/lib/python3.12/site-packages/airflow/example_dags/tutorial_dag.py
[2026-09-25T17:15:54.276+0000] {processor.py:925} INFO - DAG(s) 'tutorial_dag' retrieved from /home/airflow/.local/lib/python3.12/site-packages/airflow/example_dags/tutorial_dag.py
[2026-09-25T17:15:54.371+0000] {logging_mixin.py:190} INFO - [2026-09-25T17:15:54.370+0000] {dag.py:3239} INFO - Sync 1 DAGs
[2026-09-25T17:15:54.447+0000] {logging_mixin.py:190} INFO - [2026-09-25T17:15:54.446+0000] {dag.py:4180} INFO - Setting next_dagrun for tutorial_dag to None, run_after=None
[2026-09-25T17:15:54.708+0000] {processor.py:208} INFO - Processing /home/airflow/.local/lib/python3.12/site-packages/airflow/example_dags/tutorial_dag.py took 0.509 seconds
[2026-09-25T17:16:52.567+0000] {processor.py:186} INFO - Started process (PID=1772) to work on /home/airflow/.local/lib/python3.12/site-packages/airflow/example_dags/tutorial_dag.py
[2026-09-25T17:16:52.569+0000] {processor.py:914} INFO - Processing file /home/airflow/.local/lib/python3.12/site-packages/airflow/example_dags/tutorial_dag.py for tasks to queue
[2026-09-25T17:16:52.583+0000] {logging_mixin.py:190} INFO - [2026-09-25T17:16:52.581+0000] {dagbag.py:588} INFO - Filling up the DagBag from /home/airflow/.local/lib/python3.12/site-packages/airflow/example_dags/tutorial_dag.py
[2026-09-25T17:16:52.630+0000] {processor.py:925} INFO - DAG(s) 'tutorial_dag' retrieved from /home/airflow/.local/lib/python3.12/site-packages/airflow/example_dags/tutorial_dag.py
[2026-09-25T17:16:52.829+0000] {logging_mixin.py:190} INFO - [2026-09-25T17:16:52.829+0000] {dag.py:3239} INFO - Sync 1 DAGs
[2026-09-25T17:16:52.908+0000] {logging_mixin.py:190} INFO - [2026-09-25T17:16:52.908+0000] {dag.py:4180} INFO - Setting next_dagrun for tutorial_dag to None, run_after=None
[2026-09-25T17:16:53.207+0000] {processor.py:208} INFO - Processing /home/airflow/.local/lib/python3.12/site-packages/airflow/example_dags/tutorial_dag.py took 0.672 seconds
[2026-09-25T17:17:23.787+0000] {processor.py:186} INFO - Started process (PID=1834) to work on /home/airflow/.local/lib/python3.12/site-packages/airflow/example_dags/tutorial_dag.py
[2026-09-25T17:17:23.791+0000] {processor.py:914} INFO - Processing file /home/airflow/.local/lib/python3.12/site-packages/airflow/example_dags/tutorial_dag.py for tasks to queue
[2026-09-25T17:17:23.800+0000] {logging_mixin.py:190} INFO - [2026-09-25T17:17:23.799+0000] {dagbag.py:588} INFO - Filling up the DagBag from /home/airflow/.local/lib/python3.12/site-packages/airflow/example_dags/tutorial_dag.py
[2026-09-25T17:17:23.816+0000] {processor.py:925} INFO - DAG(s) 'tutorial_dag' retrieved from /home/airflow/.local/lib/python3.12/site-packages/airflow/example_dags/tutorial_dag.py
[2026-09-25T17:17:23.875+0000] {logging_mixin.py:190} INFO - [2026-09-25T17:17:23.874+0000] {dag.py:3239} INFO - Sync 1 DAGs
[2026-09-25T17:17:23.906+0000] {logging_mixin.py:190} INFO - [2026-09-25T17:17:23.906+0000] {dag.py:4180} INFO - Setting next_dagrun for tutorial_dag to None, run_after=None
[2026-09-25T17:17:23.963+0000] {processor.py:208} INFO - Processing /home/airflow/.local/lib/python3.12/site-packages/airflow/example_dags/tutorial_dag.py took 0.188 seconds
[2026-09-25T17:18:00.490+0000] {processor.py:186} INFO - Started process (PID=1906) to work on /home/airflow/.local/lib/python3.12/site-packages/airflow/example_dags/tutorial_dag.py
[2026-09-25T17:18:00.498+0000] {processor.py:914} INFO - Processing file /home/airflow/.local/lib/python3.12/site-packages/airflow/example_dags/tutorial_dag.py for tasks to queue
[2026-09-25T17:18:00.512+0000] {logging_mixin.py:190} INFO - [2026-09-25T17:18:00.510+0000] {dagbag.py:588} INFO - Filling up the DagBag from /home/airflow/.local/lib/python3.12/site-packages/airflow/example_dags/tutorial_dag.py
[2026-09-25T17:18:00.541+0000] {processor.py:925} INFO - DAG(s) 'tutorial_dag' retrieved from /home/airflow/.local/lib/python3.12/site-packages/airflow/example_dags/tutorial_dag.py
[2026-09-25T17:18:00.619+0000] {logging_mixin.py:190} INFO - [2026-09-25T17:18:00.619+0000] {dag.py:3239} INFO - Sync 1 DAGs
[2026-09-25T17:18:00.660+0000] {logging_mixin.py:190} INFO - [2026-09-25T17:18:00.658+0000] {dag.py:4180} INFO - Setting next_dagrun for tutorial_dag to None, run_after=None
[2026-09-25T17:18:00.725+0000] {processor.py:208} INFO - Processing /home/airflow/.local/lib/python3.12/site-packages/airflow/example_dags/tutorial_dag.py took 0.269 seconds
[2026-09-25T17:18:36.786+0000] {processor.py:186} INFO - Started process (PID=1969) to work on /home/airflow/.local/lib/python3.12/site-packages/airflow/example_dags/tutorial_dag.py
[2026-09-25T17:18:36.788+0000] {processor.py:914} INFO - Processing file /home/airflow/.local/lib/python3.12/site-packages/airflow/example_dags/tutorial_dag.py for tasks to queue
[2026-09-25T17:18:36.793+0000] {logging_mixin.py:190} INFO - [2026-09-25T17:18:36.793+0000] {dagbag.py:588} INFO - Filling up the DagBag from /home/airflow/.local/lib/python3.12/site-packages/airflow/example_dags/tutorial_dag.py
[2026-09-25T17:18:36.819+0000] {processor.py:925} INFO - DAG(s) 'tutorial_dag' retrieved from /home/airflow/.local/lib/python3.12/site-packages/airflow/example_dags/tutorial_dag.py
[2026-09-25T17:18:36.966+0000] {logging_mixin.py:190} INFO - [2026-09-25T17:18:36.965+0000] {dag.py:3239} INFO - Sync 1 DAGs
[2026-09-25T17:18:37.090+0000] {logging_mixin.py:190} INFO - [2026-09-25T17:18:37.090+0000] {dag.py:4180} INFO - Setting next_dagrun for tutorial_dag to None, run_after=None
[2026-09-25T17:18:37.166+0000] {processor.py:208} INFO - Processing /home/airflow/.local/lib/python3.12/site-packages/airflow/example_dags/tutorial_dag.py took 0.404 seconds
[2026-09-25T17:19:10.850+0000] {processor.py:186} INFO - Started process (PID=2032) to work on /home/airflow/.local/lib/python3.12/site-packages/airflow/example_dags/tutorial_dag.py
[2026-09-25T17:19:10.853+0000] {processor.py:914} INFO - Processing file /home/airflow/.local/lib/python3.12/site-packages/airflow/example_dags/tutorial_dag.py for tasks to queue
[2026-09-25T17:19:10.857+0000] {logging_mixin.py:190} INFO - [2026-09-25T17:19:10.857+0000] {dagbag.py:588} INFO - Filling up the DagBag from /home/airflow/.local/lib/python3.12/site-packages/airflow/example_dags/tutorial_dag.py
[2026-09-25T17:19:10.873+0000] {processor.py:925} INFO - DAG(s) 'tutorial_dag' retrieved from /home/airflow/.local/lib/python3.12/site-packages/airflow/example_dags/tutorial_dag.py
[2026-09-25T17:19:10.921+0000] {logging_mixin.py:190} INFO - [2026-09-25T17:19:10.920+0000] {dag.py:3239} INFO - Sync 1 DAGs
[2026-09-25T17:19:10.979+0000] {logging_mixin.py:190} INFO - [2026-09-25T17:19:10.979+0000] {dag.py:4180} INFO - Setting next_dagrun for tutorial_dag to None, run_after=None
[2026-09-25T17:19:11.059+0000] {processor.py:208} INFO - Processing /home/airflow/.local/lib/python3.12/site-packages/airflow/example_dags/tutorial_dag.py took 0.232 seconds
[2026-09-25T17:19:52.070+0000] {processor.py:186} INFO - Started process (PID=2095) to work on /home/airflow/.local/lib/python3.12/site-packages/airflow/example_dags/tutorial_dag.py
[2026-09-25T17:19:52.072+0000] {processor.py:914} INFO - Processing file /home/airflow/.local/lib/python3.12/site-packages/airflow/example_dags/tutorial_dag.py for tasks to queue
[2026-09-25T17:19:52.082+0000] {logging_mixin.py:190} INFO - [2026-09-25T17:19:52.078+0000] {dagbag.py:588} INFO - Filling up the DagBag from /home/airflow/.local/lib/python3.12/site-packages/airflow/example_dags/tutorial_dag.py
[2026-09-25T17:19:52.107+0000] {processor.py:925} INFO - DAG(s) 'tutorial_dag' retrieved from /home/airflow/.local/lib/python3.12/site-packages/airflow/example_dags/tutorial_dag.py
[2026-09-25T17:19:52.196+0000] {logging_mixin.py:190} INFO - [2026-09-25T17:19:52.195+0000] {dag.py:3239} INFO - Sync 1 DAGs
[2026-09-25T17:19:52.261+0000] {logging_mixin.py:190} INFO - [2026-09-25T17:19:52.260+0000] {dag.py:4180} INFO - Setting next_dagrun for tutorial_dag to None, run_after=None
[2026-09-25T17:19:52.321+0000] {processor.py:208} INFO - Processing /home/airflow/.local/lib/python3.12/site-packages/airflow/example_dags/tutorial_dag.py took 0.271 seconds
[2026-09-25T17:20:50.125+0000] {processor.py:186} INFO - Started process (PID=2184) to work on /home/airflow/.local/lib/python3.12/site-packages/airflow/example_dags/tutorial_dag.py
[2026-09-25T17:20:50.134+0000] {processor.py:914} INFO - Processing file /home/airflow/.local/lib/python3.12/site-packages/airflow/example_dags/tutorial_dag.py for tasks to queue
[2026-09-25T17:20:50.148+0000] {logging_mixin.py:190} INFO - [2026-09-25T17:20:50.146+0000] {dagbag.py:588} INFO - Filling up the DagBag from /home/airflow/.local/lib/python3.12/site-packages/airflow/example_dags/tutorial_dag.py
[2026-09-25T17:20:50.218+0000] {processor.py:925} INFO - DAG(s) 'tutorial_dag' retrieved from /home/airflow/.local/lib/python3.12/site-packages/airflow/example_dags/tutorial_dag.py
[2026-09-25T17:20:50.477+0000] {logging_mixin.py:190} INFO - [2026-09-25T17:20:50.477+0000] {dag.py:3239} INFO - Sync 1 DAGs
[2026-09-25T17:20:50.579+0000] {logging_mixin.py:190} INFO - [2026-09-25T17:20:50.578+0000] {dag.py:4180} INFO - Setting next_dagrun for tutorial_dag to None, run_after=None
[2026-09-25T17:20:50.654+0000] {processor.py:208} INFO - Processing /home/airflow/.local/lib/python3.12/site-packages/airflow/example_dags/tutorial_dag.py took 0.561 seconds
[2026-09-25T17:21:26.687+0000] {processor.py:186} INFO - Started process (PID=2247) to work on /home/airflow/.local/lib/python3.12/site-packages/airflow/example_dags/tutorial_dag.py
[2026-09-25T17:21:26.691+0000] {processor.py:914} INFO - Processing file /home/airflow/.local/lib/python3.12/site-packages/airflow/example_dags/tutorial_dag.py for tasks to queue
[2026-09-25T17:21:26.704+0000] {logging_mixin.py:190} INFO - [2026-09-25T17:21:26.701+0000] {dagbag.py:588} INFO - Filling up the DagBag from /home/airflow/.local/lib/python3.12/site-packages/airflow/example_dags/tutorial_dag.py
[2026-09-25T17:21:26.727+0000] {processor.py:925} INFO - DAG(s) 'tutorial_dag' retrieved from /home/airflow/.local/lib/python3.12/site-packages/airflow/example_dags/tutorial_dag.py
[2026-09-25T17:21:26.803+0000] {logging_mixin.py:190} INFO - [2026-09-25T17:21:26.803+0000] {dag.py:3239} INFO - Sync 1 DAGs
[2026-09-25T17:21:27.127+0000] {logging_mixin.py:190} INFO - [2026-09-25T17:21:27.126+0000] {dag.py:4180} INFO - Setting next_dagrun for tutorial_dag to None, run_after=None
[2026-09-25T17:21:27.713+0000] {processor.py:208} INFO - Processing /home/airflow/.local/lib/python3.12/site-packages/airflow/example_dags/tutorial_dag.py took 1.061 seconds
[2026-09-25T17:22:47.285+0000] {processor.py:186} INFO - Started process (PID=2330) to work on /home/airflow/.local/lib/python3.12/site-packages/airflow/example_dags/tutorial_dag.py
[2026-09-25T17:22:47.288+0000] {processor.py:914} INFO - Processing file /home/airflow/.local/lib/python3.12/site-packages/airflow/example_dags/tutorial_dag.py for tasks to queue
[2026-09-25T17:22:47.301+0000] {logging_mixin.py:190} INFO - [2026-09-25T17:22:47.300+0000] {dagbag.py:588} INFO - Filling up the DagBag from /home/airflow/.local/lib/python3.12/site-packages/airflow/example_dags/tutorial_dag.py
[2026-09-25T17:22:47.354+0000] {processor.py:925} INFO - DAG(s) 'tutorial_dag' retrieved from /home/airflow/.local/lib/python3.12/site-packages/airflow/example_dags/tutorial_dag.py
[2026-09-25T17:22:47.543+0000] {logging_mixin.py:190} INFO - [2026-09-25T17:22:47.543+0000] {dag.py:3239} INFO - Sync 1 DAGs
[2026-09-25T17:22:47.597+0000] {logging_mixin.py:190} INFO - [2026-09-25T17:22:47.596+0000] {dag.py:4180} INFO - Setting next_dagrun for tutorial_dag to None, run_after=None
[2026-09-25T17:22:47.668+0000] {processor.py:208} INFO - Processing /home/airflow/.local/lib/python3.12/site-packages/airflow/example_dags/tutorial_dag.py took 0.410 seconds
[2026-09-25T17:23:26.775+0000] {processor.py:186} INFO - Started process (PID=2395) to work on /home/airflow/.local/lib/python3.12/site-packages/airflow/example_dags/tutorial_dag.py
[2026-09-25T17:23:26.782+0000] {processor.py:914} INFO - Processing file /home/airflow/.local/lib/python3.12/site-packages/airflow/example_dags/tutorial_dag.py for tasks to queue
[2026-09-25T17:23:26.795+0000] {logging_mixin.py:190} INFO - [2026-09-25T17:23:26.794+0000] {dagbag.py:588} INFO - Filling up the DagBag from /home/airflow/.local/lib/python3.12/site-packages/airflow/example_dags/tutorial_dag.py
[2026-09-25T17:23:26.983+0000] {processor.py:925} INFO - DAG(s) 'tutorial_dag' retrieved from /home/airflow/.local/lib/python3.12/site-packages/airflow/example_dags/tutorial_dag.py
[2026-09-25T17:23:27.357+0000] {logging_mixin.py:190} INFO - [2026-09-25T17:23:27.356+0000] {dag.py:3239} INFO - Sync 1 DAGs
[2026-09-25T17:23:27.420+0000] {logging_mixin.py:190} INFO - [2026-09-25T17:23:27.419+0000] {dag.py:4180} INFO - Setting next_dagrun for tutorial_dag to None, run_after=None
[2026-09-25T17:23:27.492+0000] {processor.py:208} INFO - Processing /home/airflow/.local/lib/python3.12/site-packages/airflow/example_dags/tutorial_dag.py took 0.835 seconds
[2026-09-25T17:24:03.823+0000] {processor.py:186} INFO - Started process (PID=2466) to work on /home/airflow/.local/lib/python3.12/site-packages/airflow/example_dags/tutorial_dag.py
[2026-09-25T17:24:03.826+0000] {processor.py:914} INFO - Processing file /home/airflow/.local/lib/python3.12/site-packages/airflow/example_dags/tutorial_dag.py for tasks to queue
[2026-09-25T17:24:03.840+0000] {logging_mixin.py:190} INFO - [2026-09-25T17:24:03.839+0000] {dagbag.py:588} INFO - Filling up the DagBag from /home/airflow/.local/lib/python3.12/site-packages/airflow/example_dags/tutorial_dag.py
[2026-09-25T17:24:03.864+0000] {processor.py:925} INFO - DAG(s) 'tutorial_dag' retrieved from /home/airflow/.local/lib/python3.12/site-packages/airflow/example_dags/tutorial_dag.py
[2026-09-25T17:24:03.921+0000] {logging_mixin.py:190} INFO - [2026-09-25T17:24:03.921+0000] {dag.py:3239} INFO - Sync 1 DAGs
[2026-09-25T17:24:03.990+0000] {logging_mixin.py:190} INFO - [2026-09-25T17:24:03.989+0000] {dag.py:4180} INFO - Setting next_dagrun for tutorial_dag to None, run_after=None
[2026-09-25T17:24:04.071+0000] {processor.py:208} INFO - Processing /home/airflow/.local/lib/python3.12/site-packages/airflow/example_dags/tutorial_dag.py took 0.267 seconds
[2026-09-25T17:24:45.496+0000] {processor.py:186} INFO - Started process (PID=2540) to work on /home/airflow/.local/lib/python3.12/site-packages/airflow/example_dags/tutorial_dag.py
[2026-09-25T17:24:45.507+0000] {processor.py:914} INFO - Processing file /home/airflow/.local/lib/python3.12/site-packages/airflow/example_dags/tutorial_dag.py for tasks to queue
[2026-09-25T17:24:45.513+0000] {logging_mixin.py:190} INFO - [2026-09-25T17:24:45.513+0000] {dagbag.py:588} INFO - Filling up the DagBag from /home/airflow/.local/lib/python3.12/site-packages/airflow/example_dags/tutorial_dag.py
[2026-09-25T17:24:45.543+0000] {processor.py:925} INFO - DAG(s) 'tutorial_dag' retrieved from /home/airflow/.local/lib/python3.12/site-packages/airflow/example_dags/tutorial_dag.py
[2026-09-25T17:24:45.612+0000] {logging_mixin.py:190} INFO - [2026-09-25T17:24:45.611+0000] {dag.py:3239} INFO - Sync 1 DAGs
[2026-09-25T17:24:45.665+0000] {logging_mixin.py:190} INFO - [2026-09-25T17:24:45.661+0000] {dag.py:4180} INFO - Setting next_dagrun for tutorial_dag to None, run_after=None
[2026-09-25T17:24:45.759+0000] {processor.py:208} INFO - Processing /home/airflow/.local/lib/python3.12/site-packages/airflow/example_dags/tutorial_dag.py took 0.301 seconds
