[2026-09-25T16:15:53.266+0000] {processor.py:186} INFO - Started process (PID=111) to work on /home/airflow/.local/lib/python3.12/site-packages/airflow/example_dags/tutorial_taskflow_api.py
[2026-09-25T16:15:53.275+0000] {processor.py:914} INFO - Processing file /home/airflow/.local/lib/python3.12/site-packages/airflow/example_dags/tutorial_taskflow_api.py for tasks to queue
[2026-09-25T16:15:53.319+0000] {logging_mixin.py:190} INFO - [2026-09-25T16:15:53.318+0000] {dagbag.py:588} INFO - Filling up the DagBag from /home/airflow/.local/lib/python3.12/site-packages/airflow/example_dags/tutorial_taskflow_api.py
[2026-09-25T16:15:53.478+0000] {processor.py:925} INFO - DAG(s) 'tutorial_taskflow_api' retrieved from /home/airflow/.local/lib/python3.12/site-packages/airflow/example_dags/tutorial_taskflow_api.py
[2026-09-25T16:15:53.855+0000] {logging_mixin.py:190} INFO - [2026-09-25T16:15:53.854+0000] {dag.py:3239} INFO - Sync 1 DAGs
[2026-09-25T16:15:54.364+0000] {logging_mixin.py:190} INFO - [2026-09-25T16:15:54.362+0000] {dag.py:4180} INFO - Setting next_dagrun for tutorial_taskflow_api to None, run_after=None
[2026-09-25T16:15:55.425+0000] {processor.py:208} INFO - Processing /home/airflow/.local/lib/python3.12/site-packages/airflow/example_dags/tutorial_taskflow_api.py took 2.246 seconds
[2026-09-25T16:18:40.209+0000] {processor.py:186} INFO - Started process (PID=204) to work on /home/airflow/.local/lib/python3.12/site-packages/airflow/example_dags/tutorial_taskflow_api.py
[2026-09-25T16:18:40.216+0000] {processor.py:914} INFO - Processing file /home/airflow/.local/lib/python3.12/site-packages/airflow/example_dags/tutorial_taskflow_api.py for tasks to queue
[2026-09-25T16:18:40.242+0000] {logging_mixin.py:190} INFO - [2026-09-25T16:18:40.241+0000] {dagbag.py:588} INFO - Filling up the DagBag from /home/airflow/.local/lib/python3.12/site-packages/airflow/example_dags/tutorial_taskflow_api.py
[2026-09-25T16:18:40.337+0000] {processor.py:925} INFO - DAG(s) 'tutorial_taskflow_api' retrieved from /home/airflow/.local/lib/python3.12/site-packages/airflow/example_dags/tutorial_taskflow_api.py
[2026-09-25T16:18:40.451+0000] {logging_mixin.py:190} INFO - [2026-09-25T16:18:40.450+0000] {dag.py:3239} INFO - Sync 1 DAGs
[2026-09-25T16:18:40.637+0000] {logging_mixin.py:190} INFO - [2026-09-25T16:18:40.637+0000] {dag.py:4180} INFO - Setting next_dagrun for tutorial_taskflow_api to None, run_after=None
[2026-09-25T16:18:40.767+0000] {processor.py:208} INFO - Processing /home/airflow/.local/lib/python3.12/site-packages/airflow/example_dags/tutorial_taskflow_api.py took 0.576 seconds
[2026-09-25T16:20:41.089+0000] {processor.py:186} INFO - Started process (PID=316) to work on /home/airflow/.local/lib/python3.12/site-packages/airflow/example_dags/tutorial_taskflow_api.py
[2026-09-25T16:20:41.092+0000] {processor.py:914} INFO - Processing file /home/airflow/.local/lib/python3.12/site-packages/airflow/example_dags/tutorial_taskflow_api.py for tasks to queue
[2026-09-25T16:20:41.123+0000] {logging_mixin.py:190} INFO - [2026-09-25T16:20:41.122+0000] {dagbag.py:588} INFO - Filling up the DagBag from /home/airflow/.local/lib/python3.12/site-packages/airflow/example_dags/tutorial_taskflow_api.py
[2026-09-25T16:20:41.365+0000] {processor.py:925} INFO - DAG(s) 'tutorial_taskflow_api' retrieved from /home/airflow/.local/lib/python3.12/site-packages/airflow/example_dags/tutorial_taskflow_api.py
[2026-09-25T16:20:41.928+0000] {logging_mixin.py:190} INFO - [2026-09-25T16:20:41.915+0000] {dag.py:3239} INFO - Sync 1 DAGs
[2026-09-25T16:20:42.254+0000] {logging_mixin.py:190} INFO - [2026-09-25T16:20:42.254+0000] {dag.py:4180} INFO - Setting next_dagrun for tutorial_taskflow_api to None, run_after=None
[2026-09-25T16:20:42.675+0000] {processor.py:208} INFO - Processing /home/airflow/.local/lib/python3.12/site-packages/airflow/example_dags/tutorial_taskflow_api.py took 1.614 seconds
[2026-09-25T16:21:39.800+0000] {processor.py:186} INFO - Started process (PID=384) to work on /home/airflow/.local/lib/python3.12/site-packages/airflow/example_dags/tutorial_taskflow_api.py
[2026-09-25T16:21:39.805+0000] {processor.py:914} INFO - Processing file /home/airflow/.local/lib/python3.12/site-packages/airflow/example_dags/tutorial_taskflow_api.py for tasks to queue
[2026-09-25T16:21:39.813+0000] {logging_mixin.py:190} INFO - [2026-09-25T16:21:39.812+0000] {dagbag.py:588} INFO - Filling up the DagBag from /home/airflow/.local/lib/python3.12/site-packages/airflow/example_dags/tutorial_taskflow_api.py
[2026-09-25T16:21:39.836+0000] {processor.py:925} INFO - DAG(s) 'tutorial_taskflow_api' retrieved from /home/airflow/.local/lib/python3.12/site-packages/airflow/example_dags/tutorial_taskflow_api.py
[2026-09-25T16:21:39.887+0000] {logging_mixin.py:190} INFO - [2026-09-25T16:21:39.886+0000] {dag.py:3239} INFO - Sync 1 DAGs
[2026-09-25T16:21:39.940+0000] {logging_mixin.py:190} INFO - [2026-09-25T16:21:39.940+0000] {dag.py:4180} INFO - Setting next_dagrun for tutorial_taskflow_api to None, run_after=None
[2026-09-25T16:21:39.990+0000] {processor.py:208} INFO - Processing /home/airflow/.local/lib/python3.12/site-packages/airflow/example_dags/tutorial_taskflow_api.py took 0.210 seconds
[2026-09-25T16:22:51.382+0000] {processor.py:186} INFO - Started process (PID=442) to work on /home/airflow/.local/lib/python3.12/site-packages/airflow/example_dags/tutorial_taskflow_api.py
[2026-09-25T16:22:51.395+0000] {processor.py:914} INFO - Processing file /home/airflow/.local/lib/python3.12/site-packages/airflow/example_dags/tutorial_taskflow_api.py for tasks to queue
[2026-09-25T16:22:51.440+0000] {logging_mixin.py:190} INFO - [2026-09-25T16:22:51.435+0000] {dagbag.py:588} INFO - Filling up the DagBag from /home/airflow/.local/lib/python3.12/site-packages/airflow/example_dags/tutorial_taskflow_api.py
[2026-09-25T16:22:51.529+0000] {processor.py:925} INFO - DAG(s) 'tutorial_taskflow_api' retrieved from /home/airflow/.local/lib/python3.12/site-packages/airflow/example_dags/tutorial_taskflow_api.py
[2026-09-25T16:22:51.945+0000] {logging_mixin.py:190} INFO - [2026-09-25T16:22:51.944+0000] {dag.py:3239} INFO - Sync 1 DAGs
[2026-09-25T16:22:52.021+0000] {logging_mixin.py:190} INFO - [2026-09-25T16:22:52.020+0000] {dag.py:4180} INFO - Setting next_dagrun for tutorial_taskflow_api to None, run_after=None
[2026-09-25T16:22:52.143+0000] {processor.py:208} INFO - Processing /home/airflow/.local/lib/python3.12/site-packages/airflow/example_dags/tutorial_taskflow_api.py took 0.802 seconds
[2026-09-25T16:23:25.622+0000] {processor.py:186} INFO - Started process (PID=505) to work on /home/airflow/.local/lib/python3.12/site-packages/airflow/example_dags/tutorial_taskflow_api.py
[2026-09-25T16:23:25.624+0000] {processor.py:914} INFO - Processing file /home/airflow/.local/lib/python3.12/site-packages/airflow/example_dags/tutorial_taskflow_api.py for tasks to queue
[2026-09-25T16:23:25.631+0000] {logging_mixin.py:190} INFO - [2026-09-25T16:23:25.630+0000] {dagbag.py:588} INFO - Filling up the DagBag from /home/airflow/.local/lib/python3.12/site-packages/airflow/example_dags/tutorial_taskflow_api.py
[2026-09-25T16:23:25.657+0000] {processor.py:925} INFO - DAG(s) 'tutorial_taskflow_api' retrieved from /home/airflow/.local/lib/python3.12/site-packages/airflow/example_dags/tutorial_taskflow_api.py
[2026-09-25T16:23:25.718+0000] {logging_mixin.py:190} INFO - [2026-09-25T16:23:25.718+0000] {dag.py:3239} INFO - Sync 1 DAGs
[2026-09-25T16:23:25.818+0000] {logging_mixin.py:190} INFO - [2026-09-25T16:23:25.818+0000] {dag.py:4180} INFO - Setting next_dagrun for tutorial_taskflow_api to None, run_after=None
[2026-09-25T16:23:25.864+0000] {processor.py:208} INFO - Processing /home/airflow/.local/lib/python3.12/site-packages/airflow/example_dags/tutorial_taskflow_api.py took 0.303 seconds
[2026-09-25T16:24:03.116+0000] {processor.py:186} INFO - Started process (PID=568) to work on /home/airflow/.local/lib/python3.12/site-packages/airflow/example_dags/tutorial_taskflow_api.py
[2026-09-25T16:24:03.121+0000] {processor.py:914} INFO - Processing file /home/airflow/.local/lib/python3.12/site-packages/airflow/example_dags/tutorial_taskflow_api.py for tasks to queue
[2026-09-25T16:24:03.131+0000] {logging_mixin.py:190} INFO - [2026-09-25T16:24:03.129+0000] {dagbag.py:588} INFO - Filling up the DagBag from /home/airflow/.local/lib/python3.12/site-packages/airflow/example_dags/tutorial_taskflow_api.py
[2026-09-25T16:24:03.184+0000] {processor.py:925} INFO - DAG(s) 'tutorial_taskflow_api' retrieved from /home/airflow/.local/lib/python3.12/site-packages/airflow/example_dags/tutorial_taskflow_api.py
[2026-09-25T16:24:03.295+0000] {logging_mixin.py:190} INFO - [2026-09-25T16:24:03.295+0000] {dag.py:3239} INFO - Sync 1 DAGs
[2026-09-25T16:24:03.387+0000] {logging_mixin.py:190} INFO - [2026-09-25T16:24:03.386+0000] {dag.py:4180} INFO - Setting next_dagrun for tutorial_taskflow_api to None, run_after=None
[2026-09-25T16:24:03.505+0000] {processor.py:208} INFO - Processing /home/airflow/.local/lib/python3.12/site-packages/airflow/example_dags/tutorial_taskflow_api.py took 0.422 seconds
[2026-09-25T16:24:40.246+0000] {processor.py:186} INFO - Started process (PID=636) to work on /home/airflow/.local/lib/python3.12/site-packages/airflow/example_dags/tutorial_taskflow_api.py
[2026-09-25T16:24:40.285+0000] {processor.py:914} INFO - Processing file /home/airflow/.local/lib/python3.12/site-packages/airflow/example_dags/tutorial_taskflow_api.py for tasks to queue
[2026-09-25T16:24:40.316+0000] {logging_mixin.py:190} INFO - [2026-09-25T16:24:40.314+0000] {dagbag.py:588} INFO - Filling up the DagBag from /home/airflow/.local/lib/python3.12/site-packages/airflow/example_dags/tutorial_taskflow_api.py
[2026-09-25T16:24:40.414+0000] {processor.py:925} INFO - DAG(s) 'tutorial_taskflow_api' retrieved from /home/airflow/.local/lib/python3.12/site-packages/airflow/example_dags/tutorial_taskflow_api.py
[2026-09-25T16:24:40.663+0000] {logging_mixin.py:190} INFO - [2026-09-25T16:24:40.662+0000] {dag.py:3239} INFO - Sync 1 DAGs
[2026-09-25T16:24:42.859+0000] {logging_mixin.py:190} INFO - [2026-09-25T16:24:42.858+0000] {dag.py:4180} INFO - Setting next_dagrun for tutorial_taskflow_api to None, run_after=None
[2026-09-25T16:24:44.696+0000] {processor.py:208} INFO - Processing /home/airflow/.local/lib/python3.12/site-packages/airflow/example_dags/tutorial_taskflow_api.py took 4.498 seconds
[2026-09-25T16:25:18.968+0000] {processor.py:186} INFO - Started process (PID=699) to work on /home/airflow/.local/lib/python3.12/site-packages/airflow/example_dags/tutorial_taskflow_api.py
[2026-09-25T16:25:18.981+0000] {processor.py:914} INFO - Processing file /home/airflow/.local/lib/python3.12/site-packages/airflow/example_dags/tutorial_taskflow_api.py for tasks to queue
[2026-09-25T16:25:19.014+0000] {logging_mixin.py:190} INFO - [2026-09-25T16:25:19.013+0000] {dagbag.py:588} INFO - Filling up the DagBag from /home/airflow/.local/lib/python3.12/site-packages/airflow/example_dags/tutorial_taskflow_api.py
[2026-09-25T16:25:19.045+0000] {processor.py:925} INFO - DAG(s) 'tutorial_taskflow_api' retrieved from /home/airflow/.local/lib/python3.12/site-packages/airflow/example_dags/tutorial_taskflow_api.py
[2026-09-25T16:25:19.175+0000] {logging_mixin.py:190} INFO - [2026-09-25T16:25:19.173+0000] {dag.py:3239} INFO - Sync 1 DAGs
[2026-09-25T16:25:19.515+0000] {logging_mixin.py:190} INFO - [2026-09-25T16:25:19.514+0000] {dag.py:4180} INFO - Setting next_dagrun for tutorial_taskflow_api to None, run_after=None
[2026-09-25T16:25:19.762+0000] {processor.py:208} INFO - Processing /home/airflow/.local/lib/python3.12/site-packages/airflow/example_dags/tutorial_taskflow_api.py took 0.849 seconds
[2026-09-25T16:25:56.952+0000] {processor.py:186} INFO - Started process (PID=763) to work on /home/airflow/.local/lib/python3.12/site-packages/airflow/example_dags/tutorial_taskflow_api.py
[2026-09-25T16:25:57.184+0000] {processor.py:914} INFO - Processing file /home/airflow/.local/lib/python3.12/site-packages/airflow/example_dags/tutorial_taskflow_api.py for tasks to queue
[2026-09-25T16:25:57.250+0000] {logging_mixin.py:190} INFO - [2026-09-25T16:25:57.240+0000] {dagbag.py:588} INFO - Filling up the DagBag from /home/airflow/.local/lib/python3.12/site-packages/airflow/example_dags/tutorial_taskflow_api.py
[2026-09-25T16:25:57.275+0000] {processor.py:925} INFO - DAG(s) 'tutorial_taskflow_api' retrieved from /home/airflow/.local/lib/python3.12/site-packages/airflow/example_dags/tutorial_taskflow_api.py
[2026-09-25T16:25:57.380+0000] {logging_mixin.py:190} INFO - [2026-09-25T16:25:57.380+0000] {dag.py:3239} INFO - Sync 1 DAGs
[2026-09-25T16:25:57.512+0000] {logging_mixin.py:190} INFO - [2026-09-25T16:25:57.511+0000] {dag.py:4180} INFO - Setting next_dagrun for tutorial_taskflow_api to None, run_after=None
[2026-09-25T16:25:57.580+0000] {processor.py:208} INFO - Processing /home/airflow/.local/lib/python3.12/site-packages/airflow/example_dags/tutorial_taskflow_api.py took 0.675 seconds
[2026-09-25T16:26:27.884+0000] {processor.py:186} INFO - Started process (PID=824) to work on /home/airflow/.local/lib/python3.12/site-packages/airflow/example_dags/tutorial_taskflow_api.py
[2026-09-25T16:26:27.887+0000] {processor.py:914} INFO - Processing file /home/airflow/.local/lib/python3.12/site-packages/airflow/example_dags/tutorial_taskflow_api.py for tasks to queue
[2026-09-25T16:26:27.891+0000] {logging_mixin.py:190} INFO - [2026-09-25T16:26:27.890+0000] {dagbag.py:588} INFO - Filling up the DagBag from /home/airflow/.local/lib/python3.12/site-packages/airflow/example_dags/tutorial_taskflow_api.py
[2026-09-25T16:26:27.909+0000] {processor.py:925} INFO - DAG(s) 'tutorial_taskflow_api' retrieved from /home/airflow/.local/lib/python3.12/site-packages/airflow/example_dags/tutorial_taskflow_api.py
[2026-09-25T16:26:27.959+0000] {logging_mixin.py:190} INFO - [2026-09-25T16:26:27.958+0000] {dag.py:3239} INFO - Sync 1 DAGs
[2026-09-25T16:26:27.992+0000] {logging_mixin.py:190} INFO - [2026-09-25T16:26:27.992+0000] {dag.py:4180} INFO - Setting next_dagrun for tutorial_taskflow_api to None, run_after=None
[2026-09-25T16:26:28.064+0000] {processor.py:208} INFO - Processing /home/airflow/.local/lib/python3.12/site-packages/airflow/example_dags/tutorial_taskflow_api.py took 0.193 seconds
[2026-09-25T16:27:07.140+0000] {processor.py:186} INFO - Started process (PID=888) to work on /home/airflow/.local/lib/python3.12/site-packages/airflow/example_dags/tutorial_taskflow_api.py
[2026-09-25T16:27:07.146+0000] {processor.py:914} INFO - Processing file /home/airflow/.local/lib/python3.12/site-packages/airflow/example_dags/tutorial_taskflow_api.py for tasks to queue
[2026-09-25T16:27:07.154+0000] {logging_mixin.py:190} INFO - [2026-09-25T16:27:07.153+0000] {dagbag.py:588} INFO - Filling up the DagBag from /home/airflow/.local/lib/python3.12/site-packages/airflow/example_dags/tutorial_taskflow_api.py
[2026-09-25T16:27:07.178+0000] {processor.py:925} INFO - DAG(s) 'tutorial_taskflow_api' retrieved from /home/airflow/.local/lib/python3.12/site-packages/airflow/example_dags/tutorial_taskflow_api.py
[2026-09-25T16:27:07.531+0000] {logging_mixin.py:190} INFO - [2026-09-25T16:27:07.530+0000] {dag.py:3239} INFO - Sync 1 DAGs
[2026-09-25T16:27:07.834+0000] {logging_mixin.py:190} INFO - [2026-09-25T16:27:07.833+0000] {dag.py:4180} INFO - Setting next_dagrun for tutorial_taskflow_api to None, run_after=None
[2026-09-25T16:27:07.952+0000] {processor.py:208} INFO - Processing /home/airflow/.local/lib/python3.12/site-packages/airflow/example_dags/tutorial_taskflow_api.py took 0.837 seconds
[2026-09-25T16:27:52.907+0000] {processor.py:186} INFO - Started process (PID=956) to work on /home/airflow/.local/lib/python3.12/site-packages/airflow/example_dags/tutorial_taskflow_api.py
[2026-09-25T16:27:52.972+0000] {processor.py:914} INFO - Processing file /home/airflow/.local/lib/python3.12/site-packages/airflow/example_dags/tutorial_taskflow_api.py for tasks to queue
[2026-09-25T16:27:53.262+0000] {logging_mixin.py:190} INFO - [2026-09-25T16:27:53.259+0000] {dagbag.py:588} INFO - Filling up the DagBag from /home/airflow/.local/lib/python3.12/site-packages/airflow/example_dags/tutorial_taskflow_api.py
[2026-09-25T16:27:53.357+0000] {processor.py:925} INFO - DAG(s) 'tutorial_taskflow_api' retrieved from /home/airflow/.local/lib/python3.12/site-packages/airflow/example_dags/tutorial_taskflow_api.py
[2026-09-25T16:27:53.722+0000] {logging_mixin.py:190} INFO - [2026-09-25T16:27:53.720+0000] {dag.py:3239} INFO - Sync 1 DAGs
[2026-09-25T16:27:53.940+0000] {logging_mixin.py:190} INFO - [2026-09-25T16:27:53.940+0000] {dag.py:4180} INFO - Setting next_dagrun for tutorial_taskflow_api to None, run_after=None
[2026-09-25T16:27:54.022+0000] {processor.py:208} INFO - Processing /home/airflow/.local/lib/python3.12/site-packages/airflow/example_dags/tutorial_taskflow_api.py took 1.241 seconds
[2026-09-25T16:28:55.965+0000] {processor.py:186} INFO - Started process (PID=1035) to work on /home/airflow/.local/lib/python3.12/site-packages/airflow/example_dags/tutorial_taskflow_api.py
[2026-09-25T16:28:55.969+0000] {processor.py:914} INFO - Processing file /home/airflow/.local/lib/python3.12/site-packages/airflow/example_dags/tutorial_taskflow_api.py for tasks to queue
[2026-09-25T16:28:55.980+0000] {logging_mixin.py:190} INFO - [2026-09-25T16:28:55.977+0000] {dagbag.py:588} INFO - Filling up the DagBag from /home/airflow/.local/lib/python3.12/site-packages/airflow/example_dags/tutorial_taskflow_api.py
[2026-09-25T16:28:56.095+0000] {processor.py:925} INFO - DAG(s) 'tutorial_taskflow_api' retrieved from /home/airflow/.local/lib/python3.12/site-packages/airflow/example_dags/tutorial_taskflow_api.py
[2026-09-25T16:28:56.223+0000] {logging_mixin.py:190} INFO - [2026-09-25T16:28:56.223+0000] {dag.py:3239} INFO - Sync 1 DAGs
[2026-09-25T16:28:56.310+0000] {logging_mixin.py:190} INFO - [2026-09-25T16:28:56.310+0000] {dag.py:4180} INFO - Setting next_dagrun for tutorial_taskflow_api to None, run_after=None
[2026-09-25T16:28:56.607+0000] {processor.py:208} INFO - Processing /home/airflow/.local/lib/python3.12/site-packages/airflow/example_dags/tutorial_taskflow_api.py took 0.690 seconds
[2026-09-25T16:43:46.744+0000] {processor.py:186} INFO - Started process (PID=92) to work on /home/airflow/.local/lib/python3.12/site-packages/airflow/example_dags/tutorial_taskflow_api.py
[2026-09-25T16:43:46.757+0000] {processor.py:914} INFO - Processing file /home/airflow/.local/lib/python3.12/site-packages/airflow/example_dags/tutorial_taskflow_api.py for tasks to queue
[2026-09-25T16:43:46.778+0000] {logging_mixin.py:190} INFO - [2026-09-25T16:43:46.777+0000] {dagbag.py:588} INFO - Filling up the DagBag from /home/airflow/.local/lib/python3.12/site-packages/airflow/example_dags/tutorial_taskflow_api.py
[2026-09-25T16:43:46.962+0000] {processor.py:925} INFO - DAG(s) 'tutorial_taskflow_api' retrieved from /home/airflow/.local/lib/python3.12/site-packages/airflow/example_dags/tutorial_taskflow_api.py
[2026-09-25T16:43:47.125+0000] {logging_mixin.py:190} INFO - [2026-09-25T16:43:47.124+0000] {dag.py:3239} INFO - Sync 1 DAGs
[2026-09-25T16:43:47.287+0000] {logging_mixin.py:190} INFO - [2026-09-25T16:43:47.283+0000] {dag.py:4180} INFO - Setting next_dagrun for tutorial_taskflow_api to None, run_after=None
[2026-09-25T16:43:47.449+0000] {processor.py:208} INFO - Processing /home/airflow/.local/lib/python3.12/site-packages/airflow/example_dags/tutorial_taskflow_api.py took 0.759 seconds
[2026-09-25T16:44:19.029+0000] {processor.py:186} INFO - Started process (PID=154) to work on /home/airflow/.local/lib/python3.12/site-packages/airflow/example_dags/tutorial_taskflow_api.py
[2026-09-25T16:44:19.031+0000] {processor.py:914} INFO - Processing file /home/airflow/.local/lib/python3.12/site-packages/airflow/example_dags/tutorial_taskflow_api.py for tasks to queue
[2026-09-25T16:44:19.038+0000] {logging_mixin.py:190} INFO - [2026-09-25T16:44:19.037+0000] {dagbag.py:588} INFO - Filling up the DagBag from /home/airflow/.local/lib/python3.12/site-packages/airflow/example_dags/tutorial_taskflow_api.py
[2026-09-25T16:44:19.107+0000] {processor.py:925} INFO - DAG(s) 'tutorial_taskflow_api' retrieved from /home/airflow/.local/lib/python3.12/site-packages/airflow/example_dags/tutorial_taskflow_api.py
[2026-09-25T16:44:19.281+0000] {logging_mixin.py:190} INFO - [2026-09-25T16:44:19.281+0000] {dag.py:3239} INFO - Sync 1 DAGs
[2026-09-25T16:44:19.383+0000] {logging_mixin.py:190} INFO - [2026-09-25T16:44:19.382+0000] {dag.py:4180} INFO - Setting next_dagrun for tutorial_taskflow_api to None, run_after=None
[2026-09-25T16:44:19.470+0000] {processor.py:208} INFO - Processing /home/airflow/.local/lib/python3.12/site-packages/airflow/example_dags/tutorial_taskflow_api.py took 0.628 seconds
[2026-09-25T16:44:52.219+0000] {processor.py:186} INFO - Started process (PID=217) to work on /home/airflow/.local/lib/python3.12/site-packages/airflow/example_dags/tutorial_taskflow_api.py
[2026-09-25T16:44:52.224+0000] {processor.py:914} INFO - Processing file /home/airflow/.local/lib/python3.12/site-packages/airflow/example_dags/tutorial_taskflow_api.py for tasks to queue
[2026-09-25T16:44:52.229+0000] {logging_mixin.py:190} INFO - [2026-09-25T16:44:52.229+0000] {dagbag.py:588} INFO - Filling up the DagBag from /home/airflow/.local/lib/python3.12/site-packages/airflow/example_dags/tutorial_taskflow_api.py
[2026-09-25T16:44:52.258+0000] {processor.py:925} INFO - DAG(s) 'tutorial_taskflow_api' retrieved from /home/airflow/.local/lib/python3.12/site-packages/airflow/example_dags/tutorial_taskflow_api.py
[2026-09-25T16:44:52.329+0000] {logging_mixin.py:190} INFO - [2026-09-25T16:44:52.328+0000] {dag.py:3239} INFO - Sync 1 DAGs
[2026-09-25T16:44:52.374+0000] {logging_mixin.py:190} INFO - [2026-09-25T16:44:52.373+0000] {dag.py:4180} INFO - Setting next_dagrun for tutorial_taskflow_api to None, run_after=None
[2026-09-25T16:44:52.452+0000] {processor.py:208} INFO - Processing /home/airflow/.local/lib/python3.12/site-packages/airflow/example_dags/tutorial_taskflow_api.py took 0.246 seconds
[2026-09-25T16:45:22.996+0000] {processor.py:186} INFO - Started process (PID=279) to work on /home/airflow/.local/lib/python3.12/site-packages/airflow/example_dags/tutorial_taskflow_api.py
[2026-09-25T16:45:22.999+0000] {processor.py:914} INFO - Processing file /home/airflow/.local/lib/python3.12/site-packages/airflow/example_dags/tutorial_taskflow_api.py for tasks to queue
[2026-09-25T16:45:23.021+0000] {logging_mixin.py:190} INFO - [2026-09-25T16:45:23.021+0000] {dagbag.py:588} INFO - Filling up the DagBag from /home/airflow/.local/lib/python3.12/site-packages/airflow/example_dags/tutorial_taskflow_api.py
[2026-09-25T16:45:23.038+0000] {processor.py:925} INFO - DAG(s) 'tutorial_taskflow_api' retrieved from /home/airflow/.local/lib/python3.12/site-packages/airflow/example_dags/tutorial_taskflow_api.py
[2026-09-25T16:45:23.082+0000] {logging_mixin.py:190} INFO - [2026-09-25T16:45:23.081+0000] {dag.py:3239} INFO - Sync 1 DAGs
[2026-09-25T16:45:23.139+0000] {logging_mixin.py:190} INFO - [2026-09-25T16:45:23.138+0000] {dag.py:4180} INFO - Setting next_dagrun for tutorial_taskflow_api to None, run_after=None
[2026-09-25T16:45:23.215+0000] {processor.py:208} INFO - Processing /home/airflow/.local/lib/python3.12/site-packages/airflow/example_dags/tutorial_taskflow_api.py took 0.236 seconds
[2026-09-25T16:45:53.446+0000] {processor.py:186} INFO - Started process (PID=341) to work on /home/airflow/.local/lib/python3.12/site-packages/airflow/example_dags/tutorial_taskflow_api.py
[2026-09-25T16:45:53.449+0000] {processor.py:914} INFO - Processing file /home/airflow/.local/lib/python3.12/site-packages/airflow/example_dags/tutorial_taskflow_api.py for tasks to queue
[2026-09-25T16:45:53.455+0000] {logging_mixin.py:190} INFO - [2026-09-25T16:45:53.454+0000] {dagbag.py:588} INFO - Filling up the DagBag from /home/airflow/.local/lib/python3.12/site-packages/airflow/example_dags/tutorial_taskflow_api.py
[2026-09-25T16:45:53.472+0000] {processor.py:925} INFO - DAG(s) 'tutorial_taskflow_api' retrieved from /home/airflow/.local/lib/python3.12/site-packages/airflow/example_dags/tutorial_taskflow_api.py
[2026-09-25T16:45:53.526+0000] {logging_mixin.py:190} INFO - [2026-09-25T16:45:53.526+0000] {dag.py:3239} INFO - Sync 1 DAGs
[2026-09-25T16:45:53.558+0000] {logging_mixin.py:190} INFO - [2026-09-25T16:45:53.558+0000] {dag.py:4180} INFO - Setting next_dagrun for tutorial_taskflow_api to None, run_after=None
[2026-09-25T16:45:53.603+0000] {processor.py:208} INFO - Processing /home/airflow/.local/lib/python3.12/site-packages/airflow/example_dags/tutorial_taskflow_api.py took 0.168 seconds
[2026-09-25T16:46:26.421+0000] {processor.py:186} INFO - Started process (PID=403) to work on /home/airflow/.local/lib/python3.12/site-packages/airflow/example_dags/tutorial_taskflow_api.py
[2026-09-25T16:46:26.424+0000] {processor.py:914} INFO - Processing file /home/airflow/.local/lib/python3.12/site-packages/airflow/example_dags/tutorial_taskflow_api.py for tasks to queue
[2026-09-25T16:46:26.430+0000] {logging_mixin.py:190} INFO - [2026-09-25T16:46:26.429+0000] {dagbag.py:588} INFO - Filling up the DagBag from /home/airflow/.local/lib/python3.12/site-packages/airflow/example_dags/tutorial_taskflow_api.py
[2026-09-25T16:46:26.457+0000] {processor.py:925} INFO - DAG(s) 'tutorial_taskflow_api' retrieved from /home/airflow/.local/lib/python3.12/site-packages/airflow/example_dags/tutorial_taskflow_api.py
[2026-09-25T16:46:26.508+0000] {logging_mixin.py:190} INFO - [2026-09-25T16:46:26.508+0000] {dag.py:3239} INFO - Sync 1 DAGs
[2026-09-25T16:46:26.551+0000] {logging_mixin.py:190} INFO - [2026-09-25T16:46:26.550+0000] {dag.py:4180} INFO - Setting next_dagrun for tutorial_taskflow_api to None, run_after=None
[2026-09-25T16:46:26.612+0000] {processor.py:208} INFO - Processing /home/airflow/.local/lib/python3.12/site-packages/airflow/example_dags/tutorial_taskflow_api.py took 0.207 seconds
[2026-09-25T16:46:57.479+0000] {processor.py:186} INFO - Started process (PID=465) to work on /home/airflow/.local/lib/python3.12/site-packages/airflow/example_dags/tutorial_taskflow_api.py
[2026-09-25T16:46:57.486+0000] {processor.py:914} INFO - Processing file /home/airflow/.local/lib/python3.12/site-packages/airflow/example_dags/tutorial_taskflow_api.py for tasks to queue
[2026-09-25T16:46:57.496+0000] {logging_mixin.py:190} INFO - [2026-09-25T16:46:57.495+0000] {dagbag.py:588} INFO - Filling up the DagBag from /home/airflow/.local/lib/python3.12/site-packages/airflow/example_dags/tutorial_taskflow_api.py
[2026-09-25T16:46:57.539+0000] {processor.py:925} INFO - DAG(s) 'tutorial_taskflow_api' retrieved from /home/airflow/.local/lib/python3.12/site-packages/airflow/example_dags/tutorial_taskflow_api.py
[2026-09-25T16:46:57.642+0000] {logging_mixin.py:190} INFO - [2026-09-25T16:46:57.641+0000] {dag.py:3239} INFO - Sync 1 DAGs
[2026-09-25T16:46:57.701+0000] {logging_mixin.py:190} INFO - [2026-09-25T16:46:57.700+0000] {dag.py:4180} INFO - Setting next_dagrun for tutorial_taskflow_api to None, run_after=None
[2026-09-25T16:46:57.879+0000] {processor.py:208} INFO - Processing /home/airflow/.local/lib/python3.12/site-packages/airflow/example_dags/tutorial_taskflow_api.py took 0.435 seconds
[2026-09-25T16:47:39.825+0000] {processor.py:186} INFO - Started process (PID=526) to work on /home/airflow/.local/lib/python3.12/site-packages/airflow/example_dags/tutorial_taskflow_api.py
[2026-09-25T16:47:39.828+0000] {processor.py:914} INFO - Processing file /home/airflow/.local/lib/python3.12/site-packages/airflow/example_dags/tutorial_taskflow_api.py for tasks to queue
[2026-09-25T16:47:39.852+0000] {logging_mixin.py:190} INFO - [2026-09-25T16:47:39.851+0000] {dagbag.py:588} INFO - Filling up the DagBag from /home/airflow/.local/lib/python3.12/site-packages/airflow/example_dags/tutorial_taskflow_api.py
[2026-09-25T16:47:39.931+0000] {processor.py:925} INFO - DAG(s) 'tutorial_taskflow_api' retrieved from /home/airflow/.local/lib/python3.12/site-packages/airflow/example_dags/tutorial_taskflow_api.py
[2026-09-25T16:47:40.221+0000] {logging_mixin.py:190} INFO - [2026-09-25T16:47:40.221+0000] {dag.py:3239} INFO - Sync 1 DAGs
[2026-09-25T16:47:41.397+0000] {logging_mixin.py:190} INFO - [2026-09-25T16:47:41.387+0000] {dag.py:4180} INFO - Setting next_dagrun for tutorial_taskflow_api to None, run_after=None
[2026-09-25T16:47:41.738+0000] {processor.py:208} INFO - Processing /home/airflow/.local/lib/python3.12/site-packages/airflow/example_dags/tutorial_taskflow_api.py took 2.013 seconds
[2026-09-25T16:48:18.161+0000] {processor.py:186} INFO - Started process (PID=588) to work on /home/airflow/.local/lib/python3.12/site-packages/airflow/example_dags/tutorial_taskflow_api.py
[2026-09-25T16:48:18.169+0000] {processor.py:914} INFO - Processing file /home/airflow/.local/lib/python3.12/site-packages/airflow/example_dags/tutorial_taskflow_api.py for tasks to queue
[2026-09-25T16:48:18.188+0000] {logging_mixin.py:190} INFO - [2026-09-25T16:48:18.188+0000] {dagbag.py:588} INFO - Filling up the DagBag from /home/airflow/.local/lib/python3.12/site-packages/airflow/example_dags/tutorial_taskflow_api.py
[2026-09-25T16:48:18.223+0000] {processor.py:925} INFO - DAG(s) 'tutorial_taskflow_api' retrieved from /home/airflow/.local/lib/python3.12/site-packages/airflow/example_dags/tutorial_taskflow_api.py
[2026-09-25T16:48:18.274+0000] {logging_mixin.py:190} INFO - [2026-09-25T16:48:18.273+0000] {dag.py:3239} INFO - Sync 1 DAGs
[2026-09-25T16:48:18.315+0000] {logging_mixin.py:190} INFO - [2026-09-25T16:48:18.315+0000] {dag.py:4180} INFO - Setting next_dagrun for tutorial_taskflow_api to None, run_after=None
[2026-09-25T16:48:18.368+0000] {processor.py:208} INFO - Processing /home/airflow/.local/lib/python3.12/site-packages/airflow/example_dags/tutorial_taskflow_api.py took 0.249 seconds
[2026-09-25T16:48:49.664+0000] {processor.py:186} INFO - Started process (PID=651) to work on /home/airflow/.local/lib/python3.12/site-packages/airflow/example_dags/tutorial_taskflow_api.py
[2026-09-25T16:48:49.669+0000] {processor.py:914} INFO - Processing file /home/airflow/.local/lib/python3.12/site-packages/airflow/example_dags/tutorial_taskflow_api.py for tasks to queue
[2026-09-25T16:48:49.674+0000] {logging_mixin.py:190} INFO - [2026-09-25T16:48:49.674+0000] {dagbag.py:588} INFO - Filling up the DagBag from /home/airflow/.local/lib/python3.12/site-packages/airflow/example_dags/tutorial_taskflow_api.py
[2026-09-25T16:48:49.729+0000] {processor.py:925} INFO - DAG(s) 'tutorial_taskflow_api' retrieved from /home/airflow/.local/lib/python3.12/site-packages/airflow/example_dags/tutorial_taskflow_api.py
[2026-09-25T16:48:49.835+0000] {logging_mixin.py:190} INFO - [2026-09-25T16:48:49.834+0000] {dag.py:3239} INFO - Sync 1 DAGs
[2026-09-25T16:48:49.874+0000] {logging_mixin.py:190} INFO - [2026-09-25T16:48:49.874+0000] {dag.py:4180} INFO - Setting next_dagrun for tutorial_taskflow_api to None, run_after=None
[2026-09-25T16:48:49.914+0000] {processor.py:208} INFO - Processing /home/airflow/.local/lib/python3.12/site-packages/airflow/example_dags/tutorial_taskflow_api.py took 0.268 seconds
[2026-09-25T16:49:21.151+0000] {processor.py:186} INFO - Started process (PID=714) to work on /home/airflow/.local/lib/python3.12/site-packages/airflow/example_dags/tutorial_taskflow_api.py
[2026-09-25T16:49:21.155+0000] {processor.py:914} INFO - Processing file /home/airflow/.local/lib/python3.12/site-packages/airflow/example_dags/tutorial_taskflow_api.py for tasks to queue
[2026-09-25T16:49:21.160+0000] {logging_mixin.py:190} INFO - [2026-09-25T16:49:21.160+0000] {dagbag.py:588} INFO - Filling up the DagBag from /home/airflow/.local/lib/python3.12/site-packages/airflow/example_dags/tutorial_taskflow_api.py
[2026-09-25T16:49:21.180+0000] {processor.py:925} INFO - DAG(s) 'tutorial_taskflow_api' retrieved from /home/airflow/.local/lib/python3.12/site-packages/airflow/example_dags/tutorial_taskflow_api.py
[2026-09-25T16:49:21.229+0000] {logging_mixin.py:190} INFO - [2026-09-25T16:49:21.229+0000] {dag.py:3239} INFO - Sync 1 DAGs
[2026-09-25T16:49:21.271+0000] {logging_mixin.py:190} INFO - [2026-09-25T16:49:21.270+0000] {dag.py:4180} INFO - Setting next_dagrun for tutorial_taskflow_api to None, run_after=None
[2026-09-25T16:49:21.316+0000] {processor.py:208} INFO - Processing /home/airflow/.local/lib/python3.12/site-packages/airflow/example_dags/tutorial_taskflow_api.py took 0.178 seconds
[2026-09-25T16:57:06.905+0000] {processor.py:186} INFO - Started process (PID=105) to work on /home/airflow/.local/lib/python3.12/site-packages/airflow/example_dags/tutorial_taskflow_api.py
[2026-09-25T16:57:06.969+0000] {processor.py:914} INFO - Processing file /home/airflow/.local/lib/python3.12/site-packages/airflow/example_dags/tutorial_taskflow_api.py for tasks to queue
[2026-09-25T16:57:07.055+0000] {logging_mixin.py:190} INFO - [2026-09-25T16:57:07.054+0000] {dagbag.py:588} INFO - Filling up the DagBag from /home/airflow/.local/lib/python3.12/site-packages/airflow/example_dags/tutorial_taskflow_api.py
[2026-09-25T16:57:07.148+0000] {processor.py:925} INFO - DAG(s) 'tutorial_taskflow_api' retrieved from /home/airflow/.local/lib/python3.12/site-packages/airflow/example_dags/tutorial_taskflow_api.py
[2026-09-25T16:57:07.470+0000] {logging_mixin.py:190} INFO - [2026-09-25T16:57:07.469+0000] {dag.py:3239} INFO - Sync 1 DAGs
[2026-09-25T16:57:07.682+0000] {logging_mixin.py:190} INFO - [2026-09-25T16:57:07.682+0000] {dag.py:4180} INFO - Setting next_dagrun for tutorial_taskflow_api to None, run_after=None
[2026-09-25T16:57:08.189+0000] {processor.py:208} INFO - Processing /home/airflow/.local/lib/python3.12/site-packages/airflow/example_dags/tutorial_taskflow_api.py took 1.365 seconds
[2026-09-25T16:58:35.273+0000] {processor.py:186} INFO - Started process (PID=178) to work on /home/airflow/.local/lib/python3.12/site-packages/airflow/example_dags/tutorial_taskflow_api.py
[2026-09-25T16:58:35.276+0000] {processor.py:914} INFO - Processing file /home/airflow/.local/lib/python3.12/site-packages/airflow/example_dags/tutorial_taskflow_api.py for tasks to queue
[2026-09-25T16:58:35.281+0000] {logging_mixin.py:190} INFO - [2026-09-25T16:58:35.281+0000] {dagbag.py:588} INFO - Filling up the DagBag from /home/airflow/.local/lib/python3.12/site-packages/airflow/example_dags/tutorial_taskflow_api.py
[2026-09-25T16:58:35.304+0000] {processor.py:925} INFO - DAG(s) 'tutorial_taskflow_api' retrieved from /home/airflow/.local/lib/python3.12/site-packages/airflow/example_dags/tutorial_taskflow_api.py
[2026-09-25T16:58:35.356+0000] {logging_mixin.py:190} INFO - [2026-09-25T16:58:35.355+0000] {dag.py:3239} INFO - Sync 1 DAGs
[2026-09-25T16:58:35.399+0000] {logging_mixin.py:190} INFO - [2026-09-25T16:58:35.399+0000] {dag.py:4180} INFO - Setting next_dagrun for tutorial_taskflow_api to None, run_after=None
[2026-09-25T16:58:35.487+0000] {processor.py:208} INFO - Processing /home/airflow/.local/lib/python3.12/site-packages/airflow/example_dags/tutorial_taskflow_api.py took 0.227 seconds
[2026-09-25T16:59:08.521+0000] {processor.py:186} INFO - Started process (PID=241) to work on /home/airflow/.local/lib/python3.12/site-packages/airflow/example_dags/tutorial_taskflow_api.py
[2026-09-25T16:59:08.523+0000] {processor.py:914} INFO - Processing file /home/airflow/.local/lib/python3.12/site-packages/airflow/example_dags/tutorial_taskflow_api.py for tasks to queue
[2026-09-25T16:59:08.529+0000] {logging_mixin.py:190} INFO - [2026-09-25T16:59:08.528+0000] {dagbag.py:588} INFO - Filling up the DagBag from /home/airflow/.local/lib/python3.12/site-packages/airflow/example_dags/tutorial_taskflow_api.py
[2026-09-25T16:59:08.549+0000] {processor.py:925} INFO - DAG(s) 'tutorial_taskflow_api' retrieved from /home/airflow/.local/lib/python3.12/site-packages/airflow/example_dags/tutorial_taskflow_api.py
[2026-09-25T16:59:08.620+0000] {logging_mixin.py:190} INFO - [2026-09-25T16:59:08.620+0000] {dag.py:3239} INFO - Sync 1 DAGs
[2026-09-25T16:59:08.680+0000] {logging_mixin.py:190} INFO - [2026-09-25T16:59:08.678+0000] {dag.py:4180} INFO - Setting next_dagrun for tutorial_taskflow_api to None, run_after=None
[2026-09-25T16:59:08.809+0000] {processor.py:208} INFO - Processing /home/airflow/.local/lib/python3.12/site-packages/airflow/example_dags/tutorial_taskflow_api.py took 0.302 seconds
[2026-09-25T16:59:52.874+0000] {processor.py:186} INFO - Started process (PID=305) to work on /home/airflow/.local/lib/python3.12/site-packages/airflow/example_dags/tutorial_taskflow_api.py
[2026-09-25T16:59:52.876+0000] {processor.py:914} INFO - Processing file /home/airflow/.local/lib/python3.12/site-packages/airflow/example_dags/tutorial_taskflow_api.py for tasks to queue
[2026-09-25T16:59:52.882+0000] {logging_mixin.py:190} INFO - [2026-09-25T16:59:52.881+0000] {dagbag.py:588} INFO - Filling up the DagBag from /home/airflow/.local/lib/python3.12/site-packages/airflow/example_dags/tutorial_taskflow_api.py
[2026-09-25T16:59:52.899+0000] {processor.py:925} INFO - DAG(s) 'tutorial_taskflow_api' retrieved from /home/airflow/.local/lib/python3.12/site-packages/airflow/example_dags/tutorial_taskflow_api.py
[2026-09-25T16:59:52.935+0000] {logging_mixin.py:190} INFO - [2026-09-25T16:59:52.935+0000] {dag.py:3239} INFO - Sync 1 DAGs
[2026-09-25T16:59:52.975+0000] {logging_mixin.py:190} INFO - [2026-09-25T16:59:52.974+0000] {dag.py:4180} INFO - Setting next_dagrun for tutorial_taskflow_api to None, run_after=None
[2026-09-25T16:59:53.039+0000] {processor.py:208} INFO - Processing /home/airflow/.local/lib/python3.12/site-packages/airflow/example_dags/tutorial_taskflow_api.py took 0.177 seconds
[2026-09-25T17:00:26.363+0000] {processor.py:186} INFO - Started process (PID=368) to work on /home/airflow/.local/lib/python3.12/site-packages/airflow/example_dags/tutorial_taskflow_api.py
[2026-09-25T17:00:26.366+0000] {processor.py:914} INFO - Processing file /home/airflow/.local/lib/python3.12/site-packages/airflow/example_dags/tutorial_taskflow_api.py for tasks to queue
[2026-09-25T17:00:26.375+0000] {logging_mixin.py:190} INFO - [2026-09-25T17:00:26.374+0000] {dagbag.py:588} INFO - Filling up the DagBag from /home/airflow/.local/lib/python3.12/site-packages/airflow/example_dags/tutorial_taskflow_api.py
[2026-09-25T17:00:26.418+0000] {processor.py:925} INFO - DAG(s) 'tutorial_taskflow_api' retrieved from /home/airflow/.local/lib/python3.12/site-packages/airflow/example_dags/tutorial_taskflow_api.py
[2026-09-25T17:00:26.513+0000] {logging_mixin.py:190} INFO - [2026-09-25T17:00:26.512+0000] {dag.py:3239} INFO - Sync 1 DAGs
[2026-09-25T17:00:26.591+0000] {logging_mixin.py:190} INFO - [2026-09-25T17:00:26.590+0000] {dag.py:4180} INFO - Setting next_dagrun for tutorial_taskflow_api to None, run_after=None
[2026-09-25T17:00:26.668+0000] {processor.py:208} INFO - Processing /home/airflow/.local/lib/python3.12/site-packages/airflow/example_dags/tutorial_taskflow_api.py took 0.339 seconds
[2026-09-25T17:00:59.174+0000] {processor.py:186} INFO - Started process (PID=431) to work on /home/airflow/.local/lib/python3.12/site-packages/airflow/example_dags/tutorial_taskflow_api.py
[2026-09-25T17:00:59.180+0000] {processor.py:914} INFO - Processing file /home/airflow/.local/lib/python3.12/site-packages/airflow/example_dags/tutorial_taskflow_api.py for tasks to queue
[2026-09-25T17:00:59.185+0000] {logging_mixin.py:190} INFO - [2026-09-25T17:00:59.184+0000] {dagbag.py:588} INFO - Filling up the DagBag from /home/airflow/.local/lib/python3.12/site-packages/airflow/example_dags/tutorial_taskflow_api.py
[2026-09-25T17:00:59.202+0000] {processor.py:925} INFO - DAG(s) 'tutorial_taskflow_api' retrieved from /home/airflow/.local/lib/python3.12/site-packages/airflow/example_dags/tutorial_taskflow_api.py
[2026-09-25T17:00:59.255+0000] {logging_mixin.py:190} INFO - [2026-09-25T17:00:59.254+0000] {dag.py:3239} INFO - Sync 1 DAGs
[2026-09-25T17:00:59.282+0000] {logging_mixin.py:190} INFO - [2026-09-25T17:00:59.282+0000] {dag.py:4180} INFO - Setting next_dagrun for tutorial_taskflow_api to None, run_after=None
[2026-09-25T17:00:59.320+0000] {processor.py:208} INFO - Processing /home/airflow/.local/lib/python3.12/site-packages/airflow/example_dags/tutorial_taskflow_api.py took 0.158 seconds
[2026-09-25T17:01:32.578+0000] {processor.py:186} INFO - Started process (PID=499) to work on /home/airflow/.local/lib/python3.12/site-packages/airflow/example_dags/tutorial_taskflow_api.py
[2026-09-25T17:01:32.583+0000] {processor.py:914} INFO - Processing file /home/airflow/.local/lib/python3.12/site-packages/airflow/example_dags/tutorial_taskflow_api.py for tasks to queue
[2026-09-25T17:01:32.592+0000] {logging_mixin.py:190} INFO - [2026-09-25T17:01:32.591+0000] {dagbag.py:588} INFO - Filling up the DagBag from /home/airflow/.local/lib/python3.12/site-packages/airflow/example_dags/tutorial_taskflow_api.py
[2026-09-25T17:01:32.617+0000] {processor.py:925} INFO - DAG(s) 'tutorial_taskflow_api' retrieved from /home/airflow/.local/lib/python3.12/site-packages/airflow/example_dags/tutorial_taskflow_api.py
[2026-09-25T17:01:32.690+0000] {logging_mixin.py:190} INFO - [2026-09-25T17:01:32.690+0000] {dag.py:3239} INFO - Sync 1 DAGs
[2026-09-25T17:01:32.744+0000] {logging_mixin.py:190} INFO - [2026-09-25T17:01:32.744+0000] {dag.py:4180} INFO - Setting next_dagrun for tutorial_taskflow_api to None, run_after=None
[2026-09-25T17:01:32.788+0000] {processor.py:208} INFO - Processing /home/airflow/.local/lib/python3.12/site-packages/airflow/example_dags/tutorial_taskflow_api.py took 0.228 seconds
[2026-09-25T17:02:17.934+0000] {processor.py:186} INFO - Started process (PID=571) to work on /home/airflow/.local/lib/python3.12/site-packages/airflow/example_dags/tutorial_taskflow_api.py
[2026-09-25T17:02:17.937+0000] {processor.py:914} INFO - Processing file /home/airflow/.local/lib/python3.12/site-packages/airflow/example_dags/tutorial_taskflow_api.py for tasks to queue
[2026-09-25T17:02:17.943+0000] {logging_mixin.py:190} INFO - [2026-09-25T17:02:17.942+0000] {dagbag.py:588} INFO - Filling up the DagBag from /home/airflow/.local/lib/python3.12/site-packages/airflow/example_dags/tutorial_taskflow_api.py
[2026-09-25T17:02:17.977+0000] {processor.py:925} INFO - DAG(s) 'tutorial_taskflow_api' retrieved from /home/airflow/.local/lib/python3.12/site-packages/airflow/example_dags/tutorial_taskflow_api.py
[2026-09-25T17:02:18.062+0000] {logging_mixin.py:190} INFO - [2026-09-25T17:02:18.056+0000] {dag.py:3239} INFO - Sync 1 DAGs
[2026-09-25T17:02:18.099+0000] {logging_mixin.py:190} INFO - [2026-09-25T17:02:18.099+0000] {dag.py:4180} INFO - Setting next_dagrun for tutorial_taskflow_api to None, run_after=None
[2026-09-25T17:02:18.172+0000] {processor.py:208} INFO - Processing /home/airflow/.local/lib/python3.12/site-packages/airflow/example_dags/tutorial_taskflow_api.py took 0.254 seconds
[2026-09-25T17:02:49.490+0000] {processor.py:186} INFO - Started process (PID=634) to work on /home/airflow/.local/lib/python3.12/site-packages/airflow/example_dags/tutorial_taskflow_api.py
[2026-09-25T17:02:49.493+0000] {processor.py:914} INFO - Processing file /home/airflow/.local/lib/python3.12/site-packages/airflow/example_dags/tutorial_taskflow_api.py for tasks to queue
[2026-09-25T17:02:49.500+0000] {logging_mixin.py:190} INFO - [2026-09-25T17:02:49.499+0000] {dagbag.py:588} INFO - Filling up the DagBag from /home/airflow/.local/lib/python3.12/site-packages/airflow/example_dags/tutorial_taskflow_api.py
[2026-09-25T17:02:49.523+0000] {processor.py:925} INFO - DAG(s) 'tutorial_taskflow_api' retrieved from /home/airflow/.local/lib/python3.12/site-packages/airflow/example_dags/tutorial_taskflow_api.py
[2026-09-25T17:02:49.579+0000] {logging_mixin.py:190} INFO - [2026-09-25T17:02:49.578+0000] {dag.py:3239} INFO - Sync 1 DAGs
[2026-09-25T17:02:49.635+0000] {logging_mixin.py:190} INFO - [2026-09-25T17:02:49.634+0000] {dag.py:4180} INFO - Setting next_dagrun for tutorial_taskflow_api to None, run_after=None
[2026-09-25T17:02:49.682+0000] {processor.py:208} INFO - Processing /home/airflow/.local/lib/python3.12/site-packages/airflow/example_dags/tutorial_taskflow_api.py took 0.209 seconds
[2026-09-25T17:03:19.771+0000] {processor.py:186} INFO - Started process (PID=697) to work on /home/airflow/.local/lib/python3.12/site-packages/airflow/example_dags/tutorial_taskflow_api.py
[2026-09-25T17:03:19.777+0000] {processor.py:914} INFO - Processing file /home/airflow/.local/lib/python3.12/site-packages/airflow/example_dags/tutorial_taskflow_api.py for tasks to queue
[2026-09-25T17:03:19.781+0000] {logging_mixin.py:190} INFO - [2026-09-25T17:03:19.781+0000] {dagbag.py:588} INFO - Filling up the DagBag from /home/airflow/.local/lib/python3.12/site-packages/airflow/example_dags/tutorial_taskflow_api.py
[2026-09-25T17:03:19.796+0000] {processor.py:925} INFO - DAG(s) 'tutorial_taskflow_api' retrieved from /home/airflow/.local/lib/python3.12/site-packages/airflow/example_dags/tutorial_taskflow_api.py
[2026-09-25T17:03:19.836+0000] {logging_mixin.py:190} INFO - [2026-09-25T17:03:19.836+0000] {dag.py:3239} INFO - Sync 1 DAGs
[2026-09-25T17:03:19.861+0000] {logging_mixin.py:190} INFO - [2026-09-25T17:03:19.860+0000] {dag.py:4180} INFO - Setting next_dagrun for tutorial_taskflow_api to None, run_after=None
[2026-09-25T17:03:19.894+0000] {processor.py:208} INFO - Processing /home/airflow/.local/lib/python3.12/site-packages/airflow/example_dags/tutorial_taskflow_api.py took 0.134 seconds
[2026-09-25T17:03:52.736+0000] {processor.py:186} INFO - Started process (PID=760) to work on /home/airflow/.local/lib/python3.12/site-packages/airflow/example_dags/tutorial_taskflow_api.py
[2026-09-25T17:03:52.738+0000] {processor.py:914} INFO - Processing file /home/airflow/.local/lib/python3.12/site-packages/airflow/example_dags/tutorial_taskflow_api.py for tasks to queue
[2026-09-25T17:03:52.743+0000] {logging_mixin.py:190} INFO - [2026-09-25T17:03:52.742+0000] {dagbag.py:588} INFO - Filling up the DagBag from /home/airflow/.local/lib/python3.12/site-packages/airflow/example_dags/tutorial_taskflow_api.py
[2026-09-25T17:03:52.764+0000] {processor.py:925} INFO - DAG(s) 'tutorial_taskflow_api' retrieved from /home/airflow/.local/lib/python3.12/site-packages/airflow/example_dags/tutorial_taskflow_api.py
[2026-09-25T17:03:52.810+0000] {logging_mixin.py:190} INFO - [2026-09-25T17:03:52.809+0000] {dag.py:3239} INFO - Sync 1 DAGs
[2026-09-25T17:03:52.835+0000] {logging_mixin.py:190} INFO - [2026-09-25T17:03:52.835+0000] {dag.py:4180} INFO - Setting next_dagrun for tutorial_taskflow_api to None, run_after=None
[2026-09-25T17:03:52.874+0000] {processor.py:208} INFO - Processing /home/airflow/.local/lib/python3.12/site-packages/airflow/example_dags/tutorial_taskflow_api.py took 0.151 seconds
[2026-09-25T17:04:23.514+0000] {processor.py:186} INFO - Started process (PID=823) to work on /home/airflow/.local/lib/python3.12/site-packages/airflow/example_dags/tutorial_taskflow_api.py
[2026-09-25T17:04:23.516+0000] {processor.py:914} INFO - Processing file /home/airflow/.local/lib/python3.12/site-packages/airflow/example_dags/tutorial_taskflow_api.py for tasks to queue
[2026-09-25T17:04:23.521+0000] {logging_mixin.py:190} INFO - [2026-09-25T17:04:23.520+0000] {dagbag.py:588} INFO - Filling up the DagBag from /home/airflow/.local/lib/python3.12/site-packages/airflow/example_dags/tutorial_taskflow_api.py
[2026-09-25T17:04:23.536+0000] {processor.py:925} INFO - DAG(s) 'tutorial_taskflow_api' retrieved from /home/airflow/.local/lib/python3.12/site-packages/airflow/example_dags/tutorial_taskflow_api.py
[2026-09-25T17:04:23.579+0000] {logging_mixin.py:190} INFO - [2026-09-25T17:04:23.579+0000] {dag.py:3239} INFO - Sync 1 DAGs
[2026-09-25T17:04:23.613+0000] {logging_mixin.py:190} INFO - [2026-09-25T17:04:23.613+0000] {dag.py:4180} INFO - Setting next_dagrun for tutorial_taskflow_api to None, run_after=None
[2026-09-25T17:04:23.648+0000] {processor.py:208} INFO - Processing /home/airflow/.local/lib/python3.12/site-packages/airflow/example_dags/tutorial_taskflow_api.py took 0.146 seconds
[2026-09-25T17:05:03.078+0000] {processor.py:186} INFO - Started process (PID=885) to work on /home/airflow/.local/lib/python3.12/site-packages/airflow/example_dags/tutorial_taskflow_api.py
[2026-09-25T17:05:03.087+0000] {processor.py:914} INFO - Processing file /home/airflow/.local/lib/python3.12/site-packages/airflow/example_dags/tutorial_taskflow_api.py for tasks to queue
[2026-09-25T17:05:03.142+0000] {logging_mixin.py:190} INFO - [2026-09-25T17:05:03.139+0000] {dagbag.py:588} INFO - Filling up the DagBag from /home/airflow/.local/lib/python3.12/site-packages/airflow/example_dags/tutorial_taskflow_api.py
[2026-09-25T17:05:03.201+0000] {processor.py:925} INFO - DAG(s) 'tutorial_taskflow_api' retrieved from /home/airflow/.local/lib/python3.12/site-packages/airflow/example_dags/tutorial_taskflow_api.py
[2026-09-25T17:05:03.292+0000] {logging_mixin.py:190} INFO - [2026-09-25T17:05:03.291+0000] {dag.py:3239} INFO - Sync 1 DAGs
[2026-09-25T17:05:03.339+0000] {logging_mixin.py:190} INFO - [2026-09-25T17:05:03.339+0000] {dag.py:4180} INFO - Setting next_dagrun for tutorial_taskflow_api to None, run_after=None
[2026-09-25T17:05:03.405+0000] {processor.py:208} INFO - Processing /home/airflow/.local/lib/python3.12/site-packages/airflow/example_dags/tutorial_taskflow_api.py took 0.378 seconds
[2026-09-25T17:05:36.875+0000] {processor.py:186} INFO - Started process (PID=953) to work on /home/airflow/.local/lib/python3.12/site-packages/airflow/example_dags/tutorial_taskflow_api.py
[2026-09-25T17:05:36.879+0000] {processor.py:914} INFO - Processing file /home/airflow/.local/lib/python3.12/site-packages/airflow/example_dags/tutorial_taskflow_api.py for tasks to queue
[2026-09-25T17:05:36.889+0000] {logging_mixin.py:190} INFO - [2026-09-25T17:05:36.888+0000] {dagbag.py:588} INFO - Filling up the DagBag from /home/airflow/.local/lib/python3.12/site-packages/airflow/example_dags/tutorial_taskflow_api.py
[2026-09-25T17:05:36.923+0000] {processor.py:925} INFO - DAG(s) 'tutorial_taskflow_api' retrieved from /home/airflow/.local/lib/python3.12/site-packages/airflow/example_dags/tutorial_taskflow_api.py
[2026-09-25T17:05:37.002+0000] {logging_mixin.py:190} INFO - [2026-09-25T17:05:37.001+0000] {dag.py:3239} INFO - Sync 1 DAGs
[2026-09-25T17:05:37.129+0000] {logging_mixin.py:190} INFO - [2026-09-25T17:05:37.128+0000] {dag.py:4180} INFO - Setting next_dagrun for tutorial_taskflow_api to None, run_after=None
[2026-09-25T17:05:37.203+0000] {processor.py:208} INFO - Processing /home/airflow/.local/lib/python3.12/site-packages/airflow/example_dags/tutorial_taskflow_api.py took 0.346 seconds
[2026-09-25T17:06:10.541+0000] {processor.py:186} INFO - Started process (PID=1015) to work on /home/airflow/.local/lib/python3.12/site-packages/airflow/example_dags/tutorial_taskflow_api.py
[2026-09-25T17:06:10.547+0000] {processor.py:914} INFO - Processing file /home/airflow/.local/lib/python3.12/site-packages/airflow/example_dags/tutorial_taskflow_api.py for tasks to queue
[2026-09-25T17:06:10.553+0000] {logging_mixin.py:190} INFO - [2026-09-25T17:06:10.552+0000] {dagbag.py:588} INFO - Filling up the DagBag from /home/airflow/.local/lib/python3.12/site-packages/airflow/example_dags/tutorial_taskflow_api.py
[2026-09-25T17:06:10.571+0000] {processor.py:925} INFO - DAG(s) 'tutorial_taskflow_api' retrieved from /home/airflow/.local/lib/python3.12/site-packages/airflow/example_dags/tutorial_taskflow_api.py
[2026-09-25T17:06:10.614+0000] {logging_mixin.py:190} INFO - [2026-09-25T17:06:10.613+0000] {dag.py:3239} INFO - Sync 1 DAGs
[2026-09-25T17:06:10.653+0000] {logging_mixin.py:190} INFO - [2026-09-25T17:06:10.652+0000] {dag.py:4180} INFO - Setting next_dagrun for tutorial_taskflow_api to None, run_after=None
[2026-09-25T17:06:10.690+0000] {processor.py:208} INFO - Processing /home/airflow/.local/lib/python3.12/site-packages/airflow/example_dags/tutorial_taskflow_api.py took 0.220 seconds
[2026-09-25T17:06:50.083+0000] {processor.py:186} INFO - Started process (PID=1082) to work on /home/airflow/.local/lib/python3.12/site-packages/airflow/example_dags/tutorial_taskflow_api.py
[2026-09-25T17:06:50.086+0000] {processor.py:914} INFO - Processing file /home/airflow/.local/lib/python3.12/site-packages/airflow/example_dags/tutorial_taskflow_api.py for tasks to queue
[2026-09-25T17:06:50.097+0000] {logging_mixin.py:190} INFO - [2026-09-25T17:06:50.096+0000] {dagbag.py:588} INFO - Filling up the DagBag from /home/airflow/.local/lib/python3.12/site-packages/airflow/example_dags/tutorial_taskflow_api.py
[2026-09-25T17:06:50.164+0000] {processor.py:925} INFO - DAG(s) 'tutorial_taskflow_api' retrieved from /home/airflow/.local/lib/python3.12/site-packages/airflow/example_dags/tutorial_taskflow_api.py
[2026-09-25T17:06:50.276+0000] {logging_mixin.py:190} INFO - [2026-09-25T17:06:50.276+0000] {dag.py:3239} INFO - Sync 1 DAGs
[2026-09-25T17:06:50.344+0000] {logging_mixin.py:190} INFO - [2026-09-25T17:06:50.343+0000] {dag.py:4180} INFO - Setting next_dagrun for tutorial_taskflow_api to None, run_after=None
[2026-09-25T17:06:50.426+0000] {processor.py:208} INFO - Processing /home/airflow/.local/lib/python3.12/site-packages/airflow/example_dags/tutorial_taskflow_api.py took 0.380 seconds
[2026-09-25T17:07:22.288+0000] {processor.py:186} INFO - Started process (PID=1143) to work on /home/airflow/.local/lib/python3.12/site-packages/airflow/example_dags/tutorial_taskflow_api.py
[2026-09-25T17:07:22.291+0000] {processor.py:914} INFO - Processing file /home/airflow/.local/lib/python3.12/site-packages/airflow/example_dags/tutorial_taskflow_api.py for tasks to queue
[2026-09-25T17:07:22.307+0000] {logging_mixin.py:190} INFO - [2026-09-25T17:07:22.306+0000] {dagbag.py:588} INFO - Filling up the DagBag from /home/airflow/.local/lib/python3.12/site-packages/airflow/example_dags/tutorial_taskflow_api.py
[2026-09-25T17:07:22.538+0000] {processor.py:925} INFO - DAG(s) 'tutorial_taskflow_api' retrieved from /home/airflow/.local/lib/python3.12/site-packages/airflow/example_dags/tutorial_taskflow_api.py
[2026-09-25T17:07:22.992+0000] {logging_mixin.py:190} INFO - [2026-09-25T17:07:22.991+0000] {dag.py:3239} INFO - Sync 1 DAGs
[2026-09-25T17:07:23.188+0000] {logging_mixin.py:190} INFO - [2026-09-25T17:07:23.188+0000] {dag.py:4180} INFO - Setting next_dagrun for tutorial_taskflow_api to None, run_after=None
[2026-09-25T17:07:23.267+0000] {processor.py:208} INFO - Processing /home/airflow/.local/lib/python3.12/site-packages/airflow/example_dags/tutorial_taskflow_api.py took 0.999 seconds
[2026-09-25T17:07:53.681+0000] {processor.py:186} INFO - Started process (PID=1206) to work on /home/airflow/.local/lib/python3.12/site-packages/airflow/example_dags/tutorial_taskflow_api.py
[2026-09-25T17:07:53.684+0000] {processor.py:914} INFO - Processing file /home/airflow/.local/lib/python3.12/site-packages/airflow/example_dags/tutorial_taskflow_api.py for tasks to queue
[2026-09-25T17:07:53.688+0000] {logging_mixin.py:190} INFO - [2026-09-25T17:07:53.688+0000] {dagbag.py:588} INFO - Filling up the DagBag from /home/airflow/.local/lib/python3.12/site-packages/airflow/example_dags/tutorial_taskflow_api.py
[2026-09-25T17:07:53.704+0000] {processor.py:925} INFO - DAG(s) 'tutorial_taskflow_api' retrieved from /home/airflow/.local/lib/python3.12/site-packages/airflow/example_dags/tutorial_taskflow_api.py
[2026-09-25T17:07:53.747+0000] {logging_mixin.py:190} INFO - [2026-09-25T17:07:53.747+0000] {dag.py:3239} INFO - Sync 1 DAGs
[2026-09-25T17:07:53.784+0000] {logging_mixin.py:190} INFO - [2026-09-25T17:07:53.784+0000] {dag.py:4180} INFO - Setting next_dagrun for tutorial_taskflow_api to None, run_after=None
[2026-09-25T17:07:53.824+0000] {processor.py:208} INFO - Processing /home/airflow/.local/lib/python3.12/site-packages/airflow/example_dags/tutorial_taskflow_api.py took 0.156 seconds
[2026-09-25T17:08:23.997+0000] {processor.py:186} INFO - Started process (PID=1269) to work on /home/airflow/.local/lib/python3.12/site-packages/airflow/example_dags/tutorial_taskflow_api.py
[2026-09-25T17:08:24.018+0000] {processor.py:914} INFO - Processing file /home/airflow/.local/lib/python3.12/site-packages/airflow/example_dags/tutorial_taskflow_api.py for tasks to queue
[2026-09-25T17:08:24.026+0000] {logging_mixin.py:190} INFO - [2026-09-25T17:08:24.025+0000] {dagbag.py:588} INFO - Filling up the DagBag from /home/airflow/.local/lib/python3.12/site-packages/airflow/example_dags/tutorial_taskflow_api.py
[2026-09-25T17:08:24.046+0000] {processor.py:925} INFO - DAG(s) 'tutorial_taskflow_api' retrieved from /home/airflow/.local/lib/python3.12/site-packages/airflow/example_dags/tutorial_taskflow_api.py
[2026-09-25T17:08:24.084+0000] {logging_mixin.py:190} INFO - [2026-09-25T17:08:24.084+0000] {dag.py:3239} INFO - Sync 1 DAGs
[2026-09-25T17:08:24.114+0000] {logging_mixin.py:190} INFO - [2026-09-25T17:08:24.114+0000] {dag.py:4180} INFO - Setting next_dagrun for tutorial_taskflow_api to None, run_after=None
[2026-09-25T17:08:24.149+0000] {processor.py:208} INFO - Processing /home/airflow/.local/lib/python3.12/site-packages/airflow/example_dags/tutorial_taskflow_api.py took 0.170 seconds
[2026-09-25T17:08:58.325+0000] {processor.py:186} INFO - Started process (PID=1329) to work on /home/airflow/.local/lib/python3.12/site-packages/airflow/example_dags/tutorial_taskflow_api.py
[2026-09-25T17:08:58.331+0000] {processor.py:914} INFO - Processing file /home/airflow/.local/lib/python3.12/site-packages/airflow/example_dags/tutorial_taskflow_api.py for tasks to queue
[2026-09-25T17:08:58.339+0000] {logging_mixin.py:190} INFO - [2026-09-25T17:08:58.339+0000] {dagbag.py:588} INFO - Filling up the DagBag from /home/airflow/.local/lib/python3.12/site-packages/airflow/example_dags/tutorial_taskflow_api.py
[2026-09-25T17:08:58.359+0000] {processor.py:925} INFO - DAG(s) 'tutorial_taskflow_api' retrieved from /home/airflow/.local/lib/python3.12/site-packages/airflow/example_dags/tutorial_taskflow_api.py
[2026-09-25T17:08:58.404+0000] {logging_mixin.py:190} INFO - [2026-09-25T17:08:58.403+0000] {dag.py:3239} INFO - Sync 1 DAGs
[2026-09-25T17:08:58.443+0000] {logging_mixin.py:190} INFO - [2026-09-25T17:08:58.442+0000] {dag.py:4180} INFO - Setting next_dagrun for tutorial_taskflow_api to None, run_after=None
[2026-09-25T17:08:58.489+0000] {processor.py:208} INFO - Processing /home/airflow/.local/lib/python3.12/site-packages/airflow/example_dags/tutorial_taskflow_api.py took 0.176 seconds
[2026-09-25T17:10:04.776+0000] {processor.py:186} INFO - Started process (PID=1405) to work on /home/airflow/.local/lib/python3.12/site-packages/airflow/example_dags/tutorial_taskflow_api.py
[2026-09-25T17:10:04.820+0000] {processor.py:914} INFO - Processing file /home/airflow/.local/lib/python3.12/site-packages/airflow/example_dags/tutorial_taskflow_api.py for tasks to queue
[2026-09-25T17:10:05.210+0000] {logging_mixin.py:190} INFO - [2026-09-25T17:10:05.208+0000] {dagbag.py:588} INFO - Filling up the DagBag from /home/airflow/.local/lib/python3.12/site-packages/airflow/example_dags/tutorial_taskflow_api.py
[2026-09-25T17:10:06.153+0000] {processor.py:925} INFO - DAG(s) 'tutorial_taskflow_api' retrieved from /home/airflow/.local/lib/python3.12/site-packages/airflow/example_dags/tutorial_taskflow_api.py
[2026-09-25T17:10:07.818+0000] {logging_mixin.py:190} INFO - [2026-09-25T17:10:07.817+0000] {dag.py:3239} INFO - Sync 1 DAGs
[2026-09-25T17:10:09.604+0000] {logging_mixin.py:190} INFO - [2026-09-25T17:10:09.604+0000] {dag.py:4180} INFO - Setting next_dagrun for tutorial_taskflow_api to None, run_after=None
[2026-09-25T17:10:14.973+0000] {processor.py:208} INFO - Processing /home/airflow/.local/lib/python3.12/site-packages/airflow/example_dags/tutorial_taskflow_api.py took 10.754 seconds
[2026-09-25T17:13:11.711+0000] {processor.py:186} INFO - Started process (PID=1515) to work on /home/airflow/.local/lib/python3.12/site-packages/airflow/example_dags/tutorial_taskflow_api.py
[2026-09-25T17:13:11.729+0000] {processor.py:914} INFO - Processing file /home/airflow/.local/lib/python3.12/site-packages/airflow/example_dags/tutorial_taskflow_api.py for tasks to queue
[2026-09-25T17:13:11.777+0000] {logging_mixin.py:190} INFO - [2026-09-25T17:13:11.776+0000] {dagbag.py:588} INFO - Filling up the DagBag from /home/airflow/.local/lib/python3.12/site-packages/airflow/example_dags/tutorial_taskflow_api.py
[2026-09-25T17:13:11.933+0000] {processor.py:925} INFO - DAG(s) 'tutorial_taskflow_api' retrieved from /home/airflow/.local/lib/python3.12/site-packages/airflow/example_dags/tutorial_taskflow_api.py
[2026-09-25T17:13:12.060+0000] {logging_mixin.py:190} INFO - [2026-09-25T17:13:12.059+0000] {dag.py:3239} INFO - Sync 1 DAGs
[2026-09-25T17:13:12.181+0000] {logging_mixin.py:190} INFO - [2026-09-25T17:13:12.180+0000] {dag.py:4180} INFO - Setting next_dagrun for tutorial_taskflow_api to None, run_after=None
[2026-09-25T17:13:12.340+0000] {processor.py:208} INFO - Processing /home/airflow/.local/lib/python3.12/site-packages/airflow/example_dags/tutorial_taskflow_api.py took 0.760 seconds
[2026-09-25T17:14:59.015+0000] {processor.py:186} INFO - Started process (PID=1593) to work on /home/airflow/.local/lib/python3.12/site-packages/airflow/example_dags/tutorial_taskflow_api.py
[2026-09-25T17:14:59.020+0000] {processor.py:914} INFO - Processing file /home/airflow/.local/lib/python3.12/site-packages/airflow/example_dags/tutorial_taskflow_api.py for tasks to queue
[2026-09-25T17:14:59.028+0000] {logging_mixin.py:190} INFO - [2026-09-25T17:14:59.027+0000] {dagbag.py:588} INFO - Filling up the DagBag from /home/airflow/.local/lib/python3.12/site-packages/airflow/example_dags/tutorial_taskflow_api.py
[2026-09-25T17:14:59.058+0000] {processor.py:925} INFO - DAG(s) 'tutorial_taskflow_api' retrieved from /home/airflow/.local/lib/python3.12/site-packages/airflow/example_dags/tutorial_taskflow_api.py
[2026-09-25T17:14:59.138+0000] {logging_mixin.py:190} INFO - [2026-09-25T17:14:59.138+0000] {dag.py:3239} INFO - Sync 1 DAGs
[2026-09-25T17:14:59.224+0000] {logging_mixin.py:190} INFO - [2026-09-25T17:14:59.223+0000] {dag.py:4180} INFO - Setting next_dagrun for tutorial_taskflow_api to None, run_after=None
[2026-09-25T17:14:59.323+0000] {processor.py:208} INFO - Processing /home/airflow/.local/lib/python3.12/site-packages/airflow/example_dags/tutorial_taskflow_api.py took 0.337 seconds
[2026-09-25T17:15:35.772+0000] {processor.py:186} INFO - Started process (PID=1656) to work on /home/airflow/.local/lib/python3.12/site-packages/airflow/example_dags/tutorial_taskflow_api.py
[2026-09-25T17:15:35.778+0000] {processor.py:914} INFO - Processing file /home/airflow/.local/lib/python3.12/site-packages/airflow/example_dags/tutorial_taskflow_api.py for tasks to queue
[2026-09-25T17:15:35.887+0000] {logging_mixin.py:190} INFO - [2026-09-25T17:15:35.881+0000] {dagbag.py:588} INFO - Filling up the DagBag from /home/airflow/.local/lib/python3.12/site-packages/airflow/example_dags/tutorial_taskflow_api.py
[2026-09-25T17:15:36.029+0000] {processor.py:925} INFO - DAG(s) 'tutorial_taskflow_api' retrieved from /home/airflow/.local/lib/python3.12/site-packages/airflow/example_dags/tutorial_taskflow_api.py
[2026-09-25T17:15:36.266+0000] {logging_mixin.py:190} INFO - [2026-09-25T17:15:36.264+0000] {dag.py:3239} INFO - Sync 1 DAGs
[2026-09-25T17:15:36.436+0000] {logging_mixin.py:190} INFO - [2026-09-25T17:15:36.429+0000] {dag.py:4180} INFO - Setting next_dagrun for tutorial_taskflow_api to None, run_after=None
[2026-09-25T17:15:36.549+0000] {processor.py:208} INFO - Processing /home/airflow/.local/lib/python3.12/site-packages/airflow/example_dags/tutorial_taskflow_api.py took 0.800 seconds
[2026-09-25T17:16:07.357+0000] {processor.py:186} INFO - Started process (PID=1718) to work on /home/airflow/.local/lib/python3.12/site-packages/airflow/example_dags/tutorial_taskflow_api.py
[2026-09-25T17:16:07.359+0000] {processor.py:914} INFO - Processing file /home/airflow/.local/lib/python3.12/site-packages/airflow/example_dags/tutorial_taskflow_api.py for tasks to queue
[2026-09-25T17:16:07.367+0000] {logging_mixin.py:190} INFO - [2026-09-25T17:16:07.367+0000] {dagbag.py:588} INFO - Filling up the DagBag from /home/airflow/.local/lib/python3.12/site-packages/airflow/example_dags/tutorial_taskflow_api.py
[2026-09-25T17:16:07.395+0000] {processor.py:925} INFO - DAG(s) 'tutorial_taskflow_api' retrieved from /home/airflow/.local/lib/python3.12/site-packages/airflow/example_dags/tutorial_taskflow_api.py
[2026-09-25T17:16:07.457+0000] {logging_mixin.py:190} INFO - [2026-09-25T17:16:07.456+0000] {dag.py:3239} INFO - Sync 1 DAGs
[2026-09-25T17:16:07.523+0000] {logging_mixin.py:190} INFO - [2026-09-25T17:16:07.522+0000] {dag.py:4180} INFO - Setting next_dagrun for tutorial_taskflow_api to None, run_after=None
[2026-09-25T17:16:07.610+0000] {processor.py:208} INFO - Processing /home/airflow/.local/lib/python3.12/site-packages/airflow/example_dags/tutorial_taskflow_api.py took 0.281 seconds
[2026-09-25T17:17:01.417+0000] {processor.py:186} INFO - Started process (PID=1791) to work on /home/airflow/.local/lib/python3.12/site-packages/airflow/example_dags/tutorial_taskflow_api.py
[2026-09-25T17:17:01.422+0000] {processor.py:914} INFO - Processing file /home/airflow/.local/lib/python3.12/site-packages/airflow/example_dags/tutorial_taskflow_api.py for tasks to queue
[2026-09-25T17:17:01.443+0000] {logging_mixin.py:190} INFO - [2026-09-25T17:17:01.442+0000] {dagbag.py:588} INFO - Filling up the DagBag from /home/airflow/.local/lib/python3.12/site-packages/airflow/example_dags/tutorial_taskflow_api.py
[2026-09-25T17:17:01.486+0000] {processor.py:925} INFO - DAG(s) 'tutorial_taskflow_api' retrieved from /home/airflow/.local/lib/python3.12/site-packages/airflow/example_dags/tutorial_taskflow_api.py
[2026-09-25T17:17:01.564+0000] {logging_mixin.py:190} INFO - [2026-09-25T17:17:01.562+0000] {dag.py:3239} INFO - Sync 1 DAGs
[2026-09-25T17:17:01.695+0000] {logging_mixin.py:190} INFO - [2026-09-25T17:17:01.695+0000] {dag.py:4180} INFO - Setting next_dagrun for tutorial_taskflow_api to None, run_after=None
[2026-09-25T17:17:01.780+0000] {processor.py:208} INFO - Processing /home/airflow/.local/lib/python3.12/site-packages/airflow/example_dags/tutorial_taskflow_api.py took 0.388 seconds
[2026-09-25T17:17:36.420+0000] {processor.py:186} INFO - Started process (PID=1854) to work on /home/airflow/.local/lib/python3.12/site-packages/airflow/example_dags/tutorial_taskflow_api.py
[2026-09-25T17:17:36.424+0000] {processor.py:914} INFO - Processing file /home/airflow/.local/lib/python3.12/site-packages/airflow/example_dags/tutorial_taskflow_api.py for tasks to queue
[2026-09-25T17:17:36.447+0000] {logging_mixin.py:190} INFO - [2026-09-25T17:17:36.439+0000] {dagbag.py:588} INFO - Filling up the DagBag from /home/airflow/.local/lib/python3.12/site-packages/airflow/example_dags/tutorial_taskflow_api.py
[2026-09-25T17:17:36.479+0000] {processor.py:925} INFO - DAG(s) 'tutorial_taskflow_api' retrieved from /home/airflow/.local/lib/python3.12/site-packages/airflow/example_dags/tutorial_taskflow_api.py
[2026-09-25T17:17:36.560+0000] {logging_mixin.py:190} INFO - [2026-09-25T17:17:36.560+0000] {dag.py:3239} INFO - Sync 1 DAGs
[2026-09-25T17:17:36.613+0000] {logging_mixin.py:190} INFO - [2026-09-25T17:17:36.613+0000] {dag.py:4180} INFO - Setting next_dagrun for tutorial_taskflow_api to None, run_after=None
[2026-09-25T17:17:36.688+0000] {processor.py:208} INFO - Processing /home/airflow/.local/lib/python3.12/site-packages/airflow/example_dags/tutorial_taskflow_api.py took 0.284 seconds
[2026-09-25T17:18:12.215+0000] {processor.py:186} INFO - Started process (PID=1917) to work on /home/airflow/.local/lib/python3.12/site-packages/airflow/example_dags/tutorial_taskflow_api.py
[2026-09-25T17:18:12.219+0000] {processor.py:914} INFO - Processing file /home/airflow/.local/lib/python3.12/site-packages/airflow/example_dags/tutorial_taskflow_api.py for tasks to queue
[2026-09-25T17:18:12.229+0000] {logging_mixin.py:190} INFO - [2026-09-25T17:18:12.228+0000] {dagbag.py:588} INFO - Filling up the DagBag from /home/airflow/.local/lib/python3.12/site-packages/airflow/example_dags/tutorial_taskflow_api.py
[2026-09-25T17:18:12.254+0000] {processor.py:925} INFO - DAG(s) 'tutorial_taskflow_api' retrieved from /home/airflow/.local/lib/python3.12/site-packages/airflow/example_dags/tutorial_taskflow_api.py
[2026-09-25T17:18:12.406+0000] {logging_mixin.py:190} INFO - [2026-09-25T17:18:12.405+0000] {dag.py:3239} INFO - Sync 1 DAGs
[2026-09-25T17:18:12.460+0000] {logging_mixin.py:190} INFO - [2026-09-25T17:18:12.460+0000] {dag.py:4180} INFO - Setting next_dagrun for tutorial_taskflow_api to None, run_after=None
[2026-09-25T17:18:12.565+0000] {processor.py:208} INFO - Processing /home/airflow/.local/lib/python3.12/site-packages/airflow/example_dags/tutorial_taskflow_api.py took 0.366 seconds
[2026-09-25T17:18:44.074+0000] {processor.py:186} INFO - Started process (PID=1980) to work on /home/airflow/.local/lib/python3.12/site-packages/airflow/example_dags/tutorial_taskflow_api.py
[2026-09-25T17:18:44.077+0000] {processor.py:914} INFO - Processing file /home/airflow/.local/lib/python3.12/site-packages/airflow/example_dags/tutorial_taskflow_api.py for tasks to queue
[2026-09-25T17:18:44.083+0000] {logging_mixin.py:190} INFO - [2026-09-25T17:18:44.082+0000] {dagbag.py:588} INFO - Filling up the DagBag from /home/airflow/.local/lib/python3.12/site-packages/airflow/example_dags/tutorial_taskflow_api.py
[2026-09-25T17:18:44.102+0000] {processor.py:925} INFO - DAG(s) 'tutorial_taskflow_api' retrieved from /home/airflow/.local/lib/python3.12/site-packages/airflow/example_dags/tutorial_taskflow_api.py
[2026-09-25T17:18:44.167+0000] {logging_mixin.py:190} INFO - [2026-09-25T17:18:44.167+0000] {dag.py:3239} INFO - Sync 1 DAGs
[2026-09-25T17:18:44.210+0000] {logging_mixin.py:190} INFO - [2026-09-25T17:18:44.210+0000] {dag.py:4180} INFO - Setting next_dagrun for tutorial_taskflow_api to None, run_after=None
[2026-09-25T17:18:44.272+0000] {processor.py:208} INFO - Processing /home/airflow/.local/lib/python3.12/site-packages/airflow/example_dags/tutorial_taskflow_api.py took 0.209 seconds
[2026-09-25T17:19:14.573+0000] {processor.py:186} INFO - Started process (PID=2042) to work on /home/airflow/.local/lib/python3.12/site-packages/airflow/example_dags/tutorial_taskflow_api.py
[2026-09-25T17:19:14.576+0000] {processor.py:914} INFO - Processing file /home/airflow/.local/lib/python3.12/site-packages/airflow/example_dags/tutorial_taskflow_api.py for tasks to queue
[2026-09-25T17:19:14.586+0000] {logging_mixin.py:190} INFO - [2026-09-25T17:19:14.585+0000] {dagbag.py:588} INFO - Filling up the DagBag from /home/airflow/.local/lib/python3.12/site-packages/airflow/example_dags/tutorial_taskflow_api.py
[2026-09-25T17:19:14.604+0000] {processor.py:925} INFO - DAG(s) 'tutorial_taskflow_api' retrieved from /home/airflow/.local/lib/python3.12/site-packages/airflow/example_dags/tutorial_taskflow_api.py
[2026-09-25T17:19:14.663+0000] {logging_mixin.py:190} INFO - [2026-09-25T17:19:14.662+0000] {dag.py:3239} INFO - Sync 1 DAGs
[2026-09-25T17:19:14.695+0000] {logging_mixin.py:190} INFO - [2026-09-25T17:19:14.694+0000] {dag.py:4180} INFO - Setting next_dagrun for tutorial_taskflow_api to None, run_after=None
[2026-09-25T17:19:14.750+0000] {processor.py:208} INFO - Processing /home/airflow/.local/lib/python3.12/site-packages/airflow/example_dags/tutorial_taskflow_api.py took 0.195 seconds
[2026-09-25T17:19:57.246+0000] {processor.py:186} INFO - Started process (PID=2106) to work on /home/airflow/.local/lib/python3.12/site-packages/airflow/example_dags/tutorial_taskflow_api.py
[2026-09-25T17:19:57.251+0000] {processor.py:914} INFO - Processing file /home/airflow/.local/lib/python3.12/site-packages/airflow/example_dags/tutorial_taskflow_api.py for tasks to queue
[2026-09-25T17:19:57.259+0000] {logging_mixin.py:190} INFO - [2026-09-25T17:19:57.258+0000] {dagbag.py:588} INFO - Filling up the DagBag from /home/airflow/.local/lib/python3.12/site-packages/airflow/example_dags/tutorial_taskflow_api.py
[2026-09-25T17:19:57.282+0000] {processor.py:925} INFO - DAG(s) 'tutorial_taskflow_api' retrieved from /home/airflow/.local/lib/python3.12/site-packages/airflow/example_dags/tutorial_taskflow_api.py
[2026-09-25T17:19:57.360+0000] {logging_mixin.py:190} INFO - [2026-09-25T17:19:57.359+0000] {dag.py:3239} INFO - Sync 1 DAGs
[2026-09-25T17:19:57.407+0000] {logging_mixin.py:190} INFO - [2026-09-25T17:19:57.406+0000] {dag.py:4180} INFO - Setting next_dagrun for tutorial_taskflow_api to None, run_after=None
[2026-09-25T17:19:57.475+0000] {processor.py:208} INFO - Processing /home/airflow/.local/lib/python3.12/site-packages/airflow/example_dags/tutorial_taskflow_api.py took 0.266 seconds
[2026-09-25T17:20:47.534+0000] {processor.py:186} INFO - Started process (PID=2176) to work on /home/airflow/.local/lib/python3.12/site-packages/airflow/example_dags/tutorial_taskflow_api.py
[2026-09-25T17:20:47.539+0000] {processor.py:914} INFO - Processing file /home/airflow/.local/lib/python3.12/site-packages/airflow/example_dags/tutorial_taskflow_api.py for tasks to queue
[2026-09-25T17:20:47.546+0000] {logging_mixin.py:190} INFO - [2026-09-25T17:20:47.545+0000] {dagbag.py:588} INFO - Filling up the DagBag from /home/airflow/.local/lib/python3.12/site-packages/airflow/example_dags/tutorial_taskflow_api.py
[2026-09-25T17:20:47.576+0000] {processor.py:925} INFO - DAG(s) 'tutorial_taskflow_api' retrieved from /home/airflow/.local/lib/python3.12/site-packages/airflow/example_dags/tutorial_taskflow_api.py
[2026-09-25T17:20:47.655+0000] {logging_mixin.py:190} INFO - [2026-09-25T17:20:47.655+0000] {dag.py:3239} INFO - Sync 1 DAGs
[2026-09-25T17:20:47.699+0000] {logging_mixin.py:190} INFO - [2026-09-25T17:20:47.699+0000] {dag.py:4180} INFO - Setting next_dagrun for tutorial_taskflow_api to None, run_after=None
[2026-09-25T17:20:47.761+0000] {processor.py:208} INFO - Processing /home/airflow/.local/lib/python3.12/site-packages/airflow/example_dags/tutorial_taskflow_api.py took 0.251 seconds
[2026-09-25T17:21:24.385+0000] {processor.py:186} INFO - Started process (PID=2239) to work on /home/airflow/.local/lib/python3.12/site-packages/airflow/example_dags/tutorial_taskflow_api.py
[2026-09-25T17:21:24.391+0000] {processor.py:914} INFO - Processing file /home/airflow/.local/lib/python3.12/site-packages/airflow/example_dags/tutorial_taskflow_api.py for tasks to queue
[2026-09-25T17:21:24.403+0000] {logging_mixin.py:190} INFO - [2026-09-25T17:21:24.403+0000] {dagbag.py:588} INFO - Filling up the DagBag from /home/airflow/.local/lib/python3.12/site-packages/airflow/example_dags/tutorial_taskflow_api.py
[2026-09-25T17:21:24.483+0000] {processor.py:925} INFO - DAG(s) 'tutorial_taskflow_api' retrieved from /home/airflow/.local/lib/python3.12/site-packages/airflow/example_dags/tutorial_taskflow_api.py
[2026-09-25T17:21:24.569+0000] {logging_mixin.py:190} INFO - [2026-09-25T17:21:24.569+0000] {dag.py:3239} INFO - Sync 1 DAGs
[2026-09-25T17:21:24.626+0000] {logging_mixin.py:190} INFO - [2026-09-25T17:21:24.625+0000] {dag.py:4180} INFO - Setting next_dagrun for tutorial_taskflow_api to None, run_after=None
[2026-09-25T17:21:24.699+0000] {processor.py:208} INFO - Processing /home/airflow/.local/lib/python3.12/site-packages/airflow/example_dags/tutorial_taskflow_api.py took 0.346 seconds
[2026-09-25T17:22:38.902+0000] {processor.py:186} INFO - Started process (PID=2314) to work on /home/airflow/.local/lib/python3.12/site-packages/airflow/example_dags/tutorial_taskflow_api.py
[2026-09-25T17:22:38.905+0000] {processor.py:914} INFO - Processing file /home/airflow/.local/lib/python3.12/site-packages/airflow/example_dags/tutorial_taskflow_api.py for tasks to queue
[2026-09-25T17:22:38.920+0000] {logging_mixin.py:190} INFO - [2026-09-25T17:22:38.919+0000] {dagbag.py:588} INFO - Filling up the DagBag from /home/airflow/.local/lib/python3.12/site-packages/airflow/example_dags/tutorial_taskflow_api.py
[2026-09-25T17:22:38.974+0000] {processor.py:925} INFO - DAG(s) 'tutorial_taskflow_api' retrieved from /home/airflow/.local/lib/python3.12/site-packages/airflow/example_dags/tutorial_taskflow_api.py
[2026-09-25T17:22:39.233+0000] {logging_mixin.py:190} INFO - [2026-09-25T17:22:39.233+0000] {dag.py:3239} INFO - Sync 1 DAGs
[2026-09-25T17:22:39.306+0000] {logging_mixin.py:190} INFO - [2026-09-25T17:22:39.305+0000] {dag.py:4180} INFO - Setting next_dagrun for tutorial_taskflow_api to None, run_after=None
[2026-09-25T17:22:39.389+0000] {processor.py:208} INFO - Processing /home/airflow/.local/lib/python3.12/site-packages/airflow/example_dags/tutorial_taskflow_api.py took 0.511 seconds
[2026-09-25T17:23:17.078+0000] {processor.py:186} INFO - Started process (PID=2376) to work on /home/airflow/.local/lib/python3.12/site-packages/airflow/example_dags/tutorial_taskflow_api.py
[2026-09-25T17:23:17.082+0000] {processor.py:914} INFO - Processing file /home/airflow/.local/lib/python3.12/site-packages/airflow/example_dags/tutorial_taskflow_api.py for tasks to queue
[2026-09-25T17:23:17.102+0000] {logging_mixin.py:190} INFO - [2026-09-25T17:23:17.101+0000] {dagbag.py:588} INFO - Filling up the DagBag from /home/airflow/.local/lib/python3.12/site-packages/airflow/example_dags/tutorial_taskflow_api.py
[2026-09-25T17:23:17.215+0000] {processor.py:925} INFO - DAG(s) 'tutorial_taskflow_api' retrieved from /home/airflow/.local/lib/python3.12/site-packages/airflow/example_dags/tutorial_taskflow_api.py
[2026-09-25T17:23:17.299+0000] {logging_mixin.py:190} INFO - [2026-09-25T17:23:17.299+0000] {dag.py:3239} INFO - Sync 1 DAGs
[2026-09-25T17:23:17.471+0000] {logging_mixin.py:190} INFO - [2026-09-25T17:23:17.470+0000] {dag.py:4180} INFO - Setting next_dagrun for tutorial_taskflow_api to None, run_after=None
[2026-09-25T17:23:17.678+0000] {processor.py:208} INFO - Processing /home/airflow/.local/lib/python3.12/site-packages/airflow/example_dags/tutorial_taskflow_api.py took 0.636 seconds
[2026-09-25T17:23:49.876+0000] {processor.py:186} INFO - Started process (PID=2437) to work on /home/airflow/.local/lib/python3.12/site-packages/airflow/example_dags/tutorial_taskflow_api.py
[2026-09-25T17:23:49.879+0000] {processor.py:914} INFO - Processing file /home/airflow/.local/lib/python3.12/site-packages/airflow/example_dags/tutorial_taskflow_api.py for tasks to queue
[2026-09-25T17:23:49.887+0000] {logging_mixin.py:190} INFO - [2026-09-25T17:23:49.886+0000] {dagbag.py:588} INFO - Filling up the DagBag from /home/airflow/.local/lib/python3.12/site-packages/airflow/example_dags/tutorial_taskflow_api.py
[2026-09-25T17:23:49.946+0000] {processor.py:925} INFO - DAG(s) 'tutorial_taskflow_api' retrieved from /home/airflow/.local/lib/python3.12/site-packages/airflow/example_dags/tutorial_taskflow_api.py
[2026-09-25T17:23:50.078+0000] {logging_mixin.py:190} INFO - [2026-09-25T17:23:50.078+0000] {dag.py:3239} INFO - Sync 1 DAGs
[2026-09-25T17:23:50.169+0000] {logging_mixin.py:190} INFO - [2026-09-25T17:23:50.168+0000] {dag.py:4180} INFO - Setting next_dagrun for tutorial_taskflow_api to None, run_after=None
[2026-09-25T17:23:50.246+0000] {processor.py:208} INFO - Processing /home/airflow/.local/lib/python3.12/site-packages/airflow/example_dags/tutorial_taskflow_api.py took 0.387 seconds
[2026-09-25T17:24:25.431+0000] {processor.py:186} INFO - Started process (PID=2502) to work on /home/airflow/.local/lib/python3.12/site-packages/airflow/example_dags/tutorial_taskflow_api.py
[2026-09-25T17:24:25.435+0000] {processor.py:914} INFO - Processing file /home/airflow/.local/lib/python3.12/site-packages/airflow/example_dags/tutorial_taskflow_api.py for tasks to queue
[2026-09-25T17:24:25.443+0000] {logging_mixin.py:190} INFO - [2026-09-25T17:24:25.442+0000] {dagbag.py:588} INFO - Filling up the DagBag from /home/airflow/.local/lib/python3.12/site-packages/airflow/example_dags/tutorial_taskflow_api.py
[2026-09-25T17:24:25.466+0000] {processor.py:925} INFO - DAG(s) 'tutorial_taskflow_api' retrieved from /home/airflow/.local/lib/python3.12/site-packages/airflow/example_dags/tutorial_taskflow_api.py
[2026-09-25T17:24:25.705+0000] {logging_mixin.py:190} INFO - [2026-09-25T17:24:25.704+0000] {dag.py:3239} INFO - Sync 1 DAGs
[2026-09-25T17:24:25.839+0000] {logging_mixin.py:190} INFO - [2026-09-25T17:24:25.838+0000] {dag.py:4180} INFO - Setting next_dagrun for tutorial_taskflow_api to None, run_after=None
[2026-09-25T17:24:26.064+0000] {processor.py:208} INFO - Processing /home/airflow/.local/lib/python3.12/site-packages/airflow/example_dags/tutorial_taskflow_api.py took 0.655 seconds
[2026-09-25T17:24:57.080+0000] {processor.py:186} INFO - Started process (PID=2565) to work on /home/airflow/.local/lib/python3.12/site-packages/airflow/example_dags/tutorial_taskflow_api.py
[2026-09-25T17:24:57.120+0000] {processor.py:914} INFO - Processing file /home/airflow/.local/lib/python3.12/site-packages/airflow/example_dags/tutorial_taskflow_api.py for tasks to queue
[2026-09-25T17:24:57.197+0000] {logging_mixin.py:190} INFO - [2026-09-25T17:24:57.194+0000] {dagbag.py:588} INFO - Filling up the DagBag from /home/airflow/.local/lib/python3.12/site-packages/airflow/example_dags/tutorial_taskflow_api.py
[2026-09-25T17:24:57.372+0000] {processor.py:925} INFO - DAG(s) 'tutorial_taskflow_api' retrieved from /home/airflow/.local/lib/python3.12/site-packages/airflow/example_dags/tutorial_taskflow_api.py
[2026-09-25T17:24:57.572+0000] {logging_mixin.py:190} INFO - [2026-09-25T17:24:57.571+0000] {dag.py:3239} INFO - Sync 1 DAGs
[2026-09-25T17:24:57.735+0000] {logging_mixin.py:190} INFO - [2026-09-25T17:24:57.730+0000] {dag.py:4180} INFO - Setting next_dagrun for tutorial_taskflow_api to None, run_after=None
[2026-09-25T17:24:57.917+0000] {processor.py:208} INFO - Processing /home/airflow/.local/lib/python3.12/site-packages/airflow/example_dags/tutorial_taskflow_api.py took 0.977 seconds
