[2026-09-24T19:52:51.321+0000] {processor.py:186} INFO - Started process (PID=98) to work on /home/airflow/.local/lib/python3.12/site-packages/airflow/example_dags/example_bash_operator.py
[2026-09-24T19:52:51.328+0000] {processor.py:914} INFO - Processing file /home/airflow/.local/lib/python3.12/site-packages/airflow/example_dags/example_bash_operator.py for tasks to queue
[2026-09-24T19:52:51.508+0000] {logging_mixin.py:190} INFO - [2026-09-24T19:52:51.508+0000] {dagbag.py:588} INFO - Filling up the DagBag from /home/airflow/.local/lib/python3.12/site-packages/airflow/example_dags/example_bash_operator.py
[2026-09-24T19:52:53.899+0000] {processor.py:925} INFO - DAG(s) 'example_bash_operator' retrieved from /home/airflow/.local/lib/python3.12/site-packages/airflow/example_dags/example_bash_operator.py
[2026-09-24T19:52:59.905+0000] {logging_mixin.py:190} INFO - [2026-09-24T19:52:59.889+0000] {override.py:1912} INFO - Created Permission View: can edit on DAG:example_bash_operator
[2026-09-24T19:53:00.038+0000] {logging_mixin.py:190} INFO - [2026-09-24T19:53:00.037+0000] {override.py:1912} INFO - Created Permission View: can delete on DAG:example_bash_operator
[2026-09-24T19:53:00.138+0000] {logging_mixin.py:190} INFO - [2026-09-24T19:53:00.132+0000] {override.py:1912} INFO - Created Permission View: can read on DAG:example_bash_operator
[2026-09-24T19:53:00.383+0000] {logging_mixin.py:190} INFO - [2026-09-24T19:53:00.382+0000] {override.py:1912} INFO - Created Permission View: can create on DAG Run:example_bash_operator
[2026-09-24T19:53:00.494+0000] {logging_mixin.py:190} INFO - [2026-09-24T19:53:00.491+0000] {override.py:1912} INFO - Created Permission View: can delete on DAG Run:example_bash_operator
[2026-09-24T19:53:00.648+0000] {logging_mixin.py:190} INFO - [2026-09-24T19:53:00.647+0000] {override.py:1912} INFO - Created Permission View: menu access on DAG Run:example_bash_operator
[2026-09-24T19:53:00.938+0000] {logging_mixin.py:190} INFO - [2026-09-24T19:53:00.937+0000] {override.py:1912} INFO - Created Permission View: can read on DAG Run:example_bash_operator
[2026-09-24T19:53:00.972+0000] {logging_mixin.py:190} INFO - [2026-09-24T19:53:00.972+0000] {dag.py:3239} INFO - Sync 1 DAGs
[2026-09-24T19:53:01.599+0000] {logging_mixin.py:190} INFO - [2026-09-24T19:53:01.598+0000] {dag.py:3262} INFO - Creating ORM DAG for example_bash_operator
[2026-09-24T19:53:02.427+0000] {logging_mixin.py:190} INFO - [2026-09-24T19:53:02.185+0000] {dag.py:4180} INFO - Setting next_dagrun for example_bash_operator to 2026-09-23 00:00:00+00:00, run_after=2026-09-24 00:00:00+00:00
[2026-09-24T19:53:02.912+0000] {processor.py:208} INFO - Processing /home/airflow/.local/lib/python3.12/site-packages/airflow/example_dags/example_bash_operator.py took 12.902 seconds
[2026-09-24T20:25:37.858+0000] {processor.py:186} INFO - Started process (PID=329) to work on /home/airflow/.local/lib/python3.12/site-packages/airflow/example_dags/example_bash_operator.py
[2026-09-24T20:25:37.873+0000] {processor.py:914} INFO - Processing file /home/airflow/.local/lib/python3.12/site-packages/airflow/example_dags/example_bash_operator.py for tasks to queue
[2026-09-24T20:25:37.947+0000] {logging_mixin.py:190} INFO - [2026-09-24T20:25:37.939+0000] {dagbag.py:588} INFO - Filling up the DagBag from /home/airflow/.local/lib/python3.12/site-packages/airflow/example_dags/example_bash_operator.py
[2026-09-24T20:25:38.117+0000] {processor.py:925} INFO - DAG(s) 'example_bash_operator' retrieved from /home/airflow/.local/lib/python3.12/site-packages/airflow/example_dags/example_bash_operator.py
[2026-09-24T20:25:42.198+0000] {logging_mixin.py:190} INFO - [2026-09-24T20:25:42.198+0000] {dag.py:3239} INFO - Sync 1 DAGs
[2026-09-24T20:25:44.896+0000] {logging_mixin.py:190} INFO - [2026-09-24T20:25:44.888+0000] {dag.py:4180} INFO - Setting next_dagrun for example_bash_operator to 2026-09-23 00:00:00+00:00, run_after=2026-09-24 00:00:00+00:00
[2026-09-24T20:25:45.598+0000] {processor.py:208} INFO - Processing /home/airflow/.local/lib/python3.12/site-packages/airflow/example_dags/example_bash_operator.py took 7.796 seconds
[2026-09-24T22:31:33.078+0000] {processor.py:186} INFO - Started process (PID=327) to work on /home/airflow/.local/lib/python3.12/site-packages/airflow/example_dags/example_bash_operator.py
[2026-09-24T22:31:33.176+0000] {processor.py:914} INFO - Processing file /home/airflow/.local/lib/python3.12/site-packages/airflow/example_dags/example_bash_operator.py for tasks to queue
[2026-09-24T22:31:33.244+0000] {logging_mixin.py:190} INFO - [2026-09-24T22:31:33.242+0000] {dagbag.py:588} INFO - Filling up the DagBag from /home/airflow/.local/lib/python3.12/site-packages/airflow/example_dags/example_bash_operator.py
[2026-09-24T22:31:35.675+0000] {processor.py:925} INFO - DAG(s) 'example_bash_operator' retrieved from /home/airflow/.local/lib/python3.12/site-packages/airflow/example_dags/example_bash_operator.py
[2026-09-24T22:31:38.221+0000] {logging_mixin.py:190} INFO - [2026-09-24T22:31:38.219+0000] {dag.py:3239} INFO - Sync 1 DAGs
[2026-09-24T22:31:40.438+0000] {logging_mixin.py:190} INFO - [2026-09-24T22:31:40.427+0000] {dag.py:4180} INFO - Setting next_dagrun for example_bash_operator to 2026-09-23 00:00:00+00:00, run_after=2026-09-24 00:00:00+00:00
[2026-09-24T22:31:41.798+0000] {processor.py:208} INFO - Processing /home/airflow/.local/lib/python3.12/site-packages/airflow/example_dags/example_bash_operator.py took 9.210 seconds
