[2026-09-24T19:53:04.312+0000] {processor.py:186} INFO - Started process (PID=106) to work on /home/airflow/.local/lib/python3.12/site-packages/airflow/example_dags/example_task_group_decorator.py
[2026-09-24T19:53:04.333+0000] {processor.py:914} INFO - Processing file /home/airflow/.local/lib/python3.12/site-packages/airflow/example_dags/example_task_group_decorator.py for tasks to queue
[2026-09-24T19:53:04.366+0000] {logging_mixin.py:190} INFO - [2026-09-24T19:53:04.363+0000] {dagbag.py:588} INFO - Filling up the DagBag from /home/airflow/.local/lib/python3.12/site-packages/airflow/example_dags/example_task_group_decorator.py
[2026-09-24T19:53:07.266+0000] {processor.py:925} INFO - DAG(s) 'example_task_group_decorator' retrieved from /home/airflow/.local/lib/python3.12/site-packages/airflow/example_dags/example_task_group_decorator.py
[2026-09-24T19:53:20.023+0000] {logging_mixin.py:190} INFO - [2026-09-24T19:53:20.013+0000] {override.py:1912} INFO - Created Permission View: can edit on DAG:example_task_group_decorator
[2026-09-24T19:53:20.204+0000] {logging_mixin.py:190} INFO - [2026-09-24T19:53:20.203+0000] {override.py:1912} INFO - Created Permission View: can delete on DAG:example_task_group_decorator
[2026-09-24T19:53:20.366+0000] {logging_mixin.py:190} INFO - [2026-09-24T19:53:20.365+0000] {override.py:1912} INFO - Created Permission View: can read on DAG:example_task_group_decorator
[2026-09-24T19:53:20.417+0000] {logging_mixin.py:190} INFO - [2026-09-24T19:53:20.415+0000] {override.py:1912} INFO - Created Permission View: can create on DAG Run:example_task_group_decorator
[2026-09-24T19:53:20.471+0000] {logging_mixin.py:190} INFO - [2026-09-24T19:53:20.470+0000] {override.py:1912} INFO - Created Permission View: can delete on DAG Run:example_task_group_decorator
[2026-09-24T19:53:20.535+0000] {logging_mixin.py:190} INFO - [2026-09-24T19:53:20.534+0000] {override.py:1912} INFO - Created Permission View: menu access on DAG Run:example_task_group_decorator
[2026-09-24T19:53:20.602+0000] {logging_mixin.py:190} INFO - [2026-09-24T19:53:20.602+0000] {override.py:1912} INFO - Created Permission View: can read on DAG Run:example_task_group_decorator
[2026-09-24T19:53:20.608+0000] {logging_mixin.py:190} INFO - [2026-09-24T19:53:20.607+0000] {dag.py:3239} INFO - Sync 1 DAGs
[2026-09-24T19:53:21.287+0000] {logging_mixin.py:190} INFO - [2026-09-24T19:53:21.260+0000] {dag.py:3262} INFO - Creating ORM DAG for example_task_group_decorator
[2026-09-24T19:53:21.301+0000] {logging_mixin.py:190} INFO - [2026-09-24T19:53:21.300+0000] {dag.py:4180} INFO - Setting next_dagrun for example_task_group_decorator to None, run_after=None
[2026-09-24T19:53:21.548+0000] {processor.py:208} INFO - Processing /home/airflow/.local/lib/python3.12/site-packages/airflow/example_dags/example_task_group_decorator.py took 17.318 seconds
[2026-09-24T20:25:47.333+0000] {processor.py:186} INFO - Started process (PID=337) to work on /home/airflow/.local/lib/python3.12/site-packages/airflow/example_dags/example_task_group_decorator.py
[2026-09-24T20:25:47.356+0000] {processor.py:914} INFO - Processing file /home/airflow/.local/lib/python3.12/site-packages/airflow/example_dags/example_task_group_decorator.py for tasks to queue
[2026-09-24T20:25:47.569+0000] {logging_mixin.py:190} INFO - [2026-09-24T20:25:47.559+0000] {dagbag.py:588} INFO - Filling up the DagBag from /home/airflow/.local/lib/python3.12/site-packages/airflow/example_dags/example_task_group_decorator.py
[2026-09-24T20:25:49.776+0000] {processor.py:925} INFO - DAG(s) 'example_task_group_decorator' retrieved from /home/airflow/.local/lib/python3.12/site-packages/airflow/example_dags/example_task_group_decorator.py
[2026-09-24T20:25:53.691+0000] {logging_mixin.py:190} INFO - [2026-09-24T20:25:53.690+0000] {dag.py:3239} INFO - Sync 1 DAGs
[2026-09-24T20:25:54.243+0000] {logging_mixin.py:190} INFO - [2026-09-24T20:25:54.242+0000] {dag.py:4180} INFO - Setting next_dagrun for example_task_group_decorator to None, run_after=None
[2026-09-24T20:25:55.923+0000] {processor.py:208} INFO - Processing /home/airflow/.local/lib/python3.12/site-packages/airflow/example_dags/example_task_group_decorator.py took 8.947 seconds
[2026-09-24T22:31:46.480+0000] {processor.py:186} INFO - Started process (PID=329) to work on /home/airflow/.local/lib/python3.12/site-packages/airflow/example_dags/example_task_group_decorator.py
[2026-09-24T22:31:46.488+0000] {processor.py:914} INFO - Processing file /home/airflow/.local/lib/python3.12/site-packages/airflow/example_dags/example_task_group_decorator.py for tasks to queue
[2026-09-24T22:31:46.576+0000] {logging_mixin.py:190} INFO - [2026-09-24T22:31:46.573+0000] {dagbag.py:588} INFO - Filling up the DagBag from /home/airflow/.local/lib/python3.12/site-packages/airflow/example_dags/example_task_group_decorator.py
[2026-09-24T22:31:48.409+0000] {processor.py:925} INFO - DAG(s) 'example_task_group_decorator' retrieved from /home/airflow/.local/lib/python3.12/site-packages/airflow/example_dags/example_task_group_decorator.py
[2026-09-24T22:31:51.664+0000] {logging_mixin.py:190} INFO - [2026-09-24T22:31:51.661+0000] {dag.py:3239} INFO - Sync 1 DAGs
[2026-09-24T22:31:57.603+0000] {logging_mixin.py:190} INFO - [2026-09-24T22:31:57.012+0000] {dag.py:4180} INFO - Setting next_dagrun for example_task_group_decorator to None, run_after=None
[2026-09-24T22:32:22.889+0000] {processor.py:208} INFO - Processing /home/airflow/.local/lib/python3.12/site-packages/airflow/example_dags/example_task_group_decorator.py took 36.786 seconds
