[2026-09-24T19:52:24.014+0000] {processor.py:186} INFO - Started process (PID=96) to work on /home/airflow/.local/lib/python3.12/site-packages/airflow/example_dags/example_branch_datetime_operator.py
[2026-09-24T19:52:24.072+0000] {processor.py:914} INFO - Processing file /home/airflow/.local/lib/python3.12/site-packages/airflow/example_dags/example_branch_datetime_operator.py for tasks to queue
[2026-09-24T19:52:24.094+0000] {logging_mixin.py:190} INFO - [2026-09-24T19:52:24.093+0000] {dagbag.py:588} INFO - Filling up the DagBag from /home/airflow/.local/lib/python3.12/site-packages/airflow/example_dags/example_branch_datetime_operator.py
[2026-09-24T19:52:24.390+0000] {processor.py:925} INFO - DAG(s) 'example_branch_datetime_operator_2', 'example_branch_datetime_operator_3', 'example_branch_datetime_operator' retrieved from /home/airflow/.local/lib/python3.12/site-packages/airflow/example_dags/example_branch_datetime_operator.py
[2026-09-24T19:52:28.831+0000] {logging_mixin.py:190} INFO - [2026-09-24T19:52:28.813+0000] {override.py:1912} INFO - Created Permission View: can edit on DAG:example_branch_datetime_operator_2
[2026-09-24T19:52:29.869+0000] {logging_mixin.py:190} INFO - [2026-09-24T19:52:29.825+0000] {override.py:1912} INFO - Created Permission View: can delete on DAG:example_branch_datetime_operator_2
[2026-09-24T19:52:30.889+0000] {logging_mixin.py:190} INFO - [2026-09-24T19:52:30.877+0000] {override.py:1912} INFO - Created Permission View: can read on DAG:example_branch_datetime_operator_2
[2026-09-24T19:52:31.340+0000] {logging_mixin.py:190} INFO - [2026-09-24T19:52:31.338+0000] {override.py:1912} INFO - Created Permission View: can create on DAG Run:example_branch_datetime_operator_2
[2026-09-24T19:52:31.386+0000] {logging_mixin.py:190} INFO - [2026-09-24T19:52:31.382+0000] {override.py:1912} INFO - Created Permission View: can delete on DAG Run:example_branch_datetime_operator_2
[2026-09-24T19:52:31.462+0000] {logging_mixin.py:190} INFO - [2026-09-24T19:52:31.461+0000] {override.py:1912} INFO - Created Permission View: menu access on DAG Run:example_branch_datetime_operator_2
[2026-09-24T19:52:31.830+0000] {logging_mixin.py:190} INFO - [2026-09-24T19:52:31.829+0000] {override.py:1912} INFO - Created Permission View: can read on DAG Run:example_branch_datetime_operator_2
[2026-09-24T19:52:32.239+0000] {logging_mixin.py:190} INFO - [2026-09-24T19:52:32.237+0000] {override.py:1912} INFO - Created Permission View: can edit on DAG:example_branch_datetime_operator_3
[2026-09-24T19:52:32.769+0000] {logging_mixin.py:190} INFO - [2026-09-24T19:52:32.768+0000] {override.py:1912} INFO - Created Permission View: can delete on DAG:example_branch_datetime_operator_3
[2026-09-24T19:52:32.855+0000] {logging_mixin.py:190} INFO - [2026-09-24T19:52:32.855+0000] {override.py:1912} INFO - Created Permission View: can read on DAG:example_branch_datetime_operator_3
[2026-09-24T19:52:32.931+0000] {logging_mixin.py:190} INFO - [2026-09-24T19:52:32.930+0000] {override.py:1912} INFO - Created Permission View: can create on DAG Run:example_branch_datetime_operator_3
[2026-09-24T19:52:32.968+0000] {logging_mixin.py:190} INFO - [2026-09-24T19:52:32.967+0000] {override.py:1912} INFO - Created Permission View: can delete on DAG Run:example_branch_datetime_operator_3
[2026-09-24T19:52:33.037+0000] {logging_mixin.py:190} INFO - [2026-09-24T19:52:33.036+0000] {override.py:1912} INFO - Created Permission View: menu access on DAG Run:example_branch_datetime_operator_3
[2026-09-24T19:52:33.070+0000] {logging_mixin.py:190} INFO - [2026-09-24T19:52:33.070+0000] {override.py:1912} INFO - Created Permission View: can read on DAG Run:example_branch_datetime_operator_3
[2026-09-24T19:52:33.302+0000] {logging_mixin.py:190} INFO - [2026-09-24T19:52:33.256+0000] {override.py:1912} INFO - Created Permission View: can edit on DAG:example_branch_datetime_operator
[2026-09-24T19:52:33.517+0000] {logging_mixin.py:190} INFO - [2026-09-24T19:52:33.516+0000] {override.py:1912} INFO - Created Permission View: can delete on DAG:example_branch_datetime_operator
[2026-09-24T19:52:34.096+0000] {logging_mixin.py:190} INFO - [2026-09-24T19:52:34.094+0000] {override.py:1912} INFO - Created Permission View: can read on DAG:example_branch_datetime_operator
[2026-09-24T19:52:34.752+0000] {logging_mixin.py:190} INFO - [2026-09-24T19:52:34.747+0000] {override.py:1912} INFO - Created Permission View: can create on DAG Run:example_branch_datetime_operator
[2026-09-24T19:52:35.120+0000] {logging_mixin.py:190} INFO - [2026-09-24T19:52:35.116+0000] {override.py:1912} INFO - Created Permission View: can delete on DAG Run:example_branch_datetime_operator
[2026-09-24T19:52:35.350+0000] {logging_mixin.py:190} INFO - [2026-09-24T19:52:35.348+0000] {override.py:1912} INFO - Created Permission View: menu access on DAG Run:example_branch_datetime_operator
[2026-09-24T19:52:35.447+0000] {logging_mixin.py:190} INFO - [2026-09-24T19:52:35.446+0000] {override.py:1912} INFO - Created Permission View: can read on DAG Run:example_branch_datetime_operator
[2026-09-24T19:52:35.492+0000] {logging_mixin.py:190} INFO - [2026-09-24T19:52:35.478+0000] {dag.py:3239} INFO - Sync 3 DAGs
[2026-09-24T19:52:35.910+0000] {logging_mixin.py:190} INFO - [2026-09-24T19:52:35.910+0000] {dag.py:3262} INFO - Creating ORM DAG for example_branch_datetime_operator
[2026-09-24T19:52:35.916+0000] {logging_mixin.py:190} INFO - [2026-09-24T19:52:35.915+0000] {dag.py:3262} INFO - Creating ORM DAG for example_branch_datetime_operator_2
[2026-09-24T19:52:35.926+0000] {logging_mixin.py:190} INFO - [2026-09-24T19:52:35.925+0000] {dag.py:3262} INFO - Creating ORM DAG for example_branch_datetime_operator_3
[2026-09-24T19:52:36.059+0000] {logging_mixin.py:190} INFO - [2026-09-24T19:52:36.058+0000] {dag.py:4180} INFO - Setting next_dagrun for example_branch_datetime_operator to 2026-09-23 00:00:00+00:00, run_after=2026-09-24 00:00:00+00:00
[2026-09-24T19:52:36.089+0000] {logging_mixin.py:190} INFO - [2026-09-24T19:52:36.088+0000] {dag.py:4180} INFO - Setting next_dagrun for example_branch_datetime_operator_2 to 2026-09-23 00:00:00+00:00, run_after=2026-09-24 00:00:00+00:00
[2026-09-24T19:52:36.105+0000] {logging_mixin.py:190} INFO - [2026-09-24T19:52:36.104+0000] {dag.py:4180} INFO - Setting next_dagrun for example_branch_datetime_operator_3 to 2026-09-23 00:00:00+00:00, run_after=2026-09-24 00:00:00+00:00
[2026-09-24T19:52:36.320+0000] {processor.py:208} INFO - Processing /home/airflow/.local/lib/python3.12/site-packages/airflow/example_dags/example_branch_datetime_operator.py took 12.556 seconds
[2026-09-24T20:25:26.398+0000] {processor.py:186} INFO - Started process (PID=327) to work on /home/airflow/.local/lib/python3.12/site-packages/airflow/example_dags/example_branch_datetime_operator.py
[2026-09-24T20:25:26.504+0000] {processor.py:914} INFO - Processing file /home/airflow/.local/lib/python3.12/site-packages/airflow/example_dags/example_branch_datetime_operator.py for tasks to queue
[2026-09-24T20:25:26.571+0000] {logging_mixin.py:190} INFO - [2026-09-24T20:25:26.569+0000] {dagbag.py:588} INFO - Filling up the DagBag from /home/airflow/.local/lib/python3.12/site-packages/airflow/example_dags/example_branch_datetime_operator.py
[2026-09-24T20:25:26.980+0000] {processor.py:925} INFO - DAG(s) 'example_branch_datetime_operator_3', 'example_branch_datetime_operator_2', 'example_branch_datetime_operator' retrieved from /home/airflow/.local/lib/python3.12/site-packages/airflow/example_dags/example_branch_datetime_operator.py
[2026-09-24T20:25:31.071+0000] {logging_mixin.py:190} INFO - [2026-09-24T20:25:30.159+0000] {dag.py:3239} INFO - Sync 3 DAGs
[2026-09-24T20:25:32.874+0000] {logging_mixin.py:190} INFO - [2026-09-24T20:25:32.552+0000] {dag.py:4180} INFO - Setting next_dagrun for example_branch_datetime_operator to 2026-09-23 00:00:00+00:00, run_after=2026-09-24 00:00:00+00:00
[2026-09-24T20:25:34.315+0000] {logging_mixin.py:190} INFO - [2026-09-24T20:25:34.314+0000] {dag.py:4180} INFO - Setting next_dagrun for example_branch_datetime_operator_2 to 2026-09-23 00:00:00+00:00, run_after=2026-09-24 00:00:00+00:00
[2026-09-24T20:25:34.384+0000] {logging_mixin.py:190} INFO - [2026-09-24T20:25:34.383+0000] {dag.py:4180} INFO - Setting next_dagrun for example_branch_datetime_operator_3 to 2026-09-23 00:00:00+00:00, run_after=2026-09-24 00:00:00+00:00
[2026-09-24T20:25:36.817+0000] {processor.py:208} INFO - Processing /home/airflow/.local/lib/python3.12/site-packages/airflow/example_dags/example_branch_datetime_operator.py took 11.026 seconds
[2026-09-24T22:31:22.778+0000] {processor.py:186} INFO - Started process (PID=319) to work on /home/airflow/.local/lib/python3.12/site-packages/airflow/example_dags/example_branch_datetime_operator.py
[2026-09-24T22:31:23.310+0000] {processor.py:914} INFO - Processing file /home/airflow/.local/lib/python3.12/site-packages/airflow/example_dags/example_branch_datetime_operator.py for tasks to queue
[2026-09-24T22:31:23.674+0000] {logging_mixin.py:190} INFO - [2026-09-24T22:31:23.455+0000] {dagbag.py:588} INFO - Filling up the DagBag from /home/airflow/.local/lib/python3.12/site-packages/airflow/example_dags/example_branch_datetime_operator.py
[2026-09-24T22:31:24.820+0000] {processor.py:925} INFO - DAG(s) 'example_branch_datetime_operator_3', 'example_branch_datetime_operator_2', 'example_branch_datetime_operator' retrieved from /home/airflow/.local/lib/python3.12/site-packages/airflow/example_dags/example_branch_datetime_operator.py
[2026-09-24T22:31:27.641+0000] {logging_mixin.py:190} INFO - [2026-09-24T22:31:27.426+0000] {dag.py:3239} INFO - Sync 3 DAGs
[2026-09-24T22:31:31.179+0000] {logging_mixin.py:190} INFO - [2026-09-24T22:31:31.173+0000] {dag.py:4180} INFO - Setting next_dagrun for example_branch_datetime_operator to 2026-09-23 00:00:00+00:00, run_after=2026-09-24 00:00:00+00:00
[2026-09-24T22:31:31.355+0000] {logging_mixin.py:190} INFO - [2026-09-24T22:31:31.354+0000] {dag.py:4180} INFO - Setting next_dagrun for example_branch_datetime_operator_2 to 2026-09-23 00:00:00+00:00, run_after=2026-09-24 00:00:00+00:00
[2026-09-24T22:31:31.516+0000] {logging_mixin.py:190} INFO - [2026-09-24T22:31:31.516+0000] {dag.py:4180} INFO - Setting next_dagrun for example_branch_datetime_operator_3 to 2026-09-23 00:00:00+00:00, run_after=2026-09-24 00:00:00+00:00
[2026-09-24T22:31:31.994+0000] {processor.py:208} INFO - Processing /home/airflow/.local/lib/python3.12/site-packages/airflow/example_dags/example_branch_datetime_operator.py took 11.119 seconds
