[2026-09-24T19:51:09.865+0000] {processor.py:186} INFO - Started process (PID=72) to work on /home/airflow/.local/lib/python3.12/site-packages/airflow/example_dags/example_task_group.py
[2026-09-24T19:51:09.920+0000] {processor.py:914} INFO - Processing file /home/airflow/.local/lib/python3.12/site-packages/airflow/example_dags/example_task_group.py for tasks to queue
[2026-09-24T19:51:10.070+0000] {logging_mixin.py:190} INFO - [2026-09-24T19:51:10.033+0000] {dagbag.py:588} INFO - Filling up the DagBag from /home/airflow/.local/lib/python3.12/site-packages/airflow/example_dags/example_task_group.py
[2026-09-24T19:51:11.671+0000] {processor.py:925} INFO - DAG(s) 'example_task_group' retrieved from /home/airflow/.local/lib/python3.12/site-packages/airflow/example_dags/example_task_group.py
[2026-09-24T19:51:22.015+0000] {logging_mixin.py:190} INFO - [2026-09-24T19:51:22.012+0000] {override.py:1912} INFO - Created Permission View: can edit on DAG:example_task_group
[2026-09-24T19:51:22.147+0000] {logging_mixin.py:190} INFO - [2026-09-24T19:51:22.147+0000] {override.py:1912} INFO - Created Permission View: can delete on DAG:example_task_group
[2026-09-24T19:51:22.288+0000] {logging_mixin.py:190} INFO - [2026-09-24T19:51:22.286+0000] {override.py:1912} INFO - Created Permission View: can read on DAG:example_task_group
[2026-09-24T19:51:22.523+0000] {logging_mixin.py:190} INFO - [2026-09-24T19:51:22.522+0000] {override.py:1912} INFO - Created Permission View: can create on DAG Run:example_task_group
[2026-09-24T19:51:22.632+0000] {logging_mixin.py:190} INFO - [2026-09-24T19:51:22.630+0000] {override.py:1912} INFO - Created Permission View: can delete on DAG Run:example_task_group
[2026-09-24T19:51:22.840+0000] {logging_mixin.py:190} INFO - [2026-09-24T19:51:22.798+0000] {override.py:1912} INFO - Created Permission View: menu access on DAG Run:example_task_group
[2026-09-24T19:51:22.994+0000] {logging_mixin.py:190} INFO - [2026-09-24T19:51:22.980+0000] {override.py:1912} INFO - Created Permission View: can read on DAG Run:example_task_group
[2026-09-24T19:51:23.117+0000] {logging_mixin.py:190} INFO - [2026-09-24T19:51:23.117+0000] {dag.py:3239} INFO - Sync 1 DAGs
[2026-09-24T19:51:25.143+0000] {logging_mixin.py:190} INFO - [2026-09-24T19:51:25.142+0000] {dag.py:3262} INFO - Creating ORM DAG for example_task_group
[2026-09-24T19:51:25.242+0000] {logging_mixin.py:190} INFO - [2026-09-24T19:51:25.242+0000] {dag.py:4180} INFO - Setting next_dagrun for example_task_group to None, run_after=None
[2026-09-24T19:51:26.327+0000] {processor.py:208} INFO - Processing /home/airflow/.local/lib/python3.12/site-packages/airflow/example_dags/example_task_group.py took 16.980 seconds
[2026-09-24T20:24:19.151+0000] {processor.py:186} INFO - Started process (PID=308) to work on /home/airflow/.local/lib/python3.12/site-packages/airflow/example_dags/example_task_group.py
[2026-09-24T20:24:19.168+0000] {processor.py:914} INFO - Processing file /home/airflow/.local/lib/python3.12/site-packages/airflow/example_dags/example_task_group.py for tasks to queue
[2026-09-24T20:24:19.229+0000] {logging_mixin.py:190} INFO - [2026-09-24T20:24:19.224+0000] {dagbag.py:588} INFO - Filling up the DagBag from /home/airflow/.local/lib/python3.12/site-packages/airflow/example_dags/example_task_group.py
[2026-09-24T20:24:20.393+0000] {processor.py:925} INFO - DAG(s) 'example_task_group' retrieved from /home/airflow/.local/lib/python3.12/site-packages/airflow/example_dags/example_task_group.py
[2026-09-24T20:24:22.183+0000] {logging_mixin.py:190} INFO - [2026-09-24T20:24:22.124+0000] {dag.py:3239} INFO - Sync 1 DAGs
[2026-09-24T20:24:24.066+0000] {logging_mixin.py:190} INFO - [2026-09-24T20:24:24.065+0000] {dag.py:4180} INFO - Setting next_dagrun for example_task_group to None, run_after=None
[2026-09-24T20:24:25.865+0000] {processor.py:208} INFO - Processing /home/airflow/.local/lib/python3.12/site-packages/airflow/example_dags/example_task_group.py took 7.069 seconds
[2026-09-24T21:28:45.108+0000] {processor.py:186} INFO - Started process (PID=266) to work on /home/airflow/.local/lib/python3.12/site-packages/airflow/example_dags/example_task_group.py
[2026-09-24T21:28:45.123+0000] {processor.py:914} INFO - Processing file /home/airflow/.local/lib/python3.12/site-packages/airflow/example_dags/example_task_group.py for tasks to queue
[2026-09-24T21:28:45.143+0000] {logging_mixin.py:190} INFO - [2026-09-24T21:28:45.140+0000] {dagbag.py:588} INFO - Filling up the DagBag from /home/airflow/.local/lib/python3.12/site-packages/airflow/example_dags/example_task_group.py
[2026-09-24T21:28:49.058+0000] {processor.py:925} INFO - DAG(s) 'example_task_group' retrieved from /home/airflow/.local/lib/python3.12/site-packages/airflow/example_dags/example_task_group.py
[2026-09-24T21:29:04.693+0000] {logging_mixin.py:190} INFO - [2026-09-24T21:29:04.691+0000] {dag.py:3239} INFO - Sync 1 DAGs
[2026-09-24T21:29:16.843+0000] {logging_mixin.py:190} INFO - [2026-09-24T21:29:16.831+0000] {dag.py:4180} INFO - Setting next_dagrun for example_task_group to None, run_after=None
[2026-09-24T21:29:24.640+0000] {processor.py:208} INFO - Processing /home/airflow/.local/lib/python3.12/site-packages/airflow/example_dags/example_task_group.py took 39.853 seconds
[2026-09-24T22:28:34.841+0000] {processor.py:186} INFO - Started process (PID=289) to work on /home/airflow/.local/lib/python3.12/site-packages/airflow/example_dags/example_task_group.py
[2026-09-24T22:28:34.944+0000] {processor.py:914} INFO - Processing file /home/airflow/.local/lib/python3.12/site-packages/airflow/example_dags/example_task_group.py for tasks to queue
[2026-09-24T22:28:35.138+0000] {logging_mixin.py:190} INFO - [2026-09-24T22:28:35.116+0000] {dagbag.py:588} INFO - Filling up the DagBag from /home/airflow/.local/lib/python3.12/site-packages/airflow/example_dags/example_task_group.py
[2026-09-24T22:28:56.088+0000] {processor.py:925} INFO - DAG(s) 'example_task_group' retrieved from /home/airflow/.local/lib/python3.12/site-packages/airflow/example_dags/example_task_group.py
[2026-09-24T22:28:58.678+0000] {logging_mixin.py:190} INFO - [2026-09-24T22:28:58.636+0000] {dag.py:3239} INFO - Sync 1 DAGs
[2026-09-24T22:28:59.484+0000] {logging_mixin.py:190} INFO - [2026-09-24T22:28:59.483+0000] {dag.py:4180} INFO - Setting next_dagrun for example_task_group to None, run_after=None
[2026-09-24T22:29:01.297+0000] {processor.py:208} INFO - Processing /home/airflow/.local/lib/python3.12/site-packages/airflow/example_dags/example_task_group.py took 26.840 seconds
