[2026-09-24T20:28:30.510+0000] {processor.py:186} INFO - Started process (PID=379) to work on /home/airflow/.local/lib/python3.12/site-packages/airflow/example_dags/example_branch_labels.py
[2026-09-24T20:28:30.586+0000] {processor.py:914} INFO - Processing file /home/airflow/.local/lib/python3.12/site-packages/airflow/example_dags/example_branch_labels.py for tasks to queue
[2026-09-24T20:28:30.991+0000] {logging_mixin.py:190} INFO - [2026-09-24T20:28:30.990+0000] {dagbag.py:588} INFO - Filling up the DagBag from /home/airflow/.local/lib/python3.12/site-packages/airflow/example_dags/example_branch_labels.py
[2026-09-24T20:28:31.560+0000] {processor.py:925} INFO - DAG(s) 'example_branch_labels' retrieved from /home/airflow/.local/lib/python3.12/site-packages/airflow/example_dags/example_branch_labels.py
[2026-09-24T20:28:38.466+0000] {logging_mixin.py:190} INFO - [2026-09-24T20:28:38.441+0000] {override.py:1912} INFO - Created Permission View: can delete on DAG:example_branch_labels
[2026-09-24T20:28:39.480+0000] {logging_mixin.py:190} INFO - [2026-09-24T20:28:39.465+0000] {override.py:1912} INFO - Created Permission View: can read on DAG:example_branch_labels
[2026-09-24T20:28:39.753+0000] {logging_mixin.py:190} INFO - [2026-09-24T20:28:39.740+0000] {override.py:1912} INFO - Created Permission View: can edit on DAG:example_branch_labels
[2026-09-24T20:28:39.967+0000] {logging_mixin.py:190} INFO - [2026-09-24T20:28:39.964+0000] {override.py:1912} INFO - Created Permission View: can delete on DAG Run:example_branch_labels
[2026-09-24T20:28:40.365+0000] {logging_mixin.py:190} INFO - [2026-09-24T20:28:40.354+0000] {override.py:1912} INFO - Created Permission View: can read on DAG Run:example_branch_labels
[2026-09-24T20:28:40.629+0000] {logging_mixin.py:190} INFO - [2026-09-24T20:28:40.627+0000] {override.py:1912} INFO - Created Permission View: can create on DAG Run:example_branch_labels
[2026-09-24T20:28:40.788+0000] {logging_mixin.py:190} INFO - [2026-09-24T20:28:40.787+0000] {override.py:1912} INFO - Created Permission View: menu access on DAG Run:example_branch_labels
[2026-09-24T20:28:40.821+0000] {logging_mixin.py:190} INFO - [2026-09-24T20:28:40.820+0000] {dag.py:3239} INFO - Sync 1 DAGs
[2026-09-24T20:28:41.246+0000] {logging_mixin.py:190} INFO - [2026-09-24T20:28:41.211+0000] {dag.py:3262} INFO - Creating ORM DAG for example_branch_labels
[2026-09-24T20:28:43.981+0000] {logging_mixin.py:190} INFO - [2026-09-24T20:28:43.705+0000] {dag.py:4180} INFO - Setting next_dagrun for example_branch_labels to 2026-09-23 00:00:00+00:00, run_after=2026-09-24 00:00:00+00:00
[2026-09-24T20:28:47.368+0000] {processor.py:208} INFO - Processing /home/airflow/.local/lib/python3.12/site-packages/airflow/example_dags/example_branch_labels.py took 16.967 seconds
[2026-09-24T22:35:44.931+0000] {processor.py:186} INFO - Started process (PID=377) to work on /home/airflow/.local/lib/python3.12/site-packages/airflow/example_dags/example_branch_labels.py
[2026-09-24T22:35:44.951+0000] {processor.py:914} INFO - Processing file /home/airflow/.local/lib/python3.12/site-packages/airflow/example_dags/example_branch_labels.py for tasks to queue
[2026-09-24T22:35:45.021+0000] {logging_mixin.py:190} INFO - [2026-09-24T22:35:44.999+0000] {dagbag.py:588} INFO - Filling up the DagBag from /home/airflow/.local/lib/python3.12/site-packages/airflow/example_dags/example_branch_labels.py
[2026-09-24T22:35:50.603+0000] {processor.py:925} INFO - DAG(s) 'example_branch_labels' retrieved from /home/airflow/.local/lib/python3.12/site-packages/airflow/example_dags/example_branch_labels.py
[2026-09-24T22:35:59.199+0000] {logging_mixin.py:190} INFO - [2026-09-24T22:35:59.198+0000] {dag.py:3239} INFO - Sync 1 DAGs
[2026-09-24T22:36:17.502+0000] {logging_mixin.py:190} INFO - [2026-09-24T22:36:17.498+0000] {dag.py:4180} INFO - Setting next_dagrun for example_branch_labels to 2026-09-23 00:00:00+00:00, run_after=2026-09-24 00:00:00+00:00
[2026-09-24T22:36:20.075+0000] {processor.py:208} INFO - Processing /home/airflow/.local/lib/python3.12/site-packages/airflow/example_dags/example_branch_labels.py took 35.707 seconds
