[2026-09-24T19:50:11.654+0000] {processor.py:186} INFO - Started process (PID=66) to work on /home/airflow/.local/lib/python3.12/site-packages/airflow/example_dags/example_latest_only.py
[2026-09-24T19:50:11.671+0000] {processor.py:914} INFO - Processing file /home/airflow/.local/lib/python3.12/site-packages/airflow/example_dags/example_latest_only.py for tasks to queue
[2026-09-24T19:50:11.717+0000] {logging_mixin.py:190} INFO - [2026-09-24T19:50:11.716+0000] {dagbag.py:588} INFO - Filling up the DagBag from /home/airflow/.local/lib/python3.12/site-packages/airflow/example_dags/example_latest_only.py
[2026-09-24T19:50:12.309+0000] {processor.py:925} INFO - DAG(s) 'latest_only' retrieved from /home/airflow/.local/lib/python3.12/site-packages/airflow/example_dags/example_latest_only.py
[2026-09-24T19:50:52.647+0000] {logging_mixin.py:190} INFO - [2026-09-24T19:50:52.432+0000] {override.py:1912} INFO - Created Permission View: can edit on DAG:latest_only
[2026-09-24T19:50:54.571+0000] {logging_mixin.py:190} INFO - [2026-09-24T19:50:54.570+0000] {override.py:1912} INFO - Created Permission View: can delete on DAG:latest_only
[2026-09-24T19:50:54.846+0000] {logging_mixin.py:190} INFO - [2026-09-24T19:50:54.845+0000] {override.py:1912} INFO - Created Permission View: can read on DAG:latest_only
[2026-09-24T19:50:55.029+0000] {logging_mixin.py:190} INFO - [2026-09-24T19:50:55.015+0000] {override.py:1912} INFO - Created Permission View: can create on DAG Run:latest_only
[2026-09-24T19:50:55.350+0000] {logging_mixin.py:190} INFO - [2026-09-24T19:50:55.338+0000] {override.py:1912} INFO - Created Permission View: can delete on DAG Run:latest_only
[2026-09-24T19:50:56.488+0000] {logging_mixin.py:190} INFO - [2026-09-24T19:50:56.473+0000] {override.py:1912} INFO - Created Permission View: menu access on DAG Run:latest_only
[2026-09-24T19:50:57.060+0000] {logging_mixin.py:190} INFO - [2026-09-24T19:50:57.059+0000] {override.py:1912} INFO - Created Permission View: can read on DAG Run:latest_only
[2026-09-24T19:50:57.113+0000] {logging_mixin.py:190} INFO - [2026-09-24T19:50:57.113+0000] {dag.py:3239} INFO - Sync 1 DAGs
[2026-09-24T19:51:02.494+0000] {logging_mixin.py:190} INFO - [2026-09-24T19:51:02.463+0000] {dag.py:3262} INFO - Creating ORM DAG for latest_only
[2026-09-24T19:51:05.990+0000] {logging_mixin.py:190} INFO - [2026-09-24T19:51:05.132+0000] {dag.py:4180} INFO - Setting next_dagrun for latest_only to 2026-09-24 12:00:00+00:00, run_after=2026-09-24 16:00:00+00:00
[2026-09-24T20:24:00.183+0000] {processor.py:186} INFO - Started process (PID=307) to work on /home/airflow/.local/lib/python3.12/site-packages/airflow/example_dags/example_latest_only.py
[2026-09-24T20:24:00.350+0000] {processor.py:914} INFO - Processing file /home/airflow/.local/lib/python3.12/site-packages/airflow/example_dags/example_latest_only.py for tasks to queue
[2026-09-24T20:24:00.552+0000] {logging_mixin.py:190} INFO - [2026-09-24T20:24:00.485+0000] {dagbag.py:588} INFO - Filling up the DagBag from /home/airflow/.local/lib/python3.12/site-packages/airflow/example_dags/example_latest_only.py
[2026-09-24T20:24:01.383+0000] {processor.py:925} INFO - DAG(s) 'latest_only' retrieved from /home/airflow/.local/lib/python3.12/site-packages/airflow/example_dags/example_latest_only.py
[2026-09-24T20:24:03.885+0000] {logging_mixin.py:190} INFO - [2026-09-24T20:24:03.884+0000] {dag.py:3239} INFO - Sync 1 DAGs
[2026-09-24T20:24:06.265+0000] {logging_mixin.py:190} INFO - [2026-09-24T20:24:06.265+0000] {dag.py:3262} INFO - Creating ORM DAG for latest_only
[2026-09-24T20:24:06.727+0000] {logging_mixin.py:190} INFO - [2026-09-24T20:24:06.726+0000] {dag.py:4180} INFO - Setting next_dagrun for latest_only to 2026-09-24 16:00:00+00:00, run_after=2026-09-24 20:00:00+00:00
[2026-09-24T20:24:14.457+0000] {processor.py:208} INFO - Processing /home/airflow/.local/lib/python3.12/site-packages/airflow/example_dags/example_latest_only.py took 14.335 seconds
[2026-09-24T21:28:43.853+0000] {processor.py:186} INFO - Started process (PID=265) to work on /home/airflow/.local/lib/python3.12/site-packages/airflow/example_dags/example_latest_only.py
[2026-09-24T21:28:43.904+0000] {processor.py:914} INFO - Processing file /home/airflow/.local/lib/python3.12/site-packages/airflow/example_dags/example_latest_only.py for tasks to queue
[2026-09-24T21:28:44.020+0000] {logging_mixin.py:190} INFO - [2026-09-24T21:28:43.964+0000] {dagbag.py:588} INFO - Filling up the DagBag from /home/airflow/.local/lib/python3.12/site-packages/airflow/example_dags/example_latest_only.py
[2026-09-24T21:28:49.079+0000] {processor.py:925} INFO - DAG(s) 'latest_only' retrieved from /home/airflow/.local/lib/python3.12/site-packages/airflow/example_dags/example_latest_only.py
[2026-09-24T21:29:04.296+0000] {logging_mixin.py:190} INFO - [2026-09-24T21:29:04.286+0000] {dag.py:3239} INFO - Sync 1 DAGs
[2026-09-24T21:29:24.942+0000] {logging_mixin.py:190} INFO - [2026-09-24T21:29:24.779+0000] {dag.py:4180} INFO - Setting next_dagrun for latest_only to 2026-09-24 16:00:00+00:00, run_after=2026-09-24 20:00:00+00:00
[2026-09-24T21:29:27.465+0000] {processor.py:208} INFO - Processing /home/airflow/.local/lib/python3.12/site-packages/airflow/example_dags/example_latest_only.py took 44.361 seconds
[2026-09-24T22:28:31.027+0000] {processor.py:186} INFO - Started process (PID=288) to work on /home/airflow/.local/lib/python3.12/site-packages/airflow/example_dags/example_latest_only.py
[2026-09-24T22:28:31.199+0000] {processor.py:914} INFO - Processing file /home/airflow/.local/lib/python3.12/site-packages/airflow/example_dags/example_latest_only.py for tasks to queue
[2026-09-24T22:28:31.823+0000] {logging_mixin.py:190} INFO - [2026-09-24T22:28:31.814+0000] {dagbag.py:588} INFO - Filling up the DagBag from /home/airflow/.local/lib/python3.12/site-packages/airflow/example_dags/example_latest_only.py
[2026-09-24T22:28:32.316+0000] {processor.py:925} INFO - DAG(s) 'latest_only' retrieved from /home/airflow/.local/lib/python3.12/site-packages/airflow/example_dags/example_latest_only.py
[2026-09-24T22:28:58.410+0000] {logging_mixin.py:190} INFO - [2026-09-24T22:28:58.376+0000] {dag.py:3239} INFO - Sync 1 DAGs
