[2026-09-24T19:50:10.471+0000] {processor.py:186} INFO - Started process (PID=65) to work on /home/airflow/.local/lib/python3.12/site-packages/airflow/example_dags/example_setup_teardown.py
[2026-09-24T19:50:10.521+0000] {processor.py:914} INFO - Processing file /home/airflow/.local/lib/python3.12/site-packages/airflow/example_dags/example_setup_teardown.py for tasks to queue
[2026-09-24T19:50:10.733+0000] {logging_mixin.py:190} INFO - [2026-09-24T19:50:10.650+0000] {dagbag.py:588} INFO - Filling up the DagBag from /home/airflow/.local/lib/python3.12/site-packages/airflow/example_dags/example_setup_teardown.py
[2026-09-24T19:50:11.170+0000] {processor.py:925} INFO - DAG(s) 'example_setup_teardown' retrieved from /home/airflow/.local/lib/python3.12/site-packages/airflow/example_dags/example_setup_teardown.py
[2026-09-24T19:50:52.401+0000] {logging_mixin.py:190} INFO - [2026-09-24T19:50:52.392+0000] {override.py:1912} INFO - Created Permission View: can edit on DAG:example_setup_teardown
[2026-09-24T19:50:54.210+0000] {logging_mixin.py:190} INFO - [2026-09-24T19:50:54.193+0000] {override.py:1912} INFO - Created Permission View: can delete on DAG:example_setup_teardown
[2026-09-24T19:50:54.732+0000] {logging_mixin.py:190} INFO - [2026-09-24T19:50:54.728+0000] {override.py:1912} INFO - Created Permission View: can read on DAG:example_setup_teardown
[2026-09-24T19:50:55.113+0000] {logging_mixin.py:190} INFO - [2026-09-24T19:50:55.069+0000] {override.py:1912} INFO - Created Permission View: can create on DAG Run:example_setup_teardown
[2026-09-24T19:50:56.679+0000] {logging_mixin.py:190} INFO - [2026-09-24T19:50:56.422+0000] {override.py:1912} INFO - Created Permission View: can delete on DAG Run:example_setup_teardown
[2026-09-24T19:50:56.951+0000] {logging_mixin.py:190} INFO - [2026-09-24T19:50:56.950+0000] {override.py:1912} INFO - Created Permission View: menu access on DAG Run:example_setup_teardown
[2026-09-24T19:50:57.290+0000] {logging_mixin.py:190} INFO - [2026-09-24T19:50:57.217+0000] {override.py:1912} INFO - Created Permission View: can read on DAG Run:example_setup_teardown
[2026-09-24T19:50:57.547+0000] {logging_mixin.py:190} INFO - [2026-09-24T19:50:57.542+0000] {dag.py:3239} INFO - Sync 1 DAGs
[2026-09-24T20:23:59.510+0000] {processor.py:186} INFO - Started process (PID=300) to work on /home/airflow/.local/lib/python3.12/site-packages/airflow/example_dags/example_setup_teardown.py
[2026-09-24T20:23:59.705+0000] {processor.py:914} INFO - Processing file /home/airflow/.local/lib/python3.12/site-packages/airflow/example_dags/example_setup_teardown.py for tasks to queue
[2026-09-24T20:24:00.266+0000] {logging_mixin.py:190} INFO - [2026-09-24T20:24:00.111+0000] {dagbag.py:588} INFO - Filling up the DagBag from /home/airflow/.local/lib/python3.12/site-packages/airflow/example_dags/example_setup_teardown.py
[2026-09-24T20:24:01.944+0000] {processor.py:925} INFO - DAG(s) 'example_setup_teardown' retrieved from /home/airflow/.local/lib/python3.12/site-packages/airflow/example_dags/example_setup_teardown.py
[2026-09-24T20:24:06.421+0000] {logging_mixin.py:190} INFO - [2026-09-24T20:24:06.387+0000] {dag.py:3239} INFO - Sync 1 DAGs
[2026-09-24T20:24:07.176+0000] {logging_mixin.py:190} INFO - [2026-09-24T20:24:07.175+0000] {dag.py:3262} INFO - Creating ORM DAG for example_setup_teardown
[2026-09-24T20:24:07.449+0000] {logging_mixin.py:190} INFO - [2026-09-24T20:24:07.334+0000] {dag.py:4180} INFO - Setting next_dagrun for example_setup_teardown to None, run_after=None
[2026-09-24T20:24:13.012+0000] {processor.py:208} INFO - Processing /home/airflow/.local/lib/python3.12/site-packages/airflow/example_dags/example_setup_teardown.py took 14.069 seconds
[2026-09-24T21:27:51.858+0000] {processor.py:186} INFO - Started process (PID=257) to work on /home/airflow/.local/lib/python3.12/site-packages/airflow/example_dags/example_setup_teardown.py
[2026-09-24T21:27:52.153+0000] {processor.py:914} INFO - Processing file /home/airflow/.local/lib/python3.12/site-packages/airflow/example_dags/example_setup_teardown.py for tasks to queue
[2026-09-24T21:27:52.357+0000] {logging_mixin.py:190} INFO - [2026-09-24T21:27:52.329+0000] {dagbag.py:588} INFO - Filling up the DagBag from /home/airflow/.local/lib/python3.12/site-packages/airflow/example_dags/example_setup_teardown.py
[2026-09-24T21:27:54.089+0000] {processor.py:925} INFO - DAG(s) 'example_setup_teardown' retrieved from /home/airflow/.local/lib/python3.12/site-packages/airflow/example_dags/example_setup_teardown.py
[2026-09-24T21:27:55.778+0000] {logging_mixin.py:190} INFO - [2026-09-24T21:27:55.777+0000] {dag.py:3239} INFO - Sync 1 DAGs
[2026-09-24T21:28:21.512+0000] {logging_mixin.py:190} INFO - [2026-09-24T21:28:21.506+0000] {dag.py:4180} INFO - Setting next_dagrun for example_setup_teardown to None, run_after=None
[2026-09-24T21:28:26.855+0000] {processor.py:208} INFO - Processing /home/airflow/.local/lib/python3.12/site-packages/airflow/example_dags/example_setup_teardown.py took 39.293 seconds
[2026-09-24T22:27:36.063+0000] {processor.py:186} INFO - Started process (PID=282) to work on /home/airflow/.local/lib/python3.12/site-packages/airflow/example_dags/example_setup_teardown.py
[2026-09-24T22:27:36.162+0000] {processor.py:914} INFO - Processing file /home/airflow/.local/lib/python3.12/site-packages/airflow/example_dags/example_setup_teardown.py for tasks to queue
[2026-09-24T22:27:36.282+0000] {logging_mixin.py:190} INFO - [2026-09-24T22:27:36.280+0000] {dagbag.py:588} INFO - Filling up the DagBag from /home/airflow/.local/lib/python3.12/site-packages/airflow/example_dags/example_setup_teardown.py
[2026-09-24T22:27:45.156+0000] {processor.py:925} INFO - DAG(s) 'example_setup_teardown' retrieved from /home/airflow/.local/lib/python3.12/site-packages/airflow/example_dags/example_setup_teardown.py
[2026-09-24T22:28:06.913+0000] {logging_mixin.py:190} INFO - [2026-09-24T22:28:06.714+0000] {dag.py:3239} INFO - Sync 1 DAGs
[2026-09-24T22:28:10.255+0000] {logging_mixin.py:190} INFO - [2026-09-24T22:28:10.216+0000] {dag.py:4180} INFO - Setting next_dagrun for example_setup_teardown to None, run_after=None
[2026-09-24T22:28:10.908+0000] {processor.py:208} INFO - Processing /home/airflow/.local/lib/python3.12/site-packages/airflow/example_dags/example_setup_teardown.py took 35.295 seconds
