[2026-09-24T20:27:11.965+0000] {processor.py:186} INFO - Started process (PID=355) to work on /home/airflow/.local/lib/python3.12/site-packages/airflow/example_dags/example_sla_dag.py
[2026-09-24T20:27:12.372+0000] {processor.py:914} INFO - Processing file /home/airflow/.local/lib/python3.12/site-packages/airflow/example_dags/example_sla_dag.py for tasks to queue
[2026-09-24T20:27:13.006+0000] {logging_mixin.py:190} INFO - [2026-09-24T20:27:13.004+0000] {dagbag.py:588} INFO - Filling up the DagBag from /home/airflow/.local/lib/python3.12/site-packages/airflow/example_dags/example_sla_dag.py
[2026-09-24T20:27:16.865+0000] {processor.py:925} INFO - DAG(s) 'example_sla_dag' retrieved from /home/airflow/.local/lib/python3.12/site-packages/airflow/example_dags/example_sla_dag.py
[2026-09-24T20:27:27.298+0000] {logging_mixin.py:190} INFO - [2026-09-24T20:27:27.189+0000] {override.py:1912} INFO - Created Permission View: can delete on DAG:example_sla_dag
[2026-09-24T20:27:27.941+0000] {logging_mixin.py:190} INFO - [2026-09-24T20:27:27.920+0000] {override.py:1912} INFO - Created Permission View: can read on DAG:example_sla_dag
[2026-09-24T20:27:28.653+0000] {logging_mixin.py:190} INFO - [2026-09-24T20:27:28.652+0000] {override.py:1912} INFO - Created Permission View: can edit on DAG:example_sla_dag
[2026-09-24T20:27:28.915+0000] {logging_mixin.py:190} INFO - [2026-09-24T20:27:28.915+0000] {override.py:1912} INFO - Created Permission View: can delete on DAG Run:example_sla_dag
[2026-09-24T20:27:28.987+0000] {logging_mixin.py:190} INFO - [2026-09-24T20:27:28.986+0000] {override.py:1912} INFO - Created Permission View: can read on DAG Run:example_sla_dag
[2026-09-24T20:27:29.182+0000] {logging_mixin.py:190} INFO - [2026-09-24T20:27:29.169+0000] {override.py:1912} INFO - Created Permission View: can create on DAG Run:example_sla_dag
[2026-09-24T20:27:29.387+0000] {logging_mixin.py:190} INFO - [2026-09-24T20:27:29.350+0000] {override.py:1912} INFO - Created Permission View: menu access on DAG Run:example_sla_dag
[2026-09-24T20:27:29.413+0000] {logging_mixin.py:190} INFO - [2026-09-24T20:27:29.411+0000] {dag.py:3239} INFO - Sync 1 DAGs
[2026-09-24T20:27:30.304+0000] {logging_mixin.py:190} INFO - [2026-09-24T20:27:30.304+0000] {dag.py:3262} INFO - Creating ORM DAG for example_sla_dag
[2026-09-24T20:27:31.212+0000] {logging_mixin.py:190} INFO - [2026-09-24T20:27:31.211+0000] {dag.py:4180} INFO - Setting next_dagrun for example_sla_dag to 2026-09-24 20:24:00+00:00, run_after=2026-09-24 20:26:00+00:00
[2026-09-24T20:27:31.960+0000] {processor.py:208} INFO - Processing /home/airflow/.local/lib/python3.12/site-packages/airflow/example_dags/example_sla_dag.py took 21.422 seconds
[2026-09-24T22:33:57.063+0000] {processor.py:186} INFO - Started process (PID=353) to work on /home/airflow/.local/lib/python3.12/site-packages/airflow/example_dags/example_sla_dag.py
[2026-09-24T22:33:57.109+0000] {processor.py:914} INFO - Processing file /home/airflow/.local/lib/python3.12/site-packages/airflow/example_dags/example_sla_dag.py for tasks to queue
[2026-09-24T22:33:57.439+0000] {logging_mixin.py:190} INFO - [2026-09-24T22:33:57.423+0000] {dagbag.py:588} INFO - Filling up the DagBag from /home/airflow/.local/lib/python3.12/site-packages/airflow/example_dags/example_sla_dag.py
[2026-09-24T22:33:59.286+0000] {processor.py:925} INFO - DAG(s) 'example_sla_dag' retrieved from /home/airflow/.local/lib/python3.12/site-packages/airflow/example_dags/example_sla_dag.py
[2026-09-24T22:34:07.450+0000] {logging_mixin.py:190} INFO - [2026-09-24T22:34:07.314+0000] {dag.py:3239} INFO - Sync 1 DAGs
[2026-09-24T22:34:15.199+0000] {logging_mixin.py:190} INFO - [2026-09-24T22:34:15.198+0000] {dag.py:4180} INFO - Setting next_dagrun for example_sla_dag to 2026-09-24 22:32:00+00:00, run_after=2026-09-24 22:34:00+00:00
[2026-09-24T22:34:17.731+0000] {processor.py:208} INFO - Processing /home/airflow/.local/lib/python3.12/site-packages/airflow/example_dags/example_sla_dag.py took 20.852 seconds
