[2026-09-24T20:30:58.210+0000] {processor.py:186} INFO - Started process (PID=410) to work on /home/airflow/.local/lib/python3.12/site-packages/airflow/example_dags/example_external_task_marker_dag.py
[2026-09-24T20:30:58.272+0000] {processor.py:914} INFO - Processing file /home/airflow/.local/lib/python3.12/site-packages/airflow/example_dags/example_external_task_marker_dag.py for tasks to queue
[2026-09-24T20:30:58.386+0000] {logging_mixin.py:190} INFO - [2026-09-24T20:30:58.340+0000] {dagbag.py:588} INFO - Filling up the DagBag from /home/airflow/.local/lib/python3.12/site-packages/airflow/example_dags/example_external_task_marker_dag.py
[2026-09-24T20:31:00.009+0000] {processor.py:925} INFO - DAG(s) 'example_external_task_marker_child', 'example_external_task_marker_parent' retrieved from /home/airflow/.local/lib/python3.12/site-packages/airflow/example_dags/example_external_task_marker_dag.py
[2026-09-24T20:31:06.982+0000] {logging_mixin.py:190} INFO - [2026-09-24T20:31:06.976+0000] {override.py:1912} INFO - Created Permission View: can delete on DAG:example_external_task_marker_child
[2026-09-24T20:31:07.098+0000] {logging_mixin.py:190} INFO - [2026-09-24T20:31:07.096+0000] {override.py:1912} INFO - Created Permission View: can read on DAG:example_external_task_marker_child
[2026-09-24T20:31:07.157+0000] {logging_mixin.py:190} INFO - [2026-09-24T20:31:07.155+0000] {override.py:1912} INFO - Created Permission View: can edit on DAG:example_external_task_marker_child
[2026-09-24T20:31:07.266+0000] {logging_mixin.py:190} INFO - [2026-09-24T20:31:07.265+0000] {override.py:1912} INFO - Created Permission View: can delete on DAG Run:example_external_task_marker_child
[2026-09-24T20:31:07.312+0000] {logging_mixin.py:190} INFO - [2026-09-24T20:31:07.311+0000] {override.py:1912} INFO - Created Permission View: can read on DAG Run:example_external_task_marker_child
[2026-09-24T20:31:07.383+0000] {logging_mixin.py:190} INFO - [2026-09-24T20:31:07.382+0000] {override.py:1912} INFO - Created Permission View: can create on DAG Run:example_external_task_marker_child
[2026-09-24T20:31:07.480+0000] {logging_mixin.py:190} INFO - [2026-09-24T20:31:07.479+0000] {override.py:1912} INFO - Created Permission View: menu access on DAG Run:example_external_task_marker_child
[2026-09-24T20:31:07.659+0000] {logging_mixin.py:190} INFO - [2026-09-24T20:31:07.658+0000] {override.py:1912} INFO - Created Permission View: can delete on DAG:example_external_task_marker_parent
[2026-09-24T20:31:07.771+0000] {logging_mixin.py:190} INFO - [2026-09-24T20:31:07.766+0000] {override.py:1912} INFO - Created Permission View: can read on DAG:example_external_task_marker_parent
[2026-09-24T20:31:07.923+0000] {logging_mixin.py:190} INFO - [2026-09-24T20:31:07.903+0000] {override.py:1912} INFO - Created Permission View: can edit on DAG:example_external_task_marker_parent
[2026-09-24T20:31:08.102+0000] {logging_mixin.py:190} INFO - [2026-09-24T20:31:08.052+0000] {override.py:1912} INFO - Created Permission View: can delete on DAG Run:example_external_task_marker_parent
[2026-09-24T20:31:08.567+0000] {logging_mixin.py:190} INFO - [2026-09-24T20:31:08.567+0000] {override.py:1912} INFO - Created Permission View: can read on DAG Run:example_external_task_marker_parent
[2026-09-24T20:31:08.757+0000] {logging_mixin.py:190} INFO - [2026-09-24T20:31:08.754+0000] {override.py:1912} INFO - Created Permission View: can create on DAG Run:example_external_task_marker_parent
[2026-09-24T20:31:08.948+0000] {logging_mixin.py:190} INFO - [2026-09-24T20:31:08.896+0000] {override.py:1912} INFO - Created Permission View: menu access on DAG Run:example_external_task_marker_parent
[2026-09-24T20:31:08.955+0000] {logging_mixin.py:190} INFO - [2026-09-24T20:31:08.951+0000] {dag.py:3239} INFO - Sync 2 DAGs
[2026-09-24T20:31:09.282+0000] {logging_mixin.py:190} INFO - [2026-09-24T20:31:09.281+0000] {dag.py:3262} INFO - Creating ORM DAG for example_external_task_marker_child
[2026-09-24T20:31:09.358+0000] {logging_mixin.py:190} INFO - [2026-09-24T20:31:09.357+0000] {dag.py:3262} INFO - Creating ORM DAG for example_external_task_marker_parent
[2026-09-24T20:31:09.514+0000] {logging_mixin.py:190} INFO - [2026-09-24T20:31:09.513+0000] {dag.py:4180} INFO - Setting next_dagrun for example_external_task_marker_child to None, run_after=None
[2026-09-24T20:31:09.525+0000] {logging_mixin.py:190} INFO - [2026-09-24T20:31:09.525+0000] {dag.py:4180} INFO - Setting next_dagrun for example_external_task_marker_parent to None, run_after=None
[2026-09-24T20:31:10.059+0000] {processor.py:208} INFO - Processing /home/airflow/.local/lib/python3.12/site-packages/airflow/example_dags/example_external_task_marker_dag.py took 12.395 seconds
