[2026-09-24T20:27:56.892+0000] {processor.py:186} INFO - Started process (PID=371) to work on /home/airflow/.local/lib/python3.12/site-packages/airflow/example_dags/example_sensor_decorator.py
[2026-09-24T20:27:56.941+0000] {processor.py:914} INFO - Processing file /home/airflow/.local/lib/python3.12/site-packages/airflow/example_dags/example_sensor_decorator.py for tasks to queue
[2026-09-24T20:27:57.394+0000] {logging_mixin.py:190} INFO - [2026-09-24T20:27:57.393+0000] {dagbag.py:588} INFO - Filling up the DagBag from /home/airflow/.local/lib/python3.12/site-packages/airflow/example_dags/example_sensor_decorator.py
[2026-09-24T20:27:57.840+0000] {processor.py:925} INFO - DAG(s) 'example_sensor_decorator' retrieved from /home/airflow/.local/lib/python3.12/site-packages/airflow/example_dags/example_sensor_decorator.py
[2026-09-24T20:28:10.359+0000] {logging_mixin.py:190} INFO - [2026-09-24T20:28:10.288+0000] {override.py:1912} INFO - Created Permission View: can delete on DAG:example_sensor_decorator
[2026-09-24T20:28:11.314+0000] {logging_mixin.py:190} INFO - [2026-09-24T20:28:11.313+0000] {override.py:1912} INFO - Created Permission View: can read on DAG:example_sensor_decorator
[2026-09-24T20:28:11.671+0000] {logging_mixin.py:190} INFO - [2026-09-24T20:28:11.635+0000] {override.py:1912} INFO - Created Permission View: can edit on DAG:example_sensor_decorator
[2026-09-24T20:28:12.304+0000] {logging_mixin.py:190} INFO - [2026-09-24T20:28:12.211+0000] {override.py:1912} INFO - Created Permission View: can delete on DAG Run:example_sensor_decorator
[2026-09-24T20:28:12.712+0000] {logging_mixin.py:190} INFO - [2026-09-24T20:28:12.710+0000] {override.py:1912} INFO - Created Permission View: can read on DAG Run:example_sensor_decorator
[2026-09-24T20:28:13.140+0000] {logging_mixin.py:190} INFO - [2026-09-24T20:28:13.138+0000] {override.py:1912} INFO - Created Permission View: can create on DAG Run:example_sensor_decorator
[2026-09-24T20:28:13.796+0000] {logging_mixin.py:190} INFO - [2026-09-24T20:28:13.767+0000] {override.py:1912} INFO - Created Permission View: menu access on DAG Run:example_sensor_decorator
[2026-09-24T20:28:13.839+0000] {logging_mixin.py:190} INFO - [2026-09-24T20:28:13.838+0000] {dag.py:3239} INFO - Sync 1 DAGs
[2026-09-24T20:28:14.506+0000] {logging_mixin.py:190} INFO - [2026-09-24T20:28:14.505+0000] {dag.py:3262} INFO - Creating ORM DAG for example_sensor_decorator
[2026-09-24T20:28:14.529+0000] {logging_mixin.py:190} INFO - [2026-09-24T20:28:14.527+0000] {dag.py:4180} INFO - Setting next_dagrun for example_sensor_decorator to None, run_after=None
[2026-09-24T20:28:17.444+0000] {processor.py:208} INFO - Processing /home/airflow/.local/lib/python3.12/site-packages/airflow/example_dags/example_sensor_decorator.py took 20.903 seconds
[2026-09-24T22:35:05.823+0000] {processor.py:186} INFO - Started process (PID=369) to work on /home/airflow/.local/lib/python3.12/site-packages/airflow/example_dags/example_sensor_decorator.py
[2026-09-24T22:35:05.849+0000] {processor.py:914} INFO - Processing file /home/airflow/.local/lib/python3.12/site-packages/airflow/example_dags/example_sensor_decorator.py for tasks to queue
[2026-09-24T22:35:05.993+0000] {logging_mixin.py:190} INFO - [2026-09-24T22:35:05.989+0000] {dagbag.py:588} INFO - Filling up the DagBag from /home/airflow/.local/lib/python3.12/site-packages/airflow/example_dags/example_sensor_decorator.py
[2026-09-24T22:35:06.687+0000] {processor.py:925} INFO - DAG(s) 'example_sensor_decorator' retrieved from /home/airflow/.local/lib/python3.12/site-packages/airflow/example_dags/example_sensor_decorator.py
[2026-09-24T22:35:09.496+0000] {logging_mixin.py:190} INFO - [2026-09-24T22:35:09.483+0000] {dag.py:3239} INFO - Sync 1 DAGs
[2026-09-24T22:35:13.889+0000] {logging_mixin.py:190} INFO - [2026-09-24T22:35:13.888+0000] {dag.py:4180} INFO - Setting next_dagrun for example_sensor_decorator to None, run_after=None
[2026-09-24T22:35:41.786+0000] {processor.py:208} INFO - Processing /home/airflow/.local/lib/python3.12/site-packages/airflow/example_dags/example_sensor_decorator.py took 38.196 seconds
