[2026-09-24T19:51:54.582+0000] {processor.py:186} INFO - Started process (PID=88) to work on /home/airflow/.local/lib/python3.12/site-packages/airflow/example_dags/example_params_trigger_ui.py
[2026-09-24T19:51:54.662+0000] {processor.py:914} INFO - Processing file /home/airflow/.local/lib/python3.12/site-packages/airflow/example_dags/example_params_trigger_ui.py for tasks to queue
[2026-09-24T19:51:55.185+0000] {logging_mixin.py:190} INFO - [2026-09-24T19:51:55.184+0000] {dagbag.py:588} INFO - Filling up the DagBag from /home/airflow/.local/lib/python3.12/site-packages/airflow/example_dags/example_params_trigger_ui.py
[2026-09-24T19:51:59.264+0000] {processor.py:925} INFO - DAG(s) 'example_params_trigger_ui' retrieved from /home/airflow/.local/lib/python3.12/site-packages/airflow/example_dags/example_params_trigger_ui.py
[2026-09-24T19:52:13.217+0000] {logging_mixin.py:190} INFO - [2026-09-24T19:52:13.111+0000] {override.py:1912} INFO - Created Permission View: can edit on DAG:example_params_trigger_ui
[2026-09-24T19:52:13.992+0000] {logging_mixin.py:190} INFO - [2026-09-24T19:52:13.947+0000] {override.py:1912} INFO - Created Permission View: can delete on DAG:example_params_trigger_ui
[2026-09-24T19:52:14.580+0000] {logging_mixin.py:190} INFO - [2026-09-24T19:52:14.579+0000] {override.py:1912} INFO - Created Permission View: can read on DAG:example_params_trigger_ui
[2026-09-24T19:52:15.384+0000] {logging_mixin.py:190} INFO - [2026-09-24T19:52:15.383+0000] {override.py:1912} INFO - Created Permission View: can create on DAG Run:example_params_trigger_ui
[2026-09-24T19:52:17.948+0000] {logging_mixin.py:190} INFO - [2026-09-24T19:52:17.947+0000] {override.py:1912} INFO - Created Permission View: can delete on DAG Run:example_params_trigger_ui
[2026-09-24T19:52:18.414+0000] {logging_mixin.py:190} INFO - [2026-09-24T19:52:18.390+0000] {override.py:1912} INFO - Created Permission View: menu access on DAG Run:example_params_trigger_ui
[2026-09-24T19:52:18.757+0000] {logging_mixin.py:190} INFO - [2026-09-24T19:52:18.739+0000] {override.py:1912} INFO - Created Permission View: can read on DAG Run:example_params_trigger_ui
[2026-09-24T19:52:18.763+0000] {logging_mixin.py:190} INFO - [2026-09-24T19:52:18.762+0000] {dag.py:3239} INFO - Sync 1 DAGs
[2026-09-24T19:52:19.829+0000] {logging_mixin.py:190} INFO - [2026-09-24T19:52:19.828+0000] {dag.py:3262} INFO - Creating ORM DAG for example_params_trigger_ui
[2026-09-24T19:52:19.860+0000] {logging_mixin.py:190} INFO - [2026-09-24T19:52:19.859+0000] {dag.py:4180} INFO - Setting next_dagrun for example_params_trigger_ui to None, run_after=None
[2026-09-24T19:52:22.436+0000] {processor.py:208} INFO - Processing /home/airflow/.local/lib/python3.12/site-packages/airflow/example_dags/example_params_trigger_ui.py took 28.204 seconds
[2026-09-24T20:25:12.023+0000] {processor.py:186} INFO - Started process (PID=325) to work on /home/airflow/.local/lib/python3.12/site-packages/airflow/example_dags/example_params_trigger_ui.py
[2026-09-24T20:25:12.055+0000] {processor.py:914} INFO - Processing file /home/airflow/.local/lib/python3.12/site-packages/airflow/example_dags/example_params_trigger_ui.py for tasks to queue
[2026-09-24T20:25:12.188+0000] {logging_mixin.py:190} INFO - [2026-09-24T20:25:12.169+0000] {dagbag.py:588} INFO - Filling up the DagBag from /home/airflow/.local/lib/python3.12/site-packages/airflow/example_dags/example_params_trigger_ui.py
[2026-09-24T20:25:14.101+0000] {processor.py:925} INFO - DAG(s) 'example_params_trigger_ui' retrieved from /home/airflow/.local/lib/python3.12/site-packages/airflow/example_dags/example_params_trigger_ui.py
[2026-09-24T20:25:17.913+0000] {logging_mixin.py:190} INFO - [2026-09-24T20:25:17.890+0000] {dag.py:3239} INFO - Sync 1 DAGs
[2026-09-24T20:25:22.898+0000] {logging_mixin.py:190} INFO - [2026-09-24T20:25:22.745+0000] {dag.py:4180} INFO - Setting next_dagrun for example_params_trigger_ui to None, run_after=None
[2026-09-24T20:25:23.766+0000] {processor.py:208} INFO - Processing /home/airflow/.local/lib/python3.12/site-packages/airflow/example_dags/example_params_trigger_ui.py took 11.992 seconds
[2026-09-24T21:32:01.959+0000] {processor.py:186} INFO - Started process (PID=299) to work on /home/airflow/.local/lib/python3.12/site-packages/airflow/example_dags/example_params_trigger_ui.py
[2026-09-24T21:32:02.243+0000] {processor.py:914} INFO - Processing file /home/airflow/.local/lib/python3.12/site-packages/airflow/example_dags/example_params_trigger_ui.py for tasks to queue
[2026-09-24T21:32:02.663+0000] {logging_mixin.py:190} INFO - [2026-09-24T21:32:02.438+0000] {dagbag.py:588} INFO - Filling up the DagBag from /home/airflow/.local/lib/python3.12/site-packages/airflow/example_dags/example_params_trigger_ui.py
[2026-09-24T21:32:06.975+0000] {processor.py:925} INFO - DAG(s) 'example_params_trigger_ui' retrieved from /home/airflow/.local/lib/python3.12/site-packages/airflow/example_dags/example_params_trigger_ui.py
[2026-09-24T21:32:33.838+0000] {logging_mixin.py:190} INFO - [2026-09-24T21:32:33.671+0000] {dag.py:3239} INFO - Sync 1 DAGs
[2026-09-24T22:30:29.216+0000] {processor.py:186} INFO - Started process (PID=311) to work on /home/airflow/.local/lib/python3.12/site-packages/airflow/example_dags/example_params_trigger_ui.py
[2026-09-24T22:30:29.234+0000] {processor.py:914} INFO - Processing file /home/airflow/.local/lib/python3.12/site-packages/airflow/example_dags/example_params_trigger_ui.py for tasks to queue
[2026-09-24T22:30:29.254+0000] {logging_mixin.py:190} INFO - [2026-09-24T22:30:29.249+0000] {dagbag.py:588} INFO - Filling up the DagBag from /home/airflow/.local/lib/python3.12/site-packages/airflow/example_dags/example_params_trigger_ui.py
[2026-09-24T22:30:35.999+0000] {processor.py:925} INFO - DAG(s) 'example_params_trigger_ui' retrieved from /home/airflow/.local/lib/python3.12/site-packages/airflow/example_dags/example_params_trigger_ui.py
[2026-09-24T22:30:59.431+0000] {logging_mixin.py:190} INFO - [2026-09-24T22:30:59.386+0000] {dag.py:3239} INFO - Sync 1 DAGs
[2026-09-24T22:31:00.776+0000] {logging_mixin.py:190} INFO - [2026-09-24T22:31:00.773+0000] {dag.py:4180} INFO - Setting next_dagrun for example_params_trigger_ui to None, run_after=None
[2026-09-24T22:31:01.952+0000] {processor.py:208} INFO - Processing /home/airflow/.local/lib/python3.12/site-packages/airflow/example_dags/example_params_trigger_ui.py took 33.164 seconds
