[2026-09-24T19:49:37.222+0000] {processor.py:186} INFO - Started process (PID=54) to work on /home/airflow/.local/lib/python3.12/site-packages/airflow/example_dags/example_dynamic_task_mapping_with_no_taskflow_operators.py
[2026-09-24T19:49:37.239+0000] {processor.py:914} INFO - Processing file /home/airflow/.local/lib/python3.12/site-packages/airflow/example_dags/example_dynamic_task_mapping_with_no_taskflow_operators.py for tasks to queue
[2026-09-24T19:49:38.179+0000] {logging_mixin.py:190} INFO - [2026-09-24T19:49:38.177+0000] {dagbag.py:588} INFO - Filling up the DagBag from /home/airflow/.local/lib/python3.12/site-packages/airflow/example_dags/example_dynamic_task_mapping_with_no_taskflow_operators.py
[2026-09-24T19:49:38.864+0000] {processor.py:925} INFO - DAG(s) 'example_dynamic_task_mapping_with_no_taskflow_operators' retrieved from /home/airflow/.local/lib/python3.12/site-packages/airflow/example_dags/example_dynamic_task_mapping_with_no_taskflow_operators.py
[2026-09-24T19:49:43.551+0000] {logging_mixin.py:190} INFO - [2026-09-24T19:49:43.548+0000] {override.py:1912} INFO - Created Permission View: can edit on DAG:example_dynamic_task_mapping_with_no_taskflow_operators
[2026-09-24T19:49:43.935+0000] {logging_mixin.py:190} INFO - [2026-09-24T19:49:43.934+0000] {override.py:1912} INFO - Created Permission View: can delete on DAG:example_dynamic_task_mapping_with_no_taskflow_operators
[2026-09-24T19:49:44.013+0000] {logging_mixin.py:190} INFO - [2026-09-24T19:49:44.012+0000] {override.py:1912} INFO - Created Permission View: can read on DAG:example_dynamic_task_mapping_with_no_taskflow_operators
[2026-09-24T19:49:44.162+0000] {logging_mixin.py:190} INFO - [2026-09-24T19:49:44.161+0000] {override.py:1912} INFO - Created Permission View: can create on DAG Run:example_dynamic_task_mapping_with_no_taskflow_operators
[2026-09-24T19:49:44.222+0000] {logging_mixin.py:190} INFO - [2026-09-24T19:49:44.220+0000] {override.py:1912} INFO - Created Permission View: can delete on DAG Run:example_dynamic_task_mapping_with_no_taskflow_operators
[2026-09-24T19:49:44.277+0000] {logging_mixin.py:190} INFO - [2026-09-24T19:49:44.276+0000] {override.py:1912} INFO - Created Permission View: menu access on DAG Run:example_dynamic_task_mapping_with_no_taskflow_operators
[2026-09-24T19:49:44.352+0000] {logging_mixin.py:190} INFO - [2026-09-24T19:49:44.352+0000] {override.py:1912} INFO - Created Permission View: can read on DAG Run:example_dynamic_task_mapping_with_no_taskflow_operators
[2026-09-24T19:49:44.354+0000] {logging_mixin.py:190} INFO - [2026-09-24T19:49:44.354+0000] {dag.py:3239} INFO - Sync 1 DAGs
[2026-09-24T19:49:44.443+0000] {logging_mixin.py:190} INFO - [2026-09-24T19:49:44.441+0000] {dag.py:3262} INFO - Creating ORM DAG for example_dynamic_task_mapping_with_no_taskflow_operators
[2026-09-24T19:49:44.446+0000] {logging_mixin.py:190} INFO - [2026-09-24T19:49:44.445+0000] {dag.py:4180} INFO - Setting next_dagrun for example_dynamic_task_mapping_with_no_taskflow_operators to None, run_after=None
[2026-09-24T19:49:44.506+0000] {processor.py:208} INFO - Processing /home/airflow/.local/lib/python3.12/site-packages/airflow/example_dags/example_dynamic_task_mapping_with_no_taskflow_operators.py took 7.613 seconds
[2026-09-24T20:19:55.421+0000] {processor.py:186} INFO - Started process (PID=263) to work on /home/airflow/.local/lib/python3.12/site-packages/airflow/example_dags/example_dynamic_task_mapping_with_no_taskflow_operators.py
[2026-09-24T20:19:55.441+0000] {processor.py:914} INFO - Processing file /home/airflow/.local/lib/python3.12/site-packages/airflow/example_dags/example_dynamic_task_mapping_with_no_taskflow_operators.py for tasks to queue
[2026-09-24T20:20:15.744+0000] {logging_mixin.py:190} INFO - [2026-09-24T20:20:04.986+0000] {dagbag.py:588} INFO - Filling up the DagBag from /home/airflow/.local/lib/python3.12/site-packages/airflow/example_dags/example_dynamic_task_mapping_with_no_taskflow_operators.py
[2026-09-24T20:21:11.002+0000] {processor.py:925} INFO - DAG(s) 'example_dynamic_task_mapping_with_no_taskflow_operators' retrieved from /home/airflow/.local/lib/python3.12/site-packages/airflow/example_dags/example_dynamic_task_mapping_with_no_taskflow_operators.py
[2026-09-24T20:21:27.016+0000] {logging_mixin.py:190} INFO - [2026-09-24T20:21:26.870+0000] {dag.py:3239} INFO - Sync 1 DAGs
[2026-09-24T20:23:06.389+0000] {processor.py:186} INFO - Started process (PID=289) to work on /home/airflow/.local/lib/python3.12/site-packages/airflow/example_dags/example_dynamic_task_mapping_with_no_taskflow_operators.py
[2026-09-24T20:23:06.820+0000] {processor.py:914} INFO - Processing file /home/airflow/.local/lib/python3.12/site-packages/airflow/example_dags/example_dynamic_task_mapping_with_no_taskflow_operators.py for tasks to queue
[2026-09-24T20:23:07.021+0000] {logging_mixin.py:190} INFO - [2026-09-24T20:23:06.989+0000] {dagbag.py:588} INFO - Filling up the DagBag from /home/airflow/.local/lib/python3.12/site-packages/airflow/example_dags/example_dynamic_task_mapping_with_no_taskflow_operators.py
[2026-09-24T20:23:07.805+0000] {processor.py:925} INFO - DAG(s) 'example_dynamic_task_mapping_with_no_taskflow_operators' retrieved from /home/airflow/.local/lib/python3.12/site-packages/airflow/example_dags/example_dynamic_task_mapping_with_no_taskflow_operators.py
[2026-09-24T20:23:10.285+0000] {logging_mixin.py:190} INFO - [2026-09-24T20:23:10.284+0000] {dag.py:3239} INFO - Sync 1 DAGs
[2026-09-24T20:23:11.404+0000] {logging_mixin.py:190} INFO - [2026-09-24T20:23:11.403+0000] {dag.py:4180} INFO - Setting next_dagrun for example_dynamic_task_mapping_with_no_taskflow_operators to None, run_after=None
[2026-09-24T20:23:23.520+0000] {processor.py:208} INFO - Processing /home/airflow/.local/lib/python3.12/site-packages/airflow/example_dags/example_dynamic_task_mapping_with_no_taskflow_operators.py took 17.823 seconds
[2026-09-24T21:25:42.180+0000] {processor.py:186} INFO - Started process (PID=229) to work on /home/airflow/.local/lib/python3.12/site-packages/airflow/example_dags/example_dynamic_task_mapping_with_no_taskflow_operators.py
[2026-09-24T21:25:42.197+0000] {processor.py:914} INFO - Processing file /home/airflow/.local/lib/python3.12/site-packages/airflow/example_dags/example_dynamic_task_mapping_with_no_taskflow_operators.py for tasks to queue
[2026-09-24T21:25:42.285+0000] {logging_mixin.py:190} INFO - [2026-09-24T21:25:42.278+0000] {dagbag.py:588} INFO - Filling up the DagBag from /home/airflow/.local/lib/python3.12/site-packages/airflow/example_dags/example_dynamic_task_mapping_with_no_taskflow_operators.py
[2026-09-24T21:25:45.739+0000] {processor.py:925} INFO - DAG(s) 'example_dynamic_task_mapping_with_no_taskflow_operators' retrieved from /home/airflow/.local/lib/python3.12/site-packages/airflow/example_dags/example_dynamic_task_mapping_with_no_taskflow_operators.py
[2026-09-24T21:26:12.270+0000] {logging_mixin.py:190} INFO - [2026-09-24T21:26:12.103+0000] {dag.py:3239} INFO - Sync 1 DAGs
[2026-09-24T21:26:15.665+0000] {logging_mixin.py:190} INFO - [2026-09-24T21:26:15.659+0000] {dag.py:4180} INFO - Setting next_dagrun for example_dynamic_task_mapping_with_no_taskflow_operators to None, run_after=None
[2026-09-24T22:25:01.877+0000] {processor.py:186} INFO - Started process (PID=254) to work on /home/airflow/.local/lib/python3.12/site-packages/airflow/example_dags/example_dynamic_task_mapping_with_no_taskflow_operators.py
[2026-09-24T22:25:02.376+0000] {processor.py:914} INFO - Processing file /home/airflow/.local/lib/python3.12/site-packages/airflow/example_dags/example_dynamic_task_mapping_with_no_taskflow_operators.py for tasks to queue
[2026-09-24T22:25:06.310+0000] {logging_mixin.py:190} INFO - [2026-09-24T22:25:05.958+0000] {dagbag.py:588} INFO - Filling up the DagBag from /home/airflow/.local/lib/python3.12/site-packages/airflow/example_dags/example_dynamic_task_mapping_with_no_taskflow_operators.py
[2026-09-24T22:25:10.490+0000] {processor.py:925} INFO - DAG(s) 'example_dynamic_task_mapping_with_no_taskflow_operators' retrieved from /home/airflow/.local/lib/python3.12/site-packages/airflow/example_dags/example_dynamic_task_mapping_with_no_taskflow_operators.py
