[2026-09-24T19:51:29.854+0000] {processor.py:186} INFO - Started process (PID=80) to work on /home/airflow/.local/lib/python3.12/site-packages/airflow/example_dags/example_python_decorator.py
[2026-09-24T19:51:29.920+0000] {processor.py:914} INFO - Processing file /home/airflow/.local/lib/python3.12/site-packages/airflow/example_dags/example_python_decorator.py for tasks to queue
[2026-09-24T19:51:30.010+0000] {logging_mixin.py:190} INFO - [2026-09-24T19:51:30.009+0000] {dagbag.py:588} INFO - Filling up the DagBag from /home/airflow/.local/lib/python3.12/site-packages/airflow/example_dags/example_python_decorator.py
[2026-09-24T19:51:31.141+0000] {processor.py:925} INFO - DAG(s) 'example_python_decorator' retrieved from /home/airflow/.local/lib/python3.12/site-packages/airflow/example_dags/example_python_decorator.py
[2026-09-24T19:51:44.915+0000] {logging_mixin.py:190} INFO - [2026-09-24T19:51:44.889+0000] {override.py:1912} INFO - Created Permission View: can edit on DAG:example_python_decorator
[2026-09-24T19:51:45.923+0000] {logging_mixin.py:190} INFO - [2026-09-24T19:51:45.923+0000] {override.py:1912} INFO - Created Permission View: can delete on DAG:example_python_decorator
[2026-09-24T19:51:46.087+0000] {logging_mixin.py:190} INFO - [2026-09-24T19:51:46.087+0000] {override.py:1912} INFO - Created Permission View: can read on DAG:example_python_decorator
[2026-09-24T19:51:46.225+0000] {logging_mixin.py:190} INFO - [2026-09-24T19:51:46.207+0000] {override.py:1912} INFO - Created Permission View: can create on DAG Run:example_python_decorator
[2026-09-24T19:51:46.387+0000] {logging_mixin.py:190} INFO - [2026-09-24T19:51:46.387+0000] {override.py:1912} INFO - Created Permission View: can delete on DAG Run:example_python_decorator
[2026-09-24T19:51:46.602+0000] {logging_mixin.py:190} INFO - [2026-09-24T19:51:46.601+0000] {override.py:1912} INFO - Created Permission View: menu access on DAG Run:example_python_decorator
[2026-09-24T19:51:46.714+0000] {logging_mixin.py:190} INFO - [2026-09-24T19:51:46.713+0000] {override.py:1912} INFO - Created Permission View: can read on DAG Run:example_python_decorator
[2026-09-24T19:51:46.752+0000] {logging_mixin.py:190} INFO - [2026-09-24T19:51:46.752+0000] {dag.py:3239} INFO - Sync 1 DAGs
[2026-09-24T19:51:46.990+0000] {logging_mixin.py:190} INFO - [2026-09-24T19:51:46.990+0000] {dag.py:3262} INFO - Creating ORM DAG for example_python_decorator
[2026-09-24T19:51:47.034+0000] {logging_mixin.py:190} INFO - [2026-09-24T19:51:47.034+0000] {dag.py:4180} INFO - Setting next_dagrun for example_python_decorator to None, run_after=None
[2026-09-24T19:51:48.417+0000] {processor.py:208} INFO - Processing /home/airflow/.local/lib/python3.12/site-packages/airflow/example_dags/example_python_decorator.py took 19.305 seconds
[2026-09-24T20:24:50.199+0000] {processor.py:186} INFO - Started process (PID=317) to work on /home/airflow/.local/lib/python3.12/site-packages/airflow/example_dags/example_python_decorator.py
[2026-09-24T20:24:50.299+0000] {processor.py:914} INFO - Processing file /home/airflow/.local/lib/python3.12/site-packages/airflow/example_dags/example_python_decorator.py for tasks to queue
[2026-09-24T20:24:50.433+0000] {logging_mixin.py:190} INFO - [2026-09-24T20:24:50.431+0000] {dagbag.py:588} INFO - Filling up the DagBag from /home/airflow/.local/lib/python3.12/site-packages/airflow/example_dags/example_python_decorator.py
[2026-09-24T20:24:53.730+0000] {processor.py:925} INFO - DAG(s) 'example_python_decorator' retrieved from /home/airflow/.local/lib/python3.12/site-packages/airflow/example_dags/example_python_decorator.py
[2026-09-24T20:25:07.122+0000] {logging_mixin.py:190} INFO - [2026-09-24T20:25:07.120+0000] {dag.py:3239} INFO - Sync 1 DAGs
[2026-09-24T20:25:08.538+0000] {logging_mixin.py:190} INFO - [2026-09-24T20:25:08.536+0000] {dag.py:4180} INFO - Setting next_dagrun for example_python_decorator to None, run_after=None
[2026-09-24T20:25:11.013+0000] {processor.py:208} INFO - Processing /home/airflow/.local/lib/python3.12/site-packages/airflow/example_dags/example_python_decorator.py took 21.065 seconds
[2026-09-24T21:30:48.707+0000] {processor.py:186} INFO - Started process (PID=285) to work on /home/airflow/.local/lib/python3.12/site-packages/airflow/example_dags/example_python_decorator.py
[2026-09-24T21:30:48.762+0000] {processor.py:914} INFO - Processing file /home/airflow/.local/lib/python3.12/site-packages/airflow/example_dags/example_python_decorator.py for tasks to queue
[2026-09-24T21:30:48.793+0000] {logging_mixin.py:190} INFO - [2026-09-24T21:30:48.788+0000] {dagbag.py:588} INFO - Filling up the DagBag from /home/airflow/.local/lib/python3.12/site-packages/airflow/example_dags/example_python_decorator.py
[2026-09-24T21:31:00.635+0000] {processor.py:925} INFO - DAG(s) 'example_python_decorator' retrieved from /home/airflow/.local/lib/python3.12/site-packages/airflow/example_dags/example_python_decorator.py
[2026-09-24T22:29:47.725+0000] {processor.py:186} INFO - Started process (PID=303) to work on /home/airflow/.local/lib/python3.12/site-packages/airflow/example_dags/example_python_decorator.py
[2026-09-24T22:29:47.738+0000] {processor.py:914} INFO - Processing file /home/airflow/.local/lib/python3.12/site-packages/airflow/example_dags/example_python_decorator.py for tasks to queue
[2026-09-24T22:29:48.369+0000] {logging_mixin.py:190} INFO - [2026-09-24T22:29:48.082+0000] {dagbag.py:588} INFO - Filling up the DagBag from /home/airflow/.local/lib/python3.12/site-packages/airflow/example_dags/example_python_decorator.py
[2026-09-24T22:29:49.464+0000] {processor.py:925} INFO - DAG(s) 'example_python_decorator' retrieved from /home/airflow/.local/lib/python3.12/site-packages/airflow/example_dags/example_python_decorator.py
