[2026-09-24T19:53:22.973+0000] {processor.py:186} INFO - Started process (PID=107) to work on /home/airflow/.local/lib/python3.12/site-packages/airflow/example_dags/example_display_name.py
[2026-09-24T19:53:22.988+0000] {processor.py:914} INFO - Processing file /home/airflow/.local/lib/python3.12/site-packages/airflow/example_dags/example_display_name.py for tasks to queue
[2026-09-24T19:53:23.042+0000] {logging_mixin.py:190} INFO - [2026-09-24T19:53:23.037+0000] {dagbag.py:588} INFO - Filling up the DagBag from /home/airflow/.local/lib/python3.12/site-packages/airflow/example_dags/example_display_name.py
[2026-09-24T19:53:23.157+0000] {processor.py:925} INFO - DAG(s) 'example_display_name' retrieved from /home/airflow/.local/lib/python3.12/site-packages/airflow/example_dags/example_display_name.py
[2026-09-24T19:53:33.380+0000] {logging_mixin.py:190} INFO - [2026-09-24T19:53:32.811+0000] {override.py:1912} INFO - Created Permission View: can edit on DAG:example_display_name
[2026-09-24T19:53:36.658+0000] {logging_mixin.py:190} INFO - [2026-09-24T19:53:36.538+0000] {override.py:1912} INFO - Created Permission View: can delete on DAG:example_display_name
[2026-09-24T19:53:37.148+0000] {logging_mixin.py:190} INFO - [2026-09-24T19:53:37.147+0000] {override.py:1912} INFO - Created Permission View: can read on DAG:example_display_name
[2026-09-24T19:53:37.580+0000] {logging_mixin.py:190} INFO - [2026-09-24T19:53:37.577+0000] {override.py:1912} INFO - Created Permission View: can create on DAG Run:example_display_name
[2026-09-24T19:53:38.150+0000] {logging_mixin.py:190} INFO - [2026-09-24T19:53:37.944+0000] {override.py:1912} INFO - Created Permission View: can delete on DAG Run:example_display_name
[2026-09-24T19:53:38.843+0000] {logging_mixin.py:190} INFO - [2026-09-24T19:53:38.842+0000] {override.py:1912} INFO - Created Permission View: menu access on DAG Run:example_display_name
[2026-09-24T19:53:39.039+0000] {logging_mixin.py:190} INFO - [2026-09-24T19:53:38.988+0000] {override.py:1912} INFO - Created Permission View: can read on DAG Run:example_display_name
[2026-09-24T19:53:39.048+0000] {logging_mixin.py:190} INFO - [2026-09-24T19:53:39.047+0000] {dag.py:3239} INFO - Sync 1 DAGs
[2026-09-24T19:53:39.916+0000] {logging_mixin.py:190} INFO - [2026-09-24T19:53:39.906+0000] {dag.py:3262} INFO - Creating ORM DAG for example_display_name
[2026-09-24T19:53:40.045+0000] {logging_mixin.py:190} INFO - [2026-09-24T19:53:40.044+0000] {dag.py:4180} INFO - Setting next_dagrun for example_display_name to None, run_after=None
[2026-09-24T19:53:42.709+0000] {processor.py:208} INFO - Processing /home/airflow/.local/lib/python3.12/site-packages/airflow/example_dags/example_display_name.py took 20.062 seconds
[2026-09-24T20:26:01.043+0000] {processor.py:186} INFO - Started process (PID=338) to work on /home/airflow/.local/lib/python3.12/site-packages/airflow/example_dags/example_display_name.py
[2026-09-24T20:26:01.194+0000] {processor.py:914} INFO - Processing file /home/airflow/.local/lib/python3.12/site-packages/airflow/example_dags/example_display_name.py for tasks to queue
[2026-09-24T20:26:01.544+0000] {logging_mixin.py:190} INFO - [2026-09-24T20:26:01.543+0000] {dagbag.py:588} INFO - Filling up the DagBag from /home/airflow/.local/lib/python3.12/site-packages/airflow/example_dags/example_display_name.py
[2026-09-24T20:26:02.103+0000] {processor.py:925} INFO - DAG(s) 'example_display_name' retrieved from /home/airflow/.local/lib/python3.12/site-packages/airflow/example_dags/example_display_name.py
[2026-09-24T20:26:03.797+0000] {logging_mixin.py:190} INFO - [2026-09-24T20:26:03.677+0000] {dag.py:3239} INFO - Sync 1 DAGs
[2026-09-24T20:26:04.017+0000] {logging_mixin.py:190} INFO - [2026-09-24T20:26:04.017+0000] {dag.py:4180} INFO - Setting next_dagrun for example_display_name to None, run_after=None
[2026-09-24T20:26:05.003+0000] {processor.py:208} INFO - Processing /home/airflow/.local/lib/python3.12/site-packages/airflow/example_dags/example_display_name.py took 4.375 seconds
[2026-09-24T22:32:26.262+0000] {processor.py:186} INFO - Started process (PID=336) to work on /home/airflow/.local/lib/python3.12/site-packages/airflow/example_dags/example_display_name.py
[2026-09-24T22:32:26.308+0000] {processor.py:914} INFO - Processing file /home/airflow/.local/lib/python3.12/site-packages/airflow/example_dags/example_display_name.py for tasks to queue
[2026-09-24T22:32:26.371+0000] {logging_mixin.py:190} INFO - [2026-09-24T22:32:26.331+0000] {dagbag.py:588} INFO - Filling up the DagBag from /home/airflow/.local/lib/python3.12/site-packages/airflow/example_dags/example_display_name.py
[2026-09-24T22:32:30.180+0000] {processor.py:925} INFO - DAG(s) 'example_display_name' retrieved from /home/airflow/.local/lib/python3.12/site-packages/airflow/example_dags/example_display_name.py
[2026-09-24T22:32:33.477+0000] {logging_mixin.py:190} INFO - [2026-09-24T22:32:33.472+0000] {dag.py:3239} INFO - Sync 1 DAGs
[2026-09-24T22:32:34.543+0000] {logging_mixin.py:190} INFO - [2026-09-24T22:32:34.542+0000] {dag.py:4180} INFO - Setting next_dagrun for example_display_name to None, run_after=None
[2026-09-24T22:32:38.024+0000] {processor.py:208} INFO - Processing /home/airflow/.local/lib/python3.12/site-packages/airflow/example_dags/example_display_name.py took 12.377 seconds
