[2026-09-24T20:29:04.662+0000] {processor.py:186} INFO - Started process (PID=387) to work on /home/airflow/.local/lib/python3.12/site-packages/airflow/example_dags/example_short_circuit_decorator.py
[2026-09-24T20:29:04.670+0000] {processor.py:914} INFO - Processing file /home/airflow/.local/lib/python3.12/site-packages/airflow/example_dags/example_short_circuit_decorator.py for tasks to queue
[2026-09-24T20:29:05.009+0000] {logging_mixin.py:190} INFO - [2026-09-24T20:29:04.768+0000] {dagbag.py:588} INFO - Filling up the DagBag from /home/airflow/.local/lib/python3.12/site-packages/airflow/example_dags/example_short_circuit_decorator.py
[2026-09-24T20:29:08.336+0000] {processor.py:925} INFO - DAG(s) 'example_short_circuit_decorator' retrieved from /home/airflow/.local/lib/python3.12/site-packages/airflow/example_dags/example_short_circuit_decorator.py
[2026-09-24T20:29:31.344+0000] {logging_mixin.py:190} INFO - [2026-09-24T20:29:31.313+0000] {override.py:1912} INFO - Created Permission View: can delete on DAG:example_short_circuit_decorator
[2026-09-24T20:29:32.410+0000] {logging_mixin.py:190} INFO - [2026-09-24T20:29:32.409+0000] {override.py:1912} INFO - Created Permission View: can read on DAG:example_short_circuit_decorator
[2026-09-24T20:29:32.627+0000] {logging_mixin.py:190} INFO - [2026-09-24T20:29:32.625+0000] {override.py:1912} INFO - Created Permission View: can edit on DAG:example_short_circuit_decorator
[2026-09-24T20:29:32.838+0000] {logging_mixin.py:190} INFO - [2026-09-24T20:29:32.836+0000] {override.py:1912} INFO - Created Permission View: can delete on DAG Run:example_short_circuit_decorator
[2026-09-24T20:29:33.083+0000] {logging_mixin.py:190} INFO - [2026-09-24T20:29:33.077+0000] {override.py:1912} INFO - Created Permission View: can read on DAG Run:example_short_circuit_decorator
[2026-09-24T20:29:34.889+0000] {logging_mixin.py:190} INFO - [2026-09-24T20:29:34.888+0000] {override.py:1912} INFO - Created Permission View: can create on DAG Run:example_short_circuit_decorator
[2026-09-24T20:29:35.223+0000] {logging_mixin.py:190} INFO - [2026-09-24T20:29:35.222+0000] {override.py:1912} INFO - Created Permission View: menu access on DAG Run:example_short_circuit_decorator
[2026-09-24T20:29:35.259+0000] {logging_mixin.py:190} INFO - [2026-09-24T20:29:35.258+0000] {dag.py:3239} INFO - Sync 1 DAGs
[2026-09-24T20:29:36.361+0000] {logging_mixin.py:190} INFO - [2026-09-24T20:29:36.360+0000] {dag.py:3262} INFO - Creating ORM DAG for example_short_circuit_decorator
[2026-09-24T20:29:36.394+0000] {logging_mixin.py:190} INFO - [2026-09-24T20:29:36.394+0000] {dag.py:4180} INFO - Setting next_dagrun for example_short_circuit_decorator to None, run_after=None
[2026-09-24T20:29:40.478+0000] {processor.py:208} INFO - Processing /home/airflow/.local/lib/python3.12/site-packages/airflow/example_dags/example_short_circuit_decorator.py took 37.885 seconds
[2026-09-24T22:36:50.207+0000] {processor.py:186} INFO - Started process (PID=384) to work on /home/airflow/.local/lib/python3.12/site-packages/airflow/example_dags/example_short_circuit_decorator.py
[2026-09-24T22:36:50.217+0000] {processor.py:914} INFO - Processing file /home/airflow/.local/lib/python3.12/site-packages/airflow/example_dags/example_short_circuit_decorator.py for tasks to queue
[2026-09-24T22:36:51.957+0000] {logging_mixin.py:190} INFO - [2026-09-24T22:36:51.954+0000] {dagbag.py:588} INFO - Filling up the DagBag from /home/airflow/.local/lib/python3.12/site-packages/airflow/example_dags/example_short_circuit_decorator.py
[2026-09-24T22:36:53.537+0000] {processor.py:925} INFO - DAG(s) 'example_short_circuit_decorator' retrieved from /home/airflow/.local/lib/python3.12/site-packages/airflow/example_dags/example_short_circuit_decorator.py
[2026-09-24T22:37:17.888+0000] {logging_mixin.py:190} INFO - [2026-09-24T22:37:17.716+0000] {dag.py:3239} INFO - Sync 1 DAGs
