[2026-09-24T19:49:57.085+0000] {processor.py:186} INFO - Started process (PID=64) to work on /home/airflow/.local/lib/python3.12/site-packages/airflow/example_dags/example_dynamic_task_mapping.py
[2026-09-24T19:49:57.095+0000] {processor.py:914} INFO - Processing file /home/airflow/.local/lib/python3.12/site-packages/airflow/example_dags/example_dynamic_task_mapping.py for tasks to queue
[2026-09-24T19:49:57.116+0000] {logging_mixin.py:190} INFO - [2026-09-24T19:49:57.115+0000] {dagbag.py:588} INFO - Filling up the DagBag from /home/airflow/.local/lib/python3.12/site-packages/airflow/example_dags/example_dynamic_task_mapping.py
[2026-09-24T19:49:57.189+0000] {processor.py:925} INFO - DAG(s) 'example_dynamic_task_mapping' retrieved from /home/airflow/.local/lib/python3.12/site-packages/airflow/example_dags/example_dynamic_task_mapping.py
[2026-09-24T19:49:58.663+0000] {logging_mixin.py:190} INFO - [2026-09-24T19:49:58.661+0000] {override.py:1912} INFO - Created Permission View: can edit on DAG:example_dynamic_task_mapping
[2026-09-24T19:49:59.024+0000] {logging_mixin.py:190} INFO - [2026-09-24T19:49:59.023+0000] {override.py:1912} INFO - Created Permission View: can delete on DAG:example_dynamic_task_mapping
[2026-09-24T19:49:59.138+0000] {logging_mixin.py:190} INFO - [2026-09-24T19:49:59.137+0000] {override.py:1912} INFO - Created Permission View: can read on DAG:example_dynamic_task_mapping
[2026-09-24T19:49:59.521+0000] {logging_mixin.py:190} INFO - [2026-09-24T19:49:59.520+0000] {override.py:1912} INFO - Created Permission View: can create on DAG Run:example_dynamic_task_mapping
[2026-09-24T19:50:00.140+0000] {logging_mixin.py:190} INFO - [2026-09-24T19:50:00.138+0000] {override.py:1912} INFO - Created Permission View: can delete on DAG Run:example_dynamic_task_mapping
[2026-09-24T19:50:02.552+0000] {logging_mixin.py:190} INFO - [2026-09-24T19:50:02.548+0000] {override.py:1912} INFO - Created Permission View: menu access on DAG Run:example_dynamic_task_mapping
[2026-09-24T19:50:03.155+0000] {logging_mixin.py:190} INFO - [2026-09-24T19:50:03.154+0000] {override.py:1912} INFO - Created Permission View: can read on DAG Run:example_dynamic_task_mapping
[2026-09-24T19:50:05.528+0000] {logging_mixin.py:190} INFO - [2026-09-24T19:50:05.519+0000] {dag.py:3239} INFO - Sync 1 DAGs
[2026-09-24T19:50:07.367+0000] {logging_mixin.py:190} INFO - [2026-09-24T19:50:07.336+0000] {dag.py:3262} INFO - Creating ORM DAG for example_dynamic_task_mapping
[2026-09-24T19:50:07.457+0000] {logging_mixin.py:190} INFO - [2026-09-24T19:50:07.457+0000] {dag.py:4180} INFO - Setting next_dagrun for example_dynamic_task_mapping to None, run_after=None
[2026-09-24T19:50:09.028+0000] {processor.py:208} INFO - Processing /home/airflow/.local/lib/python3.12/site-packages/airflow/example_dags/example_dynamic_task_mapping.py took 11.986 seconds
[2026-09-24T20:23:43.768+0000] {processor.py:186} INFO - Started process (PID=299) to work on /home/airflow/.local/lib/python3.12/site-packages/airflow/example_dags/example_dynamic_task_mapping.py
[2026-09-24T20:23:44.003+0000] {processor.py:914} INFO - Processing file /home/airflow/.local/lib/python3.12/site-packages/airflow/example_dags/example_dynamic_task_mapping.py for tasks to queue
[2026-09-24T20:23:44.029+0000] {logging_mixin.py:190} INFO - [2026-09-24T20:23:44.028+0000] {dagbag.py:588} INFO - Filling up the DagBag from /home/airflow/.local/lib/python3.12/site-packages/airflow/example_dags/example_dynamic_task_mapping.py
[2026-09-24T20:23:45.474+0000] {processor.py:925} INFO - DAG(s) 'example_dynamic_task_mapping' retrieved from /home/airflow/.local/lib/python3.12/site-packages/airflow/example_dags/example_dynamic_task_mapping.py
[2026-09-24T20:23:47.200+0000] {logging_mixin.py:190} INFO - [2026-09-24T20:23:47.199+0000] {dag.py:3239} INFO - Sync 1 DAGs
[2026-09-24T20:23:47.651+0000] {logging_mixin.py:190} INFO - [2026-09-24T20:23:47.637+0000] {dag.py:4180} INFO - Setting next_dagrun for example_dynamic_task_mapping to None, run_after=None
[2026-09-24T20:23:51.856+0000] {processor.py:208} INFO - Processing /home/airflow/.local/lib/python3.12/site-packages/airflow/example_dags/example_dynamic_task_mapping.py took 8.849 seconds
[2026-09-24T21:27:46.807+0000] {processor.py:186} INFO - Started process (PID=250) to work on /home/airflow/.local/lib/python3.12/site-packages/airflow/example_dags/example_dynamic_task_mapping.py
[2026-09-24T21:27:46.833+0000] {processor.py:914} INFO - Processing file /home/airflow/.local/lib/python3.12/site-packages/airflow/example_dags/example_dynamic_task_mapping.py for tasks to queue
[2026-09-24T21:27:46.911+0000] {logging_mixin.py:190} INFO - [2026-09-24T21:27:46.865+0000] {dagbag.py:588} INFO - Filling up the DagBag from /home/airflow/.local/lib/python3.12/site-packages/airflow/example_dags/example_dynamic_task_mapping.py
[2026-09-24T21:27:52.139+0000] {processor.py:925} INFO - DAG(s) 'example_dynamic_task_mapping' retrieved from /home/airflow/.local/lib/python3.12/site-packages/airflow/example_dags/example_dynamic_task_mapping.py
[2026-09-24T21:27:55.782+0000] {logging_mixin.py:190} INFO - [2026-09-24T21:27:55.781+0000] {dag.py:3239} INFO - Sync 1 DAGs
[2026-09-24T21:28:23.494+0000] {logging_mixin.py:190} INFO - [2026-09-24T21:28:22.425+0000] {dag.py:4180} INFO - Setting next_dagrun for example_dynamic_task_mapping to None, run_after=None
[2026-09-24T21:28:26.860+0000] {processor.py:208} INFO - Processing /home/airflow/.local/lib/python3.12/site-packages/airflow/example_dags/example_dynamic_task_mapping.py took 48.965 seconds
[2026-09-24T22:27:03.066+0000] {processor.py:186} INFO - Started process (PID=276) to work on /home/airflow/.local/lib/python3.12/site-packages/airflow/example_dags/example_dynamic_task_mapping.py
[2026-09-24T22:27:03.109+0000] {processor.py:914} INFO - Processing file /home/airflow/.local/lib/python3.12/site-packages/airflow/example_dags/example_dynamic_task_mapping.py for tasks to queue
[2026-09-24T22:27:03.856+0000] {logging_mixin.py:190} INFO - [2026-09-24T22:27:03.851+0000] {dagbag.py:588} INFO - Filling up the DagBag from /home/airflow/.local/lib/python3.12/site-packages/airflow/example_dags/example_dynamic_task_mapping.py
[2026-09-24T22:27:23.392+0000] {processor.py:925} INFO - DAG(s) 'example_dynamic_task_mapping' retrieved from /home/airflow/.local/lib/python3.12/site-packages/airflow/example_dags/example_dynamic_task_mapping.py
[2026-09-24T22:27:24.389+0000] {logging_mixin.py:190} INFO - [2026-09-24T22:27:24.352+0000] {dag.py:3239} INFO - Sync 1 DAGs
[2026-09-24T22:27:33.689+0000] {logging_mixin.py:190} INFO - [2026-09-24T22:27:33.686+0000] {dag.py:4180} INFO - Setting next_dagrun for example_dynamic_task_mapping to None, run_after=None
[2026-09-24T22:27:45.085+0000] {processor.py:208} INFO - Processing /home/airflow/.local/lib/python3.12/site-packages/airflow/example_dags/example_dynamic_task_mapping.py took 42.307 seconds
