[2026-09-24T20:28:26.795+0000] {processor.py:186} INFO - Started process (PID=378) to work on /home/airflow/.local/lib/python3.12/site-packages/airflow/example_dags/example_trigger_controller_dag.py
[2026-09-24T20:28:26.840+0000] {processor.py:914} INFO - Processing file /home/airflow/.local/lib/python3.12/site-packages/airflow/example_dags/example_trigger_controller_dag.py for tasks to queue
[2026-09-24T20:28:28.338+0000] {logging_mixin.py:190} INFO - [2026-09-24T20:28:28.335+0000] {dagbag.py:588} INFO - Filling up the DagBag from /home/airflow/.local/lib/python3.12/site-packages/airflow/example_dags/example_trigger_controller_dag.py
[2026-09-24T20:28:29.082+0000] {processor.py:925} INFO - DAG(s) 'example_trigger_controller_dag' retrieved from /home/airflow/.local/lib/python3.12/site-packages/airflow/example_dags/example_trigger_controller_dag.py
[2026-09-24T20:28:38.878+0000] {logging_mixin.py:190} INFO - [2026-09-24T20:28:38.826+0000] {override.py:1912} INFO - Created Permission View: can delete on DAG:example_trigger_controller_dag
[2026-09-24T20:28:40.196+0000] {logging_mixin.py:190} INFO - [2026-09-24T20:28:40.195+0000] {override.py:1912} INFO - Created Permission View: can read on DAG:example_trigger_controller_dag
[2026-09-24T20:28:40.414+0000] {logging_mixin.py:190} INFO - [2026-09-24T20:28:40.400+0000] {override.py:1912} INFO - Created Permission View: can edit on DAG:example_trigger_controller_dag
[2026-09-24T20:28:40.737+0000] {logging_mixin.py:190} INFO - [2026-09-24T20:28:40.715+0000] {override.py:1912} INFO - Created Permission View: can delete on DAG Run:example_trigger_controller_dag
[2026-09-24T20:28:41.006+0000] {logging_mixin.py:190} INFO - [2026-09-24T20:28:41.005+0000] {override.py:1912} INFO - Created Permission View: can read on DAG Run:example_trigger_controller_dag
[2026-09-24T20:28:41.186+0000] {logging_mixin.py:190} INFO - [2026-09-24T20:28:41.183+0000] {override.py:1912} INFO - Created Permission View: can create on DAG Run:example_trigger_controller_dag
[2026-09-24T20:28:41.246+0000] {logging_mixin.py:190} INFO - [2026-09-24T20:28:41.245+0000] {override.py:1912} INFO - Created Permission View: menu access on DAG Run:example_trigger_controller_dag
[2026-09-24T20:28:41.250+0000] {logging_mixin.py:190} INFO - [2026-09-24T20:28:41.250+0000] {dag.py:3239} INFO - Sync 1 DAGs
[2026-09-24T20:28:43.836+0000] {logging_mixin.py:190} INFO - [2026-09-24T20:28:43.782+0000] {dag.py:3262} INFO - Creating ORM DAG for example_trigger_controller_dag
[2026-09-24T20:28:45.765+0000] {logging_mixin.py:190} INFO - [2026-09-24T20:28:45.764+0000] {dag.py:4180} INFO - Setting next_dagrun for example_trigger_controller_dag to 2021-01-01 00:00:00+00:00, run_after=2021-01-01 00:00:00+00:00
[2026-09-24T20:28:53.650+0000] {processor.py:208} INFO - Processing /home/airflow/.local/lib/python3.12/site-packages/airflow/example_dags/example_trigger_controller_dag.py took 27.237 seconds
[2026-09-24T22:35:44.520+0000] {processor.py:186} INFO - Started process (PID=376) to work on /home/airflow/.local/lib/python3.12/site-packages/airflow/example_dags/example_trigger_controller_dag.py
[2026-09-24T22:35:44.617+0000] {processor.py:914} INFO - Processing file /home/airflow/.local/lib/python3.12/site-packages/airflow/example_dags/example_trigger_controller_dag.py for tasks to queue
[2026-09-24T22:35:44.924+0000] {logging_mixin.py:190} INFO - [2026-09-24T22:35:44.702+0000] {dagbag.py:588} INFO - Filling up the DagBag from /home/airflow/.local/lib/python3.12/site-packages/airflow/example_dags/example_trigger_controller_dag.py
[2026-09-24T22:35:45.187+0000] {processor.py:925} INFO - DAG(s) 'example_trigger_controller_dag' retrieved from /home/airflow/.local/lib/python3.12/site-packages/airflow/example_dags/example_trigger_controller_dag.py
[2026-09-24T22:36:01.050+0000] {logging_mixin.py:190} INFO - [2026-09-24T22:36:01.042+0000] {dag.py:3239} INFO - Sync 1 DAGs
[2026-09-24T22:36:18.633+0000] {logging_mixin.py:190} INFO - [2026-09-24T22:36:18.486+0000] {dag.py:4180} INFO - Setting next_dagrun for example_trigger_controller_dag to 2021-01-01 00:00:00+00:00, run_after=2021-01-01 00:00:00+00:00
[2026-09-24T22:36:20.622+0000] {processor.py:208} INFO - Processing /home/airflow/.local/lib/python3.12/site-packages/airflow/example_dags/example_trigger_controller_dag.py took 36.652 seconds
