[2026-09-24T19:52:11.690+0000] {processor.py:186} INFO - Started process (PID=89) to work on /home/airflow/.local/lib/python3.12/site-packages/airflow/example_dags/example_bash_decorator.py
[2026-09-24T19:52:11.762+0000] {processor.py:914} INFO - Processing file /home/airflow/.local/lib/python3.12/site-packages/airflow/example_dags/example_bash_decorator.py for tasks to queue
[2026-09-24T19:52:12.045+0000] {logging_mixin.py:190} INFO - [2026-09-24T19:52:12.043+0000] {dagbag.py:588} INFO - Filling up the DagBag from /home/airflow/.local/lib/python3.12/site-packages/airflow/example_dags/example_bash_decorator.py
[2026-09-24T19:52:13.094+0000] {processor.py:925} INFO - DAG(s) 'example_bash_decorator' retrieved from /home/airflow/.local/lib/python3.12/site-packages/airflow/example_dags/example_bash_decorator.py
[2026-09-24T19:52:22.679+0000] {logging_mixin.py:190} INFO - [2026-09-24T19:52:22.677+0000] {override.py:1912} INFO - Created Permission View: can edit on DAG:example_bash_decorator
[2026-09-24T19:52:22.931+0000] {logging_mixin.py:190} INFO - [2026-09-24T19:52:22.930+0000] {override.py:1912} INFO - Created Permission View: can delete on DAG:example_bash_decorator
[2026-09-24T19:52:23.296+0000] {logging_mixin.py:190} INFO - [2026-09-24T19:52:23.295+0000] {override.py:1912} INFO - Created Permission View: can read on DAG:example_bash_decorator
[2026-09-24T19:52:23.569+0000] {logging_mixin.py:190} INFO - [2026-09-24T19:52:23.558+0000] {override.py:1912} INFO - Created Permission View: can create on DAG Run:example_bash_decorator
[2026-09-24T19:52:23.859+0000] {logging_mixin.py:190} INFO - [2026-09-24T19:52:23.859+0000] {override.py:1912} INFO - Created Permission View: can delete on DAG Run:example_bash_decorator
[2026-09-24T19:52:24.108+0000] {logging_mixin.py:190} INFO - [2026-09-24T19:52:24.108+0000] {override.py:1912} INFO - Created Permission View: menu access on DAG Run:example_bash_decorator
[2026-09-24T19:52:24.287+0000] {logging_mixin.py:190} INFO - [2026-09-24T19:52:24.265+0000] {override.py:1912} INFO - Created Permission View: can read on DAG Run:example_bash_decorator
[2026-09-24T19:52:24.292+0000] {logging_mixin.py:190} INFO - [2026-09-24T19:52:24.290+0000] {dag.py:3239} INFO - Sync 1 DAGs
[2026-09-24T19:52:24.514+0000] {logging_mixin.py:190} INFO - [2026-09-24T19:52:24.514+0000] {dag.py:3262} INFO - Creating ORM DAG for example_bash_decorator
[2026-09-24T19:52:24.524+0000] {logging_mixin.py:190} INFO - [2026-09-24T19:52:24.523+0000] {dag.py:4180} INFO - Setting next_dagrun for example_bash_decorator to None, run_after=None
[2026-09-24T19:52:24.770+0000] {processor.py:208} INFO - Processing /home/airflow/.local/lib/python3.12/site-packages/airflow/example_dags/example_bash_decorator.py took 13.630 seconds
[2026-09-24T20:25:13.872+0000] {processor.py:186} INFO - Started process (PID=326) to work on /home/airflow/.local/lib/python3.12/site-packages/airflow/example_dags/example_bash_decorator.py
[2026-09-24T20:25:14.612+0000] {processor.py:914} INFO - Processing file /home/airflow/.local/lib/python3.12/site-packages/airflow/example_dags/example_bash_decorator.py for tasks to queue
[2026-09-24T20:25:15.667+0000] {logging_mixin.py:190} INFO - [2026-09-24T20:25:15.514+0000] {dagbag.py:588} INFO - Filling up the DagBag from /home/airflow/.local/lib/python3.12/site-packages/airflow/example_dags/example_bash_decorator.py
[2026-09-24T20:25:17.099+0000] {processor.py:925} INFO - DAG(s) 'example_bash_decorator' retrieved from /home/airflow/.local/lib/python3.12/site-packages/airflow/example_dags/example_bash_decorator.py
[2026-09-24T20:25:23.400+0000] {logging_mixin.py:190} INFO - [2026-09-24T20:25:23.332+0000] {dag.py:3239} INFO - Sync 1 DAGs
[2026-09-24T20:25:24.149+0000] {logging_mixin.py:190} INFO - [2026-09-24T20:25:24.148+0000] {dag.py:4180} INFO - Setting next_dagrun for example_bash_decorator to None, run_after=None
[2026-09-24T20:25:25.439+0000] {processor.py:208} INFO - Processing /home/airflow/.local/lib/python3.12/site-packages/airflow/example_dags/example_bash_decorator.py took 13.050 seconds
[2026-09-24T21:32:02.187+0000] {processor.py:186} INFO - Started process (PID=300) to work on /home/airflow/.local/lib/python3.12/site-packages/airflow/example_dags/example_bash_decorator.py
[2026-09-24T21:32:02.443+0000] {processor.py:914} INFO - Processing file /home/airflow/.local/lib/python3.12/site-packages/airflow/example_dags/example_bash_decorator.py for tasks to queue
[2026-09-24T21:32:02.540+0000] {logging_mixin.py:190} INFO - [2026-09-24T21:32:02.539+0000] {dagbag.py:588} INFO - Filling up the DagBag from /home/airflow/.local/lib/python3.12/site-packages/airflow/example_dags/example_bash_decorator.py
[2026-09-24T21:32:09.346+0000] {processor.py:925} INFO - DAG(s) 'example_bash_decorator' retrieved from /home/airflow/.local/lib/python3.12/site-packages/airflow/example_dags/example_bash_decorator.py
[2026-09-24T22:30:45.894+0000] {processor.py:186} INFO - Started process (PID=318) to work on /home/airflow/.local/lib/python3.12/site-packages/airflow/example_dags/example_bash_decorator.py
[2026-09-24T22:30:45.905+0000] {processor.py:914} INFO - Processing file /home/airflow/.local/lib/python3.12/site-packages/airflow/example_dags/example_bash_decorator.py for tasks to queue
[2026-09-24T22:30:46.198+0000] {logging_mixin.py:190} INFO - [2026-09-24T22:30:46.066+0000] {dagbag.py:588} INFO - Filling up the DagBag from /home/airflow/.local/lib/python3.12/site-packages/airflow/example_dags/example_bash_decorator.py
[2026-09-24T22:30:47.921+0000] {processor.py:925} INFO - DAG(s) 'example_bash_decorator' retrieved from /home/airflow/.local/lib/python3.12/site-packages/airflow/example_dags/example_bash_decorator.py
[2026-09-24T22:31:15.426+0000] {logging_mixin.py:190} INFO - [2026-09-24T22:31:15.251+0000] {dag.py:3239} INFO - Sync 1 DAGs
[2026-09-24T22:31:20.626+0000] {logging_mixin.py:190} INFO - [2026-09-24T22:31:20.614+0000] {dag.py:4180} INFO - Setting next_dagrun for example_bash_decorator to None, run_after=None
[2026-09-24T22:31:27.760+0000] {processor.py:208} INFO - Processing /home/airflow/.local/lib/python3.12/site-packages/airflow/example_dags/example_bash_decorator.py took 43.679 seconds
