[2026-09-24T19:51:27.239+0000] {processor.py:186} INFO - Started process (PID=79) to work on /home/airflow/.local/lib/python3.12/site-packages/airflow/example_dags/example_branch_operator_decorator.py
[2026-09-24T19:51:27.292+0000] {processor.py:914} INFO - Processing file /home/airflow/.local/lib/python3.12/site-packages/airflow/example_dags/example_branch_operator_decorator.py for tasks to queue
[2026-09-24T19:51:27.387+0000] {logging_mixin.py:190} INFO - [2026-09-24T19:51:27.386+0000] {dagbag.py:588} INFO - Filling up the DagBag from /home/airflow/.local/lib/python3.12/site-packages/airflow/example_dags/example_branch_operator_decorator.py
[2026-09-24T19:51:28.168+0000] {processor.py:925} INFO - DAG(s) 'example_branch_python_operator_decorator' retrieved from /home/airflow/.local/lib/python3.12/site-packages/airflow/example_dags/example_branch_operator_decorator.py
[2026-09-24T19:51:34.221+0000] {logging_mixin.py:190} INFO - [2026-09-24T19:51:34.219+0000] {override.py:1912} INFO - Created Permission View: can edit on DAG:example_branch_python_operator_decorator
[2026-09-24T19:51:34.793+0000] {logging_mixin.py:190} INFO - [2026-09-24T19:51:34.792+0000] {override.py:1912} INFO - Created Permission View: can delete on DAG:example_branch_python_operator_decorator
[2026-09-24T19:51:35.216+0000] {logging_mixin.py:190} INFO - [2026-09-24T19:51:35.212+0000] {override.py:1912} INFO - Created Permission View: can read on DAG:example_branch_python_operator_decorator
[2026-09-24T19:51:37.089+0000] {logging_mixin.py:190} INFO - [2026-09-24T19:51:37.022+0000] {override.py:1912} INFO - Created Permission View: can create on DAG Run:example_branch_python_operator_decorator
[2026-09-24T19:51:38.193+0000] {logging_mixin.py:190} INFO - [2026-09-24T19:51:38.193+0000] {override.py:1912} INFO - Created Permission View: can delete on DAG Run:example_branch_python_operator_decorator
[2026-09-24T19:51:40.596+0000] {logging_mixin.py:190} INFO - [2026-09-24T19:51:40.596+0000] {override.py:1912} INFO - Created Permission View: menu access on DAG Run:example_branch_python_operator_decorator
[2026-09-24T19:51:44.869+0000] {logging_mixin.py:190} INFO - [2026-09-24T19:51:44.868+0000] {override.py:1912} INFO - Created Permission View: can read on DAG Run:example_branch_python_operator_decorator
[2026-09-24T19:51:44.930+0000] {logging_mixin.py:190} INFO - [2026-09-24T19:51:44.929+0000] {dag.py:3239} INFO - Sync 1 DAGs
[2026-09-24T19:51:45.821+0000] {logging_mixin.py:190} INFO - [2026-09-24T19:51:45.820+0000] {dag.py:3262} INFO - Creating ORM DAG for example_branch_python_operator_decorator
[2026-09-24T19:51:46.154+0000] {logging_mixin.py:190} INFO - [2026-09-24T19:51:46.151+0000] {dag.py:4180} INFO - Setting next_dagrun for example_branch_python_operator_decorator to 2026-09-23 00:00:00+00:00, run_after=2026-09-24 00:00:00+00:00
[2026-09-24T19:51:46.899+0000] {processor.py:208} INFO - Processing /home/airflow/.local/lib/python3.12/site-packages/airflow/example_dags/example_branch_operator_decorator.py took 20.055 seconds
[2026-09-24T20:24:30.065+0000] {processor.py:186} INFO - Started process (PID=310) to work on /home/airflow/.local/lib/python3.12/site-packages/airflow/example_dags/example_branch_operator_decorator.py
[2026-09-24T20:24:30.888+0000] {processor.py:914} INFO - Processing file /home/airflow/.local/lib/python3.12/site-packages/airflow/example_dags/example_branch_operator_decorator.py for tasks to queue
[2026-09-24T20:24:32.357+0000] {logging_mixin.py:190} INFO - [2026-09-24T20:24:32.070+0000] {dagbag.py:588} INFO - Filling up the DagBag from /home/airflow/.local/lib/python3.12/site-packages/airflow/example_dags/example_branch_operator_decorator.py
[2026-09-24T20:24:41.350+0000] {processor.py:925} INFO - DAG(s) 'example_branch_python_operator_decorator' retrieved from /home/airflow/.local/lib/python3.12/site-packages/airflow/example_dags/example_branch_operator_decorator.py
[2026-09-24T20:24:54.374+0000] {logging_mixin.py:190} INFO - [2026-09-24T20:24:54.366+0000] {dag.py:3239} INFO - Sync 1 DAGs
[2026-09-24T20:24:58.587+0000] {logging_mixin.py:190} INFO - [2026-09-24T20:24:58.586+0000] {dag.py:4180} INFO - Setting next_dagrun for example_branch_python_operator_decorator to 2026-09-23 00:00:00+00:00, run_after=2026-09-24 00:00:00+00:00
[2026-09-24T20:25:02.041+0000] {processor.py:208} INFO - Processing /home/airflow/.local/lib/python3.12/site-packages/airflow/example_dags/example_branch_operator_decorator.py took 32.953 seconds
[2026-09-24T21:29:31.410+0000] {processor.py:186} INFO - Started process (PID=273) to work on /home/airflow/.local/lib/python3.12/site-packages/airflow/example_dags/example_branch_operator_decorator.py
[2026-09-24T21:29:31.458+0000] {processor.py:914} INFO - Processing file /home/airflow/.local/lib/python3.12/site-packages/airflow/example_dags/example_branch_operator_decorator.py for tasks to queue
[2026-09-24T21:29:31.626+0000] {logging_mixin.py:190} INFO - [2026-09-24T21:29:31.625+0000] {dagbag.py:588} INFO - Filling up the DagBag from /home/airflow/.local/lib/python3.12/site-packages/airflow/example_dags/example_branch_operator_decorator.py
[2026-09-24T21:29:33.734+0000] {processor.py:925} INFO - DAG(s) 'example_branch_python_operator_decorator' retrieved from /home/airflow/.local/lib/python3.12/site-packages/airflow/example_dags/example_branch_operator_decorator.py
[2026-09-24T21:30:46.288+0000] {logging_mixin.py:190} INFO - [2026-09-24T21:30:46.227+0000] {dag.py:3239} INFO - Sync 1 DAGs
[2026-09-24T22:29:04.333+0000] {processor.py:186} INFO - Started process (PID=296) to work on /home/airflow/.local/lib/python3.12/site-packages/airflow/example_dags/example_branch_operator_decorator.py
[2026-09-24T22:29:04.351+0000] {processor.py:914} INFO - Processing file /home/airflow/.local/lib/python3.12/site-packages/airflow/example_dags/example_branch_operator_decorator.py for tasks to queue
[2026-09-24T22:29:04.369+0000] {logging_mixin.py:190} INFO - [2026-09-24T22:29:04.368+0000] {dagbag.py:588} INFO - Filling up the DagBag from /home/airflow/.local/lib/python3.12/site-packages/airflow/example_dags/example_branch_operator_decorator.py
[2026-09-24T22:29:08.888+0000] {processor.py:925} INFO - DAG(s) 'example_branch_python_operator_decorator' retrieved from /home/airflow/.local/lib/python3.12/site-packages/airflow/example_dags/example_branch_operator_decorator.py
[2026-09-24T22:29:34.981+0000] {logging_mixin.py:190} INFO - [2026-09-24T22:29:34.973+0000] {dag.py:3239} INFO - Sync 1 DAGs
[2026-09-24T22:29:36.442+0000] {logging_mixin.py:190} INFO - [2026-09-24T22:29:36.433+0000] {dag.py:4180} INFO - Setting next_dagrun for example_branch_python_operator_decorator to 2026-09-23 00:00:00+00:00, run_after=2026-09-24 00:00:00+00:00
[2026-09-24T22:29:43.970+0000] {processor.py:208} INFO - Processing /home/airflow/.local/lib/python3.12/site-packages/airflow/example_dags/example_branch_operator_decorator.py took 40.261 seconds
