[2026-09-24T20:26:38.999+0000] {processor.py:186} INFO - Started process (PID=349) to work on /home/airflow/.local/lib/python3.12/site-packages/airflow/example_dags/example_kubernetes_executor.py
[2026-09-24T20:26:39.005+0000] {processor.py:914} INFO - Processing file /home/airflow/.local/lib/python3.12/site-packages/airflow/example_dags/example_kubernetes_executor.py for tasks to queue
[2026-09-24T20:26:39.504+0000] {logging_mixin.py:190} INFO - [2026-09-24T20:26:39.110+0000] {dagbag.py:588} INFO - Filling up the DagBag from /home/airflow/.local/lib/python3.12/site-packages/airflow/example_dags/example_kubernetes_executor.py
[2026-09-24T20:26:42.403+0000] {processor.py:925} INFO - DAG(s) 'example_kubernetes_executor' retrieved from /home/airflow/.local/lib/python3.12/site-packages/airflow/example_dags/example_kubernetes_executor.py
[2026-09-24T20:26:51.255+0000] {logging_mixin.py:190} INFO - [2026-09-24T20:26:51.232+0000] {override.py:1912} INFO - Created Permission View: can delete on DAG:example_kubernetes_executor
[2026-09-24T20:26:52.837+0000] {logging_mixin.py:190} INFO - [2026-09-24T20:26:52.836+0000] {override.py:1912} INFO - Created Permission View: can read on DAG:example_kubernetes_executor
[2026-09-24T20:26:53.842+0000] {logging_mixin.py:190} INFO - [2026-09-24T20:26:53.841+0000] {override.py:1912} INFO - Created Permission View: can edit on DAG:example_kubernetes_executor
[2026-09-24T20:26:54.028+0000] {logging_mixin.py:190} INFO - [2026-09-24T20:26:54.025+0000] {override.py:1912} INFO - Created Permission View: can delete on DAG Run:example_kubernetes_executor
[2026-09-24T20:26:54.270+0000] {logging_mixin.py:190} INFO - [2026-09-24T20:26:54.264+0000] {override.py:1912} INFO - Created Permission View: can read on DAG Run:example_kubernetes_executor
[2026-09-24T20:26:54.576+0000] {logging_mixin.py:190} INFO - [2026-09-24T20:26:54.575+0000] {override.py:1912} INFO - Created Permission View: can create on DAG Run:example_kubernetes_executor
[2026-09-24T20:26:54.766+0000] {logging_mixin.py:190} INFO - [2026-09-24T20:26:54.749+0000] {override.py:1912} INFO - Created Permission View: menu access on DAG Run:example_kubernetes_executor
[2026-09-24T20:26:54.811+0000] {logging_mixin.py:190} INFO - [2026-09-24T20:26:54.794+0000] {dag.py:3239} INFO - Sync 1 DAGs
[2026-09-24T20:27:00.419+0000] {logging_mixin.py:190} INFO - [2026-09-24T20:27:00.196+0000] {dag.py:3262} INFO - Creating ORM DAG for example_kubernetes_executor
[2026-09-24T20:27:00.623+0000] {logging_mixin.py:190} INFO - [2026-09-24T20:27:00.619+0000] {dag.py:4180} INFO - Setting next_dagrun for example_kubernetes_executor to None, run_after=None
[2026-09-24T20:27:08.000+0000] {processor.py:208} INFO - Processing /home/airflow/.local/lib/python3.12/site-packages/airflow/example_dags/example_kubernetes_executor.py took 29.051 seconds
[2026-09-24T22:33:36.317+0000] {processor.py:186} INFO - Started process (PID=352) to work on /home/airflow/.local/lib/python3.12/site-packages/airflow/example_dags/example_kubernetes_executor.py
[2026-09-24T22:33:37.739+0000] {processor.py:914} INFO - Processing file /home/airflow/.local/lib/python3.12/site-packages/airflow/example_dags/example_kubernetes_executor.py for tasks to queue
[2026-09-24T22:33:38.052+0000] {logging_mixin.py:190} INFO - [2026-09-24T22:33:37.989+0000] {dagbag.py:588} INFO - Filling up the DagBag from /home/airflow/.local/lib/python3.12/site-packages/airflow/example_dags/example_kubernetes_executor.py
[2026-09-24T22:33:44.749+0000] {processor.py:925} INFO - DAG(s) 'example_kubernetes_executor' retrieved from /home/airflow/.local/lib/python3.12/site-packages/airflow/example_dags/example_kubernetes_executor.py
[2026-09-24T22:33:46.469+0000] {logging_mixin.py:190} INFO - [2026-09-24T22:33:46.459+0000] {dag.py:3239} INFO - Sync 1 DAGs
[2026-09-24T22:33:47.074+0000] {logging_mixin.py:190} INFO - [2026-09-24T22:33:47.073+0000] {dag.py:4180} INFO - Setting next_dagrun for example_kubernetes_executor to None, run_after=None
[2026-09-24T22:33:50.549+0000] {processor.py:208} INFO - Processing /home/airflow/.local/lib/python3.12/site-packages/airflow/example_dags/example_kubernetes_executor.py took 17.385 seconds
