[2026-09-24T20:27:13.613+0000] {processor.py:186} INFO - Started process (PID=356) to work on /home/airflow/.local/lib/python3.12/site-packages/airflow/example_dags/example_workday_timetable.py
[2026-09-24T20:27:13.657+0000] {processor.py:914} INFO - Processing file /home/airflow/.local/lib/python3.12/site-packages/airflow/example_dags/example_workday_timetable.py for tasks to queue
[2026-09-24T20:27:13.676+0000] {logging_mixin.py:190} INFO - [2026-09-24T20:27:13.669+0000] {dagbag.py:588} INFO - Filling up the DagBag from /home/airflow/.local/lib/python3.12/site-packages/airflow/example_dags/example_workday_timetable.py
[2026-09-24T20:27:15.949+0000] {processor.py:925} INFO - DAG(s) 'example_workday_timetable' retrieved from /home/airflow/.local/lib/python3.12/site-packages/airflow/example_dags/example_workday_timetable.py
[2026-09-24T20:27:25.372+0000] {logging_mixin.py:190} INFO - [2026-09-24T20:27:25.363+0000] {override.py:1912} INFO - Created Permission View: can delete on DAG:example_workday_timetable
[2026-09-24T20:27:25.884+0000] {logging_mixin.py:190} INFO - [2026-09-24T20:27:25.882+0000] {override.py:1912} INFO - Created Permission View: can read on DAG:example_workday_timetable
[2026-09-24T20:27:26.392+0000] {logging_mixin.py:190} INFO - [2026-09-24T20:27:26.366+0000] {override.py:1912} INFO - Created Permission View: can edit on DAG:example_workday_timetable
[2026-09-24T20:27:27.003+0000] {logging_mixin.py:190} INFO - [2026-09-24T20:27:27.002+0000] {override.py:1912} INFO - Created Permission View: can delete on DAG Run:example_workday_timetable
[2026-09-24T20:27:27.411+0000] {logging_mixin.py:190} INFO - [2026-09-24T20:27:27.410+0000] {override.py:1912} INFO - Created Permission View: can read on DAG Run:example_workday_timetable
[2026-09-24T20:27:28.046+0000] {logging_mixin.py:190} INFO - [2026-09-24T20:27:27.977+0000] {override.py:1912} INFO - Created Permission View: can create on DAG Run:example_workday_timetable
[2026-09-24T20:27:28.506+0000] {logging_mixin.py:190} INFO - [2026-09-24T20:27:28.504+0000] {override.py:1912} INFO - Created Permission View: menu access on DAG Run:example_workday_timetable
[2026-09-24T20:27:28.528+0000] {logging_mixin.py:190} INFO - [2026-09-24T20:27:28.528+0000] {dag.py:3239} INFO - Sync 1 DAGs
[2026-09-24T20:27:29.166+0000] {logging_mixin.py:190} INFO - [2026-09-24T20:27:29.166+0000] {dag.py:3262} INFO - Creating ORM DAG for example_workday_timetable
[2026-09-24T20:27:37.809+0000] {logging_mixin.py:190} INFO - [2026-09-24T20:27:37.790+0000] {dag.py:4180} INFO - Setting next_dagrun for example_workday_timetable to 2021-01-04 00:00:00+00:00, run_after=2021-01-05 00:00:00+00:00
[2026-09-24T20:27:39.674+0000] {processor.py:208} INFO - Processing /home/airflow/.local/lib/python3.12/site-packages/airflow/example_dags/example_workday_timetable.py took 26.094 seconds
[2026-09-24T22:34:08.821+0000] {processor.py:186} INFO - Started process (PID=359) to work on /home/airflow/.local/lib/python3.12/site-packages/airflow/example_dags/example_workday_timetable.py
[2026-09-24T22:34:09.139+0000] {processor.py:914} INFO - Processing file /home/airflow/.local/lib/python3.12/site-packages/airflow/example_dags/example_workday_timetable.py for tasks to queue
[2026-09-24T22:34:09.945+0000] {logging_mixin.py:190} INFO - [2026-09-24T22:34:09.448+0000] {dagbag.py:588} INFO - Filling up the DagBag from /home/airflow/.local/lib/python3.12/site-packages/airflow/example_dags/example_workday_timetable.py
[2026-09-24T22:34:11.943+0000] {processor.py:925} INFO - DAG(s) 'example_workday_timetable' retrieved from /home/airflow/.local/lib/python3.12/site-packages/airflow/example_dags/example_workday_timetable.py
[2026-09-24T22:34:17.508+0000] {logging_mixin.py:190} INFO - [2026-09-24T22:34:17.188+0000] {dag.py:3239} INFO - Sync 1 DAGs
[2026-09-24T22:34:26.459+0000] {logging_mixin.py:190} INFO - [2026-09-24T22:34:26.444+0000] {dag.py:4180} INFO - Setting next_dagrun for example_workday_timetable to 2021-01-04 00:00:00+00:00, run_after=2021-01-05 00:00:00+00:00
[2026-09-24T22:34:50.716+0000] {processor.py:208} INFO - Processing /home/airflow/.local/lib/python3.12/site-packages/airflow/example_dags/example_workday_timetable.py took 43.200 seconds
