[2026-09-24T20:31:26.504+0000] {processor.py:186} INFO - Started process (PID=413) to work on /home/airflow/.local/lib/python3.12/site-packages/airflow/example_dags/example_subdag_operator.py
[2026-09-24T20:31:27.080+0000] {processor.py:914} INFO - Processing file /home/airflow/.local/lib/python3.12/site-packages/airflow/example_dags/example_subdag_operator.py for tasks to queue
[2026-09-24T20:31:27.880+0000] {logging_mixin.py:190} INFO - [2026-09-24T20:31:27.601+0000] {dagbag.py:588} INFO - Filling up the DagBag from /home/airflow/.local/lib/python3.12/site-packages/airflow/example_dags/example_subdag_operator.py
[2026-09-24T20:31:33.873+0000] {processor.py:925} INFO - DAG(s) 'example_subdag_operator.section-1', 'example_subdag_operator.section-2', 'example_subdag_operator' retrieved from /home/airflow/.local/lib/python3.12/site-packages/airflow/example_dags/example_subdag_operator.py
[2026-09-24T20:31:46.980+0000] {logging_mixin.py:190} INFO - [2026-09-24T20:31:46.953+0000] {override.py:1912} INFO - Created Permission View: can delete on DAG:example_subdag_operator
[2026-09-24T20:31:47.848+0000] {logging_mixin.py:190} INFO - [2026-09-24T20:31:47.834+0000] {override.py:1912} INFO - Created Permission View: can read on DAG:example_subdag_operator
[2026-09-24T20:31:48.318+0000] {logging_mixin.py:190} INFO - [2026-09-24T20:31:48.317+0000] {override.py:1912} INFO - Created Permission View: can edit on DAG:example_subdag_operator
[2026-09-24T20:31:48.506+0000] {logging_mixin.py:190} INFO - [2026-09-24T20:31:48.502+0000] {override.py:1912} INFO - Created Permission View: can delete on DAG Run:example_subdag_operator
[2026-09-24T20:31:48.572+0000] {logging_mixin.py:190} INFO - [2026-09-24T20:31:48.571+0000] {override.py:1912} INFO - Created Permission View: can read on DAG Run:example_subdag_operator
[2026-09-24T20:31:48.802+0000] {logging_mixin.py:190} INFO - [2026-09-24T20:31:48.801+0000] {override.py:1912} INFO - Created Permission View: can create on DAG Run:example_subdag_operator
[2026-09-24T20:31:49.291+0000] {logging_mixin.py:190} INFO - [2026-09-24T20:31:49.289+0000] {override.py:1912} INFO - Created Permission View: menu access on DAG Run:example_subdag_operator
[2026-09-24T20:31:49.296+0000] {logging_mixin.py:190} INFO - [2026-09-24T20:31:49.295+0000] {dag.py:3239} INFO - Sync 3 DAGs
[2026-09-24T20:31:51.331+0000] {logging_mixin.py:190} INFO - [2026-09-24T20:31:51.254+0000] {dag.py:3262} INFO - Creating ORM DAG for example_subdag_operator
[2026-09-24T20:31:51.845+0000] {logging_mixin.py:190} INFO - [2026-09-24T20:31:51.844+0000] {dag.py:3262} INFO - Creating ORM DAG for example_subdag_operator.section-1
[2026-09-24T20:31:51.893+0000] {logging_mixin.py:190} INFO - [2026-09-24T20:31:51.892+0000] {dag.py:3262} INFO - Creating ORM DAG for example_subdag_operator.section-2
[2026-09-24T20:31:53.297+0000] {logging_mixin.py:190} INFO - [2026-09-24T20:31:53.297+0000] {dag.py:4180} INFO - Setting next_dagrun for example_subdag_operator to 2022-01-01 00:00:00+00:00, run_after=2022-01-01 00:00:00+00:00
[2026-09-24T20:31:53.329+0000] {logging_mixin.py:190} INFO - [2026-09-24T20:31:53.328+0000] {dag.py:4180} INFO - Setting next_dagrun for example_subdag_operator.section-1 to None, run_after=None
[2026-09-24T20:31:53.336+0000] {logging_mixin.py:190} INFO - [2026-09-24T20:31:53.335+0000] {dag.py:4180} INFO - Setting next_dagrun for example_subdag_operator.section-2 to None, run_after=None
[2026-09-24T20:31:54.414+0000] {logging_mixin.py:190} INFO - [2026-09-24T20:31:54.413+0000] {dag.py:3239} INFO - Sync 2 DAGs
[2026-09-24T20:31:55.113+0000] {logging_mixin.py:190} INFO - [2026-09-24T20:31:55.110+0000] {dag.py:4180} INFO - Setting next_dagrun for example_subdag_operator.section-1 to None, run_after=None
[2026-09-24T20:31:56.093+0000] {logging_mixin.py:190} INFO - [2026-09-24T20:31:56.057+0000] {dag.py:4180} INFO - Setting next_dagrun for example_subdag_operator.section-2 to None, run_after=None
[2026-09-24T20:32:00.079+0000] {processor.py:208} INFO - Processing /home/airflow/.local/lib/python3.12/site-packages/airflow/example_dags/example_subdag_operator.py took 34.604 seconds
