[2026-09-24T19:52:53.394+0000] {processor.py:186} INFO - Started process (PID=105) to work on /home/airflow/.local/lib/python3.12/site-packages/airflow/example_dags/example_dag_decorator.py
[2026-09-24T19:52:53.615+0000] {processor.py:914} INFO - Processing file /home/airflow/.local/lib/python3.12/site-packages/airflow/example_dags/example_dag_decorator.py for tasks to queue
[2026-09-24T19:52:53.901+0000] {logging_mixin.py:190} INFO - [2026-09-24T19:52:53.722+0000] {dagbag.py:588} INFO - Filling up the DagBag from /home/airflow/.local/lib/python3.12/site-packages/airflow/example_dags/example_dag_decorator.py
[2026-09-24T19:53:20.318+0000] {processor.py:925} INFO - DAG(s) 'example_dag_decorator' retrieved from /home/airflow/.local/lib/python3.12/site-packages/airflow/example_dags/example_dag_decorator.py
[2026-09-24T19:53:23.295+0000] {logging_mixin.py:190} INFO - [2026-09-24T19:53:23.258+0000] {override.py:1912} INFO - Created Permission View: can edit on DAG:example_dag_decorator
[2026-09-24T19:53:23.461+0000] {logging_mixin.py:190} INFO - [2026-09-24T19:53:23.460+0000] {override.py:1912} INFO - Created Permission View: can delete on DAG:example_dag_decorator
[2026-09-24T19:53:23.511+0000] {logging_mixin.py:190} INFO - [2026-09-24T19:53:23.510+0000] {override.py:1912} INFO - Created Permission View: can read on DAG:example_dag_decorator
[2026-09-24T19:53:23.591+0000] {logging_mixin.py:190} INFO - [2026-09-24T19:53:23.590+0000] {override.py:1912} INFO - Created Permission View: can create on DAG Run:example_dag_decorator
[2026-09-24T19:53:23.693+0000] {logging_mixin.py:190} INFO - [2026-09-24T19:53:23.663+0000] {override.py:1912} INFO - Created Permission View: can delete on DAG Run:example_dag_decorator
[2026-09-24T19:53:23.722+0000] {logging_mixin.py:190} INFO - [2026-09-24T19:53:23.721+0000] {override.py:1912} INFO - Created Permission View: menu access on DAG Run:example_dag_decorator
[2026-09-24T19:53:23.802+0000] {logging_mixin.py:190} INFO - [2026-09-24T19:53:23.801+0000] {override.py:1912} INFO - Created Permission View: can read on DAG Run:example_dag_decorator
[2026-09-24T19:53:23.808+0000] {logging_mixin.py:190} INFO - [2026-09-24T19:53:23.805+0000] {dag.py:3239} INFO - Sync 1 DAGs
[2026-09-24T19:53:23.967+0000] {logging_mixin.py:190} INFO - [2026-09-24T19:53:23.966+0000] {dag.py:3262} INFO - Creating ORM DAG for example_dag_decorator
[2026-09-24T19:53:24.252+0000] {logging_mixin.py:190} INFO - [2026-09-24T19:53:24.252+0000] {dag.py:4180} INFO - Setting next_dagrun for example_dag_decorator to None, run_after=None
[2026-09-24T19:53:24.968+0000] {processor.py:208} INFO - Processing /home/airflow/.local/lib/python3.12/site-packages/airflow/example_dags/example_dag_decorator.py took 31.768 seconds
[2026-09-24T20:25:44.064+0000] {processor.py:186} INFO - Started process (PID=336) to work on /home/airflow/.local/lib/python3.12/site-packages/airflow/example_dags/example_dag_decorator.py
[2026-09-24T20:25:44.377+0000] {processor.py:914} INFO - Processing file /home/airflow/.local/lib/python3.12/site-packages/airflow/example_dags/example_dag_decorator.py for tasks to queue
[2026-09-24T20:25:44.418+0000] {logging_mixin.py:190} INFO - [2026-09-24T20:25:44.418+0000] {dagbag.py:588} INFO - Filling up the DagBag from /home/airflow/.local/lib/python3.12/site-packages/airflow/example_dags/example_dag_decorator.py
[2026-09-24T20:25:58.875+0000] {processor.py:925} INFO - DAG(s) 'example_dag_decorator' retrieved from /home/airflow/.local/lib/python3.12/site-packages/airflow/example_dags/example_dag_decorator.py
[2026-09-24T20:26:08.047+0000] {logging_mixin.py:190} INFO - [2026-09-24T20:26:08.046+0000] {dag.py:3239} INFO - Sync 1 DAGs
[2026-09-24T20:26:08.910+0000] {logging_mixin.py:190} INFO - [2026-09-24T20:26:08.909+0000] {dag.py:4180} INFO - Setting next_dagrun for example_dag_decorator to None, run_after=None
[2026-09-24T20:26:09.377+0000] {processor.py:208} INFO - Processing /home/airflow/.local/lib/python3.12/site-packages/airflow/example_dags/example_dag_decorator.py took 25.715 seconds
[2026-09-24T22:31:46.045+0000] {processor.py:186} INFO - Started process (PID=328) to work on /home/airflow/.local/lib/python3.12/site-packages/airflow/example_dags/example_dag_decorator.py
[2026-09-24T22:31:46.093+0000] {processor.py:914} INFO - Processing file /home/airflow/.local/lib/python3.12/site-packages/airflow/example_dags/example_dag_decorator.py for tasks to queue
[2026-09-24T22:31:46.452+0000] {logging_mixin.py:190} INFO - [2026-09-24T22:31:46.337+0000] {dagbag.py:588} INFO - Filling up the DagBag from /home/airflow/.local/lib/python3.12/site-packages/airflow/example_dags/example_dag_decorator.py
[2026-09-24T22:32:16.694+0000] {logging_mixin.py:190} INFO - [2026-09-24T22:32:16.653+0000] {timeout.py:68} ERROR - Process timed out, PID: 328
[2026-09-24T22:32:16.861+0000] {logging_mixin.py:190} INFO - [2026-09-24T22:32:16.717+0000] {dagbag.py:387} ERROR - Failed to import: /home/airflow/.local/lib/python3.12/site-packages/airflow/example_dags/example_dag_decorator.py
Traceback (most recent call last):
  File "/home/airflow/.local/lib/python3.12/site-packages/airflow/models/dagbag.py", line 383, in parse
    loader.exec_module(new_module)
  File "<frozen importlib._bootstrap_external>", line 999, in exec_module
  File "<frozen importlib._bootstrap>", line 488, in _call_with_frames_removed
  File "/home/airflow/.local/lib/python3.12/site-packages/airflow/example_dags/example_dag_decorator.py", line 22, in <module>
    import httpx
  File "/home/airflow/.local/lib/python3.12/site-packages/httpx/__init__.py", line 2, in <module>
    from ._api import delete, get, head, options, patch, post, put, request, stream
  File "/home/airflow/.local/lib/python3.12/site-packages/httpx/_api.py", line 6, in <module>
    from ._client import Client
  File "/home/airflow/.local/lib/python3.12/site-packages/httpx/_client.py", line 32, in <module>
    from ._transports.default import AsyncHTTPTransport, HTTPTransport
  File "/home/airflow/.local/lib/python3.12/site-packages/httpx/_transports/default.py", line 32, in <module>
    import httpcore
  File "/home/airflow/.local/lib/python3.12/site-packages/httpcore/__init__.py", line 64, in <module>
    from ._backends.trio import TrioBackend
  File "<frozen importlib._bootstrap>", line 1360, in _find_and_load
  File "<frozen importlib._bootstrap>", line 1331, in _find_and_load_unlocked
  File "<frozen importlib._bootstrap>", line 935, in _load_unlocked
  File "<frozen importlib._bootstrap_external>", line 995, in exec_module
  File "<frozen importlib._bootstrap_external>", line 1128, in get_code
  File "<frozen importlib._bootstrap_external>", line 757, in _compile_bytecode
  File "/home/airflow/.local/lib/python3.12/site-packages/airflow/utils/timeout.py", line 69, in handle_timeout
    raise AirflowTaskTimeout(self.error_message)
airflow.exceptions.AirflowTaskTimeout: DagBag import timeout for /home/airflow/.local/lib/python3.12/site-packages/airflow/example_dags/example_dag_decorator.py after 30.0s.
Please take a look at these docs to improve your DAG import time:
* https://airflow.apache.org/docs/apache-airflow/2.10.5/best-practices.html#top-level-python-code
* https://airflow.apache.org/docs/apache-airflow/2.10.5/best-practices.html#reducing-dag-complexity, PID: 328
[2026-09-24T22:32:17.034+0000] {processor.py:927} WARNING - No viable dags retrieved from /home/airflow/.local/lib/python3.12/site-packages/airflow/example_dags/example_dag_decorator.py
[2026-09-24T22:32:22.596+0000] {processor.py:208} INFO - Processing /home/airflow/.local/lib/python3.12/site-packages/airflow/example_dags/example_dag_decorator.py took 37.354 seconds
