[2026-09-24T19:49:50.078+0000] {processor.py:186} INFO - Started process (PID=57) to work on /home/airflow/.local/lib/python3.12/site-packages/airflow/example_dags/tutorial_objectstorage.py
[2026-09-24T19:49:50.144+0000] {processor.py:914} INFO - Processing file /home/airflow/.local/lib/python3.12/site-packages/airflow/example_dags/tutorial_objectstorage.py for tasks to queue
[2026-09-24T19:49:50.181+0000] {logging_mixin.py:190} INFO - [2026-09-24T19:49:50.180+0000] {dagbag.py:588} INFO - Filling up the DagBag from /home/airflow/.local/lib/python3.12/site-packages/airflow/example_dags/tutorial_objectstorage.py
[2026-09-24T19:49:50.338+0000] {processor.py:925} INFO - DAG(s) 'tutorial_objectstorage' retrieved from /home/airflow/.local/lib/python3.12/site-packages/airflow/example_dags/tutorial_objectstorage.py
[2026-09-24T19:49:54.920+0000] {logging_mixin.py:190} INFO - [2026-09-24T19:49:54.919+0000] {override.py:1912} INFO - Created Permission View: can edit on DAG:tutorial_objectstorage
[2026-09-24T19:49:55.097+0000] {logging_mixin.py:190} INFO - [2026-09-24T19:49:55.096+0000] {override.py:1912} INFO - Created Permission View: can delete on DAG:tutorial_objectstorage
[2026-09-24T19:49:55.172+0000] {logging_mixin.py:190} INFO - [2026-09-24T19:49:55.171+0000] {override.py:1912} INFO - Created Permission View: can read on DAG:tutorial_objectstorage
[2026-09-24T19:49:55.250+0000] {logging_mixin.py:190} INFO - [2026-09-24T19:49:55.248+0000] {override.py:1912} INFO - Created Permission View: can create on DAG Run:tutorial_objectstorage
[2026-09-24T19:49:55.378+0000] {logging_mixin.py:190} INFO - [2026-09-24T19:49:55.365+0000] {override.py:1912} INFO - Created Permission View: can delete on DAG Run:tutorial_objectstorage
[2026-09-24T19:49:55.549+0000] {logging_mixin.py:190} INFO - [2026-09-24T19:49:55.538+0000] {override.py:1912} INFO - Created Permission View: menu access on DAG Run:tutorial_objectstorage
[2026-09-24T19:49:55.683+0000] {logging_mixin.py:190} INFO - [2026-09-24T19:49:55.682+0000] {override.py:1912} INFO - Created Permission View: can read on DAG Run:tutorial_objectstorage
[2026-09-24T19:49:55.708+0000] {logging_mixin.py:190} INFO - [2026-09-24T19:49:55.690+0000] {dag.py:3239} INFO - Sync 1 DAGs
[2026-09-24T19:49:56.601+0000] {logging_mixin.py:190} INFO - [2026-09-24T19:49:56.600+0000] {dag.py:3262} INFO - Creating ORM DAG for tutorial_objectstorage
[2026-09-24T19:49:56.606+0000] {logging_mixin.py:190} INFO - [2026-09-24T19:49:56.603+0000] {dag.py:4180} INFO - Setting next_dagrun for tutorial_objectstorage to None, run_after=None
[2026-09-24T19:49:56.746+0000] {processor.py:208} INFO - Processing /home/airflow/.local/lib/python3.12/site-packages/airflow/example_dags/tutorial_objectstorage.py took 6.778 seconds
[2026-09-24T20:23:42.459+0000] {processor.py:186} INFO - Started process (PID=298) to work on /home/airflow/.local/lib/python3.12/site-packages/airflow/example_dags/tutorial_objectstorage.py
[2026-09-24T20:23:42.965+0000] {processor.py:914} INFO - Processing file /home/airflow/.local/lib/python3.12/site-packages/airflow/example_dags/tutorial_objectstorage.py for tasks to queue
[2026-09-24T20:23:43.010+0000] {logging_mixin.py:190} INFO - [2026-09-24T20:23:43.009+0000] {dagbag.py:588} INFO - Filling up the DagBag from /home/airflow/.local/lib/python3.12/site-packages/airflow/example_dags/tutorial_objectstorage.py
[2026-09-24T20:23:43.973+0000] {processor.py:925} INFO - DAG(s) 'tutorial_objectstorage' retrieved from /home/airflow/.local/lib/python3.12/site-packages/airflow/example_dags/tutorial_objectstorage.py
[2026-09-24T20:23:47.750+0000] {logging_mixin.py:190} INFO - [2026-09-24T20:23:47.748+0000] {dag.py:3239} INFO - Sync 1 DAGs
[2026-09-24T20:23:53.928+0000] {logging_mixin.py:190} INFO - [2026-09-24T20:23:53.926+0000] {dag.py:4180} INFO - Setting next_dagrun for tutorial_objectstorage to None, run_after=None
[2026-09-24T20:23:56.388+0000] {processor.py:208} INFO - Processing /home/airflow/.local/lib/python3.12/site-packages/airflow/example_dags/tutorial_objectstorage.py took 15.759 seconds
[2026-09-24T21:27:20.421+0000] {processor.py:186} INFO - Started process (PID=249) to work on /home/airflow/.local/lib/python3.12/site-packages/airflow/example_dags/tutorial_objectstorage.py
[2026-09-24T21:27:20.486+0000] {processor.py:914} INFO - Processing file /home/airflow/.local/lib/python3.12/site-packages/airflow/example_dags/tutorial_objectstorage.py for tasks to queue
[2026-09-24T21:27:20.639+0000] {logging_mixin.py:190} INFO - [2026-09-24T21:27:20.638+0000] {dagbag.py:588} INFO - Filling up the DagBag from /home/airflow/.local/lib/python3.12/site-packages/airflow/example_dags/tutorial_objectstorage.py
[2026-09-24T21:27:22.026+0000] {processor.py:925} INFO - DAG(s) 'tutorial_objectstorage' retrieved from /home/airflow/.local/lib/python3.12/site-packages/airflow/example_dags/tutorial_objectstorage.py
[2026-09-24T21:27:36.260+0000] {logging_mixin.py:190} INFO - [2026-09-24T21:27:36.233+0000] {dag.py:3239} INFO - Sync 1 DAGs
[2026-09-24T21:27:37.923+0000] {logging_mixin.py:190} INFO - [2026-09-24T21:27:37.884+0000] {dag.py:4180} INFO - Setting next_dagrun for tutorial_objectstorage to None, run_after=None
[2026-09-24T21:27:38.372+0000] {processor.py:208} INFO - Processing /home/airflow/.local/lib/python3.12/site-packages/airflow/example_dags/tutorial_objectstorage.py took 18.842 seconds
[2026-09-24T22:27:02.451+0000] {processor.py:186} INFO - Started process (PID=275) to work on /home/airflow/.local/lib/python3.12/site-packages/airflow/example_dags/tutorial_objectstorage.py
[2026-09-24T22:27:02.471+0000] {processor.py:914} INFO - Processing file /home/airflow/.local/lib/python3.12/site-packages/airflow/example_dags/tutorial_objectstorage.py for tasks to queue
[2026-09-24T22:27:02.649+0000] {logging_mixin.py:190} INFO - [2026-09-24T22:27:02.626+0000] {dagbag.py:588} INFO - Filling up the DagBag from /home/airflow/.local/lib/python3.12/site-packages/airflow/example_dags/tutorial_objectstorage.py
[2026-09-24T22:27:03.716+0000] {processor.py:925} INFO - DAG(s) 'tutorial_objectstorage' retrieved from /home/airflow/.local/lib/python3.12/site-packages/airflow/example_dags/tutorial_objectstorage.py
[2026-09-24T22:27:23.979+0000] {logging_mixin.py:190} INFO - [2026-09-24T22:27:23.938+0000] {dag.py:3239} INFO - Sync 1 DAGs
[2026-09-24T22:27:24.292+0000] {logging_mixin.py:190} INFO - [2026-09-24T22:27:24.288+0000] {dag.py:4180} INFO - Setting next_dagrun for tutorial_objectstorage to None, run_after=None
[2026-09-24T22:27:34.049+0000] {processor.py:208} INFO - Processing /home/airflow/.local/lib/python3.12/site-packages/airflow/example_dags/tutorial_objectstorage.py took 31.821 seconds
