[2026-09-24T19:51:11.069+0000] {processor.py:186} INFO - Started process (PID=78) to work on /home/airflow/.local/lib/python3.12/site-packages/airflow/example_dags/tutorial_taskflow_api_virtualenv.py
[2026-09-24T19:51:11.094+0000] {processor.py:914} INFO - Processing file /home/airflow/.local/lib/python3.12/site-packages/airflow/example_dags/tutorial_taskflow_api_virtualenv.py for tasks to queue
[2026-09-24T19:51:11.262+0000] {logging_mixin.py:190} INFO - [2026-09-24T19:51:11.261+0000] {dagbag.py:588} INFO - Filling up the DagBag from /home/airflow/.local/lib/python3.12/site-packages/airflow/example_dags/tutorial_taskflow_api_virtualenv.py
[2026-09-24T19:51:15.904+0000] {processor.py:925} INFO - DAG(s) 'tutorial_taskflow_api_virtualenv' retrieved from /home/airflow/.local/lib/python3.12/site-packages/airflow/example_dags/tutorial_taskflow_api_virtualenv.py
[2026-09-24T19:51:23.156+0000] {logging_mixin.py:190} INFO - [2026-09-24T19:51:23.153+0000] {override.py:1912} INFO - Created Permission View: can edit on DAG:tutorial_taskflow_api_virtualenv
[2026-09-24T19:51:25.071+0000] {logging_mixin.py:190} INFO - [2026-09-24T19:51:25.020+0000] {override.py:1912} INFO - Created Permission View: can delete on DAG:tutorial_taskflow_api_virtualenv
[2026-09-24T19:51:25.411+0000] {logging_mixin.py:190} INFO - [2026-09-24T19:51:25.374+0000] {override.py:1912} INFO - Created Permission View: can read on DAG:tutorial_taskflow_api_virtualenv
[2026-09-24T19:51:25.840+0000] {logging_mixin.py:190} INFO - [2026-09-24T19:51:25.838+0000] {override.py:1912} INFO - Created Permission View: can create on DAG Run:tutorial_taskflow_api_virtualenv
[2026-09-24T19:51:26.262+0000] {logging_mixin.py:190} INFO - [2026-09-24T19:51:26.224+0000] {override.py:1912} INFO - Created Permission View: can delete on DAG Run:tutorial_taskflow_api_virtualenv
[2026-09-24T19:51:26.471+0000] {logging_mixin.py:190} INFO - [2026-09-24T19:51:26.470+0000] {override.py:1912} INFO - Created Permission View: menu access on DAG Run:tutorial_taskflow_api_virtualenv
[2026-09-24T19:51:26.682+0000] {logging_mixin.py:190} INFO - [2026-09-24T19:51:26.681+0000] {override.py:1912} INFO - Created Permission View: can read on DAG Run:tutorial_taskflow_api_virtualenv
[2026-09-24T19:51:26.755+0000] {logging_mixin.py:190} INFO - [2026-09-24T19:51:26.724+0000] {dag.py:3239} INFO - Sync 1 DAGs
[2026-09-24T19:51:27.507+0000] {logging_mixin.py:190} INFO - [2026-09-24T19:51:27.506+0000] {dag.py:3262} INFO - Creating ORM DAG for tutorial_taskflow_api_virtualenv
[2026-09-24T19:51:27.606+0000] {logging_mixin.py:190} INFO - [2026-09-24T19:51:27.552+0000] {dag.py:4180} INFO - Setting next_dagrun for tutorial_taskflow_api_virtualenv to None, run_after=None
[2026-09-24T19:51:28.246+0000] {processor.py:208} INFO - Processing /home/airflow/.local/lib/python3.12/site-packages/airflow/example_dags/tutorial_taskflow_api_virtualenv.py took 17.433 seconds
[2026-09-24T20:24:18.869+0000] {processor.py:186} INFO - Started process (PID=309) to work on /home/airflow/.local/lib/python3.12/site-packages/airflow/example_dags/tutorial_taskflow_api_virtualenv.py
[2026-09-24T20:24:19.050+0000] {processor.py:914} INFO - Processing file /home/airflow/.local/lib/python3.12/site-packages/airflow/example_dags/tutorial_taskflow_api_virtualenv.py for tasks to queue
[2026-09-24T20:24:19.489+0000] {logging_mixin.py:190} INFO - [2026-09-24T20:24:19.448+0000] {dagbag.py:588} INFO - Filling up the DagBag from /home/airflow/.local/lib/python3.12/site-packages/airflow/example_dags/tutorial_taskflow_api_virtualenv.py
[2026-09-24T20:24:21.402+0000] {processor.py:925} INFO - DAG(s) 'tutorial_taskflow_api_virtualenv' retrieved from /home/airflow/.local/lib/python3.12/site-packages/airflow/example_dags/tutorial_taskflow_api_virtualenv.py
[2026-09-24T20:24:43.801+0000] {logging_mixin.py:190} INFO - [2026-09-24T20:24:43.800+0000] {dag.py:3239} INFO - Sync 1 DAGs
[2026-09-24T20:24:44.786+0000] {logging_mixin.py:190} INFO - [2026-09-24T20:24:44.785+0000] {dag.py:4180} INFO - Setting next_dagrun for tutorial_taskflow_api_virtualenv to None, run_after=None
[2026-09-24T20:24:46.739+0000] {processor.py:208} INFO - Processing /home/airflow/.local/lib/python3.12/site-packages/airflow/example_dags/tutorial_taskflow_api_virtualenv.py took 28.858 seconds
[2026-09-24T21:29:30.923+0000] {processor.py:186} INFO - Started process (PID=272) to work on /home/airflow/.local/lib/python3.12/site-packages/airflow/example_dags/tutorial_taskflow_api_virtualenv.py
[2026-09-24T21:29:30.982+0000] {processor.py:914} INFO - Processing file /home/airflow/.local/lib/python3.12/site-packages/airflow/example_dags/tutorial_taskflow_api_virtualenv.py for tasks to queue
[2026-09-24T21:29:31.183+0000] {logging_mixin.py:190} INFO - [2026-09-24T21:29:31.035+0000] {dagbag.py:588} INFO - Filling up the DagBag from /home/airflow/.local/lib/python3.12/site-packages/airflow/example_dags/tutorial_taskflow_api_virtualenv.py
[2026-09-24T21:29:33.438+0000] {processor.py:925} INFO - DAG(s) 'tutorial_taskflow_api_virtualenv' retrieved from /home/airflow/.local/lib/python3.12/site-packages/airflow/example_dags/tutorial_taskflow_api_virtualenv.py
[2026-09-24T22:29:01.320+0000] {processor.py:186} INFO - Started process (PID=295) to work on /home/airflow/.local/lib/python3.12/site-packages/airflow/example_dags/tutorial_taskflow_api_virtualenv.py
[2026-09-24T22:29:01.401+0000] {processor.py:914} INFO - Processing file /home/airflow/.local/lib/python3.12/site-packages/airflow/example_dags/tutorial_taskflow_api_virtualenv.py for tasks to queue
[2026-09-24T22:29:01.519+0000] {logging_mixin.py:190} INFO - [2026-09-24T22:29:01.490+0000] {dagbag.py:588} INFO - Filling up the DagBag from /home/airflow/.local/lib/python3.12/site-packages/airflow/example_dags/tutorial_taskflow_api_virtualenv.py
[2026-09-24T22:29:03.195+0000] {processor.py:925} INFO - DAG(s) 'tutorial_taskflow_api_virtualenv' retrieved from /home/airflow/.local/lib/python3.12/site-packages/airflow/example_dags/tutorial_taskflow_api_virtualenv.py
[2026-09-24T22:29:37.023+0000] {logging_mixin.py:190} INFO - [2026-09-24T22:29:37.011+0000] {dag.py:3239} INFO - Sync 1 DAGs
[2026-09-24T22:29:38.201+0000] {logging_mixin.py:190} INFO - [2026-09-24T22:29:38.201+0000] {dag.py:4180} INFO - Setting next_dagrun for tutorial_taskflow_api_virtualenv to None, run_after=None
[2026-09-24T22:29:44.022+0000] {processor.py:208} INFO - Processing /home/airflow/.local/lib/python3.12/site-packages/airflow/example_dags/tutorial_taskflow_api_virtualenv.py took 44.363 seconds
